[2026-06-30 09:45:23] 🔐 Login ke V-Class...
[2026-06-30 09:45:23] ✅ Login berhasil
[2026-06-30 09:45:23] 📚 Mengambil mata kuliah ID 108486 ...
[2026-06-30 09:45:23]   ➤ ATA 2025/2026 | 3KB01 | Jaringan Komputer Lanjut | VIVIEN NOVA FITHRIANA
[2026-06-30 09:45:23]      • [Materi] Announcements Forum → Deadline: -
[2026-06-30 09:45:27]      • [Materi] M1 File → Deadline: -
[2026-06-30 09:45:32]      • [Materi] M2 File → Deadline: -
[2026-06-30 09:45:36]      • [Materi] M3 File → Deadline: -
[2026-06-30 09:45:40]      • [Materi] M4 File → Deadline: -
[2026-06-30 09:45:45]      • [Materi] M5 File → Deadline: -
[2026-06-30 09:45:50]      • [Materi] M6 File → Deadline: -
[2026-06-30 09:45:55]      • [Materi] M7 File → Deadline: -
[2026-06-30 09:45:59]      • [Materi] VC-1 : Traffic dan Algoritma Kendali Kemacetan File → Deadline: -
[2026-06-30 09:46:04]      • [Materi] VC-1 : Traffic dan Algoritma Kendali Kemacetan File → Deadline: -
[2026-06-30 09:46:07]      • [Materi] Forum VC-1 : Traffic dan Algoritma Kendali Kemacetan → Deadline: -
[2026-06-30 09:46:12]      • [Quiz] Latihan Soal VC-1 : Traffic dan Algoritma Kendali Kemacetan → Deadline: Tidak diketahui
[2026-06-30 09:46:16]      • [Materi] VC-2 : Traffic dan Algoritma Kendali Kemacetan - Bagian 2 File → Deadline: -
[2026-06-30 09:46:20]      • [Materi] Forum VC-2 : Traffic dan Algoritma Kendali Kemacetan - Bagian 2 → Deadline: -
[2026-06-30 09:46:24]      • [Quiz] Latihan Soal VC-2 : Traffic dan Algoritma Kendali Kemacetan - Bagian 2 → Deadline: Tidak diketahui
[2026-06-30 09:46:29]      • [Materi] VC-3 : Lapisan Transport File → Deadline: -
[2026-06-30 09:46:34]      • [Materi] Forum VC-3 : Lapisan Transport → Deadline: -
[2026-06-30 09:46:39]      • [Quiz] Latihan Soal VC-3 : Lapisan Transport → Deadline: Wednesday, 15 July 2026, 11:59 PM
[2026-06-30 09:46:43] 📚 Mengambil mata kuliah ID 108172 ...
[2026-06-30 09:46:43]   ➤ ATA 2025/2026 | 3KB01 | Internet of Things (IoT) | PURNAWARMAN MUSA
[2026-06-30 09:46:43]      • [Materi] Announcements Forum → Deadline: -
[2026-06-30 09:46:46]      • [Materi] M6 File → Deadline: -
[2026-06-30 09:46:51]      • [Quiz] Soal (Tugas Individu) → Deadline: Tidak diketahui
[2026-06-30 09:46:56]      • [Quiz] Soal (Tugas Individu) → Deadline: Tidak diketahui
[2026-06-30 09:46:59] 📚 Mengambil mata kuliah ID 109563 ...
[2026-06-30 09:47:00]   ➤ ATA 2025/2026 | 3KB01 | Sistem Tertanam (Embedded) * | RIDHA ISKANDAR
[2026-06-30 09:47:00]      • [Materi] Selamat Datang di V-Class Sistem Tertanam (Embedded) Forum → Deadline: -
[2026-06-30 09:47:03]      • [Assignment] File 1 → Deadline: Sunday, 26 April 2026, 12:00 AM
[2026-06-30 09:47:07] 📚 Mengambil mata kuliah ID 109970 ...
[2026-06-30 09:47:08]   ➤ ATA 2025/2026 | 2EB10 | Bahasa Indonesia | MELANIAWATI
[2026-06-30 09:47:08] 📚 Mengambil mata kuliah ID 107919 ...
[2026-06-30 09:47:08]   ➤ ATA 2025/2026 | 3KB01 | Sistem Cerdas Lanjut | NUR SULTAN SALAHUDDIN
[2026-06-30 09:47:08]      • [Materi] Announcements Forum → Deadline: -
[2026-06-30 09:47:12]      • [Assignment] Sistem Kesehatan Cerdas → Deadline: Thursday, 21 May 2026, 12:00 AM
[2026-06-30 09:47:16]      • [Quiz] Sistem Kesehatan Cerdas → Deadline: Tidak diketahui
[2026-06-30 09:47:20] 📚 Mengambil mata kuliah ID 107291 ...
[2026-06-30 09:47:20]   ➤ ATA 2025/2026 | 3KB01 | Pengantarmukaan Perif.Komputer * | FARID THALIB
[2026-06-30 09:47:20]      • [Materi] Announcements Forum → Deadline: -
[2026-06-30 09:47:25] 📚 Mengambil mata kuliah ID 104438 ...
[2026-06-30 09:47:25]   ➤ ATA 2025/2026 | 3-FIKTI | Terapan Teori Graf | TEAM TEACHING
[2026-06-30 09:47:25]      • [Materi] PEMBERITAHUAN UTS SUSULAN File → Deadline: -
[2026-06-30 09:47:30]      • [Materi] PEMBERITAHUAN PELAKSANAAN TEAM TEACHING TERAPAN TEORI GRAF Forum → Deadline: -
[2026-06-30 09:47:34]      • [Materi] M1: Pendahuluan Teori Graf File → Deadline: -
[2026-06-30 09:47:38]      • [Materi] Video Literasi M1: Pendahuluan Teori Graf URL → Deadline: -
[2026-06-30 09:47:44]      • [Quiz] Kuis M1 [kelas PAGI] → Deadline: Tidak diketahui
[2026-06-30 09:47:47]      • [Quiz] Kuis M1 [kelas MALAM] → Deadline: Tidak diketahui
[2026-06-30 09:47:51]      • [Materi] M2: Graf Tidak Berarah dan Graf Berbobot File → Deadline: -
[2026-06-30 09:47:55]      • [Materi] Video Literasi M2 : Graf Tidak Berarah dan Graf Berbobot URL → Deadline: -
[2026-06-30 09:47:59]      • [Quiz] Kuis M2 [KELAS PAGI] : Graf Tidak Berarah dan Graf Berbobot → Deadline: Tidak diketahui
[2026-06-30 09:48:04]      • [Quiz] Kuis M2 [KELAS MALAM] : Graf Tidak Berarah dan Graf Berbobot → Deadline: Tidak diketahui
[2026-06-30 09:48:08]      • [Materi] M4 : Aplikasi Teori Graf di Teknik Elektro File → Deadline: -
[2026-06-30 09:48:13]      • [Materi] Video Literasi M4 : Aplikasi Teori Graf di Teknik Elektro URL → Deadline: -
[2026-06-30 09:48:17]      • [Quiz] Kuis M4 [KELAS PAGI]: Aplikasi Teori Graf di Teknik Elektro → Deadline: Tidak diketahui
[2026-06-30 09:48:22]      • [Quiz] Kuis M4 [KELAS MALAM]: Aplikasi Teori Graf di Teknik Elektro → Deadline: Tidak diketahui
[2026-06-30 09:48:27]      • [Materi] M5 : Knowledge Graph dan Database Graph File → Deadline: -
[2026-06-30 09:48:31]      • [Materi] Video Literasi  M5 : Knowledge Graph dan Database Graph URL → Deadline: -
[2026-06-30 09:48:36]      • [Quiz] Kuis M5 [KELAS PAGI] : nowledge Graph dan Database Graph → Deadline: Tidak diketahui
[2026-06-30 09:48:41]      • [Quiz] Kuis M5 [KELAS MALAM] : Knowledge Graph dan Database Graph → Deadline: Tidak diketahui
[2026-06-30 09:48:45]      • [Materi] M6 : Graf Berarah dan Implementasinya File → Deadline: -
[2026-06-30 09:48:48]      • [Materi] Video Literasi M6 : Graf Berarah dan Implementasinya URL → Deadline: -
[2026-06-30 09:48:53]      • [Quiz] Kuis M6 [KELAS PAGI] : Graf Berarah dan Implementasinya → Deadline: Tidak diketahui
[2026-06-30 09:48:57]      • [Quiz] Kuis M6 [KELAS MALAM] : Graf Berarah dan Implementasinya → Deadline: Tidak diketahui
[2026-06-30 09:49:00]      • [Materi] M8 : Penerapan Teori Graf di Bidang Teknik Sipil File → Deadline: -
[2026-06-30 09:49:05]      • [Materi] Video Literasi M8 : Penerapan Teori Graf di Bidang Teknik Sipil URL → Deadline: -
[2026-06-30 09:49:10]      • [Quiz] Kuis M8 [KELAS PAGI] : Penerapan Teori Graf di Bidang Teknik Sipil → Deadline: Tidak diketahui
[2026-06-30 09:49:15]      • [Quiz] Kuis M8 [KELAS MALAM] : Penerapan Teori Graf di Bidang Teknik Sipil → Deadline: Tidak diketahui
[2026-06-30 09:49:19]      • [Materi] M10 : Penerapan Teori Graf  di Bidang Teknik Industri File → Deadline: -
[2026-06-30 09:49:23]      • [Materi] Video Literasi M10 : Penerapan Teori Graf  di Bidang Teknik Industri URL → Deadline: -
[2026-06-30 09:49:28]      • [Quiz] Kuis M10 [kelas pagi] : Penerapan Teori Graf  di Bidang Teknik Industri → Deadline: Tidak diketahui
[2026-06-30 09:49:32]      • [Quiz] Kuis M10 [kelas malam]: Penerapan Teori Graf  di Bidang Teknik Industri → Deadline: Tidak diketahui
[2026-06-30 09:49:37]      • [Materi] M11 : Program Dinamis dan Permasalahan Tata Letak Fasilitas File → Deadline: -
[2026-06-30 09:49:42]      • [Materi] video literasi : Program Dinamis dan Permasalahan Tata Letak Fasilitas URL → Deadline: -
[2026-06-30 09:49:46]      • [Quiz] Kuis M11 [kelas PAGI]: Program Dinamis dan Permasalahan Tata Letak Fasilitas → Deadline: Tidak diketahui
[2026-06-30 09:49:50]      • [Quiz] Kuis M11 [kelas MALAM]: Program Dinamis dan Permasalahan Tata Letak Fasilitas → Deadline: Tidak diketahui
[2026-06-30 09:49:54] 📚 Mengambil mata kuliah ID 104413 ...
[2026-06-30 09:49:54]   ➤ ATA 2025/2026 | 3-FIKTI | Praktikum Terapan Teori Graf
[2026-06-30 09:49:54]      • [Materi] Panduan Praktikum  Forum → Deadline: -
[2026-06-30 09:49:59]      • [Materi] Panduan Google Collaboratory URL → Deadline: -
[2026-06-30 09:50:04]      • [Materi] Panduan Instalasi Anaconda URL → Deadline: -
[2026-06-30 09:50:08]      • [Quiz] Pre-Test (M1) → Deadline: Tidak diketahui
[2026-06-30 09:50:13]      • [Materi] 1.1  Pengantar: Teori Graf URL → Deadline: -
[2026-06-30 09:50:17]      • [Materi] 1.2  Sesi Hands-on Praktikum URL → Deadline: -
[2026-06-30 09:50:21]      • [Materi] 1.3 Tutorial Menambahkan File pada Mesin DGX URL → Deadline: -
[2026-06-30 09:50:26]      • [Quiz] Post-Test (M1) → Deadline: Tidak diketahui
[2026-06-30 09:50:29]      • [Assignment] Pengumpulan Tugas (M1) → Deadline: Saturday, 7 March 2026, 11:59 PM
[2026-06-30 09:50:33]      • [Quiz] Pre-Test (M2) → Deadline: Tidak diketahui
[2026-06-30 09:50:37]      • [Materi] 2.1  Pengantar: Berbagai Pemecahan Masalah Menggunakan Teori Graf Page → Deadline: -
[2026-06-30 09:50:41]      • [Quiz] Post-Test (M2) → Deadline: Tidak diketahui
[2026-06-30 09:50:44]      • [Assignment] Pengumpulan Tugas (M2) → Deadline: Saturday, 14 March 2026, 11:59 PM
[2026-06-30 09:50:49]      • [Quiz] Pre-Test (M4) → Deadline: Tidak diketahui
[2026-06-30 09:50:53]      • [Materi] 4.1  Pengantar: Breadth First Search URL → Deadline: -
[2026-06-30 09:50:57]      • [Materi] Sesi Praktikum File → Deadline: -
[2026-06-30 09:51:00]      • [Materi] Video Tutorial: Mendownload File IPYNB di Virtual Class URL → Deadline: -
[2026-06-30 09:51:05]      • [Quiz] Post-Test (M4) → Deadline: Tidak diketahui
[2026-06-30 09:51:09]      • [Assignment] Laporan Akhir (M4) → Deadline: Saturday, 11 April 2026, 11:59 PM
[2026-06-30 09:51:13]      • [Quiz] Pre-Test (M5) → Deadline: Tidak diketahui
[2026-06-30 09:51:18]      • [Materi] Sesi Praktikum URL → Deadline: -
[2026-06-30 09:51:23]      • [Quiz] Post-Test (M5) → Deadline: Tidak diketahui
[2026-06-30 09:51:27]      • [Assignment] Laporan Akhir (M5) → Deadline: Saturday, 18 April 2026, 11:59 PM
[2026-06-30 09:51:32]      • [Quiz] Pre-Test (M6) → Deadline: Tidak diketahui
[2026-06-30 09:51:35]      • [Materi] 6.1  Pendahuluan: Algoritma Dasar Tree URL → Deadline: -
[2026-06-30 09:51:40]      • [Materi] Sesi Praktikum File → Deadline: -
[2026-06-30 09:51:45]      • [Quiz] Post-Test (M6) → Deadline: Tidak diketahui
[2026-06-30 09:51:49]      • [Assignment] Laporan Akhir (M6) → Deadline: Saturday, 25 April 2026, 11:59 PM
[2026-06-30 09:51:53]      • [Quiz] Pre-Test (M8) → Deadline: Tidak diketahui
[2026-06-30 09:51:58]      • [Materi] 8.1  Pendahuluan: Implementasi Graph URL → Deadline: -
[2026-06-30 09:52:02]      • [Materi] Link File Praktikum I - family.pl → Deadline: -
[2026-06-30 09:52:06]      • [Materi] Link File Praktikum II - 8-puzzles.ipynb → Deadline: -
[2026-06-30 09:52:10]      • [Materi] Video Tutorial: Mendownload File IPYNB di Virtual Class URL → Deadline: -
[2026-06-30 09:52:14]      • [Quiz] Post-Test (M8) → Deadline: Tidak diketahui
[2026-06-30 09:52:19]      • [Assignment] Laporan Akhir (M8) → Deadline: Saturday, 9 May 2026, 11:59 PM
[2026-06-30 09:52:24]      • [Quiz] Pre-Test (M9) → Deadline: Tidak diketahui
[2026-06-30 09:52:27]      • [Materi] Sesi Hands-on Praktikum URL → Deadline: -
[2026-06-30 09:52:32]      • [Quiz] Post-Test (M9) → Deadline: Tidak diketahui
[2026-06-30 09:52:36]      • [Assignment] Pengumpulan Tugas (M9) → Deadline: Saturday, 16 May 2026, 11:59 PM
[2026-06-30 09:52:40]      • [Quiz] Pre-Test (M3) → Deadline: Tidak diketahui
[2026-06-30 09:52:44]      • [Materi] Sesi Praktikum URL → Deadline: -
[2026-06-30 09:52:49]      • [Materi] Video Tutorial: Menambahkan File pada Mesin DGX URL → Deadline: -
[2026-06-30 09:52:54]      • [Quiz] Post-Test (M3) → Deadline: Tidak diketahui
[2026-06-30 09:52:59]      • [Assignment] Pengumpulan Tugas (M3) → Deadline: Saturday, 23 May 2026, 11:59 PM
[2026-06-30 09:53:03]      • [Quiz] Pre-Test (M7) → Deadline: Tidak diketahui
[2026-06-30 09:53:07]      • [Materi] Link File Praktikum I - 3-Tekrek-Find-Center.ipynb → Deadline: -
[2026-06-30 09:53:12]      • [Materi] Link File Praktikum II - 3-Tekrek-Sortest-Path.ipynb → Deadline: -
[2026-06-30 09:53:15]      • [Materi] Video Tutorial: Mendownload File IPYNB di Virtual Class URL → Deadline: -
[2026-06-30 09:53:20]      • [Quiz] Post-Test (M7) → Deadline: Tidak diketahui
[2026-06-30 09:53:24]      • [Assignment] Laporan Akhir (M7) → Deadline: Saturday, 23 May 2026, 11:59 PM
[2026-06-30 09:53:29] 📦 Total tugas ditemukan: 112
[2026-06-30 09:53:29] 💾 Disimpan ke python/node/tugas.json
[2026-06-30 18:00:29] 🔐 Login ke V-Class...
[2026-06-30 18:00:30] ✅ Login berhasil
[2026-06-30 18:00:30] 📚 Mengambil mata kuliah ID 108486 ...
[2026-06-30 18:00:30]   ➤ ATA 2025/2026 | 3KB01 | Jaringan Komputer Lanjut | VIVIEN NOVA FITHRIANA
[2026-06-30 18:00:30]      • [Materi] Announcements Forum → Deadline: -
[2026-06-30 18:00:34]      • [Materi] M1 File → Deadline: -
[2026-06-30 18:00:38]      • [Materi] M2 File → Deadline: -
[2026-06-30 18:00:43]      • [Materi] M3 File → Deadline: -
[2026-06-30 18:00:47]      • [Materi] M4 File → Deadline: -
[2026-06-30 18:00:50]      • [Materi] M5 File → Deadline: -
[2026-06-30 18:00:54]      • [Materi] M6 File → Deadline: -
[2026-06-30 18:00:58]      • [Materi] M7 File → Deadline: -
[2026-06-30 18:01:02]      • [Materi] VC-1 : Traffic dan Algoritma Kendali Kemacetan File → Deadline: -
[2026-06-30 18:01:06]      • [Materi] VC-1 : Traffic dan Algoritma Kendali Kemacetan File → Deadline: -
[2026-06-30 18:01:10]      • [Materi] Forum VC-1 : Traffic dan Algoritma Kendali Kemacetan → Deadline: -
[2026-06-30 18:01:14]      • [Quiz] Latihan Soal VC-1 : Traffic dan Algoritma Kendali Kemacetan → Deadline: Tidak diketahui
[2026-06-30 18:01:19]      • [Materi] VC-2 : Traffic dan Algoritma Kendali Kemacetan - Bagian 2 File → Deadline: -
[2026-06-30 18:01:23]      • [Materi] Forum VC-2 : Traffic dan Algoritma Kendali Kemacetan - Bagian 2 → Deadline: -
[2026-06-30 18:01:27]      • [Quiz] Latihan Soal VC-2 : Traffic dan Algoritma Kendali Kemacetan - Bagian 2 → Deadline: Tidak diketahui
[2026-06-30 18:01:32]      • [Materi] VC-3 : Lapisan Transport File → Deadline: -
[2026-06-30 18:01:36]      • [Materi] Forum VC-3 : Lapisan Transport → Deadline: -
[2026-06-30 18:01:41]      • [Quiz] Latihan Soal VC-3 : Lapisan Transport → Deadline: Wednesday, 15 July 2026, 11:59 PM
[2026-06-30 18:01:44] 📚 Mengambil mata kuliah ID 108172 ...
[2026-06-30 18:01:45]   ➤ ATA 2025/2026 | 3KB01 | Internet of Things (IoT) | PURNAWARMAN MUSA
[2026-06-30 18:01:45]      • [Materi] Announcements Forum → Deadline: -
[2026-06-30 18:01:49]      • [Materi] M6 File → Deadline: -
[2026-06-30 18:01:54]      • [Quiz] Soal (Tugas Individu) → Deadline: Tidak diketahui
[2026-06-30 18:01:58]      • [Quiz] Soal (Tugas Individu) → Deadline: Tidak diketahui
[2026-06-30 18:02:02] 📚 Mengambil mata kuliah ID 109563 ...
[2026-06-30 18:02:02]   ➤ ATA 2025/2026 | 3KB01 | Sistem Tertanam (Embedded) * | RIDHA ISKANDAR
[2026-06-30 18:02:02]      • [Materi] Selamat Datang di V-Class Sistem Tertanam (Embedded) Forum → Deadline: -
[2026-06-30 18:02:06]      • [Assignment] File 1 → Deadline: Sunday, 26 April 2026, 12:00 AM
[2026-06-30 18:02:10] 📚 Mengambil mata kuliah ID 109970 ...
[2026-06-30 18:02:10]   ➤ ATA 2025/2026 | 2EB10 | Bahasa Indonesia | MELANIAWATI
[2026-06-30 18:02:10] 📚 Mengambil mata kuliah ID 107919 ...
[2026-06-30 18:02:10]   ➤ ATA 2025/2026 | 3KB01 | Sistem Cerdas Lanjut | NUR SULTAN SALAHUDDIN
[2026-06-30 18:02:10]      • [Materi] Announcements Forum → Deadline: -
[2026-06-30 18:02:15]      • [Assignment] Sistem Kesehatan Cerdas → Deadline: Thursday, 21 May 2026, 12:00 AM
[2026-06-30 18:02:19]      • [Quiz] Sistem Kesehatan Cerdas → Deadline: Tidak diketahui
[2026-06-30 18:02:24] 📚 Mengambil mata kuliah ID 107291 ...
[2026-06-30 18:02:24]   ➤ ATA 2025/2026 | 3KB01 | Pengantarmukaan Perif.Komputer * | FARID THALIB
[2026-06-30 18:02:24]      • [Materi] Announcements Forum → Deadline: -
[2026-06-30 18:02:28] 📚 Mengambil mata kuliah ID 104438 ...
[2026-06-30 18:02:28]   ➤ ATA 2025/2026 | 3-FIKTI | Terapan Teori Graf | TEAM TEACHING
[2026-06-30 18:02:28]      • [Materi] PEMBERITAHUAN UTS SUSULAN File → Deadline: -
[2026-06-30 18:02:32]      • [Materi] PEMBERITAHUAN PELAKSANAAN TEAM TEACHING TERAPAN TEORI GRAF Forum → Deadline: -
[2026-06-30 18:02:37]      • [Materi] M1: Pendahuluan Teori Graf File → Deadline: -
[2026-06-30 18:02:41]      • [Materi] Video Literasi M1: Pendahuluan Teori Graf URL → Deadline: -
[2026-06-30 18:02:46]      • [Quiz] Kuis M1 [kelas PAGI] → Deadline: Tidak diketahui
[2026-06-30 18:02:51]      • [Quiz] Kuis M1 [kelas MALAM] → Deadline: Tidak diketahui
[2026-06-30 18:02:56]      • [Materi] M2: Graf Tidak Berarah dan Graf Berbobot File → Deadline: -
[2026-06-30 18:03:00]      • [Materi] Video Literasi M2 : Graf Tidak Berarah dan Graf Berbobot URL → Deadline: -
[2026-06-30 18:03:05]      • [Quiz] Kuis M2 [KELAS PAGI] : Graf Tidak Berarah dan Graf Berbobot → Deadline: Tidak diketahui
[2026-06-30 18:03:09]      • [Quiz] Kuis M2 [KELAS MALAM] : Graf Tidak Berarah dan Graf Berbobot → Deadline: Tidak diketahui
[2026-06-30 18:03:14]      • [Materi] M4 : Aplikasi Teori Graf di Teknik Elektro File → Deadline: -
[2026-06-30 18:03:18]      • [Materi] Video Literasi M4 : Aplikasi Teori Graf di Teknik Elektro URL → Deadline: -
[2026-06-30 18:03:22]      • [Quiz] Kuis M4 [KELAS PAGI]: Aplikasi Teori Graf di Teknik Elektro → Deadline: Tidak diketahui
[2026-06-30 18:03:27]      • [Quiz] Kuis M4 [KELAS MALAM]: Aplikasi Teori Graf di Teknik Elektro → Deadline: Tidak diketahui
[2026-06-30 18:03:31]      • [Materi] M5 : Knowledge Graph dan Database Graph File → Deadline: -
[2026-06-30 18:03:36]      • [Materi] Video Literasi  M5 : Knowledge Graph dan Database Graph URL → Deadline: -
[2026-06-30 18:03:40]      • [Quiz] Kuis M5 [KELAS PAGI] : nowledge Graph dan Database Graph → Deadline: Tidak diketahui
[2026-06-30 18:03:45]      • [Quiz] Kuis M5 [KELAS MALAM] : Knowledge Graph dan Database Graph → Deadline: Tidak diketahui
[2026-06-30 18:03:49]      • [Materi] M6 : Graf Berarah dan Implementasinya File → Deadline: -
[2026-06-30 18:03:53]      • [Materi] Video Literasi M6 : Graf Berarah dan Implementasinya URL → Deadline: -
[2026-06-30 18:03:57]      • [Quiz] Kuis M6 [KELAS PAGI] : Graf Berarah dan Implementasinya → Deadline: Tidak diketahui
[2026-06-30 18:04:02]      • [Quiz] Kuis M6 [KELAS MALAM] : Graf Berarah dan Implementasinya → Deadline: Tidak diketahui
[2026-06-30 18:04:06]      • [Materi] M8 : Penerapan Teori Graf di Bidang Teknik Sipil File → Deadline: -
[2026-06-30 18:04:10]      • [Materi] Video Literasi M8 : Penerapan Teori Graf di Bidang Teknik Sipil URL → Deadline: -
[2026-06-30 18:04:15]      • [Quiz] Kuis M8 [KELAS PAGI] : Penerapan Teori Graf di Bidang Teknik Sipil → Deadline: Tidak diketahui
[2026-06-30 18:04:20]      • [Quiz] Kuis M8 [KELAS MALAM] : Penerapan Teori Graf di Bidang Teknik Sipil → Deadline: Tidak diketahui
[2026-06-30 18:04:24]      • [Materi] M10 : Penerapan Teori Graf  di Bidang Teknik Industri File → Deadline: -
[2026-06-30 18:04:29]      • [Materi] Video Literasi M10 : Penerapan Teori Graf  di Bidang Teknik Industri URL → Deadline: -
[2026-06-30 18:04:32]      • [Quiz] Kuis M10 [kelas pagi] : Penerapan Teori Graf  di Bidang Teknik Industri → Deadline: Tidak diketahui
[2026-06-30 18:04:36]      • [Quiz] Kuis M10 [kelas malam]: Penerapan Teori Graf  di Bidang Teknik Industri → Deadline: Tidak diketahui
[2026-06-30 18:04:40]      • [Materi] M11 : Program Dinamis dan Permasalahan Tata Letak Fasilitas File → Deadline: -
[2026-06-30 18:04:44]      • [Materi] video literasi : Program Dinamis dan Permasalahan Tata Letak Fasilitas URL → Deadline: -
[2026-06-30 18:04:49]      • [Quiz] Kuis M11 [kelas PAGI]: Program Dinamis dan Permasalahan Tata Letak Fasilitas → Deadline: Tidak diketahui
[2026-06-30 18:04:54]      • [Quiz] Kuis M11 [kelas MALAM]: Program Dinamis dan Permasalahan Tata Letak Fasilitas → Deadline: Tidak diketahui
[2026-06-30 18:04:58] 📚 Mengambil mata kuliah ID 104413 ...
[2026-06-30 18:04:58]   ➤ ATA 2025/2026 | 3-FIKTI | Praktikum Terapan Teori Graf
[2026-06-30 18:04:58]      • [Materi] Panduan Praktikum  Forum → Deadline: -
[2026-06-30 18:05:03]      • [Materi] Panduan Google Collaboratory URL → Deadline: -
[2026-06-30 18:05:07]      • [Materi] Panduan Instalasi Anaconda URL → Deadline: -
[2026-06-30 18:05:12]      • [Quiz] Pre-Test (M1) → Deadline: Tidak diketahui
[2026-06-30 18:05:17]      • [Materi] 1.1  Pengantar: Teori Graf URL → Deadline: -
[2026-06-30 18:05:21]      • [Materi] 1.2  Sesi Hands-on Praktikum URL → Deadline: -
[2026-06-30 18:05:26]      • [Materi] 1.3 Tutorial Menambahkan File pada Mesin DGX URL → Deadline: -
[2026-06-30 18:05:30]      • [Quiz] Post-Test (M1) → Deadline: Tidak diketahui
[2026-06-30 18:05:34]      • [Assignment] Pengumpulan Tugas (M1) → Deadline: Saturday, 7 March 2026, 11:59 PM
[2026-06-30 18:05:39]      • [Quiz] Pre-Test (M2) → Deadline: Tidak diketahui
[2026-06-30 18:05:43]      • [Materi] 2.1  Pengantar: Berbagai Pemecahan Masalah Menggunakan Teori Graf Page → Deadline: -
[2026-06-30 18:05:47]      • [Quiz] Post-Test (M2) → Deadline: Tidak diketahui
[2026-06-30 18:05:52]      • [Assignment] Pengumpulan Tugas (M2) → Deadline: Saturday, 14 March 2026, 11:59 PM
[2026-06-30 18:05:56]      • [Quiz] Pre-Test (M4) → Deadline: Tidak diketahui
[2026-06-30 18:06:00]      • [Materi] 4.1  Pengantar: Breadth First Search URL → Deadline: -
[2026-06-30 18:06:05]      • [Materi] Sesi Praktikum File → Deadline: -
[2026-06-30 18:06:09]      • [Materi] Video Tutorial: Mendownload File IPYNB di Virtual Class URL → Deadline: -
[2026-06-30 18:06:13]      • [Quiz] Post-Test (M4) → Deadline: Tidak diketahui
[2026-06-30 18:06:17]      • [Assignment] Laporan Akhir (M4) → Deadline: Saturday, 11 April 2026, 11:59 PM
[2026-06-30 18:06:22]      • [Quiz] Pre-Test (M5) → Deadline: Tidak diketahui
[2026-06-30 18:06:26]      • [Materi] Sesi Praktikum URL → Deadline: -
[2026-06-30 18:06:30]      • [Quiz] Post-Test (M5) → Deadline: Tidak diketahui
[2026-06-30 18:06:34]      • [Assignment] Laporan Akhir (M5) → Deadline: Saturday, 18 April 2026, 11:59 PM
[2026-06-30 18:06:38]      • [Quiz] Pre-Test (M6) → Deadline: Tidak diketahui
[2026-06-30 18:06:43]      • [Materi] 6.1  Pendahuluan: Algoritma Dasar Tree URL → Deadline: -
[2026-06-30 18:06:48]      • [Materi] Sesi Praktikum File → Deadline: -
[2026-06-30 18:06:53]      • [Quiz] Post-Test (M6) → Deadline: Tidak diketahui
[2026-06-30 18:06:57]      • [Assignment] Laporan Akhir (M6) → Deadline: Saturday, 25 April 2026, 11:59 PM
[2026-06-30 18:07:01]      • [Quiz] Pre-Test (M8) → Deadline: Tidak diketahui
[2026-06-30 18:07:06]      • [Materi] 8.1  Pendahuluan: Implementasi Graph URL → Deadline: -
[2026-06-30 18:07:10]      • [Materi] Link File Praktikum I - family.pl → Deadline: -
[2026-06-30 18:07:14]      • [Materi] Link File Praktikum II - 8-puzzles.ipynb → Deadline: -
[2026-06-30 18:07:18]      • [Materi] Video Tutorial: Mendownload File IPYNB di Virtual Class URL → Deadline: -
[2026-06-30 18:07:23]      • [Quiz] Post-Test (M8) → Deadline: Tidak diketahui
[2026-06-30 18:07:28]      • [Assignment] Laporan Akhir (M8) → Deadline: Saturday, 9 May 2026, 11:59 PM
[2026-06-30 18:07:33]      • [Quiz] Pre-Test (M9) → Deadline: Tidak diketahui
[2026-06-30 18:07:36]      • [Materi] Sesi Hands-on Praktikum URL → Deadline: -
[2026-06-30 18:07:41]      • [Quiz] Post-Test (M9) → Deadline: Tidak diketahui
[2026-06-30 18:07:44]      • [Assignment] Pengumpulan Tugas (M9) → Deadline: Saturday, 16 May 2026, 11:59 PM
[2026-06-30 18:07:48]      • [Quiz] Pre-Test (M3) → Deadline: Tidak diketahui
[2026-06-30 18:07:53]      • [Materi] Sesi Praktikum URL → Deadline: -
[2026-06-30 18:07:57]      • [Materi] Video Tutorial: Menambahkan File pada Mesin DGX URL → Deadline: -
[2026-06-30 18:08:02]      • [Quiz] Post-Test (M3) → Deadline: Tidak diketahui
[2026-06-30 18:08:07]      • [Assignment] Pengumpulan Tugas (M3) → Deadline: Saturday, 23 May 2026, 11:59 PM
[2026-06-30 18:08:12]      • [Quiz] Pre-Test (M7) → Deadline: Tidak diketahui
[2026-06-30 18:08:16]      • [Materi] Link File Praktikum I - 3-Tekrek-Find-Center.ipynb → Deadline: -
[2026-06-30 18:08:20]      • [Materi] Link File Praktikum II - 3-Tekrek-Sortest-Path.ipynb → Deadline: -
[2026-06-30 18:08:24]      • [Materi] Video Tutorial: Mendownload File IPYNB di Virtual Class URL → Deadline: -
[2026-06-30 18:08:28]      • [Quiz] Post-Test (M7) → Deadline: Tidak diketahui
[2026-06-30 18:08:32]      • [Assignment] Laporan Akhir (M7) → Deadline: Saturday, 23 May 2026, 11:59 PM
[2026-06-30 18:08:36] 📦 Total tugas ditemukan: 112
[2026-06-30 18:08:36] 💾 Disimpan ke python/node/tugas.json
