[2026-07-26 09:45:07] 🔐 Login ke V-Class...
[2026-07-26 09:45:08] ✅ Login berhasil
[2026-07-26 09:45:08] 📚 Mengambil mata kuliah ID 108486 ...
[2026-07-26 09:45:08]   ➤ ATA 2025/2026 | 3KB01 | Jaringan Komputer Lanjut | VIVIEN NOVA FITHRIANA
[2026-07-26 09:45:08]      • [Materi] Announcements Forum → Deadline: -
[2026-07-26 09:45:12]      • [Materi] M1 File → Deadline: -
[2026-07-26 09:45:16]      • [Materi] M2 File → Deadline: -
[2026-07-26 09:45:20]      • [Materi] M3 File → Deadline: -
[2026-07-26 09:45:24]      • [Materi] M4 File → Deadline: -
[2026-07-26 09:45:28]      • [Materi] M5 File → Deadline: -
[2026-07-26 09:45:32]      • [Materi] M6 File → Deadline: -
[2026-07-26 09:45:36]      • [Materi] M7 File → Deadline: -
[2026-07-26 09:45:41]      • [Materi] VC-1 : Traffic dan Algoritma Kendali Kemacetan File → Deadline: -
[2026-07-26 09:45:45]      • [Materi] VC-1 : Traffic dan Algoritma Kendali Kemacetan File → Deadline: -
[2026-07-26 09:45:50]      • [Materi] Forum VC-1 : Traffic dan Algoritma Kendali Kemacetan → Deadline: -
[2026-07-26 09:45:54]      • [Quiz] Latihan Soal VC-1 : Traffic dan Algoritma Kendali Kemacetan → Deadline: Tidak diketahui
[2026-07-26 09:45:57]      • [Materi] VC-2 : Traffic dan Algoritma Kendali Kemacetan - Bagian 2 File → Deadline: -
[2026-07-26 09:46:02]      • [Materi] Forum VC-2 : Traffic dan Algoritma Kendali Kemacetan - Bagian 2 → Deadline: -
[2026-07-26 09:46:07]      • [Quiz] Latihan Soal VC-2 : Traffic dan Algoritma Kendali Kemacetan - Bagian 2 → Deadline: Tidak diketahui
[2026-07-26 09:46:11]      • [Materi] VC-3 : Lapisan Transport File → Deadline: -
[2026-07-26 09:46:15]      • [Materi] Forum VC-3 : Lapisan Transport → Deadline: -
[2026-07-26 09:46:19]      • [Quiz] Latihan Soal VC-3 : Lapisan Transport → Deadline: Tidak diketahui
[2026-07-26 09:46:23] 📚 Mengambil mata kuliah ID 108172 ...
[2026-07-26 09:46:24]   ➤ ATA 2025/2026 | 3KB01 | Internet of Things (IoT) | PURNAWARMAN MUSA
[2026-07-26 09:46:24]      • [Materi] Announcements Forum → Deadline: -
[2026-07-26 09:46:27]      • [Materi] M6 File → Deadline: -
[2026-07-26 09:46:32]      • [Quiz] Soal (Tugas Individu) → Deadline: Tidak diketahui
[2026-07-26 09:46:36]      • [Quiz] Soal (Tugas Individu) → Deadline: Tidak diketahui
[2026-07-26 09:46:40] 📚 Mengambil mata kuliah ID 109563 ...
[2026-07-26 09:46:40]   ➤ ATA 2025/2026 | 3KB01 | Sistem Tertanam (Embedded) * | RIDHA ISKANDAR
[2026-07-26 09:46:40]      • [Materi] Selamat Datang di V-Class Sistem Tertanam (Embedded) Forum → Deadline: -
[2026-07-26 09:46:45]      • [Assignment] File 1 → Deadline: Sunday, 26 April 2026, 12:00 AM
[2026-07-26 09:46:49] 📚 Mengambil mata kuliah ID 109970 ...
[2026-07-26 09:46:50]   ➤ ATA 2025/2026 | 2EB10 | Bahasa Indonesia | MELANIAWATI
[2026-07-26 09:46:50] 📚 Mengambil mata kuliah ID 107919 ...
[2026-07-26 09:46:50]   ➤ ATA 2025/2026 | 3KB01 | Sistem Cerdas Lanjut | NUR SULTAN SALAHUDDIN
[2026-07-26 09:46:50]      • [Materi] Announcements Forum → Deadline: -
[2026-07-26 09:46:55]      • [Assignment] Sistem Kesehatan Cerdas → Deadline: Thursday, 21 May 2026, 12:00 AM
[2026-07-26 09:46:59]      • [Quiz] Sistem Kesehatan Cerdas → Deadline: Tidak diketahui
[2026-07-26 09:47:03]      • [Assignment] Sistem Industri Cerdas → Deadline: Monday, 20 July 2026, 12:00 AM
[2026-07-26 09:47:08]      • [Quiz] Sistem Industri Cerdas → Deadline: Tidak diketahui
[2026-07-26 09:47:11] 📚 Mengambil mata kuliah ID 107291 ...
[2026-07-26 09:47:11]   ➤ ATA 2025/2026 | 3KB01 | Pengantarmukaan Perif.Komputer * | FARID THALIB
[2026-07-26 09:47:11]      • [Materi] Announcements Forum → Deadline: -
[2026-07-26 09:47:15] 📚 Mengambil mata kuliah ID 104438 ...
[2026-07-26 09:47:15]   ➤ ATA 2025/2026 | 3-FIKTI | Terapan Teori Graf | TEAM TEACHING
[2026-07-26 09:47:15]      • [Materi] PEMBERITAHUAN UTS SUSULAN File → Deadline: -
[2026-07-26 09:47:20]      • [Materi] PEMBERITAHUAN PELAKSANAAN TEAM TEACHING TERAPAN TEORI GRAF Forum → Deadline: -
[2026-07-26 09:47:25]      • [Materi] M1: Pendahuluan Teori Graf File → Deadline: -
[2026-07-26 09:47:29]      • [Materi] Video Literasi M1: Pendahuluan Teori Graf URL → Deadline: -
[2026-07-26 09:47:33]      • [Quiz] Kuis M1 [kelas PAGI] → Deadline: Tidak diketahui
[2026-07-26 09:47:37]      • [Quiz] Kuis M1 [kelas MALAM] → Deadline: Tidak diketahui
[2026-07-26 09:47:42]      • [Materi] M2: Graf Tidak Berarah dan Graf Berbobot File → Deadline: -
[2026-07-26 09:47:46]      • [Materi] Video Literasi M2 : Graf Tidak Berarah dan Graf Berbobot URL → Deadline: -
[2026-07-26 09:47:51]      • [Quiz] Kuis M2 [KELAS PAGI] : Graf Tidak Berarah dan Graf Berbobot → Deadline: Tidak diketahui
[2026-07-26 09:47:55]      • [Quiz] Kuis M2 [KELAS MALAM] : Graf Tidak Berarah dan Graf Berbobot → Deadline: Tidak diketahui
[2026-07-26 09:48:00]      • [Materi] M4 : Aplikasi Teori Graf di Teknik Elektro File → Deadline: -
[2026-07-26 09:48:04]      • [Materi] Video Literasi M4 : Aplikasi Teori Graf di Teknik Elektro URL → Deadline: -
[2026-07-26 09:48:09]      • [Quiz] Kuis M4 [KELAS PAGI]: Aplikasi Teori Graf di Teknik Elektro → Deadline: Tidak diketahui
[2026-07-26 09:48:14]      • [Quiz] Kuis M4 [KELAS MALAM]: Aplikasi Teori Graf di Teknik Elektro → Deadline: Tidak diketahui
[2026-07-26 09:48:18]      • [Materi] M5 : Knowledge Graph dan Database Graph File → Deadline: -
[2026-07-26 09:48:21]      • [Materi] Video Literasi  M5 : Knowledge Graph dan Database Graph URL → Deadline: -
[2026-07-26 09:48:26]      • [Quiz] Kuis M5 [KELAS PAGI] : nowledge Graph dan Database Graph → Deadline: Tidak diketahui
[2026-07-26 09:48:30]      • [Quiz] Kuis M5 [KELAS MALAM] : Knowledge Graph dan Database Graph → Deadline: Tidak diketahui
[2026-07-26 09:48:34]      • [Materi] M6 : Graf Berarah dan Implementasinya File → Deadline: -
[2026-07-26 09:48:39]      • [Materi] Video Literasi M6 : Graf Berarah dan Implementasinya URL → Deadline: -
[2026-07-26 09:48:44]      • [Quiz] Kuis M6 [KELAS PAGI] : Graf Berarah dan Implementasinya → Deadline: Tidak diketahui
[2026-07-26 09:48:48]      • [Quiz] Kuis M6 [KELAS MALAM] : Graf Berarah dan Implementasinya → Deadline: Tidak diketahui
[2026-07-26 09:48:53]      • [Materi] M8 : Penerapan Teori Graf di Bidang Teknik Sipil File → Deadline: -
[2026-07-26 09:48:58]      • [Materi] Video Literasi M8 : Penerapan Teori Graf di Bidang Teknik Sipil URL → Deadline: -
[2026-07-26 09:49:03]      • [Quiz] Kuis M8 [KELAS PAGI] : Penerapan Teori Graf di Bidang Teknik Sipil → Deadline: Tidak diketahui
[2026-07-26 09:49:07]      • [Quiz] Kuis M8 [KELAS MALAM] : Penerapan Teori Graf di Bidang Teknik Sipil → Deadline: Tidak diketahui
[2026-07-26 09:49:12]      • [Materi] M10 : Penerapan Teori Graf  di Bidang Teknik Industri File → Deadline: -
[2026-07-26 09:49:16]      • [Materi] Video Literasi M10 : Penerapan Teori Graf  di Bidang Teknik Industri URL → Deadline: -
[2026-07-26 09:49:21]      • [Quiz] Kuis M10 [kelas pagi] : Penerapan Teori Graf  di Bidang Teknik Industri → Deadline: Tidak diketahui
[2026-07-26 09:49:25]      • [Quiz] Kuis M10 [kelas malam]: Penerapan Teori Graf  di Bidang Teknik Industri → Deadline: Tidak diketahui
[2026-07-26 09:49:30]      • [Materi] M11 : Program Dinamis dan Permasalahan Tata Letak Fasilitas File → Deadline: -
[2026-07-26 09:49:34]      • [Materi] video literasi : Program Dinamis dan Permasalahan Tata Letak Fasilitas URL → Deadline: -
[2026-07-26 09:49:39]      • [Quiz] Kuis M11 [kelas PAGI]: Program Dinamis dan Permasalahan Tata Letak Fasilitas → Deadline: Tidak diketahui
[2026-07-26 09:49:43]      • [Quiz] Kuis M11 [kelas MALAM]: Program Dinamis dan Permasalahan Tata Letak Fasilitas → Deadline: Tidak diketahui
[2026-07-26 09:49:48]      • [Materi] M12: Algoritma Greedy pada Graf File → Deadline: -
[2026-07-26 09:49:52]      • [Materi] Video literasi M12: Algoritma Greedy pada Graf URL → Deadline: -
[2026-07-26 09:49:57]      • [Quiz] Kuis M12 [kelas PAGI] → Deadline: Tidak diketahui
[2026-07-26 09:50:02]      • [Quiz] Kuis M12 [kelas MALAM] → Deadline: Tidak diketahui
[2026-07-26 09:50:06]      • [Materi] M13 File → Deadline: -
[2026-07-26 09:50:10]      • [Materi] Video Literasi M13 : Graph Theory Implementation in Oil Mining Company URL → Deadline: -
[2026-07-26 09:50:14]      • [Quiz] Kuis M13 [PAGI]: Graph Theory Implementation in Oil Mining Company → Deadline: Tidak diketahui
[2026-07-26 09:50:18]      • [Quiz] Kuis M13 [MALAM]: Graph Theory Implementation in Oil Mining Company → Deadline: Tidak diketahui
[2026-07-26 09:50:22]      • [Materi] M14 : Aplikasi Graf Lengkap sebagai Graf Representasi untuk Model Optimasi Rute Kendaraan File → Deadline: -
[2026-07-26 09:50:26]      • [Materi] Video Literasi : Aplikasi Graf Lengkap sebagai Graf Representasi untuk Model Optimasi Rute Kendaraan URL → Deadline: -
[2026-07-26 09:50:31]      • [Quiz] Kuis M14 [PAGI]: Aplikasi Graf Lengkap sebagai Graf Representasi untuk Model Optimasi Rute Kendaraan → Deadline: Tidak diketahui
[2026-07-26 09:50:36]      • [Quiz] Kuis M14 [MALAM]: Aplikasi Graf Lengkap sebagai Graf Representasi untuk Model Optimasi Rute Kendaraan → Deadline: Tidak diketahui
[2026-07-26 09:50:40] 📚 Mengambil mata kuliah ID 104413 ...
[2026-07-26 09:50:40]   ➤ ATA 2025/2026 | 3-FIKTI | Praktikum Terapan Teori Graf
[2026-07-26 09:50:40]      • [Materi] Panduan Praktikum  Forum → Deadline: -
[2026-07-26 09:50:44]      • [Materi] Panduan Google Collaboratory URL → Deadline: -
[2026-07-26 09:50:48]      • [Materi] Panduan Instalasi Anaconda URL → Deadline: -
[2026-07-26 09:50:52]      • [Quiz] Pre-Test (M1) → Deadline: Tidak diketahui
[2026-07-26 09:50:56]      • [Materi] 1.1  Pengantar: Teori Graf URL → Deadline: -
[2026-07-26 09:51:01]      • [Materi] 1.2  Sesi Hands-on Praktikum URL → Deadline: -
[2026-07-26 09:51:05]      • [Materi] 1.3 Tutorial Menambahkan File pada Mesin DGX URL → Deadline: -
[2026-07-26 09:51:10]      • [Quiz] Post-Test (M1) → Deadline: Tidak diketahui
[2026-07-26 09:51:14]      • [Assignment] Pengumpulan Tugas (M1) → Deadline: Saturday, 7 March 2026, 11:59 PM
[2026-07-26 09:51:18]      • [Quiz] Pre-Test (M2) → Deadline: Tidak diketahui
[2026-07-26 09:51:23]      • [Materi] 2.1  Pengantar: Berbagai Pemecahan Masalah Menggunakan Teori Graf Page → Deadline: -
[2026-07-26 09:51:27]      • [Quiz] Post-Test (M2) → Deadline: Tidak diketahui
[2026-07-26 09:51:32]      • [Assignment] Pengumpulan Tugas (M2) → Deadline: Saturday, 14 March 2026, 11:59 PM
[2026-07-26 09:51:36]      • [Quiz] Pre-Test (M4) → Deadline: Tidak diketahui
[2026-07-26 09:51:41]      • [Materi] 4.1  Pengantar: Breadth First Search URL → Deadline: -
[2026-07-26 09:51:45]      • [Materi] Sesi Praktikum File → Deadline: -
[2026-07-26 09:51:48]      • [Materi] Video Tutorial: Mendownload File IPYNB di Virtual Class URL → Deadline: -
[2026-07-26 09:51:52]      • [Quiz] Post-Test (M4) → Deadline: Tidak diketahui
[2026-07-26 09:51:57]      • [Assignment] Laporan Akhir (M4) → Deadline: Saturday, 11 April 2026, 11:59 PM
[2026-07-26 09:52:02]      • [Quiz] Pre-Test (M5) → Deadline: Tidak diketahui
[2026-07-26 09:52:07]      • [Materi] Sesi Praktikum URL → Deadline: -
[2026-07-26 09:52:11]      • [Quiz] Post-Test (M5) → Deadline: Tidak diketahui
[2026-07-26 09:52:16]      • [Assignment] Laporan Akhir (M5) → Deadline: Saturday, 18 April 2026, 11:59 PM
[2026-07-26 09:52:20]      • [Quiz] Pre-Test (M6) → Deadline: Tidak diketahui
[2026-07-26 09:52:24]      • [Materi] 6.1  Pendahuluan: Algoritma Dasar Tree URL → Deadline: -
[2026-07-26 09:52:28]      • [Materi] Sesi Praktikum File → Deadline: -
[2026-07-26 09:52:32]      • [Quiz] Post-Test (M6) → Deadline: Tidak diketahui
[2026-07-26 09:52:37]      • [Assignment] Laporan Akhir (M6) → Deadline: Saturday, 25 April 2026, 11:59 PM
[2026-07-26 09:52:42]      • [Quiz] Pre-Test (M8) → Deadline: Tidak diketahui
[2026-07-26 09:52:46]      • [Materi] 8.1  Pendahuluan: Implementasi Graph URL → Deadline: -
[2026-07-26 09:52:51]      • [Materi] Link File Praktikum I - family.pl → Deadline: -
[2026-07-26 09:52:56]      • [Materi] Link File Praktikum II - 8-puzzles.ipynb → Deadline: -
[2026-07-26 09:52:59]      • [Materi] Video Tutorial: Mendownload File IPYNB di Virtual Class URL → Deadline: -
[2026-07-26 09:53:04]      • [Quiz] Post-Test (M8) → Deadline: Tidak diketahui
[2026-07-26 09:53:09]      • [Assignment] Laporan Akhir (M8) → Deadline: Saturday, 9 May 2026, 11:59 PM
[2026-07-26 09:53:14]      • [Quiz] Pre-Test (M9) → Deadline: Tidak diketahui
[2026-07-26 09:53:19]      • [Materi] Sesi Hands-on Praktikum URL → Deadline: -
[2026-07-26 09:53:24]      • [Quiz] Post-Test (M9) → Deadline: Tidak diketahui
[2026-07-26 09:53:28]      • [Assignment] Pengumpulan Tugas (M9) → Deadline: Saturday, 16 May 2026, 11:59 PM
[2026-07-26 09:53:32]      • [Quiz] Pre-Test (M3) → Deadline: Tidak diketahui
[2026-07-26 09:53:37]      • [Materi] Sesi Praktikum URL → Deadline: -
[2026-07-26 09:53:41]      • [Materi] Video Tutorial: Menambahkan File pada Mesin DGX URL → Deadline: -
[2026-07-26 09:53:45]      • [Quiz] Post-Test (M3) → Deadline: Tidak diketahui
[2026-07-26 09:53:49]      • [Assignment] Pengumpulan Tugas (M3) → Deadline: Saturday, 23 May 2026, 11:59 PM
[2026-07-26 09:53:53]      • [Quiz] Pre-Test (M7) → Deadline: Tidak diketahui
[2026-07-26 09:53:58]      • [Materi] Link File Praktikum I - 3-Tekrek-Find-Center.ipynb → Deadline: -
[2026-07-26 09:54:03]      • [Materi] Link File Praktikum II - 3-Tekrek-Sortest-Path.ipynb → Deadline: -
[2026-07-26 09:54:06]      • [Materi] Video Tutorial: Mendownload File IPYNB di Virtual Class URL → Deadline: -
[2026-07-26 09:54:10]      • [Quiz] Post-Test (M7) → Deadline: Tidak diketahui
[2026-07-26 09:54:15]      • [Assignment] Laporan Akhir (M7) → Deadline: Saturday, 23 May 2026, 11:59 PM
[2026-07-26 09:54:20] 📦 Total tugas ditemukan: 126
[2026-07-26 09:54:20] 💾 Disimpan ke python/node/tugas.json
[2026-07-26 18:00:20] 🔐 Login ke V-Class...
[2026-07-26 18:00:20] ✅ Login berhasil
[2026-07-26 18:00:20] 📚 Mengambil mata kuliah ID 108486 ...
[2026-07-26 18:00:20]   ➤ ATA 2025/2026 | 3KB01 | Jaringan Komputer Lanjut | VIVIEN NOVA FITHRIANA
[2026-07-26 18:00:20]      • [Materi] Announcements Forum → Deadline: -
[2026-07-26 18:00:24]      • [Materi] M1 File → Deadline: -
[2026-07-26 18:00:28]      • [Materi] M2 File → Deadline: -
[2026-07-26 18:00:33]      • [Materi] M3 File → Deadline: -
[2026-07-26 18:00:37]      • [Materi] M4 File → Deadline: -
[2026-07-26 18:00:42]      • [Materi] M5 File → Deadline: -
[2026-07-26 18:00:45]      • [Materi] M6 File → Deadline: -
[2026-07-26 18:00:50]      • [Materi] M7 File → Deadline: -
[2026-07-26 18:00:55]      • [Materi] VC-1 : Traffic dan Algoritma Kendali Kemacetan File → Deadline: -
[2026-07-26 18:00:59]      • [Materi] VC-1 : Traffic dan Algoritma Kendali Kemacetan File → Deadline: -
[2026-07-26 18:01:04]      • [Materi] Forum VC-1 : Traffic dan Algoritma Kendali Kemacetan → Deadline: -
[2026-07-26 18:01:08]      • [Quiz] Latihan Soal VC-1 : Traffic dan Algoritma Kendali Kemacetan → Deadline: Tidak diketahui
[2026-07-26 18:01:12]      • [Materi] VC-2 : Traffic dan Algoritma Kendali Kemacetan - Bagian 2 File → Deadline: -
[2026-07-26 18:01:16]      • [Materi] Forum VC-2 : Traffic dan Algoritma Kendali Kemacetan - Bagian 2 → Deadline: -
[2026-07-26 18:01:21]      • [Quiz] Latihan Soal VC-2 : Traffic dan Algoritma Kendali Kemacetan - Bagian 2 → Deadline: Tidak diketahui
[2026-07-26 18:01:25]      • [Materi] VC-3 : Lapisan Transport File → Deadline: -
[2026-07-26 18:01:30]      • [Materi] Forum VC-3 : Lapisan Transport → Deadline: -
[2026-07-26 18:01:35]      • [Quiz] Latihan Soal VC-3 : Lapisan Transport → Deadline: Tidak diketahui
[2026-07-26 18:01:39] 📚 Mengambil mata kuliah ID 108172 ...
[2026-07-26 18:01:39]   ➤ ATA 2025/2026 | 3KB01 | Internet of Things (IoT) | PURNAWARMAN MUSA
[2026-07-26 18:01:39]      • [Materi] Announcements Forum → Deadline: -
[2026-07-26 18:01:43]      • [Materi] M6 File → Deadline: -
[2026-07-26 18:01:48]      • [Quiz] Soal (Tugas Individu) → Deadline: Tidak diketahui
[2026-07-26 18:01:52]      • [Quiz] Soal (Tugas Individu) → Deadline: Tidak diketahui
[2026-07-26 18:01:56] 📚 Mengambil mata kuliah ID 109563 ...
[2026-07-26 18:01:56]   ➤ ATA 2025/2026 | 3KB01 | Sistem Tertanam (Embedded) * | RIDHA ISKANDAR
[2026-07-26 18:01:56]      • [Materi] Selamat Datang di V-Class Sistem Tertanam (Embedded) Forum → Deadline: -
[2026-07-26 18:02:00]      • [Assignment] File 1 → Deadline: Sunday, 26 April 2026, 12:00 AM
[2026-07-26 18:02:04] 📚 Mengambil mata kuliah ID 109970 ...
[2026-07-26 18:02:05]   ➤ ATA 2025/2026 | 2EB10 | Bahasa Indonesia | MELANIAWATI
[2026-07-26 18:02:05] 📚 Mengambil mata kuliah ID 107919 ...
[2026-07-26 18:02:05]   ➤ ATA 2025/2026 | 3KB01 | Sistem Cerdas Lanjut | NUR SULTAN SALAHUDDIN
[2026-07-26 18:02:05]      • [Materi] Announcements Forum → Deadline: -
[2026-07-26 18:02:10]      • [Assignment] Sistem Kesehatan Cerdas → Deadline: Thursday, 21 May 2026, 12:00 AM
[2026-07-26 18:02:13]      • [Quiz] Sistem Kesehatan Cerdas → Deadline: Tidak diketahui
[2026-07-26 18:02:18]      • [Assignment] Sistem Industri Cerdas → Deadline: Monday, 20 July 2026, 12:00 AM
[2026-07-26 18:02:23]      • [Quiz] Sistem Industri Cerdas → Deadline: Tidak diketahui
[2026-07-26 18:02:27] 📚 Mengambil mata kuliah ID 107291 ...
[2026-07-26 18:02:27]   ➤ ATA 2025/2026 | 3KB01 | Pengantarmukaan Perif.Komputer * | FARID THALIB
[2026-07-26 18:02:27]      • [Materi] Announcements Forum → Deadline: -
[2026-07-26 18:02:32] 📚 Mengambil mata kuliah ID 104438 ...
[2026-07-26 18:02:32]   ➤ ATA 2025/2026 | 3-FIKTI | Terapan Teori Graf | TEAM TEACHING
[2026-07-26 18:02:32]      • [Materi] PEMBERITAHUAN UTS SUSULAN File → Deadline: -
[2026-07-26 18:02:37]      • [Materi] PEMBERITAHUAN PELAKSANAAN TEAM TEACHING TERAPAN TEORI GRAF Forum → Deadline: -
[2026-07-26 18:02:42]      • [Materi] M1: Pendahuluan Teori Graf File → Deadline: -
[2026-07-26 18:02:47]      • [Materi] Video Literasi M1: Pendahuluan Teori Graf URL → Deadline: -
[2026-07-26 18:02:52]      • [Quiz] Kuis M1 [kelas PAGI] → Deadline: Tidak diketahui
[2026-07-26 18:02:57]      • [Quiz] Kuis M1 [kelas MALAM] → Deadline: Tidak diketahui
[2026-07-26 18:03:00]      • [Materi] M2: Graf Tidak Berarah dan Graf Berbobot File → Deadline: -
[2026-07-26 18:03:04]      • [Materi] Video Literasi M2 : Graf Tidak Berarah dan Graf Berbobot URL → Deadline: -
[2026-07-26 18:03:09]      • [Quiz] Kuis M2 [KELAS PAGI] : Graf Tidak Berarah dan Graf Berbobot → Deadline: Tidak diketahui
[2026-07-26 18:03:14]      • [Quiz] Kuis M2 [KELAS MALAM] : Graf Tidak Berarah dan Graf Berbobot → Deadline: Tidak diketahui
[2026-07-26 18:03:18]      • [Materi] M4 : Aplikasi Teori Graf di Teknik Elektro File → Deadline: -
[2026-07-26 18:03:22]      • [Materi] Video Literasi M4 : Aplikasi Teori Graf di Teknik Elektro URL → Deadline: -
[2026-07-26 18:03:27]      • [Quiz] Kuis M4 [KELAS PAGI]: Aplikasi Teori Graf di Teknik Elektro → Deadline: Tidak diketahui
[2026-07-26 18:03:32]      • [Quiz] Kuis M4 [KELAS MALAM]: Aplikasi Teori Graf di Teknik Elektro → Deadline: Tidak diketahui
[2026-07-26 18:03:37]      • [Materi] M5 : Knowledge Graph dan Database Graph File → Deadline: -
[2026-07-26 18:03:41]      • [Materi] Video Literasi  M5 : Knowledge Graph dan Database Graph URL → Deadline: -
[2026-07-26 18:03:45]      • [Quiz] Kuis M5 [KELAS PAGI] : nowledge Graph dan Database Graph → Deadline: Tidak diketahui
[2026-07-26 18:03:49]      • [Quiz] Kuis M5 [KELAS MALAM] : Knowledge Graph dan Database Graph → Deadline: Tidak diketahui
[2026-07-26 18:03:53]      • [Materi] M6 : Graf Berarah dan Implementasinya File → Deadline: -
[2026-07-26 18:03:57]      • [Materi] Video Literasi M6 : Graf Berarah dan Implementasinya URL → Deadline: -
[2026-07-26 18:04:02]      • [Quiz] Kuis M6 [KELAS PAGI] : Graf Berarah dan Implementasinya → Deadline: Tidak diketahui
[2026-07-26 18:04:06]      • [Quiz] Kuis M6 [KELAS MALAM] : Graf Berarah dan Implementasinya → Deadline: Tidak diketahui
[2026-07-26 18:04:10]      • [Materi] M8 : Penerapan Teori Graf di Bidang Teknik Sipil File → Deadline: -
[2026-07-26 18:04:15]      • [Materi] Video Literasi M8 : Penerapan Teori Graf di Bidang Teknik Sipil URL → Deadline: -
[2026-07-26 18:04:19]      • [Quiz] Kuis M8 [KELAS PAGI] : Penerapan Teori Graf di Bidang Teknik Sipil → Deadline: Tidak diketahui
[2026-07-26 18:04:23]      • [Quiz] Kuis M8 [KELAS MALAM] : Penerapan Teori Graf di Bidang Teknik Sipil → Deadline: Tidak diketahui
[2026-07-26 18:04:27]      • [Materi] M10 : Penerapan Teori Graf  di Bidang Teknik Industri File → Deadline: -
[2026-07-26 18:04:32]      • [Materi] Video Literasi M10 : Penerapan Teori Graf  di Bidang Teknik Industri URL → Deadline: -
[2026-07-26 18:04:36]      • [Quiz] Kuis M10 [kelas pagi] : Penerapan Teori Graf  di Bidang Teknik Industri → Deadline: Tidak diketahui
[2026-07-26 18:04:41]      • [Quiz] Kuis M10 [kelas malam]: Penerapan Teori Graf  di Bidang Teknik Industri → Deadline: Tidak diketahui
[2026-07-26 18:04:45]      • [Materi] M11 : Program Dinamis dan Permasalahan Tata Letak Fasilitas File → Deadline: -
[2026-07-26 18:04:49]      • [Materi] video literasi : Program Dinamis dan Permasalahan Tata Letak Fasilitas URL → Deadline: -
[2026-07-26 18:04:53]      • [Quiz] Kuis M11 [kelas PAGI]: Program Dinamis dan Permasalahan Tata Letak Fasilitas → Deadline: Tidak diketahui
[2026-07-26 18:04:58]      • [Quiz] Kuis M11 [kelas MALAM]: Program Dinamis dan Permasalahan Tata Letak Fasilitas → Deadline: Tidak diketahui
[2026-07-26 18:05:02]      • [Materi] M12: Algoritma Greedy pada Graf File → Deadline: -
[2026-07-26 18:05:06]      • [Materi] Video literasi M12: Algoritma Greedy pada Graf URL → Deadline: -
[2026-07-26 18:05:11]      • [Quiz] Kuis M12 [kelas PAGI] → Deadline: Tidak diketahui
[2026-07-26 18:05:16]      • [Quiz] Kuis M12 [kelas MALAM] → Deadline: Tidak diketahui
[2026-07-26 18:05:21]      • [Materi] M13 File → Deadline: -
[2026-07-26 18:05:25]      • [Materi] Video Literasi M13 : Graph Theory Implementation in Oil Mining Company URL → Deadline: -
[2026-07-26 18:05:28]      • [Quiz] Kuis M13 [PAGI]: Graph Theory Implementation in Oil Mining Company → Deadline: Tidak diketahui
[2026-07-26 18:05:33]      • [Quiz] Kuis M13 [MALAM]: Graph Theory Implementation in Oil Mining Company → Deadline: Tidak diketahui
[2026-07-26 18:05:37]      • [Materi] M14 : Aplikasi Graf Lengkap sebagai Graf Representasi untuk Model Optimasi Rute Kendaraan File → Deadline: -
[2026-07-26 18:05:41]      • [Materi] Video Literasi : Aplikasi Graf Lengkap sebagai Graf Representasi untuk Model Optimasi Rute Kendaraan URL → Deadline: -
[2026-07-26 18:05:45]      • [Quiz] Kuis M14 [PAGI]: Aplikasi Graf Lengkap sebagai Graf Representasi untuk Model Optimasi Rute Kendaraan → Deadline: Tidak diketahui
[2026-07-26 18:05:50]      • [Quiz] Kuis M14 [MALAM]: Aplikasi Graf Lengkap sebagai Graf Representasi untuk Model Optimasi Rute Kendaraan → Deadline: Tidak diketahui
[2026-07-26 18:05:55] 📚 Mengambil mata kuliah ID 104413 ...
[2026-07-26 18:05:55]   ➤ ATA 2025/2026 | 3-FIKTI | Praktikum Terapan Teori Graf
[2026-07-26 18:05:55]      • [Materi] Panduan Praktikum  Forum → Deadline: -
[2026-07-26 18:06:00]      • [Materi] Panduan Google Collaboratory URL → Deadline: -
[2026-07-26 18:06:05]      • [Materi] Panduan Instalasi Anaconda URL → Deadline: -
[2026-07-26 18:06:09]      • [Quiz] Pre-Test (M1) → Deadline: Tidak diketahui
[2026-07-26 18:06:13]      • [Materi] 1.1  Pengantar: Teori Graf URL → Deadline: -
[2026-07-26 18:06:17]      • [Materi] 1.2  Sesi Hands-on Praktikum URL → Deadline: -
[2026-07-26 18:06:21]      • [Materi] 1.3 Tutorial Menambahkan File pada Mesin DGX URL → Deadline: -
[2026-07-26 18:06:26]      • [Quiz] Post-Test (M1) → Deadline: Tidak diketahui
[2026-07-26 18:06:30]      • [Assignment] Pengumpulan Tugas (M1) → Deadline: Saturday, 7 March 2026, 11:59 PM
[2026-07-26 18:06:34]      • [Quiz] Pre-Test (M2) → Deadline: Tidak diketahui
[2026-07-26 18:06:39]      • [Materi] 2.1  Pengantar: Berbagai Pemecahan Masalah Menggunakan Teori Graf Page → Deadline: -
[2026-07-26 18:06:42]      • [Quiz] Post-Test (M2) → Deadline: Tidak diketahui
[2026-07-26 18:06:47]      • [Assignment] Pengumpulan Tugas (M2) → Deadline: Saturday, 14 March 2026, 11:59 PM
[2026-07-26 18:06:52]      • [Quiz] Pre-Test (M4) → Deadline: Tidak diketahui
[2026-07-26 18:06:56]      • [Materi] 4.1  Pengantar: Breadth First Search URL → Deadline: -
[2026-07-26 18:06:59]      • [Materi] Sesi Praktikum File → Deadline: -
[2026-07-26 18:07:03]      • [Materi] Video Tutorial: Mendownload File IPYNB di Virtual Class URL → Deadline: -
[2026-07-26 18:07:08]      • [Quiz] Post-Test (M4) → Deadline: Tidak diketahui
[2026-07-26 18:07:13]      • [Assignment] Laporan Akhir (M4) → Deadline: Saturday, 11 April 2026, 11:59 PM
[2026-07-26 18:07:18]      • [Quiz] Pre-Test (M5) → Deadline: Tidak diketahui
[2026-07-26 18:07:23]      • [Materi] Sesi Praktikum URL → Deadline: -
[2026-07-26 18:07:27]      • [Quiz] Post-Test (M5) → Deadline: Tidak diketahui
[2026-07-26 18:07:31]      • [Assignment] Laporan Akhir (M5) → Deadline: Saturday, 18 April 2026, 11:59 PM
[2026-07-26 18:07:35]      • [Quiz] Pre-Test (M6) → Deadline: Tidak diketahui
[2026-07-26 18:07:39]      • [Materi] 6.1  Pendahuluan: Algoritma Dasar Tree URL → Deadline: -
[2026-07-26 18:07:43]      • [Materi] Sesi Praktikum File → Deadline: -
[2026-07-26 18:07:48]      • [Quiz] Post-Test (M6) → Deadline: Tidak diketahui
[2026-07-26 18:07:53]      • [Assignment] Laporan Akhir (M6) → Deadline: Saturday, 25 April 2026, 11:59 PM
[2026-07-26 18:07:58]      • [Quiz] Pre-Test (M8) → Deadline: Tidak diketahui
[2026-07-26 18:08:02]      • [Materi] 8.1  Pendahuluan: Implementasi Graph URL → Deadline: -
[2026-07-26 18:08:06]      • [Materi] Link File Praktikum I - family.pl → Deadline: -
[2026-07-26 18:08:11]      • [Materi] Link File Praktikum II - 8-puzzles.ipynb → Deadline: -
[2026-07-26 18:08:15]      • [Materi] Video Tutorial: Mendownload File IPYNB di Virtual Class URL → Deadline: -
[2026-07-26 18:08:19]      • [Quiz] Post-Test (M8) → Deadline: Tidak diketahui
[2026-07-26 18:08:24]      • [Assignment] Laporan Akhir (M8) → Deadline: Saturday, 9 May 2026, 11:59 PM
[2026-07-26 18:08:28]      • [Quiz] Pre-Test (M9) → Deadline: Tidak diketahui
[2026-07-26 18:08:32]      • [Materi] Sesi Hands-on Praktikum URL → Deadline: -
[2026-07-26 18:08:38]      • [Quiz] Post-Test (M9) → Deadline: Tidak diketahui
[2026-07-26 18:08:43]      • [Assignment] Pengumpulan Tugas (M9) → Deadline: Saturday, 16 May 2026, 11:59 PM
[2026-07-26 18:08:46]      • [Quiz] Pre-Test (M3) → Deadline: Tidak diketahui
[2026-07-26 18:08:51]      • [Materi] Sesi Praktikum URL → Deadline: -
[2026-07-26 18:08:55]      • [Materi] Video Tutorial: Menambahkan File pada Mesin DGX URL → Deadline: -
[2026-07-26 18:08:59]      • [Quiz] Post-Test (M3) → Deadline: Tidak diketahui
[2026-07-26 18:09:03]      • [Assignment] Pengumpulan Tugas (M3) → Deadline: Saturday, 23 May 2026, 11:59 PM
[2026-07-26 18:09:08]      • [Quiz] Pre-Test (M7) → Deadline: Tidak diketahui
[2026-07-26 18:09:12]      • [Materi] Link File Praktikum I - 3-Tekrek-Find-Center.ipynb → Deadline: -
[2026-07-26 18:09:16]      • [Materi] Link File Praktikum II - 3-Tekrek-Sortest-Path.ipynb → Deadline: -
[2026-07-26 18:09:21]      • [Materi] Video Tutorial: Mendownload File IPYNB di Virtual Class URL → Deadline: -
[2026-07-26 18:09:26]      • [Quiz] Post-Test (M7) → Deadline: Tidak diketahui
[2026-07-26 18:09:30]      • [Assignment] Laporan Akhir (M7) → Deadline: Saturday, 23 May 2026, 11:59 PM
[2026-07-26 18:09:35] 📦 Total tugas ditemukan: 126
[2026-07-26 18:09:35] 💾 Disimpan ke python/node/tugas.json
