[2026-07-30 12:56:27] 🔐 Login ke V-Class...
[2026-07-30 12:56:28] ✅ Login berhasil
[2026-07-30 12:56:28] 📚 Mengambil mata kuliah ID 108486 ...
[2026-07-30 12:56:28]   ➤ ATA 2025/2026 | 3KB01 | Jaringan Komputer Lanjut | VIVIEN NOVA FITHRIANA
[2026-07-30 12:56:28]      • [Materi] Announcements Forum → Deadline: -
[2026-07-30 12:56:32]      • [Materi] M1 File → Deadline: -
[2026-07-30 12:56:37]      • [Materi] M2 File → Deadline: -
[2026-07-30 12:56:41]      • [Materi] M3 File → Deadline: -
[2026-07-30 12:56:45]      • [Materi] M4 File → Deadline: -
[2026-07-30 12:56:49]      • [Materi] M5 File → Deadline: -
[2026-07-30 12:56:53]      • [Materi] M6 File → Deadline: -
[2026-07-30 12:56:58]      • [Materi] M7 File → Deadline: -
[2026-07-30 12:57:01]      • [Materi] VC-1 : Traffic dan Algoritma Kendali Kemacetan File → Deadline: -
[2026-07-30 12:57:06]      • [Materi] VC-1 : Traffic dan Algoritma Kendali Kemacetan File → Deadline: -
[2026-07-30 12:57:11]      • [Materi] Forum VC-1 : Traffic dan Algoritma Kendali Kemacetan → Deadline: -
[2026-07-30 12:57:16]      • [Quiz] Latihan Soal VC-1 : Traffic dan Algoritma Kendali Kemacetan → Deadline: Tidak diketahui
[2026-07-30 12:57:19]      • [Materi] VC-2 : Traffic dan Algoritma Kendali Kemacetan - Bagian 2 File → Deadline: -
[2026-07-30 12:57:24]      • [Materi] Forum VC-2 : Traffic dan Algoritma Kendali Kemacetan - Bagian 2 → Deadline: -
[2026-07-30 12:57:28]      • [Quiz] Latihan Soal VC-2 : Traffic dan Algoritma Kendali Kemacetan - Bagian 2 → Deadline: Tidak diketahui
[2026-07-30 12:57:32]      • [Materi] VC-3 : Lapisan Transport File → Deadline: -
[2026-07-30 12:57:36]      • [Materi] Forum VC-3 : Lapisan Transport → Deadline: -
[2026-07-30 12:57:41]      • [Quiz] Latihan Soal VC-3 : Lapisan Transport → Deadline: Tidak diketahui
[2026-07-30 12:57:45] 📚 Mengambil mata kuliah ID 108172 ...
[2026-07-30 12:57:45]   ➤ ATA 2025/2026 | 3KB01 | Internet of Things (IoT) | PURNAWARMAN MUSA
[2026-07-30 12:57:45]      • [Materi] Announcements Forum → Deadline: -
[2026-07-30 12:57:49]      • [Materi] M6 File → Deadline: -
[2026-07-30 12:57:54]      • [Quiz] Soal (Tugas Individu) → Deadline: Tidak diketahui
[2026-07-30 12:57:58]      • [Quiz] Soal (Tugas Individu) → Deadline: Tidak diketahui
[2026-07-30 12:58:03] 📚 Mengambil mata kuliah ID 109563 ...
[2026-07-30 12:58:03]   ➤ ATA 2025/2026 | 3KB01 | Sistem Tertanam (Embedded) * | RIDHA ISKANDAR
[2026-07-30 12:58:03]      • [Materi] Selamat Datang di V-Class Sistem Tertanam (Embedded) Forum → Deadline: -
[2026-07-30 12:58:07]      • [Assignment] File 1 → Deadline: Sunday, 26 April 2026, 12:00 AM
[2026-07-30 12:58:12] 📚 Mengambil mata kuliah ID 109970 ...
[2026-07-30 12:58:12]   ➤ ATA 2025/2026 | 2EB10 | Bahasa Indonesia | MELANIAWATI
[2026-07-30 12:58:12] 📚 Mengambil mata kuliah ID 107919 ...
[2026-07-30 12:58:12]   ➤ ATA 2025/2026 | 3KB01 | Sistem Cerdas Lanjut | NUR SULTAN SALAHUDDIN
[2026-07-30 12:58:12]      • [Materi] Announcements Forum → Deadline: -
[2026-07-30 12:58:16]      • [Assignment] Sistem Kesehatan Cerdas → Deadline: Thursday, 21 May 2026, 12:00 AM
[2026-07-30 12:58:20]      • [Quiz] Sistem Kesehatan Cerdas → Deadline: Tidak diketahui
[2026-07-30 12:58:25]      • [Assignment] Sistem Industri Cerdas → Deadline: Monday, 20 July 2026, 12:00 AM
[2026-07-30 12:58:30]      • [Quiz] Sistem Industri Cerdas → Deadline: Tidak diketahui
[2026-07-30 12:58:34] 📚 Mengambil mata kuliah ID 107291 ...
[2026-07-30 12:58:34]   ➤ ATA 2025/2026 | 3KB01 | Pengantarmukaan Perif.Komputer * | FARID THALIB
[2026-07-30 12:58:34]      • [Materi] Announcements Forum → Deadline: -
[2026-07-30 12:58:39] 📚 Mengambil mata kuliah ID 104438 ...
[2026-07-30 12:58:39]   ➤ ATA 2025/2026 | 3-FIKTI | Terapan Teori Graf | TEAM TEACHING
[2026-07-30 12:58:39]      • [Materi] PEMBERITAHUAN UTS SUSULAN File → Deadline: -
[2026-07-30 12:58:44]      • [Materi] PEMBERITAHUAN PELAKSANAAN TEAM TEACHING TERAPAN TEORI GRAF Forum → Deadline: -
[2026-07-30 12:58:48]      • [Materi] M1: Pendahuluan Teori Graf File → Deadline: -
[2026-07-30 12:58:52]      • [Materi] Video Literasi M1: Pendahuluan Teori Graf URL → Deadline: -
[2026-07-30 12:58:56]      • [Quiz] Kuis M1 [kelas PAGI] → Deadline: Tidak diketahui
[2026-07-30 12:59:00]      • [Quiz] Kuis M1 [kelas MALAM] → Deadline: Tidak diketahui
[2026-07-30 12:59:05]      • [Materi] M2: Graf Tidak Berarah dan Graf Berbobot File → Deadline: -
[2026-07-30 12:59:09]      • [Materi] Video Literasi M2 : Graf Tidak Berarah dan Graf Berbobot URL → Deadline: -
[2026-07-30 12:59:13]      • [Quiz] Kuis M2 [KELAS PAGI] : Graf Tidak Berarah dan Graf Berbobot → Deadline: Tidak diketahui
[2026-07-30 12:59:18]      • [Quiz] Kuis M2 [KELAS MALAM] : Graf Tidak Berarah dan Graf Berbobot → Deadline: Tidak diketahui
[2026-07-30 12:59:22]      • [Materi] M4 : Aplikasi Teori Graf di Teknik Elektro File → Deadline: -
[2026-07-30 12:59:25]      • [Materi] Video Literasi M4 : Aplikasi Teori Graf di Teknik Elektro URL → Deadline: -
[2026-07-30 12:59:30]      • [Quiz] Kuis M4 [KELAS PAGI]: Aplikasi Teori Graf di Teknik Elektro → Deadline: Tidak diketahui
[2026-07-30 12:59:35]      • [Quiz] Kuis M4 [KELAS MALAM]: Aplikasi Teori Graf di Teknik Elektro → Deadline: Tidak diketahui
[2026-07-30 12:59:39]      • [Materi] M5 : Knowledge Graph dan Database Graph File → Deadline: -
[2026-07-30 12:59:43]      • [Materi] Video Literasi  M5 : Knowledge Graph dan Database Graph URL → Deadline: -
[2026-07-30 12:59:47]      • [Quiz] Kuis M5 [KELAS PAGI] : nowledge Graph dan Database Graph → Deadline: Tidak diketahui
[2026-07-30 12:59:52]      • [Quiz] Kuis M5 [KELAS MALAM] : Knowledge Graph dan Database Graph → Deadline: Tidak diketahui
[2026-07-30 12:59:56]      • [Materi] M6 : Graf Berarah dan Implementasinya File → Deadline: -
[2026-07-30 13:00:01]      • [Materi] Video Literasi M6 : Graf Berarah dan Implementasinya URL → Deadline: -
[2026-07-30 13:00:06]      • [Quiz] Kuis M6 [KELAS PAGI] : Graf Berarah dan Implementasinya → Deadline: Tidak diketahui
[2026-07-30 13:00:10]      • [Quiz] Kuis M6 [KELAS MALAM] : Graf Berarah dan Implementasinya → Deadline: Tidak diketahui
[2026-07-30 13:00:14]      • [Materi] M8 : Penerapan Teori Graf di Bidang Teknik Sipil File → Deadline: -
[2026-07-30 13:00:18]      • [Materi] Video Literasi M8 : Penerapan Teori Graf di Bidang Teknik Sipil URL → Deadline: -
[2026-07-30 13:00:22]      • [Quiz] Kuis M8 [KELAS PAGI] : Penerapan Teori Graf di Bidang Teknik Sipil → Deadline: Tidak diketahui
[2026-07-30 13:00:27]      • [Quiz] Kuis M8 [KELAS MALAM] : Penerapan Teori Graf di Bidang Teknik Sipil → Deadline: Tidak diketahui
[2026-07-30 13:00:31]      • [Materi] M10 : Penerapan Teori Graf  di Bidang Teknik Industri File → Deadline: -
[2026-07-30 13:00:35]      • [Materi] Video Literasi M10 : Penerapan Teori Graf  di Bidang Teknik Industri URL → Deadline: -
[2026-07-30 13:00:39]      • [Quiz] Kuis M10 [kelas pagi] : Penerapan Teori Graf  di Bidang Teknik Industri → Deadline: Tidak diketahui
[2026-07-30 13:00:42]      • [Quiz] Kuis M10 [kelas malam]: Penerapan Teori Graf  di Bidang Teknik Industri → Deadline: Tidak diketahui
[2026-07-30 13:00:47]      • [Materi] M11 : Program Dinamis dan Permasalahan Tata Letak Fasilitas File → Deadline: -
[2026-07-30 13:00:51]      • [Materi] video literasi : Program Dinamis dan Permasalahan Tata Letak Fasilitas URL → Deadline: -
[2026-07-30 13:00:55]      • [Quiz] Kuis M11 [kelas PAGI]: Program Dinamis dan Permasalahan Tata Letak Fasilitas → Deadline: Tidak diketahui
[2026-07-30 13:00:59]      • [Quiz] Kuis M11 [kelas MALAM]: Program Dinamis dan Permasalahan Tata Letak Fasilitas → Deadline: Tidak diketahui
[2026-07-30 13:01:03]      • [Materi] M12: Algoritma Greedy pada Graf File → Deadline: -
[2026-07-30 13:01:08]      • [Materi] Video literasi M12: Algoritma Greedy pada Graf URL → Deadline: -
[2026-07-30 13:01:12]      • [Quiz] Kuis M12 [kelas PAGI] → Deadline: Tidak diketahui
[2026-07-30 13:01:17]      • [Quiz] Kuis M12 [kelas MALAM] → Deadline: Tidak diketahui
[2026-07-30 13:01:21]      • [Materi] M13 File → Deadline: -
[2026-07-30 13:01:26]      • [Materi] Video Literasi M13 : Graph Theory Implementation in Oil Mining Company URL → Deadline: -
[2026-07-30 13:01:30]      • [Quiz] Kuis M13 [PAGI]: Graph Theory Implementation in Oil Mining Company → Deadline: Tidak diketahui
[2026-07-30 13:01:34]      • [Quiz] Kuis M13 [MALAM]: Graph Theory Implementation in Oil Mining Company → Deadline: Tidak diketahui
[2026-07-30 13:01:38]      • [Materi] M14 : Aplikasi Graf Lengkap sebagai Graf Representasi untuk Model Optimasi Rute Kendaraan File → Deadline: -
[2026-07-30 13:01:41]      • [Materi] Video Literasi : Aplikasi Graf Lengkap sebagai Graf Representasi untuk Model Optimasi Rute Kendaraan URL → Deadline: -
[2026-07-30 13:01:46]      • [Quiz] Kuis M14 [PAGI]: Aplikasi Graf Lengkap sebagai Graf Representasi untuk Model Optimasi Rute Kendaraan → Deadline: Tidak diketahui
[2026-07-30 13:01:50]      • [Quiz] Kuis M14 [MALAM]: Aplikasi Graf Lengkap sebagai Graf Representasi untuk Model Optimasi Rute Kendaraan → Deadline: Tidak diketahui
[2026-07-30 13:01:55] 📚 Mengambil mata kuliah ID 104413 ...
[2026-07-30 13:01:55]   ➤ ATA 2025/2026 | 3-FIKTI | Praktikum Terapan Teori Graf
[2026-07-30 13:01:55]      • [Materi] Panduan Praktikum  Forum → Deadline: -
[2026-07-30 13:01:59]      • [Materi] Panduan Google Collaboratory URL → Deadline: -
[2026-07-30 13:02:03]      • [Materi] Panduan Instalasi Anaconda URL → Deadline: -
[2026-07-30 13:02:07]      • [Quiz] Pre-Test (M1) → Deadline: Tidak diketahui
[2026-07-30 13:02:11]      • [Materi] 1.1  Pengantar: Teori Graf URL → Deadline: -
[2026-07-30 13:02:16]      • [Materi] 1.2  Sesi Hands-on Praktikum URL → Deadline: -
[2026-07-30 13:02:20]      • [Materi] 1.3 Tutorial Menambahkan File pada Mesin DGX URL → Deadline: -
[2026-07-30 13:02:24]      • [Quiz] Post-Test (M1) → Deadline: Tidak diketahui
[2026-07-30 13:02:29]      • [Assignment] Pengumpulan Tugas (M1) → Deadline: Saturday, 7 March 2026, 11:59 PM
[2026-07-30 13:02:33]      • [Quiz] Pre-Test (M2) → Deadline: Tidak diketahui
[2026-07-30 13:02:37]      • [Materi] 2.1  Pengantar: Berbagai Pemecahan Masalah Menggunakan Teori Graf Page → Deadline: -
[2026-07-30 13:02:41]      • [Quiz] Post-Test (M2) → Deadline: Tidak diketahui
[2026-07-30 13:02:45]      • [Assignment] Pengumpulan Tugas (M2) → Deadline: Saturday, 14 March 2026, 11:59 PM
[2026-07-30 13:02:49]      • [Quiz] Pre-Test (M4) → Deadline: Tidak diketahui
[2026-07-30 13:02:53]      • [Materi] 4.1  Pengantar: Breadth First Search URL → Deadline: -
[2026-07-30 13:02:57]      • [Materi] Sesi Praktikum File → Deadline: -
[2026-07-30 13:03:00]      • [Materi] Video Tutorial: Mendownload File IPYNB di Virtual Class URL → Deadline: -
[2026-07-30 13:03:04]      • [Quiz] Post-Test (M4) → Deadline: Tidak diketahui
[2026-07-30 13:03:09]      • [Assignment] Laporan Akhir (M4) → Deadline: Saturday, 11 April 2026, 11:59 PM
[2026-07-30 13:03:14]      • [Quiz] Pre-Test (M5) → Deadline: Tidak diketahui
[2026-07-30 13:03:17]      • [Materi] Sesi Praktikum URL → Deadline: -
[2026-07-30 13:03:22]      • [Quiz] Post-Test (M5) → Deadline: Tidak diketahui
[2026-07-30 13:03:27]      • [Assignment] Laporan Akhir (M5) → Deadline: Saturday, 18 April 2026, 11:59 PM
[2026-07-30 13:03:32]      • [Quiz] Pre-Test (M6) → Deadline: Tidak diketahui
[2026-07-30 13:03:36]      • [Materi] 6.1  Pendahuluan: Algoritma Dasar Tree URL → Deadline: -
[2026-07-30 13:03:41]      • [Materi] Sesi Praktikum File → Deadline: -
[2026-07-30 13:03:46]      • [Quiz] Post-Test (M6) → Deadline: Tidak diketahui
[2026-07-30 13:03:50]      • [Assignment] Laporan Akhir (M6) → Deadline: Saturday, 25 April 2026, 11:59 PM
[2026-07-30 13:03:54]      • [Quiz] Pre-Test (M8) → Deadline: Tidak diketahui
[2026-07-30 13:03:58]      • [Materi] 8.1  Pendahuluan: Implementasi Graph URL → Deadline: -
[2026-07-30 13:04:02]      • [Materi] Link File Praktikum I - family.pl → Deadline: -
[2026-07-30 13:04:07]      • [Materi] Link File Praktikum II - 8-puzzles.ipynb → Deadline: -
[2026-07-30 13:04:11]      • [Materi] Video Tutorial: Mendownload File IPYNB di Virtual Class URL → Deadline: -
[2026-07-30 13:04:16]      • [Quiz] Post-Test (M8) → Deadline: Tidak diketahui
[2026-07-30 13:04:20]      • [Assignment] Laporan Akhir (M8) → Deadline: Saturday, 9 May 2026, 11:59 PM
[2026-07-30 13:04:24]      • [Quiz] Pre-Test (M9) → Deadline: Tidak diketahui
[2026-07-30 13:04:28]      • [Materi] Sesi Hands-on Praktikum URL → Deadline: -
[2026-07-30 13:04:34]      • [Quiz] Post-Test (M9) → Deadline: Tidak diketahui
[2026-07-30 13:04:38]      • [Assignment] Pengumpulan Tugas (M9) → Deadline: Saturday, 16 May 2026, 11:59 PM
[2026-07-30 13:04:42]      • [Quiz] Pre-Test (M3) → Deadline: Tidak diketahui
[2026-07-30 13:04:46]      • [Materi] Sesi Praktikum URL → Deadline: -
[2026-07-30 13:04:51]      • [Materi] Video Tutorial: Menambahkan File pada Mesin DGX URL → Deadline: -
[2026-07-30 13:04:55]      • [Quiz] Post-Test (M3) → Deadline: Tidak diketahui
[2026-07-30 13:05:00]      • [Assignment] Pengumpulan Tugas (M3) → Deadline: Saturday, 23 May 2026, 11:59 PM
[2026-07-30 13:05:04]      • [Quiz] Pre-Test (M7) → Deadline: Tidak diketahui
[2026-07-30 13:05:08]      • [Materi] Link File Praktikum I - 3-Tekrek-Find-Center.ipynb → Deadline: -
[2026-07-30 13:05:12]      • [Materi] Link File Praktikum II - 3-Tekrek-Sortest-Path.ipynb → Deadline: -
[2026-07-30 13:05:16]      • [Materi] Video Tutorial: Mendownload File IPYNB di Virtual Class URL → Deadline: -
[2026-07-30 13:05:20]      • [Quiz] Post-Test (M7) → Deadline: Tidak diketahui
[2026-07-30 13:05:24]      • [Assignment] Laporan Akhir (M7) → Deadline: Saturday, 23 May 2026, 11:59 PM
[2026-07-30 13:05:28] 📦 Total tugas ditemukan: 126
[2026-07-30 13:05:28] 💾 Disimpan ke python/node/tugas.json
[2026-07-30 13:48:29] 🔐 Login ke V-Class...
[2026-07-30 13:48:30] ✅ Login berhasil
[2026-07-30 13:48:30] 📚 Mengambil mata kuliah ID 108486 ...
[2026-07-30 13:48:30]   ➤ ATA 2025/2026 | 3KB01 | Jaringan Komputer Lanjut | VIVIEN NOVA FITHRIANA
[2026-07-30 13:48:30]      • [Materi] Announcements Forum → Deadline: -
[2026-07-30 13:48:34]      • [Materi] M1 File → Deadline: -
[2026-07-30 13:48:38]      • [Materi] M2 File → Deadline: -
[2026-07-30 13:48:41]      • [Materi] M3 File → Deadline: -
[2026-07-30 13:48:45]      • [Materi] M4 File → Deadline: -
[2026-07-30 13:48:49]      • [Materi] M5 File → Deadline: -
[2026-07-30 13:48:54]      • [Materi] M6 File → Deadline: -
[2026-07-30 13:48:57]      • [Materi] M7 File → Deadline: -
[2026-07-30 13:49:02]      • [Materi] VC-1 : Traffic dan Algoritma Kendali Kemacetan File → Deadline: -
[2026-07-30 13:49:06]      • [Materi] VC-1 : Traffic dan Algoritma Kendali Kemacetan File → Deadline: -
[2026-07-30 13:49:10]      • [Materi] Forum VC-1 : Traffic dan Algoritma Kendali Kemacetan → Deadline: -
[2026-07-30 13:49:15]      • [Quiz] Latihan Soal VC-1 : Traffic dan Algoritma Kendali Kemacetan → Deadline: Tidak diketahui
[2026-07-30 13:49:19]      • [Materi] VC-2 : Traffic dan Algoritma Kendali Kemacetan - Bagian 2 File → Deadline: -
[2026-07-30 13:49:22]      • [Materi] Forum VC-2 : Traffic dan Algoritma Kendali Kemacetan - Bagian 2 → Deadline: -
[2026-07-30 13:49:27]      • [Quiz] Latihan Soal VC-2 : Traffic dan Algoritma Kendali Kemacetan - Bagian 2 → Deadline: Tidak diketahui
[2026-07-30 13:49:32]      • [Materi] VC-3 : Lapisan Transport File → Deadline: -
[2026-07-30 13:49:36]      • [Materi] Forum VC-3 : Lapisan Transport → Deadline: -
[2026-07-30 13:49:40]      • [Quiz] Latihan Soal VC-3 : Lapisan Transport → Deadline: Tidak diketahui
[2026-07-30 13:49:44] 📚 Mengambil mata kuliah ID 108172 ...
[2026-07-30 13:49:44]   ➤ ATA 2025/2026 | 3KB01 | Internet of Things (IoT) | PURNAWARMAN MUSA
[2026-07-30 13:49:44]      • [Materi] Announcements Forum → Deadline: -
[2026-07-30 13:49:49]      • [Materi] M6 File → Deadline: -
[2026-07-30 13:49:53]      • [Quiz] Soal (Tugas Individu) → Deadline: Tidak diketahui
[2026-07-30 13:49:57]      • [Quiz] Soal (Tugas Individu) → Deadline: Tidak diketahui
[2026-07-30 13:50:01] 📚 Mengambil mata kuliah ID 109563 ...
[2026-07-30 13:50:01]   ➤ ATA 2025/2026 | 3KB01 | Sistem Tertanam (Embedded) * | RIDHA ISKANDAR
[2026-07-30 13:50:01]      • [Materi] Selamat Datang di V-Class Sistem Tertanam (Embedded) Forum → Deadline: -
[2026-07-30 13:50:05]      • [Assignment] File 1 → Deadline: Sunday, 26 April 2026, 12:00 AM
[2026-07-30 13:50:10] 📚 Mengambil mata kuliah ID 109970 ...
[2026-07-30 13:50:10]   ➤ ATA 2025/2026 | 2EB10 | Bahasa Indonesia | MELANIAWATI
[2026-07-30 13:50:10] 📚 Mengambil mata kuliah ID 107919 ...
[2026-07-30 13:50:10]   ➤ ATA 2025/2026 | 3KB01 | Sistem Cerdas Lanjut | NUR SULTAN SALAHUDDIN
[2026-07-30 13:50:10]      • [Materi] Announcements Forum → Deadline: -
[2026-07-30 13:50:15]      • [Assignment] Sistem Kesehatan Cerdas → Deadline: Thursday, 21 May 2026, 12:00 AM
[2026-07-30 13:50:19]      • [Quiz] Sistem Kesehatan Cerdas → Deadline: Tidak diketahui
[2026-07-30 13:50:23]      • [Assignment] Sistem Industri Cerdas → Deadline: Monday, 20 July 2026, 12:00 AM
[2026-07-30 13:50:28]      • [Quiz] Sistem Industri Cerdas → Deadline: Tidak diketahui
[2026-07-30 13:50:32] 📚 Mengambil mata kuliah ID 107291 ...
[2026-07-30 13:50:33]   ➤ ATA 2025/2026 | 3KB01 | Pengantarmukaan Perif.Komputer * | FARID THALIB
[2026-07-30 13:50:33]      • [Materi] Announcements Forum → Deadline: -
[2026-07-30 13:50:37] 📚 Mengambil mata kuliah ID 104438 ...
[2026-07-30 13:50:37]   ➤ ATA 2025/2026 | 3-FIKTI | Terapan Teori Graf | TEAM TEACHING
[2026-07-30 13:50:37]      • [Materi] PEMBERITAHUAN UTS SUSULAN File → Deadline: -
[2026-07-30 13:50:41]      • [Materi] PEMBERITAHUAN PELAKSANAAN TEAM TEACHING TERAPAN TEORI GRAF Forum → Deadline: -
[2026-07-30 13:50:45]      • [Materi] M1: Pendahuluan Teori Graf File → Deadline: -
[2026-07-30 13:50:49]      • [Materi] Video Literasi M1: Pendahuluan Teori Graf URL → Deadline: -
[2026-07-30 13:50:53]      • [Quiz] Kuis M1 [kelas PAGI] → Deadline: Tidak diketahui
[2026-07-30 13:50:58]      • [Quiz] Kuis M1 [kelas MALAM] → Deadline: Tidak diketahui
[2026-07-30 13:51:03]      • [Materi] M2: Graf Tidak Berarah dan Graf Berbobot File → Deadline: -
[2026-07-30 13:51:07]      • [Materi] Video Literasi M2 : Graf Tidak Berarah dan Graf Berbobot URL → Deadline: -
[2026-07-30 13:51:11]      • [Quiz] Kuis M2 [KELAS PAGI] : Graf Tidak Berarah dan Graf Berbobot → Deadline: Tidak diketahui
[2026-07-30 13:51:16]      • [Quiz] Kuis M2 [KELAS MALAM] : Graf Tidak Berarah dan Graf Berbobot → Deadline: Tidak diketahui
[2026-07-30 13:51:20]      • [Materi] M4 : Aplikasi Teori Graf di Teknik Elektro File → Deadline: -
[2026-07-30 13:51:24]      • [Materi] Video Literasi M4 : Aplikasi Teori Graf di Teknik Elektro URL → Deadline: -
[2026-07-30 13:51:27]      • [Quiz] Kuis M4 [KELAS PAGI]: Aplikasi Teori Graf di Teknik Elektro → Deadline: Tidak diketahui
[2026-07-30 13:51:31]      • [Quiz] Kuis M4 [KELAS MALAM]: Aplikasi Teori Graf di Teknik Elektro → Deadline: Tidak diketahui
[2026-07-30 13:51:35]      • [Materi] M5 : Knowledge Graph dan Database Graph File → Deadline: -
[2026-07-30 13:51:39]      • [Materi] Video Literasi  M5 : Knowledge Graph dan Database Graph URL → Deadline: -
[2026-07-30 13:51:42]      • [Quiz] Kuis M5 [KELAS PAGI] : nowledge Graph dan Database Graph → Deadline: Tidak diketahui
[2026-07-30 13:51:47]      • [Quiz] Kuis M5 [KELAS MALAM] : Knowledge Graph dan Database Graph → Deadline: Tidak diketahui
[2026-07-30 13:51:51]      • [Materi] M6 : Graf Berarah dan Implementasinya File → Deadline: -
[2026-07-30 13:51:55]      • [Materi] Video Literasi M6 : Graf Berarah dan Implementasinya URL → Deadline: -
[2026-07-30 13:51:59]      • [Quiz] Kuis M6 [KELAS PAGI] : Graf Berarah dan Implementasinya → Deadline: Tidak diketahui
[2026-07-30 13:52:04]      • [Quiz] Kuis M6 [KELAS MALAM] : Graf Berarah dan Implementasinya → Deadline: Tidak diketahui
[2026-07-30 13:52:08]      • [Materi] M8 : Penerapan Teori Graf di Bidang Teknik Sipil File → Deadline: -
[2026-07-30 13:52:13]      • [Materi] Video Literasi M8 : Penerapan Teori Graf di Bidang Teknik Sipil URL → Deadline: -
[2026-07-30 13:52:16]      • [Quiz] Kuis M8 [KELAS PAGI] : Penerapan Teori Graf di Bidang Teknik Sipil → Deadline: Tidak diketahui
[2026-07-30 13:52:20]      • [Quiz] Kuis M8 [KELAS MALAM] : Penerapan Teori Graf di Bidang Teknik Sipil → Deadline: Tidak diketahui
[2026-07-30 13:52:24]      • [Materi] M10 : Penerapan Teori Graf  di Bidang Teknik Industri File → Deadline: -
[2026-07-30 13:52:29]      • [Materi] Video Literasi M10 : Penerapan Teori Graf  di Bidang Teknik Industri URL → Deadline: -
[2026-07-30 13:52:34]      • [Quiz] Kuis M10 [kelas pagi] : Penerapan Teori Graf  di Bidang Teknik Industri → Deadline: Tidak diketahui
[2026-07-30 13:52:38]      • [Quiz] Kuis M10 [kelas malam]: Penerapan Teori Graf  di Bidang Teknik Industri → Deadline: Tidak diketahui
[2026-07-30 13:52:43]      • [Materi] M11 : Program Dinamis dan Permasalahan Tata Letak Fasilitas File → Deadline: -
[2026-07-30 13:52:47]      • [Materi] video literasi : Program Dinamis dan Permasalahan Tata Letak Fasilitas URL → Deadline: -
[2026-07-30 13:52:51]      • [Quiz] Kuis M11 [kelas PAGI]: Program Dinamis dan Permasalahan Tata Letak Fasilitas → Deadline: Tidak diketahui
[2026-07-30 13:52:56]      • [Quiz] Kuis M11 [kelas MALAM]: Program Dinamis dan Permasalahan Tata Letak Fasilitas → Deadline: Tidak diketahui
[2026-07-30 13:53:00]      • [Materi] M12: Algoritma Greedy pada Graf File → Deadline: -
[2026-07-30 13:53:05]      • [Materi] Video literasi M12: Algoritma Greedy pada Graf URL → Deadline: -
[2026-07-30 13:53:10]      • [Quiz] Kuis M12 [kelas PAGI] → Deadline: Tidak diketahui
[2026-07-30 13:53:14]      • [Quiz] Kuis M12 [kelas MALAM] → Deadline: Tidak diketahui
[2026-07-30 13:53:18]      • [Materi] M13 File → Deadline: -
[2026-07-30 13:53:23]      • [Materi] Video Literasi M13 : Graph Theory Implementation in Oil Mining Company URL → Deadline: -
[2026-07-30 13:53:27]      • [Quiz] Kuis M13 [PAGI]: Graph Theory Implementation in Oil Mining Company → Deadline: Tidak diketahui
[2026-07-30 13:53:32]      • [Quiz] Kuis M13 [MALAM]: Graph Theory Implementation in Oil Mining Company → Deadline: Tidak diketahui
[2026-07-30 13:53:37]      • [Materi] M14 : Aplikasi Graf Lengkap sebagai Graf Representasi untuk Model Optimasi Rute Kendaraan File → Deadline: -
[2026-07-30 13:53:42]      • [Materi] Video Literasi : Aplikasi Graf Lengkap sebagai Graf Representasi untuk Model Optimasi Rute Kendaraan URL → Deadline: -
[2026-07-30 13:53:45]      • [Quiz] Kuis M14 [PAGI]: Aplikasi Graf Lengkap sebagai Graf Representasi untuk Model Optimasi Rute Kendaraan → Deadline: Tidak diketahui
[2026-07-30 13:53:50]      • [Quiz] Kuis M14 [MALAM]: Aplikasi Graf Lengkap sebagai Graf Representasi untuk Model Optimasi Rute Kendaraan → Deadline: Tidak diketahui
[2026-07-30 13:53:54] 📚 Mengambil mata kuliah ID 104413 ...
[2026-07-30 13:53:54]   ➤ ATA 2025/2026 | 3-FIKTI | Praktikum Terapan Teori Graf
[2026-07-30 13:53:54]      • [Materi] Panduan Praktikum  Forum → Deadline: -
[2026-07-30 13:53:58]      • [Materi] Panduan Google Collaboratory URL → Deadline: -
[2026-07-30 13:54:01]      • [Materi] Panduan Instalasi Anaconda URL → Deadline: -
[2026-07-30 13:54:05]      • [Quiz] Pre-Test (M1) → Deadline: Tidak diketahui
[2026-07-30 13:54:09]      • [Materi] 1.1  Pengantar: Teori Graf URL → Deadline: -
[2026-07-30 13:54:13]      • [Materi] 1.2  Sesi Hands-on Praktikum URL → Deadline: -
[2026-07-30 13:54:17]      • [Materi] 1.3 Tutorial Menambahkan File pada Mesin DGX URL → Deadline: -
[2026-07-30 13:54:21]      • [Quiz] Post-Test (M1) → Deadline: Tidak diketahui
[2026-07-30 13:54:25]      • [Assignment] Pengumpulan Tugas (M1) → Deadline: Saturday, 7 March 2026, 11:59 PM
[2026-07-30 13:54:28]      • [Quiz] Pre-Test (M2) → Deadline: Tidak diketahui
[2026-07-30 13:54:32]      • [Materi] 2.1  Pengantar: Berbagai Pemecahan Masalah Menggunakan Teori Graf Page → Deadline: -
[2026-07-30 13:54:37]      • [Quiz] Post-Test (M2) → Deadline: Tidak diketahui
[2026-07-30 13:54:42]      • [Assignment] Pengumpulan Tugas (M2) → Deadline: Saturday, 14 March 2026, 11:59 PM
[2026-07-30 13:54:47]      • [Quiz] Pre-Test (M4) → Deadline: Tidak diketahui
[2026-07-30 13:54:52]      • [Materi] 4.1  Pengantar: Breadth First Search URL → Deadline: -
[2026-07-30 13:54:56]      • [Materi] Sesi Praktikum File → Deadline: -
[2026-07-30 13:55:00]      • [Materi] Video Tutorial: Mendownload File IPYNB di Virtual Class URL → Deadline: -
[2026-07-30 13:55:05]      • [Quiz] Post-Test (M4) → Deadline: Tidak diketahui
[2026-07-30 13:55:09]      • [Assignment] Laporan Akhir (M4) → Deadline: Saturday, 11 April 2026, 11:59 PM
[2026-07-30 13:55:14]      • [Quiz] Pre-Test (M5) → Deadline: Tidak diketahui
[2026-07-30 13:55:19]      • [Materi] Sesi Praktikum URL → Deadline: -
[2026-07-30 13:55:24]      • [Quiz] Post-Test (M5) → Deadline: Tidak diketahui
[2026-07-30 13:55:29]      • [Assignment] Laporan Akhir (M5) → Deadline: Saturday, 18 April 2026, 11:59 PM
[2026-07-30 13:55:33]      • [Quiz] Pre-Test (M6) → Deadline: Tidak diketahui
[2026-07-30 13:55:37]      • [Materi] 6.1  Pendahuluan: Algoritma Dasar Tree URL → Deadline: -
[2026-07-30 13:55:41]      • [Materi] Sesi Praktikum File → Deadline: -
[2026-07-30 13:55:45]      • [Quiz] Post-Test (M6) → Deadline: Tidak diketahui
[2026-07-30 13:55:50]      • [Assignment] Laporan Akhir (M6) → Deadline: Saturday, 25 April 2026, 11:59 PM
[2026-07-30 13:55:54]      • [Quiz] Pre-Test (M8) → Deadline: Tidak diketahui
[2026-07-30 13:55:58]      • [Materi] 8.1  Pendahuluan: Implementasi Graph URL → Deadline: -
[2026-07-30 13:56:02]      • [Materi] Link File Praktikum I - family.pl → Deadline: -
[2026-07-30 13:56:06]      • [Materi] Link File Praktikum II - 8-puzzles.ipynb → Deadline: -
[2026-07-30 13:56:11]      • [Materi] Video Tutorial: Mendownload File IPYNB di Virtual Class URL → Deadline: -
[2026-07-30 13:56:16]      • [Quiz] Post-Test (M8) → Deadline: Tidak diketahui
[2026-07-30 13:56:20]      • [Assignment] Laporan Akhir (M8) → Deadline: Saturday, 9 May 2026, 11:59 PM
[2026-07-30 13:56:25]      • [Quiz] Pre-Test (M9) → Deadline: Tidak diketahui
[2026-07-30 13:56:29]      • [Materi] Sesi Hands-on Praktikum URL → Deadline: -
[2026-07-30 13:56:33]      • [Quiz] Post-Test (M9) → Deadline: Tidak diketahui
[2026-07-30 13:56:37]      • [Assignment] Pengumpulan Tugas (M9) → Deadline: Saturday, 16 May 2026, 11:59 PM
[2026-07-30 13:56:42]      • [Quiz] Pre-Test (M3) → Deadline: Tidak diketahui
[2026-07-30 13:56:47]      • [Materi] Sesi Praktikum URL → Deadline: -
[2026-07-30 13:56:51]      • [Materi] Video Tutorial: Menambahkan File pada Mesin DGX URL → Deadline: -
[2026-07-30 13:56:55]      • [Quiz] Post-Test (M3) → Deadline: Tidak diketahui
[2026-07-30 13:57:00]      • [Assignment] Pengumpulan Tugas (M3) → Deadline: Saturday, 23 May 2026, 11:59 PM
[2026-07-30 13:57:05]      • [Quiz] Pre-Test (M7) → Deadline: Tidak diketahui
[2026-07-30 13:57:10]      • [Materi] Link File Praktikum I - 3-Tekrek-Find-Center.ipynb → Deadline: -
[2026-07-30 13:57:13]      • [Materi] Link File Praktikum II - 3-Tekrek-Sortest-Path.ipynb → Deadline: -
[2026-07-30 13:57:18]      • [Materi] Video Tutorial: Mendownload File IPYNB di Virtual Class URL → Deadline: -
[2026-07-30 13:57:22]      • [Quiz] Post-Test (M7) → Deadline: Tidak diketahui
[2026-07-30 13:57:32] ⚠️ Gagal mengambil course ID 104413: ('Connection aborted.', RemoteDisconnected('Remote end closed connection without response'))
[2026-07-30 13:57:32] 📦 Total tugas ditemukan: 125
[2026-07-30 13:57:32] 💾 Disimpan ke python/node/tugas.json
[2026-07-30 18:52:38] 🔐 Login ke V-Class...
[2026-07-30 18:52:39] ❌ Login gagal: HTTPSConnectionPool(host='v-class.gunadarma.ac.id', port=443): Max retries exceeded with url: /login/index.php (Caused by NameResolutionError("HTTPSConnection(host='v-class.gunadarma.ac.id', port=443): Failed to resolve 'v-class.gunadarma.ac.id' ([Errno -2] Name or service not known)"))
