[2026-07-18 09:45:26] 🔐 Login ke V-Class...
[2026-07-18 09:45:26] ✅ Login berhasil
[2026-07-18 09:45:26] 📚 Mengambil mata kuliah ID 108486 ...
[2026-07-18 09:45:26]   ➤ ATA 2025/2026 | 3KB01 | Jaringan Komputer Lanjut | VIVIEN NOVA FITHRIANA
[2026-07-18 09:45:26]      • [Materi] Announcements Forum → Deadline: -
[2026-07-18 09:45:31]      • [Materi] M1 File → Deadline: -
[2026-07-18 09:45:35]      • [Materi] M2 File → Deadline: -
[2026-07-18 09:45:39]      • [Materi] M3 File → Deadline: -
[2026-07-18 09:45:44]      • [Materi] M4 File → Deadline: -
[2026-07-18 09:45:48]      • [Materi] M5 File → Deadline: -
[2026-07-18 09:45:52]      • [Materi] M6 File → Deadline: -
[2026-07-18 09:45:55]      • [Materi] M7 File → Deadline: -
[2026-07-18 09:46:00]      • [Materi] VC-1 : Traffic dan Algoritma Kendali Kemacetan File → Deadline: -
[2026-07-18 09:46:03]      • [Materi] VC-1 : Traffic dan Algoritma Kendali Kemacetan File → Deadline: -
[2026-07-18 09:46:07]      • [Materi] Forum VC-1 : Traffic dan Algoritma Kendali Kemacetan → Deadline: -
[2026-07-18 09:46:11]      • [Quiz] Latihan Soal VC-1 : Traffic dan Algoritma Kendali Kemacetan → Deadline: Tidak diketahui
[2026-07-18 09:46:15]      • [Materi] VC-2 : Traffic dan Algoritma Kendali Kemacetan - Bagian 2 File → Deadline: -
[2026-07-18 09:46:19]      • [Materi] Forum VC-2 : Traffic dan Algoritma Kendali Kemacetan - Bagian 2 → Deadline: -
[2026-07-18 09:46:24]      • [Quiz] Latihan Soal VC-2 : Traffic dan Algoritma Kendali Kemacetan - Bagian 2 → Deadline: Tidak diketahui
[2026-07-18 09:46:28]      • [Materi] VC-3 : Lapisan Transport File → Deadline: -
[2026-07-18 09:46:32]      • [Materi] Forum VC-3 : Lapisan Transport → Deadline: -
[2026-07-18 09:46:36]      • [Quiz] Latihan Soal VC-3 : Lapisan Transport → Deadline: Tidak diketahui
[2026-07-18 09:46:41] 📚 Mengambil mata kuliah ID 108172 ...
[2026-07-18 09:46:41]   ➤ ATA 2025/2026 | 3KB01 | Internet of Things (IoT) | PURNAWARMAN MUSA
[2026-07-18 09:46:41]      • [Materi] Announcements Forum → Deadline: -
[2026-07-18 09:46:45]      • [Materi] M6 File → Deadline: -
[2026-07-18 09:46:49]      • [Quiz] Soal (Tugas Individu) → Deadline: Tidak diketahui
[2026-07-18 09:46:53]      • [Quiz] Soal (Tugas Individu) → Deadline: Tidak diketahui
[2026-07-18 09:46:57] 📚 Mengambil mata kuliah ID 109563 ...
[2026-07-18 09:46:57]   ➤ ATA 2025/2026 | 3KB01 | Sistem Tertanam (Embedded) * | RIDHA ISKANDAR
[2026-07-18 09:46:57]      • [Materi] Selamat Datang di V-Class Sistem Tertanam (Embedded) Forum → Deadline: -
[2026-07-18 09:47:01]      • [Assignment] File 1 → Deadline: Sunday, 26 April 2026, 12:00 AM
[2026-07-18 09:47:05] 📚 Mengambil mata kuliah ID 109970 ...
[2026-07-18 09:47:05]   ➤ ATA 2025/2026 | 2EB10 | Bahasa Indonesia | MELANIAWATI
[2026-07-18 09:47:05] 📚 Mengambil mata kuliah ID 107919 ...
[2026-07-18 09:47:05]   ➤ ATA 2025/2026 | 3KB01 | Sistem Cerdas Lanjut | NUR SULTAN SALAHUDDIN
[2026-07-18 09:47:05]      • [Materi] Announcements Forum → Deadline: -
[2026-07-18 09:47:10]      • [Assignment] Sistem Kesehatan Cerdas → Deadline: Thursday, 21 May 2026, 12:00 AM
[2026-07-18 09:47:15]      • [Quiz] Sistem Kesehatan Cerdas → Deadline: Tidak diketahui
[2026-07-18 09:47:19]      • [Assignment] Sistem Industri Cerdas → Deadline: Monday, 20 July 2026, 12:00 AM
[2026-07-18 09:47:23]      • [Quiz] Sistem Industri Cerdas → Deadline: Monday, 20 July 2026, 10:54 AM
[2026-07-18 09:47:27] 📚 Mengambil mata kuliah ID 107291 ...
[2026-07-18 09:47:27]   ➤ ATA 2025/2026 | 3KB01 | Pengantarmukaan Perif.Komputer * | FARID THALIB
[2026-07-18 09:47:27]      • [Materi] Announcements Forum → Deadline: -
[2026-07-18 09:47:31] 📚 Mengambil mata kuliah ID 104438 ...
[2026-07-18 09:47:32]   ➤ ATA 2025/2026 | 3-FIKTI | Terapan Teori Graf | TEAM TEACHING
[2026-07-18 09:47:32]      • [Materi] PEMBERITAHUAN UTS SUSULAN File → Deadline: -
[2026-07-18 09:47:35]      • [Materi] PEMBERITAHUAN PELAKSANAAN TEAM TEACHING TERAPAN TEORI GRAF Forum → Deadline: -
[2026-07-18 09:47:39]      • [Materi] M1: Pendahuluan Teori Graf File → Deadline: -
[2026-07-18 09:47:44]      • [Materi] Video Literasi M1: Pendahuluan Teori Graf URL → Deadline: -
[2026-07-18 09:47:49]      • [Quiz] Kuis M1 [kelas PAGI] → Deadline: Tidak diketahui
[2026-07-18 09:47:53]      • [Quiz] Kuis M1 [kelas MALAM] → Deadline: Tidak diketahui
[2026-07-18 09:47:58]      • [Materi] M2: Graf Tidak Berarah dan Graf Berbobot File → Deadline: -
[2026-07-18 09:48:03]      • [Materi] Video Literasi M2 : Graf Tidak Berarah dan Graf Berbobot URL → Deadline: -
[2026-07-18 09:48:07]      • [Quiz] Kuis M2 [KELAS PAGI] : Graf Tidak Berarah dan Graf Berbobot → Deadline: Tidak diketahui
[2026-07-18 09:48:12]      • [Quiz] Kuis M2 [KELAS MALAM] : Graf Tidak Berarah dan Graf Berbobot → Deadline: Tidak diketahui
[2026-07-18 09:48:17]      • [Materi] M4 : Aplikasi Teori Graf di Teknik Elektro File → Deadline: -
[2026-07-18 09:48:21]      • [Materi] Video Literasi M4 : Aplikasi Teori Graf di Teknik Elektro URL → Deadline: -
[2026-07-18 09:48:25]      • [Quiz] Kuis M4 [KELAS PAGI]: Aplikasi Teori Graf di Teknik Elektro → Deadline: Tidak diketahui
[2026-07-18 09:48:30]      • [Quiz] Kuis M4 [KELAS MALAM]: Aplikasi Teori Graf di Teknik Elektro → Deadline: Tidak diketahui
[2026-07-18 09:48:35]      • [Materi] M5 : Knowledge Graph dan Database Graph File → Deadline: -
[2026-07-18 09:48:39]      • [Materi] Video Literasi  M5 : Knowledge Graph dan Database Graph URL → Deadline: -
[2026-07-18 09:48:43]      • [Quiz] Kuis M5 [KELAS PAGI] : nowledge Graph dan Database Graph → Deadline: Tidak diketahui
[2026-07-18 09:48:47]      • [Quiz] Kuis M5 [KELAS MALAM] : Knowledge Graph dan Database Graph → Deadline: Tidak diketahui
[2026-07-18 09:48:52]      • [Materi] M6 : Graf Berarah dan Implementasinya File → Deadline: -
[2026-07-18 09:48:57]      • [Materi] Video Literasi M6 : Graf Berarah dan Implementasinya URL → Deadline: -
[2026-07-18 09:49:01]      • [Quiz] Kuis M6 [KELAS PAGI] : Graf Berarah dan Implementasinya → Deadline: Tidak diketahui
[2026-07-18 09:49:06]      • [Quiz] Kuis M6 [KELAS MALAM] : Graf Berarah dan Implementasinya → Deadline: Tidak diketahui
[2026-07-18 09:49:11]      • [Materi] M8 : Penerapan Teori Graf di Bidang Teknik Sipil File → Deadline: -
[2026-07-18 09:49:15]      • [Materi] Video Literasi M8 : Penerapan Teori Graf di Bidang Teknik Sipil URL → Deadline: -
[2026-07-18 09:49:19]      • [Quiz] Kuis M8 [KELAS PAGI] : Penerapan Teori Graf di Bidang Teknik Sipil → Deadline: Tidak diketahui
[2026-07-18 09:49:23]      • [Quiz] Kuis M8 [KELAS MALAM] : Penerapan Teori Graf di Bidang Teknik Sipil → Deadline: Tidak diketahui
[2026-07-18 09:49:28]      • [Materi] M10 : Penerapan Teori Graf  di Bidang Teknik Industri File → Deadline: -
[2026-07-18 09:49:33]      • [Materi] Video Literasi M10 : Penerapan Teori Graf  di Bidang Teknik Industri URL → Deadline: -
[2026-07-18 09:49:36]      • [Quiz] Kuis M10 [kelas pagi] : Penerapan Teori Graf  di Bidang Teknik Industri → Deadline: Tidak diketahui
[2026-07-18 09:49:40]      • [Quiz] Kuis M10 [kelas malam]: Penerapan Teori Graf  di Bidang Teknik Industri → Deadline: Tidak diketahui
[2026-07-18 09:49:45]      • [Materi] M11 : Program Dinamis dan Permasalahan Tata Letak Fasilitas File → Deadline: -
[2026-07-18 09:49:49]      • [Materi] video literasi : Program Dinamis dan Permasalahan Tata Letak Fasilitas URL → Deadline: -
[2026-07-18 09:49:53]      • [Quiz] Kuis M11 [kelas PAGI]: Program Dinamis dan Permasalahan Tata Letak Fasilitas → Deadline: Tidak diketahui
[2026-07-18 09:49:58]      • [Quiz] Kuis M11 [kelas MALAM]: Program Dinamis dan Permasalahan Tata Letak Fasilitas → Deadline: Tidak diketahui
[2026-07-18 09:50:02]      • [Materi] M12: Algoritma Greedy pada Graf File → Deadline: -
[2026-07-18 09:50:07]      • [Materi] Video literasi M12: Algoritma Greedy pada Graf URL → Deadline: -
[2026-07-18 09:50:11]      • [Quiz] Kuis M12 [kelas PAGI] → Deadline: Tidak diketahui
[2026-07-18 09:50:16]      • [Quiz] Kuis M12 [kelas MALAM] → Deadline: Tidak diketahui
[2026-07-18 09:50:21]      • [Materi] M13 File → Deadline: -
[2026-07-18 09:50:25]      • [Materi] Video Literasi M13 : Graph Theory Implementation in Oil Mining Company URL → Deadline: -
[2026-07-18 09:50:29]      • [Quiz] Kuis M13 [PAGI]: Graph Theory Implementation in Oil Mining Company → Deadline: Tidak diketahui
[2026-07-18 09:50:33]      • [Quiz] Kuis M13 [MALAM]: Graph Theory Implementation in Oil Mining Company → Deadline: Tidak diketahui
[2026-07-18 09:50:38]      • [Materi] M14 : Aplikasi Graf Lengkap sebagai Graf Representasi untuk Model Optimasi Rute Kendaraan File → Deadline: -
[2026-07-18 09:50:42]      • [Materi] Video Literasi : Aplikasi Graf Lengkap sebagai Graf Representasi untuk Model Optimasi Rute Kendaraan URL → Deadline: -
[2026-07-18 09:50:46]      • [Quiz] Kuis M14 [PAGI]: Aplikasi Graf Lengkap sebagai Graf Representasi untuk Model Optimasi Rute Kendaraan → Deadline: Tidak diketahui
[2026-07-18 09:50:50]      • [Quiz] Kuis M14 [MALAM]: Aplikasi Graf Lengkap sebagai Graf Representasi untuk Model Optimasi Rute Kendaraan → Deadline: Tidak diketahui
[2026-07-18 09:50:54] 📚 Mengambil mata kuliah ID 104413 ...
[2026-07-18 09:50:54]   ➤ ATA 2025/2026 | 3-FIKTI | Praktikum Terapan Teori Graf
[2026-07-18 09:50:54]      • [Materi] Panduan Praktikum  Forum → Deadline: -
[2026-07-18 09:50:58]      • [Materi] Panduan Google Collaboratory URL → Deadline: -
[2026-07-18 09:51:03]      • [Materi] Panduan Instalasi Anaconda URL → Deadline: -
[2026-07-18 09:51:07]      • [Quiz] Pre-Test (M1) → Deadline: Tidak diketahui
[2026-07-18 09:51:11]      • [Materi] 1.1  Pengantar: Teori Graf URL → Deadline: -
[2026-07-18 09:51:15]      • [Materi] 1.2  Sesi Hands-on Praktikum URL → Deadline: -
[2026-07-18 09:51:19]      • [Materi] 1.3 Tutorial Menambahkan File pada Mesin DGX URL → Deadline: -
[2026-07-18 09:51:23]      • [Quiz] Post-Test (M1) → Deadline: Tidak diketahui
[2026-07-18 09:51:27]      • [Assignment] Pengumpulan Tugas (M1) → Deadline: Saturday, 7 March 2026, 11:59 PM
[2026-07-18 09:51:31]      • [Quiz] Pre-Test (M2) → Deadline: Tidak diketahui
[2026-07-18 09:51:35]      • [Materi] 2.1  Pengantar: Berbagai Pemecahan Masalah Menggunakan Teori Graf Page → Deadline: -
[2026-07-18 09:51:39]      • [Quiz] Post-Test (M2) → Deadline: Tidak diketahui
[2026-07-18 09:51:43]      • [Assignment] Pengumpulan Tugas (M2) → Deadline: Saturday, 14 March 2026, 11:59 PM
[2026-07-18 09:51:48]      • [Quiz] Pre-Test (M4) → Deadline: Tidak diketahui
[2026-07-18 09:51:52]      • [Materi] 4.1  Pengantar: Breadth First Search URL → Deadline: -
[2026-07-18 09:51:56]      • [Materi] Sesi Praktikum File → Deadline: -
[2026-07-18 09:52:00]      • [Materi] Video Tutorial: Mendownload File IPYNB di Virtual Class URL → Deadline: -
[2026-07-18 09:52:05]      • [Quiz] Post-Test (M4) → Deadline: Tidak diketahui
[2026-07-18 09:52:08]      • [Assignment] Laporan Akhir (M4) → Deadline: Saturday, 11 April 2026, 11:59 PM
[2026-07-18 09:52:13]      • [Quiz] Pre-Test (M5) → Deadline: Tidak diketahui
[2026-07-18 09:52:17]      • [Materi] Sesi Praktikum URL → Deadline: -
[2026-07-18 09:52:21]      • [Quiz] Post-Test (M5) → Deadline: Tidak diketahui
[2026-07-18 09:52:25]      • [Assignment] Laporan Akhir (M5) → Deadline: Saturday, 18 April 2026, 11:59 PM
[2026-07-18 09:52:29]      • [Quiz] Pre-Test (M6) → Deadline: Tidak diketahui
[2026-07-18 09:52:33]      • [Materi] 6.1  Pendahuluan: Algoritma Dasar Tree URL → Deadline: -
[2026-07-18 09:52:38]      • [Materi] Sesi Praktikum File → Deadline: -
[2026-07-18 09:52:43]      • [Quiz] Post-Test (M6) → Deadline: Tidak diketahui
[2026-07-18 09:52:47]      • [Assignment] Laporan Akhir (M6) → Deadline: Saturday, 25 April 2026, 11:59 PM
[2026-07-18 09:52:51]      • [Quiz] Pre-Test (M8) → Deadline: Tidak diketahui
[2026-07-18 09:52:55]      • [Materi] 8.1  Pendahuluan: Implementasi Graph URL → Deadline: -
[2026-07-18 09:52:59]      • [Materi] Link File Praktikum I - family.pl → Deadline: -
[2026-07-18 09:53:04]      • [Materi] Link File Praktikum II - 8-puzzles.ipynb → Deadline: -
[2026-07-18 09:53:09]      • [Materi] Video Tutorial: Mendownload File IPYNB di Virtual Class URL → Deadline: -
[2026-07-18 09:53:13]      • [Quiz] Post-Test (M8) → Deadline: Tidak diketahui
[2026-07-18 09:53:17]      • [Assignment] Laporan Akhir (M8) → Deadline: Saturday, 9 May 2026, 11:59 PM
[2026-07-18 09:53:22]      • [Quiz] Pre-Test (M9) → Deadline: Tidak diketahui
[2026-07-18 09:53:26]      • [Materi] Sesi Hands-on Praktikum URL → Deadline: -
[2026-07-18 09:53:31]      • [Quiz] Post-Test (M9) → Deadline: Tidak diketahui
[2026-07-18 09:53:35]      • [Assignment] Pengumpulan Tugas (M9) → Deadline: Saturday, 16 May 2026, 11:59 PM
[2026-07-18 09:53:40]      • [Quiz] Pre-Test (M3) → Deadline: Tidak diketahui
[2026-07-18 09:53:44]      • [Materi] Sesi Praktikum URL → Deadline: -
[2026-07-18 09:53:49]      • [Materi] Video Tutorial: Menambahkan File pada Mesin DGX URL → Deadline: -
[2026-07-18 09:53:53]      • [Quiz] Post-Test (M3) → Deadline: Tidak diketahui
[2026-07-18 09:53:57]      • [Assignment] Pengumpulan Tugas (M3) → Deadline: Saturday, 23 May 2026, 11:59 PM
[2026-07-18 09:54:02]      • [Quiz] Pre-Test (M7) → Deadline: Tidak diketahui
[2026-07-18 09:54:06]      • [Materi] Link File Praktikum I - 3-Tekrek-Find-Center.ipynb → Deadline: -
[2026-07-18 09:54:11]      • [Materi] Link File Praktikum II - 3-Tekrek-Sortest-Path.ipynb → Deadline: -
[2026-07-18 09:54:15]      • [Materi] Video Tutorial: Mendownload File IPYNB di Virtual Class URL → Deadline: -
[2026-07-18 09:54:19]      • [Quiz] Post-Test (M7) → Deadline: Tidak diketahui
[2026-07-18 09:54:24]      • [Assignment] Laporan Akhir (M7) → Deadline: Saturday, 23 May 2026, 11:59 PM
[2026-07-18 09:54:29] 📦 Total tugas ditemukan: 126
[2026-07-18 09:54:29] 💾 Disimpan ke python/node/tugas.json
[2026-07-18 18:00:29] 🔐 Login ke V-Class...
[2026-07-18 18:00:30] ✅ Login berhasil
[2026-07-18 18:00:30] 📚 Mengambil mata kuliah ID 108486 ...
[2026-07-18 18:00:30]   ➤ ATA 2025/2026 | 3KB01 | Jaringan Komputer Lanjut | VIVIEN NOVA FITHRIANA
[2026-07-18 18:00:30]      • [Materi] Announcements Forum → Deadline: -
[2026-07-18 18:00:33]      • [Materi] M1 File → Deadline: -
[2026-07-18 18:00:37]      • [Materi] M2 File → Deadline: -
[2026-07-18 18:00:41]      • [Materi] M3 File → Deadline: -
[2026-07-18 18:00:45]      • [Materi] M4 File → Deadline: -
[2026-07-18 18:00:49]      • [Materi] M5 File → Deadline: -
[2026-07-18 18:00:53]      • [Materi] M6 File → Deadline: -
[2026-07-18 18:00:57]      • [Materi] M7 File → Deadline: -
[2026-07-18 18:01:01]      • [Materi] VC-1 : Traffic dan Algoritma Kendali Kemacetan File → Deadline: -
[2026-07-18 18:01:06]      • [Materi] VC-1 : Traffic dan Algoritma Kendali Kemacetan File → Deadline: -
[2026-07-18 18:01:10]      • [Materi] Forum VC-1 : Traffic dan Algoritma Kendali Kemacetan → Deadline: -
[2026-07-18 18:01:15]      • [Quiz] Latihan Soal VC-1 : Traffic dan Algoritma Kendali Kemacetan → Deadline: Tidak diketahui
[2026-07-18 18:01:20]      • [Materi] VC-2 : Traffic dan Algoritma Kendali Kemacetan - Bagian 2 File → Deadline: -
[2026-07-18 18:01:23]      • [Materi] Forum VC-2 : Traffic dan Algoritma Kendali Kemacetan - Bagian 2 → Deadline: -
[2026-07-18 18:01:28]      • [Quiz] Latihan Soal VC-2 : Traffic dan Algoritma Kendali Kemacetan - Bagian 2 → Deadline: Tidak diketahui
[2026-07-18 18:01:32]      • [Materi] VC-3 : Lapisan Transport File → Deadline: -
[2026-07-18 18:01:36]      • [Materi] Forum VC-3 : Lapisan Transport → Deadline: -
[2026-07-18 18:01:39]      • [Quiz] Latihan Soal VC-3 : Lapisan Transport → Deadline: Tidak diketahui
[2026-07-18 18:01:43] 📚 Mengambil mata kuliah ID 108172 ...
[2026-07-18 18:01:44]   ➤ ATA 2025/2026 | 3KB01 | Internet of Things (IoT) | PURNAWARMAN MUSA
[2026-07-18 18:01:44]      • [Materi] Announcements Forum → Deadline: -
[2026-07-18 18:01:47]      • [Materi] M6 File → Deadline: -
[2026-07-18 18:01:52]      • [Quiz] Soal (Tugas Individu) → Deadline: Tidak diketahui
[2026-07-18 18:01:56]      • [Quiz] Soal (Tugas Individu) → Deadline: Tidak diketahui
[2026-07-18 18:02:00] 📚 Mengambil mata kuliah ID 109563 ...
[2026-07-18 18:02:00]   ➤ ATA 2025/2026 | 3KB01 | Sistem Tertanam (Embedded) * | RIDHA ISKANDAR
[2026-07-18 18:02:00]      • [Materi] Selamat Datang di V-Class Sistem Tertanam (Embedded) Forum → Deadline: -
[2026-07-18 18:02:05]      • [Assignment] File 1 → Deadline: Sunday, 26 April 2026, 12:00 AM
[2026-07-18 18:02:10] 📚 Mengambil mata kuliah ID 109970 ...
[2026-07-18 18:02:10]   ➤ ATA 2025/2026 | 2EB10 | Bahasa Indonesia | MELANIAWATI
[2026-07-18 18:02:10] 📚 Mengambil mata kuliah ID 107919 ...
[2026-07-18 18:02:10]   ➤ ATA 2025/2026 | 3KB01 | Sistem Cerdas Lanjut | NUR SULTAN SALAHUDDIN
[2026-07-18 18:02:10]      • [Materi] Announcements Forum → Deadline: -
[2026-07-18 18:02:15]      • [Assignment] Sistem Kesehatan Cerdas → Deadline: Thursday, 21 May 2026, 12:00 AM
[2026-07-18 18:02:19]      • [Quiz] Sistem Kesehatan Cerdas → Deadline: Tidak diketahui
[2026-07-18 18:02:23]      • [Assignment] Sistem Industri Cerdas → Deadline: Monday, 20 July 2026, 12:00 AM
[2026-07-18 18:02:28]      • [Quiz] Sistem Industri Cerdas → Deadline: Monday, 20 July 2026, 10:54 AM
[2026-07-18 18:02:32] 📚 Mengambil mata kuliah ID 107291 ...
[2026-07-18 18:02:33]   ➤ ATA 2025/2026 | 3KB01 | Pengantarmukaan Perif.Komputer * | FARID THALIB
[2026-07-18 18:02:33]      • [Materi] Announcements Forum → Deadline: -
[2026-07-18 18:02:37] 📚 Mengambil mata kuliah ID 104438 ...
[2026-07-18 18:02:37]   ➤ ATA 2025/2026 | 3-FIKTI | Terapan Teori Graf | TEAM TEACHING
[2026-07-18 18:02:37]      • [Materi] PEMBERITAHUAN UTS SUSULAN File → Deadline: -
[2026-07-18 18:02:41]      • [Materi] PEMBERITAHUAN PELAKSANAAN TEAM TEACHING TERAPAN TEORI GRAF Forum → Deadline: -
[2026-07-18 18:02:46]      • [Materi] M1: Pendahuluan Teori Graf File → Deadline: -
[2026-07-18 18:02:50]      • [Materi] Video Literasi M1: Pendahuluan Teori Graf URL → Deadline: -
[2026-07-18 18:02:54]      • [Quiz] Kuis M1 [kelas PAGI] → Deadline: Tidak diketahui
[2026-07-18 18:02:58]      • [Quiz] Kuis M1 [kelas MALAM] → Deadline: Tidak diketahui
[2026-07-18 18:03:02]      • [Materi] M2: Graf Tidak Berarah dan Graf Berbobot File → Deadline: -
[2026-07-18 18:03:07]      • [Materi] Video Literasi M2 : Graf Tidak Berarah dan Graf Berbobot URL → Deadline: -
[2026-07-18 18:03:10]      • [Quiz] Kuis M2 [KELAS PAGI] : Graf Tidak Berarah dan Graf Berbobot → Deadline: Tidak diketahui
[2026-07-18 18:03:15]      • [Quiz] Kuis M2 [KELAS MALAM] : Graf Tidak Berarah dan Graf Berbobot → Deadline: Tidak diketahui
[2026-07-18 18:03:19]      • [Materi] M4 : Aplikasi Teori Graf di Teknik Elektro File → Deadline: -
[2026-07-18 18:03:24]      • [Materi] Video Literasi M4 : Aplikasi Teori Graf di Teknik Elektro URL → Deadline: -
[2026-07-18 18:03:28]      • [Quiz] Kuis M4 [KELAS PAGI]: Aplikasi Teori Graf di Teknik Elektro → Deadline: Tidak diketahui
[2026-07-18 18:03:32]      • [Quiz] Kuis M4 [KELAS MALAM]: Aplikasi Teori Graf di Teknik Elektro → Deadline: Tidak diketahui
[2026-07-18 18:03:36]      • [Materi] M5 : Knowledge Graph dan Database Graph File → Deadline: -
[2026-07-18 18:03:41]      • [Materi] Video Literasi  M5 : Knowledge Graph dan Database Graph URL → Deadline: -
[2026-07-18 18:03:46]      • [Quiz] Kuis M5 [KELAS PAGI] : nowledge Graph dan Database Graph → Deadline: Tidak diketahui
[2026-07-18 18:03:50]      • [Quiz] Kuis M5 [KELAS MALAM] : Knowledge Graph dan Database Graph → Deadline: Tidak diketahui
[2026-07-18 18:03:55]      • [Materi] M6 : Graf Berarah dan Implementasinya File → Deadline: -
[2026-07-18 18:03:58]      • [Materi] Video Literasi M6 : Graf Berarah dan Implementasinya URL → Deadline: -
[2026-07-18 18:04:03]      • [Quiz] Kuis M6 [KELAS PAGI] : Graf Berarah dan Implementasinya → Deadline: Tidak diketahui
[2026-07-18 18:04:08]      • [Quiz] Kuis M6 [KELAS MALAM] : Graf Berarah dan Implementasinya → Deadline: Tidak diketahui
[2026-07-18 18:04:12]      • [Materi] M8 : Penerapan Teori Graf di Bidang Teknik Sipil File → Deadline: -
[2026-07-18 18:04:16]      • [Materi] Video Literasi M8 : Penerapan Teori Graf di Bidang Teknik Sipil URL → Deadline: -
[2026-07-18 18:04:20]      • [Quiz] Kuis M8 [KELAS PAGI] : Penerapan Teori Graf di Bidang Teknik Sipil → Deadline: Tidak diketahui
[2026-07-18 18:04:24]      • [Quiz] Kuis M8 [KELAS MALAM] : Penerapan Teori Graf di Bidang Teknik Sipil → Deadline: Tidak diketahui
[2026-07-18 18:04:29]      • [Materi] M10 : Penerapan Teori Graf  di Bidang Teknik Industri File → Deadline: -
[2026-07-18 18:04:33]      • [Materi] Video Literasi M10 : Penerapan Teori Graf  di Bidang Teknik Industri URL → Deadline: -
[2026-07-18 18:04:37]      • [Quiz] Kuis M10 [kelas pagi] : Penerapan Teori Graf  di Bidang Teknik Industri → Deadline: Tidak diketahui
[2026-07-18 18:04:42]      • [Quiz] Kuis M10 [kelas malam]: Penerapan Teori Graf  di Bidang Teknik Industri → Deadline: Tidak diketahui
[2026-07-18 18:04:45]      • [Materi] M11 : Program Dinamis dan Permasalahan Tata Letak Fasilitas File → Deadline: -
[2026-07-18 18:04:50]      • [Materi] video literasi : Program Dinamis dan Permasalahan Tata Letak Fasilitas URL → Deadline: -
[2026-07-18 18:04:55]      • [Quiz] Kuis M11 [kelas PAGI]: Program Dinamis dan Permasalahan Tata Letak Fasilitas → Deadline: Tidak diketahui
[2026-07-18 18:04:59]      • [Quiz] Kuis M11 [kelas MALAM]: Program Dinamis dan Permasalahan Tata Letak Fasilitas → Deadline: Tidak diketahui
[2026-07-18 18:05:02]      • [Materi] M12: Algoritma Greedy pada Graf File → Deadline: -
[2026-07-18 18:05:07]      • [Materi] Video literasi M12: Algoritma Greedy pada Graf URL → Deadline: -
[2026-07-18 18:05:12]      • [Quiz] Kuis M12 [kelas PAGI] → Deadline: Tidak diketahui
[2026-07-18 18:05:17]      • [Quiz] Kuis M12 [kelas MALAM] → Deadline: Tidak diketahui
[2026-07-18 18:05:21]      • [Materi] M13 File → Deadline: -
[2026-07-18 18:05:25]      • [Materi] Video Literasi M13 : Graph Theory Implementation in Oil Mining Company URL → Deadline: -
[2026-07-18 18:05:29]      • [Quiz] Kuis M13 [PAGI]: Graph Theory Implementation in Oil Mining Company → Deadline: Tidak diketahui
[2026-07-18 18:05:34]      • [Quiz] Kuis M13 [MALAM]: Graph Theory Implementation in Oil Mining Company → Deadline: Tidak diketahui
[2026-07-18 18:05:38]      • [Materi] M14 : Aplikasi Graf Lengkap sebagai Graf Representasi untuk Model Optimasi Rute Kendaraan File → Deadline: -
[2026-07-18 18:05:41]      • [Materi] Video Literasi : Aplikasi Graf Lengkap sebagai Graf Representasi untuk Model Optimasi Rute Kendaraan URL → Deadline: -
[2026-07-18 18:05:46]      • [Quiz] Kuis M14 [PAGI]: Aplikasi Graf Lengkap sebagai Graf Representasi untuk Model Optimasi Rute Kendaraan → Deadline: Tidak diketahui
[2026-07-18 18:05:50]      • [Quiz] Kuis M14 [MALAM]: Aplikasi Graf Lengkap sebagai Graf Representasi untuk Model Optimasi Rute Kendaraan → Deadline: Tidak diketahui
[2026-07-18 18:05:55] 📚 Mengambil mata kuliah ID 104413 ...
[2026-07-18 18:05:55]   ➤ ATA 2025/2026 | 3-FIKTI | Praktikum Terapan Teori Graf
[2026-07-18 18:05:55]      • [Materi] Panduan Praktikum  Forum → Deadline: -
[2026-07-18 18:05:59]      • [Materi] Panduan Google Collaboratory URL → Deadline: -
[2026-07-18 18:06:04]      • [Materi] Panduan Instalasi Anaconda URL → Deadline: -
[2026-07-18 18:06:08]      • [Quiz] Pre-Test (M1) → Deadline: Tidak diketahui
[2026-07-18 18:06:12]      • [Materi] 1.1  Pengantar: Teori Graf URL → Deadline: -
[2026-07-18 18:06:16]      • [Materi] 1.2  Sesi Hands-on Praktikum URL → Deadline: -
[2026-07-18 18:06:20]      • [Materi] 1.3 Tutorial Menambahkan File pada Mesin DGX URL → Deadline: -
[2026-07-18 18:06:24]      • [Quiz] Post-Test (M1) → Deadline: Tidak diketahui
[2026-07-18 18:06:27]      • [Assignment] Pengumpulan Tugas (M1) → Deadline: Saturday, 7 March 2026, 11:59 PM
[2026-07-18 18:06:32]      • [Quiz] Pre-Test (M2) → Deadline: Tidak diketahui
[2026-07-18 18:06:37]      • [Materi] 2.1  Pengantar: Berbagai Pemecahan Masalah Menggunakan Teori Graf Page → Deadline: -
[2026-07-18 18:06:41]      • [Quiz] Post-Test (M2) → Deadline: Tidak diketahui
[2026-07-18 18:06:45]      • [Assignment] Pengumpulan Tugas (M2) → Deadline: Saturday, 14 March 2026, 11:59 PM
[2026-07-18 18:06:50]      • [Quiz] Pre-Test (M4) → Deadline: Tidak diketahui
[2026-07-18 18:06:54]      • [Materi] 4.1  Pengantar: Breadth First Search URL → Deadline: -
[2026-07-18 18:06:58]      • [Materi] Sesi Praktikum File → Deadline: -
[2026-07-18 18:07:03]      • [Materi] Video Tutorial: Mendownload File IPYNB di Virtual Class URL → Deadline: -
[2026-07-18 18:07:07]      • [Quiz] Post-Test (M4) → Deadline: Tidak diketahui
[2026-07-18 18:07:11]      • [Assignment] Laporan Akhir (M4) → Deadline: Saturday, 11 April 2026, 11:59 PM
[2026-07-18 18:07:16]      • [Quiz] Pre-Test (M5) → Deadline: Tidak diketahui
[2026-07-18 18:07:20]      • [Materi] Sesi Praktikum URL → Deadline: -
[2026-07-18 18:07:24]      • [Quiz] Post-Test (M5) → Deadline: Tidak diketahui
[2026-07-18 18:07:28]      • [Assignment] Laporan Akhir (M5) → Deadline: Saturday, 18 April 2026, 11:59 PM
[2026-07-18 18:07:33]      • [Quiz] Pre-Test (M6) → Deadline: Tidak diketahui
[2026-07-18 18:07:37]      • [Materi] 6.1  Pendahuluan: Algoritma Dasar Tree URL → Deadline: -
[2026-07-18 18:07:42]      • [Materi] Sesi Praktikum File → Deadline: -
[2026-07-18 18:07:48]      • [Quiz] Post-Test (M6) → Deadline: Tidak diketahui
[2026-07-18 18:07:52]      • [Assignment] Laporan Akhir (M6) → Deadline: Saturday, 25 April 2026, 11:59 PM
[2026-07-18 18:07:57]      • [Quiz] Pre-Test (M8) → Deadline: Tidak diketahui
[2026-07-18 18:08:01]      • [Materi] 8.1  Pendahuluan: Implementasi Graph URL → Deadline: -
[2026-07-18 18:08:05]      • [Materi] Link File Praktikum I - family.pl → Deadline: -
[2026-07-18 18:08:10]      • [Materi] Link File Praktikum II - 8-puzzles.ipynb → Deadline: -
[2026-07-18 18:08:15]      • [Materi] Video Tutorial: Mendownload File IPYNB di Virtual Class URL → Deadline: -
[2026-07-18 18:08:19]      • [Quiz] Post-Test (M8) → Deadline: Tidak diketahui
[2026-07-18 18:08:24]      • [Assignment] Laporan Akhir (M8) → Deadline: Saturday, 9 May 2026, 11:59 PM
[2026-07-18 18:08:29]      • [Quiz] Pre-Test (M9) → Deadline: Tidak diketahui
[2026-07-18 18:08:33]      • [Materi] Sesi Hands-on Praktikum URL → Deadline: -
[2026-07-18 18:08:37]      • [Quiz] Post-Test (M9) → Deadline: Tidak diketahui
[2026-07-18 18:08:42]      • [Assignment] Pengumpulan Tugas (M9) → Deadline: Saturday, 16 May 2026, 11:59 PM
[2026-07-18 18:08:47]      • [Quiz] Pre-Test (M3) → Deadline: Tidak diketahui
[2026-07-18 18:08:52]      • [Materi] Sesi Praktikum URL → Deadline: -
[2026-07-18 18:08:57]      • [Materi] Video Tutorial: Menambahkan File pada Mesin DGX URL → Deadline: -
[2026-07-18 18:09:01]      • [Quiz] Post-Test (M3) → Deadline: Tidak diketahui
[2026-07-18 18:09:05]      • [Assignment] Pengumpulan Tugas (M3) → Deadline: Saturday, 23 May 2026, 11:59 PM
[2026-07-18 18:09:09]      • [Quiz] Pre-Test (M7) → Deadline: Tidak diketahui
[2026-07-18 18:09:13]      • [Materi] Link File Praktikum I - 3-Tekrek-Find-Center.ipynb → Deadline: -
[2026-07-18 18:09:17]      • [Materi] Link File Praktikum II - 3-Tekrek-Sortest-Path.ipynb → Deadline: -
[2026-07-18 18:09:22]      • [Materi] Video Tutorial: Mendownload File IPYNB di Virtual Class URL → Deadline: -
[2026-07-18 18:09:26]      • [Quiz] Post-Test (M7) → Deadline: Tidak diketahui
[2026-07-18 18:09:30]      • [Assignment] Laporan Akhir (M7) → Deadline: Saturday, 23 May 2026, 11:59 PM
[2026-07-18 18:09:33] 📦 Total tugas ditemukan: 126
[2026-07-18 18:09:33] 💾 Disimpan ke python/node/tugas.json
