[2026-05-16 09:45:37] 🔐 Login ke V-Class...
[2026-05-16 09:45:37] ✅ Login berhasil
[2026-05-16 09:45:37] 📚 Mengambil mata kuliah ID 108486 ...
[2026-05-16 09:45:37]   ➤ ATA 2025/2026 | 3KB01 | Jaringan Komputer Lanjut | VIVIEN NOVA FITHRIANA
[2026-05-16 09:45:37]      • [Materi] Announcements Forum → Deadline: -
[2026-05-16 09:45:42]      • [Materi] M1 File → Deadline: -
[2026-05-16 09:45:45]      • [Materi] M2 File → Deadline: -
[2026-05-16 09:45:50]      • [Materi] M3 File → Deadline: -
[2026-05-16 09:45:53]      • [Materi] M4 File → Deadline: -
[2026-05-16 09:45:58]      • [Materi] M5 File → Deadline: -
[2026-05-16 09:46:03]      • [Materi] M6 File → Deadline: -
[2026-05-16 09:46:07]      • [Materi] M7 File → Deadline: -
[2026-05-16 09:46:11]      • [Materi] VC-1 : Traffic dan Algoritma Kendali Kemacetan File → Deadline: -
[2026-05-16 09:46:15]      • [Materi] VC-1 : Traffic dan Algoritma Kendali Kemacetan File → Deadline: -
[2026-05-16 09:46:20]      • [Materi] Forum VC-1 : Traffic dan Algoritma Kendali Kemacetan → Deadline: -
[2026-05-16 09:46:24]      • [Quiz] Latihan Soal VC-1 : Traffic dan Algoritma Kendali Kemacetan → Deadline: Tidak diketahui
[2026-05-16 09:46:29]      • [Materi] VC-2 : Traffic dan Algoritma Kendali Kemacetan - Bagian 2 File → Deadline: -
[2026-05-16 09:46:33]      • [Materi] Forum VC-2 : Traffic dan Algoritma Kendali Kemacetan - Bagian 2 → Deadline: -
[2026-05-16 09:46:36]      • [Quiz] Latihan Soal VC-2 : Traffic dan Algoritma Kendali Kemacetan - Bagian 2 → Deadline: Monday, 25 May 2026, 11:59 PM
[2026-05-16 09:46:41] 📚 Mengambil mata kuliah ID 108172 ...
[2026-05-16 09:46:41]   ➤ ATA 2025/2026 | 3KB01 | Internet of Things (IoT) | PURNAWARMAN MUSA
[2026-05-16 09:46:41]      • [Materi] Announcements Forum → Deadline: -
[2026-05-16 09:46:45]      • [Materi] M6 File → Deadline: -
[2026-05-16 09:46:49]      • [Quiz] Soal (Tugas Individu) → Deadline: Tidak diketahui
[2026-05-16 09:46:54]      • [Quiz] Soal (Tugas Individu) → Deadline: Tidak diketahui
[2026-05-16 09:46:58] 📚 Mengambil mata kuliah ID 109563 ...
[2026-05-16 09:46:58]   ➤ ATA 2025/2026 | 3KB01 | Sistem Tertanam (Embedded) * | RIDHA ISKANDAR
[2026-05-16 09:46:58]      • [Materi] Selamat Datang di V-Class Sistem Tertanam (Embedded) Forum → Deadline: -
[2026-05-16 09:47:03]      • [Assignment] File 1 → Deadline: Sunday, 26 April 2026, 12:00 AM
[2026-05-16 09:47:06] 📚 Mengambil mata kuliah ID 109970 ...
[2026-05-16 09:47:07]   ➤ ATA 2025/2026 | 2EB10 | Bahasa Indonesia | MELANIAWATI
[2026-05-16 09:47:07] 📚 Mengambil mata kuliah ID 107919 ...
[2026-05-16 09:47:07]   ➤ ATA 2025/2026 | 3KB01 | Sistem Cerdas Lanjut | NUR SULTAN SALAHUDDIN
[2026-05-16 09:47:07]      • [Materi] Announcements Forum → Deadline: -
[2026-05-16 09:47:11] 📚 Mengambil mata kuliah ID 107291 ...
[2026-05-16 09:47:11]   ➤ ATA 2025/2026 | 3KB01 | Pengantarmukaan Perif.Komputer * | FARID THALIB
[2026-05-16 09:47:11]      • [Materi] Announcements Forum → Deadline: -
[2026-05-16 09:47:15] 📚 Mengambil mata kuliah ID 104438 ...
[2026-05-16 09:47:16]   ➤ ATA 2025/2026 | 3-FIKTI | Terapan Teori Graf | TEAM TEACHING
[2026-05-16 09:47:16]      • [Materi] PEMBERITAHUAN PELAKSANAAN TEAM TEACHING TERAPAN TEORI GRAF Forum → Deadline: -
[2026-05-16 09:47:19]      • [Materi] M1: Pendahuluan Teori Graf File → Deadline: -
[2026-05-16 09:47:24]      • [Materi] Video Literasi M1: Pendahuluan Teori Graf URL → Deadline: -
[2026-05-16 09:47:28]      • [Quiz] Kuis M1 [kelas PAGI] → Deadline: Tidak diketahui
[2026-05-16 09:47:32]      • [Quiz] Kuis M1 [kelas MALAM] → Deadline: Tidak diketahui
[2026-05-16 09:47:36]      • [Materi] M2: Graf Tidak Berarah dan Graf Berbobot File → Deadline: -
[2026-05-16 09:47:41]      • [Materi] Video Literasi M2 : Graf Tidak Berarah dan Graf Berbobot URL → Deadline: -
[2026-05-16 09:47:45]      • [Quiz] Kuis M2 [KELAS PAGI] : Graf Tidak Berarah dan Graf Berbobot → Deadline: Tidak diketahui
[2026-05-16 09:47:49]      • [Quiz] Kuis M2 [KELAS MALAM] : Graf Tidak Berarah dan Graf Berbobot → Deadline: Tidak diketahui
[2026-05-16 09:47:53]      • [Materi] M4 : Aplikasi Teori Graf di Teknik Elektro File → Deadline: -
[2026-05-16 09:47:58]      • [Materi] Video Literasi M4 : Aplikasi Teori Graf di Teknik Elektro URL → Deadline: -
[2026-05-16 09:48:02]      • [Quiz] Kuis M4 [KELAS PAGI]: Aplikasi Teori Graf di Teknik Elektro → Deadline: Tidak diketahui
[2026-05-16 09:48:07]      • [Quiz] Kuis M4 [KELAS MALAM]: Aplikasi Teori Graf di Teknik Elektro → Deadline: Tidak diketahui
[2026-05-16 09:48:11]      • [Materi] M5 : Knowledge Graph dan Database Graph File → Deadline: -
[2026-05-16 09:48:15]      • [Materi] Video Literasi  M5 : Knowledge Graph dan Database Graph URL → Deadline: -
[2026-05-16 09:48:19]      • [Quiz] Kuis M5 [KELAS PAGI] : nowledge Graph dan Database Graph → Deadline: Tidak diketahui
[2026-05-16 09:48:23]      • [Quiz] Kuis M5 [KELAS MALAM] : Knowledge Graph dan Database Graph → Deadline: Tidak diketahui
[2026-05-16 09:48:28]      • [Materi] M6 : Graf Berarah dan Implementasinya File → Deadline: -
[2026-05-16 09:48:32]      • [Materi] Video Literasi M6 : Graf Berarah dan Implementasinya URL → Deadline: -
[2026-05-16 09:48:36]      • [Quiz] Kuis M6 [KELAS PAGI] : Graf Berarah dan Implementasinya → Deadline: Tidak diketahui
[2026-05-16 09:48:41]      • [Quiz] Kuis M6 [KELAS MALAM] : Graf Berarah dan Implementasinya → Deadline: Tidak diketahui
[2026-05-16 09:48:46]      • [Materi] M8 : Penerapan Teori Graf di Bidang Teknik Sipil File → Deadline: -
[2026-05-16 09:48:50]      • [Materi] Video Literasi M8 : Penerapan Teori Graf di Bidang Teknik Sipil URL → Deadline: -
[2026-05-16 09:48:54]      • [Quiz] Kuis M8 [KELAS PAGI] : Penerapan Teori Graf di Bidang Teknik Sipil → Deadline: Tidak diketahui
[2026-05-16 09:48:59]      • [Quiz] Kuis M8 [KELAS MALAM] : Penerapan Teori Graf di Bidang Teknik Sipil → Deadline: Tidak diketahui
[2026-05-16 09:49:03] 📚 Mengambil mata kuliah ID 104413 ...
[2026-05-16 09:49:04]   ➤ ATA 2025/2026 | 3-FIKTI | Praktikum Terapan Teori Graf
[2026-05-16 09:49:04]      • [Materi] Panduan Praktikum  Forum → Deadline: -
[2026-05-16 09:49:08]      • [Materi] Panduan Google Collaboratory URL → Deadline: -
[2026-05-16 09:49:12]      • [Materi] Panduan Instalasi Anaconda URL → Deadline: -
[2026-05-16 09:49:16]      • [Quiz] Pre-Test (M1) → Deadline: Tidak diketahui
[2026-05-16 09:49:20]      • [Materi] 1.1  Pengantar: Teori Graf URL → Deadline: -
[2026-05-16 09:49:24]      • [Materi] 1.2  Sesi Hands-on Praktikum URL → Deadline: -
[2026-05-16 09:49:29]      • [Materi] 1.3 Tutorial Menambahkan File pada Mesin DGX URL → Deadline: -
[2026-05-16 09:49:32]      • [Quiz] Post-Test (M1) → Deadline: Tidak diketahui
[2026-05-16 09:49:37]      • [Assignment] Pengumpulan Tugas (M1) → Deadline: Saturday, 7 March 2026, 11:59 PM
[2026-05-16 09:49:41]      • [Quiz] Pre-Test (M2) → Deadline: Tidak diketahui
[2026-05-16 09:49:45]      • [Materi] 2.1  Pengantar: Berbagai Pemecahan Masalah Menggunakan Teori Graf Page → Deadline: -
[2026-05-16 09:49:49]      • [Quiz] Post-Test (M2) → Deadline: Tidak diketahui
[2026-05-16 09:49:53]      • [Assignment] Pengumpulan Tugas (M2) → Deadline: Saturday, 14 March 2026, 11:59 PM
[2026-05-16 09:49:58]      • [Quiz] Pre-Test (M4) → Deadline: Tidak diketahui
[2026-05-16 09:50:02]      • [Materi] 4.1  Pengantar: Breadth First Search URL → Deadline: -
[2026-05-16 09:50:06]      • [Materi] Sesi Praktikum File → Deadline: -
[2026-05-16 09:50:10]      • [Materi] Video Tutorial: Mendownload File IPYNB di Virtual Class URL → Deadline: -
[2026-05-16 09:50:15]      • [Quiz] Post-Test (M4) → Deadline: Tidak diketahui
[2026-05-16 09:50:20]      • [Assignment] Laporan Akhir (M4) → Deadline: Saturday, 11 April 2026, 11:59 PM
[2026-05-16 09:50:24]      • [Quiz] Pre-Test (M5) → Deadline: Tidak diketahui
[2026-05-16 09:50:28]      • [Materi] Sesi Praktikum URL → Deadline: -
[2026-05-16 09:50:32]      • [Quiz] Post-Test (M5) → Deadline: Tidak diketahui
[2026-05-16 09:50:36]      • [Assignment] Laporan Akhir (M5) → Deadline: Saturday, 18 April 2026, 11:59 PM
[2026-05-16 09:50:41]      • [Quiz] Pre-Test (M6) → Deadline: Tidak diketahui
[2026-05-16 09:50:45]      • [Materi] 6.1  Pendahuluan: Algoritma Dasar Tree URL → Deadline: -
[2026-05-16 09:50:49]      • [Materi] Sesi Praktikum File → Deadline: -
[2026-05-16 09:50:53]      • [Quiz] Post-Test (M6) → Deadline: Tidak diketahui
[2026-05-16 09:50:58]      • [Assignment] Laporan Akhir (M6) → Deadline: Saturday, 25 April 2026, 11:59 PM
[2026-05-16 09:51:02]      • [Quiz] Pre-Test (M8) → Deadline: Tidak diketahui
[2026-05-16 09:51:06]      • [Materi] 8.1  Pendahuluan: Implementasi Graph URL → Deadline: -
[2026-05-16 09:51:11]      • [Materi] Link File Praktikum I - family.pl → Deadline: -
[2026-05-16 09:51:15]      • [Materi] Link File Praktikum II - 8-puzzles.ipynb → Deadline: -
[2026-05-16 09:51:19]      • [Materi] Video Tutorial: Mendownload File IPYNB di Virtual Class URL → Deadline: -
[2026-05-16 09:51:23]      • [Quiz] Post-Test (M8) → Deadline: Tidak diketahui
[2026-05-16 09:51:27]      • [Assignment] Laporan Akhir (M8) → Deadline: Saturday, 9 May 2026, 11:59 PM
[2026-05-16 09:51:32]      • [Quiz] Pre-Test (M9) → Deadline: Saturday, 16 May 2026, 11:59 PM
[2026-05-16 09:51:36]      • [Materi] Sesi Hands-on Praktikum URL → Deadline: -
[2026-05-16 09:51:39]      • [Quiz] Post-Test (M9) → Deadline: Saturday, 16 May 2026, 11:59 PM
[2026-05-16 09:51:44]      • [Assignment] Pengumpulan Tugas (M9) → Deadline: Saturday, 16 May 2026, 11:59 PM
[2026-05-16 09:51:48] 📦 Total tugas ditemukan: 87
[2026-05-16 09:51:48] 💾 Disimpan ke python/node/tugas.json
[2026-05-16 18:00:48] 🔐 Login ke V-Class...
[2026-05-16 18:00:49] ✅ Login berhasil
[2026-05-16 18:00:49] 📚 Mengambil mata kuliah ID 108486 ...
[2026-05-16 18:00:49]   ➤ ATA 2025/2026 | 3KB01 | Jaringan Komputer Lanjut | VIVIEN NOVA FITHRIANA
[2026-05-16 18:00:49]      • [Materi] Announcements Forum → Deadline: -
[2026-05-16 18:00:53]      • [Materi] M1 File → Deadline: -
[2026-05-16 18:00:57]      • [Materi] M2 File → Deadline: -
[2026-05-16 18:01:01]      • [Materi] M3 File → Deadline: -
[2026-05-16 18:01:05]      • [Materi] M4 File → Deadline: -
[2026-05-16 18:01:09]      • [Materi] M5 File → Deadline: -
[2026-05-16 18:01:12]      • [Materi] M6 File → Deadline: -
[2026-05-16 18:01:17]      • [Materi] M7 File → Deadline: -
[2026-05-16 18:01:22]      • [Materi] VC-1 : Traffic dan Algoritma Kendali Kemacetan File → Deadline: -
[2026-05-16 18:01:26]      • [Materi] VC-1 : Traffic dan Algoritma Kendali Kemacetan File → Deadline: -
[2026-05-16 18:01:30]      • [Materi] Forum VC-1 : Traffic dan Algoritma Kendali Kemacetan → Deadline: -
[2026-05-16 18:01:34]      • [Quiz] Latihan Soal VC-1 : Traffic dan Algoritma Kendali Kemacetan → Deadline: Tidak diketahui
[2026-05-16 18:01:38]      • [Materi] VC-2 : Traffic dan Algoritma Kendali Kemacetan - Bagian 2 File → Deadline: -
[2026-05-16 18:01:43]      • [Materi] Forum VC-2 : Traffic dan Algoritma Kendali Kemacetan - Bagian 2 → Deadline: -
[2026-05-16 18:01:47]      • [Quiz] Latihan Soal VC-2 : Traffic dan Algoritma Kendali Kemacetan - Bagian 2 → Deadline: Monday, 25 May 2026, 11:59 PM
[2026-05-16 18:01:51] 📚 Mengambil mata kuliah ID 108172 ...
[2026-05-16 18:01:51]   ➤ ATA 2025/2026 | 3KB01 | Internet of Things (IoT) | PURNAWARMAN MUSA
[2026-05-16 18:01:51]      • [Materi] Announcements Forum → Deadline: -
[2026-05-16 18:01:55]      • [Materi] M6 File → Deadline: -
[2026-05-16 18:01:59]      • [Quiz] Soal (Tugas Individu) → Deadline: Tidak diketahui
[2026-05-16 18:02:04]      • [Quiz] Soal (Tugas Individu) → Deadline: Tidak diketahui
[2026-05-16 18:02:08] 📚 Mengambil mata kuliah ID 109563 ...
[2026-05-16 18:02:08]   ➤ ATA 2025/2026 | 3KB01 | Sistem Tertanam (Embedded) * | RIDHA ISKANDAR
[2026-05-16 18:02:08]      • [Materi] Selamat Datang di V-Class Sistem Tertanam (Embedded) Forum → Deadline: -
[2026-05-16 18:02:13]      • [Assignment] File 1 → Deadline: Sunday, 26 April 2026, 12:00 AM
[2026-05-16 18:02:18] 📚 Mengambil mata kuliah ID 109970 ...
[2026-05-16 18:02:18]   ➤ ATA 2025/2026 | 2EB10 | Bahasa Indonesia | MELANIAWATI
[2026-05-16 18:02:18] 📚 Mengambil mata kuliah ID 107919 ...
[2026-05-16 18:02:19]   ➤ ATA 2025/2026 | 3KB01 | Sistem Cerdas Lanjut | NUR SULTAN SALAHUDDIN
[2026-05-16 18:02:19]      • [Materi] Announcements Forum → Deadline: -
[2026-05-16 18:02:23] 📚 Mengambil mata kuliah ID 107291 ...
[2026-05-16 18:02:23]   ➤ ATA 2025/2026 | 3KB01 | Pengantarmukaan Perif.Komputer * | FARID THALIB
[2026-05-16 18:02:23]      • [Materi] Announcements Forum → Deadline: -
[2026-05-16 18:02:27] 📚 Mengambil mata kuliah ID 104438 ...
[2026-05-16 18:02:28]   ➤ ATA 2025/2026 | 3-FIKTI | Terapan Teori Graf | TEAM TEACHING
[2026-05-16 18:02:28]      • [Materi] PEMBERITAHUAN PELAKSANAAN TEAM TEACHING TERAPAN TEORI GRAF Forum → Deadline: -
[2026-05-16 18:02:31]      • [Materi] M1: Pendahuluan Teori Graf File → Deadline: -
[2026-05-16 18:02:35]      • [Materi] Video Literasi M1: Pendahuluan Teori Graf URL → Deadline: -
[2026-05-16 18:02:39]      • [Quiz] Kuis M1 [kelas PAGI] → Deadline: Tidak diketahui
[2026-05-16 18:02:43]      • [Quiz] Kuis M1 [kelas MALAM] → Deadline: Tidak diketahui
[2026-05-16 18:02:48]      • [Materi] M2: Graf Tidak Berarah dan Graf Berbobot File → Deadline: -
[2026-05-16 18:02:52]      • [Materi] Video Literasi M2 : Graf Tidak Berarah dan Graf Berbobot URL → Deadline: -
[2026-05-16 18:02:56]      • [Quiz] Kuis M2 [KELAS PAGI] : Graf Tidak Berarah dan Graf Berbobot → Deadline: Tidak diketahui
[2026-05-16 18:03:01]      • [Quiz] Kuis M2 [KELAS MALAM] : Graf Tidak Berarah dan Graf Berbobot → Deadline: Tidak diketahui
[2026-05-16 18:03:06]      • [Materi] M4 : Aplikasi Teori Graf di Teknik Elektro File → Deadline: -
[2026-05-16 18:03:10]      • [Materi] Video Literasi M4 : Aplikasi Teori Graf di Teknik Elektro URL → Deadline: -
[2026-05-16 18:03:14]      • [Quiz] Kuis M4 [KELAS PAGI]: Aplikasi Teori Graf di Teknik Elektro → Deadline: Tidak diketahui
[2026-05-16 18:03:18]      • [Quiz] Kuis M4 [KELAS MALAM]: Aplikasi Teori Graf di Teknik Elektro → Deadline: Tidak diketahui
[2026-05-16 18:03:22]      • [Materi] M5 : Knowledge Graph dan Database Graph File → Deadline: -
[2026-05-16 18:03:26]      • [Materi] Video Literasi  M5 : Knowledge Graph dan Database Graph URL → Deadline: -
[2026-05-16 18:03:30]      • [Quiz] Kuis M5 [KELAS PAGI] : nowledge Graph dan Database Graph → Deadline: Tidak diketahui
[2026-05-16 18:03:35]      • [Quiz] Kuis M5 [KELAS MALAM] : Knowledge Graph dan Database Graph → Deadline: Tidak diketahui
[2026-05-16 18:03:38]      • [Materi] M6 : Graf Berarah dan Implementasinya File → Deadline: -
[2026-05-16 18:03:43]      • [Materi] Video Literasi M6 : Graf Berarah dan Implementasinya URL → Deadline: -
[2026-05-16 18:03:48]      • [Quiz] Kuis M6 [KELAS PAGI] : Graf Berarah dan Implementasinya → Deadline: Tidak diketahui
[2026-05-16 18:04:05]      • [Quiz] Kuis M6 [KELAS MALAM] : Graf Berarah dan Implementasinya → Deadline: Tidak diketahui
[2026-05-16 18:04:09]      • [Materi] M8 : Penerapan Teori Graf di Bidang Teknik Sipil File → Deadline: -
[2026-05-16 18:04:13]      • [Materi] Video Literasi M8 : Penerapan Teori Graf di Bidang Teknik Sipil URL → Deadline: -
[2026-05-16 18:04:18]      • [Quiz] Kuis M8 [KELAS PAGI] : Penerapan Teori Graf di Bidang Teknik Sipil → Deadline: Tidak diketahui
[2026-05-16 18:04:22]      • [Quiz] Kuis M8 [KELAS MALAM] : Penerapan Teori Graf di Bidang Teknik Sipil → Deadline: Tidak diketahui
[2026-05-16 18:04:26] 📚 Mengambil mata kuliah ID 104413 ...
[2026-05-16 18:04:26]   ➤ ATA 2025/2026 | 3-FIKTI | Praktikum Terapan Teori Graf
[2026-05-16 18:04:26]      • [Materi] Panduan Praktikum  Forum → Deadline: -
[2026-05-16 18:04:31]      • [Materi] Panduan Google Collaboratory URL → Deadline: -
[2026-05-16 18:04:35]      • [Materi] Panduan Instalasi Anaconda URL → Deadline: -
[2026-05-16 18:04:39]      • [Quiz] Pre-Test (M1) → Deadline: Tidak diketahui
[2026-05-16 18:04:43]      • [Materi] 1.1  Pengantar: Teori Graf URL → Deadline: -
[2026-05-16 18:04:47]      • [Materi] 1.2  Sesi Hands-on Praktikum URL → Deadline: -
[2026-05-16 18:04:52]      • [Materi] 1.3 Tutorial Menambahkan File pada Mesin DGX URL → Deadline: -
[2026-05-16 18:04:56]      • [Quiz] Post-Test (M1) → Deadline: Tidak diketahui
[2026-05-16 18:05:01]      • [Assignment] Pengumpulan Tugas (M1) → Deadline: Saturday, 7 March 2026, 11:59 PM
[2026-05-16 18:05:05]      • [Quiz] Pre-Test (M2) → Deadline: Tidak diketahui
[2026-05-16 18:05:10]      • [Materi] 2.1  Pengantar: Berbagai Pemecahan Masalah Menggunakan Teori Graf Page → Deadline: -
[2026-05-16 18:05:15]      • [Quiz] Post-Test (M2) → Deadline: Tidak diketahui
[2026-05-16 18:05:19]      • [Assignment] Pengumpulan Tugas (M2) → Deadline: Saturday, 14 March 2026, 11:59 PM
[2026-05-16 18:05:23]      • [Quiz] Pre-Test (M4) → Deadline: Tidak diketahui
[2026-05-16 18:05:28]      • [Materi] 4.1  Pengantar: Breadth First Search URL → Deadline: -
[2026-05-16 18:05:32]      • [Materi] Sesi Praktikum File → Deadline: -
[2026-05-16 18:05:37]      • [Materi] Video Tutorial: Mendownload File IPYNB di Virtual Class URL → Deadline: -
[2026-05-16 18:05:42]      • [Quiz] Post-Test (M4) → Deadline: Tidak diketahui
[2026-05-16 18:05:46]      • [Assignment] Laporan Akhir (M4) → Deadline: Saturday, 11 April 2026, 11:59 PM
[2026-05-16 18:05:51]      • [Quiz] Pre-Test (M5) → Deadline: Tidak diketahui
[2026-05-16 18:05:56]      • [Materi] Sesi Praktikum URL → Deadline: -
[2026-05-16 18:06:00]      • [Quiz] Post-Test (M5) → Deadline: Tidak diketahui
[2026-05-16 18:06:05]      • [Assignment] Laporan Akhir (M5) → Deadline: Saturday, 18 April 2026, 11:59 PM
[2026-05-16 18:06:09]      • [Quiz] Pre-Test (M6) → Deadline: Tidak diketahui
[2026-05-16 18:06:13]      • [Materi] 6.1  Pendahuluan: Algoritma Dasar Tree URL → Deadline: -
[2026-05-16 18:06:17]      • [Materi] Sesi Praktikum File → Deadline: -
[2026-05-16 18:06:21]      • [Quiz] Post-Test (M6) → Deadline: Tidak diketahui
[2026-05-16 18:06:25]      • [Assignment] Laporan Akhir (M6) → Deadline: Saturday, 25 April 2026, 11:59 PM
[2026-05-16 18:06:30]      • [Quiz] Pre-Test (M8) → Deadline: Tidak diketahui
[2026-05-16 18:06:35]      • [Materi] 8.1  Pendahuluan: Implementasi Graph URL → Deadline: -
[2026-05-16 18:06:38]      • [Materi] Link File Praktikum I - family.pl → Deadline: -
[2026-05-16 18:06:43]      • [Materi] Link File Praktikum II - 8-puzzles.ipynb → Deadline: -
[2026-05-16 18:06:48]      • [Materi] Video Tutorial: Mendownload File IPYNB di Virtual Class URL → Deadline: -
[2026-05-16 18:06:53]      • [Quiz] Post-Test (M8) → Deadline: Tidak diketahui
[2026-05-16 18:06:57]      • [Assignment] Laporan Akhir (M8) → Deadline: Saturday, 9 May 2026, 11:59 PM
[2026-05-16 18:07:01]      • [Quiz] Pre-Test (M9) → Deadline: Saturday, 16 May 2026, 11:59 PM
[2026-05-16 18:07:05]      • [Materi] Sesi Hands-on Praktikum URL → Deadline: -
[2026-05-16 18:07:09]      • [Quiz] Post-Test (M9) → Deadline: Saturday, 16 May 2026, 11:59 PM
[2026-05-16 18:07:14]      • [Assignment] Pengumpulan Tugas (M9) → Deadline: Saturday, 16 May 2026, 11:59 PM
[2026-05-16 18:07:18] 📦 Total tugas ditemukan: 87
[2026-05-16 18:07:18] 💾 Disimpan ke python/node/tugas.json
