[2026-07-08 09:45:26] 🔐 Login ke V-Class...
[2026-07-08 09:45:27] ✅ Login berhasil
[2026-07-08 09:45:27] 📚 Mengambil mata kuliah ID 108486 ...
[2026-07-08 09:45:27]   ➤ ATA 2025/2026 | 3KB01 | Jaringan Komputer Lanjut | VIVIEN NOVA FITHRIANA
[2026-07-08 09:45:27]      • [Materi] Announcements Forum → Deadline: -
[2026-07-08 09:45:31]      • [Materi] M1 File → Deadline: -
[2026-07-08 09:45:36]      • [Materi] M2 File → Deadline: -
[2026-07-08 09:45:39]      • [Materi] M3 File → Deadline: -
[2026-07-08 09:45:44]      • [Materi] M4 File → Deadline: -
[2026-07-08 09:45:47]      • [Materi] M5 File → Deadline: -
[2026-07-08 09:45:51]      • [Materi] M6 File → Deadline: -
[2026-07-08 09:45:56]      • [Materi] M7 File → Deadline: -
[2026-07-08 09:46:00]      • [Materi] VC-1 : Traffic dan Algoritma Kendali Kemacetan File → Deadline: -
[2026-07-08 09:46:04]      • [Materi] VC-1 : Traffic dan Algoritma Kendali Kemacetan File → Deadline: -
[2026-07-08 09:46:08]      • [Materi] Forum VC-1 : Traffic dan Algoritma Kendali Kemacetan → Deadline: -
[2026-07-08 09:46:12]      • [Quiz] Latihan Soal VC-1 : Traffic dan Algoritma Kendali Kemacetan → Deadline: Tidak diketahui
[2026-07-08 09:46:16]      • [Materi] VC-2 : Traffic dan Algoritma Kendali Kemacetan - Bagian 2 File → Deadline: -
[2026-07-08 09:46:21]      • [Materi] Forum VC-2 : Traffic dan Algoritma Kendali Kemacetan - Bagian 2 → Deadline: -
[2026-07-08 09:46:25]      • [Quiz] Latihan Soal VC-2 : Traffic dan Algoritma Kendali Kemacetan - Bagian 2 → Deadline: Tidak diketahui
[2026-07-08 09:46:29]      • [Materi] VC-3 : Lapisan Transport File → Deadline: -
[2026-07-08 09:46:33]      • [Materi] Forum VC-3 : Lapisan Transport → Deadline: -
[2026-07-08 09:46:37]      • [Quiz] Latihan Soal VC-3 : Lapisan Transport → Deadline: Wednesday, 15 July 2026, 11:59 PM
[2026-07-08 09:46:41] 📚 Mengambil mata kuliah ID 108172 ...
[2026-07-08 09:46:41]   ➤ ATA 2025/2026 | 3KB01 | Internet of Things (IoT) | PURNAWARMAN MUSA
[2026-07-08 09:46:41]      • [Materi] Announcements Forum → Deadline: -
[2026-07-08 09:46:46]      • [Materi] M6 File → Deadline: -
[2026-07-08 09:46:50]      • [Quiz] Soal (Tugas Individu) → Deadline: Tidak diketahui
[2026-07-08 09:46:55]      • [Quiz] Soal (Tugas Individu) → Deadline: Tidak diketahui
[2026-07-08 09:47:00] 📚 Mengambil mata kuliah ID 109563 ...
[2026-07-08 09:47:00]   ➤ ATA 2025/2026 | 3KB01 | Sistem Tertanam (Embedded) * | RIDHA ISKANDAR
[2026-07-08 09:47:00]      • [Materi] Selamat Datang di V-Class Sistem Tertanam (Embedded) Forum → Deadline: -
[2026-07-08 09:47:04]      • [Assignment] File 1 → Deadline: Sunday, 26 April 2026, 12:00 AM
[2026-07-08 09:47:08] 📚 Mengambil mata kuliah ID 109970 ...
[2026-07-08 09:47:08]   ➤ ATA 2025/2026 | 2EB10 | Bahasa Indonesia | MELANIAWATI
[2026-07-08 09:47:08] 📚 Mengambil mata kuliah ID 107919 ...
[2026-07-08 09:47:08]   ➤ ATA 2025/2026 | 3KB01 | Sistem Cerdas Lanjut | NUR SULTAN SALAHUDDIN
[2026-07-08 09:47:08]      • [Materi] Announcements Forum → Deadline: -
[2026-07-08 09:47:13]      • [Assignment] Sistem Kesehatan Cerdas → Deadline: Thursday, 21 May 2026, 12:00 AM
[2026-07-08 09:47:17]      • [Quiz] Sistem Kesehatan Cerdas → Deadline: Tidak diketahui
[2026-07-08 09:47:21] 📚 Mengambil mata kuliah ID 107291 ...
[2026-07-08 09:47:21]   ➤ ATA 2025/2026 | 3KB01 | Pengantarmukaan Perif.Komputer * | FARID THALIB
[2026-07-08 09:47:21]      • [Materi] Announcements Forum → Deadline: -
[2026-07-08 09:47:25] 📚 Mengambil mata kuliah ID 104438 ...
[2026-07-08 09:47:25]   ➤ ATA 2025/2026 | 3-FIKTI | Terapan Teori Graf | TEAM TEACHING
[2026-07-08 09:47:25]      • [Materi] PEMBERITAHUAN UTS SUSULAN File → Deadline: -
[2026-07-08 09:47:29]      • [Materi] PEMBERITAHUAN PELAKSANAAN TEAM TEACHING TERAPAN TEORI GRAF Forum → Deadline: -
[2026-07-08 09:47:33]      • [Materi] M1: Pendahuluan Teori Graf File → Deadline: -
[2026-07-08 09:47:37]      • [Materi] Video Literasi M1: Pendahuluan Teori Graf URL → Deadline: -
[2026-07-08 09:47:42]      • [Quiz] Kuis M1 [kelas PAGI] → Deadline: Tidak diketahui
[2026-07-08 09:47:46]      • [Quiz] Kuis M1 [kelas MALAM] → Deadline: Tidak diketahui
[2026-07-08 09:47:51]      • [Materi] M2: Graf Tidak Berarah dan Graf Berbobot File → Deadline: -
[2026-07-08 09:47:55]      • [Materi] Video Literasi M2 : Graf Tidak Berarah dan Graf Berbobot URL → Deadline: -
[2026-07-08 09:47:59]      • [Quiz] Kuis M2 [KELAS PAGI] : Graf Tidak Berarah dan Graf Berbobot → Deadline: Tidak diketahui
[2026-07-08 09:48:04]      • [Quiz] Kuis M2 [KELAS MALAM] : Graf Tidak Berarah dan Graf Berbobot → Deadline: Tidak diketahui
[2026-07-08 09:48:08]      • [Materi] M4 : Aplikasi Teori Graf di Teknik Elektro File → Deadline: -
[2026-07-08 09:48:13]      • [Materi] Video Literasi M4 : Aplikasi Teori Graf di Teknik Elektro URL → Deadline: -
[2026-07-08 09:48:18]      • [Quiz] Kuis M4 [KELAS PAGI]: Aplikasi Teori Graf di Teknik Elektro → Deadline: Tidak diketahui
[2026-07-08 09:48:22]      • [Quiz] Kuis M4 [KELAS MALAM]: Aplikasi Teori Graf di Teknik Elektro → Deadline: Tidak diketahui
[2026-07-08 09:48:26]      • [Materi] M5 : Knowledge Graph dan Database Graph File → Deadline: -
[2026-07-08 09:48:30]      • [Materi] Video Literasi  M5 : Knowledge Graph dan Database Graph URL → Deadline: -
[2026-07-08 09:48:35]      • [Quiz] Kuis M5 [KELAS PAGI] : nowledge Graph dan Database Graph → Deadline: Tidak diketahui
[2026-07-08 09:48:40]      • [Quiz] Kuis M5 [KELAS MALAM] : Knowledge Graph dan Database Graph → Deadline: Tidak diketahui
[2026-07-08 09:48:44]      • [Materi] M6 : Graf Berarah dan Implementasinya File → Deadline: -
[2026-07-08 09:48:48]      • [Materi] Video Literasi M6 : Graf Berarah dan Implementasinya URL → Deadline: -
[2026-07-08 09:48:53]      • [Quiz] Kuis M6 [KELAS PAGI] : Graf Berarah dan Implementasinya → Deadline: Tidak diketahui
[2026-07-08 09:48:57]      • [Quiz] Kuis M6 [KELAS MALAM] : Graf Berarah dan Implementasinya → Deadline: Tidak diketahui
[2026-07-08 09:49:00]      • [Materi] M8 : Penerapan Teori Graf di Bidang Teknik Sipil File → Deadline: -
[2026-07-08 09:49:04]      • [Materi] Video Literasi M8 : Penerapan Teori Graf di Bidang Teknik Sipil URL → Deadline: -
[2026-07-08 09:49:09]      • [Quiz] Kuis M8 [KELAS PAGI] : Penerapan Teori Graf di Bidang Teknik Sipil → Deadline: Tidak diketahui
[2026-07-08 09:49:14]      • [Quiz] Kuis M8 [KELAS MALAM] : Penerapan Teori Graf di Bidang Teknik Sipil → Deadline: Tidak diketahui
[2026-07-08 09:49:18]      • [Materi] M10 : Penerapan Teori Graf  di Bidang Teknik Industri File → Deadline: -
[2026-07-08 09:49:22]      • [Materi] Video Literasi M10 : Penerapan Teori Graf  di Bidang Teknik Industri URL → Deadline: -
[2026-07-08 09:49:27]      • [Quiz] Kuis M10 [kelas pagi] : Penerapan Teori Graf  di Bidang Teknik Industri → Deadline: Tidak diketahui
[2026-07-08 09:49:31]      • [Quiz] Kuis M10 [kelas malam]: Penerapan Teori Graf  di Bidang Teknik Industri → Deadline: Tidak diketahui
[2026-07-08 09:49:36]      • [Materi] M11 : Program Dinamis dan Permasalahan Tata Letak Fasilitas File → Deadline: -
[2026-07-08 09:49:40]      • [Materi] video literasi : Program Dinamis dan Permasalahan Tata Letak Fasilitas URL → Deadline: -
[2026-07-08 09:49:44]      • [Quiz] Kuis M11 [kelas PAGI]: Program Dinamis dan Permasalahan Tata Letak Fasilitas → Deadline: Tidak diketahui
[2026-07-08 09:49:48]      • [Quiz] Kuis M11 [kelas MALAM]: Program Dinamis dan Permasalahan Tata Letak Fasilitas → Deadline: Tidak diketahui
[2026-07-08 09:49:53]      • [Materi] M12: Algoritma Greedy pada Graf File → Deadline: -
[2026-07-08 09:49:58]      • [Materi] Video literasi M12: Algoritma Greedy pada Graf URL → Deadline: -
[2026-07-08 09:50:03]      • [Quiz] Kuis M12 [kelas PAGI] → Deadline: Tidak diketahui
[2026-07-08 09:50:08]      • [Quiz] Kuis M12 [kelas MALAM] → Deadline: Tidak diketahui
[2026-07-08 09:50:12] 📚 Mengambil mata kuliah ID 104413 ...
[2026-07-08 09:50:12]   ➤ ATA 2025/2026 | 3-FIKTI | Praktikum Terapan Teori Graf
[2026-07-08 09:50:12]      • [Materi] Panduan Praktikum  Forum → Deadline: -
[2026-07-08 09:50:16]      • [Materi] Panduan Google Collaboratory URL → Deadline: -
[2026-07-08 09:50:21]      • [Materi] Panduan Instalasi Anaconda URL → Deadline: -
[2026-07-08 09:50:25]      • [Quiz] Pre-Test (M1) → Deadline: Tidak diketahui
[2026-07-08 09:50:29]      • [Materi] 1.1  Pengantar: Teori Graf URL → Deadline: -
[2026-07-08 09:50:33]      • [Materi] 1.2  Sesi Hands-on Praktikum URL → Deadline: -
[2026-07-08 09:50:38]      • [Materi] 1.3 Tutorial Menambahkan File pada Mesin DGX URL → Deadline: -
[2026-07-08 09:50:42]      • [Quiz] Post-Test (M1) → Deadline: Tidak diketahui
[2026-07-08 09:50:46]      • [Assignment] Pengumpulan Tugas (M1) → Deadline: Saturday, 7 March 2026, 11:59 PM
[2026-07-08 09:50:51]      • [Quiz] Pre-Test (M2) → Deadline: Tidak diketahui
[2026-07-08 09:50:56]      • [Materi] 2.1  Pengantar: Berbagai Pemecahan Masalah Menggunakan Teori Graf Page → Deadline: -
[2026-07-08 09:51:01]      • [Quiz] Post-Test (M2) → Deadline: Tidak diketahui
[2026-07-08 09:51:04]      • [Assignment] Pengumpulan Tugas (M2) → Deadline: Saturday, 14 March 2026, 11:59 PM
[2026-07-08 09:51:09]      • [Quiz] Pre-Test (M4) → Deadline: Tidak diketahui
[2026-07-08 09:51:12]      • [Materi] 4.1  Pengantar: Breadth First Search URL → Deadline: -
[2026-07-08 09:51:17]      • [Materi] Sesi Praktikum File → Deadline: -
[2026-07-08 09:51:21]      • [Materi] Video Tutorial: Mendownload File IPYNB di Virtual Class URL → Deadline: -
[2026-07-08 09:51:25]      • [Quiz] Post-Test (M4) → Deadline: Tidak diketahui
[2026-07-08 09:51:29]      • [Assignment] Laporan Akhir (M4) → Deadline: Saturday, 11 April 2026, 11:59 PM
[2026-07-08 09:51:34]      • [Quiz] Pre-Test (M5) → Deadline: Tidak diketahui
[2026-07-08 09:51:38]      • [Materi] Sesi Praktikum URL → Deadline: -
[2026-07-08 09:51:42]      • [Quiz] Post-Test (M5) → Deadline: Tidak diketahui
[2026-07-08 09:51:46]      • [Assignment] Laporan Akhir (M5) → Deadline: Saturday, 18 April 2026, 11:59 PM
[2026-07-08 09:51:50]      • [Quiz] Pre-Test (M6) → Deadline: Tidak diketahui
[2026-07-08 09:51:54]      • [Materi] 6.1  Pendahuluan: Algoritma Dasar Tree URL → Deadline: -
[2026-07-08 09:51:58]      • [Materi] Sesi Praktikum File → Deadline: -
[2026-07-08 09:52:03]      • [Quiz] Post-Test (M6) → Deadline: Tidak diketahui
[2026-07-08 09:52:08]      • [Assignment] Laporan Akhir (M6) → Deadline: Saturday, 25 April 2026, 11:59 PM
[2026-07-08 09:52:13]      • [Quiz] Pre-Test (M8) → Deadline: Tidak diketahui
[2026-07-08 09:52:16]      • [Materi] 8.1  Pendahuluan: Implementasi Graph URL → Deadline: -
[2026-07-08 09:52:20]      • [Materi] Link File Praktikum I - family.pl → Deadline: -
[2026-07-08 09:52:25]      • [Materi] Link File Praktikum II - 8-puzzles.ipynb → Deadline: -
[2026-07-08 09:52:29]      • [Materi] Video Tutorial: Mendownload File IPYNB di Virtual Class URL → Deadline: -
[2026-07-08 09:52:34]      • [Quiz] Post-Test (M8) → Deadline: Tidak diketahui
[2026-07-08 09:52:38]      • [Assignment] Laporan Akhir (M8) → Deadline: Saturday, 9 May 2026, 11:59 PM
[2026-07-08 09:52:43]      • [Quiz] Pre-Test (M9) → Deadline: Tidak diketahui
[2026-07-08 09:52:47]      • [Materi] Sesi Hands-on Praktikum URL → Deadline: -
[2026-07-08 09:52:51]      • [Quiz] Post-Test (M9) → Deadline: Tidak diketahui
[2026-07-08 09:52:55]      • [Assignment] Pengumpulan Tugas (M9) → Deadline: Saturday, 16 May 2026, 11:59 PM
[2026-07-08 09:52:59]      • [Quiz] Pre-Test (M3) → Deadline: Tidak diketahui
[2026-07-08 09:53:04]      • [Materi] Sesi Praktikum URL → Deadline: -
[2026-07-08 09:53:08]      • [Materi] Video Tutorial: Menambahkan File pada Mesin DGX URL → Deadline: -
[2026-07-08 09:53:12]      • [Quiz] Post-Test (M3) → Deadline: Tidak diketahui
[2026-07-08 09:53:16]      • [Assignment] Pengumpulan Tugas (M3) → Deadline: Saturday, 23 May 2026, 11:59 PM
[2026-07-08 09:53:21]      • [Quiz] Pre-Test (M7) → Deadline: Tidak diketahui
[2026-07-08 09:53:25]      • [Materi] Link File Praktikum I - 3-Tekrek-Find-Center.ipynb → Deadline: -
[2026-07-08 09:53:29]      • [Materi] Link File Praktikum II - 3-Tekrek-Sortest-Path.ipynb → Deadline: -
[2026-07-08 09:53:33]      • [Materi] Video Tutorial: Mendownload File IPYNB di Virtual Class URL → Deadline: -
[2026-07-08 09:53:38]      • [Quiz] Post-Test (M7) → Deadline: Tidak diketahui
[2026-07-08 09:53:42]      • [Assignment] Laporan Akhir (M7) → Deadline: Saturday, 23 May 2026, 11:59 PM
[2026-07-08 09:53:45] 📦 Total tugas ditemukan: 116
[2026-07-08 09:53:45] 💾 Disimpan ke python/node/tugas.json
[2026-07-08 18:00:46] 🔐 Login ke V-Class...
[2026-07-08 18:00:46] ✅ Login berhasil
[2026-07-08 18:00:46] 📚 Mengambil mata kuliah ID 108486 ...
[2026-07-08 18:00:46]   ➤ ATA 2025/2026 | 3KB01 | Jaringan Komputer Lanjut | VIVIEN NOVA FITHRIANA
[2026-07-08 18:00:46]      • [Materi] Announcements Forum → Deadline: -
[2026-07-08 18:00:50]      • [Materi] M1 File → Deadline: -
[2026-07-08 18:00:54]      • [Materi] M2 File → Deadline: -
[2026-07-08 18:00:59]      • [Materi] M3 File → Deadline: -
[2026-07-08 18:01:02]      • [Materi] M4 File → Deadline: -
[2026-07-08 18:01:06]      • [Materi] M5 File → Deadline: -
[2026-07-08 18:01:11]      • [Materi] M6 File → Deadline: -
[2026-07-08 18:01:15]      • [Materi] M7 File → Deadline: -
[2026-07-08 18:01:18]      • [Materi] VC-1 : Traffic dan Algoritma Kendali Kemacetan File → Deadline: -
[2026-07-08 18:01:23]      • [Materi] VC-1 : Traffic dan Algoritma Kendali Kemacetan File → Deadline: -
[2026-07-08 18:01:27]      • [Materi] Forum VC-1 : Traffic dan Algoritma Kendali Kemacetan → Deadline: -
[2026-07-08 18:01:31]      • [Quiz] Latihan Soal VC-1 : Traffic dan Algoritma Kendali Kemacetan → Deadline: Tidak diketahui
[2026-07-08 18:01:36]      • [Materi] VC-2 : Traffic dan Algoritma Kendali Kemacetan - Bagian 2 File → Deadline: -
[2026-07-08 18:01:41]      • [Materi] Forum VC-2 : Traffic dan Algoritma Kendali Kemacetan - Bagian 2 → Deadline: -
[2026-07-08 18:01:44]      • [Quiz] Latihan Soal VC-2 : Traffic dan Algoritma Kendali Kemacetan - Bagian 2 → Deadline: Tidak diketahui
[2026-07-08 18:01:49]      • [Materi] VC-3 : Lapisan Transport File → Deadline: -
[2026-07-08 18:01:54]      • [Materi] Forum VC-3 : Lapisan Transport → Deadline: -
[2026-07-08 18:01:57]      • [Quiz] Latihan Soal VC-3 : Lapisan Transport → Deadline: Wednesday, 15 July 2026, 11:59 PM
[2026-07-08 18:02:02] 📚 Mengambil mata kuliah ID 108172 ...
[2026-07-08 18:02:02]   ➤ ATA 2025/2026 | 3KB01 | Internet of Things (IoT) | PURNAWARMAN MUSA
[2026-07-08 18:02:02]      • [Materi] Announcements Forum → Deadline: -
[2026-07-08 18:02:06]      • [Materi] M6 File → Deadline: -
[2026-07-08 18:02:11]      • [Quiz] Soal (Tugas Individu) → Deadline: Tidak diketahui
[2026-07-08 18:02:15]      • [Quiz] Soal (Tugas Individu) → Deadline: Tidak diketahui
[2026-07-08 18:02:19] 📚 Mengambil mata kuliah ID 109563 ...
[2026-07-08 18:02:19]   ➤ ATA 2025/2026 | 3KB01 | Sistem Tertanam (Embedded) * | RIDHA ISKANDAR
[2026-07-08 18:02:19]      • [Materi] Selamat Datang di V-Class Sistem Tertanam (Embedded) Forum → Deadline: -
[2026-07-08 18:02:23]      • [Assignment] File 1 → Deadline: Sunday, 26 April 2026, 12:00 AM
[2026-07-08 18:02:27] 📚 Mengambil mata kuliah ID 109970 ...
[2026-07-08 18:02:28]   ➤ ATA 2025/2026 | 2EB10 | Bahasa Indonesia | MELANIAWATI
[2026-07-08 18:02:28] 📚 Mengambil mata kuliah ID 107919 ...
[2026-07-08 18:02:28]   ➤ ATA 2025/2026 | 3KB01 | Sistem Cerdas Lanjut | NUR SULTAN SALAHUDDIN
[2026-07-08 18:02:28]      • [Materi] Announcements Forum → Deadline: -
[2026-07-08 18:02:32]      • [Assignment] Sistem Kesehatan Cerdas → Deadline: Thursday, 21 May 2026, 12:00 AM
[2026-07-08 18:02:35]      • [Quiz] Sistem Kesehatan Cerdas → Deadline: Tidak diketahui
[2026-07-08 18:02:39] 📚 Mengambil mata kuliah ID 107291 ...
[2026-07-08 18:02:39]   ➤ ATA 2025/2026 | 3KB01 | Pengantarmukaan Perif.Komputer * | FARID THALIB
[2026-07-08 18:02:39]      • [Materi] Announcements Forum → Deadline: -
[2026-07-08 18:02:44] 📚 Mengambil mata kuliah ID 104438 ...
[2026-07-08 18:02:44]   ➤ ATA 2025/2026 | 3-FIKTI | Terapan Teori Graf | TEAM TEACHING
[2026-07-08 18:02:44]      • [Materi] PEMBERITAHUAN UTS SUSULAN File → Deadline: -
[2026-07-08 18:02:48]      • [Materi] PEMBERITAHUAN PELAKSANAAN TEAM TEACHING TERAPAN TEORI GRAF Forum → Deadline: -
[2026-07-08 18:02:53]      • [Materi] M1: Pendahuluan Teori Graf File → Deadline: -
[2026-07-08 18:02:57]      • [Materi] Video Literasi M1: Pendahuluan Teori Graf URL → Deadline: -
[2026-07-08 18:03:02]      • [Quiz] Kuis M1 [kelas PAGI] → Deadline: Tidak diketahui
[2026-07-08 18:03:07]      • [Quiz] Kuis M1 [kelas MALAM] → Deadline: Tidak diketahui
[2026-07-08 18:03:10]      • [Materi] M2: Graf Tidak Berarah dan Graf Berbobot File → Deadline: -
[2026-07-08 18:03:14]      • [Materi] Video Literasi M2 : Graf Tidak Berarah dan Graf Berbobot URL → Deadline: -
[2026-07-08 18:03:18]      • [Quiz] Kuis M2 [KELAS PAGI] : Graf Tidak Berarah dan Graf Berbobot → Deadline: Tidak diketahui
[2026-07-08 18:03:22]      • [Quiz] Kuis M2 [KELAS MALAM] : Graf Tidak Berarah dan Graf Berbobot → Deadline: Tidak diketahui
[2026-07-08 18:03:27]      • [Materi] M4 : Aplikasi Teori Graf di Teknik Elektro File → Deadline: -
[2026-07-08 18:03:32]      • [Materi] Video Literasi M4 : Aplikasi Teori Graf di Teknik Elektro URL → Deadline: -
[2026-07-08 18:03:36]      • [Quiz] Kuis M4 [KELAS PAGI]: Aplikasi Teori Graf di Teknik Elektro → Deadline: Tidak diketahui
[2026-07-08 18:03:40]      • [Quiz] Kuis M4 [KELAS MALAM]: Aplikasi Teori Graf di Teknik Elektro → Deadline: Tidak diketahui
[2026-07-08 18:03:45]      • [Materi] M5 : Knowledge Graph dan Database Graph File → Deadline: -
[2026-07-08 18:03:50]      • [Materi] Video Literasi  M5 : Knowledge Graph dan Database Graph URL → Deadline: -
[2026-07-08 18:03:55]      • [Quiz] Kuis M5 [KELAS PAGI] : nowledge Graph dan Database Graph → Deadline: Tidak diketahui
[2026-07-08 18:03:59]      • [Quiz] Kuis M5 [KELAS MALAM] : Knowledge Graph dan Database Graph → Deadline: Tidak diketahui
[2026-07-08 18:04:03]      • [Materi] M6 : Graf Berarah dan Implementasinya File → Deadline: -
[2026-07-08 18:04:08]      • [Materi] Video Literasi M6 : Graf Berarah dan Implementasinya URL → Deadline: -
[2026-07-08 18:04:12]      • [Quiz] Kuis M6 [KELAS PAGI] : Graf Berarah dan Implementasinya → Deadline: Tidak diketahui
[2026-07-08 18:04:16]      • [Quiz] Kuis M6 [KELAS MALAM] : Graf Berarah dan Implementasinya → Deadline: Tidak diketahui
[2026-07-08 18:04:20]      • [Materi] M8 : Penerapan Teori Graf di Bidang Teknik Sipil File → Deadline: -
[2026-07-08 18:04:24]      • [Materi] Video Literasi M8 : Penerapan Teori Graf di Bidang Teknik Sipil URL → Deadline: -
[2026-07-08 18:04:28]      • [Quiz] Kuis M8 [KELAS PAGI] : Penerapan Teori Graf di Bidang Teknik Sipil → Deadline: Tidak diketahui
[2026-07-08 18:04:32]      • [Quiz] Kuis M8 [KELAS MALAM] : Penerapan Teori Graf di Bidang Teknik Sipil → Deadline: Tidak diketahui
[2026-07-08 18:04:37]      • [Materi] M10 : Penerapan Teori Graf  di Bidang Teknik Industri File → Deadline: -
[2026-07-08 18:04:42]      • [Materi] Video Literasi M10 : Penerapan Teori Graf  di Bidang Teknik Industri URL → Deadline: -
[2026-07-08 18:04:46]      • [Quiz] Kuis M10 [kelas pagi] : Penerapan Teori Graf  di Bidang Teknik Industri → Deadline: Tidak diketahui
[2026-07-08 18:04:50]      • [Quiz] Kuis M10 [kelas malam]: Penerapan Teori Graf  di Bidang Teknik Industri → Deadline: Tidak diketahui
[2026-07-08 18:04:54]      • [Materi] M11 : Program Dinamis dan Permasalahan Tata Letak Fasilitas File → Deadline: -
[2026-07-08 18:04:58]      • [Materi] video literasi : Program Dinamis dan Permasalahan Tata Letak Fasilitas URL → Deadline: -
[2026-07-08 18:05:02]      • [Quiz] Kuis M11 [kelas PAGI]: Program Dinamis dan Permasalahan Tata Letak Fasilitas → Deadline: Tidak diketahui
[2026-07-08 18:05:07]      • [Quiz] Kuis M11 [kelas MALAM]: Program Dinamis dan Permasalahan Tata Letak Fasilitas → Deadline: Tidak diketahui
[2026-07-08 18:05:11]      • [Materi] M12: Algoritma Greedy pada Graf File → Deadline: -
[2026-07-08 18:05:16]      • [Materi] Video literasi M12: Algoritma Greedy pada Graf URL → Deadline: -
[2026-07-08 18:05:20]      • [Quiz] Kuis M12 [kelas PAGI] → Deadline: Tidak diketahui
[2026-07-08 18:05:25]      • [Quiz] Kuis M12 [kelas MALAM] → Deadline: Tidak diketahui
[2026-07-08 18:05:29] 📚 Mengambil mata kuliah ID 104413 ...
[2026-07-08 18:05:29]   ➤ ATA 2025/2026 | 3-FIKTI | Praktikum Terapan Teori Graf
[2026-07-08 18:05:29]      • [Materi] Panduan Praktikum  Forum → Deadline: -
[2026-07-08 18:05:33]      • [Materi] Panduan Google Collaboratory URL → Deadline: -
[2026-07-08 18:05:37]      • [Materi] Panduan Instalasi Anaconda URL → Deadline: -
[2026-07-08 18:05:41]      • [Quiz] Pre-Test (M1) → Deadline: Tidak diketahui
[2026-07-08 18:05:46]      • [Materi] 1.1  Pengantar: Teori Graf URL → Deadline: -
[2026-07-08 18:05:50]      • [Materi] 1.2  Sesi Hands-on Praktikum URL → Deadline: -
[2026-07-08 18:05:54]      • [Materi] 1.3 Tutorial Menambahkan File pada Mesin DGX URL → Deadline: -
[2026-07-08 18:05:58]      • [Quiz] Post-Test (M1) → Deadline: Tidak diketahui
[2026-07-08 18:06:02]      • [Assignment] Pengumpulan Tugas (M1) → Deadline: Saturday, 7 March 2026, 11:59 PM
[2026-07-08 18:06:06]      • [Quiz] Pre-Test (M2) → Deadline: Tidak diketahui
[2026-07-08 18:06:11]      • [Materi] 2.1  Pengantar: Berbagai Pemecahan Masalah Menggunakan Teori Graf Page → Deadline: -
[2026-07-08 18:06:15]      • [Quiz] Post-Test (M2) → Deadline: Tidak diketahui
[2026-07-08 18:06:19]      • [Assignment] Pengumpulan Tugas (M2) → Deadline: Saturday, 14 March 2026, 11:59 PM
[2026-07-08 18:06:23]      • [Quiz] Pre-Test (M4) → Deadline: Tidak diketahui
[2026-07-08 18:06:27]      • [Materi] 4.1  Pengantar: Breadth First Search URL → Deadline: -
[2026-07-08 18:06:30]      • [Materi] Sesi Praktikum File → Deadline: -
[2026-07-08 18:06:34]      • [Materi] Video Tutorial: Mendownload File IPYNB di Virtual Class URL → Deadline: -
[2026-07-08 18:06:39]      • [Quiz] Post-Test (M4) → Deadline: Tidak diketahui
[2026-07-08 18:06:44]      • [Assignment] Laporan Akhir (M4) → Deadline: Saturday, 11 April 2026, 11:59 PM
[2026-07-08 18:06:48]      • [Quiz] Pre-Test (M5) → Deadline: Tidak diketahui
[2026-07-08 18:06:52]      • [Materi] Sesi Praktikum URL → Deadline: -
[2026-07-08 18:06:57]      • [Quiz] Post-Test (M5) → Deadline: Tidak diketahui
[2026-07-08 18:07:01]      • [Assignment] Laporan Akhir (M5) → Deadline: Saturday, 18 April 2026, 11:59 PM
[2026-07-08 18:07:06]      • [Quiz] Pre-Test (M6) → Deadline: Tidak diketahui
[2026-07-08 18:07:10]      • [Materi] 6.1  Pendahuluan: Algoritma Dasar Tree URL → Deadline: -
[2026-07-08 18:07:15]      • [Materi] Sesi Praktikum File → Deadline: -
[2026-07-08 18:07:18]      • [Quiz] Post-Test (M6) → Deadline: Tidak diketahui
[2026-07-08 18:07:22]      • [Assignment] Laporan Akhir (M6) → Deadline: Saturday, 25 April 2026, 11:59 PM
[2026-07-08 18:07:27]      • [Quiz] Pre-Test (M8) → Deadline: Tidak diketahui
[2026-07-08 18:07:31]      • [Materi] 8.1  Pendahuluan: Implementasi Graph URL → Deadline: -
[2026-07-08 18:07:35]      • [Materi] Link File Praktikum I - family.pl → Deadline: -
[2026-07-08 18:07:39]      • [Materi] Link File Praktikum II - 8-puzzles.ipynb → Deadline: -
[2026-07-08 18:07:43]      • [Materi] Video Tutorial: Mendownload File IPYNB di Virtual Class URL → Deadline: -
[2026-07-08 18:07:47]      • [Quiz] Post-Test (M8) → Deadline: Tidak diketahui
[2026-07-08 18:07:52]      • [Assignment] Laporan Akhir (M8) → Deadline: Saturday, 9 May 2026, 11:59 PM
[2026-07-08 18:07:56]      • [Quiz] Pre-Test (M9) → Deadline: Tidak diketahui
[2026-07-08 18:08:01]      • [Materi] Sesi Hands-on Praktikum URL → Deadline: -
[2026-07-08 18:08:05]      • [Quiz] Post-Test (M9) → Deadline: Tidak diketahui
[2026-07-08 18:08:09]      • [Assignment] Pengumpulan Tugas (M9) → Deadline: Saturday, 16 May 2026, 11:59 PM
[2026-07-08 18:08:13]      • [Quiz] Pre-Test (M3) → Deadline: Tidak diketahui
[2026-07-08 18:08:18]      • [Materi] Sesi Praktikum URL → Deadline: -
[2026-07-08 18:08:22]      • [Materi] Video Tutorial: Menambahkan File pada Mesin DGX URL → Deadline: -
[2026-07-08 18:08:27]      • [Quiz] Post-Test (M3) → Deadline: Tidak diketahui
[2026-07-08 18:08:31]      • [Assignment] Pengumpulan Tugas (M3) → Deadline: Saturday, 23 May 2026, 11:59 PM
[2026-07-08 18:08:35]      • [Quiz] Pre-Test (M7) → Deadline: Tidak diketahui
[2026-07-08 18:08:40]      • [Materi] Link File Praktikum I - 3-Tekrek-Find-Center.ipynb → Deadline: -
[2026-07-08 18:08:43]      • [Materi] Link File Praktikum II - 3-Tekrek-Sortest-Path.ipynb → Deadline: -
[2026-07-08 18:08:47]      • [Materi] Video Tutorial: Mendownload File IPYNB di Virtual Class URL → Deadline: -
[2026-07-08 18:08:52]      • [Quiz] Post-Test (M7) → Deadline: Tidak diketahui
[2026-07-08 18:08:56]      • [Assignment] Laporan Akhir (M7) → Deadline: Saturday, 23 May 2026, 11:59 PM
[2026-07-08 18:09:01] 📦 Total tugas ditemukan: 116
[2026-07-08 18:09:01] 💾 Disimpan ke python/node/tugas.json
