[2026-06-01 09:45:43] 🔐 Login ke V-Class...
[2026-06-01 09:45:44] ✅ Login berhasil
[2026-06-01 09:45:44] 📚 Mengambil mata kuliah ID 108486 ...
[2026-06-01 09:45:44]   ➤ ATA 2025/2026 | 3KB01 | Jaringan Komputer Lanjut | VIVIEN NOVA FITHRIANA
[2026-06-01 09:45:44]      • [Materi] Announcements Forum → Deadline: -
[2026-06-01 09:45:48]      • [Materi] M1 File → Deadline: -
[2026-06-01 09:45:52]      • [Materi] M2 File → Deadline: -
[2026-06-01 09:45:56]      • [Materi] M3 File → Deadline: -
[2026-06-01 09:46:00]      • [Materi] M4 File → Deadline: -
[2026-06-01 09:46:05]      • [Materi] M5 File → Deadline: -
[2026-06-01 09:46:09]      • [Materi] M6 File → Deadline: -
[2026-06-01 09:46:14]      • [Materi] M7 File → Deadline: -
[2026-06-01 09:46:18]      • [Materi] VC-1 : Traffic dan Algoritma Kendali Kemacetan File → Deadline: -
[2026-06-01 09:46:21]      • [Materi] VC-1 : Traffic dan Algoritma Kendali Kemacetan File → Deadline: -
[2026-06-01 09:46:26]      • [Materi] Forum VC-1 : Traffic dan Algoritma Kendali Kemacetan → Deadline: -
[2026-06-01 09:46:31]      • [Quiz] Latihan Soal VC-1 : Traffic dan Algoritma Kendali Kemacetan → Deadline: Tidak diketahui
[2026-06-01 09:46:35]      • [Materi] VC-2 : Traffic dan Algoritma Kendali Kemacetan - Bagian 2 File → Deadline: -
[2026-06-01 09:46:39]      • [Materi] Forum VC-2 : Traffic dan Algoritma Kendali Kemacetan - Bagian 2 → Deadline: -
[2026-06-01 09:46:44]      • [Quiz] Latihan Soal VC-2 : Traffic dan Algoritma Kendali Kemacetan - Bagian 2 → Deadline: Tidak diketahui
[2026-06-01 09:46:48]      • [Materi] VC-3 : Lapisan Transport File → Deadline: -
[2026-06-01 09:46:52]      • [Materi] Forum VC-3 : Lapisan Transport → Deadline: -
[2026-06-01 09:46:56]      • [Quiz] Latihan Soal VC-3 : Lapisan Transport → Deadline: Wednesday, 15 July 2026, 11:59 PM
[2026-06-01 09:46:59] 📚 Mengambil mata kuliah ID 108172 ...
[2026-06-01 09:47:00]   ➤ ATA 2025/2026 | 3KB01 | Internet of Things (IoT) | PURNAWARMAN MUSA
[2026-06-01 09:47:00]      • [Materi] Announcements Forum → Deadline: -
[2026-06-01 09:47:03]      • [Materi] M6 File → Deadline: -
[2026-06-01 09:47:08]      • [Quiz] Soal (Tugas Individu) → Deadline: Tidak diketahui
[2026-06-01 09:47:12]      • [Quiz] Soal (Tugas Individu) → Deadline: Tidak diketahui
[2026-06-01 09:47:16] 📚 Mengambil mata kuliah ID 109563 ...
[2026-06-01 09:47:16]   ➤ ATA 2025/2026 | 3KB01 | Sistem Tertanam (Embedded) * | RIDHA ISKANDAR
[2026-06-01 09:47:16]      • [Materi] Selamat Datang di V-Class Sistem Tertanam (Embedded) Forum → Deadline: -
[2026-06-01 09:47:21]      • [Assignment] File 1 → Deadline: Sunday, 26 April 2026, 12:00 AM
[2026-06-01 09:47:26] 📚 Mengambil mata kuliah ID 109970 ...
[2026-06-01 09:47:26]   ➤ ATA 2025/2026 | 2EB10 | Bahasa Indonesia | MELANIAWATI
[2026-06-01 09:47:26] 📚 Mengambil mata kuliah ID 107919 ...
[2026-06-01 09:47:26]   ➤ ATA 2025/2026 | 3KB01 | Sistem Cerdas Lanjut | NUR SULTAN SALAHUDDIN
[2026-06-01 09:47:26]      • [Materi] Announcements Forum → Deadline: -
[2026-06-01 09:47:30]      • [Assignment] Sistem Kesehatan Cerdas → Deadline: Thursday, 21 May 2026, 12:00 AM
[2026-06-01 09:47:35]      • [Quiz] Sistem Kesehatan Cerdas → Deadline: Tidak diketahui
[2026-06-01 09:47:39] 📚 Mengambil mata kuliah ID 107291 ...
[2026-06-01 09:47:39]   ➤ ATA 2025/2026 | 3KB01 | Pengantarmukaan Perif.Komputer * | FARID THALIB
[2026-06-01 09:47:39]      • [Materi] Announcements Forum → Deadline: -
[2026-06-01 09:47:43] 📚 Mengambil mata kuliah ID 104438 ...
[2026-06-01 09:47:43]   ➤ ATA 2025/2026 | 3-FIKTI | Terapan Teori Graf | TEAM TEACHING
[2026-06-01 09:47:43]      • [Materi] PEMBERITAHUAN PELAKSANAAN TEAM TEACHING TERAPAN TEORI GRAF Forum → Deadline: -
[2026-06-01 09:47:47]      • [Materi] M1: Pendahuluan Teori Graf File → Deadline: -
[2026-06-01 09:47:51]      • [Materi] Video Literasi M1: Pendahuluan Teori Graf URL → Deadline: -
[2026-06-01 09:47:55]      • [Quiz] Kuis M1 [kelas PAGI] → Deadline: Tidak diketahui
[2026-06-01 09:48:00]      • [Quiz] Kuis M1 [kelas MALAM] → Deadline: Tidak diketahui
[2026-06-01 09:48:03]      • [Materi] M2: Graf Tidak Berarah dan Graf Berbobot File → Deadline: -
[2026-06-01 09:48:07]      • [Materi] Video Literasi M2 : Graf Tidak Berarah dan Graf Berbobot URL → Deadline: -
[2026-06-01 09:48:11]      • [Quiz] Kuis M2 [KELAS PAGI] : Graf Tidak Berarah dan Graf Berbobot → Deadline: Tidak diketahui
[2026-06-01 09:48:16]      • [Quiz] Kuis M2 [KELAS MALAM] : Graf Tidak Berarah dan Graf Berbobot → Deadline: Tidak diketahui
[2026-06-01 09:48:20]      • [Materi] M4 : Aplikasi Teori Graf di Teknik Elektro File → Deadline: -
[2026-06-01 09:48:24]      • [Materi] Video Literasi M4 : Aplikasi Teori Graf di Teknik Elektro URL → Deadline: -
[2026-06-01 09:48:28]      • [Quiz] Kuis M4 [KELAS PAGI]: Aplikasi Teori Graf di Teknik Elektro → Deadline: Tidak diketahui
[2026-06-01 09:48:32]      • [Quiz] Kuis M4 [KELAS MALAM]: Aplikasi Teori Graf di Teknik Elektro → Deadline: Tidak diketahui
[2026-06-01 09:48:37]      • [Materi] M5 : Knowledge Graph dan Database Graph File → Deadline: -
[2026-06-01 09:48:41]      • [Materi] Video Literasi  M5 : Knowledge Graph dan Database Graph URL → Deadline: -
[2026-06-01 09:48:46]      • [Quiz] Kuis M5 [KELAS PAGI] : nowledge Graph dan Database Graph → Deadline: Tidak diketahui
[2026-06-01 09:48:50]      • [Quiz] Kuis M5 [KELAS MALAM] : Knowledge Graph dan Database Graph → Deadline: Tidak diketahui
[2026-06-01 09:48:54]      • [Materi] M6 : Graf Berarah dan Implementasinya File → Deadline: -
[2026-06-01 09:48:58]      • [Materi] Video Literasi M6 : Graf Berarah dan Implementasinya URL → Deadline: -
[2026-06-01 09:49:02]      • [Quiz] Kuis M6 [KELAS PAGI] : Graf Berarah dan Implementasinya → Deadline: Tidak diketahui
[2026-06-01 09:49:07]      • [Quiz] Kuis M6 [KELAS MALAM] : Graf Berarah dan Implementasinya → Deadline: Tidak diketahui
[2026-06-01 09:49:10]      • [Materi] M8 : Penerapan Teori Graf di Bidang Teknik Sipil File → Deadline: -
[2026-06-01 09:49:15]      • [Materi] Video Literasi M8 : Penerapan Teori Graf di Bidang Teknik Sipil URL → Deadline: -
[2026-06-01 09:49:19]      • [Quiz] Kuis M8 [KELAS PAGI] : Penerapan Teori Graf di Bidang Teknik Sipil → Deadline: Tidak diketahui
[2026-06-01 09:49:24]      • [Quiz] Kuis M8 [KELAS MALAM] : Penerapan Teori Graf di Bidang Teknik Sipil → Deadline: Tidak diketahui
[2026-06-01 09:49:27]      • [Materi] M10 : Penerapan Teori Graf  di Bidang Teknik Industri File → Deadline: -
[2026-06-01 09:49:32]      • [Materi] Video Literasi M10 : Penerapan Teori Graf  di Bidang Teknik Industri URL → Deadline: -
[2026-06-01 09:49:36]      • [Quiz] Kuis M10 [kelas pagi] : Penerapan Teori Graf  di Bidang Teknik Industri → Deadline: Tidak diketahui
[2026-06-01 09:49:39]      • [Quiz] Kuis M10 [kelas malam]: Penerapan Teori Graf  di Bidang Teknik Industri → Deadline: Tidak diketahui
[2026-06-01 09:49:43] 📚 Mengambil mata kuliah ID 104413 ...
[2026-06-01 09:49:43]   ➤ ATA 2025/2026 | 3-FIKTI | Praktikum Terapan Teori Graf
[2026-06-01 09:49:43]      • [Materi] Panduan Praktikum  Forum → Deadline: -
[2026-06-01 09:49:47]      • [Materi] Panduan Google Collaboratory URL → Deadline: -
[2026-06-01 09:49:51]      • [Materi] Panduan Instalasi Anaconda URL → Deadline: -
[2026-06-01 09:49:56]      • [Quiz] Pre-Test (M1) → Deadline: Tidak diketahui
[2026-06-01 09:50:00]      • [Materi] 1.1  Pengantar: Teori Graf URL → Deadline: -
[2026-06-01 09:50:04]      • [Materi] 1.2  Sesi Hands-on Praktikum URL → Deadline: -
[2026-06-01 09:50:09]      • [Materi] 1.3 Tutorial Menambahkan File pada Mesin DGX URL → Deadline: -
[2026-06-01 09:50:13]      • [Quiz] Post-Test (M1) → Deadline: Tidak diketahui
[2026-06-01 09:50:17]      • [Assignment] Pengumpulan Tugas (M1) → Deadline: Saturday, 7 March 2026, 11:59 PM
[2026-06-01 09:50:21]      • [Quiz] Pre-Test (M2) → Deadline: Tidak diketahui
[2026-06-01 09:50:24]      • [Materi] 2.1  Pengantar: Berbagai Pemecahan Masalah Menggunakan Teori Graf Page → Deadline: -
[2026-06-01 09:50:29]      • [Quiz] Post-Test (M2) → Deadline: Tidak diketahui
[2026-06-01 09:50:34]      • [Assignment] Pengumpulan Tugas (M2) → Deadline: Saturday, 14 March 2026, 11:59 PM
[2026-06-01 09:50:38]      • [Quiz] Pre-Test (M4) → Deadline: Tidak diketahui
[2026-06-01 09:50:42]      • [Materi] 4.1  Pengantar: Breadth First Search URL → Deadline: -
[2026-06-01 09:50:46]      • [Materi] Sesi Praktikum File → Deadline: -
[2026-06-01 09:50:49]      • [Materi] Video Tutorial: Mendownload File IPYNB di Virtual Class URL → Deadline: -
[2026-06-01 09:50:54]      • [Quiz] Post-Test (M4) → Deadline: Tidak diketahui
[2026-06-01 09:50:58]      • [Assignment] Laporan Akhir (M4) → Deadline: Saturday, 11 April 2026, 11:59 PM
[2026-06-01 09:51:02]      • [Quiz] Pre-Test (M5) → Deadline: Tidak diketahui
[2026-06-01 09:51:07]      • [Materi] Sesi Praktikum URL → Deadline: -
[2026-06-01 09:51:11]      • [Quiz] Post-Test (M5) → Deadline: Tidak diketahui
[2026-06-01 09:51:16]      • [Assignment] Laporan Akhir (M5) → Deadline: Saturday, 18 April 2026, 11:59 PM
[2026-06-01 09:51:21]      • [Quiz] Pre-Test (M6) → Deadline: Tidak diketahui
[2026-06-01 09:51:25]      • [Materi] 6.1  Pendahuluan: Algoritma Dasar Tree URL → Deadline: -
[2026-06-01 09:51:30]      • [Materi] Sesi Praktikum File → Deadline: -
[2026-06-01 09:51:34]      • [Quiz] Post-Test (M6) → Deadline: Tidak diketahui
[2026-06-01 09:51:37]      • [Assignment] Laporan Akhir (M6) → Deadline: Saturday, 25 April 2026, 11:59 PM
[2026-06-01 09:51:42]      • [Quiz] Pre-Test (M8) → Deadline: Tidak diketahui
[2026-06-01 09:51:47]      • [Materi] 8.1  Pendahuluan: Implementasi Graph URL → Deadline: -
[2026-06-01 09:51:51]      • [Materi] Link File Praktikum I - family.pl → Deadline: -
[2026-06-01 09:51:56]      • [Materi] Link File Praktikum II - 8-puzzles.ipynb → Deadline: -
[2026-06-01 09:52:00]      • [Materi] Video Tutorial: Mendownload File IPYNB di Virtual Class URL → Deadline: -
[2026-06-01 09:52:04]      • [Quiz] Post-Test (M8) → Deadline: Tidak diketahui
[2026-06-01 09:52:09]      • [Assignment] Laporan Akhir (M8) → Deadline: Saturday, 9 May 2026, 11:59 PM
[2026-06-01 09:52:13]      • [Quiz] Pre-Test (M9) → Deadline: Tidak diketahui
[2026-06-01 09:52:17]      • [Materi] Sesi Hands-on Praktikum URL → Deadline: -
[2026-06-01 09:52:22]      • [Quiz] Post-Test (M9) → Deadline: Tidak diketahui
[2026-06-01 09:52:26]      • [Assignment] Pengumpulan Tugas (M9) → Deadline: Saturday, 16 May 2026, 11:59 PM
[2026-06-01 09:52:30]      • [Quiz] Pre-Test (M3) → Deadline: Tidak diketahui
[2026-06-01 09:52:35]      • [Materi] Sesi Praktikum URL → Deadline: -
[2026-06-01 09:52:39]      • [Materi] Video Tutorial: Menambahkan File pada Mesin DGX URL → Deadline: -
[2026-06-01 09:52:43]      • [Quiz] Post-Test (M3) → Deadline: Tidak diketahui
[2026-06-01 09:52:48]      • [Assignment] Pengumpulan Tugas (M3) → Deadline: Saturday, 23 May 2026, 11:59 PM
[2026-06-01 09:52:53]      • [Quiz] Pre-Test (M7) → Deadline: Tidak diketahui
[2026-06-01 09:52:57]      • [Materi] Link File Praktikum I - 3-Tekrek-Find-Center.ipynb → Deadline: -
[2026-06-01 09:53:02]      • [Materi] Link File Praktikum II - 3-Tekrek-Sortest-Path.ipynb → Deadline: -
[2026-06-01 09:53:06]      • [Materi] Video Tutorial: Mendownload File IPYNB di Virtual Class URL → Deadline: -
[2026-06-01 09:53:10]      • [Quiz] Post-Test (M7) → Deadline: Tidak diketahui
[2026-06-01 09:53:14]      • [Assignment] Laporan Akhir (M7) → Deadline: Saturday, 23 May 2026, 11:59 PM
[2026-06-01 09:53:18] 📦 Total tugas ditemukan: 107
[2026-06-01 09:53:18] 💾 Disimpan ke python/node/tugas.json
[2026-06-01 18:00:19] 🔐 Login ke V-Class...
[2026-06-01 18:00:19] ✅ Login berhasil
[2026-06-01 18:00:19] 📚 Mengambil mata kuliah ID 108486 ...
[2026-06-01 18:00:19]   ➤ ATA 2025/2026 | 3KB01 | Jaringan Komputer Lanjut | VIVIEN NOVA FITHRIANA
[2026-06-01 18:00:19]      • [Materi] Announcements Forum → Deadline: -
[2026-06-01 18:00:24]      • [Materi] M1 File → Deadline: -
[2026-06-01 18:00:27]      • [Materi] M2 File → Deadline: -
[2026-06-01 18:00:31]      • [Materi] M3 File → Deadline: -
[2026-06-01 18:00:35]      • [Materi] M4 File → Deadline: -
[2026-06-01 18:00:40]      • [Materi] M5 File → Deadline: -
[2026-06-01 18:00:44]      • [Materi] M6 File → Deadline: -
[2026-06-01 18:00:48]      • [Materi] M7 File → Deadline: -
[2026-06-01 18:00:53]      • [Materi] VC-1 : Traffic dan Algoritma Kendali Kemacetan File → Deadline: -
[2026-06-01 18:00:57]      • [Materi] VC-1 : Traffic dan Algoritma Kendali Kemacetan File → Deadline: -
[2026-06-01 18:01:02]      • [Materi] Forum VC-1 : Traffic dan Algoritma Kendali Kemacetan → Deadline: -
[2026-06-01 18:01:07]      • [Quiz] Latihan Soal VC-1 : Traffic dan Algoritma Kendali Kemacetan → Deadline: Tidak diketahui
[2026-06-01 18:01:11]      • [Materi] VC-2 : Traffic dan Algoritma Kendali Kemacetan - Bagian 2 File → Deadline: -
[2026-06-01 18:01:16]      • [Materi] Forum VC-2 : Traffic dan Algoritma Kendali Kemacetan - Bagian 2 → Deadline: -
[2026-06-01 18:01:20]      • [Quiz] Latihan Soal VC-2 : Traffic dan Algoritma Kendali Kemacetan - Bagian 2 → Deadline: Tidak diketahui
[2026-06-01 18:01:24]      • [Materi] VC-3 : Lapisan Transport File → Deadline: -
[2026-06-01 18:01:28]      • [Materi] Forum VC-3 : Lapisan Transport → Deadline: -
[2026-06-01 18:01:32]      • [Quiz] Latihan Soal VC-3 : Lapisan Transport → Deadline: Wednesday, 15 July 2026, 11:59 PM
[2026-06-01 18:01:36] 📚 Mengambil mata kuliah ID 108172 ...
[2026-06-01 18:01:37]   ➤ ATA 2025/2026 | 3KB01 | Internet of Things (IoT) | PURNAWARMAN MUSA
[2026-06-01 18:01:37]      • [Materi] Announcements Forum → Deadline: -
[2026-06-01 18:01:41]      • [Materi] M6 File → Deadline: -
[2026-06-01 18:01:45]      • [Quiz] Soal (Tugas Individu) → Deadline: Tidak diketahui
[2026-06-01 18:01:50]      • [Quiz] Soal (Tugas Individu) → Deadline: Tidak diketahui
[2026-06-01 18:01:55] 📚 Mengambil mata kuliah ID 109563 ...
[2026-06-01 18:01:55]   ➤ ATA 2025/2026 | 3KB01 | Sistem Tertanam (Embedded) * | RIDHA ISKANDAR
[2026-06-01 18:01:55]      • [Materi] Selamat Datang di V-Class Sistem Tertanam (Embedded) Forum → Deadline: -
[2026-06-01 18:01:59]      • [Assignment] File 1 → Deadline: Sunday, 26 April 2026, 12:00 AM
[2026-06-01 18:02:03] 📚 Mengambil mata kuliah ID 109970 ...
[2026-06-01 18:02:03]   ➤ ATA 2025/2026 | 2EB10 | Bahasa Indonesia | MELANIAWATI
[2026-06-01 18:02:03] 📚 Mengambil mata kuliah ID 107919 ...
[2026-06-01 18:02:03]   ➤ ATA 2025/2026 | 3KB01 | Sistem Cerdas Lanjut | NUR SULTAN SALAHUDDIN
[2026-06-01 18:02:03]      • [Materi] Announcements Forum → Deadline: -
[2026-06-01 18:02:08]      • [Assignment] Sistem Kesehatan Cerdas → Deadline: Thursday, 21 May 2026, 12:00 AM
[2026-06-01 18:02:12]      • [Quiz] Sistem Kesehatan Cerdas → Deadline: Tidak diketahui
[2026-06-01 18:02:17] 📚 Mengambil mata kuliah ID 107291 ...
[2026-06-01 18:02:17]   ➤ ATA 2025/2026 | 3KB01 | Pengantarmukaan Perif.Komputer * | FARID THALIB
[2026-06-01 18:02:17]      • [Materi] Announcements Forum → Deadline: -
[2026-06-01 18:02:21] 📚 Mengambil mata kuliah ID 104438 ...
[2026-06-01 18:02:21]   ➤ ATA 2025/2026 | 3-FIKTI | Terapan Teori Graf | TEAM TEACHING
[2026-06-01 18:02:21]      • [Materi] PEMBERITAHUAN PELAKSANAAN TEAM TEACHING TERAPAN TEORI GRAF Forum → Deadline: -
[2026-06-01 18:02:25]      • [Materi] M1: Pendahuluan Teori Graf File → Deadline: -
[2026-06-01 18:02:30]      • [Materi] Video Literasi M1: Pendahuluan Teori Graf URL → Deadline: -
[2026-06-01 18:02:34]      • [Quiz] Kuis M1 [kelas PAGI] → Deadline: Tidak diketahui
[2026-06-01 18:02:39]      • [Quiz] Kuis M1 [kelas MALAM] → Deadline: Tidak diketahui
[2026-06-01 18:02:42]      • [Materi] M2: Graf Tidak Berarah dan Graf Berbobot File → Deadline: -
[2026-06-01 18:02:47]      • [Materi] Video Literasi M2 : Graf Tidak Berarah dan Graf Berbobot URL → Deadline: -
[2026-06-01 18:02:52]      • [Quiz] Kuis M2 [KELAS PAGI] : Graf Tidak Berarah dan Graf Berbobot → Deadline: Tidak diketahui
[2026-06-01 18:02:56]      • [Quiz] Kuis M2 [KELAS MALAM] : Graf Tidak Berarah dan Graf Berbobot → Deadline: Tidak diketahui
[2026-06-01 18:03:01]      • [Materi] M4 : Aplikasi Teori Graf di Teknik Elektro File → Deadline: -
[2026-06-01 18:03:06]      • [Materi] Video Literasi M4 : Aplikasi Teori Graf di Teknik Elektro URL → Deadline: -
[2026-06-01 18:03:10]      • [Quiz] Kuis M4 [KELAS PAGI]: Aplikasi Teori Graf di Teknik Elektro → Deadline: Tidak diketahui
[2026-06-01 18:03:14]      • [Quiz] Kuis M4 [KELAS MALAM]: Aplikasi Teori Graf di Teknik Elektro → Deadline: Tidak diketahui
[2026-06-01 18:03:19]      • [Materi] M5 : Knowledge Graph dan Database Graph File → Deadline: -
[2026-06-01 18:03:23]      • [Materi] Video Literasi  M5 : Knowledge Graph dan Database Graph URL → Deadline: -
[2026-06-01 18:03:27]      • [Quiz] Kuis M5 [KELAS PAGI] : nowledge Graph dan Database Graph → Deadline: Tidak diketahui
[2026-06-01 18:03:31]      • [Quiz] Kuis M5 [KELAS MALAM] : Knowledge Graph dan Database Graph → Deadline: Tidak diketahui
[2026-06-01 18:03:35]      • [Materi] M6 : Graf Berarah dan Implementasinya File → Deadline: -
[2026-06-01 18:03:39]      • [Materi] Video Literasi M6 : Graf Berarah dan Implementasinya URL → Deadline: -
[2026-06-01 18:03:43]      • [Quiz] Kuis M6 [KELAS PAGI] : Graf Berarah dan Implementasinya → Deadline: Tidak diketahui
[2026-06-01 18:03:48]      • [Quiz] Kuis M6 [KELAS MALAM] : Graf Berarah dan Implementasinya → Deadline: Tidak diketahui
[2026-06-01 18:03:53]      • [Materi] M8 : Penerapan Teori Graf di Bidang Teknik Sipil File → Deadline: -
[2026-06-01 18:03:58]      • [Materi] Video Literasi M8 : Penerapan Teori Graf di Bidang Teknik Sipil URL → Deadline: -
[2026-06-01 18:04:01]      • [Quiz] Kuis M8 [KELAS PAGI] : Penerapan Teori Graf di Bidang Teknik Sipil → Deadline: Tidak diketahui
[2026-06-01 18:04:05]      • [Quiz] Kuis M8 [KELAS MALAM] : Penerapan Teori Graf di Bidang Teknik Sipil → Deadline: Tidak diketahui
[2026-06-01 18:04:09]      • [Materi] M10 : Penerapan Teori Graf  di Bidang Teknik Industri File → Deadline: -
[2026-06-01 18:04:13]      • [Materi] Video Literasi M10 : Penerapan Teori Graf  di Bidang Teknik Industri URL → Deadline: -
[2026-06-01 18:04:18]      • [Quiz] Kuis M10 [kelas pagi] : Penerapan Teori Graf  di Bidang Teknik Industri → Deadline: Tidak diketahui
[2026-06-01 18:04:22]      • [Quiz] Kuis M10 [kelas malam]: Penerapan Teori Graf  di Bidang Teknik Industri → Deadline: Tidak diketahui
[2026-06-01 18:04:27] 📚 Mengambil mata kuliah ID 104413 ...
[2026-06-01 18:04:27]   ➤ ATA 2025/2026 | 3-FIKTI | Praktikum Terapan Teori Graf
[2026-06-01 18:04:27]      • [Materi] Panduan Praktikum  Forum → Deadline: -
[2026-06-01 18:04:31]      • [Materi] Panduan Google Collaboratory URL → Deadline: -
[2026-06-01 18:04:35]      • [Materi] Panduan Instalasi Anaconda URL → Deadline: -
[2026-06-01 18:04:40]      • [Quiz] Pre-Test (M1) → Deadline: Tidak diketahui
[2026-06-01 18:04:44]      • [Materi] 1.1  Pengantar: Teori Graf URL → Deadline: -
[2026-06-01 18:04:49]      • [Materi] 1.2  Sesi Hands-on Praktikum URL → Deadline: -
[2026-06-01 18:04:53]      • [Materi] 1.3 Tutorial Menambahkan File pada Mesin DGX URL → Deadline: -
[2026-06-01 18:04:57]      • [Quiz] Post-Test (M1) → Deadline: Tidak diketahui
[2026-06-01 18:05:01]      • [Assignment] Pengumpulan Tugas (M1) → Deadline: Saturday, 7 March 2026, 11:59 PM
[2026-06-01 18:05:06]      • [Quiz] Pre-Test (M2) → Deadline: Tidak diketahui
[2026-06-01 18:05:10]      • [Materi] 2.1  Pengantar: Berbagai Pemecahan Masalah Menggunakan Teori Graf Page → Deadline: -
[2026-06-01 18:05:14]      • [Quiz] Post-Test (M2) → Deadline: Tidak diketahui
[2026-06-01 18:05:19]      • [Assignment] Pengumpulan Tugas (M2) → Deadline: Saturday, 14 March 2026, 11:59 PM
[2026-06-01 18:05:24]      • [Quiz] Pre-Test (M4) → Deadline: Tidak diketahui
[2026-06-01 18:05:28]      • [Materi] 4.1  Pengantar: Breadth First Search URL → Deadline: -
[2026-06-01 18:05:32]      • [Materi] Sesi Praktikum File → Deadline: -
[2026-06-01 18:05:36]      • [Materi] Video Tutorial: Mendownload File IPYNB di Virtual Class URL → Deadline: -
[2026-06-01 18:05:41]      • [Quiz] Post-Test (M4) → Deadline: Tidak diketahui
[2026-06-01 18:05:45]      • [Assignment] Laporan Akhir (M4) → Deadline: Saturday, 11 April 2026, 11:59 PM
[2026-06-01 18:05:50]      • [Quiz] Pre-Test (M5) → Deadline: Tidak diketahui
[2026-06-01 18:05:55]      • [Materi] Sesi Praktikum URL → Deadline: -
[2026-06-01 18:05:59]      • [Quiz] Post-Test (M5) → Deadline: Tidak diketahui
[2026-06-01 18:06:03]      • [Assignment] Laporan Akhir (M5) → Deadline: Saturday, 18 April 2026, 11:59 PM
[2026-06-01 18:06:08]      • [Quiz] Pre-Test (M6) → Deadline: Tidak diketahui
[2026-06-01 18:06:12]      • [Materi] 6.1  Pendahuluan: Algoritma Dasar Tree URL → Deadline: -
[2026-06-01 18:06:16]      • [Materi] Sesi Praktikum File → Deadline: -
[2026-06-01 18:06:20]      • [Quiz] Post-Test (M6) → Deadline: Tidak diketahui
[2026-06-01 18:06:24]      • [Assignment] Laporan Akhir (M6) → Deadline: Saturday, 25 April 2026, 11:59 PM
[2026-06-01 18:06:28]      • [Quiz] Pre-Test (M8) → Deadline: Tidak diketahui
[2026-06-01 18:06:32]      • [Materi] 8.1  Pendahuluan: Implementasi Graph URL → Deadline: -
[2026-06-01 18:06:36]      • [Materi] Link File Praktikum I - family.pl → Deadline: -
[2026-06-01 18:06:41]      • [Materi] Link File Praktikum II - 8-puzzles.ipynb → Deadline: -
[2026-06-01 18:06:45]      • [Materi] Video Tutorial: Mendownload File IPYNB di Virtual Class URL → Deadline: -
[2026-06-01 18:06:50]      • [Quiz] Post-Test (M8) → Deadline: Tidak diketahui
[2026-06-01 18:06:55]      • [Assignment] Laporan Akhir (M8) → Deadline: Saturday, 9 May 2026, 11:59 PM
[2026-06-01 18:07:00]      • [Quiz] Pre-Test (M9) → Deadline: Tidak diketahui
[2026-06-01 18:07:04]      • [Materi] Sesi Hands-on Praktikum URL → Deadline: -
[2026-06-01 18:07:08]      • [Quiz] Post-Test (M9) → Deadline: Tidak diketahui
[2026-06-01 18:07:12]      • [Assignment] Pengumpulan Tugas (M9) → Deadline: Saturday, 16 May 2026, 11:59 PM
[2026-06-01 18:07:16]      • [Quiz] Pre-Test (M3) → Deadline: Tidak diketahui
[2026-06-01 18:07:20]      • [Materi] Sesi Praktikum URL → Deadline: -
[2026-06-01 18:07:25]      • [Materi] Video Tutorial: Menambahkan File pada Mesin DGX URL → Deadline: -
[2026-06-01 18:07:30]      • [Quiz] Post-Test (M3) → Deadline: Tidak diketahui
[2026-06-01 18:07:34]      • [Assignment] Pengumpulan Tugas (M3) → Deadline: Saturday, 23 May 2026, 11:59 PM
[2026-06-01 18:07:39]      • [Quiz] Pre-Test (M7) → Deadline: Tidak diketahui
[2026-06-01 18:07:44]      • [Materi] Link File Praktikum I - 3-Tekrek-Find-Center.ipynb → Deadline: -
[2026-06-01 18:07:48]      • [Materi] Link File Praktikum II - 3-Tekrek-Sortest-Path.ipynb → Deadline: -
[2026-06-01 18:07:52]      • [Materi] Video Tutorial: Mendownload File IPYNB di Virtual Class URL → Deadline: -
[2026-06-01 18:07:56]      • [Quiz] Post-Test (M7) → Deadline: Tidak diketahui
[2026-06-01 18:08:00]      • [Assignment] Laporan Akhir (M7) → Deadline: Saturday, 23 May 2026, 11:59 PM
[2026-06-01 18:08:04] 📦 Total tugas ditemukan: 107
[2026-06-01 18:08:04] 💾 Disimpan ke python/node/tugas.json
