[2026-06-09 09:45:16] 🔐 Login ke V-Class...
[2026-06-09 09:45:17] ✅ Login berhasil
[2026-06-09 09:45:17] 📚 Mengambil mata kuliah ID 108486 ...
[2026-06-09 09:45:17]   ➤ ATA 2025/2026 | 3KB01 | Jaringan Komputer Lanjut | VIVIEN NOVA FITHRIANA
[2026-06-09 09:45:17]      • [Materi] Announcements Forum → Deadline: -
[2026-06-09 09:45:21]      • [Materi] M1 File → Deadline: -
[2026-06-09 09:45:26]      • [Materi] M2 File → Deadline: -
[2026-06-09 09:45:30]      • [Materi] M3 File → Deadline: -
[2026-06-09 09:45:34]      • [Materi] M4 File → Deadline: -
[2026-06-09 09:45:38]      • [Materi] M5 File → Deadline: -
[2026-06-09 09:45:41]      • [Materi] M6 File → Deadline: -
[2026-06-09 09:45:46]      • [Materi] M7 File → Deadline: -
[2026-06-09 09:45:51]      • [Materi] VC-1 : Traffic dan Algoritma Kendali Kemacetan File → Deadline: -
[2026-06-09 09:45:55]      • [Materi] VC-1 : Traffic dan Algoritma Kendali Kemacetan File → Deadline: -
[2026-06-09 09:45:59]      • [Materi] Forum VC-1 : Traffic dan Algoritma Kendali Kemacetan → Deadline: -
[2026-06-09 09:46:03]      • [Quiz] Latihan Soal VC-1 : Traffic dan Algoritma Kendali Kemacetan → Deadline: Tidak diketahui
[2026-06-09 09:46:08]      • [Materi] VC-2 : Traffic dan Algoritma Kendali Kemacetan - Bagian 2 File → Deadline: -
[2026-06-09 09:46:13]      • [Materi] Forum VC-2 : Traffic dan Algoritma Kendali Kemacetan - Bagian 2 → Deadline: -
[2026-06-09 09:46:17]      • [Quiz] Latihan Soal VC-2 : Traffic dan Algoritma Kendali Kemacetan - Bagian 2 → Deadline: Tidak diketahui
[2026-06-09 09:46:22]      • [Materi] VC-3 : Lapisan Transport File → Deadline: -
[2026-06-09 09:46:26]      • [Materi] Forum VC-3 : Lapisan Transport → Deadline: -
[2026-06-09 09:46:30]      • [Quiz] Latihan Soal VC-3 : Lapisan Transport → Deadline: Wednesday, 15 July 2026, 11:59 PM
[2026-06-09 09:46:35] 📚 Mengambil mata kuliah ID 108172 ...
[2026-06-09 09:46:36]   ➤ ATA 2025/2026 | 3KB01 | Internet of Things (IoT) | PURNAWARMAN MUSA
[2026-06-09 09:46:36]      • [Materi] Announcements Forum → Deadline: -
[2026-06-09 09:46:40]      • [Materi] M6 File → Deadline: -
[2026-06-09 09:46:44]      • [Quiz] Soal (Tugas Individu) → Deadline: Tidak diketahui
[2026-06-09 09:46:49]      • [Quiz] Soal (Tugas Individu) → Deadline: Tidak diketahui
[2026-06-09 09:46:54] 📚 Mengambil mata kuliah ID 109563 ...
[2026-06-09 09:46:54]   ➤ ATA 2025/2026 | 3KB01 | Sistem Tertanam (Embedded) * | RIDHA ISKANDAR
[2026-06-09 09:46:54]      • [Materi] Selamat Datang di V-Class Sistem Tertanam (Embedded) Forum → Deadline: -
[2026-06-09 09:46:57]      • [Assignment] File 1 → Deadline: Sunday, 26 April 2026, 12:00 AM
[2026-06-09 09:47:01] 📚 Mengambil mata kuliah ID 109970 ...
[2026-06-09 09:47:01]   ➤ ATA 2025/2026 | 2EB10 | Bahasa Indonesia | MELANIAWATI
[2026-06-09 09:47:01] 📚 Mengambil mata kuliah ID 107919 ...
[2026-06-09 09:47:01]   ➤ ATA 2025/2026 | 3KB01 | Sistem Cerdas Lanjut | NUR SULTAN SALAHUDDIN
[2026-06-09 09:47:01]      • [Materi] Announcements Forum → Deadline: -
[2026-06-09 09:47:06]      • [Assignment] Sistem Kesehatan Cerdas → Deadline: Thursday, 21 May 2026, 12:00 AM
[2026-06-09 09:47:10]      • [Quiz] Sistem Kesehatan Cerdas → Deadline: Tidak diketahui
[2026-06-09 09:47:14] 📚 Mengambil mata kuliah ID 107291 ...
[2026-06-09 09:47:14]   ➤ ATA 2025/2026 | 3KB01 | Pengantarmukaan Perif.Komputer * | FARID THALIB
[2026-06-09 09:47:14]      • [Materi] Announcements Forum → Deadline: -
[2026-06-09 09:47:18] 📚 Mengambil mata kuliah ID 104438 ...
[2026-06-09 09:47:18]   ➤ ATA 2025/2026 | 3-FIKTI | Terapan Teori Graf | TEAM TEACHING
[2026-06-09 09:47:18]      • [Materi] PEMBERITAHUAN PELAKSANAAN TEAM TEACHING TERAPAN TEORI GRAF Forum → Deadline: -
[2026-06-09 09:47:23]      • [Materi] M1: Pendahuluan Teori Graf File → Deadline: -
[2026-06-09 09:47:26]      • [Materi] Video Literasi M1: Pendahuluan Teori Graf URL → Deadline: -
[2026-06-09 09:47:32]      • [Quiz] Kuis M1 [kelas PAGI] → Deadline: Tidak diketahui
[2026-06-09 09:47:35]      • [Quiz] Kuis M1 [kelas MALAM] → Deadline: Tidak diketahui
[2026-06-09 09:47:39]      • [Materi] M2: Graf Tidak Berarah dan Graf Berbobot File → Deadline: -
[2026-06-09 09:47:43]      • [Materi] Video Literasi M2 : Graf Tidak Berarah dan Graf Berbobot URL → Deadline: -
[2026-06-09 09:47:48]      • [Quiz] Kuis M2 [KELAS PAGI] : Graf Tidak Berarah dan Graf Berbobot → Deadline: Tidak diketahui
[2026-06-09 09:47:52]      • [Quiz] Kuis M2 [KELAS MALAM] : Graf Tidak Berarah dan Graf Berbobot → Deadline: Tidak diketahui
[2026-06-09 09:47:56]      • [Materi] M4 : Aplikasi Teori Graf di Teknik Elektro File → Deadline: -
[2026-06-09 09:48:01]      • [Materi] Video Literasi M4 : Aplikasi Teori Graf di Teknik Elektro URL → Deadline: -
[2026-06-09 09:48:05]      • [Quiz] Kuis M4 [KELAS PAGI]: Aplikasi Teori Graf di Teknik Elektro → Deadline: Tidak diketahui
[2026-06-09 09:48:09]      • [Quiz] Kuis M4 [KELAS MALAM]: Aplikasi Teori Graf di Teknik Elektro → Deadline: Tidak diketahui
[2026-06-09 09:48:13]      • [Materi] M5 : Knowledge Graph dan Database Graph File → Deadline: -
[2026-06-09 09:48:17]      • [Materi] Video Literasi  M5 : Knowledge Graph dan Database Graph URL → Deadline: -
[2026-06-09 09:48:22]      • [Quiz] Kuis M5 [KELAS PAGI] : nowledge Graph dan Database Graph → Deadline: Tidak diketahui
[2026-06-09 09:48:25]      • [Quiz] Kuis M5 [KELAS MALAM] : Knowledge Graph dan Database Graph → Deadline: Tidak diketahui
[2026-06-09 09:48:30]      • [Materi] M6 : Graf Berarah dan Implementasinya File → Deadline: -
[2026-06-09 09:48:35]      • [Materi] Video Literasi M6 : Graf Berarah dan Implementasinya URL → Deadline: -
[2026-06-09 09:48:39]      • [Quiz] Kuis M6 [KELAS PAGI] : Graf Berarah dan Implementasinya → Deadline: Tidak diketahui
[2026-06-09 09:48:44]      • [Quiz] Kuis M6 [KELAS MALAM] : Graf Berarah dan Implementasinya → Deadline: Tidak diketahui
[2026-06-09 09:48:49]      • [Materi] M8 : Penerapan Teori Graf di Bidang Teknik Sipil File → Deadline: -
[2026-06-09 09:48:52]      • [Materi] Video Literasi M8 : Penerapan Teori Graf di Bidang Teknik Sipil URL → Deadline: -
[2026-06-09 09:48:56]      • [Quiz] Kuis M8 [KELAS PAGI] : Penerapan Teori Graf di Bidang Teknik Sipil → Deadline: Tidak diketahui
[2026-06-09 09:49:00]      • [Quiz] Kuis M8 [KELAS MALAM] : Penerapan Teori Graf di Bidang Teknik Sipil → Deadline: Tidak diketahui
[2026-06-09 09:49:05]      • [Materi] M10 : Penerapan Teori Graf  di Bidang Teknik Industri File → Deadline: -
[2026-06-09 09:49:08]      • [Materi] Video Literasi M10 : Penerapan Teori Graf  di Bidang Teknik Industri URL → Deadline: -
[2026-06-09 09:49:13]      • [Quiz] Kuis M10 [kelas pagi] : Penerapan Teori Graf  di Bidang Teknik Industri → Deadline: Tidak diketahui
[2026-06-09 09:49:18]      • [Quiz] Kuis M10 [kelas malam]: Penerapan Teori Graf  di Bidang Teknik Industri → Deadline: Tidak diketahui
[2026-06-09 09:49:22] 📚 Mengambil mata kuliah ID 104413 ...
[2026-06-09 09:49:22]   ➤ ATA 2025/2026 | 3-FIKTI | Praktikum Terapan Teori Graf
[2026-06-09 09:49:22]      • [Materi] Panduan Praktikum  Forum → Deadline: -
[2026-06-09 09:49:26]      • [Materi] Panduan Google Collaboratory URL → Deadline: -
[2026-06-09 09:49:30]      • [Materi] Panduan Instalasi Anaconda URL → Deadline: -
[2026-06-09 09:49:34]      • [Quiz] Pre-Test (M1) → Deadline: Tidak diketahui
[2026-06-09 09:49:38]      • [Materi] 1.1  Pengantar: Teori Graf URL → Deadline: -
[2026-06-09 09:49:43]      • [Materi] 1.2  Sesi Hands-on Praktikum URL → Deadline: -
[2026-06-09 09:49:47]      • [Materi] 1.3 Tutorial Menambahkan File pada Mesin DGX URL → Deadline: -
[2026-06-09 09:49:51]      • [Quiz] Post-Test (M1) → Deadline: Tidak diketahui
[2026-06-09 09:49:56]      • [Assignment] Pengumpulan Tugas (M1) → Deadline: Saturday, 7 March 2026, 11:59 PM
[2026-06-09 09:50:00]      • [Quiz] Pre-Test (M2) → Deadline: Tidak diketahui
[2026-06-09 09:50:05]      • [Materi] 2.1  Pengantar: Berbagai Pemecahan Masalah Menggunakan Teori Graf Page → Deadline: -
[2026-06-09 09:50:09]      • [Quiz] Post-Test (M2) → Deadline: Tidak diketahui
[2026-06-09 09:50:13]      • [Assignment] Pengumpulan Tugas (M2) → Deadline: Saturday, 14 March 2026, 11:59 PM
[2026-06-09 09:50:18]      • [Quiz] Pre-Test (M4) → Deadline: Tidak diketahui
[2026-06-09 09:50:23]      • [Materi] 4.1  Pengantar: Breadth First Search URL → Deadline: -
[2026-06-09 09:50:27]      • [Materi] Sesi Praktikum File → Deadline: -
[2026-06-09 09:50:31]      • [Materi] Video Tutorial: Mendownload File IPYNB di Virtual Class URL → Deadline: -
[2026-06-09 09:50:36]      • [Quiz] Post-Test (M4) → Deadline: Tidak diketahui
[2026-06-09 09:50:41]      • [Assignment] Laporan Akhir (M4) → Deadline: Saturday, 11 April 2026, 11:59 PM
[2026-06-09 09:50:45]      • [Quiz] Pre-Test (M5) → Deadline: Tidak diketahui
[2026-06-09 09:50:50]      • [Materi] Sesi Praktikum URL → Deadline: -
[2026-06-09 09:50:55]      • [Quiz] Post-Test (M5) → Deadline: Tidak diketahui
[2026-06-09 09:50:59]      • [Assignment] Laporan Akhir (M5) → Deadline: Saturday, 18 April 2026, 11:59 PM
[2026-06-09 09:51:03]      • [Quiz] Pre-Test (M6) → Deadline: Tidak diketahui
[2026-06-09 09:51:07]      • [Materi] 6.1  Pendahuluan: Algoritma Dasar Tree URL → Deadline: -
[2026-06-09 09:51:11]      • [Materi] Sesi Praktikum File → Deadline: -
[2026-06-09 09:51:15]      • [Quiz] Post-Test (M6) → Deadline: Tidak diketahui
[2026-06-09 09:51:19]      • [Assignment] Laporan Akhir (M6) → Deadline: Saturday, 25 April 2026, 11:59 PM
[2026-06-09 09:51:24]      • [Quiz] Pre-Test (M8) → Deadline: Tidak diketahui
[2026-06-09 09:51:29]      • [Materi] 8.1  Pendahuluan: Implementasi Graph URL → Deadline: -
[2026-06-09 09:51:32]      • [Materi] Link File Praktikum I - family.pl → Deadline: -
[2026-06-09 09:51:37]      • [Materi] Link File Praktikum II - 8-puzzles.ipynb → Deadline: -
[2026-06-09 09:51:42]      • [Materi] Video Tutorial: Mendownload File IPYNB di Virtual Class URL → Deadline: -
[2026-06-09 09:51:46]      • [Quiz] Post-Test (M8) → Deadline: Tidak diketahui
[2026-06-09 09:51:50]      • [Assignment] Laporan Akhir (M8) → Deadline: Saturday, 9 May 2026, 11:59 PM
[2026-06-09 09:51:55]      • [Quiz] Pre-Test (M9) → Deadline: Tidak diketahui
[2026-06-09 09:51:58]      • [Materi] Sesi Hands-on Praktikum URL → Deadline: -
[2026-06-09 09:52:02]      • [Quiz] Post-Test (M9) → Deadline: Tidak diketahui
[2026-06-09 09:52:07]      • [Assignment] Pengumpulan Tugas (M9) → Deadline: Saturday, 16 May 2026, 11:59 PM
[2026-06-09 09:52:10]      • [Quiz] Pre-Test (M3) → Deadline: Tidak diketahui
[2026-06-09 09:52:15]      • [Materi] Sesi Praktikum URL → Deadline: -
[2026-06-09 09:52:19]      • [Materi] Video Tutorial: Menambahkan File pada Mesin DGX URL → Deadline: -
[2026-06-09 09:52:23]      • [Quiz] Post-Test (M3) → Deadline: Tidak diketahui
[2026-06-09 09:52:28]      • [Assignment] Pengumpulan Tugas (M3) → Deadline: Saturday, 23 May 2026, 11:59 PM
[2026-06-09 09:52:33]      • [Quiz] Pre-Test (M7) → Deadline: Tidak diketahui
[2026-06-09 09:52:37]      • [Materi] Link File Praktikum I - 3-Tekrek-Find-Center.ipynb → Deadline: -
[2026-06-09 09:52:42]      • [Materi] Link File Praktikum II - 3-Tekrek-Sortest-Path.ipynb → Deadline: -
[2026-06-09 09:52:45]      • [Materi] Video Tutorial: Mendownload File IPYNB di Virtual Class URL → Deadline: -
[2026-06-09 09:52:50]      • [Quiz] Post-Test (M7) → Deadline: Tidak diketahui
[2026-06-09 09:52:55]      • [Assignment] Laporan Akhir (M7) → Deadline: Saturday, 23 May 2026, 11:59 PM
[2026-06-09 09:53:00] 📦 Total tugas ditemukan: 107
[2026-06-09 09:53:00] 💾 Disimpan ke python/node/tugas.json
[2026-06-09 18:00:00] 🔐 Login ke V-Class...
[2026-06-09 18:00:01] ✅ Login berhasil
[2026-06-09 18:00:01] 📚 Mengambil mata kuliah ID 108486 ...
[2026-06-09 18:00:01]   ➤ ATA 2025/2026 | 3KB01 | Jaringan Komputer Lanjut | VIVIEN NOVA FITHRIANA
[2026-06-09 18:00:01]      • [Materi] Announcements Forum → Deadline: -
[2026-06-09 18:00:05]      • [Materi] M1 File → Deadline: -
[2026-06-09 18:00:10]      • [Materi] M2 File → Deadline: -
[2026-06-09 18:00:15]      • [Materi] M3 File → Deadline: -
[2026-06-09 18:00:19]      • [Materi] M4 File → Deadline: -
[2026-06-09 18:00:23]      • [Materi] M5 File → Deadline: -
[2026-06-09 18:00:27]      • [Materi] M6 File → Deadline: -
[2026-06-09 18:00:31]      • [Materi] M7 File → Deadline: -
[2026-06-09 18:00:35]      • [Materi] VC-1 : Traffic dan Algoritma Kendali Kemacetan File → Deadline: -
[2026-06-09 18:00:39]      • [Materi] VC-1 : Traffic dan Algoritma Kendali Kemacetan File → Deadline: -
[2026-06-09 18:00:43]      • [Materi] Forum VC-1 : Traffic dan Algoritma Kendali Kemacetan → Deadline: -
[2026-06-09 18:00:47]      • [Quiz] Latihan Soal VC-1 : Traffic dan Algoritma Kendali Kemacetan → Deadline: Tidak diketahui
[2026-06-09 18:00:51]      • [Materi] VC-2 : Traffic dan Algoritma Kendali Kemacetan - Bagian 2 File → Deadline: -
[2026-06-09 18:00:56]      • [Materi] Forum VC-2 : Traffic dan Algoritma Kendali Kemacetan - Bagian 2 → Deadline: -
[2026-06-09 18:01:00]      • [Quiz] Latihan Soal VC-2 : Traffic dan Algoritma Kendali Kemacetan - Bagian 2 → Deadline: Tidak diketahui
[2026-06-09 18:01:05]      • [Materi] VC-3 : Lapisan Transport File → Deadline: -
[2026-06-09 18:01:09]      • [Materi] Forum VC-3 : Lapisan Transport → Deadline: -
[2026-06-09 18:01:14]      • [Quiz] Latihan Soal VC-3 : Lapisan Transport → Deadline: Wednesday, 15 July 2026, 11:59 PM
[2026-06-09 18:01:18] 📚 Mengambil mata kuliah ID 108172 ...
[2026-06-09 18:01:19]   ➤ ATA 2025/2026 | 3KB01 | Internet of Things (IoT) | PURNAWARMAN MUSA
[2026-06-09 18:01:19]      • [Materi] Announcements Forum → Deadline: -
[2026-06-09 18:01:23]      • [Materi] M6 File → Deadline: -
[2026-06-09 18:01:28]      • [Quiz] Soal (Tugas Individu) → Deadline: Tidak diketahui
[2026-06-09 18:01:32]      • [Quiz] Soal (Tugas Individu) → Deadline: Tidak diketahui
[2026-06-09 18:01:36] 📚 Mengambil mata kuliah ID 109563 ...
[2026-06-09 18:01:36]   ➤ ATA 2025/2026 | 3KB01 | Sistem Tertanam (Embedded) * | RIDHA ISKANDAR
[2026-06-09 18:01:36]      • [Materi] Selamat Datang di V-Class Sistem Tertanam (Embedded) Forum → Deadline: -
[2026-06-09 18:01:41]      • [Assignment] File 1 → Deadline: Sunday, 26 April 2026, 12:00 AM
[2026-06-09 18:01:45] 📚 Mengambil mata kuliah ID 109970 ...
[2026-06-09 18:01:45]   ➤ ATA 2025/2026 | 2EB10 | Bahasa Indonesia | MELANIAWATI
[2026-06-09 18:01:45] 📚 Mengambil mata kuliah ID 107919 ...
[2026-06-09 18:01:46]   ➤ ATA 2025/2026 | 3KB01 | Sistem Cerdas Lanjut | NUR SULTAN SALAHUDDIN
[2026-06-09 18:01:46]      • [Materi] Announcements Forum → Deadline: -
[2026-06-09 18:01:49]      • [Assignment] Sistem Kesehatan Cerdas → Deadline: Thursday, 21 May 2026, 12:00 AM
[2026-06-09 18:01:54]      • [Quiz] Sistem Kesehatan Cerdas → Deadline: Tidak diketahui
[2026-06-09 18:01:59] 📚 Mengambil mata kuliah ID 107291 ...
[2026-06-09 18:01:59]   ➤ ATA 2025/2026 | 3KB01 | Pengantarmukaan Perif.Komputer * | FARID THALIB
[2026-06-09 18:01:59]      • [Materi] Announcements Forum → Deadline: -
[2026-06-09 18:02:04] 📚 Mengambil mata kuliah ID 104438 ...
[2026-06-09 18:02:04]   ➤ ATA 2025/2026 | 3-FIKTI | Terapan Teori Graf | TEAM TEACHING
[2026-06-09 18:02:04]      • [Materi] PEMBERITAHUAN PELAKSANAAN TEAM TEACHING TERAPAN TEORI GRAF Forum → Deadline: -
[2026-06-09 18:02:08]      • [Materi] M1: Pendahuluan Teori Graf File → Deadline: -
[2026-06-09 18:02:12]      • [Materi] Video Literasi M1: Pendahuluan Teori Graf URL → Deadline: -
[2026-06-09 18:02:15]      • [Quiz] Kuis M1 [kelas PAGI] → Deadline: Tidak diketahui
[2026-06-09 18:02:19]      • [Quiz] Kuis M1 [kelas MALAM] → Deadline: Tidak diketahui
[2026-06-09 18:02:24]      • [Materi] M2: Graf Tidak Berarah dan Graf Berbobot File → Deadline: -
[2026-06-09 18:02:28]      • [Materi] Video Literasi M2 : Graf Tidak Berarah dan Graf Berbobot URL → Deadline: -
[2026-06-09 18:02:33]      • [Quiz] Kuis M2 [KELAS PAGI] : Graf Tidak Berarah dan Graf Berbobot → Deadline: Tidak diketahui
[2026-06-09 18:02:37]      • [Quiz] Kuis M2 [KELAS MALAM] : Graf Tidak Berarah dan Graf Berbobot → Deadline: Tidak diketahui
[2026-06-09 18:02:41]      • [Materi] M4 : Aplikasi Teori Graf di Teknik Elektro File → Deadline: -
[2026-06-09 18:02:45]      • [Materi] Video Literasi M4 : Aplikasi Teori Graf di Teknik Elektro URL → Deadline: -
[2026-06-09 18:02:50]      • [Quiz] Kuis M4 [KELAS PAGI]: Aplikasi Teori Graf di Teknik Elektro → Deadline: Tidak diketahui
[2026-06-09 18:02:55]      • [Quiz] Kuis M4 [KELAS MALAM]: Aplikasi Teori Graf di Teknik Elektro → Deadline: Tidak diketahui
[2026-06-09 18:02:59]      • [Materi] M5 : Knowledge Graph dan Database Graph File → Deadline: -
[2026-06-09 18:03:03]      • [Materi] Video Literasi  M5 : Knowledge Graph dan Database Graph URL → Deadline: -
[2026-06-09 18:03:08]      • [Quiz] Kuis M5 [KELAS PAGI] : nowledge Graph dan Database Graph → Deadline: Tidak diketahui
[2026-06-09 18:03:11]      • [Quiz] Kuis M5 [KELAS MALAM] : Knowledge Graph dan Database Graph → Deadline: Tidak diketahui
[2026-06-09 18:03:16]      • [Materi] M6 : Graf Berarah dan Implementasinya File → Deadline: -
[2026-06-09 18:03:21]      • [Materi] Video Literasi M6 : Graf Berarah dan Implementasinya URL → Deadline: -
[2026-06-09 18:03:26]      • [Quiz] Kuis M6 [KELAS PAGI] : Graf Berarah dan Implementasinya → Deadline: Tidak diketahui
[2026-06-09 18:03:29]      • [Quiz] Kuis M6 [KELAS MALAM] : Graf Berarah dan Implementasinya → Deadline: Tidak diketahui
[2026-06-09 18:03:34]      • [Materi] M8 : Penerapan Teori Graf di Bidang Teknik Sipil File → Deadline: -
[2026-06-09 18:03:38]      • [Materi] Video Literasi M8 : Penerapan Teori Graf di Bidang Teknik Sipil URL → Deadline: -
[2026-06-09 18:03:42]      • [Quiz] Kuis M8 [KELAS PAGI] : Penerapan Teori Graf di Bidang Teknik Sipil → Deadline: Tidak diketahui
[2026-06-09 18:03:46]      • [Quiz] Kuis M8 [KELAS MALAM] : Penerapan Teori Graf di Bidang Teknik Sipil → Deadline: Tidak diketahui
[2026-06-09 18:03:50]      • [Materi] M10 : Penerapan Teori Graf  di Bidang Teknik Industri File → Deadline: -
[2026-06-09 18:03:54]      • [Materi] Video Literasi M10 : Penerapan Teori Graf  di Bidang Teknik Industri URL → Deadline: -
[2026-06-09 18:03:58]      • [Quiz] Kuis M10 [kelas pagi] : Penerapan Teori Graf  di Bidang Teknik Industri → Deadline: Tidak diketahui
[2026-06-09 18:04:02]      • [Quiz] Kuis M10 [kelas malam]: Penerapan Teori Graf  di Bidang Teknik Industri → Deadline: Tidak diketahui
[2026-06-09 18:04:06] 📚 Mengambil mata kuliah ID 104413 ...
[2026-06-09 18:04:06]   ➤ ATA 2025/2026 | 3-FIKTI | Praktikum Terapan Teori Graf
[2026-06-09 18:04:06]      • [Materi] Panduan Praktikum  Forum → Deadline: -
[2026-06-09 18:04:11]      • [Materi] Panduan Google Collaboratory URL → Deadline: -
[2026-06-09 18:04:14]      • [Materi] Panduan Instalasi Anaconda URL → Deadline: -
[2026-06-09 18:04:18]      • [Quiz] Pre-Test (M1) → Deadline: Tidak diketahui
[2026-06-09 18:04:22]      • [Materi] 1.1  Pengantar: Teori Graf URL → Deadline: -
[2026-06-09 18:04:26]      • [Materi] 1.2  Sesi Hands-on Praktikum URL → Deadline: -
[2026-06-09 18:04:30]      • [Materi] 1.3 Tutorial Menambahkan File pada Mesin DGX URL → Deadline: -
[2026-06-09 18:04:36]      • [Quiz] Post-Test (M1) → Deadline: Tidak diketahui
[2026-06-09 18:04:40]      • [Assignment] Pengumpulan Tugas (M1) → Deadline: Saturday, 7 March 2026, 11:59 PM
[2026-06-09 18:04:45]      • [Quiz] Pre-Test (M2) → Deadline: Tidak diketahui
[2026-06-09 18:04:50]      • [Materi] 2.1  Pengantar: Berbagai Pemecahan Masalah Menggunakan Teori Graf Page → Deadline: -
[2026-06-09 18:04:55]      • [Quiz] Post-Test (M2) → Deadline: Tidak diketahui
[2026-06-09 18:04:58]      • [Assignment] Pengumpulan Tugas (M2) → Deadline: Saturday, 14 March 2026, 11:59 PM
[2026-06-09 18:05:02]      • [Quiz] Pre-Test (M4) → Deadline: Tidak diketahui
[2026-06-09 18:05:07]      • [Materi] 4.1  Pengantar: Breadth First Search URL → Deadline: -
[2026-06-09 18:05:11]      • [Materi] Sesi Praktikum File → Deadline: -
[2026-06-09 18:05:16]      • [Materi] Video Tutorial: Mendownload File IPYNB di Virtual Class URL → Deadline: -
[2026-06-09 18:05:21]      • [Quiz] Post-Test (M4) → Deadline: Tidak diketahui
[2026-06-09 18:05:25]      • [Assignment] Laporan Akhir (M4) → Deadline: Saturday, 11 April 2026, 11:59 PM
[2026-06-09 18:05:29]      • [Quiz] Pre-Test (M5) → Deadline: Tidak diketahui
[2026-06-09 18:05:33]      • [Materi] Sesi Praktikum URL → Deadline: -
[2026-06-09 18:05:36]      • [Quiz] Post-Test (M5) → Deadline: Tidak diketahui
[2026-06-09 18:05:41]      • [Assignment] Laporan Akhir (M5) → Deadline: Saturday, 18 April 2026, 11:59 PM
[2026-06-09 18:05:45]      • [Quiz] Pre-Test (M6) → Deadline: Tidak diketahui
[2026-06-09 18:05:50]      • [Materi] 6.1  Pendahuluan: Algoritma Dasar Tree URL → Deadline: -
[2026-06-09 18:05:54]      • [Materi] Sesi Praktikum File → Deadline: -
[2026-06-09 18:05:58]      • [Quiz] Post-Test (M6) → Deadline: Tidak diketahui
[2026-06-09 18:06:02]      • [Assignment] Laporan Akhir (M6) → Deadline: Saturday, 25 April 2026, 11:59 PM
[2026-06-09 18:06:07]      • [Quiz] Pre-Test (M8) → Deadline: Tidak diketahui
[2026-06-09 18:06:11]      • [Materi] 8.1  Pendahuluan: Implementasi Graph URL → Deadline: -
[2026-06-09 18:06:16]      • [Materi] Link File Praktikum I - family.pl → Deadline: -
[2026-06-09 18:06:20]      • [Materi] Link File Praktikum II - 8-puzzles.ipynb → Deadline: -
[2026-06-09 18:06:25]      • [Materi] Video Tutorial: Mendownload File IPYNB di Virtual Class URL → Deadline: -
[2026-06-09 18:06:30]      • [Quiz] Post-Test (M8) → Deadline: Tidak diketahui
[2026-06-09 18:06:35]      • [Assignment] Laporan Akhir (M8) → Deadline: Saturday, 9 May 2026, 11:59 PM
[2026-06-09 18:06:39]      • [Quiz] Pre-Test (M9) → Deadline: Tidak diketahui
[2026-06-09 18:06:44]      • [Materi] Sesi Hands-on Praktikum URL → Deadline: -
[2026-06-09 18:06:49]      • [Quiz] Post-Test (M9) → Deadline: Tidak diketahui
[2026-06-09 18:06:54]      • [Assignment] Pengumpulan Tugas (M9) → Deadline: Saturday, 16 May 2026, 11:59 PM
[2026-06-09 18:06:58]      • [Quiz] Pre-Test (M3) → Deadline: Tidak diketahui
[2026-06-09 18:07:02]      • [Materi] Sesi Praktikum URL → Deadline: -
[2026-06-09 18:07:06]      • [Materi] Video Tutorial: Menambahkan File pada Mesin DGX URL → Deadline: -
[2026-06-09 18:07:11]      • [Quiz] Post-Test (M3) → Deadline: Tidak diketahui
[2026-06-09 18:07:14]      • [Assignment] Pengumpulan Tugas (M3) → Deadline: Saturday, 23 May 2026, 11:59 PM
[2026-06-09 18:07:19]      • [Quiz] Pre-Test (M7) → Deadline: Tidak diketahui
[2026-06-09 18:07:23]      • [Materi] Link File Praktikum I - 3-Tekrek-Find-Center.ipynb → Deadline: -
[2026-06-09 18:07:28]      • [Materi] Link File Praktikum II - 3-Tekrek-Sortest-Path.ipynb → Deadline: -
[2026-06-09 18:07:32]      • [Materi] Video Tutorial: Mendownload File IPYNB di Virtual Class URL → Deadline: -
[2026-06-09 18:07:37]      • [Quiz] Post-Test (M7) → Deadline: Tidak diketahui
[2026-06-09 18:07:41]      • [Assignment] Laporan Akhir (M7) → Deadline: Saturday, 23 May 2026, 11:59 PM
[2026-06-09 18:07:45] 📦 Total tugas ditemukan: 107
[2026-06-09 18:07:45] 💾 Disimpan ke python/node/tugas.json
