[2026-05-27 09:45:48] 🔐 Login ke V-Class...
[2026-05-27 09:45:48] ✅ Login berhasil
[2026-05-27 09:45:48] 📚 Mengambil mata kuliah ID 108486 ...
[2026-05-27 09:45:49]   ➤ ATA 2025/2026 | 3KB01 | Jaringan Komputer Lanjut | VIVIEN NOVA FITHRIANA
[2026-05-27 09:45:49]      • [Materi] Announcements Forum → Deadline: -
[2026-05-27 09:45:53]      • [Materi] M1 File → Deadline: -
[2026-05-27 09:45:57]      • [Materi] M2 File → Deadline: -
[2026-05-27 09:46:02]      • [Materi] M3 File → Deadline: -
[2026-05-27 09:46:07]      • [Materi] M4 File → Deadline: -
[2026-05-27 09:46:11]      • [Materi] M5 File → Deadline: -
[2026-05-27 09:46:15]      • [Materi] M6 File → Deadline: -
[2026-05-27 09:46:20]      • [Materi] M7 File → Deadline: -
[2026-05-27 09:46:25]      • [Materi] VC-1 : Traffic dan Algoritma Kendali Kemacetan File → Deadline: -
[2026-05-27 09:46:29]      • [Materi] VC-1 : Traffic dan Algoritma Kendali Kemacetan File → Deadline: -
[2026-05-27 09:46:33]      • [Materi] Forum VC-1 : Traffic dan Algoritma Kendali Kemacetan → Deadline: -
[2026-05-27 09:46:39]      • [Quiz] Latihan Soal VC-1 : Traffic dan Algoritma Kendali Kemacetan → Deadline: Tidak diketahui
[2026-05-27 09:46:42]      • [Materi] VC-2 : Traffic dan Algoritma Kendali Kemacetan - Bagian 2 File → Deadline: -
[2026-05-27 09:46:46]      • [Materi] Forum VC-2 : Traffic dan Algoritma Kendali Kemacetan - Bagian 2 → Deadline: -
[2026-05-27 09:46:50]      • [Quiz] Latihan Soal VC-2 : Traffic dan Algoritma Kendali Kemacetan - Bagian 2 → Deadline: Tidak diketahui
[2026-05-27 09:46:55]      • [Materi] VC-3 : Lapisan Transport File → Deadline: -
[2026-05-27 09:46:59]      • [Materi] Forum VC-3 : Lapisan Transport → Deadline: -
[2026-05-27 09:47:04]      • [Quiz] Latihan Soal VC-3 : Lapisan Transport → Deadline: Wednesday, 15 July 2026, 11:59 PM
[2026-05-27 09:47:08] 📚 Mengambil mata kuliah ID 108172 ...
[2026-05-27 09:47:08]   ➤ ATA 2025/2026 | 3KB01 | Internet of Things (IoT) | PURNAWARMAN MUSA
[2026-05-27 09:47:08]      • [Materi] Announcements Forum → Deadline: -
[2026-05-27 09:47:12]      • [Materi] M6 File → Deadline: -
[2026-05-27 09:47:17]      • [Quiz] Soal (Tugas Individu) → Deadline: Tidak diketahui
[2026-05-27 09:47:22]      • [Quiz] Soal (Tugas Individu) → Deadline: Tidak diketahui
[2026-05-27 09:47:25] 📚 Mengambil mata kuliah ID 109563 ...
[2026-05-27 09:47:25]   ➤ ATA 2025/2026 | 3KB01 | Sistem Tertanam (Embedded) * | RIDHA ISKANDAR
[2026-05-27 09:47:25]      • [Materi] Selamat Datang di V-Class Sistem Tertanam (Embedded) Forum → Deadline: -
[2026-05-27 09:47:30]      • [Assignment] File 1 → Deadline: Sunday, 26 April 2026, 12:00 AM
[2026-05-27 09:47:34] 📚 Mengambil mata kuliah ID 109970 ...
[2026-05-27 09:47:34]   ➤ ATA 2025/2026 | 2EB10 | Bahasa Indonesia | MELANIAWATI
[2026-05-27 09:47:34] 📚 Mengambil mata kuliah ID 107919 ...
[2026-05-27 09:47:34]   ➤ ATA 2025/2026 | 3KB01 | Sistem Cerdas Lanjut | NUR SULTAN SALAHUDDIN
[2026-05-27 09:47:34]      • [Materi] Announcements Forum → Deadline: -
[2026-05-27 09:47:38]      • [Assignment] Sistem Kesehatan Cerdas → Deadline: Thursday, 21 May 2026, 12:00 AM
[2026-05-27 09:47:43]      • [Quiz] Sistem Kesehatan Cerdas → Deadline: Tidak diketahui
[2026-05-27 09:47:47] 📚 Mengambil mata kuliah ID 107291 ...
[2026-05-27 09:47:47]   ➤ ATA 2025/2026 | 3KB01 | Pengantarmukaan Perif.Komputer * | FARID THALIB
[2026-05-27 09:47:47]      • [Materi] Announcements Forum → Deadline: -
[2026-05-27 09:47:50] 📚 Mengambil mata kuliah ID 104438 ...
[2026-05-27 09:47:50]   ➤ ATA 2025/2026 | 3-FIKTI | Terapan Teori Graf | TEAM TEACHING
[2026-05-27 09:47:50]      • [Materi] PEMBERITAHUAN PELAKSANAAN TEAM TEACHING TERAPAN TEORI GRAF Forum → Deadline: -
[2026-05-27 09:47:54]      • [Materi] M1: Pendahuluan Teori Graf File → Deadline: -
[2026-05-27 09:47:58]      • [Materi] Video Literasi M1: Pendahuluan Teori Graf URL → Deadline: -
[2026-05-27 09:48:03]      • [Quiz] Kuis M1 [kelas PAGI] → Deadline: Tidak diketahui
[2026-05-27 09:48:07]      • [Quiz] Kuis M1 [kelas MALAM] → Deadline: Tidak diketahui
[2026-05-27 09:48:10]      • [Materi] M2: Graf Tidak Berarah dan Graf Berbobot File → Deadline: -
[2026-05-27 09:48:15]      • [Materi] Video Literasi M2 : Graf Tidak Berarah dan Graf Berbobot URL → Deadline: -
[2026-05-27 09:48:19]      • [Quiz] Kuis M2 [KELAS PAGI] : Graf Tidak Berarah dan Graf Berbobot → Deadline: Tidak diketahui
[2026-05-27 09:48:23]      • [Quiz] Kuis M2 [KELAS MALAM] : Graf Tidak Berarah dan Graf Berbobot → Deadline: Tidak diketahui
[2026-05-27 09:48:28]      • [Materi] M4 : Aplikasi Teori Graf di Teknik Elektro File → Deadline: -
[2026-05-27 09:48:32]      • [Materi] Video Literasi M4 : Aplikasi Teori Graf di Teknik Elektro URL → Deadline: -
[2026-05-27 09:48:37]      • [Quiz] Kuis M4 [KELAS PAGI]: Aplikasi Teori Graf di Teknik Elektro → Deadline: Tidak diketahui
[2026-05-27 09:48:42]      • [Quiz] Kuis M4 [KELAS MALAM]: Aplikasi Teori Graf di Teknik Elektro → Deadline: Tidak diketahui
[2026-05-27 09:48:46]      • [Materi] M5 : Knowledge Graph dan Database Graph File → Deadline: -
[2026-05-27 09:48:51]      • [Materi] Video Literasi  M5 : Knowledge Graph dan Database Graph URL → Deadline: -
[2026-05-27 09:48:56]      • [Quiz] Kuis M5 [KELAS PAGI] : nowledge Graph dan Database Graph → Deadline: Tidak diketahui
[2026-05-27 09:49:00]      • [Quiz] Kuis M5 [KELAS MALAM] : Knowledge Graph dan Database Graph → Deadline: Tidak diketahui
[2026-05-27 09:49:04]      • [Materi] M6 : Graf Berarah dan Implementasinya File → Deadline: -
[2026-05-27 09:49:08]      • [Materi] Video Literasi M6 : Graf Berarah dan Implementasinya URL → Deadline: -
[2026-05-27 09:49:13]      • [Quiz] Kuis M6 [KELAS PAGI] : Graf Berarah dan Implementasinya → Deadline: Tidak diketahui
[2026-05-27 09:49:17]      • [Quiz] Kuis M6 [KELAS MALAM] : Graf Berarah dan Implementasinya → Deadline: Tidak diketahui
[2026-05-27 09:49:21]      • [Materi] M8 : Penerapan Teori Graf di Bidang Teknik Sipil File → Deadline: -
[2026-05-27 09:49:25]      • [Materi] Video Literasi M8 : Penerapan Teori Graf di Bidang Teknik Sipil URL → Deadline: -
[2026-05-27 09:49:29]      • [Quiz] Kuis M8 [KELAS PAGI] : Penerapan Teori Graf di Bidang Teknik Sipil → Deadline: Tidak diketahui
[2026-05-27 09:49:34]      • [Quiz] Kuis M8 [KELAS MALAM] : Penerapan Teori Graf di Bidang Teknik Sipil → Deadline: Tidak diketahui
[2026-05-27 09:49:37]      • [Materi] M10 : Penerapan Teori Graf  di Bidang Teknik Industri File → Deadline: -
[2026-05-27 09:49:42]      • [Materi] Video Literasi M10 : Penerapan Teori Graf  di Bidang Teknik Industri URL → Deadline: -
[2026-05-27 09:49:46]      • [Quiz] Kuis M10 [kelas pagi] : Penerapan Teori Graf  di Bidang Teknik Industri → Deadline: Tidak diketahui
[2026-05-27 09:49:50]      • [Quiz] Kuis M10 [kelas malam]: Penerapan Teori Graf  di Bidang Teknik Industri → Deadline: Tidak diketahui
[2026-05-27 09:49:54] 📚 Mengambil mata kuliah ID 104413 ...
[2026-05-27 09:49:54]   ➤ ATA 2025/2026 | 3-FIKTI | Praktikum Terapan Teori Graf
[2026-05-27 09:49:54]      • [Materi] Panduan Praktikum  Forum → Deadline: -
[2026-05-27 09:49:59]      • [Materi] Panduan Google Collaboratory URL → Deadline: -
[2026-05-27 09:50:03]      • [Materi] Panduan Instalasi Anaconda URL → Deadline: -
[2026-05-27 09:50:07]      • [Quiz] Pre-Test (M1) → Deadline: Tidak diketahui
[2026-05-27 09:50:12]      • [Materi] 1.1  Pengantar: Teori Graf URL → Deadline: -
[2026-05-27 09:50:16]      • [Materi] 1.2  Sesi Hands-on Praktikum URL → Deadline: -
[2026-05-27 09:50:20]      • [Materi] 1.3 Tutorial Menambahkan File pada Mesin DGX URL → Deadline: -
[2026-05-27 09:50:24]      • [Quiz] Post-Test (M1) → Deadline: Tidak diketahui
[2026-05-27 09:50:29]      • [Assignment] Pengumpulan Tugas (M1) → Deadline: Saturday, 7 March 2026, 11:59 PM
[2026-05-27 09:50:33]      • [Quiz] Pre-Test (M2) → Deadline: Tidak diketahui
[2026-05-27 09:50:37]      • [Materi] 2.1  Pengantar: Berbagai Pemecahan Masalah Menggunakan Teori Graf Page → Deadline: -
[2026-05-27 09:50:41]      • [Quiz] Post-Test (M2) → Deadline: Tidak diketahui
[2026-05-27 09:50:45]      • [Assignment] Pengumpulan Tugas (M2) → Deadline: Saturday, 14 March 2026, 11:59 PM
[2026-05-27 09:50:50]      • [Quiz] Pre-Test (M4) → Deadline: Tidak diketahui
[2026-05-27 09:50:54]      • [Materi] 4.1  Pengantar: Breadth First Search URL → Deadline: -
[2026-05-27 09:50:58]      • [Materi] Sesi Praktikum File → Deadline: -
[2026-05-27 09:51:03]      • [Materi] Video Tutorial: Mendownload File IPYNB di Virtual Class URL → Deadline: -
[2026-05-27 09:51:07]      • [Quiz] Post-Test (M4) → Deadline: Tidak diketahui
[2026-05-27 09:51:12]      • [Assignment] Laporan Akhir (M4) → Deadline: Saturday, 11 April 2026, 11:59 PM
[2026-05-27 09:51:16]      • [Quiz] Pre-Test (M5) → Deadline: Tidak diketahui
[2026-05-27 09:51:20]      • [Materi] Sesi Praktikum URL → Deadline: -
[2026-05-27 09:51:25]      • [Quiz] Post-Test (M5) → Deadline: Tidak diketahui
[2026-05-27 09:51:28]      • [Assignment] Laporan Akhir (M5) → Deadline: Saturday, 18 April 2026, 11:59 PM
[2026-05-27 09:51:32]      • [Quiz] Pre-Test (M6) → Deadline: Tidak diketahui
[2026-05-27 09:51:37]      • [Materi] 6.1  Pendahuluan: Algoritma Dasar Tree URL → Deadline: -
[2026-05-27 09:51:41]      • [Materi] Sesi Praktikum File → Deadline: -
[2026-05-27 09:51:45]      • [Quiz] Post-Test (M6) → Deadline: Tidak diketahui
[2026-05-27 09:51:48]      • [Assignment] Laporan Akhir (M6) → Deadline: Saturday, 25 April 2026, 11:59 PM
[2026-05-27 09:51:52]      • [Quiz] Pre-Test (M8) → Deadline: Tidak diketahui
[2026-05-27 09:51:57]      • [Materi] 8.1  Pendahuluan: Implementasi Graph URL → Deadline: -
[2026-05-27 09:52:01]      • [Materi] Link File Praktikum I - family.pl → Deadline: -
[2026-05-27 09:52:05]      • [Materi] Link File Praktikum II - 8-puzzles.ipynb → Deadline: -
[2026-05-27 09:52:10]      • [Materi] Video Tutorial: Mendownload File IPYNB di Virtual Class URL → Deadline: -
[2026-05-27 09:52:14]      • [Quiz] Post-Test (M8) → Deadline: Tidak diketahui
[2026-05-27 09:52:18]      • [Assignment] Laporan Akhir (M8) → Deadline: Saturday, 9 May 2026, 11:59 PM
[2026-05-27 09:52:23]      • [Quiz] Pre-Test (M9) → Deadline: Tidak diketahui
[2026-05-27 09:52:27]      • [Materi] Sesi Hands-on Praktikum URL → Deadline: -
[2026-05-27 09:52:31]      • [Quiz] Post-Test (M9) → Deadline: Tidak diketahui
[2026-05-27 09:52:36]      • [Assignment] Pengumpulan Tugas (M9) → Deadline: Saturday, 16 May 2026, 11:59 PM
[2026-05-27 09:52:40]      • [Quiz] Pre-Test (M3) → Deadline: Tidak diketahui
[2026-05-27 09:52:45]      • [Materi] Sesi Praktikum URL → Deadline: -
[2026-05-27 09:52:50]      • [Materi] Video Tutorial: Menambahkan File pada Mesin DGX URL → Deadline: -
[2026-05-27 09:52:55]      • [Quiz] Post-Test (M3) → Deadline: Tidak diketahui
[2026-05-27 09:52:59]      • [Assignment] Pengumpulan Tugas (M3) → Deadline: Saturday, 23 May 2026, 11:59 PM
[2026-05-27 09:53:04]      • [Quiz] Pre-Test (M7) → Deadline: Tidak diketahui
[2026-05-27 09:53:09]      • [Materi] Link File Praktikum I - 3-Tekrek-Find-Center.ipynb → Deadline: -
[2026-05-27 09:53:13]      • [Materi] Link File Praktikum II - 3-Tekrek-Sortest-Path.ipynb → Deadline: -
[2026-05-27 09:53:17]      • [Materi] Video Tutorial: Mendownload File IPYNB di Virtual Class URL → Deadline: -
[2026-05-27 09:53:21]      • [Quiz] Post-Test (M7) → Deadline: Tidak diketahui
[2026-05-27 09:53:26]      • [Assignment] Laporan Akhir (M7) → Deadline: Saturday, 23 May 2026, 11:59 PM
[2026-05-27 09:53:30] 📦 Total tugas ditemukan: 107
[2026-05-27 09:53:30] 💾 Disimpan ke python/node/tugas.json
[2026-05-27 18:00:30] 🔐 Login ke V-Class...
[2026-05-27 18:00:31] ✅ Login berhasil
[2026-05-27 18:00:31] 📚 Mengambil mata kuliah ID 108486 ...
[2026-05-27 18:00:31]   ➤ ATA 2025/2026 | 3KB01 | Jaringan Komputer Lanjut | VIVIEN NOVA FITHRIANA
[2026-05-27 18:00:31]      • [Materi] Announcements Forum → Deadline: -
[2026-05-27 18:00:35]      • [Materi] M1 File → Deadline: -
[2026-05-27 18:00:39]      • [Materi] M2 File → Deadline: -
[2026-05-27 18:00:44]      • [Materi] M3 File → Deadline: -
[2026-05-27 18:00:49]      • [Materi] M4 File → Deadline: -
[2026-05-27 18:00:53]      • [Materi] M5 File → Deadline: -
[2026-05-27 18:00:57]      • [Materi] M6 File → Deadline: -
[2026-05-27 18:01:01]      • [Materi] M7 File → Deadline: -
[2026-05-27 18:01:06]      • [Materi] VC-1 : Traffic dan Algoritma Kendali Kemacetan File → Deadline: -
[2026-05-27 18:01:10]      • [Materi] VC-1 : Traffic dan Algoritma Kendali Kemacetan File → Deadline: -
[2026-05-27 18:01:15]      • [Materi] Forum VC-1 : Traffic dan Algoritma Kendali Kemacetan → Deadline: -
[2026-05-27 18:01:19]      • [Quiz] Latihan Soal VC-1 : Traffic dan Algoritma Kendali Kemacetan → Deadline: Tidak diketahui
[2026-05-27 18:01:23]      • [Materi] VC-2 : Traffic dan Algoritma Kendali Kemacetan - Bagian 2 File → Deadline: -
[2026-05-27 18:01:28]      • [Materi] Forum VC-2 : Traffic dan Algoritma Kendali Kemacetan - Bagian 2 → Deadline: -
[2026-05-27 18:01:32]      • [Quiz] Latihan Soal VC-2 : Traffic dan Algoritma Kendali Kemacetan - Bagian 2 → Deadline: Tidak diketahui
[2026-05-27 18:01:36]      • [Materi] VC-3 : Lapisan Transport File → Deadline: -
[2026-05-27 18:01:39]      • [Materi] Forum VC-3 : Lapisan Transport → Deadline: -
[2026-05-27 18:01:44]      • [Quiz] Latihan Soal VC-3 : Lapisan Transport → Deadline: Wednesday, 15 July 2026, 11:59 PM
[2026-05-27 18:01:48] 📚 Mengambil mata kuliah ID 108172 ...
[2026-05-27 18:01:48]   ➤ ATA 2025/2026 | 3KB01 | Internet of Things (IoT) | PURNAWARMAN MUSA
[2026-05-27 18:01:48]      • [Materi] Announcements Forum → Deadline: -
[2026-05-27 18:01:53]      • [Materi] M6 File → Deadline: -
[2026-05-27 18:01:57]      • [Quiz] Soal (Tugas Individu) → Deadline: Tidak diketahui
[2026-05-27 18:02:01]      • [Quiz] Soal (Tugas Individu) → Deadline: Tidak diketahui
[2026-05-27 18:02:05] 📚 Mengambil mata kuliah ID 109563 ...
[2026-05-27 18:02:06]   ➤ ATA 2025/2026 | 3KB01 | Sistem Tertanam (Embedded) * | RIDHA ISKANDAR
[2026-05-27 18:02:06]      • [Materi] Selamat Datang di V-Class Sistem Tertanam (Embedded) Forum → Deadline: -
[2026-05-27 18:02:10]      • [Assignment] File 1 → Deadline: Sunday, 26 April 2026, 12:00 AM
[2026-05-27 18:02:14] 📚 Mengambil mata kuliah ID 109970 ...
[2026-05-27 18:02:15]   ➤ ATA 2025/2026 | 2EB10 | Bahasa Indonesia | MELANIAWATI
[2026-05-27 18:02:15] 📚 Mengambil mata kuliah ID 107919 ...
[2026-05-27 18:02:15]   ➤ ATA 2025/2026 | 3KB01 | Sistem Cerdas Lanjut | NUR SULTAN SALAHUDDIN
[2026-05-27 18:02:15]      • [Materi] Announcements Forum → Deadline: -
[2026-05-27 18:02:19]      • [Assignment] Sistem Kesehatan Cerdas → Deadline: Thursday, 21 May 2026, 12:00 AM
[2026-05-27 18:02:24]      • [Quiz] Sistem Kesehatan Cerdas → Deadline: Tidak diketahui
[2026-05-27 18:02:28] 📚 Mengambil mata kuliah ID 107291 ...
[2026-05-27 18:02:29]   ➤ ATA 2025/2026 | 3KB01 | Pengantarmukaan Perif.Komputer * | FARID THALIB
[2026-05-27 18:02:29]      • [Materi] Announcements Forum → Deadline: -
[2026-05-27 18:02:32] 📚 Mengambil mata kuliah ID 104438 ...
[2026-05-27 18:02:33]   ➤ ATA 2025/2026 | 3-FIKTI | Terapan Teori Graf | TEAM TEACHING
[2026-05-27 18:02:33]      • [Materi] PEMBERITAHUAN PELAKSANAAN TEAM TEACHING TERAPAN TEORI GRAF Forum → Deadline: -
[2026-05-27 18:02:36]      • [Materi] M1: Pendahuluan Teori Graf File → Deadline: -
[2026-05-27 18:02:40]      • [Materi] Video Literasi M1: Pendahuluan Teori Graf URL → Deadline: -
[2026-05-27 18:02:44]      • [Quiz] Kuis M1 [kelas PAGI] → Deadline: Tidak diketahui
[2026-05-27 18:02:49]      • [Quiz] Kuis M1 [kelas MALAM] → Deadline: Tidak diketahui
[2026-05-27 18:02:53]      • [Materi] M2: Graf Tidak Berarah dan Graf Berbobot File → Deadline: -
[2026-05-27 18:02:57]      • [Materi] Video Literasi M2 : Graf Tidak Berarah dan Graf Berbobot URL → Deadline: -
[2026-05-27 18:03:02]      • [Quiz] Kuis M2 [KELAS PAGI] : Graf Tidak Berarah dan Graf Berbobot → Deadline: Tidak diketahui
[2026-05-27 18:03:06]      • [Quiz] Kuis M2 [KELAS MALAM] : Graf Tidak Berarah dan Graf Berbobot → Deadline: Tidak diketahui
[2026-05-27 18:03:11]      • [Materi] M4 : Aplikasi Teori Graf di Teknik Elektro File → Deadline: -
[2026-05-27 18:03:15]      • [Materi] Video Literasi M4 : Aplikasi Teori Graf di Teknik Elektro URL → Deadline: -
[2026-05-27 18:03:20]      • [Quiz] Kuis M4 [KELAS PAGI]: Aplikasi Teori Graf di Teknik Elektro → Deadline: Tidak diketahui
[2026-05-27 18:03:25]      • [Quiz] Kuis M4 [KELAS MALAM]: Aplikasi Teori Graf di Teknik Elektro → Deadline: Tidak diketahui
[2026-05-27 18:03:29]      • [Materi] M5 : Knowledge Graph dan Database Graph File → Deadline: -
[2026-05-27 18:03:34]      • [Materi] Video Literasi  M5 : Knowledge Graph dan Database Graph URL → Deadline: -
[2026-05-27 18:03:39]      • [Quiz] Kuis M5 [KELAS PAGI] : nowledge Graph dan Database Graph → Deadline: Tidak diketahui
[2026-05-27 18:03:43]      • [Quiz] Kuis M5 [KELAS MALAM] : Knowledge Graph dan Database Graph → Deadline: Tidak diketahui
[2026-05-27 18:03:48]      • [Materi] M6 : Graf Berarah dan Implementasinya File → Deadline: -
[2026-05-27 18:03:52]      • [Materi] Video Literasi M6 : Graf Berarah dan Implementasinya URL → Deadline: -
[2026-05-27 18:03:57]      • [Quiz] Kuis M6 [KELAS PAGI] : Graf Berarah dan Implementasinya → Deadline: Tidak diketahui
[2026-05-27 18:04:02]      • [Quiz] Kuis M6 [KELAS MALAM] : Graf Berarah dan Implementasinya → Deadline: Tidak diketahui
[2026-05-27 18:04:06]      • [Materi] M8 : Penerapan Teori Graf di Bidang Teknik Sipil File → Deadline: -
[2026-05-27 18:04:10]      • [Materi] Video Literasi M8 : Penerapan Teori Graf di Bidang Teknik Sipil URL → Deadline: -
[2026-05-27 18:04:15]      • [Quiz] Kuis M8 [KELAS PAGI] : Penerapan Teori Graf di Bidang Teknik Sipil → Deadline: Tidak diketahui
[2026-05-27 18:04:19]      • [Quiz] Kuis M8 [KELAS MALAM] : Penerapan Teori Graf di Bidang Teknik Sipil → Deadline: Tidak diketahui
[2026-05-27 18:04:23]      • [Materi] M10 : Penerapan Teori Graf  di Bidang Teknik Industri File → Deadline: -
[2026-05-27 18:04:27]      • [Materi] Video Literasi M10 : Penerapan Teori Graf  di Bidang Teknik Industri URL → Deadline: -
[2026-05-27 18:04:32]      • [Quiz] Kuis M10 [kelas pagi] : Penerapan Teori Graf  di Bidang Teknik Industri → Deadline: Tidak diketahui
[2026-05-27 18:04:37]      • [Quiz] Kuis M10 [kelas malam]: Penerapan Teori Graf  di Bidang Teknik Industri → Deadline: Tidak diketahui
[2026-05-27 18:04:42] 📚 Mengambil mata kuliah ID 104413 ...
[2026-05-27 18:04:42]   ➤ ATA 2025/2026 | 3-FIKTI | Praktikum Terapan Teori Graf
[2026-05-27 18:04:42]      • [Materi] Panduan Praktikum  Forum → Deadline: -
[2026-05-27 18:04:46]      • [Materi] Panduan Google Collaboratory URL → Deadline: -
[2026-05-27 18:04:51]      • [Materi] Panduan Instalasi Anaconda URL → Deadline: -
[2026-05-27 18:04:55]      • [Quiz] Pre-Test (M1) → Deadline: Tidak diketahui
[2026-05-27 18:04:59]      • [Materi] 1.1  Pengantar: Teori Graf URL → Deadline: -
[2026-05-27 18:05:03]      • [Materi] 1.2  Sesi Hands-on Praktikum URL → Deadline: -
[2026-05-27 18:05:07]      • [Materi] 1.3 Tutorial Menambahkan File pada Mesin DGX URL → Deadline: -
[2026-05-27 18:05:12]      • [Quiz] Post-Test (M1) → Deadline: Tidak diketahui
[2026-05-27 18:05:17]      • [Assignment] Pengumpulan Tugas (M1) → Deadline: Saturday, 7 March 2026, 11:59 PM
[2026-05-27 18:05:21]      • [Quiz] Pre-Test (M2) → Deadline: Tidak diketahui
[2026-05-27 18:05:25]      • [Materi] 2.1  Pengantar: Berbagai Pemecahan Masalah Menggunakan Teori Graf Page → Deadline: -
[2026-05-27 18:05:29]      • [Quiz] Post-Test (M2) → Deadline: Tidak diketahui
[2026-05-27 18:05:33]      • [Assignment] Pengumpulan Tugas (M2) → Deadline: Saturday, 14 March 2026, 11:59 PM
[2026-05-27 18:05:38]      • [Quiz] Pre-Test (M4) → Deadline: Tidak diketahui
[2026-05-27 18:05:43]      • [Materi] 4.1  Pengantar: Breadth First Search URL → Deadline: -
[2026-05-27 18:05:47]      • [Materi] Sesi Praktikum File → Deadline: -
[2026-05-27 18:05:52]      • [Materi] Video Tutorial: Mendownload File IPYNB di Virtual Class URL → Deadline: -
[2026-05-27 18:05:56]      • [Quiz] Post-Test (M4) → Deadline: Tidak diketahui
[2026-05-27 18:06:01]      • [Assignment] Laporan Akhir (M4) → Deadline: Saturday, 11 April 2026, 11:59 PM
[2026-05-27 18:06:05]      • [Quiz] Pre-Test (M5) → Deadline: Tidak diketahui
[2026-05-27 18:06:08]      • [Materi] Sesi Praktikum URL → Deadline: -
[2026-05-27 18:06:13]      • [Quiz] Post-Test (M5) → Deadline: Tidak diketahui
[2026-05-27 18:06:17]      • [Assignment] Laporan Akhir (M5) → Deadline: Saturday, 18 April 2026, 11:59 PM
[2026-05-27 18:06:21]      • [Quiz] Pre-Test (M6) → Deadline: Tidak diketahui
[2026-05-27 18:06:25]      • [Materi] 6.1  Pendahuluan: Algoritma Dasar Tree URL → Deadline: -
[2026-05-27 18:06:29]      • [Materi] Sesi Praktikum File → Deadline: -
[2026-05-27 18:06:33]      • [Quiz] Post-Test (M6) → Deadline: Tidak diketahui
[2026-05-27 18:06:38]      • [Assignment] Laporan Akhir (M6) → Deadline: Saturday, 25 April 2026, 11:59 PM
[2026-05-27 18:06:42]      • [Quiz] Pre-Test (M8) → Deadline: Tidak diketahui
[2026-05-27 18:06:46]      • [Materi] 8.1  Pendahuluan: Implementasi Graph URL → Deadline: -
[2026-05-27 18:06:49]      • [Materi] Link File Praktikum I - family.pl → Deadline: -
[2026-05-27 18:06:53]      • [Materi] Link File Praktikum II - 8-puzzles.ipynb → Deadline: -
[2026-05-27 18:06:57]      • [Materi] Video Tutorial: Mendownload File IPYNB di Virtual Class URL → Deadline: -
[2026-05-27 18:07:02]      • [Quiz] Post-Test (M8) → Deadline: Tidak diketahui
[2026-05-27 18:07:06]      • [Assignment] Laporan Akhir (M8) → Deadline: Saturday, 9 May 2026, 11:59 PM
[2026-05-27 18:07:10]      • [Quiz] Pre-Test (M9) → Deadline: Tidak diketahui
[2026-05-27 18:07:15]      • [Materi] Sesi Hands-on Praktikum URL → Deadline: -
[2026-05-27 18:07:20]      • [Quiz] Post-Test (M9) → Deadline: Tidak diketahui
[2026-05-27 18:07:25]      • [Assignment] Pengumpulan Tugas (M9) → Deadline: Saturday, 16 May 2026, 11:59 PM
[2026-05-27 18:07:29]      • [Quiz] Pre-Test (M3) → Deadline: Tidak diketahui
[2026-05-27 18:07:34]      • [Materi] Sesi Praktikum URL → Deadline: -
[2026-05-27 18:07:38]      • [Materi] Video Tutorial: Menambahkan File pada Mesin DGX URL → Deadline: -
[2026-05-27 18:07:42]      • [Quiz] Post-Test (M3) → Deadline: Tidak diketahui
[2026-05-27 18:07:46]      • [Assignment] Pengumpulan Tugas (M3) → Deadline: Saturday, 23 May 2026, 11:59 PM
[2026-05-27 18:07:49]      • [Quiz] Pre-Test (M7) → Deadline: Tidak diketahui
[2026-05-27 18:07:54]      • [Materi] Link File Praktikum I - 3-Tekrek-Find-Center.ipynb → Deadline: -
[2026-05-27 18:07:58]      • [Materi] Link File Praktikum II - 3-Tekrek-Sortest-Path.ipynb → Deadline: -
[2026-05-27 18:08:02]      • [Materi] Video Tutorial: Mendownload File IPYNB di Virtual Class URL → Deadline: -
[2026-05-27 18:08:06]      • [Quiz] Post-Test (M7) → Deadline: Tidak diketahui
[2026-05-27 18:08:11]      • [Assignment] Laporan Akhir (M7) → Deadline: Saturday, 23 May 2026, 11:59 PM
[2026-05-27 18:08:15] 📦 Total tugas ditemukan: 107
[2026-05-27 18:08:15] 💾 Disimpan ke python/node/tugas.json
