[2026-07-19 09:45:34] 🔐 Login ke V-Class...
[2026-07-19 09:45:34] ✅ Login berhasil
[2026-07-19 09:45:34] 📚 Mengambil mata kuliah ID 108486 ...
[2026-07-19 09:45:35]   ➤ ATA 2025/2026 | 3KB01 | Jaringan Komputer Lanjut | VIVIEN NOVA FITHRIANA
[2026-07-19 09:45:35]      • [Materi] Announcements Forum → Deadline: -
[2026-07-19 09:45:39]      • [Materi] M1 File → Deadline: -
[2026-07-19 09:45:43]      • [Materi] M2 File → Deadline: -
[2026-07-19 09:45:47]      • [Materi] M3 File → Deadline: -
[2026-07-19 09:45:51]      • [Materi] M4 File → Deadline: -
[2026-07-19 09:45:55]      • [Materi] M5 File → Deadline: -
[2026-07-19 09:45:59]      • [Materi] M6 File → Deadline: -
[2026-07-19 09:46:03]      • [Materi] M7 File → Deadline: -
[2026-07-19 09:46:08]      • [Materi] VC-1 : Traffic dan Algoritma Kendali Kemacetan File → Deadline: -
[2026-07-19 09:46:12]      • [Materi] VC-1 : Traffic dan Algoritma Kendali Kemacetan File → Deadline: -
[2026-07-19 09:46:16]      • [Materi] Forum VC-1 : Traffic dan Algoritma Kendali Kemacetan → Deadline: -
[2026-07-19 09:46:21]      • [Quiz] Latihan Soal VC-1 : Traffic dan Algoritma Kendali Kemacetan → Deadline: Tidak diketahui
[2026-07-19 09:46:26]      • [Materi] VC-2 : Traffic dan Algoritma Kendali Kemacetan - Bagian 2 File → Deadline: -
[2026-07-19 09:46:30]      • [Materi] Forum VC-2 : Traffic dan Algoritma Kendali Kemacetan - Bagian 2 → Deadline: -
[2026-07-19 09:46:35]      • [Quiz] Latihan Soal VC-2 : Traffic dan Algoritma Kendali Kemacetan - Bagian 2 → Deadline: Tidak diketahui
[2026-07-19 09:46:39]      • [Materi] VC-3 : Lapisan Transport File → Deadline: -
[2026-07-19 09:46:43]      • [Materi] Forum VC-3 : Lapisan Transport → Deadline: -
[2026-07-19 09:46:48]      • [Quiz] Latihan Soal VC-3 : Lapisan Transport → Deadline: Tidak diketahui
[2026-07-19 09:46:52] 📚 Mengambil mata kuliah ID 108172 ...
[2026-07-19 09:46:53]   ➤ ATA 2025/2026 | 3KB01 | Internet of Things (IoT) | PURNAWARMAN MUSA
[2026-07-19 09:46:53]      • [Materi] Announcements Forum → Deadline: -
[2026-07-19 09:46:57]      • [Materi] M6 File → Deadline: -
[2026-07-19 09:47:02]      • [Quiz] Soal (Tugas Individu) → Deadline: Tidak diketahui
[2026-07-19 09:47:07]      • [Quiz] Soal (Tugas Individu) → Deadline: Tidak diketahui
[2026-07-19 09:47:11] 📚 Mengambil mata kuliah ID 109563 ...
[2026-07-19 09:47:11]   ➤ ATA 2025/2026 | 3KB01 | Sistem Tertanam (Embedded) * | RIDHA ISKANDAR
[2026-07-19 09:47:11]      • [Materi] Selamat Datang di V-Class Sistem Tertanam (Embedded) Forum → Deadline: -
[2026-07-19 09:47:15]      • [Assignment] File 1 → Deadline: Sunday, 26 April 2026, 12:00 AM
[2026-07-19 09:47:20] 📚 Mengambil mata kuliah ID 109970 ...
[2026-07-19 09:47:20]   ➤ ATA 2025/2026 | 2EB10 | Bahasa Indonesia | MELANIAWATI
[2026-07-19 09:47:20] 📚 Mengambil mata kuliah ID 107919 ...
[2026-07-19 09:47:20]   ➤ ATA 2025/2026 | 3KB01 | Sistem Cerdas Lanjut | NUR SULTAN SALAHUDDIN
[2026-07-19 09:47:20]      • [Materi] Announcements Forum → Deadline: -
[2026-07-19 09:47:25]      • [Assignment] Sistem Kesehatan Cerdas → Deadline: Thursday, 21 May 2026, 12:00 AM
[2026-07-19 09:47:29]      • [Quiz] Sistem Kesehatan Cerdas → Deadline: Tidak diketahui
[2026-07-19 09:47:34]      • [Assignment] Sistem Industri Cerdas → Deadline: Monday, 20 July 2026, 12:00 AM
[2026-07-19 09:47:39]      • [Quiz] Sistem Industri Cerdas → Deadline: Monday, 20 July 2026, 10:54 AM
[2026-07-19 09:47:43] 📚 Mengambil mata kuliah ID 107291 ...
[2026-07-19 09:47:43]   ➤ ATA 2025/2026 | 3KB01 | Pengantarmukaan Perif.Komputer * | FARID THALIB
[2026-07-19 09:47:43]      • [Materi] Announcements Forum → Deadline: -
[2026-07-19 09:47:47] 📚 Mengambil mata kuliah ID 104438 ...
[2026-07-19 09:47:47]   ➤ ATA 2025/2026 | 3-FIKTI | Terapan Teori Graf | TEAM TEACHING
[2026-07-19 09:47:47]      • [Materi] PEMBERITAHUAN UTS SUSULAN File → Deadline: -
[2026-07-19 09:47:52]      • [Materi] PEMBERITAHUAN PELAKSANAAN TEAM TEACHING TERAPAN TEORI GRAF Forum → Deadline: -
[2026-07-19 09:47:56]      • [Materi] M1: Pendahuluan Teori Graf File → Deadline: -
[2026-07-19 09:48:01]      • [Materi] Video Literasi M1: Pendahuluan Teori Graf URL → Deadline: -
[2026-07-19 09:48:05]      • [Quiz] Kuis M1 [kelas PAGI] → Deadline: Tidak diketahui
[2026-07-19 09:48:10]      • [Quiz] Kuis M1 [kelas MALAM] → Deadline: Tidak diketahui
[2026-07-19 09:48:15]      • [Materi] M2: Graf Tidak Berarah dan Graf Berbobot File → Deadline: -
[2026-07-19 09:48:19]      • [Materi] Video Literasi M2 : Graf Tidak Berarah dan Graf Berbobot URL → Deadline: -
[2026-07-19 09:48:23]      • [Quiz] Kuis M2 [KELAS PAGI] : Graf Tidak Berarah dan Graf Berbobot → Deadline: Tidak diketahui
[2026-07-19 09:48:28]      • [Quiz] Kuis M2 [KELAS MALAM] : Graf Tidak Berarah dan Graf Berbobot → Deadline: Tidak diketahui
[2026-07-19 09:48:32]      • [Materi] M4 : Aplikasi Teori Graf di Teknik Elektro File → Deadline: -
[2026-07-19 09:48:36]      • [Materi] Video Literasi M4 : Aplikasi Teori Graf di Teknik Elektro URL → Deadline: -
[2026-07-19 09:48:40]      • [Quiz] Kuis M4 [KELAS PAGI]: Aplikasi Teori Graf di Teknik Elektro → Deadline: Tidak diketahui
[2026-07-19 09:48:44]      • [Quiz] Kuis M4 [KELAS MALAM]: Aplikasi Teori Graf di Teknik Elektro → Deadline: Tidak diketahui
[2026-07-19 09:48:48]      • [Materi] M5 : Knowledge Graph dan Database Graph File → Deadline: -
[2026-07-19 09:48:53]      • [Materi] Video Literasi  M5 : Knowledge Graph dan Database Graph URL → Deadline: -
[2026-07-19 09:48:57]      • [Quiz] Kuis M5 [KELAS PAGI] : nowledge Graph dan Database Graph → Deadline: Tidak diketahui
[2026-07-19 09:49:01]      • [Quiz] Kuis M5 [KELAS MALAM] : Knowledge Graph dan Database Graph → Deadline: Tidak diketahui
[2026-07-19 09:49:06]      • [Materi] M6 : Graf Berarah dan Implementasinya File → Deadline: -
[2026-07-19 09:49:10]      • [Materi] Video Literasi M6 : Graf Berarah dan Implementasinya URL → Deadline: -
[2026-07-19 09:49:15]      • [Quiz] Kuis M6 [KELAS PAGI] : Graf Berarah dan Implementasinya → Deadline: Tidak diketahui
[2026-07-19 09:49:20]      • [Quiz] Kuis M6 [KELAS MALAM] : Graf Berarah dan Implementasinya → Deadline: Tidak diketahui
[2026-07-19 09:49:24]      • [Materi] M8 : Penerapan Teori Graf di Bidang Teknik Sipil File → Deadline: -
[2026-07-19 09:49:29]      • [Materi] Video Literasi M8 : Penerapan Teori Graf di Bidang Teknik Sipil URL → Deadline: -
[2026-07-19 09:49:34]      • [Quiz] Kuis M8 [KELAS PAGI] : Penerapan Teori Graf di Bidang Teknik Sipil → Deadline: Tidak diketahui
[2026-07-19 09:49:38]      • [Quiz] Kuis M8 [KELAS MALAM] : Penerapan Teori Graf di Bidang Teknik Sipil → Deadline: Tidak diketahui
[2026-07-19 09:49:42]      • [Materi] M10 : Penerapan Teori Graf  di Bidang Teknik Industri File → Deadline: -
[2026-07-19 09:49:47]      • [Materi] Video Literasi M10 : Penerapan Teori Graf  di Bidang Teknik Industri URL → Deadline: -
[2026-07-19 09:49:51]      • [Quiz] Kuis M10 [kelas pagi] : Penerapan Teori Graf  di Bidang Teknik Industri → Deadline: Tidak diketahui
[2026-07-19 09:49:55]      • [Quiz] Kuis M10 [kelas malam]: Penerapan Teori Graf  di Bidang Teknik Industri → Deadline: Tidak diketahui
[2026-07-19 09:49:59]      • [Materi] M11 : Program Dinamis dan Permasalahan Tata Letak Fasilitas File → Deadline: -
[2026-07-19 09:50:03]      • [Materi] video literasi : Program Dinamis dan Permasalahan Tata Letak Fasilitas URL → Deadline: -
[2026-07-19 09:50:07]      • [Quiz] Kuis M11 [kelas PAGI]: Program Dinamis dan Permasalahan Tata Letak Fasilitas → Deadline: Tidak diketahui
[2026-07-19 09:50:12]      • [Quiz] Kuis M11 [kelas MALAM]: Program Dinamis dan Permasalahan Tata Letak Fasilitas → Deadline: Tidak diketahui
[2026-07-19 09:50:17]      • [Materi] M12: Algoritma Greedy pada Graf File → Deadline: -
[2026-07-19 09:50:22]      • [Materi] Video literasi M12: Algoritma Greedy pada Graf URL → Deadline: -
[2026-07-19 09:50:26]      • [Quiz] Kuis M12 [kelas PAGI] → Deadline: Tidak diketahui
[2026-07-19 09:50:31]      • [Quiz] Kuis M12 [kelas MALAM] → Deadline: Tidak diketahui
[2026-07-19 09:50:35]      • [Materi] M13 File → Deadline: -
[2026-07-19 09:50:38]      • [Materi] Video Literasi M13 : Graph Theory Implementation in Oil Mining Company URL → Deadline: -
[2026-07-19 09:50:42]      • [Quiz] Kuis M13 [PAGI]: Graph Theory Implementation in Oil Mining Company → Deadline: Tidak diketahui
[2026-07-19 09:50:47]      • [Quiz] Kuis M13 [MALAM]: Graph Theory Implementation in Oil Mining Company → Deadline: Tidak diketahui
[2026-07-19 09:50:52]      • [Materi] M14 : Aplikasi Graf Lengkap sebagai Graf Representasi untuk Model Optimasi Rute Kendaraan File → Deadline: -
[2026-07-19 09:50:56]      • [Materi] Video Literasi : Aplikasi Graf Lengkap sebagai Graf Representasi untuk Model Optimasi Rute Kendaraan URL → Deadline: -
[2026-07-19 09:51:01]      • [Quiz] Kuis M14 [PAGI]: Aplikasi Graf Lengkap sebagai Graf Representasi untuk Model Optimasi Rute Kendaraan → Deadline: Tidak diketahui
[2026-07-19 09:51:05]      • [Quiz] Kuis M14 [MALAM]: Aplikasi Graf Lengkap sebagai Graf Representasi untuk Model Optimasi Rute Kendaraan → Deadline: Tidak diketahui
[2026-07-19 09:51:10] 📚 Mengambil mata kuliah ID 104413 ...
[2026-07-19 09:51:10]   ➤ ATA 2025/2026 | 3-FIKTI | Praktikum Terapan Teori Graf
[2026-07-19 09:51:10]      • [Materi] Panduan Praktikum  Forum → Deadline: -
[2026-07-19 09:51:14]      • [Materi] Panduan Google Collaboratory URL → Deadline: -
[2026-07-19 09:51:18]      • [Materi] Panduan Instalasi Anaconda URL → Deadline: -
[2026-07-19 09:51:21]      • [Quiz] Pre-Test (M1) → Deadline: Tidak diketahui
[2026-07-19 09:51:25]      • [Materi] 1.1  Pengantar: Teori Graf URL → Deadline: -
[2026-07-19 09:51:30]      • [Materi] 1.2  Sesi Hands-on Praktikum URL → Deadline: -
[2026-07-19 09:51:34]      • [Materi] 1.3 Tutorial Menambahkan File pada Mesin DGX URL → Deadline: -
[2026-07-19 09:51:38]      • [Quiz] Post-Test (M1) → Deadline: Tidak diketahui
[2026-07-19 09:51:43]      • [Assignment] Pengumpulan Tugas (M1) → Deadline: Saturday, 7 March 2026, 11:59 PM
[2026-07-19 09:51:48]      • [Quiz] Pre-Test (M2) → Deadline: Tidak diketahui
[2026-07-19 09:51:52]      • [Materi] 2.1  Pengantar: Berbagai Pemecahan Masalah Menggunakan Teori Graf Page → Deadline: -
[2026-07-19 09:51:57]      • [Quiz] Post-Test (M2) → Deadline: Tidak diketahui
[2026-07-19 09:52:02]      • [Assignment] Pengumpulan Tugas (M2) → Deadline: Saturday, 14 March 2026, 11:59 PM
[2026-07-19 09:52:06]      • [Quiz] Pre-Test (M4) → Deadline: Tidak diketahui
[2026-07-19 09:52:09]      • [Materi] 4.1  Pengantar: Breadth First Search URL → Deadline: -
[2026-07-19 09:52:13]      • [Materi] Sesi Praktikum File → Deadline: -
[2026-07-19 09:52:17]      • [Materi] Video Tutorial: Mendownload File IPYNB di Virtual Class URL → Deadline: -
[2026-07-19 09:52:22]      • [Quiz] Post-Test (M4) → Deadline: Tidak diketahui
[2026-07-19 09:52:26]      • [Assignment] Laporan Akhir (M4) → Deadline: Saturday, 11 April 2026, 11:59 PM
[2026-07-19 09:52:30]      • [Quiz] Pre-Test (M5) → Deadline: Tidak diketahui
[2026-07-19 09:52:34]      • [Materi] Sesi Praktikum URL → Deadline: -
[2026-07-19 09:52:39]      • [Quiz] Post-Test (M5) → Deadline: Tidak diketahui
[2026-07-19 09:52:44]      • [Assignment] Laporan Akhir (M5) → Deadline: Saturday, 18 April 2026, 11:59 PM
[2026-07-19 09:52:49]      • [Quiz] Pre-Test (M6) → Deadline: Tidak diketahui
[2026-07-19 09:52:52]      • [Materi] 6.1  Pendahuluan: Algoritma Dasar Tree URL → Deadline: -
[2026-07-19 09:52:57]      • [Materi] Sesi Praktikum File → Deadline: -
[2026-07-19 09:53:01]      • [Quiz] Post-Test (M6) → Deadline: Tidak diketahui
[2026-07-19 09:53:05]      • [Assignment] Laporan Akhir (M6) → Deadline: Saturday, 25 April 2026, 11:59 PM
[2026-07-19 09:53:10]      • [Quiz] Pre-Test (M8) → Deadline: Tidak diketahui
[2026-07-19 09:53:14]      • [Materi] 8.1  Pendahuluan: Implementasi Graph URL → Deadline: -
[2026-07-19 09:53:18]      • [Materi] Link File Praktikum I - family.pl → Deadline: -
[2026-07-19 09:53:23]      • [Materi] Link File Praktikum II - 8-puzzles.ipynb → Deadline: -
[2026-07-19 09:53:27]      • [Materi] Video Tutorial: Mendownload File IPYNB di Virtual Class URL → Deadline: -
[2026-07-19 09:53:31]      • [Quiz] Post-Test (M8) → Deadline: Tidak diketahui
[2026-07-19 09:53:36]      • [Assignment] Laporan Akhir (M8) → Deadline: Saturday, 9 May 2026, 11:59 PM
[2026-07-19 09:53:40]      • [Quiz] Pre-Test (M9) → Deadline: Tidak diketahui
[2026-07-19 09:53:44]      • [Materi] Sesi Hands-on Praktikum URL → Deadline: -
[2026-07-19 09:53:48]      • [Quiz] Post-Test (M9) → Deadline: Tidak diketahui
[2026-07-19 09:53:52]      • [Assignment] Pengumpulan Tugas (M9) → Deadline: Saturday, 16 May 2026, 11:59 PM
[2026-07-19 09:53:56]      • [Quiz] Pre-Test (M3) → Deadline: Tidak diketahui
[2026-07-19 09:54:00]      • [Materi] Sesi Praktikum URL → Deadline: -
[2026-07-19 09:54:05]      • [Materi] Video Tutorial: Menambahkan File pada Mesin DGX URL → Deadline: -
[2026-07-19 09:54:09]      • [Quiz] Post-Test (M3) → Deadline: Tidak diketahui
[2026-07-19 09:54:14]      • [Assignment] Pengumpulan Tugas (M3) → Deadline: Saturday, 23 May 2026, 11:59 PM
[2026-07-19 09:54:19]      • [Quiz] Pre-Test (M7) → Deadline: Tidak diketahui
[2026-07-19 09:54:22]      • [Materi] Link File Praktikum I - 3-Tekrek-Find-Center.ipynb → Deadline: -
[2026-07-19 09:54:26]      • [Materi] Link File Praktikum II - 3-Tekrek-Sortest-Path.ipynb → Deadline: -
[2026-07-19 09:54:31]      • [Materi] Video Tutorial: Mendownload File IPYNB di Virtual Class URL → Deadline: -
[2026-07-19 09:54:35]      • [Quiz] Post-Test (M7) → Deadline: Tidak diketahui
[2026-07-19 09:54:39]      • [Assignment] Laporan Akhir (M7) → Deadline: Saturday, 23 May 2026, 11:59 PM
[2026-07-19 09:54:43] 📦 Total tugas ditemukan: 126
[2026-07-19 09:54:43] 💾 Disimpan ke python/node/tugas.json
[2026-07-19 18:00:43] 🔐 Login ke V-Class...
[2026-07-19 18:00:43] ✅ Login berhasil
[2026-07-19 18:00:43] 📚 Mengambil mata kuliah ID 108486 ...
[2026-07-19 18:00:43]   ➤ ATA 2025/2026 | 3KB01 | Jaringan Komputer Lanjut | VIVIEN NOVA FITHRIANA
[2026-07-19 18:00:43]      • [Materi] Announcements Forum → Deadline: -
[2026-07-19 18:00:47]      • [Materi] M1 File → Deadline: -
[2026-07-19 18:00:51]      • [Materi] M2 File → Deadline: -
[2026-07-19 18:00:55]      • [Materi] M3 File → Deadline: -
[2026-07-19 18:00:59]      • [Materi] M4 File → Deadline: -
[2026-07-19 18:01:03]      • [Materi] M5 File → Deadline: -
[2026-07-19 18:01:07]      • [Materi] M6 File → Deadline: -
[2026-07-19 18:01:10]      • [Materi] M7 File → Deadline: -
[2026-07-19 18:01:15]      • [Materi] VC-1 : Traffic dan Algoritma Kendali Kemacetan File → Deadline: -
[2026-07-19 18:01:20]      • [Materi] VC-1 : Traffic dan Algoritma Kendali Kemacetan File → Deadline: -
[2026-07-19 18:01:24]      • [Materi] Forum VC-1 : Traffic dan Algoritma Kendali Kemacetan → Deadline: -
[2026-07-19 18:01:29]      • [Quiz] Latihan Soal VC-1 : Traffic dan Algoritma Kendali Kemacetan → Deadline: Tidak diketahui
[2026-07-19 18:01:33]      • [Materi] VC-2 : Traffic dan Algoritma Kendali Kemacetan - Bagian 2 File → Deadline: -
[2026-07-19 18:01:37]      • [Materi] Forum VC-2 : Traffic dan Algoritma Kendali Kemacetan - Bagian 2 → Deadline: -
[2026-07-19 18:01:42]      • [Quiz] Latihan Soal VC-2 : Traffic dan Algoritma Kendali Kemacetan - Bagian 2 → Deadline: Tidak diketahui
[2026-07-19 18:01:46]      • [Materi] VC-3 : Lapisan Transport File → Deadline: -
[2026-07-19 18:01:50]      • [Materi] Forum VC-3 : Lapisan Transport → Deadline: -
[2026-07-19 18:01:54]      • [Quiz] Latihan Soal VC-3 : Lapisan Transport → Deadline: Tidak diketahui
[2026-07-19 18:01:58] 📚 Mengambil mata kuliah ID 108172 ...
[2026-07-19 18:01:59]   ➤ ATA 2025/2026 | 3KB01 | Internet of Things (IoT) | PURNAWARMAN MUSA
[2026-07-19 18:01:59]      • [Materi] Announcements Forum → Deadline: -
[2026-07-19 18:02:02]      • [Materi] M6 File → Deadline: -
[2026-07-19 18:02:06]      • [Quiz] Soal (Tugas Individu) → Deadline: Tidak diketahui
[2026-07-19 18:02:11]      • [Quiz] Soal (Tugas Individu) → Deadline: Tidak diketahui
[2026-07-19 18:02:15] 📚 Mengambil mata kuliah ID 109563 ...
[2026-07-19 18:02:15]   ➤ ATA 2025/2026 | 3KB01 | Sistem Tertanam (Embedded) * | RIDHA ISKANDAR
[2026-07-19 18:02:15]      • [Materi] Selamat Datang di V-Class Sistem Tertanam (Embedded) Forum → Deadline: -
[2026-07-19 18:02:20]      • [Assignment] File 1 → Deadline: Sunday, 26 April 2026, 12:00 AM
[2026-07-19 18:02:25] 📚 Mengambil mata kuliah ID 109970 ...
[2026-07-19 18:02:25]   ➤ ATA 2025/2026 | 2EB10 | Bahasa Indonesia | MELANIAWATI
[2026-07-19 18:02:25] 📚 Mengambil mata kuliah ID 107919 ...
[2026-07-19 18:02:25]   ➤ ATA 2025/2026 | 3KB01 | Sistem Cerdas Lanjut | NUR SULTAN SALAHUDDIN
[2026-07-19 18:02:25]      • [Materi] Announcements Forum → Deadline: -
[2026-07-19 18:02:30]      • [Assignment] Sistem Kesehatan Cerdas → Deadline: Thursday, 21 May 2026, 12:00 AM
[2026-07-19 18:02:34]      • [Quiz] Sistem Kesehatan Cerdas → Deadline: Tidak diketahui
[2026-07-19 18:02:38]      • [Assignment] Sistem Industri Cerdas → Deadline: Monday, 20 July 2026, 12:00 AM
[2026-07-19 18:02:43]      • [Quiz] Sistem Industri Cerdas → Deadline: Monday, 20 July 2026, 10:54 AM
[2026-07-19 18:02:46] 📚 Mengambil mata kuliah ID 107291 ...
[2026-07-19 18:02:46]   ➤ ATA 2025/2026 | 3KB01 | Pengantarmukaan Perif.Komputer * | FARID THALIB
[2026-07-19 18:02:46]      • [Materi] Announcements Forum → Deadline: -
[2026-07-19 18:02:50] 📚 Mengambil mata kuliah ID 104438 ...
[2026-07-19 18:02:50]   ➤ ATA 2025/2026 | 3-FIKTI | Terapan Teori Graf | TEAM TEACHING
[2026-07-19 18:02:50]      • [Materi] PEMBERITAHUAN UTS SUSULAN File → Deadline: -
[2026-07-19 18:02:55]      • [Materi] PEMBERITAHUAN PELAKSANAAN TEAM TEACHING TERAPAN TEORI GRAF Forum → Deadline: -
[2026-07-19 18:02:59]      • [Materi] M1: Pendahuluan Teori Graf File → Deadline: -
[2026-07-19 18:03:04]      • [Materi] Video Literasi M1: Pendahuluan Teori Graf URL → Deadline: -
[2026-07-19 18:03:08]      • [Quiz] Kuis M1 [kelas PAGI] → Deadline: Tidak diketahui
[2026-07-19 18:03:12]      • [Quiz] Kuis M1 [kelas MALAM] → Deadline: Tidak diketahui
[2026-07-19 18:03:17]      • [Materi] M2: Graf Tidak Berarah dan Graf Berbobot File → Deadline: -
[2026-07-19 18:03:21]      • [Materi] Video Literasi M2 : Graf Tidak Berarah dan Graf Berbobot URL → Deadline: -
[2026-07-19 18:03:26]      • [Quiz] Kuis M2 [KELAS PAGI] : Graf Tidak Berarah dan Graf Berbobot → Deadline: Tidak diketahui
[2026-07-19 18:03:31]      • [Quiz] Kuis M2 [KELAS MALAM] : Graf Tidak Berarah dan Graf Berbobot → Deadline: Tidak diketahui
[2026-07-19 18:03:36]      • [Materi] M4 : Aplikasi Teori Graf di Teknik Elektro File → Deadline: -
[2026-07-19 18:03:39]      • [Materi] Video Literasi M4 : Aplikasi Teori Graf di Teknik Elektro URL → Deadline: -
[2026-07-19 18:03:43]      • [Quiz] Kuis M4 [KELAS PAGI]: Aplikasi Teori Graf di Teknik Elektro → Deadline: Tidak diketahui
[2026-07-19 18:03:48]      • [Quiz] Kuis M4 [KELAS MALAM]: Aplikasi Teori Graf di Teknik Elektro → Deadline: Tidak diketahui
[2026-07-19 18:03:53]      • [Materi] M5 : Knowledge Graph dan Database Graph File → Deadline: -
[2026-07-19 18:03:57]      • [Materi] Video Literasi  M5 : Knowledge Graph dan Database Graph URL → Deadline: -
[2026-07-19 18:04:02]      • [Quiz] Kuis M5 [KELAS PAGI] : nowledge Graph dan Database Graph → Deadline: Tidak diketahui
[2026-07-19 18:04:06]      • [Quiz] Kuis M5 [KELAS MALAM] : Knowledge Graph dan Database Graph → Deadline: Tidak diketahui
[2026-07-19 18:04:11]      • [Materi] M6 : Graf Berarah dan Implementasinya File → Deadline: -
[2026-07-19 18:04:15]      • [Materi] Video Literasi M6 : Graf Berarah dan Implementasinya URL → Deadline: -
[2026-07-19 18:04:19]      • [Quiz] Kuis M6 [KELAS PAGI] : Graf Berarah dan Implementasinya → Deadline: Tidak diketahui
[2026-07-19 18:04:23]      • [Quiz] Kuis M6 [KELAS MALAM] : Graf Berarah dan Implementasinya → Deadline: Tidak diketahui
[2026-07-19 18:04:27]      • [Materi] M8 : Penerapan Teori Graf di Bidang Teknik Sipil File → Deadline: -
[2026-07-19 18:04:32]      • [Materi] Video Literasi M8 : Penerapan Teori Graf di Bidang Teknik Sipil URL → Deadline: -
[2026-07-19 18:04:36]      • [Quiz] Kuis M8 [KELAS PAGI] : Penerapan Teori Graf di Bidang Teknik Sipil → Deadline: Tidak diketahui
[2026-07-19 18:04:40]      • [Quiz] Kuis M8 [KELAS MALAM] : Penerapan Teori Graf di Bidang Teknik Sipil → Deadline: Tidak diketahui
[2026-07-19 18:04:44]      • [Materi] M10 : Penerapan Teori Graf  di Bidang Teknik Industri File → Deadline: -
[2026-07-19 18:04:48]      • [Materi] Video Literasi M10 : Penerapan Teori Graf  di Bidang Teknik Industri URL → Deadline: -
[2026-07-19 18:04:52]      • [Quiz] Kuis M10 [kelas pagi] : Penerapan Teori Graf  di Bidang Teknik Industri → Deadline: Tidak diketahui
[2026-07-19 18:04:57]      • [Quiz] Kuis M10 [kelas malam]: Penerapan Teori Graf  di Bidang Teknik Industri → Deadline: Tidak diketahui
[2026-07-19 18:05:01]      • [Materi] M11 : Program Dinamis dan Permasalahan Tata Letak Fasilitas File → Deadline: -
[2026-07-19 18:05:06]      • [Materi] video literasi : Program Dinamis dan Permasalahan Tata Letak Fasilitas URL → Deadline: -
[2026-07-19 18:05:09]      • [Quiz] Kuis M11 [kelas PAGI]: Program Dinamis dan Permasalahan Tata Letak Fasilitas → Deadline: Tidak diketahui
[2026-07-19 18:05:14]      • [Quiz] Kuis M11 [kelas MALAM]: Program Dinamis dan Permasalahan Tata Letak Fasilitas → Deadline: Tidak diketahui
[2026-07-19 18:05:18]      • [Materi] M12: Algoritma Greedy pada Graf File → Deadline: -
[2026-07-19 18:05:22]      • [Materi] Video literasi M12: Algoritma Greedy pada Graf URL → Deadline: -
[2026-07-19 18:05:27]      • [Quiz] Kuis M12 [kelas PAGI] → Deadline: Tidak diketahui
[2026-07-19 18:05:32]      • [Quiz] Kuis M12 [kelas MALAM] → Deadline: Tidak diketahui
[2026-07-19 18:05:37]      • [Materi] M13 File → Deadline: -
[2026-07-19 18:05:41]      • [Materi] Video Literasi M13 : Graph Theory Implementation in Oil Mining Company URL → Deadline: -
[2026-07-19 18:05:45]      • [Quiz] Kuis M13 [PAGI]: Graph Theory Implementation in Oil Mining Company → Deadline: Tidak diketahui
[2026-07-19 18:05:50]      • [Quiz] Kuis M13 [MALAM]: Graph Theory Implementation in Oil Mining Company → Deadline: Tidak diketahui
[2026-07-19 18:05:55]      • [Materi] M14 : Aplikasi Graf Lengkap sebagai Graf Representasi untuk Model Optimasi Rute Kendaraan File → Deadline: -
[2026-07-19 18:05:58]      • [Materi] Video Literasi : Aplikasi Graf Lengkap sebagai Graf Representasi untuk Model Optimasi Rute Kendaraan URL → Deadline: -
[2026-07-19 18:06:03]      • [Quiz] Kuis M14 [PAGI]: Aplikasi Graf Lengkap sebagai Graf Representasi untuk Model Optimasi Rute Kendaraan → Deadline: Tidak diketahui
[2026-07-19 18:06:07]      • [Quiz] Kuis M14 [MALAM]: Aplikasi Graf Lengkap sebagai Graf Representasi untuk Model Optimasi Rute Kendaraan → Deadline: Tidak diketahui
[2026-07-19 18:06:12] 📚 Mengambil mata kuliah ID 104413 ...
[2026-07-19 18:06:12]   ➤ ATA 2025/2026 | 3-FIKTI | Praktikum Terapan Teori Graf
[2026-07-19 18:06:12]      • [Materi] Panduan Praktikum  Forum → Deadline: -
[2026-07-19 18:06:17]      • [Materi] Panduan Google Collaboratory URL → Deadline: -
[2026-07-19 18:06:20]      • [Materi] Panduan Instalasi Anaconda URL → Deadline: -
[2026-07-19 18:06:25]      • [Quiz] Pre-Test (M1) → Deadline: Tidak diketahui
[2026-07-19 18:06:28]      • [Materi] 1.1  Pengantar: Teori Graf URL → Deadline: -
[2026-07-19 18:06:32]      • [Materi] 1.2  Sesi Hands-on Praktikum URL → Deadline: -
[2026-07-19 18:06:36]      • [Materi] 1.3 Tutorial Menambahkan File pada Mesin DGX URL → Deadline: -
[2026-07-19 18:06:40]      • [Quiz] Post-Test (M1) → Deadline: Tidak diketahui
[2026-07-19 18:06:45]      • [Assignment] Pengumpulan Tugas (M1) → Deadline: Saturday, 7 March 2026, 11:59 PM
[2026-07-19 18:06:48]      • [Quiz] Pre-Test (M2) → Deadline: Tidak diketahui
[2026-07-19 18:06:52]      • [Materi] 2.1  Pengantar: Berbagai Pemecahan Masalah Menggunakan Teori Graf Page → Deadline: -
[2026-07-19 18:06:57]      • [Quiz] Post-Test (M2) → Deadline: Tidak diketahui
[2026-07-19 18:07:01]      • [Assignment] Pengumpulan Tugas (M2) → Deadline: Saturday, 14 March 2026, 11:59 PM
[2026-07-19 18:07:05]      • [Quiz] Pre-Test (M4) → Deadline: Tidak diketahui
[2026-07-19 18:07:10]      • [Materi] 4.1  Pengantar: Breadth First Search URL → Deadline: -
[2026-07-19 18:07:14]      • [Materi] Sesi Praktikum File → Deadline: -
[2026-07-19 18:07:18]      • [Materi] Video Tutorial: Mendownload File IPYNB di Virtual Class URL → Deadline: -
[2026-07-19 18:07:23]      • [Quiz] Post-Test (M4) → Deadline: Tidak diketahui
[2026-07-19 18:07:26]      • [Assignment] Laporan Akhir (M4) → Deadline: Saturday, 11 April 2026, 11:59 PM
[2026-07-19 18:07:30]      • [Quiz] Pre-Test (M5) → Deadline: Tidak diketahui
[2026-07-19 18:07:35]      • [Materi] Sesi Praktikum URL → Deadline: -
[2026-07-19 18:07:40]      • [Quiz] Post-Test (M5) → Deadline: Tidak diketahui
[2026-07-19 18:07:44]      • [Assignment] Laporan Akhir (M5) → Deadline: Saturday, 18 April 2026, 11:59 PM
[2026-07-19 18:07:48]      • [Quiz] Pre-Test (M6) → Deadline: Tidak diketahui
[2026-07-19 18:07:52]      • [Materi] 6.1  Pendahuluan: Algoritma Dasar Tree URL → Deadline: -
[2026-07-19 18:07:56]      • [Materi] Sesi Praktikum File → Deadline: -
[2026-07-19 18:08:00]      • [Quiz] Post-Test (M6) → Deadline: Tidak diketahui
[2026-07-19 18:08:05]      • [Assignment] Laporan Akhir (M6) → Deadline: Saturday, 25 April 2026, 11:59 PM
[2026-07-19 18:08:09]      • [Quiz] Pre-Test (M8) → Deadline: Tidak diketahui
[2026-07-19 18:08:13]      • [Materi] 8.1  Pendahuluan: Implementasi Graph URL → Deadline: -
[2026-07-19 18:08:17]      • [Materi] Link File Praktikum I - family.pl → Deadline: -
[2026-07-19 18:08:21]      • [Materi] Link File Praktikum II - 8-puzzles.ipynb → Deadline: -
[2026-07-19 18:08:25]      • [Materi] Video Tutorial: Mendownload File IPYNB di Virtual Class URL → Deadline: -
[2026-07-19 18:08:30]      • [Quiz] Post-Test (M8) → Deadline: Tidak diketahui
[2026-07-19 18:08:36]      • [Assignment] Laporan Akhir (M8) → Deadline: Saturday, 9 May 2026, 11:59 PM
[2026-07-19 18:08:40]      • [Quiz] Pre-Test (M9) → Deadline: Tidak diketahui
[2026-07-19 18:08:44]      • [Materi] Sesi Hands-on Praktikum URL → Deadline: -
[2026-07-19 18:08:49]      • [Quiz] Post-Test (M9) → Deadline: Tidak diketahui
[2026-07-19 18:08:54]      • [Assignment] Pengumpulan Tugas (M9) → Deadline: Saturday, 16 May 2026, 11:59 PM
[2026-07-19 18:08:58]      • [Quiz] Pre-Test (M3) → Deadline: Tidak diketahui
[2026-07-19 18:09:03]      • [Materi] Sesi Praktikum URL → Deadline: -
[2026-07-19 18:09:07]      • [Materi] Video Tutorial: Menambahkan File pada Mesin DGX URL → Deadline: -
[2026-07-19 18:09:12]      • [Quiz] Post-Test (M3) → Deadline: Tidak diketahui
[2026-07-19 18:09:17]      • [Assignment] Pengumpulan Tugas (M3) → Deadline: Saturday, 23 May 2026, 11:59 PM
[2026-07-19 18:09:21]      • [Quiz] Pre-Test (M7) → Deadline: Tidak diketahui
[2026-07-19 18:09:26]      • [Materi] Link File Praktikum I - 3-Tekrek-Find-Center.ipynb → Deadline: -
[2026-07-19 18:09:30]      • [Materi] Link File Praktikum II - 3-Tekrek-Sortest-Path.ipynb → Deadline: -
[2026-07-19 18:09:34]      • [Materi] Video Tutorial: Mendownload File IPYNB di Virtual Class URL → Deadline: -
[2026-07-19 18:09:39]      • [Quiz] Post-Test (M7) → Deadline: Tidak diketahui
[2026-07-19 18:09:44]      • [Assignment] Laporan Akhir (M7) → Deadline: Saturday, 23 May 2026, 11:59 PM
[2026-07-19 18:09:48] 📦 Total tugas ditemukan: 126
[2026-07-19 18:09:48] 💾 Disimpan ke python/node/tugas.json
