[2026-06-29 09:45:55] 🔐 Login ke V-Class...
[2026-06-29 09:45:55] ✅ Login berhasil
[2026-06-29 09:45:55] 📚 Mengambil mata kuliah ID 108486 ...
[2026-06-29 09:45:55]   ➤ ATA 2025/2026 | 3KB01 | Jaringan Komputer Lanjut | VIVIEN NOVA FITHRIANA
[2026-06-29 09:45:55]      • [Materi] Announcements Forum → Deadline: -
[2026-06-29 09:45:59]      • [Materi] M1 File → Deadline: -
[2026-06-29 09:46:03]      • [Materi] M2 File → Deadline: -
[2026-06-29 09:46:07]      • [Materi] M3 File → Deadline: -
[2026-06-29 09:46:11]      • [Materi] M4 File → Deadline: -
[2026-06-29 09:46:15]      • [Materi] M5 File → Deadline: -
[2026-06-29 09:46:20]      • [Materi] M6 File → Deadline: -
[2026-06-29 09:46:25]      • [Materi] M7 File → Deadline: -
[2026-06-29 09:46:28]      • [Materi] VC-1 : Traffic dan Algoritma Kendali Kemacetan File → Deadline: -
[2026-06-29 09:46:32]      • [Materi] VC-1 : Traffic dan Algoritma Kendali Kemacetan File → Deadline: -
[2026-06-29 09:46:36]      • [Materi] Forum VC-1 : Traffic dan Algoritma Kendali Kemacetan → Deadline: -
[2026-06-29 09:46:41]      • [Quiz] Latihan Soal VC-1 : Traffic dan Algoritma Kendali Kemacetan → Deadline: Tidak diketahui
[2026-06-29 09:46:45]      • [Materi] VC-2 : Traffic dan Algoritma Kendali Kemacetan - Bagian 2 File → Deadline: -
[2026-06-29 09:46:49]      • [Materi] Forum VC-2 : Traffic dan Algoritma Kendali Kemacetan - Bagian 2 → Deadline: -
[2026-06-29 09:46:54]      • [Quiz] Latihan Soal VC-2 : Traffic dan Algoritma Kendali Kemacetan - Bagian 2 → Deadline: Tidak diketahui
[2026-06-29 09:46:59]      • [Materi] VC-3 : Lapisan Transport File → Deadline: -
[2026-06-29 09:47:04]      • [Materi] Forum VC-3 : Lapisan Transport → Deadline: -
[2026-06-29 09:47:08]      • [Quiz] Latihan Soal VC-3 : Lapisan Transport → Deadline: Wednesday, 15 July 2026, 11:59 PM
[2026-06-29 09:47:12] 📚 Mengambil mata kuliah ID 108172 ...
[2026-06-29 09:47:12]   ➤ ATA 2025/2026 | 3KB01 | Internet of Things (IoT) | PURNAWARMAN MUSA
[2026-06-29 09:47:12]      • [Materi] Announcements Forum → Deadline: -
[2026-06-29 09:47:17]      • [Materi] M6 File → Deadline: -
[2026-06-29 09:47:22]      • [Quiz] Soal (Tugas Individu) → Deadline: Tidak diketahui
[2026-06-29 09:47:26]      • [Quiz] Soal (Tugas Individu) → Deadline: Tidak diketahui
[2026-06-29 09:47:31] 📚 Mengambil mata kuliah ID 109563 ...
[2026-06-29 09:47:31]   ➤ ATA 2025/2026 | 3KB01 | Sistem Tertanam (Embedded) * | RIDHA ISKANDAR
[2026-06-29 09:47:31]      • [Materi] Selamat Datang di V-Class Sistem Tertanam (Embedded) Forum → Deadline: -
[2026-06-29 09:47:36]      • [Assignment] File 1 → Deadline: Sunday, 26 April 2026, 12:00 AM
[2026-06-29 09:47:40] 📚 Mengambil mata kuliah ID 109970 ...
[2026-06-29 09:47:40]   ➤ ATA 2025/2026 | 2EB10 | Bahasa Indonesia | MELANIAWATI
[2026-06-29 09:47:40] 📚 Mengambil mata kuliah ID 107919 ...
[2026-06-29 09:47:40]   ➤ ATA 2025/2026 | 3KB01 | Sistem Cerdas Lanjut | NUR SULTAN SALAHUDDIN
[2026-06-29 09:47:40]      • [Materi] Announcements Forum → Deadline: -
[2026-06-29 09:47:44]      • [Assignment] Sistem Kesehatan Cerdas → Deadline: Thursday, 21 May 2026, 12:00 AM
[2026-06-29 09:47:49]      • [Quiz] Sistem Kesehatan Cerdas → Deadline: Tidak diketahui
[2026-06-29 09:47:53] 📚 Mengambil mata kuliah ID 107291 ...
[2026-06-29 09:47:53]   ➤ ATA 2025/2026 | 3KB01 | Pengantarmukaan Perif.Komputer * | FARID THALIB
[2026-06-29 09:47:53]      • [Materi] Announcements Forum → Deadline: -
[2026-06-29 09:47:58] 📚 Mengambil mata kuliah ID 104438 ...
[2026-06-29 09:47:59]   ➤ ATA 2025/2026 | 3-FIKTI | Terapan Teori Graf | TEAM TEACHING
[2026-06-29 09:47:59]      • [Materi] PEMBERITAHUAN UTS SUSULAN File → Deadline: -
[2026-06-29 09:48:03]      • [Materi] PEMBERITAHUAN PELAKSANAAN TEAM TEACHING TERAPAN TEORI GRAF Forum → Deadline: -
[2026-06-29 09:48:07]      • [Materi] M1: Pendahuluan Teori Graf File → Deadline: -
[2026-06-29 09:48:11]      • [Materi] Video Literasi M1: Pendahuluan Teori Graf URL → Deadline: -
[2026-06-29 09:48:16]      • [Quiz] Kuis M1 [kelas PAGI] → Deadline: Tidak diketahui
[2026-06-29 09:48:21]      • [Quiz] Kuis M1 [kelas MALAM] → Deadline: Tidak diketahui
[2026-06-29 09:48:25]      • [Materi] M2: Graf Tidak Berarah dan Graf Berbobot File → Deadline: -
[2026-06-29 09:48:29]      • [Materi] Video Literasi M2 : Graf Tidak Berarah dan Graf Berbobot URL → Deadline: -
[2026-06-29 09:48:34]      • [Quiz] Kuis M2 [KELAS PAGI] : Graf Tidak Berarah dan Graf Berbobot → Deadline: Tidak diketahui
[2026-06-29 09:48:39]      • [Quiz] Kuis M2 [KELAS MALAM] : Graf Tidak Berarah dan Graf Berbobot → Deadline: Tidak diketahui
[2026-06-29 09:48:43]      • [Materi] M4 : Aplikasi Teori Graf di Teknik Elektro File → Deadline: -
[2026-06-29 09:48:47]      • [Materi] Video Literasi M4 : Aplikasi Teori Graf di Teknik Elektro URL → Deadline: -
[2026-06-29 09:48:52]      • [Quiz] Kuis M4 [KELAS PAGI]: Aplikasi Teori Graf di Teknik Elektro → Deadline: Tidak diketahui
[2026-06-29 09:48:57]      • [Quiz] Kuis M4 [KELAS MALAM]: Aplikasi Teori Graf di Teknik Elektro → Deadline: Tidak diketahui
[2026-06-29 09:49:01]      • [Materi] M5 : Knowledge Graph dan Database Graph File → Deadline: -
[2026-06-29 09:49:06]      • [Materi] Video Literasi  M5 : Knowledge Graph dan Database Graph URL → Deadline: -
[2026-06-29 09:49:10]      • [Quiz] Kuis M5 [KELAS PAGI] : nowledge Graph dan Database Graph → Deadline: Tidak diketahui
[2026-06-29 09:49:14]      • [Quiz] Kuis M5 [KELAS MALAM] : Knowledge Graph dan Database Graph → Deadline: Tidak diketahui
[2026-06-29 09:49:19]      • [Materi] M6 : Graf Berarah dan Implementasinya File → Deadline: -
[2026-06-29 09:49:23]      • [Materi] Video Literasi M6 : Graf Berarah dan Implementasinya URL → Deadline: -
[2026-06-29 09:49:27]      • [Quiz] Kuis M6 [KELAS PAGI] : Graf Berarah dan Implementasinya → Deadline: Tidak diketahui
[2026-06-29 09:49:32]      • [Quiz] Kuis M6 [KELAS MALAM] : Graf Berarah dan Implementasinya → Deadline: Tidak diketahui
[2026-06-29 09:49:36]      • [Materi] M8 : Penerapan Teori Graf di Bidang Teknik Sipil File → Deadline: -
[2026-06-29 09:49:41]      • [Materi] Video Literasi M8 : Penerapan Teori Graf di Bidang Teknik Sipil URL → Deadline: -
[2026-06-29 09:49:45]      • [Quiz] Kuis M8 [KELAS PAGI] : Penerapan Teori Graf di Bidang Teknik Sipil → Deadline: Tidak diketahui
[2026-06-29 09:49:49]      • [Quiz] Kuis M8 [KELAS MALAM] : Penerapan Teori Graf di Bidang Teknik Sipil → Deadline: Tidak diketahui
[2026-06-29 09:49:53]      • [Materi] M10 : Penerapan Teori Graf  di Bidang Teknik Industri File → Deadline: -
[2026-06-29 09:49:57]      • [Materi] Video Literasi M10 : Penerapan Teori Graf  di Bidang Teknik Industri URL → Deadline: -
[2026-06-29 09:50:03]      • [Quiz] Kuis M10 [kelas pagi] : Penerapan Teori Graf  di Bidang Teknik Industri → Deadline: Tidak diketahui
[2026-06-29 09:50:06]      • [Quiz] Kuis M10 [kelas malam]: Penerapan Teori Graf  di Bidang Teknik Industri → Deadline: Tidak diketahui
[2026-06-29 09:50:11]      • [Materi] M11 : Program Dinamis dan Permasalahan Tata Letak Fasilitas File → Deadline: -
[2026-06-29 09:50:15]      • [Materi] video literasi : Program Dinamis dan Permasalahan Tata Letak Fasilitas URL → Deadline: -
[2026-06-29 09:50:20]      • [Quiz] Kuis M11 [kelas PAGI]: Program Dinamis dan Permasalahan Tata Letak Fasilitas → Deadline: Tidak diketahui
[2026-06-29 09:50:25]      • [Quiz] Kuis M11 [kelas MALAM]: Program Dinamis dan Permasalahan Tata Letak Fasilitas → Deadline: Tidak diketahui
[2026-06-29 09:50:29] 📚 Mengambil mata kuliah ID 104413 ...
[2026-06-29 09:50:29]   ➤ ATA 2025/2026 | 3-FIKTI | Praktikum Terapan Teori Graf
[2026-06-29 09:50:29]      • [Materi] Panduan Praktikum  Forum → Deadline: -
[2026-06-29 09:50:33]      • [Materi] Panduan Google Collaboratory URL → Deadline: -
[2026-06-29 09:50:37]      • [Materi] Panduan Instalasi Anaconda URL → Deadline: -
[2026-06-29 09:50:41]      • [Quiz] Pre-Test (M1) → Deadline: Tidak diketahui
[2026-06-29 09:50:46]      • [Materi] 1.1  Pengantar: Teori Graf URL → Deadline: -
[2026-06-29 09:50:50]      • [Materi] 1.2  Sesi Hands-on Praktikum URL → Deadline: -
[2026-06-29 09:50:54]      • [Materi] 1.3 Tutorial Menambahkan File pada Mesin DGX URL → Deadline: -
[2026-06-29 09:50:58]      • [Quiz] Post-Test (M1) → Deadline: Tidak diketahui
[2026-06-29 09:51:03]      • [Assignment] Pengumpulan Tugas (M1) → Deadline: Saturday, 7 March 2026, 11:59 PM
[2026-06-29 09:51:07]      • [Quiz] Pre-Test (M2) → Deadline: Tidak diketahui
[2026-06-29 09:51:12]      • [Materi] 2.1  Pengantar: Berbagai Pemecahan Masalah Menggunakan Teori Graf Page → Deadline: -
[2026-06-29 09:51:17]      • [Quiz] Post-Test (M2) → Deadline: Tidak diketahui
[2026-06-29 09:51:20]      • [Assignment] Pengumpulan Tugas (M2) → Deadline: Saturday, 14 March 2026, 11:59 PM
[2026-06-29 09:51:25]      • [Quiz] Pre-Test (M4) → Deadline: Tidak diketahui
[2026-06-29 09:51:30]      • [Materi] 4.1  Pengantar: Breadth First Search URL → Deadline: -
[2026-06-29 09:51:35]      • [Materi] Sesi Praktikum File → Deadline: -
[2026-06-29 09:51:40]      • [Materi] Video Tutorial: Mendownload File IPYNB di Virtual Class URL → Deadline: -
[2026-06-29 09:51:44]      • [Quiz] Post-Test (M4) → Deadline: Tidak diketahui
[2026-06-29 09:51:49]      • [Assignment] Laporan Akhir (M4) → Deadline: Saturday, 11 April 2026, 11:59 PM
[2026-06-29 09:51:53]      • [Quiz] Pre-Test (M5) → Deadline: Tidak diketahui
[2026-06-29 09:51:57]      • [Materi] Sesi Praktikum URL → Deadline: -
[2026-06-29 09:52:03]      • [Quiz] Post-Test (M5) → Deadline: Tidak diketahui
[2026-06-29 09:52:07]      • [Assignment] Laporan Akhir (M5) → Deadline: Saturday, 18 April 2026, 11:59 PM
[2026-06-29 09:52:11]      • [Quiz] Pre-Test (M6) → Deadline: Tidak diketahui
[2026-06-29 09:52:15]      • [Materi] 6.1  Pendahuluan: Algoritma Dasar Tree URL → Deadline: -
[2026-06-29 09:52:20]      • [Materi] Sesi Praktikum File → Deadline: -
[2026-06-29 09:52:24]      • [Quiz] Post-Test (M6) → Deadline: Tidak diketahui
[2026-06-29 09:52:29]      • [Assignment] Laporan Akhir (M6) → Deadline: Saturday, 25 April 2026, 11:59 PM
[2026-06-29 09:52:34]      • [Quiz] Pre-Test (M8) → Deadline: Tidak diketahui
[2026-06-29 09:52:38]      • [Materi] 8.1  Pendahuluan: Implementasi Graph URL → Deadline: -
[2026-06-29 09:52:42]      • [Materi] Link File Praktikum I - family.pl → Deadline: -
[2026-06-29 09:52:47]      • [Materi] Link File Praktikum II - 8-puzzles.ipynb → Deadline: -
[2026-06-29 09:52:51]      • [Materi] Video Tutorial: Mendownload File IPYNB di Virtual Class URL → Deadline: -
[2026-06-29 09:52:56]      • [Quiz] Post-Test (M8) → Deadline: Tidak diketahui
[2026-06-29 09:53:00]      • [Assignment] Laporan Akhir (M8) → Deadline: Saturday, 9 May 2026, 11:59 PM
[2026-06-29 09:53:05]      • [Quiz] Pre-Test (M9) → Deadline: Tidak diketahui
[2026-06-29 09:53:10]      • [Materi] Sesi Hands-on Praktikum URL → Deadline: -
[2026-06-29 09:53:15]      • [Quiz] Post-Test (M9) → Deadline: Tidak diketahui
[2026-06-29 09:53:19]      • [Assignment] Pengumpulan Tugas (M9) → Deadline: Saturday, 16 May 2026, 11:59 PM
[2026-06-29 09:53:24]      • [Quiz] Pre-Test (M3) → Deadline: Tidak diketahui
[2026-06-29 09:53:28]      • [Materi] Sesi Praktikum URL → Deadline: -
[2026-06-29 09:53:32]      • [Materi] Video Tutorial: Menambahkan File pada Mesin DGX URL → Deadline: -
[2026-06-29 09:53:37]      • [Quiz] Post-Test (M3) → Deadline: Tidak diketahui
[2026-06-29 09:53:41]      • [Assignment] Pengumpulan Tugas (M3) → Deadline: Saturday, 23 May 2026, 11:59 PM
[2026-06-29 09:53:46]      • [Quiz] Pre-Test (M7) → Deadline: Tidak diketahui
[2026-06-29 09:53:51]      • [Materi] Link File Praktikum I - 3-Tekrek-Find-Center.ipynb → Deadline: -
[2026-06-29 09:53:54]      • [Materi] Link File Praktikum II - 3-Tekrek-Sortest-Path.ipynb → Deadline: -
[2026-06-29 09:53:58]      • [Materi] Video Tutorial: Mendownload File IPYNB di Virtual Class URL → Deadline: -
[2026-06-29 09:54:02]      • [Quiz] Post-Test (M7) → Deadline: Tidak diketahui
[2026-06-29 09:54:07]      • [Assignment] Laporan Akhir (M7) → Deadline: Saturday, 23 May 2026, 11:59 PM
[2026-06-29 09:54:12] 📦 Total tugas ditemukan: 112
[2026-06-29 09:54:12] 💾 Disimpan ke python/node/tugas.json
[2026-06-29 18:00:12] 🔐 Login ke V-Class...
[2026-06-29 18:00:13] ✅ Login berhasil
[2026-06-29 18:00:13] 📚 Mengambil mata kuliah ID 108486 ...
[2026-06-29 18:00:13]   ➤ ATA 2025/2026 | 3KB01 | Jaringan Komputer Lanjut | VIVIEN NOVA FITHRIANA
[2026-06-29 18:00:13]      • [Materi] Announcements Forum → Deadline: -
[2026-06-29 18:00:17]      • [Materi] M1 File → Deadline: -
[2026-06-29 18:00:21]      • [Materi] M2 File → Deadline: -
[2026-06-29 18:00:25]      • [Materi] M3 File → Deadline: -
[2026-06-29 18:00:29]      • [Materi] M4 File → Deadline: -
[2026-06-29 18:00:34]      • [Materi] M5 File → Deadline: -
[2026-06-29 18:00:39]      • [Materi] M6 File → Deadline: -
[2026-06-29 18:00:43]      • [Materi] M7 File → Deadline: -
[2026-06-29 18:00:46]      • [Materi] VC-1 : Traffic dan Algoritma Kendali Kemacetan File → Deadline: -
[2026-06-29 18:00:50]      • [Materi] VC-1 : Traffic dan Algoritma Kendali Kemacetan File → Deadline: -
[2026-06-29 18:00:55]      • [Materi] Forum VC-1 : Traffic dan Algoritma Kendali Kemacetan → Deadline: -
[2026-06-29 18:00:59]      • [Quiz] Latihan Soal VC-1 : Traffic dan Algoritma Kendali Kemacetan → Deadline: Tidak diketahui
[2026-06-29 18:01:03]      • [Materi] VC-2 : Traffic dan Algoritma Kendali Kemacetan - Bagian 2 File → Deadline: -
[2026-06-29 18:01:07]      • [Materi] Forum VC-2 : Traffic dan Algoritma Kendali Kemacetan - Bagian 2 → Deadline: -
[2026-06-29 18:01:12]      • [Quiz] Latihan Soal VC-2 : Traffic dan Algoritma Kendali Kemacetan - Bagian 2 → Deadline: Tidak diketahui
[2026-06-29 18:01:17]      • [Materi] VC-3 : Lapisan Transport File → Deadline: -
[2026-06-29 18:01:20]      • [Materi] Forum VC-3 : Lapisan Transport → Deadline: -
[2026-06-29 18:01:25]      • [Quiz] Latihan Soal VC-3 : Lapisan Transport → Deadline: Wednesday, 15 July 2026, 11:59 PM
[2026-06-29 18:01:30] 📚 Mengambil mata kuliah ID 108172 ...
[2026-06-29 18:01:30]   ➤ ATA 2025/2026 | 3KB01 | Internet of Things (IoT) | PURNAWARMAN MUSA
[2026-06-29 18:01:30]      • [Materi] Announcements Forum → Deadline: -
[2026-06-29 18:01:34]      • [Materi] M6 File → Deadline: -
[2026-06-29 18:01:37]      • [Quiz] Soal (Tugas Individu) → Deadline: Tidak diketahui
[2026-06-29 18:01:41]      • [Quiz] Soal (Tugas Individu) → Deadline: Tidak diketahui
[2026-06-29 18:01:46] 📚 Mengambil mata kuliah ID 109563 ...
[2026-06-29 18:01:46]   ➤ ATA 2025/2026 | 3KB01 | Sistem Tertanam (Embedded) * | RIDHA ISKANDAR
[2026-06-29 18:01:46]      • [Materi] Selamat Datang di V-Class Sistem Tertanam (Embedded) Forum → Deadline: -
[2026-06-29 18:01:50]      • [Assignment] File 1 → Deadline: Sunday, 26 April 2026, 12:00 AM
[2026-06-29 18:01:55] 📚 Mengambil mata kuliah ID 109970 ...
[2026-06-29 18:01:55]   ➤ ATA 2025/2026 | 2EB10 | Bahasa Indonesia | MELANIAWATI
[2026-06-29 18:01:55] 📚 Mengambil mata kuliah ID 107919 ...
[2026-06-29 18:01:55]   ➤ ATA 2025/2026 | 3KB01 | Sistem Cerdas Lanjut | NUR SULTAN SALAHUDDIN
[2026-06-29 18:01:55]      • [Materi] Announcements Forum → Deadline: -
[2026-06-29 18:01:59]      • [Assignment] Sistem Kesehatan Cerdas → Deadline: Thursday, 21 May 2026, 12:00 AM
[2026-06-29 18:02:04]      • [Quiz] Sistem Kesehatan Cerdas → Deadline: Tidak diketahui
[2026-06-29 18:02:09] 📚 Mengambil mata kuliah ID 107291 ...
[2026-06-29 18:02:09]   ➤ ATA 2025/2026 | 3KB01 | Pengantarmukaan Perif.Komputer * | FARID THALIB
[2026-06-29 18:02:09]      • [Materi] Announcements Forum → Deadline: -
[2026-06-29 18:02:14] 📚 Mengambil mata kuliah ID 104438 ...
[2026-06-29 18:02:14]   ➤ ATA 2025/2026 | 3-FIKTI | Terapan Teori Graf | TEAM TEACHING
[2026-06-29 18:02:14]      • [Materi] PEMBERITAHUAN UTS SUSULAN File → Deadline: -
[2026-06-29 18:02:19]      • [Materi] PEMBERITAHUAN PELAKSANAAN TEAM TEACHING TERAPAN TEORI GRAF Forum → Deadline: -
[2026-06-29 18:02:24]      • [Materi] M1: Pendahuluan Teori Graf File → Deadline: -
[2026-06-29 18:02:27]      • [Materi] Video Literasi M1: Pendahuluan Teori Graf URL → Deadline: -
[2026-06-29 18:02:32]      • [Quiz] Kuis M1 [kelas PAGI] → Deadline: Tidak diketahui
[2026-06-29 18:02:37]      • [Quiz] Kuis M1 [kelas MALAM] → Deadline: Tidak diketahui
[2026-06-29 18:02:41]      • [Materi] M2: Graf Tidak Berarah dan Graf Berbobot File → Deadline: -
[2026-06-29 18:02:46]      • [Materi] Video Literasi M2 : Graf Tidak Berarah dan Graf Berbobot URL → Deadline: -
[2026-06-29 18:02:51]      • [Quiz] Kuis M2 [KELAS PAGI] : Graf Tidak Berarah dan Graf Berbobot → Deadline: Tidak diketahui
[2026-06-29 18:02:55]      • [Quiz] Kuis M2 [KELAS MALAM] : Graf Tidak Berarah dan Graf Berbobot → Deadline: Tidak diketahui
[2026-06-29 18:03:00]      • [Materi] M4 : Aplikasi Teori Graf di Teknik Elektro File → Deadline: -
[2026-06-29 18:03:04]      • [Materi] Video Literasi M4 : Aplikasi Teori Graf di Teknik Elektro URL → Deadline: -
[2026-06-29 18:03:08]      • [Quiz] Kuis M4 [KELAS PAGI]: Aplikasi Teori Graf di Teknik Elektro → Deadline: Tidak diketahui
[2026-06-29 18:03:12]      • [Quiz] Kuis M4 [KELAS MALAM]: Aplikasi Teori Graf di Teknik Elektro → Deadline: Tidak diketahui
[2026-06-29 18:03:16]      • [Materi] M5 : Knowledge Graph dan Database Graph File → Deadline: -
[2026-06-29 18:03:19]      • [Materi] Video Literasi  M5 : Knowledge Graph dan Database Graph URL → Deadline: -
[2026-06-29 18:03:24]      • [Quiz] Kuis M5 [KELAS PAGI] : nowledge Graph dan Database Graph → Deadline: Tidak diketahui
[2026-06-29 18:03:28]      • [Quiz] Kuis M5 [KELAS MALAM] : Knowledge Graph dan Database Graph → Deadline: Tidak diketahui
[2026-06-29 18:03:32]      • [Materi] M6 : Graf Berarah dan Implementasinya File → Deadline: -
[2026-06-29 18:03:36]      • [Materi] Video Literasi M6 : Graf Berarah dan Implementasinya URL → Deadline: -
[2026-06-29 18:03:40]      • [Quiz] Kuis M6 [KELAS PAGI] : Graf Berarah dan Implementasinya → Deadline: Tidak diketahui
[2026-06-29 18:03:44]      • [Quiz] Kuis M6 [KELAS MALAM] : Graf Berarah dan Implementasinya → Deadline: Tidak diketahui
[2026-06-29 18:03:49]      • [Materi] M8 : Penerapan Teori Graf di Bidang Teknik Sipil File → Deadline: -
[2026-06-29 18:03:53]      • [Materi] Video Literasi M8 : Penerapan Teori Graf di Bidang Teknik Sipil URL → Deadline: -
[2026-06-29 18:03:57]      • [Quiz] Kuis M8 [KELAS PAGI] : Penerapan Teori Graf di Bidang Teknik Sipil → Deadline: Tidak diketahui
[2026-06-29 18:04:02]      • [Quiz] Kuis M8 [KELAS MALAM] : Penerapan Teori Graf di Bidang Teknik Sipil → Deadline: Tidak diketahui
[2026-06-29 18:04:06]      • [Materi] M10 : Penerapan Teori Graf  di Bidang Teknik Industri File → Deadline: -
[2026-06-29 18:04:09]      • [Materi] Video Literasi M10 : Penerapan Teori Graf  di Bidang Teknik Industri URL → Deadline: -
[2026-06-29 18:04:14]      • [Quiz] Kuis M10 [kelas pagi] : Penerapan Teori Graf  di Bidang Teknik Industri → Deadline: Tidak diketahui
[2026-06-29 18:04:18]      • [Quiz] Kuis M10 [kelas malam]: Penerapan Teori Graf  di Bidang Teknik Industri → Deadline: Tidak diketahui
[2026-06-29 18:04:23]      • [Materi] M11 : Program Dinamis dan Permasalahan Tata Letak Fasilitas File → Deadline: -
[2026-06-29 18:04:27]      • [Materi] video literasi : Program Dinamis dan Permasalahan Tata Letak Fasilitas URL → Deadline: -
[2026-06-29 18:04:31]      • [Quiz] Kuis M11 [kelas PAGI]: Program Dinamis dan Permasalahan Tata Letak Fasilitas → Deadline: Tidak diketahui
[2026-06-29 18:04:36]      • [Quiz] Kuis M11 [kelas MALAM]: Program Dinamis dan Permasalahan Tata Letak Fasilitas → Deadline: Tidak diketahui
[2026-06-29 18:04:41] 📚 Mengambil mata kuliah ID 104413 ...
[2026-06-29 18:04:41]   ➤ ATA 2025/2026 | 3-FIKTI | Praktikum Terapan Teori Graf
[2026-06-29 18:04:41]      • [Materi] Panduan Praktikum  Forum → Deadline: -
[2026-06-29 18:04:46]      • [Materi] Panduan Google Collaboratory URL → Deadline: -
[2026-06-29 18:04:50]      • [Materi] Panduan Instalasi Anaconda URL → Deadline: -
[2026-06-29 18:04:54]      • [Quiz] Pre-Test (M1) → Deadline: Tidak diketahui
[2026-06-29 18:04:58]      • [Materi] 1.1  Pengantar: Teori Graf URL → Deadline: -
[2026-06-29 18:05:02]      • [Materi] 1.2  Sesi Hands-on Praktikum URL → Deadline: -
[2026-06-29 18:05:06]      • [Materi] 1.3 Tutorial Menambahkan File pada Mesin DGX URL → Deadline: -
[2026-06-29 18:05:10]      • [Quiz] Post-Test (M1) → Deadline: Tidak diketahui
[2026-06-29 18:05:15]      • [Assignment] Pengumpulan Tugas (M1) → Deadline: Saturday, 7 March 2026, 11:59 PM
[2026-06-29 18:05:20]      • [Quiz] Pre-Test (M2) → Deadline: Tidak diketahui
[2026-06-29 18:05:24]      • [Materi] 2.1  Pengantar: Berbagai Pemecahan Masalah Menggunakan Teori Graf Page → Deadline: -
[2026-06-29 18:05:28]      • [Quiz] Post-Test (M2) → Deadline: Tidak diketahui
[2026-06-29 18:05:33]      • [Assignment] Pengumpulan Tugas (M2) → Deadline: Saturday, 14 March 2026, 11:59 PM
[2026-06-29 18:05:37]      • [Quiz] Pre-Test (M4) → Deadline: Tidak diketahui
[2026-06-29 18:05:41]      • [Materi] 4.1  Pengantar: Breadth First Search URL → Deadline: -
[2026-06-29 18:05:46]      • [Materi] Sesi Praktikum File → Deadline: -
[2026-06-29 18:05:50]      • [Materi] Video Tutorial: Mendownload File IPYNB di Virtual Class URL → Deadline: -
[2026-06-29 18:05:54]      • [Quiz] Post-Test (M4) → Deadline: Tidak diketahui
[2026-06-29 18:05:59]      • [Assignment] Laporan Akhir (M4) → Deadline: Saturday, 11 April 2026, 11:59 PM
[2026-06-29 18:06:03]      • [Quiz] Pre-Test (M5) → Deadline: Tidak diketahui
[2026-06-29 18:06:07]      • [Materi] Sesi Praktikum URL → Deadline: -
[2026-06-29 18:06:11]      • [Quiz] Post-Test (M5) → Deadline: Tidak diketahui
[2026-06-29 18:06:15]      • [Assignment] Laporan Akhir (M5) → Deadline: Saturday, 18 April 2026, 11:59 PM
[2026-06-29 18:06:19]      • [Quiz] Pre-Test (M6) → Deadline: Tidak diketahui
[2026-06-29 18:06:24]      • [Materi] 6.1  Pendahuluan: Algoritma Dasar Tree URL → Deadline: -
[2026-06-29 18:06:28]      • [Materi] Sesi Praktikum File → Deadline: -
[2026-06-29 18:06:32]      • [Quiz] Post-Test (M6) → Deadline: Tidak diketahui
[2026-06-29 18:06:38]      • [Assignment] Laporan Akhir (M6) → Deadline: Saturday, 25 April 2026, 11:59 PM
[2026-06-29 18:06:43]      • [Quiz] Pre-Test (M8) → Deadline: Tidak diketahui
[2026-06-29 18:06:47]      • [Materi] 8.1  Pendahuluan: Implementasi Graph URL → Deadline: -
[2026-06-29 18:06:52]      • [Materi] Link File Praktikum I - family.pl → Deadline: -
[2026-06-29 18:06:56]      • [Materi] Link File Praktikum II - 8-puzzles.ipynb → Deadline: -
[2026-06-29 18:07:00]      • [Materi] Video Tutorial: Mendownload File IPYNB di Virtual Class URL → Deadline: -
[2026-06-29 18:07:05]      • [Quiz] Post-Test (M8) → Deadline: Tidak diketahui
[2026-06-29 18:07:10]      • [Assignment] Laporan Akhir (M8) → Deadline: Saturday, 9 May 2026, 11:59 PM
[2026-06-29 18:07:14]      • [Quiz] Pre-Test (M9) → Deadline: Tidak diketahui
[2026-06-29 18:07:18]      • [Materi] Sesi Hands-on Praktikum URL → Deadline: -
[2026-06-29 18:07:22]      • [Quiz] Post-Test (M9) → Deadline: Tidak diketahui
[2026-06-29 18:07:26]      • [Assignment] Pengumpulan Tugas (M9) → Deadline: Saturday, 16 May 2026, 11:59 PM
[2026-06-29 18:07:30]      • [Quiz] Pre-Test (M3) → Deadline: Tidak diketahui
[2026-06-29 18:07:35]      • [Materi] Sesi Praktikum URL → Deadline: -
[2026-06-29 18:07:40]      • [Materi] Video Tutorial: Menambahkan File pada Mesin DGX URL → Deadline: -
[2026-06-29 18:07:46]      • [Quiz] Post-Test (M3) → Deadline: Tidak diketahui
[2026-06-29 18:07:50]      • [Assignment] Pengumpulan Tugas (M3) → Deadline: Saturday, 23 May 2026, 11:59 PM
[2026-06-29 18:07:55]      • [Quiz] Pre-Test (M7) → Deadline: Tidak diketahui
[2026-06-29 18:08:00]      • [Materi] Link File Praktikum I - 3-Tekrek-Find-Center.ipynb → Deadline: -
[2026-06-29 18:08:04]      • [Materi] Link File Praktikum II - 3-Tekrek-Sortest-Path.ipynb → Deadline: -
[2026-06-29 18:08:09]      • [Materi] Video Tutorial: Mendownload File IPYNB di Virtual Class URL → Deadline: -
[2026-06-29 18:08:13]      • [Quiz] Post-Test (M7) → Deadline: Tidak diketahui
[2026-06-29 18:08:17]      • [Assignment] Laporan Akhir (M7) → Deadline: Saturday, 23 May 2026, 11:59 PM
[2026-06-29 18:08:22] 📦 Total tugas ditemukan: 112
[2026-06-29 18:08:22] 💾 Disimpan ke python/node/tugas.json
