[2026-06-13 09:45:50] 🔐 Login ke V-Class...
[2026-06-13 09:45:50] ✅ Login berhasil
[2026-06-13 09:45:50] 📚 Mengambil mata kuliah ID 108486 ...
[2026-06-13 09:45:50]   ➤ ATA 2025/2026 | 3KB01 | Jaringan Komputer Lanjut | VIVIEN NOVA FITHRIANA
[2026-06-13 09:45:50]      • [Materi] Announcements Forum → Deadline: -
[2026-06-13 09:45:55]      • [Materi] M1 File → Deadline: -
[2026-06-13 09:45:59]      • [Materi] M2 File → Deadline: -
[2026-06-13 09:46:04]      • [Materi] M3 File → Deadline: -
[2026-06-13 09:46:08]      • [Materi] M4 File → Deadline: -
[2026-06-13 09:46:12]      • [Materi] M5 File → Deadline: -
[2026-06-13 09:46:16]      • [Materi] M6 File → Deadline: -
[2026-06-13 09:46:20]      • [Materi] M7 File → Deadline: -
[2026-06-13 09:46:24]      • [Materi] VC-1 : Traffic dan Algoritma Kendali Kemacetan File → Deadline: -
[2026-06-13 09:46:28]      • [Materi] VC-1 : Traffic dan Algoritma Kendali Kemacetan File → Deadline: -
[2026-06-13 09:46:33]      • [Materi] Forum VC-1 : Traffic dan Algoritma Kendali Kemacetan → Deadline: -
[2026-06-13 09:46:37]      • [Quiz] Latihan Soal VC-1 : Traffic dan Algoritma Kendali Kemacetan → Deadline: Tidak diketahui
[2026-06-13 09:46:41]      • [Materi] VC-2 : Traffic dan Algoritma Kendali Kemacetan - Bagian 2 File → Deadline: -
[2026-06-13 09:46:44]      • [Materi] Forum VC-2 : Traffic dan Algoritma Kendali Kemacetan - Bagian 2 → Deadline: -
[2026-06-13 09:46:49]      • [Quiz] Latihan Soal VC-2 : Traffic dan Algoritma Kendali Kemacetan - Bagian 2 → Deadline: Tidak diketahui
[2026-06-13 09:46:54]      • [Materi] VC-3 : Lapisan Transport File → Deadline: -
[2026-06-13 09:46:58]      • [Materi] Forum VC-3 : Lapisan Transport → Deadline: -
[2026-06-13 09:47:02]      • [Quiz] Latihan Soal VC-3 : Lapisan Transport → Deadline: Wednesday, 15 July 2026, 11:59 PM
[2026-06-13 09:47:06] 📚 Mengambil mata kuliah ID 108172 ...
[2026-06-13 09:47:06]   ➤ ATA 2025/2026 | 3KB01 | Internet of Things (IoT) | PURNAWARMAN MUSA
[2026-06-13 09:47:06]      • [Materi] Announcements Forum → Deadline: -
[2026-06-13 09:47:11]      • [Materi] M6 File → Deadline: -
[2026-06-13 09:47:15]      • [Quiz] Soal (Tugas Individu) → Deadline: Tidak diketahui
[2026-06-13 09:47:19]      • [Quiz] Soal (Tugas Individu) → Deadline: Tidak diketahui
[2026-06-13 09:47:23] 📚 Mengambil mata kuliah ID 109563 ...
[2026-06-13 09:47:23]   ➤ ATA 2025/2026 | 3KB01 | Sistem Tertanam (Embedded) * | RIDHA ISKANDAR
[2026-06-13 09:47:23]      • [Materi] Selamat Datang di V-Class Sistem Tertanam (Embedded) Forum → Deadline: -
[2026-06-13 09:47:28]      • [Assignment] File 1 → Deadline: Sunday, 26 April 2026, 12:00 AM
[2026-06-13 09:47:32] 📚 Mengambil mata kuliah ID 109970 ...
[2026-06-13 09:47:33]   ➤ ATA 2025/2026 | 2EB10 | Bahasa Indonesia | MELANIAWATI
[2026-06-13 09:47:33] 📚 Mengambil mata kuliah ID 107919 ...
[2026-06-13 09:47:33]   ➤ ATA 2025/2026 | 3KB01 | Sistem Cerdas Lanjut | NUR SULTAN SALAHUDDIN
[2026-06-13 09:47:33]      • [Materi] Announcements Forum → Deadline: -
[2026-06-13 09:47:37]      • [Assignment] Sistem Kesehatan Cerdas → Deadline: Thursday, 21 May 2026, 12:00 AM
[2026-06-13 09:47:41]      • [Quiz] Sistem Kesehatan Cerdas → Deadline: Tidak diketahui
[2026-06-13 09:47:46] 📚 Mengambil mata kuliah ID 107291 ...
[2026-06-13 09:47:46]   ➤ ATA 2025/2026 | 3KB01 | Pengantarmukaan Perif.Komputer * | FARID THALIB
[2026-06-13 09:47:46]      • [Materi] Announcements Forum → Deadline: -
[2026-06-13 09:47:50] 📚 Mengambil mata kuliah ID 104438 ...
[2026-06-13 09:47:50]   ➤ ATA 2025/2026 | 3-FIKTI | Terapan Teori Graf | TEAM TEACHING
[2026-06-13 09:47:50]      • [Materi] PEMBERITAHUAN PELAKSANAAN TEAM TEACHING TERAPAN TEORI GRAF Forum → Deadline: -
[2026-06-13 09:47:55]      • [Materi] M1: Pendahuluan Teori Graf File → Deadline: -
[2026-06-13 09:47:59]      • [Materi] Video Literasi M1: Pendahuluan Teori Graf URL → Deadline: -
[2026-06-13 09:48:03]      • [Quiz] Kuis M1 [kelas PAGI] → Deadline: Tidak diketahui
[2026-06-13 09:48:08]      • [Quiz] Kuis M1 [kelas MALAM] → Deadline: Tidak diketahui
[2026-06-13 09:48:12]      • [Materi] M2: Graf Tidak Berarah dan Graf Berbobot File → Deadline: -
[2026-06-13 09:48:16]      • [Materi] Video Literasi M2 : Graf Tidak Berarah dan Graf Berbobot URL → Deadline: -
[2026-06-13 09:48:20]      • [Quiz] Kuis M2 [KELAS PAGI] : Graf Tidak Berarah dan Graf Berbobot → Deadline: Tidak diketahui
[2026-06-13 09:48:25]      • [Quiz] Kuis M2 [KELAS MALAM] : Graf Tidak Berarah dan Graf Berbobot → Deadline: Tidak diketahui
[2026-06-13 09:48:30]      • [Materi] M4 : Aplikasi Teori Graf di Teknik Elektro File → Deadline: -
[2026-06-13 09:48:34]      • [Materi] Video Literasi M4 : Aplikasi Teori Graf di Teknik Elektro URL → Deadline: -
[2026-06-13 09:48:38]      • [Quiz] Kuis M4 [KELAS PAGI]: Aplikasi Teori Graf di Teknik Elektro → Deadline: Tidak diketahui
[2026-06-13 09:48:42]      • [Quiz] Kuis M4 [KELAS MALAM]: Aplikasi Teori Graf di Teknik Elektro → Deadline: Tidak diketahui
[2026-06-13 09:48:46]      • [Materi] M5 : Knowledge Graph dan Database Graph File → Deadline: -
[2026-06-13 09:48:49]      • [Materi] Video Literasi  M5 : Knowledge Graph dan Database Graph URL → Deadline: -
[2026-06-13 09:48:53]      • [Quiz] Kuis M5 [KELAS PAGI] : nowledge Graph dan Database Graph → Deadline: Tidak diketahui
[2026-06-13 09:48:58]      • [Quiz] Kuis M5 [KELAS MALAM] : Knowledge Graph dan Database Graph → Deadline: Tidak diketahui
[2026-06-13 09:49:02]      • [Materi] M6 : Graf Berarah dan Implementasinya File → Deadline: -
[2026-06-13 09:49:06]      • [Materi] Video Literasi M6 : Graf Berarah dan Implementasinya URL → Deadline: -
[2026-06-13 09:49:10]      • [Quiz] Kuis M6 [KELAS PAGI] : Graf Berarah dan Implementasinya → Deadline: Tidak diketahui
[2026-06-13 09:49:15]      • [Quiz] Kuis M6 [KELAS MALAM] : Graf Berarah dan Implementasinya → Deadline: Tidak diketahui
[2026-06-13 09:49:19]      • [Materi] M8 : Penerapan Teori Graf di Bidang Teknik Sipil File → Deadline: -
[2026-06-13 09:49:23]      • [Materi] Video Literasi M8 : Penerapan Teori Graf di Bidang Teknik Sipil URL → Deadline: -
[2026-06-13 09:49:26]      • [Quiz] Kuis M8 [KELAS PAGI] : Penerapan Teori Graf di Bidang Teknik Sipil → Deadline: Tidak diketahui
[2026-06-13 09:49:31]      • [Quiz] Kuis M8 [KELAS MALAM] : Penerapan Teori Graf di Bidang Teknik Sipil → Deadline: Tidak diketahui
[2026-06-13 09:49:35]      • [Materi] M10 : Penerapan Teori Graf  di Bidang Teknik Industri File → Deadline: -
[2026-06-13 09:49:40]      • [Materi] Video Literasi M10 : Penerapan Teori Graf  di Bidang Teknik Industri URL → Deadline: -
[2026-06-13 09:49:45]      • [Quiz] Kuis M10 [kelas pagi] : Penerapan Teori Graf  di Bidang Teknik Industri → Deadline: Tidak diketahui
[2026-06-13 09:49:50]      • [Quiz] Kuis M10 [kelas malam]: Penerapan Teori Graf  di Bidang Teknik Industri → Deadline: Tidak diketahui
[2026-06-13 09:49:53] 📚 Mengambil mata kuliah ID 104413 ...
[2026-06-13 09:49:54]   ➤ ATA 2025/2026 | 3-FIKTI | Praktikum Terapan Teori Graf
[2026-06-13 09:49:54]      • [Materi] Panduan Praktikum  Forum → Deadline: -
[2026-06-13 09:49:58]      • [Materi] Panduan Google Collaboratory URL → Deadline: -
[2026-06-13 09:50:02]      • [Materi] Panduan Instalasi Anaconda URL → Deadline: -
[2026-06-13 09:50:07]      • [Quiz] Pre-Test (M1) → Deadline: Tidak diketahui
[2026-06-13 09:50:11]      • [Materi] 1.1  Pengantar: Teori Graf URL → Deadline: -
[2026-06-13 09:50:15]      • [Materi] 1.2  Sesi Hands-on Praktikum URL → Deadline: -
[2026-06-13 09:50:19]      • [Materi] 1.3 Tutorial Menambahkan File pada Mesin DGX URL → Deadline: -
[2026-06-13 09:50:24]      • [Quiz] Post-Test (M1) → Deadline: Tidak diketahui
[2026-06-13 09:50:28]      • [Assignment] Pengumpulan Tugas (M1) → Deadline: Saturday, 7 March 2026, 11:59 PM
[2026-06-13 09:50:32]      • [Quiz] Pre-Test (M2) → Deadline: Tidak diketahui
[2026-06-13 09:50:37]      • [Materi] 2.1  Pengantar: Berbagai Pemecahan Masalah Menggunakan Teori Graf Page → Deadline: -
[2026-06-13 09:50:41]      • [Quiz] Post-Test (M2) → Deadline: Tidak diketahui
[2026-06-13 09:50:45]      • [Assignment] Pengumpulan Tugas (M2) → Deadline: Saturday, 14 March 2026, 11:59 PM
[2026-06-13 09:50:50]      • [Quiz] Pre-Test (M4) → Deadline: Tidak diketahui
[2026-06-13 09:50:55]      • [Materi] 4.1  Pengantar: Breadth First Search URL → Deadline: -
[2026-06-13 09:50:59]      • [Materi] Sesi Praktikum File → Deadline: -
[2026-06-13 09:51:03]      • [Materi] Video Tutorial: Mendownload File IPYNB di Virtual Class URL → Deadline: -
[2026-06-13 09:51:08]      • [Quiz] Post-Test (M4) → Deadline: Tidak diketahui
[2026-06-13 09:51:12]      • [Assignment] Laporan Akhir (M4) → Deadline: Saturday, 11 April 2026, 11:59 PM
[2026-06-13 09:51:17]      • [Quiz] Pre-Test (M5) → Deadline: Tidak diketahui
[2026-06-13 09:51:22]      • [Materi] Sesi Praktikum URL → Deadline: -
[2026-06-13 09:51:26]      • [Quiz] Post-Test (M5) → Deadline: Tidak diketahui
[2026-06-13 09:51:31]      • [Assignment] Laporan Akhir (M5) → Deadline: Saturday, 18 April 2026, 11:59 PM
[2026-06-13 09:51:34]      • [Quiz] Pre-Test (M6) → Deadline: Tidak diketahui
[2026-06-13 09:51:39]      • [Materi] 6.1  Pendahuluan: Algoritma Dasar Tree URL → Deadline: -
[2026-06-13 09:51:42]      • [Materi] Sesi Praktikum File → Deadline: -
[2026-06-13 09:51:47]      • [Quiz] Post-Test (M6) → Deadline: Tidak diketahui
[2026-06-13 09:51:51]      • [Assignment] Laporan Akhir (M6) → Deadline: Saturday, 25 April 2026, 11:59 PM
[2026-06-13 09:51:55]      • [Quiz] Pre-Test (M8) → Deadline: Tidak diketahui
[2026-06-13 09:51:59]      • [Materi] 8.1  Pendahuluan: Implementasi Graph URL → Deadline: -
[2026-06-13 09:52:04]      • [Materi] Link File Praktikum I - family.pl → Deadline: -
[2026-06-13 09:52:08]      • [Materi] Link File Praktikum II - 8-puzzles.ipynb → Deadline: -
[2026-06-13 09:52:12]      • [Materi] Video Tutorial: Mendownload File IPYNB di Virtual Class URL → Deadline: -
[2026-06-13 09:52:17]      • [Quiz] Post-Test (M8) → Deadline: Tidak diketahui
[2026-06-13 09:52:22]      • [Assignment] Laporan Akhir (M8) → Deadline: Saturday, 9 May 2026, 11:59 PM
[2026-06-13 09:52:26]      • [Quiz] Pre-Test (M9) → Deadline: Tidak diketahui
[2026-06-13 09:52:30]      • [Materi] Sesi Hands-on Praktikum URL → Deadline: -
[2026-06-13 09:52:34]      • [Quiz] Post-Test (M9) → Deadline: Tidak diketahui
[2026-06-13 09:52:38]      • [Assignment] Pengumpulan Tugas (M9) → Deadline: Saturday, 16 May 2026, 11:59 PM
[2026-06-13 09:52:43]      • [Quiz] Pre-Test (M3) → Deadline: Tidak diketahui
[2026-06-13 09:52:47]      • [Materi] Sesi Praktikum URL → Deadline: -
[2026-06-13 09:52:51]      • [Materi] Video Tutorial: Menambahkan File pada Mesin DGX URL → Deadline: -
[2026-06-13 09:52:55]      • [Quiz] Post-Test (M3) → Deadline: Tidak diketahui
[2026-06-13 09:52:59]      • [Assignment] Pengumpulan Tugas (M3) → Deadline: Saturday, 23 May 2026, 11:59 PM
[2026-06-13 09:53:04]      • [Quiz] Pre-Test (M7) → Deadline: Tidak diketahui
[2026-06-13 09:53:07]      • [Materi] Link File Praktikum I - 3-Tekrek-Find-Center.ipynb → Deadline: -
[2026-06-13 09:53:12]      • [Materi] Link File Praktikum II - 3-Tekrek-Sortest-Path.ipynb → Deadline: -
[2026-06-13 09:53:16]      • [Materi] Video Tutorial: Mendownload File IPYNB di Virtual Class URL → Deadline: -
[2026-06-13 09:53:21]      • [Quiz] Post-Test (M7) → Deadline: Tidak diketahui
[2026-06-13 09:53:26]      • [Assignment] Laporan Akhir (M7) → Deadline: Saturday, 23 May 2026, 11:59 PM
[2026-06-13 09:53:30] 📦 Total tugas ditemukan: 107
[2026-06-13 09:53:30] 💾 Disimpan ke python/node/tugas.json
[2026-06-13 18:00:30] 🔐 Login ke V-Class...
[2026-06-13 18:00:31] ✅ Login berhasil
[2026-06-13 18:00:31] 📚 Mengambil mata kuliah ID 108486 ...
[2026-06-13 18:00:31]   ➤ ATA 2025/2026 | 3KB01 | Jaringan Komputer Lanjut | VIVIEN NOVA FITHRIANA
[2026-06-13 18:00:31]      • [Materi] Announcements Forum → Deadline: -
[2026-06-13 18:00:35]      • [Materi] M1 File → Deadline: -
[2026-06-13 18:00:39]      • [Materi] M2 File → Deadline: -
[2026-06-13 18:00:44]      • [Materi] M3 File → Deadline: -
[2026-06-13 18:00:47]      • [Materi] M4 File → Deadline: -
[2026-06-13 18:00:52]      • [Materi] M5 File → Deadline: -
[2026-06-13 18:00:56]      • [Materi] M6 File → Deadline: -
[2026-06-13 18:01:01]      • [Materi] M7 File → Deadline: -
[2026-06-13 18:01:06]      • [Materi] VC-1 : Traffic dan Algoritma Kendali Kemacetan File → Deadline: -
[2026-06-13 18:01:10]      • [Materi] VC-1 : Traffic dan Algoritma Kendali Kemacetan File → Deadline: -
[2026-06-13 18:01:15]      • [Materi] Forum VC-1 : Traffic dan Algoritma Kendali Kemacetan → Deadline: -
[2026-06-13 18:01:19]      • [Quiz] Latihan Soal VC-1 : Traffic dan Algoritma Kendali Kemacetan → Deadline: Tidak diketahui
[2026-06-13 18:01:23]      • [Materi] VC-2 : Traffic dan Algoritma Kendali Kemacetan - Bagian 2 File → Deadline: -
[2026-06-13 18:01:27]      • [Materi] Forum VC-2 : Traffic dan Algoritma Kendali Kemacetan - Bagian 2 → Deadline: -
[2026-06-13 18:01:31]      • [Quiz] Latihan Soal VC-2 : Traffic dan Algoritma Kendali Kemacetan - Bagian 2 → Deadline: Tidak diketahui
[2026-06-13 18:01:35]      • [Materi] VC-3 : Lapisan Transport File → Deadline: -
[2026-06-13 18:01:39]      • [Materi] Forum VC-3 : Lapisan Transport → Deadline: -
[2026-06-13 18:01:43]      • [Quiz] Latihan Soal VC-3 : Lapisan Transport → Deadline: Wednesday, 15 July 2026, 11:59 PM
[2026-06-13 18:01:48] 📚 Mengambil mata kuliah ID 108172 ...
[2026-06-13 18:01:48]   ➤ ATA 2025/2026 | 3KB01 | Internet of Things (IoT) | PURNAWARMAN MUSA
[2026-06-13 18:01:48]      • [Materi] Announcements Forum → Deadline: -
[2026-06-13 18:01:52]      • [Materi] M6 File → Deadline: -
[2026-06-13 18:01:56]      • [Quiz] Soal (Tugas Individu) → Deadline: Tidak diketahui
[2026-06-13 18:02:00]      • [Quiz] Soal (Tugas Individu) → Deadline: Tidak diketahui
[2026-06-13 18:02:04] 📚 Mengambil mata kuliah ID 109563 ...
[2026-06-13 18:02:04]   ➤ ATA 2025/2026 | 3KB01 | Sistem Tertanam (Embedded) * | RIDHA ISKANDAR
[2026-06-13 18:02:04]      • [Materi] Selamat Datang di V-Class Sistem Tertanam (Embedded) Forum → Deadline: -
[2026-06-13 18:02:08]      • [Assignment] File 1 → Deadline: Sunday, 26 April 2026, 12:00 AM
[2026-06-13 18:02:11] 📚 Mengambil mata kuliah ID 109970 ...
[2026-06-13 18:02:12]   ➤ ATA 2025/2026 | 2EB10 | Bahasa Indonesia | MELANIAWATI
[2026-06-13 18:02:12] 📚 Mengambil mata kuliah ID 107919 ...
[2026-06-13 18:02:12]   ➤ ATA 2025/2026 | 3KB01 | Sistem Cerdas Lanjut | NUR SULTAN SALAHUDDIN
[2026-06-13 18:02:12]      • [Materi] Announcements Forum → Deadline: -
[2026-06-13 18:02:16]      • [Assignment] Sistem Kesehatan Cerdas → Deadline: Thursday, 21 May 2026, 12:00 AM
[2026-06-13 18:02:21]      • [Quiz] Sistem Kesehatan Cerdas → Deadline: Tidak diketahui
[2026-06-13 18:02:25] 📚 Mengambil mata kuliah ID 107291 ...
[2026-06-13 18:02:25]   ➤ ATA 2025/2026 | 3KB01 | Pengantarmukaan Perif.Komputer * | FARID THALIB
[2026-06-13 18:02:25]      • [Materi] Announcements Forum → Deadline: -
[2026-06-13 18:02:30] 📚 Mengambil mata kuliah ID 104438 ...
[2026-06-13 18:02:30]   ➤ ATA 2025/2026 | 3-FIKTI | Terapan Teori Graf | TEAM TEACHING
[2026-06-13 18:02:30]      • [Materi] PEMBERITAHUAN PELAKSANAAN TEAM TEACHING TERAPAN TEORI GRAF Forum → Deadline: -
[2026-06-13 18:02:34]      • [Materi] M1: Pendahuluan Teori Graf File → Deadline: -
[2026-06-13 18:02:39]      • [Materi] Video Literasi M1: Pendahuluan Teori Graf URL → Deadline: -
[2026-06-13 18:02:42]      • [Quiz] Kuis M1 [kelas PAGI] → Deadline: Tidak diketahui
[2026-06-13 18:02:48]      • [Quiz] Kuis M1 [kelas MALAM] → Deadline: Tidak diketahui
[2026-06-13 18:02:52]      • [Materi] M2: Graf Tidak Berarah dan Graf Berbobot File → Deadline: -
[2026-06-13 18:02:56]      • [Materi] Video Literasi M2 : Graf Tidak Berarah dan Graf Berbobot URL → Deadline: -
[2026-06-13 18:03:01]      • [Quiz] Kuis M2 [KELAS PAGI] : Graf Tidak Berarah dan Graf Berbobot → Deadline: Tidak diketahui
[2026-06-13 18:03:05]      • [Quiz] Kuis M2 [KELAS MALAM] : Graf Tidak Berarah dan Graf Berbobot → Deadline: Tidak diketahui
[2026-06-13 18:03:10]      • [Materi] M4 : Aplikasi Teori Graf di Teknik Elektro File → Deadline: -
[2026-06-13 18:03:15]      • [Materi] Video Literasi M4 : Aplikasi Teori Graf di Teknik Elektro URL → Deadline: -
[2026-06-13 18:03:19]      • [Quiz] Kuis M4 [KELAS PAGI]: Aplikasi Teori Graf di Teknik Elektro → Deadline: Tidak diketahui
[2026-06-13 18:03:22]      • [Quiz] Kuis M4 [KELAS MALAM]: Aplikasi Teori Graf di Teknik Elektro → Deadline: Tidak diketahui
[2026-06-13 18:03:27]      • [Materi] M5 : Knowledge Graph dan Database Graph File → Deadline: -
[2026-06-13 18:03:32]      • [Materi] Video Literasi  M5 : Knowledge Graph dan Database Graph URL → Deadline: -
[2026-06-13 18:03:36]      • [Quiz] Kuis M5 [KELAS PAGI] : nowledge Graph dan Database Graph → Deadline: Tidak diketahui
[2026-06-13 18:03:40]      • [Quiz] Kuis M5 [KELAS MALAM] : Knowledge Graph dan Database Graph → Deadline: Tidak diketahui
[2026-06-13 18:03:44]      • [Materi] M6 : Graf Berarah dan Implementasinya File → Deadline: -
[2026-06-13 18:03:47]      • [Materi] Video Literasi M6 : Graf Berarah dan Implementasinya URL → Deadline: -
[2026-06-13 18:03:51]      • [Quiz] Kuis M6 [KELAS PAGI] : Graf Berarah dan Implementasinya → Deadline: Tidak diketahui
[2026-06-13 18:03:56]      • [Quiz] Kuis M6 [KELAS MALAM] : Graf Berarah dan Implementasinya → Deadline: Tidak diketahui
[2026-06-13 18:04:01]      • [Materi] M8 : Penerapan Teori Graf di Bidang Teknik Sipil File → Deadline: -
[2026-06-13 18:04:04]      • [Materi] Video Literasi M8 : Penerapan Teori Graf di Bidang Teknik Sipil URL → Deadline: -
[2026-06-13 18:04:08]      • [Quiz] Kuis M8 [KELAS PAGI] : Penerapan Teori Graf di Bidang Teknik Sipil → Deadline: Tidak diketahui
[2026-06-13 18:04:13]      • [Quiz] Kuis M8 [KELAS MALAM] : Penerapan Teori Graf di Bidang Teknik Sipil → Deadline: Tidak diketahui
[2026-06-13 18:04:18]      • [Materi] M10 : Penerapan Teori Graf  di Bidang Teknik Industri File → Deadline: -
[2026-06-13 18:04:22]      • [Materi] Video Literasi M10 : Penerapan Teori Graf  di Bidang Teknik Industri URL → Deadline: -
[2026-06-13 18:04:26]      • [Quiz] Kuis M10 [kelas pagi] : Penerapan Teori Graf  di Bidang Teknik Industri → Deadline: Tidak diketahui
[2026-06-13 18:04:30]      • [Quiz] Kuis M10 [kelas malam]: Penerapan Teori Graf  di Bidang Teknik Industri → Deadline: Tidak diketahui
[2026-06-13 18:04:35] 📚 Mengambil mata kuliah ID 104413 ...
[2026-06-13 18:04:36]   ➤ ATA 2025/2026 | 3-FIKTI | Praktikum Terapan Teori Graf
[2026-06-13 18:04:36]      • [Materi] Panduan Praktikum  Forum → Deadline: -
[2026-06-13 18:04:40]      • [Materi] Panduan Google Collaboratory URL → Deadline: -
[2026-06-13 18:04:45]      • [Materi] Panduan Instalasi Anaconda URL → Deadline: -
[2026-06-13 18:04:49]      • [Quiz] Pre-Test (M1) → Deadline: Tidak diketahui
[2026-06-13 18:04:53]      • [Materi] 1.1  Pengantar: Teori Graf URL → Deadline: -
[2026-06-13 18:04:57]      • [Materi] 1.2  Sesi Hands-on Praktikum URL → Deadline: -
[2026-06-13 18:05:01]      • [Materi] 1.3 Tutorial Menambahkan File pada Mesin DGX URL → Deadline: -
[2026-06-13 18:05:06]      • [Quiz] Post-Test (M1) → Deadline: Tidak diketahui
[2026-06-13 18:05:11]      • [Assignment] Pengumpulan Tugas (M1) → Deadline: Saturday, 7 March 2026, 11:59 PM
[2026-06-13 18:05:16]      • [Quiz] Pre-Test (M2) → Deadline: Tidak diketahui
[2026-06-13 18:05:20]      • [Materi] 2.1  Pengantar: Berbagai Pemecahan Masalah Menggunakan Teori Graf Page → Deadline: -
[2026-06-13 18:05:24]      • [Quiz] Post-Test (M2) → Deadline: Tidak diketahui
[2026-06-13 18:05:28]      • [Assignment] Pengumpulan Tugas (M2) → Deadline: Saturday, 14 March 2026, 11:59 PM
[2026-06-13 18:05:32]      • [Quiz] Pre-Test (M4) → Deadline: Tidak diketahui
[2026-06-13 18:05:37]      • [Materi] 4.1  Pengantar: Breadth First Search URL → Deadline: -
[2026-06-13 18:05:41]      • [Materi] Sesi Praktikum File → Deadline: -
[2026-06-13 18:05:45]      • [Materi] Video Tutorial: Mendownload File IPYNB di Virtual Class URL → Deadline: -
[2026-06-13 18:05:49]      • [Quiz] Post-Test (M4) → Deadline: Tidak diketahui
[2026-06-13 18:05:53]      • [Assignment] Laporan Akhir (M4) → Deadline: Saturday, 11 April 2026, 11:59 PM
[2026-06-13 18:05:58]      • [Quiz] Pre-Test (M5) → Deadline: Tidak diketahui
[2026-06-13 18:06:03]      • [Materi] Sesi Praktikum URL → Deadline: -
[2026-06-13 18:06:06]      • [Quiz] Post-Test (M5) → Deadline: Tidak diketahui
[2026-06-13 18:06:10]      • [Assignment] Laporan Akhir (M5) → Deadline: Saturday, 18 April 2026, 11:59 PM
[2026-06-13 18:06:14]      • [Quiz] Pre-Test (M6) → Deadline: Tidak diketahui
[2026-06-13 18:06:19]      • [Materi] 6.1  Pendahuluan: Algoritma Dasar Tree URL → Deadline: -
[2026-06-13 18:06:24]      • [Materi] Sesi Praktikum File → Deadline: -
[2026-06-13 18:06:29]      • [Quiz] Post-Test (M6) → Deadline: Tidak diketahui
[2026-06-13 18:06:33]      • [Assignment] Laporan Akhir (M6) → Deadline: Saturday, 25 April 2026, 11:59 PM
[2026-06-13 18:06:37]      • [Quiz] Pre-Test (M8) → Deadline: Tidak diketahui
[2026-06-13 18:06:42]      • [Materi] 8.1  Pendahuluan: Implementasi Graph URL → Deadline: -
[2026-06-13 18:06:45]      • [Materi] Link File Praktikum I - family.pl → Deadline: -
[2026-06-13 18:06:50]      • [Materi] Link File Praktikum II - 8-puzzles.ipynb → Deadline: -
[2026-06-13 18:06:54]      • [Materi] Video Tutorial: Mendownload File IPYNB di Virtual Class URL → Deadline: -
[2026-06-13 18:06:59]      • [Quiz] Post-Test (M8) → Deadline: Tidak diketahui
[2026-06-13 18:07:03]      • [Assignment] Laporan Akhir (M8) → Deadline: Saturday, 9 May 2026, 11:59 PM
[2026-06-13 18:07:08]      • [Quiz] Pre-Test (M9) → Deadline: Tidak diketahui
[2026-06-13 18:07:12]      • [Materi] Sesi Hands-on Praktikum URL → Deadline: -
[2026-06-13 18:07:16]      • [Quiz] Post-Test (M9) → Deadline: Tidak diketahui
[2026-06-13 18:07:21]      • [Assignment] Pengumpulan Tugas (M9) → Deadline: Saturday, 16 May 2026, 11:59 PM
[2026-06-13 18:07:25]      • [Quiz] Pre-Test (M3) → Deadline: Tidak diketahui
[2026-06-13 18:07:30]      • [Materi] Sesi Praktikum URL → Deadline: -
[2026-06-13 18:07:34]      • [Materi] Video Tutorial: Menambahkan File pada Mesin DGX URL → Deadline: -
[2026-06-13 18:07:38]      • [Quiz] Post-Test (M3) → Deadline: Tidak diketahui
[2026-06-13 18:07:43]      • [Assignment] Pengumpulan Tugas (M3) → Deadline: Saturday, 23 May 2026, 11:59 PM
[2026-06-13 18:07:48]      • [Quiz] Pre-Test (M7) → Deadline: Tidak diketahui
[2026-06-13 18:07:52]      • [Materi] Link File Praktikum I - 3-Tekrek-Find-Center.ipynb → Deadline: -
[2026-06-13 18:07:56]      • [Materi] Link File Praktikum II - 3-Tekrek-Sortest-Path.ipynb → Deadline: -
[2026-06-13 18:08:01]      • [Materi] Video Tutorial: Mendownload File IPYNB di Virtual Class URL → Deadline: -
[2026-06-13 18:08:06]      • [Quiz] Post-Test (M7) → Deadline: Tidak diketahui
[2026-06-13 18:08:10]      • [Assignment] Laporan Akhir (M7) → Deadline: Saturday, 23 May 2026, 11:59 PM
[2026-06-13 18:08:15] 📦 Total tugas ditemukan: 107
[2026-06-13 18:08:15] 💾 Disimpan ke python/node/tugas.json
