[2026-06-27 09:45:32] 🔐 Login ke V-Class...
[2026-06-27 09:45:33] ✅ Login berhasil
[2026-06-27 09:45:33] 📚 Mengambil mata kuliah ID 108486 ...
[2026-06-27 09:45:33]   ➤ ATA 2025/2026 | 3KB01 | Jaringan Komputer Lanjut | VIVIEN NOVA FITHRIANA
[2026-06-27 09:45:33]      • [Materi] Announcements Forum → Deadline: -
[2026-06-27 09:45:37]      • [Materi] M1 File → Deadline: -
[2026-06-27 09:45:41]      • [Materi] M2 File → Deadline: -
[2026-06-27 09:45:45]      • [Materi] M3 File → Deadline: -
[2026-06-27 09:45:49]      • [Materi] M4 File → Deadline: -
[2026-06-27 09:45:54]      • [Materi] M5 File → Deadline: -
[2026-06-27 09:45:57]      • [Materi] M6 File → Deadline: -
[2026-06-27 09:46:02]      • [Materi] M7 File → Deadline: -
[2026-06-27 09:46:05]      • [Materi] VC-1 : Traffic dan Algoritma Kendali Kemacetan File → Deadline: -
[2026-06-27 09:46:10]      • [Materi] VC-1 : Traffic dan Algoritma Kendali Kemacetan File → Deadline: -
[2026-06-27 09:46:14]      • [Materi] Forum VC-1 : Traffic dan Algoritma Kendali Kemacetan → Deadline: -
[2026-06-27 09:46:19]      • [Quiz] Latihan Soal VC-1 : Traffic dan Algoritma Kendali Kemacetan → Deadline: Tidak diketahui
[2026-06-27 09:46:23]      • [Materi] VC-2 : Traffic dan Algoritma Kendali Kemacetan - Bagian 2 File → Deadline: -
[2026-06-27 09:46:28]      • [Materi] Forum VC-2 : Traffic dan Algoritma Kendali Kemacetan - Bagian 2 → Deadline: -
[2026-06-27 09:46:32]      • [Quiz] Latihan Soal VC-2 : Traffic dan Algoritma Kendali Kemacetan - Bagian 2 → Deadline: Tidak diketahui
[2026-06-27 09:46:36]      • [Materi] VC-3 : Lapisan Transport File → Deadline: -
[2026-06-27 09:46:40]      • [Materi] Forum VC-3 : Lapisan Transport → Deadline: -
[2026-06-27 09:46:44]      • [Quiz] Latihan Soal VC-3 : Lapisan Transport → Deadline: Wednesday, 15 July 2026, 11:59 PM
[2026-06-27 09:46:48] 📚 Mengambil mata kuliah ID 108172 ...
[2026-06-27 09:46:48]   ➤ ATA 2025/2026 | 3KB01 | Internet of Things (IoT) | PURNAWARMAN MUSA
[2026-06-27 09:46:48]      • [Materi] Announcements Forum → Deadline: -
[2026-06-27 09:46:53]      • [Materi] M6 File → Deadline: -
[2026-06-27 09:46:57]      • [Quiz] Soal (Tugas Individu) → Deadline: Tidak diketahui
[2026-06-27 09:47:01]      • [Quiz] Soal (Tugas Individu) → Deadline: Tidak diketahui
[2026-06-27 09:47:05] 📚 Mengambil mata kuliah ID 109563 ...
[2026-06-27 09:47:06]   ➤ ATA 2025/2026 | 3KB01 | Sistem Tertanam (Embedded) * | RIDHA ISKANDAR
[2026-06-27 09:47:06]      • [Materi] Selamat Datang di V-Class Sistem Tertanam (Embedded) Forum → Deadline: -
[2026-06-27 09:47:09]      • [Assignment] File 1 → Deadline: Sunday, 26 April 2026, 12:00 AM
[2026-06-27 09:47:14] 📚 Mengambil mata kuliah ID 109970 ...
[2026-06-27 09:47:14]   ➤ ATA 2025/2026 | 2EB10 | Bahasa Indonesia | MELANIAWATI
[2026-06-27 09:47:14] 📚 Mengambil mata kuliah ID 107919 ...
[2026-06-27 09:47:14]   ➤ ATA 2025/2026 | 3KB01 | Sistem Cerdas Lanjut | NUR SULTAN SALAHUDDIN
[2026-06-27 09:47:14]      • [Materi] Announcements Forum → Deadline: -
[2026-06-27 09:47:18]      • [Assignment] Sistem Kesehatan Cerdas → Deadline: Thursday, 21 May 2026, 12:00 AM
[2026-06-27 09:47:23]      • [Quiz] Sistem Kesehatan Cerdas → Deadline: Tidak diketahui
[2026-06-27 09:47:27] 📚 Mengambil mata kuliah ID 107291 ...
[2026-06-27 09:47:27]   ➤ ATA 2025/2026 | 3KB01 | Pengantarmukaan Perif.Komputer * | FARID THALIB
[2026-06-27 09:47:27]      • [Materi] Announcements Forum → Deadline: -
[2026-06-27 09:47:31] 📚 Mengambil mata kuliah ID 104438 ...
[2026-06-27 09:47:31]   ➤ ATA 2025/2026 | 3-FIKTI | Terapan Teori Graf | TEAM TEACHING
[2026-06-27 09:47:31]      • [Materi] PEMBERITAHUAN UTS SUSULAN File → Deadline: -
[2026-06-27 09:47:36]      • [Materi] PEMBERITAHUAN PELAKSANAAN TEAM TEACHING TERAPAN TEORI GRAF Forum → Deadline: -
[2026-06-27 09:47:40]      • [Materi] M1: Pendahuluan Teori Graf File → Deadline: -
[2026-06-27 09:47:44]      • [Materi] Video Literasi M1: Pendahuluan Teori Graf URL → Deadline: -
[2026-06-27 09:47:49]      • [Quiz] Kuis M1 [kelas PAGI] → Deadline: Tidak diketahui
[2026-06-27 09:47:53]      • [Quiz] Kuis M1 [kelas MALAM] → Deadline: Tidak diketahui
[2026-06-27 09:47:57]      • [Materi] M2: Graf Tidak Berarah dan Graf Berbobot File → Deadline: -
[2026-06-27 09:48:01]      • [Materi] Video Literasi M2 : Graf Tidak Berarah dan Graf Berbobot URL → Deadline: -
[2026-06-27 09:48:06]      • [Quiz] Kuis M2 [KELAS PAGI] : Graf Tidak Berarah dan Graf Berbobot → Deadline: Tidak diketahui
[2026-06-27 09:48:09]      • [Quiz] Kuis M2 [KELAS MALAM] : Graf Tidak Berarah dan Graf Berbobot → Deadline: Tidak diketahui
[2026-06-27 09:48:14]      • [Materi] M4 : Aplikasi Teori Graf di Teknik Elektro File → Deadline: -
[2026-06-27 09:48:19]      • [Materi] Video Literasi M4 : Aplikasi Teori Graf di Teknik Elektro URL → Deadline: -
[2026-06-27 09:48:24]      • [Quiz] Kuis M4 [KELAS PAGI]: Aplikasi Teori Graf di Teknik Elektro → Deadline: Tidak diketahui
[2026-06-27 09:48:28]      • [Quiz] Kuis M4 [KELAS MALAM]: Aplikasi Teori Graf di Teknik Elektro → Deadline: Tidak diketahui
[2026-06-27 09:48:32]      • [Materi] M5 : Knowledge Graph dan Database Graph File → Deadline: -
[2026-06-27 09:48:36]      • [Materi] Video Literasi  M5 : Knowledge Graph dan Database Graph URL → Deadline: -
[2026-06-27 09:48:41]      • [Quiz] Kuis M5 [KELAS PAGI] : nowledge Graph dan Database Graph → Deadline: Tidak diketahui
[2026-06-27 09:48:45]      • [Quiz] Kuis M5 [KELAS MALAM] : Knowledge Graph dan Database Graph → Deadline: Tidak diketahui
[2026-06-27 09:48:49]      • [Materi] M6 : Graf Berarah dan Implementasinya File → Deadline: -
[2026-06-27 09:48:54]      • [Materi] Video Literasi M6 : Graf Berarah dan Implementasinya URL → Deadline: -
[2026-06-27 09:48:58]      • [Quiz] Kuis M6 [KELAS PAGI] : Graf Berarah dan Implementasinya → Deadline: Tidak diketahui
[2026-06-27 09:49:03]      • [Quiz] Kuis M6 [KELAS MALAM] : Graf Berarah dan Implementasinya → Deadline: Tidak diketahui
[2026-06-27 09:49:07]      • [Materi] M8 : Penerapan Teori Graf di Bidang Teknik Sipil File → Deadline: -
[2026-06-27 09:49:12]      • [Materi] Video Literasi M8 : Penerapan Teori Graf di Bidang Teknik Sipil URL → Deadline: -
[2026-06-27 09:49:17]      • [Quiz] Kuis M8 [KELAS PAGI] : Penerapan Teori Graf di Bidang Teknik Sipil → Deadline: Tidak diketahui
[2026-06-27 09:49:21]      • [Quiz] Kuis M8 [KELAS MALAM] : Penerapan Teori Graf di Bidang Teknik Sipil → Deadline: Tidak diketahui
[2026-06-27 09:49:26]      • [Materi] M10 : Penerapan Teori Graf  di Bidang Teknik Industri File → Deadline: -
[2026-06-27 09:49:31]      • [Materi] Video Literasi M10 : Penerapan Teori Graf  di Bidang Teknik Industri URL → Deadline: -
[2026-06-27 09:49:35]      • [Quiz] Kuis M10 [kelas pagi] : Penerapan Teori Graf  di Bidang Teknik Industri → Deadline: Tidak diketahui
[2026-06-27 09:49:40]      • [Quiz] Kuis M10 [kelas malam]: Penerapan Teori Graf  di Bidang Teknik Industri → Deadline: Tidak diketahui
[2026-06-27 09:49:44]      • [Materi] M11 : Program Dinamis dan Permasalahan Tata Letak Fasilitas File → Deadline: -
[2026-06-27 09:49:49]      • [Materi] video literasi : Program Dinamis dan Permasalahan Tata Letak Fasilitas URL → Deadline: -
[2026-06-27 09:49:54]      • [Quiz] Kuis M11 [kelas PAGI]: Program Dinamis dan Permasalahan Tata Letak Fasilitas → Deadline: Tidak diketahui
[2026-06-27 09:49:59]      • [Quiz] Kuis M11 [kelas MALAM]: Program Dinamis dan Permasalahan Tata Letak Fasilitas → Deadline: Tidak diketahui
[2026-06-27 09:50:03] 📚 Mengambil mata kuliah ID 104413 ...
[2026-06-27 09:50:03]   ➤ ATA 2025/2026 | 3-FIKTI | Praktikum Terapan Teori Graf
[2026-06-27 09:50:03]      • [Materi] Panduan Praktikum  Forum → Deadline: -
[2026-06-27 09:50:08]      • [Materi] Panduan Google Collaboratory URL → Deadline: -
[2026-06-27 09:50:13]      • [Materi] Panduan Instalasi Anaconda URL → Deadline: -
[2026-06-27 09:50:17]      • [Quiz] Pre-Test (M1) → Deadline: Tidak diketahui
[2026-06-27 09:50:22]      • [Materi] 1.1  Pengantar: Teori Graf URL → Deadline: -
[2026-06-27 09:50:27]      • [Materi] 1.2  Sesi Hands-on Praktikum URL → Deadline: -
[2026-06-27 09:50:31]      • [Materi] 1.3 Tutorial Menambahkan File pada Mesin DGX URL → Deadline: -
[2026-06-27 09:50:36]      • [Quiz] Post-Test (M1) → Deadline: Tidak diketahui
[2026-06-27 09:50:40]      • [Assignment] Pengumpulan Tugas (M1) → Deadline: Saturday, 7 March 2026, 11:59 PM
[2026-06-27 09:50:44]      • [Quiz] Pre-Test (M2) → Deadline: Tidak diketahui
[2026-06-27 09:50:47]      • [Materi] 2.1  Pengantar: Berbagai Pemecahan Masalah Menggunakan Teori Graf Page → Deadline: -
[2026-06-27 09:50:52]      • [Quiz] Post-Test (M2) → Deadline: Tidak diketahui
[2026-06-27 09:50:57]      • [Assignment] Pengumpulan Tugas (M2) → Deadline: Saturday, 14 March 2026, 11:59 PM
[2026-06-27 09:51:02]      • [Quiz] Pre-Test (M4) → Deadline: Tidak diketahui
[2026-06-27 09:51:05]      • [Materi] 4.1  Pengantar: Breadth First Search URL → Deadline: -
[2026-06-27 09:51:09]      • [Materi] Sesi Praktikum File → Deadline: -
[2026-06-27 09:51:13]      • [Materi] Video Tutorial: Mendownload File IPYNB di Virtual Class URL → Deadline: -
[2026-06-27 09:51:17]      • [Quiz] Post-Test (M4) → Deadline: Tidak diketahui
[2026-06-27 09:51:21]      • [Assignment] Laporan Akhir (M4) → Deadline: Saturday, 11 April 2026, 11:59 PM
[2026-06-27 09:51:26]      • [Quiz] Pre-Test (M5) → Deadline: Tidak diketahui
[2026-06-27 09:51:30]      • [Materi] Sesi Praktikum URL → Deadline: -
[2026-06-27 09:51:34]      • [Quiz] Post-Test (M5) → Deadline: Tidak diketahui
[2026-06-27 09:51:38]      • [Assignment] Laporan Akhir (M5) → Deadline: Saturday, 18 April 2026, 11:59 PM
[2026-06-27 09:51:43]      • [Quiz] Pre-Test (M6) → Deadline: Tidak diketahui
[2026-06-27 09:51:47]      • [Materi] 6.1  Pendahuluan: Algoritma Dasar Tree URL → Deadline: -
[2026-06-27 09:51:52]      • [Materi] Sesi Praktikum File → Deadline: -
[2026-06-27 09:51:56]      • [Quiz] Post-Test (M6) → Deadline: Tidak diketahui
[2026-06-27 09:52:00]      • [Assignment] Laporan Akhir (M6) → Deadline: Saturday, 25 April 2026, 11:59 PM
[2026-06-27 09:52:05]      • [Quiz] Pre-Test (M8) → Deadline: Tidak diketahui
[2026-06-27 09:52:09]      • [Materi] 8.1  Pendahuluan: Implementasi Graph URL → Deadline: -
[2026-06-27 09:52:13]      • [Materi] Link File Praktikum I - family.pl → Deadline: -
[2026-06-27 09:52:17]      • [Materi] Link File Praktikum II - 8-puzzles.ipynb → Deadline: -
[2026-06-27 09:52:22]      • [Materi] Video Tutorial: Mendownload File IPYNB di Virtual Class URL → Deadline: -
[2026-06-27 09:52:27]      • [Quiz] Post-Test (M8) → Deadline: Tidak diketahui
[2026-06-27 09:52:31]      • [Assignment] Laporan Akhir (M8) → Deadline: Saturday, 9 May 2026, 11:59 PM
[2026-06-27 09:52:36]      • [Quiz] Pre-Test (M9) → Deadline: Tidak diketahui
[2026-06-27 09:52:40]      • [Materi] Sesi Hands-on Praktikum URL → Deadline: -
[2026-06-27 09:52:44]      • [Quiz] Post-Test (M9) → Deadline: Tidak diketahui
[2026-06-27 09:52:48]      • [Assignment] Pengumpulan Tugas (M9) → Deadline: Saturday, 16 May 2026, 11:59 PM
[2026-06-27 09:52:52]      • [Quiz] Pre-Test (M3) → Deadline: Tidak diketahui
[2026-06-27 09:52:57]      • [Materi] Sesi Praktikum URL → Deadline: -
[2026-06-27 09:53:01]      • [Materi] Video Tutorial: Menambahkan File pada Mesin DGX URL → Deadline: -
[2026-06-27 09:53:05]      • [Quiz] Post-Test (M3) → Deadline: Tidak diketahui
[2026-06-27 09:53:10]      • [Assignment] Pengumpulan Tugas (M3) → Deadline: Saturday, 23 May 2026, 11:59 PM
[2026-06-27 09:53:15]      • [Quiz] Pre-Test (M7) → Deadline: Tidak diketahui
[2026-06-27 09:53:19]      • [Materi] Link File Praktikum I - 3-Tekrek-Find-Center.ipynb → Deadline: -
[2026-06-27 09:53:23]      • [Materi] Link File Praktikum II - 3-Tekrek-Sortest-Path.ipynb → Deadline: -
[2026-06-27 09:53:28]      • [Materi] Video Tutorial: Mendownload File IPYNB di Virtual Class URL → Deadline: -
[2026-06-27 09:53:32]      • [Quiz] Post-Test (M7) → Deadline: Tidak diketahui
[2026-06-27 09:53:36]      • [Assignment] Laporan Akhir (M7) → Deadline: Saturday, 23 May 2026, 11:59 PM
[2026-06-27 09:53:41] 📦 Total tugas ditemukan: 112
[2026-06-27 09:53:41] 💾 Disimpan ke python/node/tugas.json
[2026-06-27 18:00:41] 🔐 Login ke V-Class...
[2026-06-27 18:00:42] ✅ Login berhasil
[2026-06-27 18:00:42] 📚 Mengambil mata kuliah ID 108486 ...
[2026-06-27 18:00:42]   ➤ ATA 2025/2026 | 3KB01 | Jaringan Komputer Lanjut | VIVIEN NOVA FITHRIANA
[2026-06-27 18:00:42]      • [Materi] Announcements Forum → Deadline: -
[2026-06-27 18:00:46]      • [Materi] M1 File → Deadline: -
[2026-06-27 18:00:50]      • [Materi] M2 File → Deadline: -
[2026-06-27 18:00:54]      • [Materi] M3 File → Deadline: -
[2026-06-27 18:00:59]      • [Materi] M4 File → Deadline: -
[2026-06-27 18:01:04]      • [Materi] M5 File → Deadline: -
[2026-06-27 18:01:08]      • [Materi] M6 File → Deadline: -
[2026-06-27 18:01:12]      • [Materi] M7 File → Deadline: -
[2026-06-27 18:01:16]      • [Materi] VC-1 : Traffic dan Algoritma Kendali Kemacetan File → Deadline: -
[2026-06-27 18:01:21]      • [Materi] VC-1 : Traffic dan Algoritma Kendali Kemacetan File → Deadline: -
[2026-06-27 18:01:26]      • [Materi] Forum VC-1 : Traffic dan Algoritma Kendali Kemacetan → Deadline: -
[2026-06-27 18:01:30]      • [Quiz] Latihan Soal VC-1 : Traffic dan Algoritma Kendali Kemacetan → Deadline: Tidak diketahui
[2026-06-27 18:01:34]      • [Materi] VC-2 : Traffic dan Algoritma Kendali Kemacetan - Bagian 2 File → Deadline: -
[2026-06-27 18:01:39]      • [Materi] Forum VC-2 : Traffic dan Algoritma Kendali Kemacetan - Bagian 2 → Deadline: -
[2026-06-27 18:01:43]      • [Quiz] Latihan Soal VC-2 : Traffic dan Algoritma Kendali Kemacetan - Bagian 2 → Deadline: Tidak diketahui
[2026-06-27 18:01:47]      • [Materi] VC-3 : Lapisan Transport File → Deadline: -
[2026-06-27 18:01:52]      • [Materi] Forum VC-3 : Lapisan Transport → Deadline: -
[2026-06-27 18:01:56]      • [Quiz] Latihan Soal VC-3 : Lapisan Transport → Deadline: Wednesday, 15 July 2026, 11:59 PM
[2026-06-27 18:02:00] 📚 Mengambil mata kuliah ID 108172 ...
[2026-06-27 18:02:00]   ➤ ATA 2025/2026 | 3KB01 | Internet of Things (IoT) | PURNAWARMAN MUSA
[2026-06-27 18:02:00]      • [Materi] Announcements Forum → Deadline: -
[2026-06-27 18:02:05]      • [Materi] M6 File → Deadline: -
[2026-06-27 18:02:09]      • [Quiz] Soal (Tugas Individu) → Deadline: Tidak diketahui
[2026-06-27 18:02:13]      • [Quiz] Soal (Tugas Individu) → Deadline: Tidak diketahui
[2026-06-27 18:02:17] 📚 Mengambil mata kuliah ID 109563 ...
[2026-06-27 18:02:17]   ➤ ATA 2025/2026 | 3KB01 | Sistem Tertanam (Embedded) * | RIDHA ISKANDAR
[2026-06-27 18:02:17]      • [Materi] Selamat Datang di V-Class Sistem Tertanam (Embedded) Forum → Deadline: -
[2026-06-27 18:02:21]      • [Assignment] File 1 → Deadline: Sunday, 26 April 2026, 12:00 AM
[2026-06-27 18:02:25] 📚 Mengambil mata kuliah ID 109970 ...
[2026-06-27 18:02:26]   ➤ ATA 2025/2026 | 2EB10 | Bahasa Indonesia | MELANIAWATI
[2026-06-27 18:02:26] 📚 Mengambil mata kuliah ID 107919 ...
[2026-06-27 18:02:26]   ➤ ATA 2025/2026 | 3KB01 | Sistem Cerdas Lanjut | NUR SULTAN SALAHUDDIN
[2026-06-27 18:02:26]      • [Materi] Announcements Forum → Deadline: -
[2026-06-27 18:02:29]      • [Assignment] Sistem Kesehatan Cerdas → Deadline: Thursday, 21 May 2026, 12:00 AM
[2026-06-27 18:02:34]      • [Quiz] Sistem Kesehatan Cerdas → Deadline: Tidak diketahui
[2026-06-27 18:02:39] 📚 Mengambil mata kuliah ID 107291 ...
[2026-06-27 18:02:39]   ➤ ATA 2025/2026 | 3KB01 | Pengantarmukaan Perif.Komputer * | FARID THALIB
[2026-06-27 18:02:39]      • [Materi] Announcements Forum → Deadline: -
[2026-06-27 18:02:43] 📚 Mengambil mata kuliah ID 104438 ...
[2026-06-27 18:02:43]   ➤ ATA 2025/2026 | 3-FIKTI | Terapan Teori Graf | TEAM TEACHING
[2026-06-27 18:02:43]      • [Materi] PEMBERITAHUAN UTS SUSULAN File → Deadline: -
[2026-06-27 18:02:48]      • [Materi] PEMBERITAHUAN PELAKSANAAN TEAM TEACHING TERAPAN TEORI GRAF Forum → Deadline: -
[2026-06-27 18:02:53]      • [Materi] M1: Pendahuluan Teori Graf File → Deadline: -
[2026-06-27 18:02:58]      • [Materi] Video Literasi M1: Pendahuluan Teori Graf URL → Deadline: -
[2026-06-27 18:03:02]      • [Quiz] Kuis M1 [kelas PAGI] → Deadline: Tidak diketahui
[2026-06-27 18:03:07]      • [Quiz] Kuis M1 [kelas MALAM] → Deadline: Tidak diketahui
[2026-06-27 18:03:11]      • [Materi] M2: Graf Tidak Berarah dan Graf Berbobot File → Deadline: -
[2026-06-27 18:03:15]      • [Materi] Video Literasi M2 : Graf Tidak Berarah dan Graf Berbobot URL → Deadline: -
[2026-06-27 18:03:19]      • [Quiz] Kuis M2 [KELAS PAGI] : Graf Tidak Berarah dan Graf Berbobot → Deadline: Tidak diketahui
[2026-06-27 18:03:25]      • [Quiz] Kuis M2 [KELAS MALAM] : Graf Tidak Berarah dan Graf Berbobot → Deadline: Tidak diketahui
[2026-06-27 18:03:29]      • [Materi] M4 : Aplikasi Teori Graf di Teknik Elektro File → Deadline: -
[2026-06-27 18:03:33]      • [Materi] Video Literasi M4 : Aplikasi Teori Graf di Teknik Elektro URL → Deadline: -
[2026-06-27 18:03:37]      • [Quiz] Kuis M4 [KELAS PAGI]: Aplikasi Teori Graf di Teknik Elektro → Deadline: Tidak diketahui
[2026-06-27 18:03:42]      • [Quiz] Kuis M4 [KELAS MALAM]: Aplikasi Teori Graf di Teknik Elektro → Deadline: Tidak diketahui
[2026-06-27 18:03:46]      • [Materi] M5 : Knowledge Graph dan Database Graph File → Deadline: -
[2026-06-27 18:03:50]      • [Materi] Video Literasi  M5 : Knowledge Graph dan Database Graph URL → Deadline: -
[2026-06-27 18:03:54]      • [Quiz] Kuis M5 [KELAS PAGI] : nowledge Graph dan Database Graph → Deadline: Tidak diketahui
[2026-06-27 18:03:58]      • [Quiz] Kuis M5 [KELAS MALAM] : Knowledge Graph dan Database Graph → Deadline: Tidak diketahui
[2026-06-27 18:04:03]      • [Materi] M6 : Graf Berarah dan Implementasinya File → Deadline: -
[2026-06-27 18:04:07]      • [Materi] Video Literasi M6 : Graf Berarah dan Implementasinya URL → Deadline: -
[2026-06-27 18:04:12]      • [Quiz] Kuis M6 [KELAS PAGI] : Graf Berarah dan Implementasinya → Deadline: Tidak diketahui
[2026-06-27 18:04:17]      • [Quiz] Kuis M6 [KELAS MALAM] : Graf Berarah dan Implementasinya → Deadline: Tidak diketahui
[2026-06-27 18:04:21]      • [Materi] M8 : Penerapan Teori Graf di Bidang Teknik Sipil File → Deadline: -
[2026-06-27 18:04:26]      • [Materi] Video Literasi M8 : Penerapan Teori Graf di Bidang Teknik Sipil URL → Deadline: -
[2026-06-27 18:04:30]      • [Quiz] Kuis M8 [KELAS PAGI] : Penerapan Teori Graf di Bidang Teknik Sipil → Deadline: Tidak diketahui
[2026-06-27 18:04:34]      • [Quiz] Kuis M8 [KELAS MALAM] : Penerapan Teori Graf di Bidang Teknik Sipil → Deadline: Tidak diketahui
[2026-06-27 18:04:38]      • [Materi] M10 : Penerapan Teori Graf  di Bidang Teknik Industri File → Deadline: -
[2026-06-27 18:04:42]      • [Materi] Video Literasi M10 : Penerapan Teori Graf  di Bidang Teknik Industri URL → Deadline: -
[2026-06-27 18:04:47]      • [Quiz] Kuis M10 [kelas pagi] : Penerapan Teori Graf  di Bidang Teknik Industri → Deadline: Tidak diketahui
[2026-06-27 18:04:50]      • [Quiz] Kuis M10 [kelas malam]: Penerapan Teori Graf  di Bidang Teknik Industri → Deadline: Tidak diketahui
[2026-06-27 18:04:55]      • [Materi] M11 : Program Dinamis dan Permasalahan Tata Letak Fasilitas File → Deadline: -
[2026-06-27 18:04:59]      • [Materi] video literasi : Program Dinamis dan Permasalahan Tata Letak Fasilitas URL → Deadline: -
[2026-06-27 18:05:04]      • [Quiz] Kuis M11 [kelas PAGI]: Program Dinamis dan Permasalahan Tata Letak Fasilitas → Deadline: Tidak diketahui
[2026-06-27 18:05:08]      • [Quiz] Kuis M11 [kelas MALAM]: Program Dinamis dan Permasalahan Tata Letak Fasilitas → Deadline: Tidak diketahui
[2026-06-27 18:05:13] 📚 Mengambil mata kuliah ID 104413 ...
[2026-06-27 18:05:13]   ➤ ATA 2025/2026 | 3-FIKTI | Praktikum Terapan Teori Graf
[2026-06-27 18:05:13]      • [Materi] Panduan Praktikum  Forum → Deadline: -
[2026-06-27 18:05:18]      • [Materi] Panduan Google Collaboratory URL → Deadline: -
[2026-06-27 18:05:22]      • [Materi] Panduan Instalasi Anaconda URL → Deadline: -
[2026-06-27 18:05:27]      • [Quiz] Pre-Test (M1) → Deadline: Tidak diketahui
[2026-06-27 18:05:30]      • [Materi] 1.1  Pengantar: Teori Graf URL → Deadline: -
[2026-06-27 18:05:35]      • [Materi] 1.2  Sesi Hands-on Praktikum URL → Deadline: -
[2026-06-27 18:05:39]      • [Materi] 1.3 Tutorial Menambahkan File pada Mesin DGX URL → Deadline: -
[2026-06-27 18:05:43]      • [Quiz] Post-Test (M1) → Deadline: Tidak diketahui
[2026-06-27 18:05:48]      • [Assignment] Pengumpulan Tugas (M1) → Deadline: Saturday, 7 March 2026, 11:59 PM
[2026-06-27 18:05:52]      • [Quiz] Pre-Test (M2) → Deadline: Tidak diketahui
[2026-06-27 18:05:57]      • [Materi] 2.1  Pengantar: Berbagai Pemecahan Masalah Menggunakan Teori Graf Page → Deadline: -
[2026-06-27 18:06:01]      • [Quiz] Post-Test (M2) → Deadline: Tidak diketahui
[2026-06-27 18:06:05]      • [Assignment] Pengumpulan Tugas (M2) → Deadline: Saturday, 14 March 2026, 11:59 PM
[2026-06-27 18:06:09]      • [Quiz] Pre-Test (M4) → Deadline: Tidak diketahui
[2026-06-27 18:06:13]      • [Materi] 4.1  Pengantar: Breadth First Search URL → Deadline: -
[2026-06-27 18:06:18]      • [Materi] Sesi Praktikum File → Deadline: -
[2026-06-27 18:06:21]      • [Materi] Video Tutorial: Mendownload File IPYNB di Virtual Class URL → Deadline: -
[2026-06-27 18:06:25]      • [Quiz] Post-Test (M4) → Deadline: Tidak diketahui
[2026-06-27 18:06:29]      • [Assignment] Laporan Akhir (M4) → Deadline: Saturday, 11 April 2026, 11:59 PM
[2026-06-27 18:06:34]      • [Quiz] Pre-Test (M5) → Deadline: Tidak diketahui
[2026-06-27 18:06:38]      • [Materi] Sesi Praktikum URL → Deadline: -
[2026-06-27 18:06:42]      • [Quiz] Post-Test (M5) → Deadline: Tidak diketahui
[2026-06-27 18:06:47]      • [Assignment] Laporan Akhir (M5) → Deadline: Saturday, 18 April 2026, 11:59 PM
[2026-06-27 18:06:51]      • [Quiz] Pre-Test (M6) → Deadline: Tidak diketahui
[2026-06-27 18:06:56]      • [Materi] 6.1  Pendahuluan: Algoritma Dasar Tree URL → Deadline: -
[2026-06-27 18:07:00]      • [Materi] Sesi Praktikum File → Deadline: -
[2026-06-27 18:07:04]      • [Quiz] Post-Test (M6) → Deadline: Tidak diketahui
[2026-06-27 18:07:09]      • [Assignment] Laporan Akhir (M6) → Deadline: Saturday, 25 April 2026, 11:59 PM
[2026-06-27 18:07:13]      • [Quiz] Pre-Test (M8) → Deadline: Tidak diketahui
[2026-06-27 18:07:17]      • [Materi] 8.1  Pendahuluan: Implementasi Graph URL → Deadline: -
[2026-06-27 18:07:20]      • [Materi] Link File Praktikum I - family.pl → Deadline: -
[2026-06-27 18:07:24]      • [Materi] Link File Praktikum II - 8-puzzles.ipynb → Deadline: -
[2026-06-27 18:07:28]      • [Materi] Video Tutorial: Mendownload File IPYNB di Virtual Class URL → Deadline: -
[2026-06-27 18:07:32]      • [Quiz] Post-Test (M8) → Deadline: Tidak diketahui
[2026-06-27 18:07:36]      • [Assignment] Laporan Akhir (M8) → Deadline: Saturday, 9 May 2026, 11:59 PM
[2026-06-27 18:07:41]      • [Quiz] Pre-Test (M9) → Deadline: Tidak diketahui
[2026-06-27 18:07:44]      • [Materi] Sesi Hands-on Praktikum URL → Deadline: -
[2026-06-27 18:07:49]      • [Quiz] Post-Test (M9) → Deadline: Tidak diketahui
[2026-06-27 18:07:54]      • [Assignment] Pengumpulan Tugas (M9) → Deadline: Saturday, 16 May 2026, 11:59 PM
[2026-06-27 18:07:58]      • [Quiz] Pre-Test (M3) → Deadline: Tidak diketahui
[2026-06-27 18:08:01]      • [Materi] Sesi Praktikum URL → Deadline: -
[2026-06-27 18:08:05]      • [Materi] Video Tutorial: Menambahkan File pada Mesin DGX URL → Deadline: -
[2026-06-27 18:08:10]      • [Quiz] Post-Test (M3) → Deadline: Tidak diketahui
[2026-06-27 18:08:15]      • [Assignment] Pengumpulan Tugas (M3) → Deadline: Saturday, 23 May 2026, 11:59 PM
[2026-06-27 18:08:20]      • [Quiz] Pre-Test (M7) → Deadline: Tidak diketahui
[2026-06-27 18:08:24]      • [Materi] Link File Praktikum I - 3-Tekrek-Find-Center.ipynb → Deadline: -
[2026-06-27 18:08:28]      • [Materi] Link File Praktikum II - 3-Tekrek-Sortest-Path.ipynb → Deadline: -
[2026-06-27 18:08:32]      • [Materi] Video Tutorial: Mendownload File IPYNB di Virtual Class URL → Deadline: -
[2026-06-27 18:08:36]      • [Quiz] Post-Test (M7) → Deadline: Tidak diketahui
[2026-06-27 18:08:41]      • [Assignment] Laporan Akhir (M7) → Deadline: Saturday, 23 May 2026, 11:59 PM
[2026-06-27 18:08:45] 📦 Total tugas ditemukan: 112
[2026-06-27 18:08:45] 💾 Disimpan ke python/node/tugas.json
