[2026-08-12 09:45:33] 🔐 Login ke V-Class...
[2026-08-12 09:45:33] ✅ Login berhasil
[2026-08-12 09:45:33] 📚 Mengambil mata kuliah ID 108486 ...
[2026-08-12 09:45:33]   ➤ ATA 2025/2026 | 3KB01 | Jaringan Komputer Lanjut | VIVIEN NOVA FITHRIANA
[2026-08-12 09:45:33]      • [Materi] Announcements Forum → Deadline: -
[2026-08-12 09:45:38]      • [Materi] M1 File → Deadline: -
[2026-08-12 09:45:43]      • [Materi] M2 File → Deadline: -
[2026-08-12 09:45:47]      • [Materi] M3 File → Deadline: -
[2026-08-12 09:45:52]      • [Materi] M4 File → Deadline: -
[2026-08-12 09:45:56]      • [Materi] M5 File → Deadline: -
[2026-08-12 09:46:00]      • [Materi] M6 File → Deadline: -
[2026-08-12 09:46:04]      • [Materi] M7 File → Deadline: -
[2026-08-12 09:46:08]      • [Materi] VC-1 : Traffic dan Algoritma Kendali Kemacetan File → Deadline: -
[2026-08-12 09:46:12]      • [Materi] VC-1 : Traffic dan Algoritma Kendali Kemacetan File → Deadline: -
[2026-08-12 09:46:16]      • [Materi] Forum VC-1 : Traffic dan Algoritma Kendali Kemacetan → Deadline: -
[2026-08-12 09:46:21]      • [Quiz] Latihan Soal VC-1 : Traffic dan Algoritma Kendali Kemacetan → Deadline: Tidak diketahui
[2026-08-12 09:46:25]      • [Materi] VC-2 : Traffic dan Algoritma Kendali Kemacetan - Bagian 2 File → Deadline: -
[2026-08-12 09:46:29]      • [Materi] Forum VC-2 : Traffic dan Algoritma Kendali Kemacetan - Bagian 2 → Deadline: -
[2026-08-12 09:46:33]      • [Quiz] Latihan Soal VC-2 : Traffic dan Algoritma Kendali Kemacetan - Bagian 2 → Deadline: Tidak diketahui
[2026-08-12 09:46:37]      • [Materi] VC-3 : Lapisan Transport File → Deadline: -
[2026-08-12 09:46:41]      • [Materi] Forum VC-3 : Lapisan Transport → Deadline: -
[2026-08-12 09:46:46]      • [Quiz] Latihan Soal VC-3 : Lapisan Transport → Deadline: Tidak diketahui
[2026-08-12 09:46:51] 📚 Mengambil mata kuliah ID 108172 ...
[2026-08-12 09:46:51]   ➤ ATA 2025/2026 | 3KB01 | Internet of Things (IoT) | PURNAWARMAN MUSA
[2026-08-12 09:46:51]      • [Materi] Announcements Forum → Deadline: -
[2026-08-12 09:46:55]      • [Materi] M6 File → Deadline: -
[2026-08-12 09:47:00]      • [Quiz] Soal (Tugas Individu) → Deadline: Tidak diketahui
[2026-08-12 09:47:05]      • [Quiz] Soal (Tugas Individu) → Deadline: Tidak diketahui
[2026-08-12 09:47:09] 📚 Mengambil mata kuliah ID 109563 ...
[2026-08-12 09:47:09]   ➤ ATA 2025/2026 | 3KB01 | Sistem Tertanam (Embedded) * | RIDHA ISKANDAR
[2026-08-12 09:47:09]      • [Materi] Selamat Datang di V-Class Sistem Tertanam (Embedded) Forum → Deadline: -
[2026-08-12 09:47:14]      • [Assignment] File 1 → Deadline: Sunday, 26 April 2026, 12:00 AM
[2026-08-12 09:47:18] 📚 Mengambil mata kuliah ID 109970 ...
[2026-08-12 09:47:18]   ➤ ATA 2025/2026 | 2EB10 | Bahasa Indonesia | MELANIAWATI
[2026-08-12 09:47:18] 📚 Mengambil mata kuliah ID 107919 ...
[2026-08-12 09:47:18]   ➤ ATA 2025/2026 | 3KB01 | Sistem Cerdas Lanjut | NUR SULTAN SALAHUDDIN
[2026-08-12 09:47:18]      • [Materi] Announcements Forum → Deadline: -
[2026-08-12 09:47:23]      • [Assignment] Sistem Kesehatan Cerdas → Deadline: Thursday, 21 May 2026, 12:00 AM
[2026-08-12 09:47:28]      • [Quiz] Sistem Kesehatan Cerdas → Deadline: Tidak diketahui
[2026-08-12 09:47:32]      • [Assignment] Sistem Industri Cerdas → Deadline: Monday, 20 July 2026, 12:00 AM
[2026-08-12 09:47:37]      • [Quiz] Sistem Industri Cerdas → Deadline: Tidak diketahui
[2026-08-12 09:47:42] 📚 Mengambil mata kuliah ID 107291 ...
[2026-08-12 09:47:42]   ➤ ATA 2025/2026 | 3KB01 | Pengantarmukaan Perif.Komputer * | FARID THALIB
[2026-08-12 09:47:42]      • [Materi] Announcements Forum → Deadline: -
[2026-08-12 09:47:45] 📚 Mengambil mata kuliah ID 104438 ...
[2026-08-12 09:47:46]   ➤ ATA 2025/2026 | 3-FIKTI | Terapan Teori Graf | TEAM TEACHING
[2026-08-12 09:47:46]      • [Materi] PEMBERITAHUAN UTS SUSULAN File → Deadline: -
[2026-08-12 09:47:50]      • [Materi] PEMBERITAHUAN PELAKSANAAN TEAM TEACHING TERAPAN TEORI GRAF Forum → Deadline: -
[2026-08-12 09:47:54]      • [Materi] M1: Pendahuluan Teori Graf File → Deadline: -
[2026-08-12 09:47:58]      • [Materi] Video Literasi M1: Pendahuluan Teori Graf URL → Deadline: -
[2026-08-12 09:48:02]      • [Quiz] Kuis M1 [kelas PAGI] → Deadline: Tidak diketahui
[2026-08-12 09:48:06]      • [Quiz] Kuis M1 [kelas MALAM] → Deadline: Tidak diketahui
[2026-08-12 09:48:10]      • [Materi] M2: Graf Tidak Berarah dan Graf Berbobot File → Deadline: -
[2026-08-12 09:48:13]      • [Materi] Video Literasi M2 : Graf Tidak Berarah dan Graf Berbobot URL → Deadline: -
[2026-08-12 09:48:23]      • [Quiz] Kuis M2 [KELAS PAGI] : Graf Tidak Berarah dan Graf Berbobot → Deadline: Tidak diketahui
[2026-08-12 09:48:27]      • [Quiz] Kuis M2 [KELAS MALAM] : Graf Tidak Berarah dan Graf Berbobot → Deadline: Tidak diketahui
[2026-08-12 09:48:32]      • [Materi] M4 : Aplikasi Teori Graf di Teknik Elektro File → Deadline: -
[2026-08-12 09:48:37]      • [Materi] Video Literasi M4 : Aplikasi Teori Graf di Teknik Elektro URL → Deadline: -
[2026-08-12 09:48:41]      • [Quiz] Kuis M4 [KELAS PAGI]: Aplikasi Teori Graf di Teknik Elektro → Deadline: Tidak diketahui
[2026-08-12 09:48:46]      • [Quiz] Kuis M4 [KELAS MALAM]: Aplikasi Teori Graf di Teknik Elektro → Deadline: Tidak diketahui
[2026-08-12 09:48:51]      • [Materi] M5 : Knowledge Graph dan Database Graph File → Deadline: -
[2026-08-12 09:48:55]      • [Materi] Video Literasi  M5 : Knowledge Graph dan Database Graph URL → Deadline: -
[2026-08-12 09:49:05]      • [Quiz] Kuis M5 [KELAS PAGI] : nowledge Graph dan Database Graph → Deadline: Tidak diketahui
[2026-08-12 09:49:09]      • [Quiz] Kuis M5 [KELAS MALAM] : Knowledge Graph dan Database Graph → Deadline: Tidak diketahui
[2026-08-12 09:49:14]      • [Materi] M6 : Graf Berarah dan Implementasinya File → Deadline: -
[2026-08-12 09:49:19]      • [Materi] Video Literasi M6 : Graf Berarah dan Implementasinya URL → Deadline: -
[2026-08-12 09:49:24]      • [Quiz] Kuis M6 [KELAS PAGI] : Graf Berarah dan Implementasinya → Deadline: Tidak diketahui
[2026-08-12 09:49:28]      • [Quiz] Kuis M6 [KELAS MALAM] : Graf Berarah dan Implementasinya → Deadline: Tidak diketahui
[2026-08-12 09:49:32]      • [Materi] M8 : Penerapan Teori Graf di Bidang Teknik Sipil File → Deadline: -
[2026-08-12 09:49:36]      • [Materi] Video Literasi M8 : Penerapan Teori Graf di Bidang Teknik Sipil URL → Deadline: -
[2026-08-12 09:49:40]      • [Quiz] Kuis M8 [KELAS PAGI] : Penerapan Teori Graf di Bidang Teknik Sipil → Deadline: Tidak diketahui
[2026-08-12 09:49:44]      • [Quiz] Kuis M8 [KELAS MALAM] : Penerapan Teori Graf di Bidang Teknik Sipil → Deadline: Tidak diketahui
[2026-08-12 09:49:49]      • [Materi] M10 : Penerapan Teori Graf  di Bidang Teknik Industri File → Deadline: -
[2026-08-12 09:49:53]      • [Materi] Video Literasi M10 : Penerapan Teori Graf  di Bidang Teknik Industri URL → Deadline: -
[2026-08-12 09:49:57]      • [Quiz] Kuis M10 [kelas pagi] : Penerapan Teori Graf  di Bidang Teknik Industri → Deadline: Tidak diketahui
[2026-08-12 09:50:02]      • [Quiz] Kuis M10 [kelas malam]: Penerapan Teori Graf  di Bidang Teknik Industri → Deadline: Tidak diketahui
[2026-08-12 09:50:06]      • [Materi] M11 : Program Dinamis dan Permasalahan Tata Letak Fasilitas File → Deadline: -
[2026-08-12 09:50:10]      • [Materi] video literasi : Program Dinamis dan Permasalahan Tata Letak Fasilitas URL → Deadline: -
[2026-08-12 09:50:14]      • [Quiz] Kuis M11 [kelas PAGI]: Program Dinamis dan Permasalahan Tata Letak Fasilitas → Deadline: Tidak diketahui
[2026-08-12 09:50:19]      • [Quiz] Kuis M11 [kelas MALAM]: Program Dinamis dan Permasalahan Tata Letak Fasilitas → Deadline: Tidak diketahui
[2026-08-12 09:50:23]      • [Materi] M12: Algoritma Greedy pada Graf File → Deadline: -
[2026-08-12 09:50:28]      • [Materi] Video literasi M12: Algoritma Greedy pada Graf URL → Deadline: -
[2026-08-12 09:50:38]      • [Quiz] Kuis M12 [kelas PAGI] → Deadline: Tidak diketahui
[2026-08-12 09:50:41]      • [Quiz] Kuis M12 [kelas MALAM] → Deadline: Tidak diketahui
[2026-08-12 09:50:45]      • [Materi] M13 File → Deadline: -
[2026-08-12 09:50:49]      • [Materi] Video Literasi M13 : Graph Theory Implementation in Oil Mining Company URL → Deadline: -
[2026-08-12 09:50:58]      • [Quiz] Kuis M13 [PAGI]: Graph Theory Implementation in Oil Mining Company → Deadline: Tidak diketahui
[2026-08-12 09:51:03]      • [Quiz] Kuis M13 [MALAM]: Graph Theory Implementation in Oil Mining Company → Deadline: Tidak diketahui
[2026-08-12 09:51:08]      • [Materi] M14 : Aplikasi Graf Lengkap sebagai Graf Representasi untuk Model Optimasi Rute Kendaraan File → Deadline: -
[2026-08-12 09:51:13]      • [Materi] Video Literasi : Aplikasi Graf Lengkap sebagai Graf Representasi untuk Model Optimasi Rute Kendaraan URL → Deadline: -
[2026-08-12 09:51:33]      • [Quiz] Kuis M14 [PAGI]: Aplikasi Graf Lengkap sebagai Graf Representasi untuk Model Optimasi Rute Kendaraan → Deadline: Tidak diketahui
[2026-08-12 09:51:37]      • [Quiz] Kuis M14 [MALAM]: Aplikasi Graf Lengkap sebagai Graf Representasi untuk Model Optimasi Rute Kendaraan → Deadline: Tidak diketahui
[2026-08-12 09:51:42] 📚 Mengambil mata kuliah ID 104413 ...
[2026-08-12 09:51:42]   ➤ ATA 2025/2026 | 3-FIKTI | Praktikum Terapan Teori Graf
[2026-08-12 09:51:42]      • [Materi] Panduan Praktikum  Forum → Deadline: -
[2026-08-12 09:51:46]      • [Materi] Panduan Google Collaboratory URL → Deadline: -
[2026-08-12 09:51:50]      • [Materi] Panduan Instalasi Anaconda URL → Deadline: -
[2026-08-12 09:51:59]      • [Quiz] Pre-Test (M1) → Deadline: Tidak diketahui
[2026-08-12 09:52:04]      • [Materi] 1.1  Pengantar: Teori Graf URL → Deadline: -
[2026-08-12 09:52:07]      • [Materi] 1.2  Sesi Hands-on Praktikum URL → Deadline: -
[2026-08-12 09:52:11]      • [Materi] 1.3 Tutorial Menambahkan File pada Mesin DGX URL → Deadline: -
[2026-08-12 09:52:25]      • [Quiz] Post-Test (M1) → Deadline: Tidak diketahui
[2026-08-12 09:52:29]      • [Assignment] Pengumpulan Tugas (M1) → Deadline: Saturday, 7 March 2026, 11:59 PM
[2026-08-12 09:52:33]      • [Quiz] Pre-Test (M2) → Deadline: Tidak diketahui
[2026-08-12 09:52:38]      • [Materi] 2.1  Pengantar: Berbagai Pemecahan Masalah Menggunakan Teori Graf Page → Deadline: -
[2026-08-12 09:52:43]      • [Quiz] Post-Test (M2) → Deadline: Tidak diketahui
[2026-08-12 09:52:47]      • [Assignment] Pengumpulan Tugas (M2) → Deadline: Saturday, 14 March 2026, 11:59 PM
[2026-08-12 09:52:51]      • [Quiz] Pre-Test (M4) → Deadline: Tidak diketahui
[2026-08-12 09:52:55]      • [Materi] 4.1  Pengantar: Breadth First Search URL → Deadline: -
[2026-08-12 09:53:00]      • [Materi] Sesi Praktikum File → Deadline: -
[2026-08-12 09:53:04]      • [Materi] Video Tutorial: Mendownload File IPYNB di Virtual Class URL → Deadline: -
[2026-08-12 09:53:14]      • [Quiz] Post-Test (M4) → Deadline: Tidak diketahui
[2026-08-12 09:53:19]      • [Assignment] Laporan Akhir (M4) → Deadline: Saturday, 11 April 2026, 11:59 PM
[2026-08-12 09:53:23]      • [Quiz] Pre-Test (M5) → Deadline: Tidak diketahui
[2026-08-12 09:53:27]      • [Materi] Sesi Praktikum URL → Deadline: -
[2026-08-12 09:53:32]      • [Quiz] Post-Test (M5) → Deadline: Tidak diketahui
[2026-08-12 09:53:36]      • [Assignment] Laporan Akhir (M5) → Deadline: Saturday, 18 April 2026, 11:59 PM
[2026-08-12 09:53:41]      • [Quiz] Pre-Test (M6) → Deadline: Tidak diketahui
[2026-08-12 09:53:45]      • [Materi] 6.1  Pendahuluan: Algoritma Dasar Tree URL → Deadline: -
[2026-08-12 09:53:49]      • [Materi] Sesi Praktikum File → Deadline: -
[2026-08-12 09:53:54]      • [Quiz] Post-Test (M6) → Deadline: Tidak diketahui
[2026-08-12 09:53:59]      • [Assignment] Laporan Akhir (M6) → Deadline: Saturday, 25 April 2026, 11:59 PM
[2026-08-12 09:54:04]      • [Quiz] Pre-Test (M8) → Deadline: Tidak diketahui
[2026-08-12 09:54:08]      • [Materi] 8.1  Pendahuluan: Implementasi Graph URL → Deadline: -
[2026-08-12 09:54:13]      • [Materi] Link File Praktikum I - family.pl → Deadline: -
[2026-08-12 09:54:17]      • [Materi] Link File Praktikum II - 8-puzzles.ipynb → Deadline: -
[2026-08-12 09:54:22]      • [Materi] Video Tutorial: Mendownload File IPYNB di Virtual Class URL → Deadline: -
[2026-08-12 09:54:27]      • [Quiz] Post-Test (M8) → Deadline: Tidak diketahui
[2026-08-12 09:54:31]      • [Assignment] Laporan Akhir (M8) → Deadline: Saturday, 9 May 2026, 11:59 PM
[2026-08-12 09:54:36]      • [Quiz] Pre-Test (M9) → Deadline: Tidak diketahui
[2026-08-12 09:54:39]      • [Materi] Sesi Hands-on Praktikum URL → Deadline: -
[2026-08-12 09:54:44]      • [Quiz] Post-Test (M9) → Deadline: Tidak diketahui
[2026-08-12 09:54:48]      • [Assignment] Pengumpulan Tugas (M9) → Deadline: Saturday, 16 May 2026, 11:59 PM
[2026-08-12 09:54:53]      • [Quiz] Pre-Test (M3) → Deadline: Tidak diketahui
[2026-08-12 09:54:57]      • [Materi] Sesi Praktikum URL → Deadline: -
[2026-08-12 09:55:02]      • [Materi] Video Tutorial: Menambahkan File pada Mesin DGX URL → Deadline: -
[2026-08-12 09:55:06]      • [Quiz] Post-Test (M3) → Deadline: Tidak diketahui
[2026-08-12 09:55:11]      • [Assignment] Pengumpulan Tugas (M3) → Deadline: Saturday, 23 May 2026, 11:59 PM
[2026-08-12 09:55:16]      • [Quiz] Pre-Test (M7) → Deadline: Tidak diketahui
[2026-08-12 09:55:19]      • [Materi] Link File Praktikum I - 3-Tekrek-Find-Center.ipynb → Deadline: -
[2026-08-12 09:55:24]      • [Materi] Link File Praktikum II - 3-Tekrek-Sortest-Path.ipynb → Deadline: -
[2026-08-12 09:55:28]      • [Materi] Video Tutorial: Mendownload File IPYNB di Virtual Class URL → Deadline: -
[2026-08-12 09:55:33]      • [Quiz] Post-Test (M7) → Deadline: Tidak diketahui
[2026-08-12 09:55:38]      • [Assignment] Laporan Akhir (M7) → Deadline: Saturday, 23 May 2026, 11:59 PM
[2026-08-12 09:55:43] 📦 Total tugas ditemukan: 126
[2026-08-12 09:55:43] 💾 Disimpan ke python/node/tugas.json
[2026-08-12 18:00:43] 🔐 Login ke V-Class...
[2026-08-12 18:00:43] ✅ Login berhasil
[2026-08-12 18:00:43] 📚 Mengambil mata kuliah ID 108486 ...
[2026-08-12 18:00:44]   ➤ ATA 2025/2026 | 3KB01 | Jaringan Komputer Lanjut | VIVIEN NOVA FITHRIANA
[2026-08-12 18:00:44]      • [Materi] Announcements Forum → Deadline: -
[2026-08-12 18:00:49]      • [Materi] M1 File → Deadline: -
[2026-08-12 18:00:53]      • [Materi] M2 File → Deadline: -
[2026-08-12 18:00:58]      • [Materi] M3 File → Deadline: -
[2026-08-12 18:01:02]      • [Materi] M4 File → Deadline: -
[2026-08-12 18:01:06]      • [Materi] M5 File → Deadline: -
[2026-08-12 18:01:11]      • [Materi] M6 File → Deadline: -
[2026-08-12 18:01:15]      • [Materi] M7 File → Deadline: -
[2026-08-12 18:01:18]      • [Materi] VC-1 : Traffic dan Algoritma Kendali Kemacetan File → Deadline: -
[2026-08-12 18:01:22]      • [Materi] VC-1 : Traffic dan Algoritma Kendali Kemacetan File → Deadline: -
[2026-08-12 18:01:26]      • [Materi] Forum VC-1 : Traffic dan Algoritma Kendali Kemacetan → Deadline: -
[2026-08-12 18:01:30]      • [Quiz] Latihan Soal VC-1 : Traffic dan Algoritma Kendali Kemacetan → Deadline: Tidak diketahui
[2026-08-12 18:01:34]      • [Materi] VC-2 : Traffic dan Algoritma Kendali Kemacetan - Bagian 2 File → Deadline: -
[2026-08-12 18:01:39]      • [Materi] Forum VC-2 : Traffic dan Algoritma Kendali Kemacetan - Bagian 2 → Deadline: -
[2026-08-12 18:01:43]      • [Quiz] Latihan Soal VC-2 : Traffic dan Algoritma Kendali Kemacetan - Bagian 2 → Deadline: Tidak diketahui
[2026-08-12 18:01:47]      • [Materi] VC-3 : Lapisan Transport File → Deadline: -
[2026-08-12 18:01:51]      • [Materi] Forum VC-3 : Lapisan Transport → Deadline: -
[2026-08-12 18:01:55]      • [Quiz] Latihan Soal VC-3 : Lapisan Transport → Deadline: Tidak diketahui
[2026-08-12 18:01:59] 📚 Mengambil mata kuliah ID 108172 ...
[2026-08-12 18:01:59]   ➤ ATA 2025/2026 | 3KB01 | Internet of Things (IoT) | PURNAWARMAN MUSA
[2026-08-12 18:01:59]      • [Materi] Announcements Forum → Deadline: -
[2026-08-12 18:02:03]      • [Materi] M6 File → Deadline: -
[2026-08-12 18:02:07]      • [Quiz] Soal (Tugas Individu) → Deadline: Tidak diketahui
[2026-08-12 18:02:11]      • [Quiz] Soal (Tugas Individu) → Deadline: Tidak diketahui
[2026-08-12 18:02:16] 📚 Mengambil mata kuliah ID 109563 ...
[2026-08-12 18:02:16]   ➤ ATA 2025/2026 | 3KB01 | Sistem Tertanam (Embedded) * | RIDHA ISKANDAR
[2026-08-12 18:02:16]      • [Materi] Selamat Datang di V-Class Sistem Tertanam (Embedded) Forum → Deadline: -
[2026-08-12 18:02:19]      • [Assignment] File 1 → Deadline: Sunday, 26 April 2026, 12:00 AM
[2026-08-12 18:02:23] 📚 Mengambil mata kuliah ID 109970 ...
[2026-08-12 18:02:24]   ➤ ATA 2025/2026 | 2EB10 | Bahasa Indonesia | MELANIAWATI
[2026-08-12 18:02:24] 📚 Mengambil mata kuliah ID 107919 ...
[2026-08-12 18:02:24]   ➤ ATA 2025/2026 | 3KB01 | Sistem Cerdas Lanjut | NUR SULTAN SALAHUDDIN
[2026-08-12 18:02:24]      • [Materi] Announcements Forum → Deadline: -
[2026-08-12 18:02:28]      • [Assignment] Sistem Kesehatan Cerdas → Deadline: Thursday, 21 May 2026, 12:00 AM
[2026-08-12 18:02:33]      • [Quiz] Sistem Kesehatan Cerdas → Deadline: Tidak diketahui
[2026-08-12 18:02:38]      • [Assignment] Sistem Industri Cerdas → Deadline: Monday, 20 July 2026, 12:00 AM
[2026-08-12 18:02:42]      • [Quiz] Sistem Industri Cerdas → Deadline: Tidak diketahui
[2026-08-12 18:02:47] 📚 Mengambil mata kuliah ID 107291 ...
[2026-08-12 18:02:47]   ➤ ATA 2025/2026 | 3KB01 | Pengantarmukaan Perif.Komputer * | FARID THALIB
[2026-08-12 18:02:47]      • [Materi] Announcements Forum → Deadline: -
[2026-08-12 18:02:51] 📚 Mengambil mata kuliah ID 104438 ...
[2026-08-12 18:02:51]   ➤ ATA 2025/2026 | 3-FIKTI | Terapan Teori Graf | TEAM TEACHING
[2026-08-12 18:02:51]      • [Materi] PEMBERITAHUAN UTS SUSULAN File → Deadline: -
[2026-08-12 18:02:55]      • [Materi] PEMBERITAHUAN PELAKSANAAN TEAM TEACHING TERAPAN TEORI GRAF Forum → Deadline: -
[2026-08-12 18:02:59]      • [Materi] M1: Pendahuluan Teori Graf File → Deadline: -
[2026-08-12 18:03:03]      • [Materi] Video Literasi M1: Pendahuluan Teori Graf URL → Deadline: -
[2026-08-12 18:03:08]      • [Quiz] Kuis M1 [kelas PAGI] → Deadline: Tidak diketahui
[2026-08-12 18:03:12]      • [Quiz] Kuis M1 [kelas MALAM] → Deadline: Tidak diketahui
[2026-08-12 18:03:17]      • [Materi] M2: Graf Tidak Berarah dan Graf Berbobot File → Deadline: -
[2026-08-12 18:03:22]      • [Materi] Video Literasi M2 : Graf Tidak Berarah dan Graf Berbobot URL → Deadline: -
[2026-08-12 18:03:26]      • [Quiz] Kuis M2 [KELAS PAGI] : Graf Tidak Berarah dan Graf Berbobot → Deadline: Tidak diketahui
[2026-08-12 18:03:31]      • [Quiz] Kuis M2 [KELAS MALAM] : Graf Tidak Berarah dan Graf Berbobot → Deadline: Tidak diketahui
[2026-08-12 18:03:36]      • [Materi] M4 : Aplikasi Teori Graf di Teknik Elektro File → Deadline: -
[2026-08-12 18:03:40]      • [Materi] Video Literasi M4 : Aplikasi Teori Graf di Teknik Elektro URL → Deadline: -
[2026-08-12 18:03:45]      • [Quiz] Kuis M4 [KELAS PAGI]: Aplikasi Teori Graf di Teknik Elektro → Deadline: Tidak diketahui
[2026-08-12 18:03:50]      • [Quiz] Kuis M4 [KELAS MALAM]: Aplikasi Teori Graf di Teknik Elektro → Deadline: Tidak diketahui
[2026-08-12 18:03:53]      • [Materi] M5 : Knowledge Graph dan Database Graph File → Deadline: -
[2026-08-12 18:03:57]      • [Materi] Video Literasi  M5 : Knowledge Graph dan Database Graph URL → Deadline: -
[2026-08-12 18:04:03]      • [Quiz] Kuis M5 [KELAS PAGI] : nowledge Graph dan Database Graph → Deadline: Tidak diketahui
[2026-08-12 18:04:07]      • [Quiz] Kuis M5 [KELAS MALAM] : Knowledge Graph dan Database Graph → Deadline: Tidak diketahui
[2026-08-12 18:04:11]      • [Materi] M6 : Graf Berarah dan Implementasinya File → Deadline: -
[2026-08-12 18:04:15]      • [Materi] Video Literasi M6 : Graf Berarah dan Implementasinya URL → Deadline: -
[2026-08-12 18:04:19]      • [Quiz] Kuis M6 [KELAS PAGI] : Graf Berarah dan Implementasinya → Deadline: Tidak diketahui
[2026-08-12 18:04:23]      • [Quiz] Kuis M6 [KELAS MALAM] : Graf Berarah dan Implementasinya → Deadline: Tidak diketahui
[2026-08-12 18:04:28]      • [Materi] M8 : Penerapan Teori Graf di Bidang Teknik Sipil File → Deadline: -
[2026-08-12 18:04:32]      • [Materi] Video Literasi M8 : Penerapan Teori Graf di Bidang Teknik Sipil URL → Deadline: -
[2026-08-12 18:04:36]      • [Quiz] Kuis M8 [KELAS PAGI] : Penerapan Teori Graf di Bidang Teknik Sipil → Deadline: Tidak diketahui
[2026-08-12 18:04:41]      • [Quiz] Kuis M8 [KELAS MALAM] : Penerapan Teori Graf di Bidang Teknik Sipil → Deadline: Tidak diketahui
[2026-08-12 18:04:46]      • [Materi] M10 : Penerapan Teori Graf  di Bidang Teknik Industri File → Deadline: -
[2026-08-12 18:04:50]      • [Materi] Video Literasi M10 : Penerapan Teori Graf  di Bidang Teknik Industri URL → Deadline: -
[2026-08-12 18:04:54]      • [Quiz] Kuis M10 [kelas pagi] : Penerapan Teori Graf  di Bidang Teknik Industri → Deadline: Tidak diketahui
[2026-08-12 18:04:58]      • [Quiz] Kuis M10 [kelas malam]: Penerapan Teori Graf  di Bidang Teknik Industri → Deadline: Tidak diketahui
[2026-08-12 18:05:01]      • [Materi] M11 : Program Dinamis dan Permasalahan Tata Letak Fasilitas File → Deadline: -
[2026-08-12 18:05:05]      • [Materi] video literasi : Program Dinamis dan Permasalahan Tata Letak Fasilitas URL → Deadline: -
[2026-08-12 18:05:10]      • [Quiz] Kuis M11 [kelas PAGI]: Program Dinamis dan Permasalahan Tata Letak Fasilitas → Deadline: Tidak diketahui
[2026-08-12 18:05:15]      • [Quiz] Kuis M11 [kelas MALAM]: Program Dinamis dan Permasalahan Tata Letak Fasilitas → Deadline: Tidak diketahui
[2026-08-12 18:05:18]      • [Materi] M12: Algoritma Greedy pada Graf File → Deadline: -
[2026-08-12 18:05:23]      • [Materi] Video literasi M12: Algoritma Greedy pada Graf URL → Deadline: -
[2026-08-12 18:05:27]      • [Quiz] Kuis M12 [kelas PAGI] → Deadline: Tidak diketahui
[2026-08-12 18:05:32]      • [Quiz] Kuis M12 [kelas MALAM] → Deadline: Tidak diketahui
[2026-08-12 18:05:36]      • [Materi] M13 File → Deadline: -
[2026-08-12 18:05:39]      • [Materi] Video Literasi M13 : Graph Theory Implementation in Oil Mining Company URL → Deadline: -
[2026-08-12 18:05:44]      • [Quiz] Kuis M13 [PAGI]: Graph Theory Implementation in Oil Mining Company → Deadline: Tidak diketahui
[2026-08-12 18:05:48]      • [Quiz] Kuis M13 [MALAM]: Graph Theory Implementation in Oil Mining Company → Deadline: Tidak diketahui
[2026-08-12 18:05:53]      • [Materi] M14 : Aplikasi Graf Lengkap sebagai Graf Representasi untuk Model Optimasi Rute Kendaraan File → Deadline: -
[2026-08-12 18:05:57]      • [Materi] Video Literasi : Aplikasi Graf Lengkap sebagai Graf Representasi untuk Model Optimasi Rute Kendaraan URL → Deadline: -
[2026-08-12 18:06:01]      • [Quiz] Kuis M14 [PAGI]: Aplikasi Graf Lengkap sebagai Graf Representasi untuk Model Optimasi Rute Kendaraan → Deadline: Tidak diketahui
[2026-08-12 18:06:06]      • [Quiz] Kuis M14 [MALAM]: Aplikasi Graf Lengkap sebagai Graf Representasi untuk Model Optimasi Rute Kendaraan → Deadline: Tidak diketahui
[2026-08-12 18:06:09] 📚 Mengambil mata kuliah ID 104413 ...
[2026-08-12 18:06:10]   ➤ ATA 2025/2026 | 3-FIKTI | Praktikum Terapan Teori Graf
[2026-08-12 18:06:10]      • [Materi] Panduan Praktikum  Forum → Deadline: -
[2026-08-12 18:06:14]      • [Materi] Panduan Google Collaboratory URL → Deadline: -
[2026-08-12 18:06:18]      • [Materi] Panduan Instalasi Anaconda URL → Deadline: -
[2026-08-12 18:06:22]      • [Quiz] Pre-Test (M1) → Deadline: Tidak diketahui
[2026-08-12 18:06:26]      • [Materi] 1.1  Pengantar: Teori Graf URL → Deadline: -
[2026-08-12 18:06:31]      • [Materi] 1.2  Sesi Hands-on Praktikum URL → Deadline: -
[2026-08-12 18:06:35]      • [Materi] 1.3 Tutorial Menambahkan File pada Mesin DGX URL → Deadline: -
[2026-08-12 18:06:40]      • [Quiz] Post-Test (M1) → Deadline: Tidak diketahui
[2026-08-12 18:06:45]      • [Assignment] Pengumpulan Tugas (M1) → Deadline: Saturday, 7 March 2026, 11:59 PM
[2026-08-12 18:06:50]      • [Quiz] Pre-Test (M2) → Deadline: Tidak diketahui
[2026-08-12 18:06:53]      • [Materi] 2.1  Pengantar: Berbagai Pemecahan Masalah Menggunakan Teori Graf Page → Deadline: -
[2026-08-12 18:06:58]      • [Quiz] Post-Test (M2) → Deadline: Tidak diketahui
[2026-08-12 18:07:03]      • [Assignment] Pengumpulan Tugas (M2) → Deadline: Saturday, 14 March 2026, 11:59 PM
[2026-08-12 18:07:08]      • [Quiz] Pre-Test (M4) → Deadline: Tidak diketahui
[2026-08-12 18:07:12]      • [Materi] 4.1  Pengantar: Breadth First Search URL → Deadline: -
[2026-08-12 18:07:16]      • [Materi] Sesi Praktikum File → Deadline: -
[2026-08-12 18:07:21]      • [Materi] Video Tutorial: Mendownload File IPYNB di Virtual Class URL → Deadline: -
[2026-08-12 18:07:26]      • [Quiz] Post-Test (M4) → Deadline: Tidak diketahui
[2026-08-12 18:07:31]      • [Assignment] Laporan Akhir (M4) → Deadline: Saturday, 11 April 2026, 11:59 PM
[2026-08-12 18:07:35]      • [Quiz] Pre-Test (M5) → Deadline: Tidak diketahui
[2026-08-12 18:07:39]      • [Materi] Sesi Praktikum URL → Deadline: -
[2026-08-12 18:07:44]      • [Quiz] Post-Test (M5) → Deadline: Tidak diketahui
[2026-08-12 18:07:49]      • [Assignment] Laporan Akhir (M5) → Deadline: Saturday, 18 April 2026, 11:59 PM
[2026-08-12 18:07:53]      • [Quiz] Pre-Test (M6) → Deadline: Tidak diketahui
[2026-08-12 18:07:58]      • [Materi] 6.1  Pendahuluan: Algoritma Dasar Tree URL → Deadline: -
[2026-08-12 18:08:02]      • [Materi] Sesi Praktikum File → Deadline: -
[2026-08-12 18:08:07]      • [Quiz] Post-Test (M6) → Deadline: Tidak diketahui
[2026-08-12 18:08:11]      • [Assignment] Laporan Akhir (M6) → Deadline: Saturday, 25 April 2026, 11:59 PM
[2026-08-12 18:08:16]      • [Quiz] Pre-Test (M8) → Deadline: Tidak diketahui
[2026-08-12 18:08:19]      • [Materi] 8.1  Pendahuluan: Implementasi Graph URL → Deadline: -
[2026-08-12 18:08:23]      • [Materi] Link File Praktikum I - family.pl → Deadline: -
[2026-08-12 18:08:28]      • [Materi] Link File Praktikum II - 8-puzzles.ipynb → Deadline: -
[2026-08-12 18:08:33]      • [Materi] Video Tutorial: Mendownload File IPYNB di Virtual Class URL → Deadline: -
[2026-08-12 18:08:38]      • [Quiz] Post-Test (M8) → Deadline: Tidak diketahui
[2026-08-12 18:08:42]      • [Assignment] Laporan Akhir (M8) → Deadline: Saturday, 9 May 2026, 11:59 PM
[2026-08-12 18:08:46]      • [Quiz] Pre-Test (M9) → Deadline: Tidak diketahui
[2026-08-12 18:08:50]      • [Materi] Sesi Hands-on Praktikum URL → Deadline: -
[2026-08-12 18:08:55]      • [Quiz] Post-Test (M9) → Deadline: Tidak diketahui
[2026-08-12 18:08:59]      • [Assignment] Pengumpulan Tugas (M9) → Deadline: Saturday, 16 May 2026, 11:59 PM
[2026-08-12 18:09:03]      • [Quiz] Pre-Test (M3) → Deadline: Tidak diketahui
[2026-08-12 18:09:07]      • [Materi] Sesi Praktikum URL → Deadline: -
[2026-08-12 18:09:11]      • [Materi] Video Tutorial: Menambahkan File pada Mesin DGX URL → Deadline: -
[2026-08-12 18:09:15]      • [Quiz] Post-Test (M3) → Deadline: Tidak diketahui
[2026-08-12 18:09:19]      • [Assignment] Pengumpulan Tugas (M3) → Deadline: Saturday, 23 May 2026, 11:59 PM
[2026-08-12 18:09:24]      • [Quiz] Pre-Test (M7) → Deadline: Tidak diketahui
[2026-08-12 18:09:28]      • [Materi] Link File Praktikum I - 3-Tekrek-Find-Center.ipynb → Deadline: -
[2026-08-12 18:09:33]      • [Materi] Link File Praktikum II - 3-Tekrek-Sortest-Path.ipynb → Deadline: -
[2026-08-12 18:09:38]      • [Materi] Video Tutorial: Mendownload File IPYNB di Virtual Class URL → Deadline: -
[2026-08-12 18:09:43]      • [Quiz] Post-Test (M7) → Deadline: Tidak diketahui
[2026-08-12 18:09:47]      • [Assignment] Laporan Akhir (M7) → Deadline: Saturday, 23 May 2026, 11:59 PM
[2026-08-12 18:09:51] 📦 Total tugas ditemukan: 126
[2026-08-12 18:09:51] 💾 Disimpan ke python/node/tugas.json
