[2026-07-27 09:45:35] 🔐 Login ke V-Class...
[2026-07-27 09:45:36] ✅ Login berhasil
[2026-07-27 09:45:36] 📚 Mengambil mata kuliah ID 108486 ...
[2026-07-27 09:45:36]   ➤ ATA 2025/2026 | 3KB01 | Jaringan Komputer Lanjut | VIVIEN NOVA FITHRIANA
[2026-07-27 09:45:36]      • [Materi] Announcements Forum → Deadline: -
[2026-07-27 09:45:40]      • [Materi] M1 File → Deadline: -
[2026-07-27 09:45:44]      • [Materi] M2 File → Deadline: -
[2026-07-27 09:45:48]      • [Materi] M3 File → Deadline: -
[2026-07-27 09:45:53]      • [Materi] M4 File → Deadline: -
[2026-07-27 09:45:57]      • [Materi] M5 File → Deadline: -
[2026-07-27 09:46:01]      • [Materi] M6 File → Deadline: -
[2026-07-27 09:46:06]      • [Materi] M7 File → Deadline: -
[2026-07-27 09:46:10]      • [Materi] VC-1 : Traffic dan Algoritma Kendali Kemacetan File → Deadline: -
[2026-07-27 09:46:15]      • [Materi] VC-1 : Traffic dan Algoritma Kendali Kemacetan File → Deadline: -
[2026-07-27 09:46:20]      • [Materi] Forum VC-1 : Traffic dan Algoritma Kendali Kemacetan → Deadline: -
[2026-07-27 09:46:24]      • [Quiz] Latihan Soal VC-1 : Traffic dan Algoritma Kendali Kemacetan → Deadline: Tidak diketahui
[2026-07-27 09:46:27]      • [Materi] VC-2 : Traffic dan Algoritma Kendali Kemacetan - Bagian 2 File → Deadline: -
[2026-07-27 09:46:32]      • [Materi] Forum VC-2 : Traffic dan Algoritma Kendali Kemacetan - Bagian 2 → Deadline: -
[2026-07-27 09:46:37]      • [Quiz] Latihan Soal VC-2 : Traffic dan Algoritma Kendali Kemacetan - Bagian 2 → Deadline: Tidak diketahui
[2026-07-27 09:46:41]      • [Materi] VC-3 : Lapisan Transport File → Deadline: -
[2026-07-27 09:46:44]      • [Materi] Forum VC-3 : Lapisan Transport → Deadline: -
[2026-07-27 09:46:49]      • [Quiz] Latihan Soal VC-3 : Lapisan Transport → Deadline: Tidak diketahui
[2026-07-27 09:46:54] 📚 Mengambil mata kuliah ID 108172 ...
[2026-07-27 09:46:54]   ➤ ATA 2025/2026 | 3KB01 | Internet of Things (IoT) | PURNAWARMAN MUSA
[2026-07-27 09:46:54]      • [Materi] Announcements Forum → Deadline: -
[2026-07-27 09:46:59]      • [Materi] M6 File → Deadline: -
[2026-07-27 09:47:03]      • [Quiz] Soal (Tugas Individu) → Deadline: Tidak diketahui
[2026-07-27 09:47:08]      • [Quiz] Soal (Tugas Individu) → Deadline: Tidak diketahui
[2026-07-27 09:47:12] 📚 Mengambil mata kuliah ID 109563 ...
[2026-07-27 09:47:12]   ➤ ATA 2025/2026 | 3KB01 | Sistem Tertanam (Embedded) * | RIDHA ISKANDAR
[2026-07-27 09:47:12]      • [Materi] Selamat Datang di V-Class Sistem Tertanam (Embedded) Forum → Deadline: -
[2026-07-27 09:47:17]      • [Assignment] File 1 → Deadline: Sunday, 26 April 2026, 12:00 AM
[2026-07-27 09:47:21] 📚 Mengambil mata kuliah ID 109970 ...
[2026-07-27 09:47:21]   ➤ ATA 2025/2026 | 2EB10 | Bahasa Indonesia | MELANIAWATI
[2026-07-27 09:47:21] 📚 Mengambil mata kuliah ID 107919 ...
[2026-07-27 09:47:21]   ➤ ATA 2025/2026 | 3KB01 | Sistem Cerdas Lanjut | NUR SULTAN SALAHUDDIN
[2026-07-27 09:47:21]      • [Materi] Announcements Forum → Deadline: -
[2026-07-27 09:47:25]      • [Assignment] Sistem Kesehatan Cerdas → Deadline: Thursday, 21 May 2026, 12:00 AM
[2026-07-27 09:47:29]      • [Quiz] Sistem Kesehatan Cerdas → Deadline: Tidak diketahui
[2026-07-27 09:47:35]      • [Assignment] Sistem Industri Cerdas → Deadline: Monday, 20 July 2026, 12:00 AM
[2026-07-27 09:47:40]      • [Quiz] Sistem Industri Cerdas → Deadline: Tidak diketahui
[2026-07-27 09:47:45] 📚 Mengambil mata kuliah ID 107291 ...
[2026-07-27 09:47:45]   ➤ ATA 2025/2026 | 3KB01 | Pengantarmukaan Perif.Komputer * | FARID THALIB
[2026-07-27 09:47:45]      • [Materi] Announcements Forum → Deadline: -
[2026-07-27 09:47:49] 📚 Mengambil mata kuliah ID 104438 ...
[2026-07-27 09:47:50]   ➤ ATA 2025/2026 | 3-FIKTI | Terapan Teori Graf | TEAM TEACHING
[2026-07-27 09:47:50]      • [Materi] PEMBERITAHUAN UTS SUSULAN File → Deadline: -
[2026-07-27 09:47:54]      • [Materi] PEMBERITAHUAN PELAKSANAAN TEAM TEACHING TERAPAN TEORI GRAF Forum → Deadline: -
[2026-07-27 09:47:59]      • [Materi] M1: Pendahuluan Teori Graf File → Deadline: -
[2026-07-27 09:48:03]      • [Materi] Video Literasi M1: Pendahuluan Teori Graf URL → Deadline: -
[2026-07-27 09:48:07]      • [Quiz] Kuis M1 [kelas PAGI] → Deadline: Tidak diketahui
[2026-07-27 09:48:12]      • [Quiz] Kuis M1 [kelas MALAM] → Deadline: Tidak diketahui
[2026-07-27 09:48:16]      • [Materi] M2: Graf Tidak Berarah dan Graf Berbobot File → Deadline: -
[2026-07-27 09:48:20]      • [Materi] Video Literasi M2 : Graf Tidak Berarah dan Graf Berbobot URL → Deadline: -
[2026-07-27 09:48:30]      • [Quiz] Kuis M2 [KELAS PAGI] : Graf Tidak Berarah dan Graf Berbobot → Deadline: Tidak diketahui
[2026-07-27 09:48:35]      • [Quiz] Kuis M2 [KELAS MALAM] : Graf Tidak Berarah dan Graf Berbobot → Deadline: Tidak diketahui
[2026-07-27 09:48:39]      • [Materi] M4 : Aplikasi Teori Graf di Teknik Elektro File → Deadline: -
[2026-07-27 09:48:42]      • [Materi] Video Literasi M4 : Aplikasi Teori Graf di Teknik Elektro URL → Deadline: -
[2026-07-27 09:48:47]      • [Quiz] Kuis M4 [KELAS PAGI]: Aplikasi Teori Graf di Teknik Elektro → Deadline: Tidak diketahui
[2026-07-27 09:48:51]      • [Quiz] Kuis M4 [KELAS MALAM]: Aplikasi Teori Graf di Teknik Elektro → Deadline: Tidak diketahui
[2026-07-27 09:48:55]      • [Materi] M5 : Knowledge Graph dan Database Graph File → Deadline: -
[2026-07-27 09:49:00]      • [Materi] Video Literasi  M5 : Knowledge Graph dan Database Graph URL → Deadline: -
[2026-07-27 09:49:05]      • [Quiz] Kuis M5 [KELAS PAGI] : nowledge Graph dan Database Graph → Deadline: Tidak diketahui
[2026-07-27 09:49:10]      • [Quiz] Kuis M5 [KELAS MALAM] : Knowledge Graph dan Database Graph → Deadline: Tidak diketahui
[2026-07-27 09:49:14]      • [Materi] M6 : Graf Berarah dan Implementasinya File → Deadline: -
[2026-07-27 09:49:17]      • [Materi] Video Literasi M6 : Graf Berarah dan Implementasinya URL → Deadline: -
[2026-07-27 09:49:22]      • [Quiz] Kuis M6 [KELAS PAGI] : Graf Berarah dan Implementasinya → Deadline: Tidak diketahui
[2026-07-27 09:49:26]      • [Quiz] Kuis M6 [KELAS MALAM] : Graf Berarah dan Implementasinya → Deadline: Tidak diketahui
[2026-07-27 09:49:30]      • [Materi] M8 : Penerapan Teori Graf di Bidang Teknik Sipil File → Deadline: -
[2026-07-27 09:49:34]      • [Materi] Video Literasi M8 : Penerapan Teori Graf di Bidang Teknik Sipil URL → Deadline: -
[2026-07-27 09:49:38]      • [Quiz] Kuis M8 [KELAS PAGI] : Penerapan Teori Graf di Bidang Teknik Sipil → Deadline: Tidak diketahui
[2026-07-27 09:49:43]      • [Quiz] Kuis M8 [KELAS MALAM] : Penerapan Teori Graf di Bidang Teknik Sipil → Deadline: Tidak diketahui
[2026-07-27 09:49:47]      • [Materi] M10 : Penerapan Teori Graf  di Bidang Teknik Industri File → Deadline: -
[2026-07-27 09:49:51]      • [Materi] Video Literasi M10 : Penerapan Teori Graf  di Bidang Teknik Industri URL → Deadline: -
[2026-07-27 09:49:55]      • [Quiz] Kuis M10 [kelas pagi] : Penerapan Teori Graf  di Bidang Teknik Industri → Deadline: Tidak diketahui
[2026-07-27 09:50:00]      • [Quiz] Kuis M10 [kelas malam]: Penerapan Teori Graf  di Bidang Teknik Industri → Deadline: Tidak diketahui
[2026-07-27 09:50:04]      • [Materi] M11 : Program Dinamis dan Permasalahan Tata Letak Fasilitas File → Deadline: -
[2026-07-27 09:50:08]      • [Materi] video literasi : Program Dinamis dan Permasalahan Tata Letak Fasilitas URL → Deadline: -
[2026-07-27 09:50:12]      • [Quiz] Kuis M11 [kelas PAGI]: Program Dinamis dan Permasalahan Tata Letak Fasilitas → Deadline: Tidak diketahui
[2026-07-27 09:50:19]      • [Quiz] Kuis M11 [kelas MALAM]: Program Dinamis dan Permasalahan Tata Letak Fasilitas → Deadline: Tidak diketahui
[2026-07-27 09:50:24]      • [Materi] M12: Algoritma Greedy pada Graf File → Deadline: -
[2026-07-27 09:50:27]      • [Materi] Video literasi M12: Algoritma Greedy pada Graf URL → Deadline: -
[2026-07-27 09:50:32]      • [Quiz] Kuis M12 [kelas PAGI] → Deadline: Tidak diketahui
[2026-07-27 09:50:37]      • [Quiz] Kuis M12 [kelas MALAM] → Deadline: Tidak diketahui
[2026-07-27 09:50:41]      • [Materi] M13 File → Deadline: -
[2026-07-27 09:50:45]      • [Materi] Video Literasi M13 : Graph Theory Implementation in Oil Mining Company URL → Deadline: -
[2026-07-27 09:50:51]      • [Quiz] Kuis M13 [PAGI]: Graph Theory Implementation in Oil Mining Company → Deadline: Tidak diketahui
[2026-07-27 09:50:57]      • [Quiz] Kuis M13 [MALAM]: Graph Theory Implementation in Oil Mining Company → Deadline: Tidak diketahui
[2026-07-27 09:51:01]      • [Materi] M14 : Aplikasi Graf Lengkap sebagai Graf Representasi untuk Model Optimasi Rute Kendaraan File → Deadline: -
[2026-07-27 09:51:05]      • [Materi] Video Literasi : Aplikasi Graf Lengkap sebagai Graf Representasi untuk Model Optimasi Rute Kendaraan URL → Deadline: -
[2026-07-27 09:51:10]      • [Quiz] Kuis M14 [PAGI]: Aplikasi Graf Lengkap sebagai Graf Representasi untuk Model Optimasi Rute Kendaraan → Deadline: Tidak diketahui
[2026-07-27 09:51:14]      • [Quiz] Kuis M14 [MALAM]: Aplikasi Graf Lengkap sebagai Graf Representasi untuk Model Optimasi Rute Kendaraan → Deadline: Tidak diketahui
[2026-07-27 09:51:18] 📚 Mengambil mata kuliah ID 104413 ...
[2026-07-27 09:51:18]   ➤ ATA 2025/2026 | 3-FIKTI | Praktikum Terapan Teori Graf
[2026-07-27 09:51:18]      • [Materi] Panduan Praktikum  Forum → Deadline: -
[2026-07-27 09:51:22]      • [Materi] Panduan Google Collaboratory URL → Deadline: -
[2026-07-27 09:51:27]      • [Materi] Panduan Instalasi Anaconda URL → Deadline: -
[2026-07-27 09:51:31]      • [Quiz] Pre-Test (M1) → Deadline: Tidak diketahui
[2026-07-27 09:51:36]      • [Materi] 1.1  Pengantar: Teori Graf URL → Deadline: -
[2026-07-27 09:51:39]      • [Materi] 1.2  Sesi Hands-on Praktikum URL → Deadline: -
[2026-07-27 09:51:43]      • [Materi] 1.3 Tutorial Menambahkan File pada Mesin DGX URL → Deadline: -
[2026-07-27 09:51:48]      • [Quiz] Post-Test (M1) → Deadline: Tidak diketahui
[2026-07-27 09:51:55]      • [Assignment] Pengumpulan Tugas (M1) → Deadline: Saturday, 7 March 2026, 11:59 PM
[2026-07-27 09:52:00]      • [Quiz] Pre-Test (M2) → Deadline: Tidak diketahui
[2026-07-27 09:52:04]      • [Materi] 2.1  Pengantar: Berbagai Pemecahan Masalah Menggunakan Teori Graf Page → Deadline: -
[2026-07-27 09:52:08]      • [Quiz] Post-Test (M2) → Deadline: Tidak diketahui
[2026-07-27 09:52:13]      • [Assignment] Pengumpulan Tugas (M2) → Deadline: Saturday, 14 March 2026, 11:59 PM
[2026-07-27 09:52:17]      • [Quiz] Pre-Test (M4) → Deadline: Tidak diketahui
[2026-07-27 09:52:22]      • [Materi] 4.1  Pengantar: Breadth First Search URL → Deadline: -
[2026-07-27 09:52:26]      • [Materi] Sesi Praktikum File → Deadline: -
[2026-07-27 09:52:30]      • [Materi] Video Tutorial: Mendownload File IPYNB di Virtual Class URL → Deadline: -
[2026-07-27 09:52:34]      • [Quiz] Post-Test (M4) → Deadline: Tidak diketahui
[2026-07-27 09:52:37]      • [Assignment] Laporan Akhir (M4) → Deadline: Saturday, 11 April 2026, 11:59 PM
[2026-07-27 09:52:41]      • [Quiz] Pre-Test (M5) → Deadline: Tidak diketahui
[2026-07-27 09:52:45]      • [Materi] Sesi Praktikum URL → Deadline: -
[2026-07-27 09:52:50]      • [Quiz] Post-Test (M5) → Deadline: Tidak diketahui
[2026-07-27 09:52:55]      • [Assignment] Laporan Akhir (M5) → Deadline: Saturday, 18 April 2026, 11:59 PM
[2026-07-27 09:52:59]      • [Quiz] Pre-Test (M6) → Deadline: Tidak diketahui
[2026-07-27 09:53:03]      • [Materi] 6.1  Pendahuluan: Algoritma Dasar Tree URL → Deadline: -
[2026-07-27 09:53:07]      • [Materi] Sesi Praktikum File → Deadline: -
[2026-07-27 09:53:12]      • [Quiz] Post-Test (M6) → Deadline: Tidak diketahui
[2026-07-27 09:53:16]      • [Assignment] Laporan Akhir (M6) → Deadline: Saturday, 25 April 2026, 11:59 PM
[2026-07-27 09:53:21]      • [Quiz] Pre-Test (M8) → Deadline: Tidak diketahui
[2026-07-27 09:53:25]      • [Materi] 8.1  Pendahuluan: Implementasi Graph URL → Deadline: -
[2026-07-27 09:53:29]      • [Materi] Link File Praktikum I - family.pl → Deadline: -
[2026-07-27 09:53:33]      • [Materi] Link File Praktikum II - 8-puzzles.ipynb → Deadline: -
[2026-07-27 09:53:38]      • [Materi] Video Tutorial: Mendownload File IPYNB di Virtual Class URL → Deadline: -
[2026-07-27 09:53:44]      • [Quiz] Post-Test (M8) → Deadline: Tidak diketahui
[2026-07-27 09:53:49]      • [Assignment] Laporan Akhir (M8) → Deadline: Saturday, 9 May 2026, 11:59 PM
[2026-07-27 09:53:54]      • [Quiz] Pre-Test (M9) → Deadline: Tidak diketahui
[2026-07-27 09:53:59]      • [Materi] Sesi Hands-on Praktikum URL → Deadline: -
[2026-07-27 09:54:04]      • [Quiz] Post-Test (M9) → Deadline: Tidak diketahui
[2026-07-27 09:54:09]      • [Assignment] Pengumpulan Tugas (M9) → Deadline: Saturday, 16 May 2026, 11:59 PM
[2026-07-27 09:54:13]      • [Quiz] Pre-Test (M3) → Deadline: Tidak diketahui
[2026-07-27 09:54:18]      • [Materi] Sesi Praktikum URL → Deadline: -
[2026-07-27 09:54:22]      • [Materi] Video Tutorial: Menambahkan File pada Mesin DGX URL → Deadline: -
[2026-07-27 09:54:26]      • [Quiz] Post-Test (M3) → Deadline: Tidak diketahui
[2026-07-27 09:54:31]      • [Assignment] Pengumpulan Tugas (M3) → Deadline: Saturday, 23 May 2026, 11:59 PM
[2026-07-27 09:54:35]      • [Quiz] Pre-Test (M7) → Deadline: Tidak diketahui
[2026-07-27 09:54:39]      • [Materi] Link File Praktikum I - 3-Tekrek-Find-Center.ipynb → Deadline: -
[2026-07-27 09:54:44]      • [Materi] Link File Praktikum II - 3-Tekrek-Sortest-Path.ipynb → Deadline: -
[2026-07-27 09:54:48]      • [Materi] Video Tutorial: Mendownload File IPYNB di Virtual Class URL → Deadline: -
[2026-07-27 09:54:52]      • [Quiz] Post-Test (M7) → Deadline: Tidak diketahui
[2026-07-27 09:54:58]      • [Assignment] Laporan Akhir (M7) → Deadline: Saturday, 23 May 2026, 11:59 PM
[2026-07-27 09:55:02] 📦 Total tugas ditemukan: 126
[2026-07-27 09:55:02] 💾 Disimpan ke python/node/tugas.json
[2026-07-27 18:00:03] 🔐 Login ke V-Class...
[2026-07-27 18:00:12] ✅ Login berhasil
[2026-07-27 18:00:12] 📚 Mengambil mata kuliah ID 108486 ...
[2026-07-27 18:00:26]   ➤ ATA 2025/2026 | 3KB01 | Jaringan Komputer Lanjut | VIVIEN NOVA FITHRIANA
[2026-07-27 18:00:26]      • [Materi] Announcements Forum → Deadline: -
[2026-07-27 18:00:30]      • [Materi] M1 File → Deadline: -
[2026-07-27 18:00:34]      • [Materi] M2 File → Deadline: -
[2026-07-27 18:00:38]      • [Materi] M3 File → Deadline: -
[2026-07-27 18:00:42]      • [Materi] M4 File → Deadline: -
[2026-07-27 18:00:46]      • [Materi] M5 File → Deadline: -
[2026-07-27 18:00:51]      • [Materi] M6 File → Deadline: -
[2026-07-27 18:00:55]      • [Materi] M7 File → Deadline: -
[2026-07-27 18:01:00]      • [Materi] VC-1 : Traffic dan Algoritma Kendali Kemacetan File → Deadline: -
[2026-07-27 18:01:05]      • [Materi] VC-1 : Traffic dan Algoritma Kendali Kemacetan File → Deadline: -
[2026-07-27 18:01:09]      • [Materi] Forum VC-1 : Traffic dan Algoritma Kendali Kemacetan → Deadline: -
[2026-07-27 18:01:25]      • [Quiz] Latihan Soal VC-1 : Traffic dan Algoritma Kendali Kemacetan → Deadline: Tidak diketahui
[2026-07-27 18:01:30]      • [Materi] VC-2 : Traffic dan Algoritma Kendali Kemacetan - Bagian 2 File → Deadline: -
[2026-07-27 18:01:34]      • [Materi] Forum VC-2 : Traffic dan Algoritma Kendali Kemacetan - Bagian 2 → Deadline: -
[2026-07-27 18:01:44]      • [Quiz] Latihan Soal VC-2 : Traffic dan Algoritma Kendali Kemacetan - Bagian 2 → Deadline: Tidak diketahui
[2026-07-27 18:01:48]      • [Materi] VC-3 : Lapisan Transport File → Deadline: -
[2026-07-27 18:01:53]      • [Materi] Forum VC-3 : Lapisan Transport → Deadline: -
[2026-07-27 18:01:58]      • [Quiz] Latihan Soal VC-3 : Lapisan Transport → Deadline: Tidak diketahui
[2026-07-27 18:02:02] 📚 Mengambil mata kuliah ID 108172 ...
[2026-07-27 18:02:02]   ➤ ATA 2025/2026 | 3KB01 | Internet of Things (IoT) | PURNAWARMAN MUSA
[2026-07-27 18:02:02]      • [Materi] Announcements Forum → Deadline: -
[2026-07-27 18:02:07]      • [Materi] M6 File → Deadline: -
[2026-07-27 18:02:12]      • [Quiz] Soal (Tugas Individu) → Deadline: Tidak diketahui
[2026-07-27 18:02:17]      • [Quiz] Soal (Tugas Individu) → Deadline: Tidak diketahui
[2026-07-27 18:02:22] 📚 Mengambil mata kuliah ID 109563 ...
[2026-07-27 18:02:22]   ➤ ATA 2025/2026 | 3KB01 | Sistem Tertanam (Embedded) * | RIDHA ISKANDAR
[2026-07-27 18:02:22]      • [Materi] Selamat Datang di V-Class Sistem Tertanam (Embedded) Forum → Deadline: -
[2026-07-27 18:02:26]      • [Assignment] File 1 → Deadline: Sunday, 26 April 2026, 12:00 AM
[2026-07-27 18:02:31] 📚 Mengambil mata kuliah ID 109970 ...
[2026-07-27 18:02:33]   ➤ ATA 2025/2026 | 2EB10 | Bahasa Indonesia | MELANIAWATI
[2026-07-27 18:02:33] 📚 Mengambil mata kuliah ID 107919 ...
[2026-07-27 18:02:34]   ➤ ATA 2025/2026 | 3KB01 | Sistem Cerdas Lanjut | NUR SULTAN SALAHUDDIN
[2026-07-27 18:02:34]      • [Materi] Announcements Forum → Deadline: -
[2026-07-27 18:02:38]      • [Assignment] Sistem Kesehatan Cerdas → Deadline: Thursday, 21 May 2026, 12:00 AM
[2026-07-27 18:02:49]      • [Quiz] Sistem Kesehatan Cerdas → Deadline: Tidak diketahui
[2026-07-27 18:02:53] ⚠️ Gagal mengambil course ID 107919: ('Connection aborted.', RemoteDisconnected('Remote end closed connection without response'))
[2026-07-27 18:02:53] 📚 Mengambil mata kuliah ID 107291 ...
[2026-07-27 18:03:08]   ➤ ATA 2025/2026 | 3KB01 | Pengantarmukaan Perif.Komputer * | FARID THALIB
[2026-07-27 18:03:08]      • [Materi] Announcements Forum → Deadline: -
[2026-07-27 18:03:12] 📚 Mengambil mata kuliah ID 104438 ...
[2026-07-27 18:03:14]   ➤ ATA 2025/2026 | 3-FIKTI | Terapan Teori Graf | TEAM TEACHING
[2026-07-27 18:03:14]      • [Materi] PEMBERITAHUAN UTS SUSULAN File → Deadline: -
[2026-07-27 18:03:17]      • [Materi] PEMBERITAHUAN PELAKSANAAN TEAM TEACHING TERAPAN TEORI GRAF Forum → Deadline: -
[2026-07-27 18:03:21]      • [Materi] M1: Pendahuluan Teori Graf File → Deadline: -
[2026-07-27 18:03:26]      • [Materi] Video Literasi M1: Pendahuluan Teori Graf URL → Deadline: -
[2026-07-27 18:03:33]      • [Quiz] Kuis M1 [kelas PAGI] → Deadline: Tidak diketahui
[2026-07-27 18:03:38]      • [Quiz] Kuis M1 [kelas MALAM] → Deadline: Tidak diketahui
[2026-07-27 18:03:42]      • [Materi] M2: Graf Tidak Berarah dan Graf Berbobot File → Deadline: -
[2026-07-27 18:03:45]      • [Materi] Video Literasi M2 : Graf Tidak Berarah dan Graf Berbobot URL → Deadline: -
[2026-07-27 18:03:51]      • [Quiz] Kuis M2 [KELAS PAGI] : Graf Tidak Berarah dan Graf Berbobot → Deadline: Tidak diketahui
[2026-07-27 18:03:56]      • [Quiz] Kuis M2 [KELAS MALAM] : Graf Tidak Berarah dan Graf Berbobot → Deadline: Tidak diketahui
[2026-07-27 18:04:01]      • [Materi] M4 : Aplikasi Teori Graf di Teknik Elektro File → Deadline: -
[2026-07-27 18:04:05]      • [Materi] Video Literasi M4 : Aplikasi Teori Graf di Teknik Elektro URL → Deadline: -
[2026-07-27 18:04:15]      • [Quiz] Kuis M4 [KELAS PAGI]: Aplikasi Teori Graf di Teknik Elektro → Deadline: Tidak diketahui
[2026-07-27 18:04:20]      • [Quiz] Kuis M4 [KELAS MALAM]: Aplikasi Teori Graf di Teknik Elektro → Deadline: Tidak diketahui
[2026-07-27 18:04:23]      • [Materi] M5 : Knowledge Graph dan Database Graph File → Deadline: -
[2026-07-27 18:04:28]      • [Materi] Video Literasi  M5 : Knowledge Graph dan Database Graph URL → Deadline: -
[2026-07-27 18:04:44]      • [Quiz] Kuis M5 [KELAS PAGI] : nowledge Graph dan Database Graph → Deadline: Tidak diketahui
[2026-07-27 18:04:49]      • [Quiz] Kuis M5 [KELAS MALAM] : Knowledge Graph dan Database Graph → Deadline: Tidak diketahui
[2026-07-27 18:04:53]      • [Materi] M6 : Graf Berarah dan Implementasinya File → Deadline: -
[2026-07-27 18:04:57]      • [Materi] Video Literasi M6 : Graf Berarah dan Implementasinya URL → Deadline: -
[2026-07-27 18:05:08]      • [Quiz] Kuis M6 [KELAS PAGI] : Graf Berarah dan Implementasinya → Deadline: Tidak diketahui
[2026-07-27 18:05:15]      • [Quiz] Kuis M6 [KELAS MALAM] : Graf Berarah dan Implementasinya → Deadline: Tidak diketahui
[2026-07-27 18:05:19]      • [Materi] M8 : Penerapan Teori Graf di Bidang Teknik Sipil File → Deadline: -
[2026-07-27 18:05:23]      • [Materi] Video Literasi M8 : Penerapan Teori Graf di Bidang Teknik Sipil URL → Deadline: -
[2026-07-27 18:05:34]      • [Quiz] Kuis M8 [KELAS PAGI] : Penerapan Teori Graf di Bidang Teknik Sipil → Deadline: Tidak diketahui
[2026-07-27 18:05:39]      • [Quiz] Kuis M8 [KELAS MALAM] : Penerapan Teori Graf di Bidang Teknik Sipil → Deadline: Tidak diketahui
[2026-07-27 18:05:43]      • [Materi] M10 : Penerapan Teori Graf  di Bidang Teknik Industri File → Deadline: -
[2026-07-27 18:05:47]      • [Materi] Video Literasi M10 : Penerapan Teori Graf  di Bidang Teknik Industri URL → Deadline: -
[2026-07-27 18:05:58]      • [Quiz] Kuis M10 [kelas pagi] : Penerapan Teori Graf  di Bidang Teknik Industri → Deadline: Tidak diketahui
[2026-07-27 18:06:02]      • [Quiz] Kuis M10 [kelas malam]: Penerapan Teori Graf  di Bidang Teknik Industri → Deadline: Tidak diketahui
[2026-07-27 18:06:07]      • [Materi] M11 : Program Dinamis dan Permasalahan Tata Letak Fasilitas File → Deadline: -
[2026-07-27 18:06:11]      • [Materi] video literasi : Program Dinamis dan Permasalahan Tata Letak Fasilitas URL → Deadline: -
[2026-07-27 18:09:36]      • [Quiz] Kuis M11 [kelas PAGI]: Program Dinamis dan Permasalahan Tata Letak Fasilitas → Deadline: Tidak diketahui
[2026-07-27 18:09:42]      • [Quiz] Kuis M11 [kelas MALAM]: Program Dinamis dan Permasalahan Tata Letak Fasilitas → Deadline: Tidak diketahui
[2026-07-27 18:09:46]      • [Materi] M12: Algoritma Greedy pada Graf File → Deadline: -
[2026-07-27 18:09:50]      • [Materi] Video literasi M12: Algoritma Greedy pada Graf URL → Deadline: -
[2026-07-27 18:09:55] ⚠️ Gagal mengambil course ID 104438: ('Connection aborted.', RemoteDisconnected('Remote end closed connection without response'))
[2026-07-27 18:09:55] 📚 Mengambil mata kuliah ID 104413 ...
[2026-07-27 18:09:57]   ➤ ATA 2025/2026 | 3-FIKTI | Praktikum Terapan Teori Graf
[2026-07-27 18:09:57]      • [Materi] Panduan Praktikum  Forum → Deadline: -
[2026-07-27 18:10:01]      • [Materi] Panduan Google Collaboratory URL → Deadline: -
[2026-07-27 18:10:05]      • [Materi] Panduan Instalasi Anaconda URL → Deadline: -
[2026-07-27 18:10:12]      • [Quiz] Pre-Test (M1) → Deadline: Tidak diketahui
[2026-07-27 18:10:16]      • [Materi] 1.1  Pengantar: Teori Graf URL → Deadline: -
[2026-07-27 18:10:21]      • [Materi] 1.2  Sesi Hands-on Praktikum URL → Deadline: -
[2026-07-27 18:10:25]      • [Materi] 1.3 Tutorial Menambahkan File pada Mesin DGX URL → Deadline: -
[2026-07-27 18:10:30]      • [Quiz] Post-Test (M1) → Deadline: Tidak diketahui
[2026-07-27 18:10:35]      • [Assignment] Pengumpulan Tugas (M1) → Deadline: Saturday, 7 March 2026, 11:59 PM
[2026-07-27 18:10:41]      • [Quiz] Pre-Test (M2) → Deadline: Tidak diketahui
[2026-07-27 18:10:44]      • [Materi] 2.1  Pengantar: Berbagai Pemecahan Masalah Menggunakan Teori Graf Page → Deadline: -
[2026-07-27 18:10:49]      • [Quiz] Post-Test (M2) → Deadline: Tidak diketahui
[2026-07-27 18:10:53]      • [Assignment] Pengumpulan Tugas (M2) → Deadline: Saturday, 14 March 2026, 11:59 PM
[2026-07-27 18:11:01]      • [Quiz] Pre-Test (M4) → Deadline: Tidak diketahui
[2026-07-27 18:11:05]      • [Materi] 4.1  Pengantar: Breadth First Search URL → Deadline: -
[2026-07-27 18:11:08]      • [Materi] Sesi Praktikum File → Deadline: -
[2026-07-27 18:11:13]      • [Materi] Video Tutorial: Mendownload File IPYNB di Virtual Class URL → Deadline: -
[2026-07-27 18:11:18]      • [Quiz] Post-Test (M4) → Deadline: Tidak diketahui
[2026-07-27 18:11:24]      • [Assignment] Laporan Akhir (M4) → Deadline: Saturday, 11 April 2026, 11:59 PM
[2026-07-27 18:11:30]      • [Quiz] Pre-Test (M5) → Deadline: Tidak diketahui
[2026-07-27 18:11:34]      • [Materi] Sesi Praktikum URL → Deadline: -
[2026-07-27 18:11:39]      • [Quiz] Post-Test (M5) → Deadline: Tidak diketahui
[2026-07-27 18:11:45]      • [Assignment] Laporan Akhir (M5) → Deadline: Saturday, 18 April 2026, 11:59 PM
[2026-07-27 18:11:52]      • [Quiz] Pre-Test (M6) → Deadline: Tidak diketahui
[2026-07-27 18:11:56]      • [Materi] 6.1  Pendahuluan: Algoritma Dasar Tree URL → Deadline: -
[2026-07-27 18:12:00]      • [Materi] Sesi Praktikum File → Deadline: -
[2026-07-27 18:12:05]      • [Quiz] Post-Test (M6) → Deadline: Tidak diketahui
[2026-07-27 18:12:11]      • [Assignment] Laporan Akhir (M6) → Deadline: Saturday, 25 April 2026, 11:59 PM
[2026-07-27 18:12:16]      • [Quiz] Pre-Test (M8) → Deadline: Tidak diketahui
[2026-07-27 18:12:20]      • [Materi] 8.1  Pendahuluan: Implementasi Graph URL → Deadline: -
[2026-07-27 18:12:25]      • [Materi] Link File Praktikum I - family.pl → Deadline: -
[2026-07-27 18:12:29]      • [Materi] Link File Praktikum II - 8-puzzles.ipynb → Deadline: -
[2026-07-27 18:12:34]      • [Materi] Video Tutorial: Mendownload File IPYNB di Virtual Class URL → Deadline: -
[2026-07-27 18:12:39]      • [Quiz] Post-Test (M8) → Deadline: Tidak diketahui
[2026-07-27 18:12:45]      • [Assignment] Laporan Akhir (M8) → Deadline: Saturday, 9 May 2026, 11:59 PM
[2026-07-27 18:12:49]      • [Quiz] Pre-Test (M9) → Deadline: Tidak diketahui
[2026-07-27 18:12:52]      • [Materi] Sesi Hands-on Praktikum URL → Deadline: -
[2026-07-27 18:12:58]      • [Quiz] Post-Test (M9) → Deadline: Tidak diketahui
[2026-07-27 18:13:03]      • [Assignment] Pengumpulan Tugas (M9) → Deadline: Saturday, 16 May 2026, 11:59 PM
[2026-07-27 18:13:15]      • [Quiz] Pre-Test (M3) → Deadline: Tidak diketahui
[2026-07-27 18:13:19]      • [Materi] Sesi Praktikum URL → Deadline: -
[2026-07-27 18:13:23]      • [Materi] Video Tutorial: Menambahkan File pada Mesin DGX URL → Deadline: -
[2026-07-27 18:13:28]      • [Quiz] Post-Test (M3) → Deadline: Tidak diketahui
[2026-07-27 18:13:58]      • [Assignment] Pengumpulan Tugas (M3) → Deadline: Saturday, 23 May 2026, 11:59 PM
[2026-07-27 18:14:03]      • [Quiz] Pre-Test (M7) → Deadline: Tidak diketahui
[2026-07-27 18:14:08]      • [Materi] Link File Praktikum I - 3-Tekrek-Find-Center.ipynb → Deadline: -
[2026-07-27 18:14:12]      • [Materi] Link File Praktikum II - 3-Tekrek-Sortest-Path.ipynb → Deadline: -
[2026-07-27 18:14:17]      • [Materi] Video Tutorial: Mendownload File IPYNB di Virtual Class URL → Deadline: -
[2026-07-27 18:14:25]      • [Quiz] Post-Test (M7) → Deadline: Tidak diketahui
[2026-07-27 18:14:31]      • [Assignment] Laporan Akhir (M7) → Deadline: Saturday, 23 May 2026, 11:59 PM
[2026-07-27 18:14:35] 📦 Total tugas ditemukan: 114
[2026-07-27 18:14:35] 💾 Disimpan ke python/node/tugas.json
