[2026-07-05 09:45:57] 🔐 Login ke V-Class...
[2026-07-05 09:45:57] ✅ Login berhasil
[2026-07-05 09:45:57] 📚 Mengambil mata kuliah ID 108486 ...
[2026-07-05 09:45:57]   ➤ ATA 2025/2026 | 3KB01 | Jaringan Komputer Lanjut | VIVIEN NOVA FITHRIANA
[2026-07-05 09:45:57]      • [Materi] Announcements Forum → Deadline: -
[2026-07-05 09:46:02]      • [Materi] M1 File → Deadline: -
[2026-07-05 09:46:06]      • [Materi] M2 File → Deadline: -
[2026-07-05 09:46:10]      • [Materi] M3 File → Deadline: -
[2026-07-05 09:46:14]      • [Materi] M4 File → Deadline: -
[2026-07-05 09:46:18]      • [Materi] M5 File → Deadline: -
[2026-07-05 09:46:22]      • [Materi] M6 File → Deadline: -
[2026-07-05 09:46:26]      • [Materi] M7 File → Deadline: -
[2026-07-05 09:46:30]      • [Materi] VC-1 : Traffic dan Algoritma Kendali Kemacetan File → Deadline: -
[2026-07-05 09:46:34]      • [Materi] VC-1 : Traffic dan Algoritma Kendali Kemacetan File → Deadline: -
[2026-07-05 09:46:39]      • [Materi] Forum VC-1 : Traffic dan Algoritma Kendali Kemacetan → Deadline: -
[2026-07-05 09:46:43]      • [Quiz] Latihan Soal VC-1 : Traffic dan Algoritma Kendali Kemacetan → Deadline: Tidak diketahui
[2026-07-05 09:46:47]      • [Materi] VC-2 : Traffic dan Algoritma Kendali Kemacetan - Bagian 2 File → Deadline: -
[2026-07-05 09:46:51]      • [Materi] Forum VC-2 : Traffic dan Algoritma Kendali Kemacetan - Bagian 2 → Deadline: -
[2026-07-05 09:46:56]      • [Quiz] Latihan Soal VC-2 : Traffic dan Algoritma Kendali Kemacetan - Bagian 2 → Deadline: Tidak diketahui
[2026-07-05 09:47:00]      • [Materi] VC-3 : Lapisan Transport File → Deadline: -
[2026-07-05 09:47:04]      • [Materi] Forum VC-3 : Lapisan Transport → Deadline: -
[2026-07-05 09:47:09]      • [Quiz] Latihan Soal VC-3 : Lapisan Transport → Deadline: Wednesday, 15 July 2026, 11:59 PM
[2026-07-05 09:47:14] 📚 Mengambil mata kuliah ID 108172 ...
[2026-07-05 09:47:14]   ➤ ATA 2025/2026 | 3KB01 | Internet of Things (IoT) | PURNAWARMAN MUSA
[2026-07-05 09:47:14]      • [Materi] Announcements Forum → Deadline: -
[2026-07-05 09:47:18]      • [Materi] M6 File → Deadline: -
[2026-07-05 09:47:23]      • [Quiz] Soal (Tugas Individu) → Deadline: Tidak diketahui
[2026-07-05 09:47:28]      • [Quiz] Soal (Tugas Individu) → Deadline: Tidak diketahui
[2026-07-05 09:47:33] 📚 Mengambil mata kuliah ID 109563 ...
[2026-07-05 09:47:33]   ➤ ATA 2025/2026 | 3KB01 | Sistem Tertanam (Embedded) * | RIDHA ISKANDAR
[2026-07-05 09:47:33]      • [Materi] Selamat Datang di V-Class Sistem Tertanam (Embedded) Forum → Deadline: -
[2026-07-05 09:47:38]      • [Assignment] File 1 → Deadline: Sunday, 26 April 2026, 12:00 AM
[2026-07-05 09:47:41] 📚 Mengambil mata kuliah ID 109970 ...
[2026-07-05 09:47:42]   ➤ ATA 2025/2026 | 2EB10 | Bahasa Indonesia | MELANIAWATI
[2026-07-05 09:47:42] 📚 Mengambil mata kuliah ID 107919 ...
[2026-07-05 09:47:42]   ➤ ATA 2025/2026 | 3KB01 | Sistem Cerdas Lanjut | NUR SULTAN SALAHUDDIN
[2026-07-05 09:47:42]      • [Materi] Announcements Forum → Deadline: -
[2026-07-05 09:47:47]      • [Assignment] Sistem Kesehatan Cerdas → Deadline: Thursday, 21 May 2026, 12:00 AM
[2026-07-05 09:47:51]      • [Quiz] Sistem Kesehatan Cerdas → Deadline: Tidak diketahui
[2026-07-05 09:47:56] 📚 Mengambil mata kuliah ID 107291 ...
[2026-07-05 09:47:56]   ➤ ATA 2025/2026 | 3KB01 | Pengantarmukaan Perif.Komputer * | FARID THALIB
[2026-07-05 09:47:56]      • [Materi] Announcements Forum → Deadline: -
[2026-07-05 09:48:00] 📚 Mengambil mata kuliah ID 104438 ...
[2026-07-05 09:48:00]   ➤ ATA 2025/2026 | 3-FIKTI | Terapan Teori Graf | TEAM TEACHING
[2026-07-05 09:48:00]      • [Materi] PEMBERITAHUAN UTS SUSULAN File → Deadline: -
[2026-07-05 09:48:05]      • [Materi] PEMBERITAHUAN PELAKSANAAN TEAM TEACHING TERAPAN TEORI GRAF Forum → Deadline: -
[2026-07-05 09:48:09]      • [Materi] M1: Pendahuluan Teori Graf File → Deadline: -
[2026-07-05 09:48:13]      • [Materi] Video Literasi M1: Pendahuluan Teori Graf URL → Deadline: -
[2026-07-05 09:48:17]      • [Quiz] Kuis M1 [kelas PAGI] → Deadline: Tidak diketahui
[2026-07-05 09:48:22]      • [Quiz] Kuis M1 [kelas MALAM] → Deadline: Tidak diketahui
[2026-07-05 09:48:26]      • [Materi] M2: Graf Tidak Berarah dan Graf Berbobot File → Deadline: -
[2026-07-05 09:48:31]      • [Materi] Video Literasi M2 : Graf Tidak Berarah dan Graf Berbobot URL → Deadline: -
[2026-07-05 09:48:35]      • [Quiz] Kuis M2 [KELAS PAGI] : Graf Tidak Berarah dan Graf Berbobot → Deadline: Tidak diketahui
[2026-07-05 09:48:40]      • [Quiz] Kuis M2 [KELAS MALAM] : Graf Tidak Berarah dan Graf Berbobot → Deadline: Tidak diketahui
[2026-07-05 09:48:44]      • [Materi] M4 : Aplikasi Teori Graf di Teknik Elektro File → Deadline: -
[2026-07-05 09:48:48]      • [Materi] Video Literasi M4 : Aplikasi Teori Graf di Teknik Elektro URL → Deadline: -
[2026-07-05 09:48:53]      • [Quiz] Kuis M4 [KELAS PAGI]: Aplikasi Teori Graf di Teknik Elektro → Deadline: Tidak diketahui
[2026-07-05 09:48:57]      • [Quiz] Kuis M4 [KELAS MALAM]: Aplikasi Teori Graf di Teknik Elektro → Deadline: Tidak diketahui
[2026-07-05 09:49:02]      • [Materi] M5 : Knowledge Graph dan Database Graph File → Deadline: -
[2026-07-05 09:49:06]      • [Materi] Video Literasi  M5 : Knowledge Graph dan Database Graph URL → Deadline: -
[2026-07-05 09:49:10]      • [Quiz] Kuis M5 [KELAS PAGI] : nowledge Graph dan Database Graph → Deadline: Tidak diketahui
[2026-07-05 09:49:14]      • [Quiz] Kuis M5 [KELAS MALAM] : Knowledge Graph dan Database Graph → Deadline: Tidak diketahui
[2026-07-05 09:49:18]      • [Materi] M6 : Graf Berarah dan Implementasinya File → Deadline: -
[2026-07-05 09:49:23]      • [Materi] Video Literasi M6 : Graf Berarah dan Implementasinya URL → Deadline: -
[2026-07-05 09:49:27]      • [Quiz] Kuis M6 [KELAS PAGI] : Graf Berarah dan Implementasinya → Deadline: Tidak diketahui
[2026-07-05 09:49:31]      • [Quiz] Kuis M6 [KELAS MALAM] : Graf Berarah dan Implementasinya → Deadline: Tidak diketahui
[2026-07-05 09:49:36]      • [Materi] M8 : Penerapan Teori Graf di Bidang Teknik Sipil File → Deadline: -
[2026-07-05 09:49:39]      • [Materi] Video Literasi M8 : Penerapan Teori Graf di Bidang Teknik Sipil URL → Deadline: -
[2026-07-05 09:49:44]      • [Quiz] Kuis M8 [KELAS PAGI] : Penerapan Teori Graf di Bidang Teknik Sipil → Deadline: Tidak diketahui
[2026-07-05 09:49:49]      • [Quiz] Kuis M8 [KELAS MALAM] : Penerapan Teori Graf di Bidang Teknik Sipil → Deadline: Tidak diketahui
[2026-07-05 09:49:54]      • [Materi] M10 : Penerapan Teori Graf  di Bidang Teknik Industri File → Deadline: -
[2026-07-05 09:49:57]      • [Materi] Video Literasi M10 : Penerapan Teori Graf  di Bidang Teknik Industri URL → Deadline: -
[2026-07-05 09:50:02]      • [Quiz] Kuis M10 [kelas pagi] : Penerapan Teori Graf  di Bidang Teknik Industri → Deadline: Tidak diketahui
[2026-07-05 09:50:07]      • [Quiz] Kuis M10 [kelas malam]: Penerapan Teori Graf  di Bidang Teknik Industri → Deadline: Tidak diketahui
[2026-07-05 09:50:11]      • [Materi] M11 : Program Dinamis dan Permasalahan Tata Letak Fasilitas File → Deadline: -
[2026-07-05 09:50:15]      • [Materi] video literasi : Program Dinamis dan Permasalahan Tata Letak Fasilitas URL → Deadline: -
[2026-07-05 09:50:19]      • [Quiz] Kuis M11 [kelas PAGI]: Program Dinamis dan Permasalahan Tata Letak Fasilitas → Deadline: Tidak diketahui
[2026-07-05 09:50:23]      • [Quiz] Kuis M11 [kelas MALAM]: Program Dinamis dan Permasalahan Tata Letak Fasilitas → Deadline: Tidak diketahui
[2026-07-05 09:50:27]      • [Materi] M12: Algoritma Greedy pada Graf File → Deadline: -
[2026-07-05 09:50:32]      • [Materi] Video literasi M12: Algoritma Greedy pada Graf URL → Deadline: -
[2026-07-05 09:50:36]      • [Quiz] Kuis M12 [kelas PAGI] → Deadline: Tidak diketahui
[2026-07-05 09:50:40]      • [Quiz] Kuis M12 [kelas MALAM] → Deadline: Tidak diketahui
[2026-07-05 09:50:45] 📚 Mengambil mata kuliah ID 104413 ...
[2026-07-05 09:50:46]   ➤ ATA 2025/2026 | 3-FIKTI | Praktikum Terapan Teori Graf
[2026-07-05 09:50:46]      • [Materi] Panduan Praktikum  Forum → Deadline: -
[2026-07-05 09:50:50]      • [Materi] Panduan Google Collaboratory URL → Deadline: -
[2026-07-05 09:50:54]      • [Materi] Panduan Instalasi Anaconda URL → Deadline: -
[2026-07-05 09:50:59]      • [Quiz] Pre-Test (M1) → Deadline: Tidak diketahui
[2026-07-05 09:51:04]      • [Materi] 1.1  Pengantar: Teori Graf URL → Deadline: -
[2026-07-05 09:51:09]      • [Materi] 1.2  Sesi Hands-on Praktikum URL → Deadline: -
[2026-07-05 09:51:14]      • [Materi] 1.3 Tutorial Menambahkan File pada Mesin DGX URL → Deadline: -
[2026-07-05 09:51:19]      • [Quiz] Post-Test (M1) → Deadline: Tidak diketahui
[2026-07-05 09:51:24]      • [Assignment] Pengumpulan Tugas (M1) → Deadline: Saturday, 7 March 2026, 11:59 PM
[2026-07-05 09:51:29]      • [Quiz] Pre-Test (M2) → Deadline: Tidak diketahui
[2026-07-05 09:51:34]      • [Materi] 2.1  Pengantar: Berbagai Pemecahan Masalah Menggunakan Teori Graf Page → Deadline: -
[2026-07-05 09:51:37]      • [Quiz] Post-Test (M2) → Deadline: Tidak diketahui
[2026-07-05 09:51:42]      • [Assignment] Pengumpulan Tugas (M2) → Deadline: Saturday, 14 March 2026, 11:59 PM
[2026-07-05 09:51:47]      • [Quiz] Pre-Test (M4) → Deadline: Tidak diketahui
[2026-07-05 09:51:52]      • [Materi] 4.1  Pengantar: Breadth First Search URL → Deadline: -
[2026-07-05 09:51:56]      • [Materi] Sesi Praktikum File → Deadline: -
[2026-07-05 09:52:00]      • [Materi] Video Tutorial: Mendownload File IPYNB di Virtual Class URL → Deadline: -
[2026-07-05 09:52:05]      • [Quiz] Post-Test (M4) → Deadline: Tidak diketahui
[2026-07-05 09:52:10]      • [Assignment] Laporan Akhir (M4) → Deadline: Saturday, 11 April 2026, 11:59 PM
[2026-07-05 09:52:15]      • [Quiz] Pre-Test (M5) → Deadline: Tidak diketahui
[2026-07-05 09:52:19]      • [Materi] Sesi Praktikum URL → Deadline: -
[2026-07-05 09:52:24]      • [Quiz] Post-Test (M5) → Deadline: Tidak diketahui
[2026-07-05 09:52:29]      • [Assignment] Laporan Akhir (M5) → Deadline: Saturday, 18 April 2026, 11:59 PM
[2026-07-05 09:52:34]      • [Quiz] Pre-Test (M6) → Deadline: Tidak diketahui
[2026-07-05 09:52:38]      • [Materi] 6.1  Pendahuluan: Algoritma Dasar Tree URL → Deadline: -
[2026-07-05 09:52:41]      • [Materi] Sesi Praktikum File → Deadline: -
[2026-07-05 09:52:46]      • [Quiz] Post-Test (M6) → Deadline: Tidak diketahui
[2026-07-05 09:52:50]      • [Assignment] Laporan Akhir (M6) → Deadline: Saturday, 25 April 2026, 11:59 PM
[2026-07-05 09:52:54]      • [Quiz] Pre-Test (M8) → Deadline: Tidak diketahui
[2026-07-05 09:52:58]      • [Materi] 8.1  Pendahuluan: Implementasi Graph URL → Deadline: -
[2026-07-05 09:53:02]      • [Materi] Link File Praktikum I - family.pl → Deadline: -
[2026-07-05 09:53:07]      • [Materi] Link File Praktikum II - 8-puzzles.ipynb → Deadline: -
[2026-07-05 09:53:10]      • [Materi] Video Tutorial: Mendownload File IPYNB di Virtual Class URL → Deadline: -
[2026-07-05 09:53:14]      • [Quiz] Post-Test (M8) → Deadline: Tidak diketahui
[2026-07-05 09:53:19]      • [Assignment] Laporan Akhir (M8) → Deadline: Saturday, 9 May 2026, 11:59 PM
[2026-07-05 09:53:23]      • [Quiz] Pre-Test (M9) → Deadline: Tidak diketahui
[2026-07-05 09:53:28]      • [Materi] Sesi Hands-on Praktikum URL → Deadline: -
[2026-07-05 09:53:32]      • [Quiz] Post-Test (M9) → Deadline: Tidak diketahui
[2026-07-05 09:53:37]      • [Assignment] Pengumpulan Tugas (M9) → Deadline: Saturday, 16 May 2026, 11:59 PM
[2026-07-05 09:53:41]      • [Quiz] Pre-Test (M3) → Deadline: Tidak diketahui
[2026-07-05 09:53:45]      • [Materi] Sesi Praktikum URL → Deadline: -
[2026-07-05 09:53:49]      • [Materi] Video Tutorial: Menambahkan File pada Mesin DGX URL → Deadline: -
[2026-07-05 09:53:53]      • [Quiz] Post-Test (M3) → Deadline: Tidak diketahui
[2026-07-05 09:53:58]      • [Assignment] Pengumpulan Tugas (M3) → Deadline: Saturday, 23 May 2026, 11:59 PM
[2026-07-05 09:54:02]      • [Quiz] Pre-Test (M7) → Deadline: Tidak diketahui
[2026-07-05 09:54:07]      • [Materi] Link File Praktikum I - 3-Tekrek-Find-Center.ipynb → Deadline: -
[2026-07-05 09:54:11]      • [Materi] Link File Praktikum II - 3-Tekrek-Sortest-Path.ipynb → Deadline: -
[2026-07-05 09:54:15]      • [Materi] Video Tutorial: Mendownload File IPYNB di Virtual Class URL → Deadline: -
[2026-07-05 09:54:20]      • [Quiz] Post-Test (M7) → Deadline: Tidak diketahui
[2026-07-05 09:54:25]      • [Assignment] Laporan Akhir (M7) → Deadline: Saturday, 23 May 2026, 11:59 PM
[2026-07-05 09:54:29] 📦 Total tugas ditemukan: 116
[2026-07-05 09:54:29] 💾 Disimpan ke python/node/tugas.json
[2026-07-05 18:00:30] 🔐 Login ke V-Class...
[2026-07-05 18:00:30] ✅ Login berhasil
[2026-07-05 18:00:30] 📚 Mengambil mata kuliah ID 108486 ...
[2026-07-05 18:00:30]   ➤ ATA 2025/2026 | 3KB01 | Jaringan Komputer Lanjut | VIVIEN NOVA FITHRIANA
[2026-07-05 18:00:30]      • [Materi] Announcements Forum → Deadline: -
[2026-07-05 18:00:34]      • [Materi] M1 File → Deadline: -
[2026-07-05 18:00:39]      • [Materi] M2 File → Deadline: -
[2026-07-05 18:00:43]      • [Materi] M3 File → Deadline: -
[2026-07-05 18:00:47]      • [Materi] M4 File → Deadline: -
[2026-07-05 18:00:52]      • [Materi] M5 File → Deadline: -
[2026-07-05 18:00:57]      • [Materi] M6 File → Deadline: -
[2026-07-05 18:01:01]      • [Materi] M7 File → Deadline: -
[2026-07-05 18:01:05]      • [Materi] VC-1 : Traffic dan Algoritma Kendali Kemacetan File → Deadline: -
[2026-07-05 18:01:09]      • [Materi] VC-1 : Traffic dan Algoritma Kendali Kemacetan File → Deadline: -
[2026-07-05 18:01:14]      • [Materi] Forum VC-1 : Traffic dan Algoritma Kendali Kemacetan → Deadline: -
[2026-07-05 18:01:19]      • [Quiz] Latihan Soal VC-1 : Traffic dan Algoritma Kendali Kemacetan → Deadline: Tidak diketahui
[2026-07-05 18:01:23]      • [Materi] VC-2 : Traffic dan Algoritma Kendali Kemacetan - Bagian 2 File → Deadline: -
[2026-07-05 18:01:28]      • [Materi] Forum VC-2 : Traffic dan Algoritma Kendali Kemacetan - Bagian 2 → Deadline: -
[2026-07-05 18:01:32]      • [Quiz] Latihan Soal VC-2 : Traffic dan Algoritma Kendali Kemacetan - Bagian 2 → Deadline: Tidak diketahui
[2026-07-05 18:01:36]      • [Materi] VC-3 : Lapisan Transport File → Deadline: -
[2026-07-05 18:01:41]      • [Materi] Forum VC-3 : Lapisan Transport → Deadline: -
[2026-07-05 18:01:45]      • [Quiz] Latihan Soal VC-3 : Lapisan Transport → Deadline: Wednesday, 15 July 2026, 11:59 PM
[2026-07-05 18:01:49] 📚 Mengambil mata kuliah ID 108172 ...
[2026-07-05 18:01:49]   ➤ ATA 2025/2026 | 3KB01 | Internet of Things (IoT) | PURNAWARMAN MUSA
[2026-07-05 18:01:49]      • [Materi] Announcements Forum → Deadline: -
[2026-07-05 18:01:54]      • [Materi] M6 File → Deadline: -
[2026-07-05 18:01:59]      • [Quiz] Soal (Tugas Individu) → Deadline: Tidak diketahui
[2026-07-05 18:02:04]      • [Quiz] Soal (Tugas Individu) → Deadline: Tidak diketahui
[2026-07-05 18:02:07] 📚 Mengambil mata kuliah ID 109563 ...
[2026-07-05 18:02:08]   ➤ ATA 2025/2026 | 3KB01 | Sistem Tertanam (Embedded) * | RIDHA ISKANDAR
[2026-07-05 18:02:08]      • [Materi] Selamat Datang di V-Class Sistem Tertanam (Embedded) Forum → Deadline: -
[2026-07-05 18:02:12]      • [Assignment] File 1 → Deadline: Sunday, 26 April 2026, 12:00 AM
[2026-07-05 18:02:16] 📚 Mengambil mata kuliah ID 109970 ...
[2026-07-05 18:02:17]   ➤ ATA 2025/2026 | 2EB10 | Bahasa Indonesia | MELANIAWATI
[2026-07-05 18:02:17] 📚 Mengambil mata kuliah ID 107919 ...
[2026-07-05 18:02:17]   ➤ ATA 2025/2026 | 3KB01 | Sistem Cerdas Lanjut | NUR SULTAN SALAHUDDIN
[2026-07-05 18:02:17]      • [Materi] Announcements Forum → Deadline: -
[2026-07-05 18:02:20]      • [Assignment] Sistem Kesehatan Cerdas → Deadline: Thursday, 21 May 2026, 12:00 AM
[2026-07-05 18:02:25]      • [Quiz] Sistem Kesehatan Cerdas → Deadline: Tidak diketahui
[2026-07-05 18:02:29] 📚 Mengambil mata kuliah ID 107291 ...
[2026-07-05 18:02:29]   ➤ ATA 2025/2026 | 3KB01 | Pengantarmukaan Perif.Komputer * | FARID THALIB
[2026-07-05 18:02:29]      • [Materi] Announcements Forum → Deadline: -
[2026-07-05 18:02:34] 📚 Mengambil mata kuliah ID 104438 ...
[2026-07-05 18:02:34]   ➤ ATA 2025/2026 | 3-FIKTI | Terapan Teori Graf | TEAM TEACHING
[2026-07-05 18:02:34]      • [Materi] PEMBERITAHUAN UTS SUSULAN File → Deadline: -
[2026-07-05 18:02:39]      • [Materi] PEMBERITAHUAN PELAKSANAAN TEAM TEACHING TERAPAN TEORI GRAF Forum → Deadline: -
[2026-07-05 18:02:43]      • [Materi] M1: Pendahuluan Teori Graf File → Deadline: -
[2026-07-05 18:02:47]      • [Materi] Video Literasi M1: Pendahuluan Teori Graf URL → Deadline: -
[2026-07-05 18:02:51]      • [Quiz] Kuis M1 [kelas PAGI] → Deadline: Tidak diketahui
[2026-07-05 18:02:56]      • [Quiz] Kuis M1 [kelas MALAM] → Deadline: Tidak diketahui
[2026-07-05 18:02:59]      • [Materi] M2: Graf Tidak Berarah dan Graf Berbobot File → Deadline: -
[2026-07-05 18:03:04]      • [Materi] Video Literasi M2 : Graf Tidak Berarah dan Graf Berbobot URL → Deadline: -
[2026-07-05 18:03:08]      • [Quiz] Kuis M2 [KELAS PAGI] : Graf Tidak Berarah dan Graf Berbobot → Deadline: Tidak diketahui
[2026-07-05 18:03:13]      • [Quiz] Kuis M2 [KELAS MALAM] : Graf Tidak Berarah dan Graf Berbobot → Deadline: Tidak diketahui
[2026-07-05 18:03:17]      • [Materi] M4 : Aplikasi Teori Graf di Teknik Elektro File → Deadline: -
[2026-07-05 18:03:21]      • [Materi] Video Literasi M4 : Aplikasi Teori Graf di Teknik Elektro URL → Deadline: -
[2026-07-05 18:03:26]      • [Quiz] Kuis M4 [KELAS PAGI]: Aplikasi Teori Graf di Teknik Elektro → Deadline: Tidak diketahui
[2026-07-05 18:03:30]      • [Quiz] Kuis M4 [KELAS MALAM]: Aplikasi Teori Graf di Teknik Elektro → Deadline: Tidak diketahui
[2026-07-05 18:03:34]      • [Materi] M5 : Knowledge Graph dan Database Graph File → Deadline: -
[2026-07-05 18:03:38]      • [Materi] Video Literasi  M5 : Knowledge Graph dan Database Graph URL → Deadline: -
[2026-07-05 18:03:42]      • [Quiz] Kuis M5 [KELAS PAGI] : nowledge Graph dan Database Graph → Deadline: Tidak diketahui
[2026-07-05 18:03:46]      • [Quiz] Kuis M5 [KELAS MALAM] : Knowledge Graph dan Database Graph → Deadline: Tidak diketahui
[2026-07-05 18:03:51]      • [Materi] M6 : Graf Berarah dan Implementasinya File → Deadline: -
[2026-07-05 18:03:55]      • [Materi] Video Literasi M6 : Graf Berarah dan Implementasinya URL → Deadline: -
[2026-07-05 18:03:59]      • [Quiz] Kuis M6 [KELAS PAGI] : Graf Berarah dan Implementasinya → Deadline: Tidak diketahui
[2026-07-05 18:04:03]      • [Quiz] Kuis M6 [KELAS MALAM] : Graf Berarah dan Implementasinya → Deadline: Tidak diketahui
[2026-07-05 18:04:08]      • [Materi] M8 : Penerapan Teori Graf di Bidang Teknik Sipil File → Deadline: -
[2026-07-05 18:04:12]      • [Materi] Video Literasi M8 : Penerapan Teori Graf di Bidang Teknik Sipil URL → Deadline: -
[2026-07-05 18:04:17]      • [Quiz] Kuis M8 [KELAS PAGI] : Penerapan Teori Graf di Bidang Teknik Sipil → Deadline: Tidak diketahui
[2026-07-05 18:04:22]      • [Quiz] Kuis M8 [KELAS MALAM] : Penerapan Teori Graf di Bidang Teknik Sipil → Deadline: Tidak diketahui
[2026-07-05 18:04:26]      • [Materi] M10 : Penerapan Teori Graf  di Bidang Teknik Industri File → Deadline: -
[2026-07-05 18:04:29]      • [Materi] Video Literasi M10 : Penerapan Teori Graf  di Bidang Teknik Industri URL → Deadline: -
[2026-07-05 18:04:34]      • [Quiz] Kuis M10 [kelas pagi] : Penerapan Teori Graf  di Bidang Teknik Industri → Deadline: Tidak diketahui
[2026-07-05 18:04:39]      • [Quiz] Kuis M10 [kelas malam]: Penerapan Teori Graf  di Bidang Teknik Industri → Deadline: Tidak diketahui
[2026-07-05 18:04:43]      • [Materi] M11 : Program Dinamis dan Permasalahan Tata Letak Fasilitas File → Deadline: -
[2026-07-05 18:04:48]      • [Materi] video literasi : Program Dinamis dan Permasalahan Tata Letak Fasilitas URL → Deadline: -
[2026-07-05 18:04:52]      • [Quiz] Kuis M11 [kelas PAGI]: Program Dinamis dan Permasalahan Tata Letak Fasilitas → Deadline: Tidak diketahui
[2026-07-05 18:04:56]      • [Quiz] Kuis M11 [kelas MALAM]: Program Dinamis dan Permasalahan Tata Letak Fasilitas → Deadline: Tidak diketahui
[2026-07-05 18:05:00]      • [Materi] M12: Algoritma Greedy pada Graf File → Deadline: -
[2026-07-05 18:05:04]      • [Materi] Video literasi M12: Algoritma Greedy pada Graf URL → Deadline: -
[2026-07-05 18:05:08]      • [Quiz] Kuis M12 [kelas PAGI] → Deadline: Tidak diketahui
[2026-07-05 18:05:13]      • [Quiz] Kuis M12 [kelas MALAM] → Deadline: Tidak diketahui
[2026-07-05 18:05:18] 📚 Mengambil mata kuliah ID 104413 ...
[2026-07-05 18:05:18]   ➤ ATA 2025/2026 | 3-FIKTI | Praktikum Terapan Teori Graf
[2026-07-05 18:05:18]      • [Materi] Panduan Praktikum  Forum → Deadline: -
[2026-07-05 18:05:22]      • [Materi] Panduan Google Collaboratory URL → Deadline: -
[2026-07-05 18:05:27]      • [Materi] Panduan Instalasi Anaconda URL → Deadline: -
[2026-07-05 18:05:31]      • [Quiz] Pre-Test (M1) → Deadline: Tidak diketahui
[2026-07-05 18:05:34]      • [Materi] 1.1  Pengantar: Teori Graf URL → Deadline: -
[2026-07-05 18:05:38]      • [Materi] 1.2  Sesi Hands-on Praktikum URL → Deadline: -
[2026-07-05 18:05:43]      • [Materi] 1.3 Tutorial Menambahkan File pada Mesin DGX URL → Deadline: -
[2026-07-05 18:05:48]      • [Quiz] Post-Test (M1) → Deadline: Tidak diketahui
[2026-07-05 18:05:52]      • [Assignment] Pengumpulan Tugas (M1) → Deadline: Saturday, 7 March 2026, 11:59 PM
[2026-07-05 18:05:56]      • [Quiz] Pre-Test (M2) → Deadline: Tidak diketahui
[2026-07-05 18:06:00]      • [Materi] 2.1  Pengantar: Berbagai Pemecahan Masalah Menggunakan Teori Graf Page → Deadline: -
[2026-07-05 18:06:05]      • [Quiz] Post-Test (M2) → Deadline: Tidak diketahui
[2026-07-05 18:06:09]      • [Assignment] Pengumpulan Tugas (M2) → Deadline: Saturday, 14 March 2026, 11:59 PM
[2026-07-05 18:06:14]      • [Quiz] Pre-Test (M4) → Deadline: Tidak diketahui
[2026-07-05 18:06:18]      • [Materi] 4.1  Pengantar: Breadth First Search URL → Deadline: -
[2026-07-05 18:06:23]      • [Materi] Sesi Praktikum File → Deadline: -
[2026-07-05 18:06:27]      • [Materi] Video Tutorial: Mendownload File IPYNB di Virtual Class URL → Deadline: -
[2026-07-05 18:06:31]      • [Quiz] Post-Test (M4) → Deadline: Tidak diketahui
[2026-07-05 18:06:34]      • [Assignment] Laporan Akhir (M4) → Deadline: Saturday, 11 April 2026, 11:59 PM
[2026-07-05 18:06:39]      • [Quiz] Pre-Test (M5) → Deadline: Tidak diketahui
[2026-07-05 18:06:43]      • [Materi] Sesi Praktikum URL → Deadline: -
[2026-07-05 18:06:46]      • [Quiz] Post-Test (M5) → Deadline: Tidak diketahui
[2026-07-05 18:06:51]      • [Assignment] Laporan Akhir (M5) → Deadline: Saturday, 18 April 2026, 11:59 PM
[2026-07-05 18:06:55]      • [Quiz] Pre-Test (M6) → Deadline: Tidak diketahui
[2026-07-05 18:06:59]      • [Materi] 6.1  Pendahuluan: Algoritma Dasar Tree URL → Deadline: -
[2026-07-05 18:07:04]      • [Materi] Sesi Praktikum File → Deadline: -
[2026-07-05 18:07:08]      • [Quiz] Post-Test (M6) → Deadline: Tidak diketahui
[2026-07-05 18:07:12]      • [Assignment] Laporan Akhir (M6) → Deadline: Saturday, 25 April 2026, 11:59 PM
[2026-07-05 18:07:16]      • [Quiz] Pre-Test (M8) → Deadline: Tidak diketahui
[2026-07-05 18:07:21]      • [Materi] 8.1  Pendahuluan: Implementasi Graph URL → Deadline: -
[2026-07-05 18:07:25]      • [Materi] Link File Praktikum I - family.pl → Deadline: -
[2026-07-05 18:07:30]      • [Materi] Link File Praktikum II - 8-puzzles.ipynb → Deadline: -
[2026-07-05 18:07:35]      • [Materi] Video Tutorial: Mendownload File IPYNB di Virtual Class URL → Deadline: -
[2026-07-05 18:07:39]      • [Quiz] Post-Test (M8) → Deadline: Tidak diketahui
[2026-07-05 18:07:42]      • [Assignment] Laporan Akhir (M8) → Deadline: Saturday, 9 May 2026, 11:59 PM
[2026-07-05 18:07:47]      • [Quiz] Pre-Test (M9) → Deadline: Tidak diketahui
[2026-07-05 18:07:52]      • [Materi] Sesi Hands-on Praktikum URL → Deadline: -
[2026-07-05 18:07:56]      • [Quiz] Post-Test (M9) → Deadline: Tidak diketahui
[2026-07-05 18:08:00]      • [Assignment] Pengumpulan Tugas (M9) → Deadline: Saturday, 16 May 2026, 11:59 PM
[2026-07-05 18:08:04]      • [Quiz] Pre-Test (M3) → Deadline: Tidak diketahui
[2026-07-05 18:08:09]      • [Materi] Sesi Praktikum URL → Deadline: -
[2026-07-05 18:08:13]      • [Materi] Video Tutorial: Menambahkan File pada Mesin DGX URL → Deadline: -
[2026-07-05 18:08:18]      • [Quiz] Post-Test (M3) → Deadline: Tidak diketahui
[2026-07-05 18:08:21]      • [Assignment] Pengumpulan Tugas (M3) → Deadline: Saturday, 23 May 2026, 11:59 PM
[2026-07-05 18:08:26]      • [Quiz] Pre-Test (M7) → Deadline: Tidak diketahui
[2026-07-05 18:08:30]      • [Materi] Link File Praktikum I - 3-Tekrek-Find-Center.ipynb → Deadline: -
[2026-07-05 18:08:34]      • [Materi] Link File Praktikum II - 3-Tekrek-Sortest-Path.ipynb → Deadline: -
[2026-07-05 18:08:38]      • [Materi] Video Tutorial: Mendownload File IPYNB di Virtual Class URL → Deadline: -
[2026-07-05 18:08:42]      • [Quiz] Post-Test (M7) → Deadline: Tidak diketahui
[2026-07-05 18:08:46]      • [Assignment] Laporan Akhir (M7) → Deadline: Saturday, 23 May 2026, 11:59 PM
[2026-07-05 18:08:51] 📦 Total tugas ditemukan: 116
[2026-07-05 18:08:51] 💾 Disimpan ke python/node/tugas.json
