[2026-07-06 09:45:51] 🔐 Login ke V-Class...
[2026-07-06 09:45:52] ✅ Login berhasil
[2026-07-06 09:45:52] 📚 Mengambil mata kuliah ID 108486 ...
[2026-07-06 09:45:52]   ➤ ATA 2025/2026 | 3KB01 | Jaringan Komputer Lanjut | VIVIEN NOVA FITHRIANA
[2026-07-06 09:45:52]      • [Materi] Announcements Forum → Deadline: -
[2026-07-06 09:45:57]      • [Materi] M1 File → Deadline: -
[2026-07-06 09:46:01]      • [Materi] M2 File → Deadline: -
[2026-07-06 09:46:05]      • [Materi] M3 File → Deadline: -
[2026-07-06 09:46:09]      • [Materi] M4 File → Deadline: -
[2026-07-06 09:46:14]      • [Materi] M5 File → Deadline: -
[2026-07-06 09:46:18]      • [Materi] M6 File → Deadline: -
[2026-07-06 09:46:23]      • [Materi] M7 File → Deadline: -
[2026-07-06 09:46:26]      • [Materi] VC-1 : Traffic dan Algoritma Kendali Kemacetan File → Deadline: -
[2026-07-06 09:46:31]      • [Materi] VC-1 : Traffic dan Algoritma Kendali Kemacetan File → Deadline: -
[2026-07-06 09:46:35]      • [Materi] Forum VC-1 : Traffic dan Algoritma Kendali Kemacetan → Deadline: -
[2026-07-06 09:46:40]      • [Quiz] Latihan Soal VC-1 : Traffic dan Algoritma Kendali Kemacetan → Deadline: Tidak diketahui
[2026-07-06 09:46:44]      • [Materi] VC-2 : Traffic dan Algoritma Kendali Kemacetan - Bagian 2 File → Deadline: -
[2026-07-06 09:46:49]      • [Materi] Forum VC-2 : Traffic dan Algoritma Kendali Kemacetan - Bagian 2 → Deadline: -
[2026-07-06 09:46:53]      • [Quiz] Latihan Soal VC-2 : Traffic dan Algoritma Kendali Kemacetan - Bagian 2 → Deadline: Tidak diketahui
[2026-07-06 09:46:57]      • [Materi] VC-3 : Lapisan Transport File → Deadline: -
[2026-07-06 09:47:02]      • [Materi] Forum VC-3 : Lapisan Transport → Deadline: -
[2026-07-06 09:47:07]      • [Quiz] Latihan Soal VC-3 : Lapisan Transport → Deadline: Wednesday, 15 July 2026, 11:59 PM
[2026-07-06 09:47:12] 📚 Mengambil mata kuliah ID 108172 ...
[2026-07-06 09:47:12]   ➤ ATA 2025/2026 | 3KB01 | Internet of Things (IoT) | PURNAWARMAN MUSA
[2026-07-06 09:47:12]      • [Materi] Announcements Forum → Deadline: -
[2026-07-06 09:47:17]      • [Materi] M6 File → Deadline: -
[2026-07-06 09:47:21]      • [Quiz] Soal (Tugas Individu) → Deadline: Tidak diketahui
[2026-07-06 09:47:25]      • [Quiz] Soal (Tugas Individu) → Deadline: Tidak diketahui
[2026-07-06 09:47:29] 📚 Mengambil mata kuliah ID 109563 ...
[2026-07-06 09:47:30]   ➤ ATA 2025/2026 | 3KB01 | Sistem Tertanam (Embedded) * | RIDHA ISKANDAR
[2026-07-06 09:47:30]      • [Materi] Selamat Datang di V-Class Sistem Tertanam (Embedded) Forum → Deadline: -
[2026-07-06 09:47:33]      • [Assignment] File 1 → Deadline: Sunday, 26 April 2026, 12:00 AM
[2026-07-06 09:47:38] 📚 Mengambil mata kuliah ID 109970 ...
[2026-07-06 09:47:38]   ➤ ATA 2025/2026 | 2EB10 | Bahasa Indonesia | MELANIAWATI
[2026-07-06 09:47:38] 📚 Mengambil mata kuliah ID 107919 ...
[2026-07-06 09:47:39]   ➤ ATA 2025/2026 | 3KB01 | Sistem Cerdas Lanjut | NUR SULTAN SALAHUDDIN
[2026-07-06 09:47:39]      • [Materi] Announcements Forum → Deadline: -
[2026-07-06 09:47:43]      • [Assignment] Sistem Kesehatan Cerdas → Deadline: Thursday, 21 May 2026, 12:00 AM
[2026-07-06 09:47:47]      • [Quiz] Sistem Kesehatan Cerdas → Deadline: Tidak diketahui
[2026-07-06 09:47:51] 📚 Mengambil mata kuliah ID 107291 ...
[2026-07-06 09:47:52]   ➤ ATA 2025/2026 | 3KB01 | Pengantarmukaan Perif.Komputer * | FARID THALIB
[2026-07-06 09:47:52]      • [Materi] Announcements Forum → Deadline: -
[2026-07-06 09:47:56] 📚 Mengambil mata kuliah ID 104438 ...
[2026-07-06 09:47:57]   ➤ ATA 2025/2026 | 3-FIKTI | Terapan Teori Graf | TEAM TEACHING
[2026-07-06 09:47:57]      • [Materi] PEMBERITAHUAN UTS SUSULAN File → Deadline: -
[2026-07-06 09:48:00]      • [Materi] PEMBERITAHUAN PELAKSANAAN TEAM TEACHING TERAPAN TEORI GRAF Forum → Deadline: -
[2026-07-06 09:48:04]      • [Materi] M1: Pendahuluan Teori Graf File → Deadline: -
[2026-07-06 09:48:09]      • [Materi] Video Literasi M1: Pendahuluan Teori Graf URL → Deadline: -
[2026-07-06 09:48:13]      • [Quiz] Kuis M1 [kelas PAGI] → Deadline: Tidak diketahui
[2026-07-06 09:48:16]      • [Quiz] Kuis M1 [kelas MALAM] → Deadline: Tidak diketahui
[2026-07-06 09:48:21]      • [Materi] M2: Graf Tidak Berarah dan Graf Berbobot File → Deadline: -
[2026-07-06 09:48:24]      • [Materi] Video Literasi M2 : Graf Tidak Berarah dan Graf Berbobot URL → Deadline: -
[2026-07-06 09:48:29]      • [Quiz] Kuis M2 [KELAS PAGI] : Graf Tidak Berarah dan Graf Berbobot → Deadline: Tidak diketahui
[2026-07-06 09:48:34]      • [Quiz] Kuis M2 [KELAS MALAM] : Graf Tidak Berarah dan Graf Berbobot → Deadline: Tidak diketahui
[2026-07-06 09:48:38]      • [Materi] M4 : Aplikasi Teori Graf di Teknik Elektro File → Deadline: -
[2026-07-06 09:48:42]      • [Materi] Video Literasi M4 : Aplikasi Teori Graf di Teknik Elektro URL → Deadline: -
[2026-07-06 09:48:47]      • [Quiz] Kuis M4 [KELAS PAGI]: Aplikasi Teori Graf di Teknik Elektro → Deadline: Tidak diketahui
[2026-07-06 09:48:51]      • [Quiz] Kuis M4 [KELAS MALAM]: Aplikasi Teori Graf di Teknik Elektro → Deadline: Tidak diketahui
[2026-07-06 09:48:55]      • [Materi] M5 : Knowledge Graph dan Database Graph File → Deadline: -
[2026-07-06 09:49:00]      • [Materi] Video Literasi  M5 : Knowledge Graph dan Database Graph URL → Deadline: -
[2026-07-06 09:49:05]      • [Quiz] Kuis M5 [KELAS PAGI] : nowledge Graph dan Database Graph → Deadline: Tidak diketahui
[2026-07-06 09:49:09]      • [Quiz] Kuis M5 [KELAS MALAM] : Knowledge Graph dan Database Graph → Deadline: Tidak diketahui
[2026-07-06 09:49:13]      • [Materi] M6 : Graf Berarah dan Implementasinya File → Deadline: -
[2026-07-06 09:49:18]      • [Materi] Video Literasi M6 : Graf Berarah dan Implementasinya URL → Deadline: -
[2026-07-06 09:49:22]      • [Quiz] Kuis M6 [KELAS PAGI] : Graf Berarah dan Implementasinya → Deadline: Tidak diketahui
[2026-07-06 09:49:25]      • [Quiz] Kuis M6 [KELAS MALAM] : Graf Berarah dan Implementasinya → Deadline: Tidak diketahui
[2026-07-06 09:49:29]      • [Materi] M8 : Penerapan Teori Graf di Bidang Teknik Sipil File → Deadline: -
[2026-07-06 09:49:33]      • [Materi] Video Literasi M8 : Penerapan Teori Graf di Bidang Teknik Sipil URL → Deadline: -
[2026-07-06 09:49:38]      • [Quiz] Kuis M8 [KELAS PAGI] : Penerapan Teori Graf di Bidang Teknik Sipil → Deadline: Tidak diketahui
[2026-07-06 09:49:43]      • [Quiz] Kuis M8 [KELAS MALAM] : Penerapan Teori Graf di Bidang Teknik Sipil → Deadline: Tidak diketahui
[2026-07-06 09:49:47]      • [Materi] M10 : Penerapan Teori Graf  di Bidang Teknik Industri File → Deadline: -
[2026-07-06 09:49:51]      • [Materi] Video Literasi M10 : Penerapan Teori Graf  di Bidang Teknik Industri URL → Deadline: -
[2026-07-06 09:49:56]      • [Quiz] Kuis M10 [kelas pagi] : Penerapan Teori Graf  di Bidang Teknik Industri → Deadline: Tidak diketahui
[2026-07-06 09:50:00]      • [Quiz] Kuis M10 [kelas malam]: Penerapan Teori Graf  di Bidang Teknik Industri → Deadline: Tidak diketahui
[2026-07-06 09:50:04]      • [Materi] M11 : Program Dinamis dan Permasalahan Tata Letak Fasilitas File → Deadline: -
[2026-07-06 09:50:09]      • [Materi] video literasi : Program Dinamis dan Permasalahan Tata Letak Fasilitas URL → Deadline: -
[2026-07-06 09:50:14]      • [Quiz] Kuis M11 [kelas PAGI]: Program Dinamis dan Permasalahan Tata Letak Fasilitas → Deadline: Tidak diketahui
[2026-07-06 09:50:18]      • [Quiz] Kuis M11 [kelas MALAM]: Program Dinamis dan Permasalahan Tata Letak Fasilitas → Deadline: Tidak diketahui
[2026-07-06 09:50:22]      • [Materi] M12: Algoritma Greedy pada Graf File → Deadline: -
[2026-07-06 09:50:25]      • [Materi] Video literasi M12: Algoritma Greedy pada Graf URL → Deadline: -
[2026-07-06 09:50:29]      • [Quiz] Kuis M12 [kelas PAGI] → Deadline: Tidak diketahui
[2026-07-06 09:50:33]      • [Quiz] Kuis M12 [kelas MALAM] → Deadline: Tidak diketahui
[2026-07-06 09:50:37] 📚 Mengambil mata kuliah ID 104413 ...
[2026-07-06 09:50:37]   ➤ ATA 2025/2026 | 3-FIKTI | Praktikum Terapan Teori Graf
[2026-07-06 09:50:37]      • [Materi] Panduan Praktikum  Forum → Deadline: -
[2026-07-06 09:50:42]      • [Materi] Panduan Google Collaboratory URL → Deadline: -
[2026-07-06 09:50:47]      • [Materi] Panduan Instalasi Anaconda URL → Deadline: -
[2026-07-06 09:50:51]      • [Quiz] Pre-Test (M1) → Deadline: Tidak diketahui
[2026-07-06 09:50:54]      • [Materi] 1.1  Pengantar: Teori Graf URL → Deadline: -
[2026-07-06 09:50:59]      • [Materi] 1.2  Sesi Hands-on Praktikum URL → Deadline: -
[2026-07-06 09:51:03]      • [Materi] 1.3 Tutorial Menambahkan File pada Mesin DGX URL → Deadline: -
[2026-07-06 09:51:08]      • [Quiz] Post-Test (M1) → Deadline: Tidak diketahui
[2026-07-06 09:51:12]      • [Assignment] Pengumpulan Tugas (M1) → Deadline: Saturday, 7 March 2026, 11:59 PM
[2026-07-06 09:51:16]      • [Quiz] Pre-Test (M2) → Deadline: Tidak diketahui
[2026-07-06 09:51:21]      • [Materi] 2.1  Pengantar: Berbagai Pemecahan Masalah Menggunakan Teori Graf Page → Deadline: -
[2026-07-06 09:51:26]      • [Quiz] Post-Test (M2) → Deadline: Tidak diketahui
[2026-07-06 09:51:30]      • [Assignment] Pengumpulan Tugas (M2) → Deadline: Saturday, 14 March 2026, 11:59 PM
[2026-07-06 09:51:34]      • [Quiz] Pre-Test (M4) → Deadline: Tidak diketahui
[2026-07-06 09:51:39]      • [Materi] 4.1  Pengantar: Breadth First Search URL → Deadline: -
[2026-07-06 09:51:43]      • [Materi] Sesi Praktikum File → Deadline: -
[2026-07-06 09:51:47]      • [Materi] Video Tutorial: Mendownload File IPYNB di Virtual Class URL → Deadline: -
[2026-07-06 09:51:51]      • [Quiz] Post-Test (M4) → Deadline: Tidak diketahui
[2026-07-06 09:51:55]      • [Assignment] Laporan Akhir (M4) → Deadline: Saturday, 11 April 2026, 11:59 PM
[2026-07-06 09:52:00]      • [Quiz] Pre-Test (M5) → Deadline: Tidak diketahui
[2026-07-06 09:52:03]      • [Materi] Sesi Praktikum URL → Deadline: -
[2026-07-06 09:52:07]      • [Quiz] Post-Test (M5) → Deadline: Tidak diketahui
[2026-07-06 09:52:12]      • [Assignment] Laporan Akhir (M5) → Deadline: Saturday, 18 April 2026, 11:59 PM
[2026-07-06 09:52:16]      • [Quiz] Pre-Test (M6) → Deadline: Tidak diketahui
[2026-07-06 09:52:20]      • [Materi] 6.1  Pendahuluan: Algoritma Dasar Tree URL → Deadline: -
[2026-07-06 09:52:25]      • [Materi] Sesi Praktikum File → Deadline: -
[2026-07-06 09:52:30]      • [Quiz] Post-Test (M6) → Deadline: Tidak diketahui
[2026-07-06 09:52:34]      • [Assignment] Laporan Akhir (M6) → Deadline: Saturday, 25 April 2026, 11:59 PM
[2026-07-06 09:52:38]      • [Quiz] Pre-Test (M8) → Deadline: Tidak diketahui
[2026-07-06 09:52:41]      • [Materi] 8.1  Pendahuluan: Implementasi Graph URL → Deadline: -
[2026-07-06 09:52:45]      • [Materi] Link File Praktikum I - family.pl → Deadline: -
[2026-07-06 09:52:50]      • [Materi] Link File Praktikum II - 8-puzzles.ipynb → Deadline: -
[2026-07-06 09:52:54]      • [Materi] Video Tutorial: Mendownload File IPYNB di Virtual Class URL → Deadline: -
[2026-07-06 09:52:58]      • [Quiz] Post-Test (M8) → Deadline: Tidak diketahui
[2026-07-06 09:53:03]      • [Assignment] Laporan Akhir (M8) → Deadline: Saturday, 9 May 2026, 11:59 PM
[2026-07-06 09:53:07]      • [Quiz] Pre-Test (M9) → Deadline: Tidak diketahui
[2026-07-06 09:53:12]      • [Materi] Sesi Hands-on Praktikum URL → Deadline: -
[2026-07-06 09:53:15]      • [Quiz] Post-Test (M9) → Deadline: Tidak diketahui
[2026-07-06 09:53:21]      • [Assignment] Pengumpulan Tugas (M9) → Deadline: Saturday, 16 May 2026, 11:59 PM
[2026-07-06 09:53:25]      • [Quiz] Pre-Test (M3) → Deadline: Tidak diketahui
[2026-07-06 09:53:29]      • [Materi] Sesi Praktikum URL → Deadline: -
[2026-07-06 09:53:34]      • [Materi] Video Tutorial: Menambahkan File pada Mesin DGX URL → Deadline: -
[2026-07-06 09:53:39]      • [Quiz] Post-Test (M3) → Deadline: Tidak diketahui
[2026-07-06 09:53:43]      • [Assignment] Pengumpulan Tugas (M3) → Deadline: Saturday, 23 May 2026, 11:59 PM
[2026-07-06 09:53:48]      • [Quiz] Pre-Test (M7) → Deadline: Tidak diketahui
[2026-07-06 09:53:53]      • [Materi] Link File Praktikum I - 3-Tekrek-Find-Center.ipynb → Deadline: -
[2026-07-06 09:53:57]      • [Materi] Link File Praktikum II - 3-Tekrek-Sortest-Path.ipynb → Deadline: -
[2026-07-06 09:54:01]      • [Materi] Video Tutorial: Mendownload File IPYNB di Virtual Class URL → Deadline: -
[2026-07-06 09:54:06]      • [Quiz] Post-Test (M7) → Deadline: Tidak diketahui
[2026-07-06 09:54:11]      • [Assignment] Laporan Akhir (M7) → Deadline: Saturday, 23 May 2026, 11:59 PM
[2026-07-06 09:54:16] 📦 Total tugas ditemukan: 116
[2026-07-06 09:54:16] 💾 Disimpan ke python/node/tugas.json
[2026-07-06 18:00:16] 🔐 Login ke V-Class...
[2026-07-06 18:00:17] ✅ Login berhasil
[2026-07-06 18:00:17] 📚 Mengambil mata kuliah ID 108486 ...
[2026-07-06 18:00:17]   ➤ ATA 2025/2026 | 3KB01 | Jaringan Komputer Lanjut | VIVIEN NOVA FITHRIANA
[2026-07-06 18:00:17]      • [Materi] Announcements Forum → Deadline: -
[2026-07-06 18:00:21]      • [Materi] M1 File → Deadline: -
[2026-07-06 18:00:25]      • [Materi] M2 File → Deadline: -
[2026-07-06 18:00:29]      • [Materi] M3 File → Deadline: -
[2026-07-06 18:00:33]      • [Materi] M4 File → Deadline: -
[2026-07-06 18:00:37]      • [Materi] M5 File → Deadline: -
[2026-07-06 18:00:41]      • [Materi] M6 File → Deadline: -
[2026-07-06 18:00:45]      • [Materi] M7 File → Deadline: -
[2026-07-06 18:00:49]      • [Materi] VC-1 : Traffic dan Algoritma Kendali Kemacetan File → Deadline: -
[2026-07-06 18:00:53]      • [Materi] VC-1 : Traffic dan Algoritma Kendali Kemacetan File → Deadline: -
[2026-07-06 18:00:58]      • [Materi] Forum VC-1 : Traffic dan Algoritma Kendali Kemacetan → Deadline: -
[2026-07-06 18:01:02]      • [Quiz] Latihan Soal VC-1 : Traffic dan Algoritma Kendali Kemacetan → Deadline: Tidak diketahui
[2026-07-06 18:01:06]      • [Materi] VC-2 : Traffic dan Algoritma Kendali Kemacetan - Bagian 2 File → Deadline: -
[2026-07-06 18:01:11]      • [Materi] Forum VC-2 : Traffic dan Algoritma Kendali Kemacetan - Bagian 2 → Deadline: -
[2026-07-06 18:01:15]      • [Quiz] Latihan Soal VC-2 : Traffic dan Algoritma Kendali Kemacetan - Bagian 2 → Deadline: Tidak diketahui
[2026-07-06 18:01:18]      • [Materi] VC-3 : Lapisan Transport File → Deadline: -
[2026-07-06 18:01:22]      • [Materi] Forum VC-3 : Lapisan Transport → Deadline: -
[2026-07-06 18:01:26]      • [Quiz] Latihan Soal VC-3 : Lapisan Transport → Deadline: Wednesday, 15 July 2026, 11:59 PM
[2026-07-06 18:01:31] 📚 Mengambil mata kuliah ID 108172 ...
[2026-07-06 18:01:31]   ➤ ATA 2025/2026 | 3KB01 | Internet of Things (IoT) | PURNAWARMAN MUSA
[2026-07-06 18:01:31]      • [Materi] Announcements Forum → Deadline: -
[2026-07-06 18:01:36]      • [Materi] M6 File → Deadline: -
[2026-07-06 18:01:40]      • [Quiz] Soal (Tugas Individu) → Deadline: Tidak diketahui
[2026-07-06 18:01:44]      • [Quiz] Soal (Tugas Individu) → Deadline: Tidak diketahui
[2026-07-06 18:01:49] 📚 Mengambil mata kuliah ID 109563 ...
[2026-07-06 18:01:49]   ➤ ATA 2025/2026 | 3KB01 | Sistem Tertanam (Embedded) * | RIDHA ISKANDAR
[2026-07-06 18:01:49]      • [Materi] Selamat Datang di V-Class Sistem Tertanam (Embedded) Forum → Deadline: -
[2026-07-06 18:01:53]      • [Assignment] File 1 → Deadline: Sunday, 26 April 2026, 12:00 AM
[2026-07-06 18:01:56] 📚 Mengambil mata kuliah ID 109970 ...
[2026-07-06 18:01:57]   ➤ ATA 2025/2026 | 2EB10 | Bahasa Indonesia | MELANIAWATI
[2026-07-06 18:01:57] 📚 Mengambil mata kuliah ID 107919 ...
[2026-07-06 18:01:57]   ➤ ATA 2025/2026 | 3KB01 | Sistem Cerdas Lanjut | NUR SULTAN SALAHUDDIN
[2026-07-06 18:01:57]      • [Materi] Announcements Forum → Deadline: -
[2026-07-06 18:02:01]      • [Assignment] Sistem Kesehatan Cerdas → Deadline: Thursday, 21 May 2026, 12:00 AM
[2026-07-06 18:02:04]      • [Quiz] Sistem Kesehatan Cerdas → Deadline: Tidak diketahui
[2026-07-06 18:02:08] 📚 Mengambil mata kuliah ID 107291 ...
[2026-07-06 18:02:08]   ➤ ATA 2025/2026 | 3KB01 | Pengantarmukaan Perif.Komputer * | FARID THALIB
[2026-07-06 18:02:08]      • [Materi] Announcements Forum → Deadline: -
[2026-07-06 18:02:13] 📚 Mengambil mata kuliah ID 104438 ...
[2026-07-06 18:02:13]   ➤ ATA 2025/2026 | 3-FIKTI | Terapan Teori Graf | TEAM TEACHING
[2026-07-06 18:02:13]      • [Materi] PEMBERITAHUAN UTS SUSULAN File → Deadline: -
[2026-07-06 18:02:18]      • [Materi] PEMBERITAHUAN PELAKSANAAN TEAM TEACHING TERAPAN TEORI GRAF Forum → Deadline: -
[2026-07-06 18:02:22]      • [Materi] M1: Pendahuluan Teori Graf File → Deadline: -
[2026-07-06 18:02:26]      • [Materi] Video Literasi M1: Pendahuluan Teori Graf URL → Deadline: -
[2026-07-06 18:02:31]      • [Quiz] Kuis M1 [kelas PAGI] → Deadline: Tidak diketahui
[2026-07-06 18:02:36]      • [Quiz] Kuis M1 [kelas MALAM] → Deadline: Tidak diketahui
[2026-07-06 18:02:40]      • [Materi] M2: Graf Tidak Berarah dan Graf Berbobot File → Deadline: -
[2026-07-06 18:02:44]      • [Materi] Video Literasi M2 : Graf Tidak Berarah dan Graf Berbobot URL → Deadline: -
[2026-07-06 18:02:49]      • [Quiz] Kuis M2 [KELAS PAGI] : Graf Tidak Berarah dan Graf Berbobot → Deadline: Tidak diketahui
[2026-07-06 18:02:53]      • [Quiz] Kuis M2 [KELAS MALAM] : Graf Tidak Berarah dan Graf Berbobot → Deadline: Tidak diketahui
[2026-07-06 18:02:57]      • [Materi] M4 : Aplikasi Teori Graf di Teknik Elektro File → Deadline: -
[2026-07-06 18:03:02]      • [Materi] Video Literasi M4 : Aplikasi Teori Graf di Teknik Elektro URL → Deadline: -
[2026-07-06 18:03:06]      • [Quiz] Kuis M4 [KELAS PAGI]: Aplikasi Teori Graf di Teknik Elektro → Deadline: Tidak diketahui
[2026-07-06 18:03:10]      • [Quiz] Kuis M4 [KELAS MALAM]: Aplikasi Teori Graf di Teknik Elektro → Deadline: Tidak diketahui
[2026-07-06 18:03:15]      • [Materi] M5 : Knowledge Graph dan Database Graph File → Deadline: -
[2026-07-06 18:03:18]      • [Materi] Video Literasi  M5 : Knowledge Graph dan Database Graph URL → Deadline: -
[2026-07-06 18:03:24]      • [Quiz] Kuis M5 [KELAS PAGI] : nowledge Graph dan Database Graph → Deadline: Tidak diketahui
[2026-07-06 18:03:28]      • [Quiz] Kuis M5 [KELAS MALAM] : Knowledge Graph dan Database Graph → Deadline: Tidak diketahui
[2026-07-06 18:03:32]      • [Materi] M6 : Graf Berarah dan Implementasinya File → Deadline: -
[2026-07-06 18:03:35]      • [Materi] Video Literasi M6 : Graf Berarah dan Implementasinya URL → Deadline: -
[2026-07-06 18:03:39]      • [Quiz] Kuis M6 [KELAS PAGI] : Graf Berarah dan Implementasinya → Deadline: Tidak diketahui
[2026-07-06 18:03:44]      • [Quiz] Kuis M6 [KELAS MALAM] : Graf Berarah dan Implementasinya → Deadline: Tidak diketahui
[2026-07-06 18:03:49]      • [Materi] M8 : Penerapan Teori Graf di Bidang Teknik Sipil File → Deadline: -
[2026-07-06 18:03:53]      • [Materi] Video Literasi M8 : Penerapan Teori Graf di Bidang Teknik Sipil URL → Deadline: -
[2026-07-06 18:03:57]      • [Quiz] Kuis M8 [KELAS PAGI] : Penerapan Teori Graf di Bidang Teknik Sipil → Deadline: Tidak diketahui
[2026-07-06 18:04:01]      • [Quiz] Kuis M8 [KELAS MALAM] : Penerapan Teori Graf di Bidang Teknik Sipil → Deadline: Tidak diketahui
[2026-07-06 18:04:05]      • [Materi] M10 : Penerapan Teori Graf  di Bidang Teknik Industri File → Deadline: -
[2026-07-06 18:04:10]      • [Materi] Video Literasi M10 : Penerapan Teori Graf  di Bidang Teknik Industri URL → Deadline: -
[2026-07-06 18:04:14]      • [Quiz] Kuis M10 [kelas pagi] : Penerapan Teori Graf  di Bidang Teknik Industri → Deadline: Tidak diketahui
[2026-07-06 18:04:19]      • [Quiz] Kuis M10 [kelas malam]: Penerapan Teori Graf  di Bidang Teknik Industri → Deadline: Tidak diketahui
[2026-07-06 18:04:23]      • [Materi] M11 : Program Dinamis dan Permasalahan Tata Letak Fasilitas File → Deadline: -
[2026-07-06 18:04:28]      • [Materi] video literasi : Program Dinamis dan Permasalahan Tata Letak Fasilitas URL → Deadline: -
[2026-07-06 18:04:33]      • [Quiz] Kuis M11 [kelas PAGI]: Program Dinamis dan Permasalahan Tata Letak Fasilitas → Deadline: Tidak diketahui
[2026-07-06 18:04:37]      • [Quiz] Kuis M11 [kelas MALAM]: Program Dinamis dan Permasalahan Tata Letak Fasilitas → Deadline: Tidak diketahui
[2026-07-06 18:04:41]      • [Materi] M12: Algoritma Greedy pada Graf File → Deadline: -
[2026-07-06 18:04:46]      • [Materi] Video literasi M12: Algoritma Greedy pada Graf URL → Deadline: -
[2026-07-06 18:04:50]      • [Quiz] Kuis M12 [kelas PAGI] → Deadline: Tidak diketahui
[2026-07-06 18:04:55]      • [Quiz] Kuis M12 [kelas MALAM] → Deadline: Tidak diketahui
[2026-07-06 18:04:59] 📚 Mengambil mata kuliah ID 104413 ...
[2026-07-06 18:04:59]   ➤ ATA 2025/2026 | 3-FIKTI | Praktikum Terapan Teori Graf
[2026-07-06 18:04:59]      • [Materi] Panduan Praktikum  Forum → Deadline: -
[2026-07-06 18:05:03]      • [Materi] Panduan Google Collaboratory URL → Deadline: -
[2026-07-06 18:05:07]      • [Materi] Panduan Instalasi Anaconda URL → Deadline: -
[2026-07-06 18:05:11]      • [Quiz] Pre-Test (M1) → Deadline: Tidak diketahui
[2026-07-06 18:05:16]      • [Materi] 1.1  Pengantar: Teori Graf URL → Deadline: -
[2026-07-06 18:05:20]      • [Materi] 1.2  Sesi Hands-on Praktikum URL → Deadline: -
[2026-07-06 18:05:24]      • [Materi] 1.3 Tutorial Menambahkan File pada Mesin DGX URL → Deadline: -
[2026-07-06 18:05:35]      • [Quiz] Post-Test (M1) → Deadline: Tidak diketahui
[2026-07-06 18:05:39]      • [Assignment] Pengumpulan Tugas (M1) → Deadline: Saturday, 7 March 2026, 11:59 PM
[2026-07-06 18:05:44]      • [Quiz] Pre-Test (M2) → Deadline: Tidak diketahui
[2026-07-06 18:05:48]      • [Materi] 2.1  Pengantar: Berbagai Pemecahan Masalah Menggunakan Teori Graf Page → Deadline: -
[2026-07-06 18:05:52]      • [Quiz] Post-Test (M2) → Deadline: Tidak diketahui
[2026-07-06 18:05:57]      • [Assignment] Pengumpulan Tugas (M2) → Deadline: Saturday, 14 March 2026, 11:59 PM
[2026-07-06 18:06:01]      • [Quiz] Pre-Test (M4) → Deadline: Tidak diketahui
[2026-07-06 18:06:05]      • [Materi] 4.1  Pengantar: Breadth First Search URL → Deadline: -
[2026-07-06 18:06:10]      • [Materi] Sesi Praktikum File → Deadline: -
[2026-07-06 18:06:14]      • [Materi] Video Tutorial: Mendownload File IPYNB di Virtual Class URL → Deadline: -
[2026-07-06 18:06:18]      • [Quiz] Post-Test (M4) → Deadline: Tidak diketahui
[2026-07-06 18:06:22]      • [Assignment] Laporan Akhir (M4) → Deadline: Saturday, 11 April 2026, 11:59 PM
[2026-07-06 18:06:26]      • [Quiz] Pre-Test (M5) → Deadline: Tidak diketahui
[2026-07-06 18:06:30]      • [Materi] Sesi Praktikum URL → Deadline: -
[2026-07-06 18:06:33]      • [Quiz] Post-Test (M5) → Deadline: Tidak diketahui
[2026-07-06 18:06:38]      • [Assignment] Laporan Akhir (M5) → Deadline: Saturday, 18 April 2026, 11:59 PM
[2026-07-06 18:06:43]      • [Quiz] Pre-Test (M6) → Deadline: Tidak diketahui
[2026-07-06 18:06:47]      • [Materi] 6.1  Pendahuluan: Algoritma Dasar Tree URL → Deadline: -
[2026-07-06 18:06:52]      • [Materi] Sesi Praktikum File → Deadline: -
[2026-07-06 18:06:57]      • [Quiz] Post-Test (M6) → Deadline: Tidak diketahui
[2026-07-06 18:07:02]      • [Assignment] Laporan Akhir (M6) → Deadline: Saturday, 25 April 2026, 11:59 PM
[2026-07-06 18:07:06]      • [Quiz] Pre-Test (M8) → Deadline: Tidak diketahui
[2026-07-06 18:07:09]      • [Materi] 8.1  Pendahuluan: Implementasi Graph URL → Deadline: -
[2026-07-06 18:07:14]      • [Materi] Link File Praktikum I - family.pl → Deadline: -
[2026-07-06 18:07:18]      • [Materi] Link File Praktikum II - 8-puzzles.ipynb → Deadline: -
[2026-07-06 18:07:22]      • [Materi] Video Tutorial: Mendownload File IPYNB di Virtual Class URL → Deadline: -
[2026-07-06 18:07:27]      • [Quiz] Post-Test (M8) → Deadline: Tidak diketahui
[2026-07-06 18:07:32]      • [Assignment] Laporan Akhir (M8) → Deadline: Saturday, 9 May 2026, 11:59 PM
[2026-07-06 18:07:36]      • [Quiz] Pre-Test (M9) → Deadline: Tidak diketahui
[2026-07-06 18:07:40]      • [Materi] Sesi Hands-on Praktikum URL → Deadline: -
[2026-07-06 18:07:44]      • [Quiz] Post-Test (M9) → Deadline: Tidak diketahui
[2026-07-06 18:07:48]      • [Assignment] Pengumpulan Tugas (M9) → Deadline: Saturday, 16 May 2026, 11:59 PM
[2026-07-06 18:07:52]      • [Quiz] Pre-Test (M3) → Deadline: Tidak diketahui
[2026-07-06 18:07:57]      • [Materi] Sesi Praktikum URL → Deadline: -
[2026-07-06 18:08:01]      • [Materi] Video Tutorial: Menambahkan File pada Mesin DGX URL → Deadline: -
[2026-07-06 18:08:05]      • [Quiz] Post-Test (M3) → Deadline: Tidak diketahui
[2026-07-06 18:08:10]      • [Assignment] Pengumpulan Tugas (M3) → Deadline: Saturday, 23 May 2026, 11:59 PM
[2026-07-06 18:08:14]      • [Quiz] Pre-Test (M7) → Deadline: Tidak diketahui
[2026-07-06 18:08:18]      • [Materi] Link File Praktikum I - 3-Tekrek-Find-Center.ipynb → Deadline: -
[2026-07-06 18:08:22]      • [Materi] Link File Praktikum II - 3-Tekrek-Sortest-Path.ipynb → Deadline: -
[2026-07-06 18:08:27]      • [Materi] Video Tutorial: Mendownload File IPYNB di Virtual Class URL → Deadline: -
[2026-07-06 18:08:31]      • [Quiz] Post-Test (M7) → Deadline: Tidak diketahui
[2026-07-06 18:08:35]      • [Assignment] Laporan Akhir (M7) → Deadline: Saturday, 23 May 2026, 11:59 PM
[2026-07-06 18:08:40] 📦 Total tugas ditemukan: 116
[2026-07-06 18:08:40] 💾 Disimpan ke python/node/tugas.json
