[2026-07-20 09:45:49] 🔐 Login ke V-Class...
[2026-07-20 09:45:49] ✅ Login berhasil
[2026-07-20 09:45:49] 📚 Mengambil mata kuliah ID 108486 ...
[2026-07-20 09:45:49]   ➤ ATA 2025/2026 | 3KB01 | Jaringan Komputer Lanjut | VIVIEN NOVA FITHRIANA
[2026-07-20 09:45:49]      • [Materi] Announcements Forum → Deadline: -
[2026-07-20 09:45:54]      • [Materi] M1 File → Deadline: -
[2026-07-20 09:45:58]      • [Materi] M2 File → Deadline: -
[2026-07-20 09:46:03]      • [Materi] M3 File → Deadline: -
[2026-07-20 09:46:07]      • [Materi] M4 File → Deadline: -
[2026-07-20 09:46:11]      • [Materi] M5 File → Deadline: -
[2026-07-20 09:46:15]      • [Materi] M6 File → Deadline: -
[2026-07-20 09:46:20]      • [Materi] M7 File → Deadline: -
[2026-07-20 09:46:24]      • [Materi] VC-1 : Traffic dan Algoritma Kendali Kemacetan File → Deadline: -
[2026-07-20 09:46:28]      • [Materi] VC-1 : Traffic dan Algoritma Kendali Kemacetan File → Deadline: -
[2026-07-20 09:46:32]      • [Materi] Forum VC-1 : Traffic dan Algoritma Kendali Kemacetan → Deadline: -
[2026-07-20 09:46:37]      • [Quiz] Latihan Soal VC-1 : Traffic dan Algoritma Kendali Kemacetan → Deadline: Tidak diketahui
[2026-07-20 09:46:41]      • [Materi] VC-2 : Traffic dan Algoritma Kendali Kemacetan - Bagian 2 File → Deadline: -
[2026-07-20 09:46:46]      • [Materi] Forum VC-2 : Traffic dan Algoritma Kendali Kemacetan - Bagian 2 → Deadline: -
[2026-07-20 09:46:49]      • [Quiz] Latihan Soal VC-2 : Traffic dan Algoritma Kendali Kemacetan - Bagian 2 → Deadline: Tidak diketahui
[2026-07-20 09:46:54]      • [Materi] VC-3 : Lapisan Transport File → Deadline: -
[2026-07-20 09:46:58]      • [Materi] Forum VC-3 : Lapisan Transport → Deadline: -
[2026-07-20 09:47:02]      • [Quiz] Latihan Soal VC-3 : Lapisan Transport → Deadline: Tidak diketahui
[2026-07-20 09:47:07] 📚 Mengambil mata kuliah ID 108172 ...
[2026-07-20 09:47:07]   ➤ ATA 2025/2026 | 3KB01 | Internet of Things (IoT) | PURNAWARMAN MUSA
[2026-07-20 09:47:07]      • [Materi] Announcements Forum → Deadline: -
[2026-07-20 09:47:12]      • [Materi] M6 File → Deadline: -
[2026-07-20 09:47:17]      • [Quiz] Soal (Tugas Individu) → Deadline: Tidak diketahui
[2026-07-20 09:47:21]      • [Quiz] Soal (Tugas Individu) → Deadline: Tidak diketahui
[2026-07-20 09:47:25] 📚 Mengambil mata kuliah ID 109563 ...
[2026-07-20 09:47:25]   ➤ ATA 2025/2026 | 3KB01 | Sistem Tertanam (Embedded) * | RIDHA ISKANDAR
[2026-07-20 09:47:25]      • [Materi] Selamat Datang di V-Class Sistem Tertanam (Embedded) Forum → Deadline: -
[2026-07-20 09:47:30]      • [Assignment] File 1 → Deadline: Sunday, 26 April 2026, 12:00 AM
[2026-07-20 09:47:34] 📚 Mengambil mata kuliah ID 109970 ...
[2026-07-20 09:47:34]   ➤ ATA 2025/2026 | 2EB10 | Bahasa Indonesia | MELANIAWATI
[2026-07-20 09:47:34] 📚 Mengambil mata kuliah ID 107919 ...
[2026-07-20 09:47:34]   ➤ ATA 2025/2026 | 3KB01 | Sistem Cerdas Lanjut | NUR SULTAN SALAHUDDIN
[2026-07-20 09:47:34]      • [Materi] Announcements Forum → Deadline: -
[2026-07-20 09:47:38]      • [Assignment] Sistem Kesehatan Cerdas → Deadline: Thursday, 21 May 2026, 12:00 AM
[2026-07-20 09:47:41]      • [Quiz] Sistem Kesehatan Cerdas → Deadline: Tidak diketahui
[2026-07-20 09:47:46]      • [Assignment] Sistem Industri Cerdas → Deadline: Monday, 20 July 2026, 12:00 AM
[2026-07-20 09:47:50]      • [Quiz] Sistem Industri Cerdas → Deadline: Monday, 20 July 2026, 10:54 AM
[2026-07-20 09:47:54] 📚 Mengambil mata kuliah ID 107291 ...
[2026-07-20 09:47:54]   ➤ ATA 2025/2026 | 3KB01 | Pengantarmukaan Perif.Komputer * | FARID THALIB
[2026-07-20 09:47:54]      • [Materi] Announcements Forum → Deadline: -
[2026-07-20 09:47:59] 📚 Mengambil mata kuliah ID 104438 ...
[2026-07-20 09:47:59]   ➤ ATA 2025/2026 | 3-FIKTI | Terapan Teori Graf | TEAM TEACHING
[2026-07-20 09:47:59]      • [Materi] PEMBERITAHUAN UTS SUSULAN File → Deadline: -
[2026-07-20 09:48:04]      • [Materi] PEMBERITAHUAN PELAKSANAAN TEAM TEACHING TERAPAN TEORI GRAF Forum → Deadline: -
[2026-07-20 09:48:07]      • [Materi] M1: Pendahuluan Teori Graf File → Deadline: -
[2026-07-20 09:48:12]      • [Materi] Video Literasi M1: Pendahuluan Teori Graf URL → Deadline: -
[2026-07-20 09:48:17]      • [Quiz] Kuis M1 [kelas PAGI] → Deadline: Tidak diketahui
[2026-07-20 09:48:21]      • [Quiz] Kuis M1 [kelas MALAM] → Deadline: Tidak diketahui
[2026-07-20 09:48:25]      • [Materi] M2: Graf Tidak Berarah dan Graf Berbobot File → Deadline: -
[2026-07-20 09:48:30]      • [Materi] Video Literasi M2 : Graf Tidak Berarah dan Graf Berbobot URL → Deadline: -
[2026-07-20 09:48:34]      • [Quiz] Kuis M2 [KELAS PAGI] : Graf Tidak Berarah dan Graf Berbobot → Deadline: Tidak diketahui
[2026-07-20 09:48:39]      • [Quiz] Kuis M2 [KELAS MALAM] : Graf Tidak Berarah dan Graf Berbobot → Deadline: Tidak diketahui
[2026-07-20 09:48:43]      • [Materi] M4 : Aplikasi Teori Graf di Teknik Elektro File → Deadline: -
[2026-07-20 09:48:46]      • [Materi] Video Literasi M4 : Aplikasi Teori Graf di Teknik Elektro URL → Deadline: -
[2026-07-20 09:48:50]      • [Quiz] Kuis M4 [KELAS PAGI]: Aplikasi Teori Graf di Teknik Elektro → Deadline: Tidak diketahui
[2026-07-20 09:48:55]      • [Quiz] Kuis M4 [KELAS MALAM]: Aplikasi Teori Graf di Teknik Elektro → Deadline: Tidak diketahui
[2026-07-20 09:49:00]      • [Materi] M5 : Knowledge Graph dan Database Graph File → Deadline: -
[2026-07-20 09:49:05]      • [Materi] Video Literasi  M5 : Knowledge Graph dan Database Graph URL → Deadline: -
[2026-07-20 09:49:10]      • [Quiz] Kuis M5 [KELAS PAGI] : nowledge Graph dan Database Graph → Deadline: Tidak diketahui
[2026-07-20 09:49:14]      • [Quiz] Kuis M5 [KELAS MALAM] : Knowledge Graph dan Database Graph → Deadline: Tidak diketahui
[2026-07-20 09:49:18]      • [Materi] M6 : Graf Berarah dan Implementasinya File → Deadline: -
[2026-07-20 09:49:22]      • [Materi] Video Literasi M6 : Graf Berarah dan Implementasinya URL → Deadline: -
[2026-07-20 09:49:26]      • [Quiz] Kuis M6 [KELAS PAGI] : Graf Berarah dan Implementasinya → Deadline: Tidak diketahui
[2026-07-20 09:49:31]      • [Quiz] Kuis M6 [KELAS MALAM] : Graf Berarah dan Implementasinya → Deadline: Tidak diketahui
[2026-07-20 09:49:34]      • [Materi] M8 : Penerapan Teori Graf di Bidang Teknik Sipil File → Deadline: -
[2026-07-20 09:49:39]      • [Materi] Video Literasi M8 : Penerapan Teori Graf di Bidang Teknik Sipil URL → Deadline: -
[2026-07-20 09:49:43]      • [Quiz] Kuis M8 [KELAS PAGI] : Penerapan Teori Graf di Bidang Teknik Sipil → Deadline: Tidak diketahui
[2026-07-20 09:49:48]      • [Quiz] Kuis M8 [KELAS MALAM] : Penerapan Teori Graf di Bidang Teknik Sipil → Deadline: Tidak diketahui
[2026-07-20 09:49:51]      • [Materi] M10 : Penerapan Teori Graf  di Bidang Teknik Industri File → Deadline: -
[2026-07-20 09:49:56]      • [Materi] Video Literasi M10 : Penerapan Teori Graf  di Bidang Teknik Industri URL → Deadline: -
[2026-07-20 09:49:59]      • [Quiz] Kuis M10 [kelas pagi] : Penerapan Teori Graf  di Bidang Teknik Industri → Deadline: Tidak diketahui
[2026-07-20 09:50:04]      • [Quiz] Kuis M10 [kelas malam]: Penerapan Teori Graf  di Bidang Teknik Industri → Deadline: Tidak diketahui
[2026-07-20 09:50:08]      • [Materi] M11 : Program Dinamis dan Permasalahan Tata Letak Fasilitas File → Deadline: -
[2026-07-20 09:50:13]      • [Materi] video literasi : Program Dinamis dan Permasalahan Tata Letak Fasilitas URL → Deadline: -
[2026-07-20 09:50:19]      • [Quiz] Kuis M11 [kelas PAGI]: Program Dinamis dan Permasalahan Tata Letak Fasilitas → Deadline: Tidak diketahui
[2026-07-20 09:50:23]      • [Quiz] Kuis M11 [kelas MALAM]: Program Dinamis dan Permasalahan Tata Letak Fasilitas → Deadline: Tidak diketahui
[2026-07-20 09:50:27]      • [Materi] M12: Algoritma Greedy pada Graf File → Deadline: -
[2026-07-20 09:50:32]      • [Materi] Video literasi M12: Algoritma Greedy pada Graf URL → Deadline: -
[2026-07-20 09:50:36]      • [Quiz] Kuis M12 [kelas PAGI] → Deadline: Tidak diketahui
[2026-07-20 09:50:40]      • [Quiz] Kuis M12 [kelas MALAM] → Deadline: Tidak diketahui
[2026-07-20 09:50:44]      • [Materi] M13 File → Deadline: -
[2026-07-20 09:50:49]      • [Materi] Video Literasi M13 : Graph Theory Implementation in Oil Mining Company URL → Deadline: -
[2026-07-20 09:50:54]      • [Quiz] Kuis M13 [PAGI]: Graph Theory Implementation in Oil Mining Company → Deadline: Tidak diketahui
[2026-07-20 09:50:58]      • [Quiz] Kuis M13 [MALAM]: Graph Theory Implementation in Oil Mining Company → Deadline: Tidak diketahui
[2026-07-20 09:51:02]      • [Materi] M14 : Aplikasi Graf Lengkap sebagai Graf Representasi untuk Model Optimasi Rute Kendaraan File → Deadline: -
[2026-07-20 09:51:06]      • [Materi] Video Literasi : Aplikasi Graf Lengkap sebagai Graf Representasi untuk Model Optimasi Rute Kendaraan URL → Deadline: -
[2026-07-20 09:51:10]      • [Quiz] Kuis M14 [PAGI]: Aplikasi Graf Lengkap sebagai Graf Representasi untuk Model Optimasi Rute Kendaraan → Deadline: Tidak diketahui
[2026-07-20 09:51:15]      • [Quiz] Kuis M14 [MALAM]: Aplikasi Graf Lengkap sebagai Graf Representasi untuk Model Optimasi Rute Kendaraan → Deadline: Tidak diketahui
[2026-07-20 09:51:20] 📚 Mengambil mata kuliah ID 104413 ...
[2026-07-20 09:51:20]   ➤ ATA 2025/2026 | 3-FIKTI | Praktikum Terapan Teori Graf
[2026-07-20 09:51:20]      • [Materi] Panduan Praktikum  Forum → Deadline: -
[2026-07-20 09:51:23]      • [Materi] Panduan Google Collaboratory URL → Deadline: -
[2026-07-20 09:51:28]      • [Materi] Panduan Instalasi Anaconda URL → Deadline: -
[2026-07-20 09:51:32]      • [Quiz] Pre-Test (M1) → Deadline: Tidak diketahui
[2026-07-20 09:51:36]      • [Materi] 1.1  Pengantar: Teori Graf URL → Deadline: -
[2026-07-20 09:51:40]      • [Materi] 1.2  Sesi Hands-on Praktikum URL → Deadline: -
[2026-07-20 09:51:44]      • [Materi] 1.3 Tutorial Menambahkan File pada Mesin DGX URL → Deadline: -
[2026-07-20 09:51:48]      • [Quiz] Post-Test (M1) → Deadline: Tidak diketahui
[2026-07-20 09:51:52]      • [Assignment] Pengumpulan Tugas (M1) → Deadline: Saturday, 7 March 2026, 11:59 PM
[2026-07-20 09:51:57]      • [Quiz] Pre-Test (M2) → Deadline: Tidak diketahui
[2026-07-20 09:52:00]      • [Materi] 2.1  Pengantar: Berbagai Pemecahan Masalah Menggunakan Teori Graf Page → Deadline: -
[2026-07-20 09:52:05]      • [Quiz] Post-Test (M2) → Deadline: Tidak diketahui
[2026-07-20 09:52:10]      • [Assignment] Pengumpulan Tugas (M2) → Deadline: Saturday, 14 March 2026, 11:59 PM
[2026-07-20 09:52:15]      • [Quiz] Pre-Test (M4) → Deadline: Tidak diketahui
[2026-07-20 09:52:20]      • [Materi] 4.1  Pengantar: Breadth First Search URL → Deadline: -
[2026-07-20 09:52:24]      • [Materi] Sesi Praktikum File → Deadline: -
[2026-07-20 09:52:28]      • [Materi] Video Tutorial: Mendownload File IPYNB di Virtual Class URL → Deadline: -
[2026-07-20 09:52:32]      • [Quiz] Post-Test (M4) → Deadline: Tidak diketahui
[2026-07-20 09:52:37]      • [Assignment] Laporan Akhir (M4) → Deadline: Saturday, 11 April 2026, 11:59 PM
[2026-07-20 09:52:42]      • [Quiz] Pre-Test (M5) → Deadline: Tidak diketahui
[2026-07-20 09:52:46]      • [Materi] Sesi Praktikum URL → Deadline: -
[2026-07-20 09:52:52]      • [Quiz] Post-Test (M5) → Deadline: Tidak diketahui
[2026-07-20 09:52:57]      • [Assignment] Laporan Akhir (M5) → Deadline: Saturday, 18 April 2026, 11:59 PM
[2026-07-20 09:53:00]      • [Quiz] Pre-Test (M6) → Deadline: Tidak diketahui
[2026-07-20 09:53:05]      • [Materi] 6.1  Pendahuluan: Algoritma Dasar Tree URL → Deadline: -
[2026-07-20 09:53:09]      • [Materi] Sesi Praktikum File → Deadline: -
[2026-07-20 09:53:14]      • [Quiz] Post-Test (M6) → Deadline: Tidak diketahui
[2026-07-20 09:53:19]      • [Assignment] Laporan Akhir (M6) → Deadline: Saturday, 25 April 2026, 11:59 PM
[2026-07-20 09:53:23]      • [Quiz] Pre-Test (M8) → Deadline: Tidak diketahui
[2026-07-20 09:53:27]      • [Materi] 8.1  Pendahuluan: Implementasi Graph URL → Deadline: -
[2026-07-20 09:53:32]      • [Materi] Link File Praktikum I - family.pl → Deadline: -
[2026-07-20 09:53:36]      • [Materi] Link File Praktikum II - 8-puzzles.ipynb → Deadline: -
[2026-07-20 09:53:40]      • [Materi] Video Tutorial: Mendownload File IPYNB di Virtual Class URL → Deadline: -
[2026-07-20 09:53:44]      • [Quiz] Post-Test (M8) → Deadline: Tidak diketahui
[2026-07-20 09:53:48]      • [Assignment] Laporan Akhir (M8) → Deadline: Saturday, 9 May 2026, 11:59 PM
[2026-07-20 09:53:53]      • [Quiz] Pre-Test (M9) → Deadline: Tidak diketahui
[2026-07-20 09:53:57]      • [Materi] Sesi Hands-on Praktikum URL → Deadline: -
[2026-07-20 09:54:01]      • [Quiz] Post-Test (M9) → Deadline: Tidak diketahui
[2026-07-20 09:54:06]      • [Assignment] Pengumpulan Tugas (M9) → Deadline: Saturday, 16 May 2026, 11:59 PM
[2026-07-20 09:54:09]      • [Quiz] Pre-Test (M3) → Deadline: Tidak diketahui
[2026-07-20 09:54:13]      • [Materi] Sesi Praktikum URL → Deadline: -
[2026-07-20 09:54:18]      • [Materi] Video Tutorial: Menambahkan File pada Mesin DGX URL → Deadline: -
[2026-07-20 09:54:22]      • [Quiz] Post-Test (M3) → Deadline: Tidak diketahui
[2026-07-20 09:54:26]      • [Assignment] Pengumpulan Tugas (M3) → Deadline: Saturday, 23 May 2026, 11:59 PM
[2026-07-20 09:54:30]      • [Quiz] Pre-Test (M7) → Deadline: Tidak diketahui
[2026-07-20 09:54:35]      • [Materi] Link File Praktikum I - 3-Tekrek-Find-Center.ipynb → Deadline: -
[2026-07-20 09:54:40]      • [Materi] Link File Praktikum II - 3-Tekrek-Sortest-Path.ipynb → Deadline: -
[2026-07-20 09:54:44]      • [Materi] Video Tutorial: Mendownload File IPYNB di Virtual Class URL → Deadline: -
[2026-07-20 09:54:48]      • [Quiz] Post-Test (M7) → Deadline: Tidak diketahui
[2026-07-20 09:54:53]      • [Assignment] Laporan Akhir (M7) → Deadline: Saturday, 23 May 2026, 11:59 PM
[2026-07-20 09:54:57] 📦 Total tugas ditemukan: 126
[2026-07-20 09:54:57] 💾 Disimpan ke python/node/tugas.json
[2026-07-20 18:00:57] 🔐 Login ke V-Class...
[2026-07-20 18:00:58] ✅ Login berhasil
[2026-07-20 18:00:58] 📚 Mengambil mata kuliah ID 108486 ...
[2026-07-20 18:00:58]   ➤ ATA 2025/2026 | 3KB01 | Jaringan Komputer Lanjut | VIVIEN NOVA FITHRIANA
[2026-07-20 18:00:58]      • [Materi] Announcements Forum → Deadline: -
[2026-07-20 18:01:03]      • [Materi] M1 File → Deadline: -
[2026-07-20 18:01:07]      • [Materi] M2 File → Deadline: -
[2026-07-20 18:01:11]      • [Materi] M3 File → Deadline: -
[2026-07-20 18:01:15]      • [Materi] M4 File → Deadline: -
[2026-07-20 18:01:19]      • [Materi] M5 File → Deadline: -
[2026-07-20 18:01:23]      • [Materi] M6 File → Deadline: -
[2026-07-20 18:01:27]      • [Materi] M7 File → Deadline: -
[2026-07-20 18:01:32]      • [Materi] VC-1 : Traffic dan Algoritma Kendali Kemacetan File → Deadline: -
[2026-07-20 18:01:36]      • [Materi] VC-1 : Traffic dan Algoritma Kendali Kemacetan File → Deadline: -
[2026-07-20 18:01:40]      • [Materi] Forum VC-1 : Traffic dan Algoritma Kendali Kemacetan → Deadline: -
[2026-07-20 18:01:45]      • [Quiz] Latihan Soal VC-1 : Traffic dan Algoritma Kendali Kemacetan → Deadline: Tidak diketahui
[2026-07-20 18:01:50]      • [Materi] VC-2 : Traffic dan Algoritma Kendali Kemacetan - Bagian 2 File → Deadline: -
[2026-07-20 18:01:54]      • [Materi] Forum VC-2 : Traffic dan Algoritma Kendali Kemacetan - Bagian 2 → Deadline: -
[2026-07-20 18:01:59]      • [Quiz] Latihan Soal VC-2 : Traffic dan Algoritma Kendali Kemacetan - Bagian 2 → Deadline: Tidak diketahui
[2026-07-20 18:02:02]      • [Materi] VC-3 : Lapisan Transport File → Deadline: -
[2026-07-20 18:02:07]      • [Materi] Forum VC-3 : Lapisan Transport → Deadline: -
[2026-07-20 18:02:12]      • [Quiz] Latihan Soal VC-3 : Lapisan Transport → Deadline: Tidak diketahui
[2026-07-20 18:02:16] 📚 Mengambil mata kuliah ID 108172 ...
[2026-07-20 18:02:16]   ➤ ATA 2025/2026 | 3KB01 | Internet of Things (IoT) | PURNAWARMAN MUSA
[2026-07-20 18:02:16]      • [Materi] Announcements Forum → Deadline: -
[2026-07-20 18:02:21]      • [Materi] M6 File → Deadline: -
[2026-07-20 18:02:24]      • [Quiz] Soal (Tugas Individu) → Deadline: Tidak diketahui
[2026-07-20 18:02:30]      • [Quiz] Soal (Tugas Individu) → Deadline: Tidak diketahui
[2026-07-20 18:02:34] 📚 Mengambil mata kuliah ID 109563 ...
[2026-07-20 18:02:34]   ➤ ATA 2025/2026 | 3KB01 | Sistem Tertanam (Embedded) * | RIDHA ISKANDAR
[2026-07-20 18:02:34]      • [Materi] Selamat Datang di V-Class Sistem Tertanam (Embedded) Forum → Deadline: -
[2026-07-20 18:02:38]      • [Assignment] File 1 → Deadline: Sunday, 26 April 2026, 12:00 AM
[2026-07-20 18:02:43] 📚 Mengambil mata kuliah ID 109970 ...
[2026-07-20 18:02:43]   ➤ ATA 2025/2026 | 2EB10 | Bahasa Indonesia | MELANIAWATI
[2026-07-20 18:02:43] 📚 Mengambil mata kuliah ID 107919 ...
[2026-07-20 18:02:43]   ➤ ATA 2025/2026 | 3KB01 | Sistem Cerdas Lanjut | NUR SULTAN SALAHUDDIN
[2026-07-20 18:02:43]      • [Materi] Announcements Forum → Deadline: -
[2026-07-20 18:02:47]      • [Assignment] Sistem Kesehatan Cerdas → Deadline: Thursday, 21 May 2026, 12:00 AM
[2026-07-20 18:02:52]      • [Quiz] Sistem Kesehatan Cerdas → Deadline: Tidak diketahui
[2026-07-20 18:02:57]      • [Assignment] Sistem Industri Cerdas → Deadline: Monday, 20 July 2026, 12:00 AM
[2026-07-20 18:03:01]      • [Quiz] Sistem Industri Cerdas → Deadline: Tidak diketahui
[2026-07-20 18:03:06] 📚 Mengambil mata kuliah ID 107291 ...
[2026-07-20 18:03:06]   ➤ ATA 2025/2026 | 3KB01 | Pengantarmukaan Perif.Komputer * | FARID THALIB
[2026-07-20 18:03:06]      • [Materi] Announcements Forum → Deadline: -
[2026-07-20 18:03:09] 📚 Mengambil mata kuliah ID 104438 ...
[2026-07-20 18:03:10]   ➤ ATA 2025/2026 | 3-FIKTI | Terapan Teori Graf | TEAM TEACHING
[2026-07-20 18:03:10]      • [Materi] PEMBERITAHUAN UTS SUSULAN File → Deadline: -
[2026-07-20 18:03:14]      • [Materi] PEMBERITAHUAN PELAKSANAAN TEAM TEACHING TERAPAN TEORI GRAF Forum → Deadline: -
[2026-07-20 18:03:18]      • [Materi] M1: Pendahuluan Teori Graf File → Deadline: -
[2026-07-20 18:03:22]      • [Materi] Video Literasi M1: Pendahuluan Teori Graf URL → Deadline: -
[2026-07-20 18:03:28]      • [Quiz] Kuis M1 [kelas PAGI] → Deadline: Tidak diketahui
[2026-07-20 18:03:32]      • [Quiz] Kuis M1 [kelas MALAM] → Deadline: Tidak diketahui
[2026-07-20 18:03:36]      • [Materi] M2: Graf Tidak Berarah dan Graf Berbobot File → Deadline: -
[2026-07-20 18:03:40]      • [Materi] Video Literasi M2 : Graf Tidak Berarah dan Graf Berbobot URL → Deadline: -
[2026-07-20 18:03:44]      • [Quiz] Kuis M2 [KELAS PAGI] : Graf Tidak Berarah dan Graf Berbobot → Deadline: Tidak diketahui
[2026-07-20 18:03:49]      • [Quiz] Kuis M2 [KELAS MALAM] : Graf Tidak Berarah dan Graf Berbobot → Deadline: Tidak diketahui
[2026-07-20 18:03:53]      • [Materi] M4 : Aplikasi Teori Graf di Teknik Elektro File → Deadline: -
[2026-07-20 18:03:58]      • [Materi] Video Literasi M4 : Aplikasi Teori Graf di Teknik Elektro URL → Deadline: -
[2026-07-20 18:04:01]      • [Quiz] Kuis M4 [KELAS PAGI]: Aplikasi Teori Graf di Teknik Elektro → Deadline: Tidak diketahui
[2026-07-20 18:04:06]      • [Quiz] Kuis M4 [KELAS MALAM]: Aplikasi Teori Graf di Teknik Elektro → Deadline: Tidak diketahui
[2026-07-20 18:04:10]      • [Materi] M5 : Knowledge Graph dan Database Graph File → Deadline: -
[2026-07-20 18:04:14]      • [Materi] Video Literasi  M5 : Knowledge Graph dan Database Graph URL → Deadline: -
[2026-07-20 18:04:17]      • [Quiz] Kuis M5 [KELAS PAGI] : nowledge Graph dan Database Graph → Deadline: Tidak diketahui
[2026-07-20 18:04:22]      • [Quiz] Kuis M5 [KELAS MALAM] : Knowledge Graph dan Database Graph → Deadline: Tidak diketahui
[2026-07-20 18:04:26]      • [Materi] M6 : Graf Berarah dan Implementasinya File → Deadline: -
[2026-07-20 18:04:29]      • [Materi] Video Literasi M6 : Graf Berarah dan Implementasinya URL → Deadline: -
[2026-07-20 18:04:34]      • [Quiz] Kuis M6 [KELAS PAGI] : Graf Berarah dan Implementasinya → Deadline: Tidak diketahui
[2026-07-20 18:04:38]      • [Quiz] Kuis M6 [KELAS MALAM] : Graf Berarah dan Implementasinya → Deadline: Tidak diketahui
[2026-07-20 18:04:42]      • [Materi] M8 : Penerapan Teori Graf di Bidang Teknik Sipil File → Deadline: -
[2026-07-20 18:04:46]      • [Materi] Video Literasi M8 : Penerapan Teori Graf di Bidang Teknik Sipil URL → Deadline: -
[2026-07-20 18:04:50]      • [Quiz] Kuis M8 [KELAS PAGI] : Penerapan Teori Graf di Bidang Teknik Sipil → Deadline: Tidak diketahui
[2026-07-20 18:04:55]      • [Quiz] Kuis M8 [KELAS MALAM] : Penerapan Teori Graf di Bidang Teknik Sipil → Deadline: Tidak diketahui
[2026-07-20 18:04:59]      • [Materi] M10 : Penerapan Teori Graf  di Bidang Teknik Industri File → Deadline: -
[2026-07-20 18:05:04]      • [Materi] Video Literasi M10 : Penerapan Teori Graf  di Bidang Teknik Industri URL → Deadline: -
[2026-07-20 18:05:07]      • [Quiz] Kuis M10 [kelas pagi] : Penerapan Teori Graf  di Bidang Teknik Industri → Deadline: Tidak diketahui
[2026-07-20 18:05:11]      • [Quiz] Kuis M10 [kelas malam]: Penerapan Teori Graf  di Bidang Teknik Industri → Deadline: Tidak diketahui
[2026-07-20 18:05:16]      • [Materi] M11 : Program Dinamis dan Permasalahan Tata Letak Fasilitas File → Deadline: -
[2026-07-20 18:05:19]      • [Materi] video literasi : Program Dinamis dan Permasalahan Tata Letak Fasilitas URL → Deadline: -
[2026-07-20 18:05:24]      • [Quiz] Kuis M11 [kelas PAGI]: Program Dinamis dan Permasalahan Tata Letak Fasilitas → Deadline: Tidak diketahui
[2026-07-20 18:05:29]      • [Quiz] Kuis M11 [kelas MALAM]: Program Dinamis dan Permasalahan Tata Letak Fasilitas → Deadline: Tidak diketahui
[2026-07-20 18:05:33]      • [Materi] M12: Algoritma Greedy pada Graf File → Deadline: -
[2026-07-20 18:05:37]      • [Materi] Video literasi M12: Algoritma Greedy pada Graf URL → Deadline: -
[2026-07-20 18:05:41]      • [Quiz] Kuis M12 [kelas PAGI] → Deadline: Tidak diketahui
[2026-07-20 18:05:46]      • [Quiz] Kuis M12 [kelas MALAM] → Deadline: Tidak diketahui
[2026-07-20 18:05:50]      • [Materi] M13 File → Deadline: -
[2026-07-20 18:05:55]      • [Materi] Video Literasi M13 : Graph Theory Implementation in Oil Mining Company URL → Deadline: -
[2026-07-20 18:05:59]      • [Quiz] Kuis M13 [PAGI]: Graph Theory Implementation in Oil Mining Company → Deadline: Tidak diketahui
[2026-07-20 18:06:03]      • [Quiz] Kuis M13 [MALAM]: Graph Theory Implementation in Oil Mining Company → Deadline: Tidak diketahui
[2026-07-20 18:06:08]      • [Materi] M14 : Aplikasi Graf Lengkap sebagai Graf Representasi untuk Model Optimasi Rute Kendaraan File → Deadline: -
[2026-07-20 18:06:12]      • [Materi] Video Literasi : Aplikasi Graf Lengkap sebagai Graf Representasi untuk Model Optimasi Rute Kendaraan URL → Deadline: -
[2026-07-20 18:06:16]      • [Quiz] Kuis M14 [PAGI]: Aplikasi Graf Lengkap sebagai Graf Representasi untuk Model Optimasi Rute Kendaraan → Deadline: Tidak diketahui
[2026-07-20 18:06:21]      • [Quiz] Kuis M14 [MALAM]: Aplikasi Graf Lengkap sebagai Graf Representasi untuk Model Optimasi Rute Kendaraan → Deadline: Tidak diketahui
[2026-07-20 18:06:26] 📚 Mengambil mata kuliah ID 104413 ...
[2026-07-20 18:06:26]   ➤ ATA 2025/2026 | 3-FIKTI | Praktikum Terapan Teori Graf
[2026-07-20 18:06:26]      • [Materi] Panduan Praktikum  Forum → Deadline: -
[2026-07-20 18:06:30]      • [Materi] Panduan Google Collaboratory URL → Deadline: -
[2026-07-20 18:06:34]      • [Materi] Panduan Instalasi Anaconda URL → Deadline: -
[2026-07-20 18:06:39]      • [Quiz] Pre-Test (M1) → Deadline: Tidak diketahui
[2026-07-20 18:06:44]      • [Materi] 1.1  Pengantar: Teori Graf URL → Deadline: -
[2026-07-20 18:06:48]      • [Materi] 1.2  Sesi Hands-on Praktikum URL → Deadline: -
[2026-07-20 18:06:53]      • [Materi] 1.3 Tutorial Menambahkan File pada Mesin DGX URL → Deadline: -
[2026-07-20 18:06:57]      • [Quiz] Post-Test (M1) → Deadline: Tidak diketahui
[2026-07-20 18:07:01]      • [Assignment] Pengumpulan Tugas (M1) → Deadline: Saturday, 7 March 2026, 11:59 PM
[2026-07-20 18:07:05]      • [Quiz] Pre-Test (M2) → Deadline: Tidak diketahui
[2026-07-20 18:07:09]      • [Materi] 2.1  Pengantar: Berbagai Pemecahan Masalah Menggunakan Teori Graf Page → Deadline: -
[2026-07-20 18:07:14]      • [Quiz] Post-Test (M2) → Deadline: Tidak diketahui
[2026-07-20 18:07:18]      • [Assignment] Pengumpulan Tugas (M2) → Deadline: Saturday, 14 March 2026, 11:59 PM
[2026-07-20 18:07:23]      • [Quiz] Pre-Test (M4) → Deadline: Tidak diketahui
[2026-07-20 18:07:27]      • [Materi] 4.1  Pengantar: Breadth First Search URL → Deadline: -
[2026-07-20 18:07:31]      • [Materi] Sesi Praktikum File → Deadline: -
[2026-07-20 18:07:36]      • [Materi] Video Tutorial: Mendownload File IPYNB di Virtual Class URL → Deadline: -
[2026-07-20 18:07:40]      • [Quiz] Post-Test (M4) → Deadline: Tidak diketahui
[2026-07-20 18:07:44]      • [Assignment] Laporan Akhir (M4) → Deadline: Saturday, 11 April 2026, 11:59 PM
[2026-07-20 18:07:49]      • [Quiz] Pre-Test (M5) → Deadline: Tidak diketahui
[2026-07-20 18:07:53]      • [Materi] Sesi Praktikum URL → Deadline: -
[2026-07-20 18:07:58]      • [Quiz] Post-Test (M5) → Deadline: Tidak diketahui
[2026-07-20 18:08:02]      • [Assignment] Laporan Akhir (M5) → Deadline: Saturday, 18 April 2026, 11:59 PM
[2026-07-20 18:08:07]      • [Quiz] Pre-Test (M6) → Deadline: Tidak diketahui
[2026-07-20 18:08:11]      • [Materi] 6.1  Pendahuluan: Algoritma Dasar Tree URL → Deadline: -
[2026-07-20 18:08:15]      • [Materi] Sesi Praktikum File → Deadline: -
[2026-07-20 18:08:20]      • [Quiz] Post-Test (M6) → Deadline: Tidak diketahui
[2026-07-20 18:08:24]      • [Assignment] Laporan Akhir (M6) → Deadline: Saturday, 25 April 2026, 11:59 PM
[2026-07-20 18:08:28]      • [Quiz] Pre-Test (M8) → Deadline: Tidak diketahui
[2026-07-20 18:08:33]      • [Materi] 8.1  Pendahuluan: Implementasi Graph URL → Deadline: -
[2026-07-20 18:08:38]      • [Materi] Link File Praktikum I - family.pl → Deadline: -
[2026-07-20 18:08:42]      • [Materi] Link File Praktikum II - 8-puzzles.ipynb → Deadline: -
[2026-07-20 18:08:47]      • [Materi] Video Tutorial: Mendownload File IPYNB di Virtual Class URL → Deadline: -
[2026-07-20 18:08:52]      • [Quiz] Post-Test (M8) → Deadline: Tidak diketahui
[2026-07-20 18:08:56]      • [Assignment] Laporan Akhir (M8) → Deadline: Saturday, 9 May 2026, 11:59 PM
[2026-07-20 18:09:01]      • [Quiz] Pre-Test (M9) → Deadline: Tidak diketahui
[2026-07-20 18:09:05]      • [Materi] Sesi Hands-on Praktikum URL → Deadline: -
[2026-07-20 18:09:09]      • [Quiz] Post-Test (M9) → Deadline: Tidak diketahui
[2026-07-20 18:09:13]      • [Assignment] Pengumpulan Tugas (M9) → Deadline: Saturday, 16 May 2026, 11:59 PM
[2026-07-20 18:09:17]      • [Quiz] Pre-Test (M3) → Deadline: Tidak diketahui
[2026-07-20 18:09:21]      • [Materi] Sesi Praktikum URL → Deadline: -
[2026-07-20 18:09:25]      • [Materi] Video Tutorial: Menambahkan File pada Mesin DGX URL → Deadline: -
[2026-07-20 18:09:31]      • [Quiz] Post-Test (M3) → Deadline: Tidak diketahui
[2026-07-20 18:09:34]      • [Assignment] Pengumpulan Tugas (M3) → Deadline: Saturday, 23 May 2026, 11:59 PM
[2026-07-20 18:09:40]      • [Quiz] Pre-Test (M7) → Deadline: Tidak diketahui
[2026-07-20 18:09:44]      • [Materi] Link File Praktikum I - 3-Tekrek-Find-Center.ipynb → Deadline: -
[2026-07-20 18:09:47]      • [Materi] Link File Praktikum II - 3-Tekrek-Sortest-Path.ipynb → Deadline: -
[2026-07-20 18:09:51]      • [Materi] Video Tutorial: Mendownload File IPYNB di Virtual Class URL → Deadline: -
[2026-07-20 18:09:56]      • [Quiz] Post-Test (M7) → Deadline: Tidak diketahui
[2026-07-20 18:10:00]      • [Assignment] Laporan Akhir (M7) → Deadline: Saturday, 23 May 2026, 11:59 PM
[2026-07-20 18:10:04] 📦 Total tugas ditemukan: 126
[2026-07-20 18:10:04] 💾 Disimpan ke python/node/tugas.json
