[2026-06-05 09:45:38] 🔐 Login ke V-Class...
[2026-06-05 09:45:39] ✅ Login berhasil
[2026-06-05 09:45:39] 📚 Mengambil mata kuliah ID 108486 ...
[2026-06-05 09:45:39]   ➤ ATA 2025/2026 | 3KB01 | Jaringan Komputer Lanjut | VIVIEN NOVA FITHRIANA
[2026-06-05 09:45:39]      • [Materi] Announcements Forum → Deadline: -
[2026-06-05 09:45:44]      • [Materi] M1 File → Deadline: -
[2026-06-05 09:45:48]      • [Materi] M2 File → Deadline: -
[2026-06-05 09:45:52]      • [Materi] M3 File → Deadline: -
[2026-06-05 09:45:57]      • [Materi] M4 File → Deadline: -
[2026-06-05 09:46:02]      • [Materi] M5 File → Deadline: -
[2026-06-05 09:46:06]      • [Materi] M6 File → Deadline: -
[2026-06-05 09:46:10]      • [Materi] M7 File → Deadline: -
[2026-06-05 09:46:14]      • [Materi] VC-1 : Traffic dan Algoritma Kendali Kemacetan File → Deadline: -
[2026-06-05 09:46:19]      • [Materi] VC-1 : Traffic dan Algoritma Kendali Kemacetan File → Deadline: -
[2026-06-05 09:46:23]      • [Materi] Forum VC-1 : Traffic dan Algoritma Kendali Kemacetan → Deadline: -
[2026-06-05 09:46:27]      • [Quiz] Latihan Soal VC-1 : Traffic dan Algoritma Kendali Kemacetan → Deadline: Tidak diketahui
[2026-06-05 09:46:31]      • [Materi] VC-2 : Traffic dan Algoritma Kendali Kemacetan - Bagian 2 File → Deadline: -
[2026-06-05 09:46:35]      • [Materi] Forum VC-2 : Traffic dan Algoritma Kendali Kemacetan - Bagian 2 → Deadline: -
[2026-06-05 09:46:40]      • [Quiz] Latihan Soal VC-2 : Traffic dan Algoritma Kendali Kemacetan - Bagian 2 → Deadline: Tidak diketahui
[2026-06-05 09:46:44]      • [Materi] VC-3 : Lapisan Transport File → Deadline: -
[2026-06-05 09:46:49]      • [Materi] Forum VC-3 : Lapisan Transport → Deadline: -
[2026-06-05 09:46:53]      • [Quiz] Latihan Soal VC-3 : Lapisan Transport → Deadline: Wednesday, 15 July 2026, 11:59 PM
[2026-06-05 09:46:57] 📚 Mengambil mata kuliah ID 108172 ...
[2026-06-05 09:46:58]   ➤ ATA 2025/2026 | 3KB01 | Internet of Things (IoT) | PURNAWARMAN MUSA
[2026-06-05 09:46:58]      • [Materi] Announcements Forum → Deadline: -
[2026-06-05 09:47:02]      • [Materi] M6 File → Deadline: -
[2026-06-05 09:47:06]      • [Quiz] Soal (Tugas Individu) → Deadline: Tidak diketahui
[2026-06-05 09:47:11]      • [Quiz] Soal (Tugas Individu) → Deadline: Tidak diketahui
[2026-06-05 09:47:14] 📚 Mengambil mata kuliah ID 109563 ...
[2026-06-05 09:47:15]   ➤ ATA 2025/2026 | 3KB01 | Sistem Tertanam (Embedded) * | RIDHA ISKANDAR
[2026-06-05 09:47:15]      • [Materi] Selamat Datang di V-Class Sistem Tertanam (Embedded) Forum → Deadline: -
[2026-06-05 09:47:18]      • [Assignment] File 1 → Deadline: Sunday, 26 April 2026, 12:00 AM
[2026-06-05 09:47:23] 📚 Mengambil mata kuliah ID 109970 ...
[2026-06-05 09:47:23]   ➤ ATA 2025/2026 | 2EB10 | Bahasa Indonesia | MELANIAWATI
[2026-06-05 09:47:23] 📚 Mengambil mata kuliah ID 107919 ...
[2026-06-05 09:47:24]   ➤ ATA 2025/2026 | 3KB01 | Sistem Cerdas Lanjut | NUR SULTAN SALAHUDDIN
[2026-06-05 09:47:24]      • [Materi] Announcements Forum → Deadline: -
[2026-06-05 09:47:29]      • [Assignment] Sistem Kesehatan Cerdas → Deadline: Thursday, 21 May 2026, 12:00 AM
[2026-06-05 09:47:33]      • [Quiz] Sistem Kesehatan Cerdas → Deadline: Tidak diketahui
[2026-06-05 09:47:38] 📚 Mengambil mata kuliah ID 107291 ...
[2026-06-05 09:47:38]   ➤ ATA 2025/2026 | 3KB01 | Pengantarmukaan Perif.Komputer * | FARID THALIB
[2026-06-05 09:47:38]      • [Materi] Announcements Forum → Deadline: -
[2026-06-05 09:47:43] 📚 Mengambil mata kuliah ID 104438 ...
[2026-06-05 09:47:43]   ➤ ATA 2025/2026 | 3-FIKTI | Terapan Teori Graf | TEAM TEACHING
[2026-06-05 09:47:43]      • [Materi] PEMBERITAHUAN PELAKSANAAN TEAM TEACHING TERAPAN TEORI GRAF Forum → Deadline: -
[2026-06-05 09:47:48]      • [Materi] M1: Pendahuluan Teori Graf File → Deadline: -
[2026-06-05 09:47:52]      • [Materi] Video Literasi M1: Pendahuluan Teori Graf URL → Deadline: -
[2026-06-05 09:47:57]      • [Quiz] Kuis M1 [kelas PAGI] → Deadline: Tidak diketahui
[2026-06-05 09:48:01]      • [Quiz] Kuis M1 [kelas MALAM] → Deadline: Tidak diketahui
[2026-06-05 09:48:05]      • [Materi] M2: Graf Tidak Berarah dan Graf Berbobot File → Deadline: -
[2026-06-05 09:48:10]      • [Materi] Video Literasi M2 : Graf Tidak Berarah dan Graf Berbobot URL → Deadline: -
[2026-06-05 09:48:14]      • [Quiz] Kuis M2 [KELAS PAGI] : Graf Tidak Berarah dan Graf Berbobot → Deadline: Tidak diketahui
[2026-06-05 09:48:18]      • [Quiz] Kuis M2 [KELAS MALAM] : Graf Tidak Berarah dan Graf Berbobot → Deadline: Tidak diketahui
[2026-06-05 09:48:23]      • [Materi] M4 : Aplikasi Teori Graf di Teknik Elektro File → Deadline: -
[2026-06-05 09:48:27]      • [Materi] Video Literasi M4 : Aplikasi Teori Graf di Teknik Elektro URL → Deadline: -
[2026-06-05 09:48:32]      • [Quiz] Kuis M4 [KELAS PAGI]: Aplikasi Teori Graf di Teknik Elektro → Deadline: Tidak diketahui
[2026-06-05 09:48:36]      • [Quiz] Kuis M4 [KELAS MALAM]: Aplikasi Teori Graf di Teknik Elektro → Deadline: Tidak diketahui
[2026-06-05 09:48:41]      • [Materi] M5 : Knowledge Graph dan Database Graph File → Deadline: -
[2026-06-05 09:48:45]      • [Materi] Video Literasi  M5 : Knowledge Graph dan Database Graph URL → Deadline: -
[2026-06-05 09:48:50]      • [Quiz] Kuis M5 [KELAS PAGI] : nowledge Graph dan Database Graph → Deadline: Tidak diketahui
[2026-06-05 09:48:55]      • [Quiz] Kuis M5 [KELAS MALAM] : Knowledge Graph dan Database Graph → Deadline: Tidak diketahui
[2026-06-05 09:48:59]      • [Materi] M6 : Graf Berarah dan Implementasinya File → Deadline: -
[2026-06-05 09:49:04]      • [Materi] Video Literasi M6 : Graf Berarah dan Implementasinya URL → Deadline: -
[2026-06-05 09:49:08]      • [Quiz] Kuis M6 [KELAS PAGI] : Graf Berarah dan Implementasinya → Deadline: Tidak diketahui
[2026-06-05 09:49:12]      • [Quiz] Kuis M6 [KELAS MALAM] : Graf Berarah dan Implementasinya → Deadline: Tidak diketahui
[2026-06-05 09:49:15]      • [Materi] M8 : Penerapan Teori Graf di Bidang Teknik Sipil File → Deadline: -
[2026-06-05 09:49:20]      • [Materi] Video Literasi M8 : Penerapan Teori Graf di Bidang Teknik Sipil URL → Deadline: -
[2026-06-05 09:49:24]      • [Quiz] Kuis M8 [KELAS PAGI] : Penerapan Teori Graf di Bidang Teknik Sipil → Deadline: Tidak diketahui
[2026-06-05 09:49:28]      • [Quiz] Kuis M8 [KELAS MALAM] : Penerapan Teori Graf di Bidang Teknik Sipil → Deadline: Tidak diketahui
[2026-06-05 09:49:31]      • [Materi] M10 : Penerapan Teori Graf  di Bidang Teknik Industri File → Deadline: -
[2026-06-05 09:49:35]      • [Materi] Video Literasi M10 : Penerapan Teori Graf  di Bidang Teknik Industri URL → Deadline: -
[2026-06-05 09:49:40]      • [Quiz] Kuis M10 [kelas pagi] : Penerapan Teori Graf  di Bidang Teknik Industri → Deadline: Tidak diketahui
[2026-06-05 09:49:43]      • [Quiz] Kuis M10 [kelas malam]: Penerapan Teori Graf  di Bidang Teknik Industri → Deadline: Tidak diketahui
[2026-06-05 09:49:48] 📚 Mengambil mata kuliah ID 104413 ...
[2026-06-05 09:49:49]   ➤ ATA 2025/2026 | 3-FIKTI | Praktikum Terapan Teori Graf
[2026-06-05 09:49:49]      • [Materi] Panduan Praktikum  Forum → Deadline: -
[2026-06-05 09:49:53]      • [Materi] Panduan Google Collaboratory URL → Deadline: -
[2026-06-05 09:49:57]      • [Materi] Panduan Instalasi Anaconda URL → Deadline: -
[2026-06-05 09:50:02]      • [Quiz] Pre-Test (M1) → Deadline: Tidak diketahui
[2026-06-05 09:50:05]      • [Materi] 1.1  Pengantar: Teori Graf URL → Deadline: -
[2026-06-05 09:50:09]      • [Materi] 1.2  Sesi Hands-on Praktikum URL → Deadline: -
[2026-06-05 09:50:13]      • [Materi] 1.3 Tutorial Menambahkan File pada Mesin DGX URL → Deadline: -
[2026-06-05 09:50:17]      • [Quiz] Post-Test (M1) → Deadline: Tidak diketahui
[2026-06-05 09:50:21]      • [Assignment] Pengumpulan Tugas (M1) → Deadline: Saturday, 7 March 2026, 11:59 PM
[2026-06-05 09:50:25]      • [Quiz] Pre-Test (M2) → Deadline: Tidak diketahui
[2026-06-05 09:50:29]      • [Materi] 2.1  Pengantar: Berbagai Pemecahan Masalah Menggunakan Teori Graf Page → Deadline: -
[2026-06-05 09:50:34]      • [Quiz] Post-Test (M2) → Deadline: Tidak diketahui
[2026-06-05 09:50:38]      • [Assignment] Pengumpulan Tugas (M2) → Deadline: Saturday, 14 March 2026, 11:59 PM
[2026-06-05 09:50:42]      • [Quiz] Pre-Test (M4) → Deadline: Tidak diketahui
[2026-06-05 09:50:46]      • [Materi] 4.1  Pengantar: Breadth First Search URL → Deadline: -
[2026-06-05 09:50:50]      • [Materi] Sesi Praktikum File → Deadline: -
[2026-06-05 09:50:55]      • [Materi] Video Tutorial: Mendownload File IPYNB di Virtual Class URL → Deadline: -
[2026-06-05 09:50:59]      • [Quiz] Post-Test (M4) → Deadline: Tidak diketahui
[2026-06-05 09:51:02]      • [Assignment] Laporan Akhir (M4) → Deadline: Saturday, 11 April 2026, 11:59 PM
[2026-06-05 09:51:07]      • [Quiz] Pre-Test (M5) → Deadline: Tidak diketahui
[2026-06-05 09:51:11]      • [Materi] Sesi Praktikum URL → Deadline: -
[2026-06-05 09:51:15]      • [Quiz] Post-Test (M5) → Deadline: Tidak diketahui
[2026-06-05 09:51:19]      • [Assignment] Laporan Akhir (M5) → Deadline: Saturday, 18 April 2026, 11:59 PM
[2026-06-05 09:51:24]      • [Quiz] Pre-Test (M6) → Deadline: Tidak diketahui
[2026-06-05 09:51:29]      • [Materi] 6.1  Pendahuluan: Algoritma Dasar Tree URL → Deadline: -
[2026-06-05 09:51:32]      • [Materi] Sesi Praktikum File → Deadline: -
[2026-06-05 09:51:37]      • [Quiz] Post-Test (M6) → Deadline: Tidak diketahui
[2026-06-05 09:51:42]      • [Assignment] Laporan Akhir (M6) → Deadline: Saturday, 25 April 2026, 11:59 PM
[2026-06-05 09:51:47]      • [Quiz] Pre-Test (M8) → Deadline: Tidak diketahui
[2026-06-05 09:51:52]      • [Materi] 8.1  Pendahuluan: Implementasi Graph URL → Deadline: -
[2026-06-05 09:51:56]      • [Materi] Link File Praktikum I - family.pl → Deadline: -
[2026-06-05 09:52:01]      • [Materi] Link File Praktikum II - 8-puzzles.ipynb → Deadline: -
[2026-06-05 09:52:06]      • [Materi] Video Tutorial: Mendownload File IPYNB di Virtual Class URL → Deadline: -
[2026-06-05 09:52:10]      • [Quiz] Post-Test (M8) → Deadline: Tidak diketahui
[2026-06-05 09:52:14]      • [Assignment] Laporan Akhir (M8) → Deadline: Saturday, 9 May 2026, 11:59 PM
[2026-06-05 09:52:18]      • [Quiz] Pre-Test (M9) → Deadline: Tidak diketahui
[2026-06-05 09:52:23]      • [Materi] Sesi Hands-on Praktikum URL → Deadline: -
[2026-06-05 09:52:27]      • [Quiz] Post-Test (M9) → Deadline: Tidak diketahui
[2026-06-05 09:52:30]      • [Assignment] Pengumpulan Tugas (M9) → Deadline: Saturday, 16 May 2026, 11:59 PM
[2026-06-05 09:52:35]      • [Quiz] Pre-Test (M3) → Deadline: Tidak diketahui
[2026-06-05 09:52:39]      • [Materi] Sesi Praktikum URL → Deadline: -
[2026-06-05 09:52:43]      • [Materi] Video Tutorial: Menambahkan File pada Mesin DGX URL → Deadline: -
[2026-06-05 09:52:47]      • [Quiz] Post-Test (M3) → Deadline: Tidak diketahui
[2026-06-05 09:52:51]      • [Assignment] Pengumpulan Tugas (M3) → Deadline: Saturday, 23 May 2026, 11:59 PM
[2026-06-05 09:52:55]      • [Quiz] Pre-Test (M7) → Deadline: Tidak diketahui
[2026-06-05 09:52:59]      • [Materi] Link File Praktikum I - 3-Tekrek-Find-Center.ipynb → Deadline: -
[2026-06-05 09:53:04]      • [Materi] Link File Praktikum II - 3-Tekrek-Sortest-Path.ipynb → Deadline: -
[2026-06-05 09:53:08]      • [Materi] Video Tutorial: Mendownload File IPYNB di Virtual Class URL → Deadline: -
[2026-06-05 09:53:12]      • [Quiz] Post-Test (M7) → Deadline: Tidak diketahui
[2026-06-05 09:53:17]      • [Assignment] Laporan Akhir (M7) → Deadline: Saturday, 23 May 2026, 11:59 PM
[2026-06-05 09:53:21] 📦 Total tugas ditemukan: 107
[2026-06-05 09:53:21] 💾 Disimpan ke python/node/tugas.json
[2026-06-05 18:00:21] 🔐 Login ke V-Class...
[2026-06-05 18:00:22] ✅ Login berhasil
[2026-06-05 18:00:22] 📚 Mengambil mata kuliah ID 108486 ...
[2026-06-05 18:00:22]   ➤ ATA 2025/2026 | 3KB01 | Jaringan Komputer Lanjut | VIVIEN NOVA FITHRIANA
[2026-06-05 18:00:22]      • [Materi] Announcements Forum → Deadline: -
[2026-06-05 18:00:26]      • [Materi] M1 File → Deadline: -
[2026-06-05 18:00:30]      • [Materi] M2 File → Deadline: -
[2026-06-05 18:00:35]      • [Materi] M3 File → Deadline: -
[2026-06-05 18:00:40]      • [Materi] M4 File → Deadline: -
[2026-06-05 18:00:43]      • [Materi] M5 File → Deadline: -
[2026-06-05 18:00:48]      • [Materi] M6 File → Deadline: -
[2026-06-05 18:00:52]      • [Materi] M7 File → Deadline: -
[2026-06-05 18:00:56]      • [Materi] VC-1 : Traffic dan Algoritma Kendali Kemacetan File → Deadline: -
[2026-06-05 18:01:00]      • [Materi] VC-1 : Traffic dan Algoritma Kendali Kemacetan File → Deadline: -
[2026-06-05 18:01:05]      • [Materi] Forum VC-1 : Traffic dan Algoritma Kendali Kemacetan → Deadline: -
[2026-06-05 18:01:10]      • [Quiz] Latihan Soal VC-1 : Traffic dan Algoritma Kendali Kemacetan → Deadline: Tidak diketahui
[2026-06-05 18:01:14]      • [Materi] VC-2 : Traffic dan Algoritma Kendali Kemacetan - Bagian 2 File → Deadline: -
[2026-06-05 18:01:18]      • [Materi] Forum VC-2 : Traffic dan Algoritma Kendali Kemacetan - Bagian 2 → Deadline: -
[2026-06-05 18:01:23]      • [Quiz] Latihan Soal VC-2 : Traffic dan Algoritma Kendali Kemacetan - Bagian 2 → Deadline: Tidak diketahui
[2026-06-05 18:01:28]      • [Materi] VC-3 : Lapisan Transport File → Deadline: -
[2026-06-05 18:01:32]      • [Materi] Forum VC-3 : Lapisan Transport → Deadline: -
[2026-06-05 18:01:36]      • [Quiz] Latihan Soal VC-3 : Lapisan Transport → Deadline: Wednesday, 15 July 2026, 11:59 PM
[2026-06-05 18:01:40] 📚 Mengambil mata kuliah ID 108172 ...
[2026-06-05 18:01:41]   ➤ ATA 2025/2026 | 3KB01 | Internet of Things (IoT) | PURNAWARMAN MUSA
[2026-06-05 18:01:41]      • [Materi] Announcements Forum → Deadline: -
[2026-06-05 18:01:45]      • [Materi] M6 File → Deadline: -
[2026-06-05 18:01:49]      • [Quiz] Soal (Tugas Individu) → Deadline: Tidak diketahui
[2026-06-05 18:01:53]      • [Quiz] Soal (Tugas Individu) → Deadline: Tidak diketahui
[2026-06-05 18:01:57] 📚 Mengambil mata kuliah ID 109563 ...
[2026-06-05 18:01:57]   ➤ ATA 2025/2026 | 3KB01 | Sistem Tertanam (Embedded) * | RIDHA ISKANDAR
[2026-06-05 18:01:57]      • [Materi] Selamat Datang di V-Class Sistem Tertanam (Embedded) Forum → Deadline: -
[2026-06-05 18:02:02]      • [Assignment] File 1 → Deadline: Sunday, 26 April 2026, 12:00 AM
[2026-06-05 18:02:06] 📚 Mengambil mata kuliah ID 109970 ...
[2026-06-05 18:02:06]   ➤ ATA 2025/2026 | 2EB10 | Bahasa Indonesia | MELANIAWATI
[2026-06-05 18:02:06] 📚 Mengambil mata kuliah ID 107919 ...
[2026-06-05 18:02:06]   ➤ ATA 2025/2026 | 3KB01 | Sistem Cerdas Lanjut | NUR SULTAN SALAHUDDIN
[2026-06-05 18:02:06]      • [Materi] Announcements Forum → Deadline: -
[2026-06-05 18:02:11]      • [Assignment] Sistem Kesehatan Cerdas → Deadline: Thursday, 21 May 2026, 12:00 AM
[2026-06-05 18:02:16]      • [Quiz] Sistem Kesehatan Cerdas → Deadline: Tidak diketahui
[2026-06-05 18:02:20] 📚 Mengambil mata kuliah ID 107291 ...
[2026-06-05 18:02:20]   ➤ ATA 2025/2026 | 3KB01 | Pengantarmukaan Perif.Komputer * | FARID THALIB
[2026-06-05 18:02:20]      • [Materi] Announcements Forum → Deadline: -
[2026-06-05 18:02:25] 📚 Mengambil mata kuliah ID 104438 ...
[2026-06-05 18:02:25]   ➤ ATA 2025/2026 | 3-FIKTI | Terapan Teori Graf | TEAM TEACHING
[2026-06-05 18:02:25]      • [Materi] PEMBERITAHUAN PELAKSANAAN TEAM TEACHING TERAPAN TEORI GRAF Forum → Deadline: -
[2026-06-05 18:02:28]      • [Materi] M1: Pendahuluan Teori Graf File → Deadline: -
[2026-06-05 18:02:32]      • [Materi] Video Literasi M1: Pendahuluan Teori Graf URL → Deadline: -
[2026-06-05 18:02:37]      • [Quiz] Kuis M1 [kelas PAGI] → Deadline: Tidak diketahui
[2026-06-05 18:02:41]      • [Quiz] Kuis M1 [kelas MALAM] → Deadline: Tidak diketahui
[2026-06-05 18:02:46]      • [Materi] M2: Graf Tidak Berarah dan Graf Berbobot File → Deadline: -
[2026-06-05 18:02:50]      • [Materi] Video Literasi M2 : Graf Tidak Berarah dan Graf Berbobot URL → Deadline: -
[2026-06-05 18:02:55]      • [Quiz] Kuis M2 [KELAS PAGI] : Graf Tidak Berarah dan Graf Berbobot → Deadline: Tidak diketahui
[2026-06-05 18:03:00]      • [Quiz] Kuis M2 [KELAS MALAM] : Graf Tidak Berarah dan Graf Berbobot → Deadline: Tidak diketahui
[2026-06-05 18:03:04]      • [Materi] M4 : Aplikasi Teori Graf di Teknik Elektro File → Deadline: -
[2026-06-05 18:03:08]      • [Materi] Video Literasi M4 : Aplikasi Teori Graf di Teknik Elektro URL → Deadline: -
[2026-06-05 18:03:11]      • [Quiz] Kuis M4 [KELAS PAGI]: Aplikasi Teori Graf di Teknik Elektro → Deadline: Tidak diketahui
[2026-06-05 18:03:16]      • [Quiz] Kuis M4 [KELAS MALAM]: Aplikasi Teori Graf di Teknik Elektro → Deadline: Tidak diketahui
[2026-06-05 18:03:21]      • [Materi] M5 : Knowledge Graph dan Database Graph File → Deadline: -
[2026-06-05 18:03:25]      • [Materi] Video Literasi  M5 : Knowledge Graph dan Database Graph URL → Deadline: -
[2026-06-05 18:03:30]      • [Quiz] Kuis M5 [KELAS PAGI] : nowledge Graph dan Database Graph → Deadline: Tidak diketahui
[2026-06-05 18:03:34]      • [Quiz] Kuis M5 [KELAS MALAM] : Knowledge Graph dan Database Graph → Deadline: Tidak diketahui
[2026-06-05 18:03:38]      • [Materi] M6 : Graf Berarah dan Implementasinya File → Deadline: -
[2026-06-05 18:03:42]      • [Materi] Video Literasi M6 : Graf Berarah dan Implementasinya URL → Deadline: -
[2026-06-05 18:03:47]      • [Quiz] Kuis M6 [KELAS PAGI] : Graf Berarah dan Implementasinya → Deadline: Tidak diketahui
[2026-06-05 18:03:51]      • [Quiz] Kuis M6 [KELAS MALAM] : Graf Berarah dan Implementasinya → Deadline: Tidak diketahui
[2026-06-05 18:03:56]      • [Materi] M8 : Penerapan Teori Graf di Bidang Teknik Sipil File → Deadline: -
[2026-06-05 18:04:01]      • [Materi] Video Literasi M8 : Penerapan Teori Graf di Bidang Teknik Sipil URL → Deadline: -
[2026-06-05 18:04:06]      • [Quiz] Kuis M8 [KELAS PAGI] : Penerapan Teori Graf di Bidang Teknik Sipil → Deadline: Tidak diketahui
[2026-06-05 18:04:10]      • [Quiz] Kuis M8 [KELAS MALAM] : Penerapan Teori Graf di Bidang Teknik Sipil → Deadline: Tidak diketahui
[2026-06-05 18:04:15]      • [Materi] M10 : Penerapan Teori Graf  di Bidang Teknik Industri File → Deadline: -
[2026-06-05 18:04:19]      • [Materi] Video Literasi M10 : Penerapan Teori Graf  di Bidang Teknik Industri URL → Deadline: -
[2026-06-05 18:04:23]      • [Quiz] Kuis M10 [kelas pagi] : Penerapan Teori Graf  di Bidang Teknik Industri → Deadline: Tidak diketahui
[2026-06-05 18:04:27]      • [Quiz] Kuis M10 [kelas malam]: Penerapan Teori Graf  di Bidang Teknik Industri → Deadline: Tidak diketahui
[2026-06-05 18:04:31] 📚 Mengambil mata kuliah ID 104413 ...
[2026-06-05 18:04:31]   ➤ ATA 2025/2026 | 3-FIKTI | Praktikum Terapan Teori Graf
[2026-06-05 18:04:31]      • [Materi] Panduan Praktikum  Forum → Deadline: -
[2026-06-05 18:04:35]      • [Materi] Panduan Google Collaboratory URL → Deadline: -
[2026-06-05 18:04:39]      • [Materi] Panduan Instalasi Anaconda URL → Deadline: -
[2026-06-05 18:04:43]      • [Quiz] Pre-Test (M1) → Deadline: Tidak diketahui
[2026-06-05 18:04:48]      • [Materi] 1.1  Pengantar: Teori Graf URL → Deadline: -
[2026-06-05 18:04:52]      • [Materi] 1.2  Sesi Hands-on Praktikum URL → Deadline: -
[2026-06-05 18:04:56]      • [Materi] 1.3 Tutorial Menambahkan File pada Mesin DGX URL → Deadline: -
[2026-06-05 18:05:00]      • [Quiz] Post-Test (M1) → Deadline: Tidak diketahui
[2026-06-05 18:05:04]      • [Assignment] Pengumpulan Tugas (M1) → Deadline: Saturday, 7 March 2026, 11:59 PM
[2026-06-05 18:05:09]      • [Quiz] Pre-Test (M2) → Deadline: Tidak diketahui
[2026-06-05 18:05:13]      • [Materi] 2.1  Pengantar: Berbagai Pemecahan Masalah Menggunakan Teori Graf Page → Deadline: -
[2026-06-05 18:05:18]      • [Quiz] Post-Test (M2) → Deadline: Tidak diketahui
[2026-06-05 18:05:22]      • [Assignment] Pengumpulan Tugas (M2) → Deadline: Saturday, 14 March 2026, 11:59 PM
[2026-06-05 18:05:26]      • [Quiz] Pre-Test (M4) → Deadline: Tidak diketahui
[2026-06-05 18:05:30]      • [Materi] 4.1  Pengantar: Breadth First Search URL → Deadline: -
[2026-06-05 18:05:34]      • [Materi] Sesi Praktikum File → Deadline: -
[2026-06-05 18:05:38]      • [Materi] Video Tutorial: Mendownload File IPYNB di Virtual Class URL → Deadline: -
[2026-06-05 18:05:42]      • [Quiz] Post-Test (M4) → Deadline: Tidak diketahui
[2026-06-05 18:05:46]      • [Assignment] Laporan Akhir (M4) → Deadline: Saturday, 11 April 2026, 11:59 PM
[2026-06-05 18:05:50]      • [Quiz] Pre-Test (M5) → Deadline: Tidak diketahui
[2026-06-05 18:05:55]      • [Materi] Sesi Praktikum URL → Deadline: -
[2026-06-05 18:05:59]      • [Quiz] Post-Test (M5) → Deadline: Tidak diketahui
[2026-06-05 18:06:04]      • [Assignment] Laporan Akhir (M5) → Deadline: Saturday, 18 April 2026, 11:59 PM
[2026-06-05 18:06:09]      • [Quiz] Pre-Test (M6) → Deadline: Tidak diketahui
[2026-06-05 18:06:13]      • [Materi] 6.1  Pendahuluan: Algoritma Dasar Tree URL → Deadline: -
[2026-06-05 18:06:18]      • [Materi] Sesi Praktikum File → Deadline: -
[2026-06-05 18:06:22]      • [Quiz] Post-Test (M6) → Deadline: Tidak diketahui
[2026-06-05 18:06:26]      • [Assignment] Laporan Akhir (M6) → Deadline: Saturday, 25 April 2026, 11:59 PM
[2026-06-05 18:06:31]      • [Quiz] Pre-Test (M8) → Deadline: Tidak diketahui
[2026-06-05 18:06:35]      • [Materi] 8.1  Pendahuluan: Implementasi Graph URL → Deadline: -
[2026-06-05 18:06:39]      • [Materi] Link File Praktikum I - family.pl → Deadline: -
[2026-06-05 18:06:43]      • [Materi] Link File Praktikum II - 8-puzzles.ipynb → Deadline: -
[2026-06-05 18:06:47]      • [Materi] Video Tutorial: Mendownload File IPYNB di Virtual Class URL → Deadline: -
[2026-06-05 18:06:52]      • [Quiz] Post-Test (M8) → Deadline: Tidak diketahui
[2026-06-05 18:06:56]      • [Assignment] Laporan Akhir (M8) → Deadline: Saturday, 9 May 2026, 11:59 PM
[2026-06-05 18:07:01]      • [Quiz] Pre-Test (M9) → Deadline: Tidak diketahui
[2026-06-05 18:07:04]      • [Materi] Sesi Hands-on Praktikum URL → Deadline: -
[2026-06-05 18:07:08]      • [Quiz] Post-Test (M9) → Deadline: Tidak diketahui
[2026-06-05 18:07:12]      • [Assignment] Pengumpulan Tugas (M9) → Deadline: Saturday, 16 May 2026, 11:59 PM
[2026-06-05 18:07:16]      • [Quiz] Pre-Test (M3) → Deadline: Tidak diketahui
[2026-06-05 18:07:20]      • [Materi] Sesi Praktikum URL → Deadline: -
[2026-06-05 18:07:25]      • [Materi] Video Tutorial: Menambahkan File pada Mesin DGX URL → Deadline: -
[2026-06-05 18:07:29]      • [Quiz] Post-Test (M3) → Deadline: Tidak diketahui
[2026-06-05 18:07:35]      • [Assignment] Pengumpulan Tugas (M3) → Deadline: Saturday, 23 May 2026, 11:59 PM
[2026-06-05 18:07:39]      • [Quiz] Pre-Test (M7) → Deadline: Tidak diketahui
[2026-06-05 18:07:43]      • [Materi] Link File Praktikum I - 3-Tekrek-Find-Center.ipynb → Deadline: -
[2026-06-05 18:07:47]      • [Materi] Link File Praktikum II - 3-Tekrek-Sortest-Path.ipynb → Deadline: -
[2026-06-05 18:07:52]      • [Materi] Video Tutorial: Mendownload File IPYNB di Virtual Class URL → Deadline: -
[2026-06-05 18:07:56]      • [Quiz] Post-Test (M7) → Deadline: Tidak diketahui
[2026-06-05 18:08:01]      • [Assignment] Laporan Akhir (M7) → Deadline: Saturday, 23 May 2026, 11:59 PM
[2026-06-05 18:08:05] 📦 Total tugas ditemukan: 107
[2026-06-05 18:08:05] 💾 Disimpan ke python/node/tugas.json
