[2026-07-04 09:45:20] 🔐 Login ke V-Class...
[2026-07-04 09:45:21] ✅ Login berhasil
[2026-07-04 09:45:21] 📚 Mengambil mata kuliah ID 108486 ...
[2026-07-04 09:45:21]   ➤ ATA 2025/2026 | 3KB01 | Jaringan Komputer Lanjut | VIVIEN NOVA FITHRIANA
[2026-07-04 09:45:21]      • [Materi] Announcements Forum → Deadline: -
[2026-07-04 09:45:26]      • [Materi] M1 File → Deadline: -
[2026-07-04 09:45:29]      • [Materi] M2 File → Deadline: -
[2026-07-04 09:45:33]      • [Materi] M3 File → Deadline: -
[2026-07-04 09:45:38]      • [Materi] M4 File → Deadline: -
[2026-07-04 09:45:42]      • [Materi] M5 File → Deadline: -
[2026-07-04 09:45:46]      • [Materi] M6 File → Deadline: -
[2026-07-04 09:45:51]      • [Materi] M7 File → Deadline: -
[2026-07-04 09:45:55]      • [Materi] VC-1 : Traffic dan Algoritma Kendali Kemacetan File → Deadline: -
[2026-07-04 09:45:59]      • [Materi] VC-1 : Traffic dan Algoritma Kendali Kemacetan File → Deadline: -
[2026-07-04 09:46:03]      • [Materi] Forum VC-1 : Traffic dan Algoritma Kendali Kemacetan → Deadline: -
[2026-07-04 09:46:08]      • [Quiz] Latihan Soal VC-1 : Traffic dan Algoritma Kendali Kemacetan → Deadline: Tidak diketahui
[2026-07-04 09:46:12]      • [Materi] VC-2 : Traffic dan Algoritma Kendali Kemacetan - Bagian 2 File → Deadline: -
[2026-07-04 09:46:16]      • [Materi] Forum VC-2 : Traffic dan Algoritma Kendali Kemacetan - Bagian 2 → Deadline: -
[2026-07-04 09:46:22]      • [Quiz] Latihan Soal VC-2 : Traffic dan Algoritma Kendali Kemacetan - Bagian 2 → Deadline: Tidak diketahui
[2026-07-04 09:46:26]      • [Materi] VC-3 : Lapisan Transport File → Deadline: -
[2026-07-04 09:46:30]      • [Materi] Forum VC-3 : Lapisan Transport → Deadline: -
[2026-07-04 09:46:35]      • [Quiz] Latihan Soal VC-3 : Lapisan Transport → Deadline: Wednesday, 15 July 2026, 11:59 PM
[2026-07-04 09:46:39] 📚 Mengambil mata kuliah ID 108172 ...
[2026-07-04 09:46:39]   ➤ ATA 2025/2026 | 3KB01 | Internet of Things (IoT) | PURNAWARMAN MUSA
[2026-07-04 09:46:39]      • [Materi] Announcements Forum → Deadline: -
[2026-07-04 09:46:44]      • [Materi] M6 File → Deadline: -
[2026-07-04 09:46:48]      • [Quiz] Soal (Tugas Individu) → Deadline: Tidak diketahui
[2026-07-04 09:46:52]      • [Quiz] Soal (Tugas Individu) → Deadline: Tidak diketahui
[2026-07-04 09:46:56] 📚 Mengambil mata kuliah ID 109563 ...
[2026-07-04 09:46:56]   ➤ ATA 2025/2026 | 3KB01 | Sistem Tertanam (Embedded) * | RIDHA ISKANDAR
[2026-07-04 09:46:56]      • [Materi] Selamat Datang di V-Class Sistem Tertanam (Embedded) Forum → Deadline: -
[2026-07-04 09:47:00]      • [Assignment] File 1 → Deadline: Sunday, 26 April 2026, 12:00 AM
[2026-07-04 09:47:05] 📚 Mengambil mata kuliah ID 109970 ...
[2026-07-04 09:47:05]   ➤ ATA 2025/2026 | 2EB10 | Bahasa Indonesia | MELANIAWATI
[2026-07-04 09:47:05] 📚 Mengambil mata kuliah ID 107919 ...
[2026-07-04 09:47:05]   ➤ ATA 2025/2026 | 3KB01 | Sistem Cerdas Lanjut | NUR SULTAN SALAHUDDIN
[2026-07-04 09:47:05]      • [Materi] Announcements Forum → Deadline: -
[2026-07-04 09:47:10]      • [Assignment] Sistem Kesehatan Cerdas → Deadline: Thursday, 21 May 2026, 12:00 AM
[2026-07-04 09:47:14]      • [Quiz] Sistem Kesehatan Cerdas → Deadline: Tidak diketahui
[2026-07-04 09:47:18] 📚 Mengambil mata kuliah ID 107291 ...
[2026-07-04 09:47:18]   ➤ ATA 2025/2026 | 3KB01 | Pengantarmukaan Perif.Komputer * | FARID THALIB
[2026-07-04 09:47:18]      • [Materi] Announcements Forum → Deadline: -
[2026-07-04 09:47:23] 📚 Mengambil mata kuliah ID 104438 ...
[2026-07-04 09:47:23]   ➤ ATA 2025/2026 | 3-FIKTI | Terapan Teori Graf | TEAM TEACHING
[2026-07-04 09:47:23]      • [Materi] PEMBERITAHUAN UTS SUSULAN File → Deadline: -
[2026-07-04 09:47:27]      • [Materi] PEMBERITAHUAN PELAKSANAAN TEAM TEACHING TERAPAN TEORI GRAF Forum → Deadline: -
[2026-07-04 09:47:32]      • [Materi] M1: Pendahuluan Teori Graf File → Deadline: -
[2026-07-04 09:47:36]      • [Materi] Video Literasi M1: Pendahuluan Teori Graf URL → Deadline: -
[2026-07-04 09:47:40]      • [Quiz] Kuis M1 [kelas PAGI] → Deadline: Tidak diketahui
[2026-07-04 09:47:44]      • [Quiz] Kuis M1 [kelas MALAM] → Deadline: Tidak diketahui
[2026-07-04 09:47:49]      • [Materi] M2: Graf Tidak Berarah dan Graf Berbobot File → Deadline: -
[2026-07-04 09:47:54]      • [Materi] Video Literasi M2 : Graf Tidak Berarah dan Graf Berbobot URL → Deadline: -
[2026-07-04 09:47:58]      • [Quiz] Kuis M2 [KELAS PAGI] : Graf Tidak Berarah dan Graf Berbobot → Deadline: Tidak diketahui
[2026-07-04 09:48:02]      • [Quiz] Kuis M2 [KELAS MALAM] : Graf Tidak Berarah dan Graf Berbobot → Deadline: Tidak diketahui
[2026-07-04 09:48:05]      • [Materi] M4 : Aplikasi Teori Graf di Teknik Elektro File → Deadline: -
[2026-07-04 09:48:09]      • [Materi] Video Literasi M4 : Aplikasi Teori Graf di Teknik Elektro URL → Deadline: -
[2026-07-04 09:48:13]      • [Quiz] Kuis M4 [KELAS PAGI]: Aplikasi Teori Graf di Teknik Elektro → Deadline: Tidak diketahui
[2026-07-04 09:48:18]      • [Quiz] Kuis M4 [KELAS MALAM]: Aplikasi Teori Graf di Teknik Elektro → Deadline: Tidak diketahui
[2026-07-04 09:48:22]      • [Materi] M5 : Knowledge Graph dan Database Graph File → Deadline: -
[2026-07-04 09:48:26]      • [Materi] Video Literasi  M5 : Knowledge Graph dan Database Graph URL → Deadline: -
[2026-07-04 09:48:30]      • [Quiz] Kuis M5 [KELAS PAGI] : nowledge Graph dan Database Graph → Deadline: Tidak diketahui
[2026-07-04 09:48:35]      • [Quiz] Kuis M5 [KELAS MALAM] : Knowledge Graph dan Database Graph → Deadline: Tidak diketahui
[2026-07-04 09:48:39]      • [Materi] M6 : Graf Berarah dan Implementasinya File → Deadline: -
[2026-07-04 09:48:44]      • [Materi] Video Literasi M6 : Graf Berarah dan Implementasinya URL → Deadline: -
[2026-07-04 09:48:48]      • [Quiz] Kuis M6 [KELAS PAGI] : Graf Berarah dan Implementasinya → Deadline: Tidak diketahui
[2026-07-04 09:48:52]      • [Quiz] Kuis M6 [KELAS MALAM] : Graf Berarah dan Implementasinya → Deadline: Tidak diketahui
[2026-07-04 09:48:56]      • [Materi] M8 : Penerapan Teori Graf di Bidang Teknik Sipil File → Deadline: -
[2026-07-04 09:49:00]      • [Materi] Video Literasi M8 : Penerapan Teori Graf di Bidang Teknik Sipil URL → Deadline: -
[2026-07-04 09:49:04]      • [Quiz] Kuis M8 [KELAS PAGI] : Penerapan Teori Graf di Bidang Teknik Sipil → Deadline: Tidak diketahui
[2026-07-04 09:49:09]      • [Quiz] Kuis M8 [KELAS MALAM] : Penerapan Teori Graf di Bidang Teknik Sipil → Deadline: Tidak diketahui
[2026-07-04 09:49:13]      • [Materi] M10 : Penerapan Teori Graf  di Bidang Teknik Industri File → Deadline: -
[2026-07-04 09:49:17]      • [Materi] Video Literasi M10 : Penerapan Teori Graf  di Bidang Teknik Industri URL → Deadline: -
[2026-07-04 09:49:21]      • [Quiz] Kuis M10 [kelas pagi] : Penerapan Teori Graf  di Bidang Teknik Industri → Deadline: Tidak diketahui
[2026-07-04 09:49:26]      • [Quiz] Kuis M10 [kelas malam]: Penerapan Teori Graf  di Bidang Teknik Industri → Deadline: Tidak diketahui
[2026-07-04 09:49:30]      • [Materi] M11 : Program Dinamis dan Permasalahan Tata Letak Fasilitas File → Deadline: -
[2026-07-04 09:49:34]      • [Materi] video literasi : Program Dinamis dan Permasalahan Tata Letak Fasilitas URL → Deadline: -
[2026-07-04 09:49:39]      • [Quiz] Kuis M11 [kelas PAGI]: Program Dinamis dan Permasalahan Tata Letak Fasilitas → Deadline: Tidak diketahui
[2026-07-04 09:49:43]      • [Quiz] Kuis M11 [kelas MALAM]: Program Dinamis dan Permasalahan Tata Letak Fasilitas → Deadline: Tidak diketahui
[2026-07-04 09:49:48]      • [Materi] M12: Algoritma Greedy pada Graf File → Deadline: -
[2026-07-04 09:49:52]      • [Materi] Video literasi M12: Algoritma Greedy pada Graf URL → Deadline: -
[2026-07-04 09:49:56]      • [Quiz] Kuis M12 [kelas PAGI] → Deadline: Tidak diketahui
[2026-07-04 09:50:01]      • [Quiz] Kuis M12 [kelas MALAM] → Deadline: Tidak diketahui
[2026-07-04 09:50:05] 📚 Mengambil mata kuliah ID 104413 ...
[2026-07-04 09:50:06]   ➤ ATA 2025/2026 | 3-FIKTI | Praktikum Terapan Teori Graf
[2026-07-04 09:50:06]      • [Materi] Panduan Praktikum  Forum → Deadline: -
[2026-07-04 09:50:10]      • [Materi] Panduan Google Collaboratory URL → Deadline: -
[2026-07-04 09:50:14]      • [Materi] Panduan Instalasi Anaconda URL → Deadline: -
[2026-07-04 09:50:18]      • [Quiz] Pre-Test (M1) → Deadline: Tidak diketahui
[2026-07-04 09:50:23]      • [Materi] 1.1  Pengantar: Teori Graf URL → Deadline: -
[2026-07-04 09:50:27]      • [Materi] 1.2  Sesi Hands-on Praktikum URL → Deadline: -
[2026-07-04 09:50:32]      • [Materi] 1.3 Tutorial Menambahkan File pada Mesin DGX URL → Deadline: -
[2026-07-04 09:50:37]      • [Quiz] Post-Test (M1) → Deadline: Tidak diketahui
[2026-07-04 09:50:41]      • [Assignment] Pengumpulan Tugas (M1) → Deadline: Saturday, 7 March 2026, 11:59 PM
[2026-07-04 09:50:45]      • [Quiz] Pre-Test (M2) → Deadline: Tidak diketahui
[2026-07-04 09:50:48]      • [Materi] 2.1  Pengantar: Berbagai Pemecahan Masalah Menggunakan Teori Graf Page → Deadline: -
[2026-07-04 09:50:53]      • [Quiz] Post-Test (M2) → Deadline: Tidak diketahui
[2026-07-04 09:50:57]      • [Assignment] Pengumpulan Tugas (M2) → Deadline: Saturday, 14 March 2026, 11:59 PM
[2026-07-04 09:51:01]      • [Quiz] Pre-Test (M4) → Deadline: Tidak diketahui
[2026-07-04 09:51:05]      • [Materi] 4.1  Pengantar: Breadth First Search URL → Deadline: -
[2026-07-04 09:51:10]      • [Materi] Sesi Praktikum File → Deadline: -
[2026-07-04 09:51:15]      • [Materi] Video Tutorial: Mendownload File IPYNB di Virtual Class URL → Deadline: -
[2026-07-04 09:51:19]      • [Quiz] Post-Test (M4) → Deadline: Tidak diketahui
[2026-07-04 09:51:23]      • [Assignment] Laporan Akhir (M4) → Deadline: Saturday, 11 April 2026, 11:59 PM
[2026-07-04 09:51:27]      • [Quiz] Pre-Test (M5) → Deadline: Tidak diketahui
[2026-07-04 09:51:31]      • [Materi] Sesi Praktikum URL → Deadline: -
[2026-07-04 09:51:36]      • [Quiz] Post-Test (M5) → Deadline: Tidak diketahui
[2026-07-04 09:51:41]      • [Assignment] Laporan Akhir (M5) → Deadline: Saturday, 18 April 2026, 11:59 PM
[2026-07-04 09:51:46]      • [Quiz] Pre-Test (M6) → Deadline: Tidak diketahui
[2026-07-04 09:51:50]      • [Materi] 6.1  Pendahuluan: Algoritma Dasar Tree URL → Deadline: -
[2026-07-04 09:51:54]      • [Materi] Sesi Praktikum File → Deadline: -
[2026-07-04 09:51:58]      • [Quiz] Post-Test (M6) → Deadline: Tidak diketahui
[2026-07-04 09:52:02]      • [Assignment] Laporan Akhir (M6) → Deadline: Saturday, 25 April 2026, 11:59 PM
[2026-07-04 09:52:07]      • [Quiz] Pre-Test (M8) → Deadline: Tidak diketahui
[2026-07-04 09:52:11]      • [Materi] 8.1  Pendahuluan: Implementasi Graph URL → Deadline: -
[2026-07-04 09:52:14]      • [Materi] Link File Praktikum I - family.pl → Deadline: -
[2026-07-04 09:52:18]      • [Materi] Link File Praktikum II - 8-puzzles.ipynb → Deadline: -
[2026-07-04 09:52:23]      • [Materi] Video Tutorial: Mendownload File IPYNB di Virtual Class URL → Deadline: -
[2026-07-04 09:52:27]      • [Quiz] Post-Test (M8) → Deadline: Tidak diketahui
[2026-07-04 09:52:32]      • [Assignment] Laporan Akhir (M8) → Deadline: Saturday, 9 May 2026, 11:59 PM
[2026-07-04 09:52:36]      • [Quiz] Pre-Test (M9) → Deadline: Tidak diketahui
[2026-07-04 09:52:39]      • [Materi] Sesi Hands-on Praktikum URL → Deadline: -
[2026-07-04 09:52:45]      • [Quiz] Post-Test (M9) → Deadline: Tidak diketahui
[2026-07-04 09:52:49]      • [Assignment] Pengumpulan Tugas (M9) → Deadline: Saturday, 16 May 2026, 11:59 PM
[2026-07-04 09:52:53]      • [Quiz] Pre-Test (M3) → Deadline: Tidak diketahui
[2026-07-04 09:52:58]      • [Materi] Sesi Praktikum URL → Deadline: -
[2026-07-04 09:53:01]      • [Materi] Video Tutorial: Menambahkan File pada Mesin DGX URL → Deadline: -
[2026-07-04 09:53:05]      • [Quiz] Post-Test (M3) → Deadline: Tidak diketahui
[2026-07-04 09:53:10]      • [Assignment] Pengumpulan Tugas (M3) → Deadline: Saturday, 23 May 2026, 11:59 PM
[2026-07-04 09:53:14]      • [Quiz] Pre-Test (M7) → Deadline: Tidak diketahui
[2026-07-04 09:53:18]      • [Materi] Link File Praktikum I - 3-Tekrek-Find-Center.ipynb → Deadline: -
[2026-07-04 09:53:22]      • [Materi] Link File Praktikum II - 3-Tekrek-Sortest-Path.ipynb → Deadline: -
[2026-07-04 09:53:26]      • [Materi] Video Tutorial: Mendownload File IPYNB di Virtual Class URL → Deadline: -
[2026-07-04 09:53:30]      • [Quiz] Post-Test (M7) → Deadline: Tidak diketahui
[2026-07-04 09:53:34]      • [Assignment] Laporan Akhir (M7) → Deadline: Saturday, 23 May 2026, 11:59 PM
[2026-07-04 09:53:38] 📦 Total tugas ditemukan: 116
[2026-07-04 09:53:38] 💾 Disimpan ke python/node/tugas.json
[2026-07-04 18:00:38] 🔐 Login ke V-Class...
[2026-07-04 18:00:38] ✅ Login berhasil
[2026-07-04 18:00:38] 📚 Mengambil mata kuliah ID 108486 ...
[2026-07-04 18:00:38]   ➤ ATA 2025/2026 | 3KB01 | Jaringan Komputer Lanjut | VIVIEN NOVA FITHRIANA
[2026-07-04 18:00:38]      • [Materi] Announcements Forum → Deadline: -
[2026-07-04 18:00:42]      • [Materi] M1 File → Deadline: -
[2026-07-04 18:00:46]      • [Materi] M2 File → Deadline: -
[2026-07-04 18:00:50]      • [Materi] M3 File → Deadline: -
[2026-07-04 18:00:55]      • [Materi] M4 File → Deadline: -
[2026-07-04 18:00:59]      • [Materi] M5 File → Deadline: -
[2026-07-04 18:01:03]      • [Materi] M6 File → Deadline: -
[2026-07-04 18:01:07]      • [Materi] M7 File → Deadline: -
[2026-07-04 18:01:11]      • [Materi] VC-1 : Traffic dan Algoritma Kendali Kemacetan File → Deadline: -
[2026-07-04 18:01:15]      • [Materi] VC-1 : Traffic dan Algoritma Kendali Kemacetan File → Deadline: -
[2026-07-04 18:01:20]      • [Materi] Forum VC-1 : Traffic dan Algoritma Kendali Kemacetan → Deadline: -
[2026-07-04 18:01:24]      • [Quiz] Latihan Soal VC-1 : Traffic dan Algoritma Kendali Kemacetan → Deadline: Tidak diketahui
[2026-07-04 18:01:28]      • [Materi] VC-2 : Traffic dan Algoritma Kendali Kemacetan - Bagian 2 File → Deadline: -
[2026-07-04 18:01:33]      • [Materi] Forum VC-2 : Traffic dan Algoritma Kendali Kemacetan - Bagian 2 → Deadline: -
[2026-07-04 18:01:36]      • [Quiz] Latihan Soal VC-2 : Traffic dan Algoritma Kendali Kemacetan - Bagian 2 → Deadline: Tidak diketahui
[2026-07-04 18:01:40]      • [Materi] VC-3 : Lapisan Transport File → Deadline: -
[2026-07-04 18:01:44]      • [Materi] Forum VC-3 : Lapisan Transport → Deadline: -
[2026-07-04 18:01:48]      • [Quiz] Latihan Soal VC-3 : Lapisan Transport → Deadline: Wednesday, 15 July 2026, 11:59 PM
[2026-07-04 18:01:52] 📚 Mengambil mata kuliah ID 108172 ...
[2026-07-04 18:01:52]   ➤ ATA 2025/2026 | 3KB01 | Internet of Things (IoT) | PURNAWARMAN MUSA
[2026-07-04 18:01:52]      • [Materi] Announcements Forum → Deadline: -
[2026-07-04 18:01:57]      • [Materi] M6 File → Deadline: -
[2026-07-04 18:02:01]      • [Quiz] Soal (Tugas Individu) → Deadline: Tidak diketahui
[2026-07-04 18:02:06]      • [Quiz] Soal (Tugas Individu) → Deadline: Tidak diketahui
[2026-07-04 18:02:11] 📚 Mengambil mata kuliah ID 109563 ...
[2026-07-04 18:02:11]   ➤ ATA 2025/2026 | 3KB01 | Sistem Tertanam (Embedded) * | RIDHA ISKANDAR
[2026-07-04 18:02:11]      • [Materi] Selamat Datang di V-Class Sistem Tertanam (Embedded) Forum → Deadline: -
[2026-07-04 18:02:16]      • [Assignment] File 1 → Deadline: Sunday, 26 April 2026, 12:00 AM
[2026-07-04 18:02:20] 📚 Mengambil mata kuliah ID 109970 ...
[2026-07-04 18:02:20]   ➤ ATA 2025/2026 | 2EB10 | Bahasa Indonesia | MELANIAWATI
[2026-07-04 18:02:20] 📚 Mengambil mata kuliah ID 107919 ...
[2026-07-04 18:02:20]   ➤ ATA 2025/2026 | 3KB01 | Sistem Cerdas Lanjut | NUR SULTAN SALAHUDDIN
[2026-07-04 18:02:20]      • [Materi] Announcements Forum → Deadline: -
[2026-07-04 18:02:24]      • [Assignment] Sistem Kesehatan Cerdas → Deadline: Thursday, 21 May 2026, 12:00 AM
[2026-07-04 18:02:28]      • [Quiz] Sistem Kesehatan Cerdas → Deadline: Tidak diketahui
[2026-07-04 18:02:32] 📚 Mengambil mata kuliah ID 107291 ...
[2026-07-04 18:02:32]   ➤ ATA 2025/2026 | 3KB01 | Pengantarmukaan Perif.Komputer * | FARID THALIB
[2026-07-04 18:02:32]      • [Materi] Announcements Forum → Deadline: -
[2026-07-04 18:02:36] 📚 Mengambil mata kuliah ID 104438 ...
[2026-07-04 18:02:36]   ➤ ATA 2025/2026 | 3-FIKTI | Terapan Teori Graf | TEAM TEACHING
[2026-07-04 18:02:36]      • [Materi] PEMBERITAHUAN UTS SUSULAN File → Deadline: -
[2026-07-04 18:02:41]      • [Materi] PEMBERITAHUAN PELAKSANAAN TEAM TEACHING TERAPAN TEORI GRAF Forum → Deadline: -
[2026-07-04 18:02:44]      • [Materi] M1: Pendahuluan Teori Graf File → Deadline: -
[2026-07-04 18:02:48]      • [Materi] Video Literasi M1: Pendahuluan Teori Graf URL → Deadline: -
[2026-07-04 18:02:53]      • [Quiz] Kuis M1 [kelas PAGI] → Deadline: Tidak diketahui
[2026-07-04 18:02:58]      • [Quiz] Kuis M1 [kelas MALAM] → Deadline: Tidak diketahui
[2026-07-04 18:03:02]      • [Materi] M2: Graf Tidak Berarah dan Graf Berbobot File → Deadline: -
[2026-07-04 18:03:06]      • [Materi] Video Literasi M2 : Graf Tidak Berarah dan Graf Berbobot URL → Deadline: -
[2026-07-04 18:03:10]      • [Quiz] Kuis M2 [KELAS PAGI] : Graf Tidak Berarah dan Graf Berbobot → Deadline: Tidak diketahui
[2026-07-04 18:03:15]      • [Quiz] Kuis M2 [KELAS MALAM] : Graf Tidak Berarah dan Graf Berbobot → Deadline: Tidak diketahui
[2026-07-04 18:03:19]      • [Materi] M4 : Aplikasi Teori Graf di Teknik Elektro File → Deadline: -
[2026-07-04 18:03:23]      • [Materi] Video Literasi M4 : Aplikasi Teori Graf di Teknik Elektro URL → Deadline: -
[2026-07-04 18:03:28]      • [Quiz] Kuis M4 [KELAS PAGI]: Aplikasi Teori Graf di Teknik Elektro → Deadline: Tidak diketahui
[2026-07-04 18:03:32]      • [Quiz] Kuis M4 [KELAS MALAM]: Aplikasi Teori Graf di Teknik Elektro → Deadline: Tidak diketahui
[2026-07-04 18:03:36]      • [Materi] M5 : Knowledge Graph dan Database Graph File → Deadline: -
[2026-07-04 18:03:39]      • [Materi] Video Literasi  M5 : Knowledge Graph dan Database Graph URL → Deadline: -
[2026-07-04 18:03:44]      • [Quiz] Kuis M5 [KELAS PAGI] : nowledge Graph dan Database Graph → Deadline: Tidak diketahui
[2026-07-04 18:03:49]      • [Quiz] Kuis M5 [KELAS MALAM] : Knowledge Graph dan Database Graph → Deadline: Tidak diketahui
[2026-07-04 18:03:53]      • [Materi] M6 : Graf Berarah dan Implementasinya File → Deadline: -
[2026-07-04 18:03:57]      • [Materi] Video Literasi M6 : Graf Berarah dan Implementasinya URL → Deadline: -
[2026-07-04 18:04:01]      • [Quiz] Kuis M6 [KELAS PAGI] : Graf Berarah dan Implementasinya → Deadline: Tidak diketahui
[2026-07-04 18:04:06]      • [Quiz] Kuis M6 [KELAS MALAM] : Graf Berarah dan Implementasinya → Deadline: Tidak diketahui
[2026-07-04 18:04:10]      • [Materi] M8 : Penerapan Teori Graf di Bidang Teknik Sipil File → Deadline: -
[2026-07-04 18:04:13]      • [Materi] Video Literasi M8 : Penerapan Teori Graf di Bidang Teknik Sipil URL → Deadline: -
[2026-07-04 18:04:18]      • [Quiz] Kuis M8 [KELAS PAGI] : Penerapan Teori Graf di Bidang Teknik Sipil → Deadline: Tidak diketahui
[2026-07-04 18:04:23]      • [Quiz] Kuis M8 [KELAS MALAM] : Penerapan Teori Graf di Bidang Teknik Sipil → Deadline: Tidak diketahui
[2026-07-04 18:04:27]      • [Materi] M10 : Penerapan Teori Graf  di Bidang Teknik Industri File → Deadline: -
[2026-07-04 18:04:32]      • [Materi] Video Literasi M10 : Penerapan Teori Graf  di Bidang Teknik Industri URL → Deadline: -
[2026-07-04 18:04:36]      • [Quiz] Kuis M10 [kelas pagi] : Penerapan Teori Graf  di Bidang Teknik Industri → Deadline: Tidak diketahui
[2026-07-04 18:04:40]      • [Quiz] Kuis M10 [kelas malam]: Penerapan Teori Graf  di Bidang Teknik Industri → Deadline: Tidak diketahui
[2026-07-04 18:04:44]      • [Materi] M11 : Program Dinamis dan Permasalahan Tata Letak Fasilitas File → Deadline: -
[2026-07-04 18:04:49]      • [Materi] video literasi : Program Dinamis dan Permasalahan Tata Letak Fasilitas URL → Deadline: -
[2026-07-04 18:04:54]      • [Quiz] Kuis M11 [kelas PAGI]: Program Dinamis dan Permasalahan Tata Letak Fasilitas → Deadline: Tidak diketahui
[2026-07-04 18:04:58]      • [Quiz] Kuis M11 [kelas MALAM]: Program Dinamis dan Permasalahan Tata Letak Fasilitas → Deadline: Tidak diketahui
[2026-07-04 18:05:02]      • [Materi] M12: Algoritma Greedy pada Graf File → Deadline: -
[2026-07-04 18:05:06]      • [Materi] Video literasi M12: Algoritma Greedy pada Graf URL → Deadline: -
[2026-07-04 18:05:10]      • [Quiz] Kuis M12 [kelas PAGI] → Deadline: Tidak diketahui
[2026-07-04 18:05:14]      • [Quiz] Kuis M12 [kelas MALAM] → Deadline: Tidak diketahui
[2026-07-04 18:05:18] 📚 Mengambil mata kuliah ID 104413 ...
[2026-07-04 18:05:18]   ➤ ATA 2025/2026 | 3-FIKTI | Praktikum Terapan Teori Graf
[2026-07-04 18:05:18]      • [Materi] Panduan Praktikum  Forum → Deadline: -
[2026-07-04 18:05:23]      • [Materi] Panduan Google Collaboratory URL → Deadline: -
[2026-07-04 18:05:27]      • [Materi] Panduan Instalasi Anaconda URL → Deadline: -
[2026-07-04 18:05:32]      • [Quiz] Pre-Test (M1) → Deadline: Tidak diketahui
[2026-07-04 18:05:36]      • [Materi] 1.1  Pengantar: Teori Graf URL → Deadline: -
[2026-07-04 18:05:39]      • [Materi] 1.2  Sesi Hands-on Praktikum URL → Deadline: -
[2026-07-04 18:05:44]      • [Materi] 1.3 Tutorial Menambahkan File pada Mesin DGX URL → Deadline: -
[2026-07-04 18:05:48]      • [Quiz] Post-Test (M1) → Deadline: Tidak diketahui
[2026-07-04 18:05:52]      • [Assignment] Pengumpulan Tugas (M1) → Deadline: Saturday, 7 March 2026, 11:59 PM
[2026-07-04 18:05:57]      • [Quiz] Pre-Test (M2) → Deadline: Tidak diketahui
[2026-07-04 18:06:00]      • [Materi] 2.1  Pengantar: Berbagai Pemecahan Masalah Menggunakan Teori Graf Page → Deadline: -
[2026-07-04 18:06:05]      • [Quiz] Post-Test (M2) → Deadline: Tidak diketahui
[2026-07-04 18:06:10]      • [Assignment] Pengumpulan Tugas (M2) → Deadline: Saturday, 14 March 2026, 11:59 PM
[2026-07-04 18:06:14]      • [Quiz] Pre-Test (M4) → Deadline: Tidak diketahui
[2026-07-04 18:06:18]      • [Materi] 4.1  Pengantar: Breadth First Search URL → Deadline: -
[2026-07-04 18:06:22]      • [Materi] Sesi Praktikum File → Deadline: -
[2026-07-04 18:06:26]      • [Materi] Video Tutorial: Mendownload File IPYNB di Virtual Class URL → Deadline: -
[2026-07-04 18:06:30]      • [Quiz] Post-Test (M4) → Deadline: Tidak diketahui
[2026-07-04 18:06:35]      • [Assignment] Laporan Akhir (M4) → Deadline: Saturday, 11 April 2026, 11:59 PM
[2026-07-04 18:06:39]      • [Quiz] Pre-Test (M5) → Deadline: Tidak diketahui
[2026-07-04 18:06:44]      • [Materi] Sesi Praktikum URL → Deadline: -
[2026-07-04 18:06:48]      • [Quiz] Post-Test (M5) → Deadline: Tidak diketahui
[2026-07-04 18:06:53]      • [Assignment] Laporan Akhir (M5) → Deadline: Saturday, 18 April 2026, 11:59 PM
[2026-07-04 18:06:58]      • [Quiz] Pre-Test (M6) → Deadline: Tidak diketahui
[2026-07-04 18:07:02]      • [Materi] 6.1  Pendahuluan: Algoritma Dasar Tree URL → Deadline: -
[2026-07-04 18:07:06]      • [Materi] Sesi Praktikum File → Deadline: -
[2026-07-04 18:07:11]      • [Quiz] Post-Test (M6) → Deadline: Tidak diketahui
[2026-07-04 18:07:15]      • [Assignment] Laporan Akhir (M6) → Deadline: Saturday, 25 April 2026, 11:59 PM
[2026-07-04 18:07:19]      • [Quiz] Pre-Test (M8) → Deadline: Tidak diketahui
[2026-07-04 18:07:23]      • [Materi] 8.1  Pendahuluan: Implementasi Graph URL → Deadline: -
[2026-07-04 18:07:28]      • [Materi] Link File Praktikum I - family.pl → Deadline: -
[2026-07-04 18:07:32]      • [Materi] Link File Praktikum II - 8-puzzles.ipynb → Deadline: -
[2026-07-04 18:07:36]      • [Materi] Video Tutorial: Mendownload File IPYNB di Virtual Class URL → Deadline: -
[2026-07-04 18:07:41]      • [Quiz] Post-Test (M8) → Deadline: Tidak diketahui
[2026-07-04 18:07:45]      • [Assignment] Laporan Akhir (M8) → Deadline: Saturday, 9 May 2026, 11:59 PM
[2026-07-04 18:07:50]      • [Quiz] Pre-Test (M9) → Deadline: Tidak diketahui
[2026-07-04 18:07:54]      • [Materi] Sesi Hands-on Praktikum URL → Deadline: -
[2026-07-04 18:07:59]      • [Quiz] Post-Test (M9) → Deadline: Tidak diketahui
[2026-07-04 18:08:04]      • [Assignment] Pengumpulan Tugas (M9) → Deadline: Saturday, 16 May 2026, 11:59 PM
[2026-07-04 18:08:08]      • [Quiz] Pre-Test (M3) → Deadline: Tidak diketahui
[2026-07-04 18:08:13]      • [Materi] Sesi Praktikum URL → Deadline: -
[2026-07-04 18:08:16]      • [Materi] Video Tutorial: Menambahkan File pada Mesin DGX URL → Deadline: -
[2026-07-04 18:08:21]      • [Quiz] Post-Test (M3) → Deadline: Tidak diketahui
[2026-07-04 18:08:26]      • [Assignment] Pengumpulan Tugas (M3) → Deadline: Saturday, 23 May 2026, 11:59 PM
[2026-07-04 18:08:30]      • [Quiz] Pre-Test (M7) → Deadline: Tidak diketahui
[2026-07-04 18:08:33]      • [Materi] Link File Praktikum I - 3-Tekrek-Find-Center.ipynb → Deadline: -
[2026-07-04 18:08:38]      • [Materi] Link File Praktikum II - 3-Tekrek-Sortest-Path.ipynb → Deadline: -
[2026-07-04 18:08:43]      • [Materi] Video Tutorial: Mendownload File IPYNB di Virtual Class URL → Deadline: -
[2026-07-04 18:08:47]      • [Quiz] Post-Test (M7) → Deadline: Tidak diketahui
[2026-07-04 18:08:52]      • [Assignment] Laporan Akhir (M7) → Deadline: Saturday, 23 May 2026, 11:59 PM
[2026-07-04 18:08:56] 📦 Total tugas ditemukan: 116
[2026-07-04 18:08:56] 💾 Disimpan ke python/node/tugas.json
