[2026-08-07 09:45:10] 🔐 Login ke V-Class...
[2026-08-07 09:45:11] ✅ Login berhasil
[2026-08-07 09:45:11] 📚 Mengambil mata kuliah ID 108486 ...
[2026-08-07 09:45:11]   ➤ ATA 2025/2026 | 3KB01 | Jaringan Komputer Lanjut | VIVIEN NOVA FITHRIANA
[2026-08-07 09:45:11]      • [Materi] Announcements Forum → Deadline: -
[2026-08-07 09:45:15]      • [Materi] M1 File → Deadline: -
[2026-08-07 09:45:19]      • [Materi] M2 File → Deadline: -
[2026-08-07 09:45:22]      • [Materi] M3 File → Deadline: -
[2026-08-07 09:45:26]      • [Materi] M4 File → Deadline: -
[2026-08-07 09:45:30]      • [Materi] M5 File → Deadline: -
[2026-08-07 09:45:34]      • [Materi] M6 File → Deadline: -
[2026-08-07 09:45:37]      • [Materi] M7 File → Deadline: -
[2026-08-07 09:45:42]      • [Materi] VC-1 : Traffic dan Algoritma Kendali Kemacetan File → Deadline: -
[2026-08-07 09:45:47]      • [Materi] VC-1 : Traffic dan Algoritma Kendali Kemacetan File → Deadline: -
[2026-08-07 09:45:50]      • [Materi] Forum VC-1 : Traffic dan Algoritma Kendali Kemacetan → Deadline: -
[2026-08-07 09:46:05]      • [Quiz] Latihan Soal VC-1 : Traffic dan Algoritma Kendali Kemacetan → Deadline: Tidak diketahui
[2026-08-07 09:46:09]      • [Materi] VC-2 : Traffic dan Algoritma Kendali Kemacetan - Bagian 2 File → Deadline: -
[2026-08-07 09:46:14]      • [Materi] Forum VC-2 : Traffic dan Algoritma Kendali Kemacetan - Bagian 2 → Deadline: -
[2026-08-07 09:46:18]      • [Quiz] Latihan Soal VC-2 : Traffic dan Algoritma Kendali Kemacetan - Bagian 2 → Deadline: Tidak diketahui
[2026-08-07 09:46:23]      • [Materi] VC-3 : Lapisan Transport File → Deadline: -
[2026-08-07 09:46:27]      • [Materi] Forum VC-3 : Lapisan Transport → Deadline: -
[2026-08-07 09:46:31]      • [Quiz] Latihan Soal VC-3 : Lapisan Transport → Deadline: Tidak diketahui
[2026-08-07 09:46:35] 📚 Mengambil mata kuliah ID 108172 ...
[2026-08-07 09:46:36]   ➤ ATA 2025/2026 | 3KB01 | Internet of Things (IoT) | PURNAWARMAN MUSA
[2026-08-07 09:46:36]      • [Materi] Announcements Forum → Deadline: -
[2026-08-07 09:46:39]      • [Materi] M6 File → Deadline: -
[2026-08-07 09:46:43]      • [Quiz] Soal (Tugas Individu) → Deadline: Tidak diketahui
[2026-08-07 09:46:47]      • [Quiz] Soal (Tugas Individu) → Deadline: Tidak diketahui
[2026-08-07 09:46:51] 📚 Mengambil mata kuliah ID 109563 ...
[2026-08-07 09:46:51]   ➤ ATA 2025/2026 | 3KB01 | Sistem Tertanam (Embedded) * | RIDHA ISKANDAR
[2026-08-07 09:46:51]      • [Materi] Selamat Datang di V-Class Sistem Tertanam (Embedded) Forum → Deadline: -
[2026-08-07 09:46:56]      • [Assignment] File 1 → Deadline: Sunday, 26 April 2026, 12:00 AM
[2026-08-07 09:47:00] 📚 Mengambil mata kuliah ID 109970 ...
[2026-08-07 09:47:00]   ➤ ATA 2025/2026 | 2EB10 | Bahasa Indonesia | MELANIAWATI
[2026-08-07 09:47:00] 📚 Mengambil mata kuliah ID 107919 ...
[2026-08-07 09:47:00]   ➤ ATA 2025/2026 | 3KB01 | Sistem Cerdas Lanjut | NUR SULTAN SALAHUDDIN
[2026-08-07 09:47:00]      • [Materi] Announcements Forum → Deadline: -
[2026-08-07 09:47:05]      • [Assignment] Sistem Kesehatan Cerdas → Deadline: Thursday, 21 May 2026, 12:00 AM
[2026-08-07 09:47:09]      • [Quiz] Sistem Kesehatan Cerdas → Deadline: Tidak diketahui
[2026-08-07 09:47:13]      • [Assignment] Sistem Industri Cerdas → Deadline: Monday, 20 July 2026, 12:00 AM
[2026-08-07 09:47:18]      • [Quiz] Sistem Industri Cerdas → Deadline: Tidak diketahui
[2026-08-07 09:47:23] 📚 Mengambil mata kuliah ID 107291 ...
[2026-08-07 09:47:23]   ➤ ATA 2025/2026 | 3KB01 | Pengantarmukaan Perif.Komputer * | FARID THALIB
[2026-08-07 09:47:23]      • [Materi] Announcements Forum → Deadline: -
[2026-08-07 09:47:28] 📚 Mengambil mata kuliah ID 104438 ...
[2026-08-07 09:47:28]   ➤ ATA 2025/2026 | 3-FIKTI | Terapan Teori Graf | TEAM TEACHING
[2026-08-07 09:47:28]      • [Materi] PEMBERITAHUAN UTS SUSULAN File → Deadline: -
[2026-08-07 09:47:32]      • [Materi] PEMBERITAHUAN PELAKSANAAN TEAM TEACHING TERAPAN TEORI GRAF Forum → Deadline: -
[2026-08-07 09:47:36]      • [Materi] M1: Pendahuluan Teori Graf File → Deadline: -
[2026-08-07 09:47:40]      • [Materi] Video Literasi M1: Pendahuluan Teori Graf URL → Deadline: -
[2026-08-07 09:47:45]      • [Quiz] Kuis M1 [kelas PAGI] → Deadline: Tidak diketahui
[2026-08-07 09:47:50]      • [Quiz] Kuis M1 [kelas MALAM] → Deadline: Tidak diketahui
[2026-08-07 09:47:53]      • [Materi] M2: Graf Tidak Berarah dan Graf Berbobot File → Deadline: -
[2026-08-07 09:47:57]      • [Materi] Video Literasi M2 : Graf Tidak Berarah dan Graf Berbobot URL → Deadline: -
[2026-08-07 09:48:02]      • [Quiz] Kuis M2 [KELAS PAGI] : Graf Tidak Berarah dan Graf Berbobot → Deadline: Tidak diketahui
[2026-08-07 09:48:06]      • [Quiz] Kuis M2 [KELAS MALAM] : Graf Tidak Berarah dan Graf Berbobot → Deadline: Tidak diketahui
[2026-08-07 09:48:10]      • [Materi] M4 : Aplikasi Teori Graf di Teknik Elektro File → Deadline: -
[2026-08-07 09:48:15]      • [Materi] Video Literasi M4 : Aplikasi Teori Graf di Teknik Elektro URL → Deadline: -
[2026-08-07 09:48:19]      • [Quiz] Kuis M4 [KELAS PAGI]: Aplikasi Teori Graf di Teknik Elektro → Deadline: Tidak diketahui
[2026-08-07 09:48:23]      • [Quiz] Kuis M4 [KELAS MALAM]: Aplikasi Teori Graf di Teknik Elektro → Deadline: Tidak diketahui
[2026-08-07 09:48:28]      • [Materi] M5 : Knowledge Graph dan Database Graph File → Deadline: -
[2026-08-07 09:48:32]      • [Materi] Video Literasi  M5 : Knowledge Graph dan Database Graph URL → Deadline: -
[2026-08-07 09:48:37]      • [Quiz] Kuis M5 [KELAS PAGI] : nowledge Graph dan Database Graph → Deadline: Tidak diketahui
[2026-08-07 09:48:41]      • [Quiz] Kuis M5 [KELAS MALAM] : Knowledge Graph dan Database Graph → Deadline: Tidak diketahui
[2026-08-07 09:48:45]      • [Materi] M6 : Graf Berarah dan Implementasinya File → Deadline: -
[2026-08-07 09:48:48]      • [Materi] Video Literasi M6 : Graf Berarah dan Implementasinya URL → Deadline: -
[2026-08-07 09:48:52]      • [Quiz] Kuis M6 [KELAS PAGI] : Graf Berarah dan Implementasinya → Deadline: Tidak diketahui
[2026-08-07 09:48:57]      • [Quiz] Kuis M6 [KELAS MALAM] : Graf Berarah dan Implementasinya → Deadline: Tidak diketahui
[2026-08-07 09:49:01]      • [Materi] M8 : Penerapan Teori Graf di Bidang Teknik Sipil File → Deadline: -
[2026-08-07 09:49:05]      • [Materi] Video Literasi M8 : Penerapan Teori Graf di Bidang Teknik Sipil URL → Deadline: -
[2026-08-07 09:49:10]      • [Quiz] Kuis M8 [KELAS PAGI] : Penerapan Teori Graf di Bidang Teknik Sipil → Deadline: Tidak diketahui
[2026-08-07 09:49:15]      • [Quiz] Kuis M8 [KELAS MALAM] : Penerapan Teori Graf di Bidang Teknik Sipil → Deadline: Tidak diketahui
[2026-08-07 09:49:20]      • [Materi] M10 : Penerapan Teori Graf  di Bidang Teknik Industri File → Deadline: -
[2026-08-07 09:49:24]      • [Materi] Video Literasi M10 : Penerapan Teori Graf  di Bidang Teknik Industri URL → Deadline: -
[2026-08-07 09:49:28]      • [Quiz] Kuis M10 [kelas pagi] : Penerapan Teori Graf  di Bidang Teknik Industri → Deadline: Tidak diketahui
[2026-08-07 09:49:32]      • [Quiz] Kuis M10 [kelas malam]: Penerapan Teori Graf  di Bidang Teknik Industri → Deadline: Tidak diketahui
[2026-08-07 09:49:36]      • [Materi] M11 : Program Dinamis dan Permasalahan Tata Letak Fasilitas File → Deadline: -
[2026-08-07 09:49:41]      • [Materi] video literasi : Program Dinamis dan Permasalahan Tata Letak Fasilitas URL → Deadline: -
[2026-08-07 09:49:44]      • [Quiz] Kuis M11 [kelas PAGI]: Program Dinamis dan Permasalahan Tata Letak Fasilitas → Deadline: Tidak diketahui
[2026-08-07 09:49:48]      • [Quiz] Kuis M11 [kelas MALAM]: Program Dinamis dan Permasalahan Tata Letak Fasilitas → Deadline: Tidak diketahui
[2026-08-07 09:49:52]      • [Materi] M12: Algoritma Greedy pada Graf File → Deadline: -
[2026-08-07 09:49:57]      • [Materi] Video literasi M12: Algoritma Greedy pada Graf URL → Deadline: -
[2026-08-07 09:50:01]      • [Quiz] Kuis M12 [kelas PAGI] → Deadline: Tidak diketahui
[2026-08-07 09:50:06]      • [Quiz] Kuis M12 [kelas MALAM] → Deadline: Tidak diketahui
[2026-08-07 09:50:10]      • [Materi] M13 File → Deadline: -
[2026-08-07 09:50:15]      • [Materi] Video Literasi M13 : Graph Theory Implementation in Oil Mining Company URL → Deadline: -
[2026-08-07 09:50:35]      • [Quiz] Kuis M13 [PAGI]: Graph Theory Implementation in Oil Mining Company → Deadline: Tidak diketahui
[2026-08-07 09:50:39]      • [Quiz] Kuis M13 [MALAM]: Graph Theory Implementation in Oil Mining Company → Deadline: Tidak diketahui
[2026-08-07 09:50:43]      • [Materi] M14 : Aplikasi Graf Lengkap sebagai Graf Representasi untuk Model Optimasi Rute Kendaraan File → Deadline: -
[2026-08-07 09:50:48]      • [Materi] Video Literasi : Aplikasi Graf Lengkap sebagai Graf Representasi untuk Model Optimasi Rute Kendaraan URL → Deadline: -
[2026-08-07 09:50:52]      • [Quiz] Kuis M14 [PAGI]: Aplikasi Graf Lengkap sebagai Graf Representasi untuk Model Optimasi Rute Kendaraan → Deadline: Tidak diketahui
[2026-08-07 09:50:57]      • [Quiz] Kuis M14 [MALAM]: Aplikasi Graf Lengkap sebagai Graf Representasi untuk Model Optimasi Rute Kendaraan → Deadline: Tidak diketahui
[2026-08-07 09:51:00] 📚 Mengambil mata kuliah ID 104413 ...
[2026-08-07 09:51:01]   ➤ ATA 2025/2026 | 3-FIKTI | Praktikum Terapan Teori Graf
[2026-08-07 09:51:01]      • [Materi] Panduan Praktikum  Forum → Deadline: -
[2026-08-07 09:51:04]      • [Materi] Panduan Google Collaboratory URL → Deadline: -
[2026-08-07 09:51:08]      • [Materi] Panduan Instalasi Anaconda URL → Deadline: -
[2026-08-07 09:51:12]      • [Quiz] Pre-Test (M1) → Deadline: Tidak diketahui
[2026-08-07 09:51:17]      • [Materi] 1.1  Pengantar: Teori Graf URL → Deadline: -
[2026-08-07 09:51:21]      • [Materi] 1.2  Sesi Hands-on Praktikum URL → Deadline: -
[2026-08-07 09:51:25]      • [Materi] 1.3 Tutorial Menambahkan File pada Mesin DGX URL → Deadline: -
[2026-08-07 09:51:34]      • [Quiz] Post-Test (M1) → Deadline: Tidak diketahui
[2026-08-07 09:51:38]      • [Assignment] Pengumpulan Tugas (M1) → Deadline: Saturday, 7 March 2026, 11:59 PM
[2026-08-07 09:51:42]      • [Quiz] Pre-Test (M2) → Deadline: Tidak diketahui
[2026-08-07 09:51:47]      • [Materi] 2.1  Pengantar: Berbagai Pemecahan Masalah Menggunakan Teori Graf Page → Deadline: -
[2026-08-07 09:51:51]      • [Quiz] Post-Test (M2) → Deadline: Tidak diketahui
[2026-08-07 09:51:56]      • [Assignment] Pengumpulan Tugas (M2) → Deadline: Saturday, 14 March 2026, 11:59 PM
[2026-08-07 09:52:00]      • [Quiz] Pre-Test (M4) → Deadline: Tidak diketahui
[2026-08-07 09:52:04]      • [Materi] 4.1  Pengantar: Breadth First Search URL → Deadline: -
[2026-08-07 09:52:08]      • [Materi] Sesi Praktikum File → Deadline: -
[2026-08-07 09:52:12]      • [Materi] Video Tutorial: Mendownload File IPYNB di Virtual Class URL → Deadline: -
[2026-08-07 09:52:22]      • [Quiz] Post-Test (M4) → Deadline: Tidak diketahui
[2026-08-07 09:52:27]      • [Assignment] Laporan Akhir (M4) → Deadline: Saturday, 11 April 2026, 11:59 PM
[2026-08-07 09:52:31]      • [Quiz] Pre-Test (M5) → Deadline: Tidak diketahui
[2026-08-07 09:52:35]      • [Materi] Sesi Praktikum URL → Deadline: -
[2026-08-07 09:52:39]      • [Quiz] Post-Test (M5) → Deadline: Tidak diketahui
[2026-08-07 09:52:44]      • [Assignment] Laporan Akhir (M5) → Deadline: Saturday, 18 April 2026, 11:59 PM
[2026-08-07 09:52:48]      • [Quiz] Pre-Test (M6) → Deadline: Tidak diketahui
[2026-08-07 09:52:53]      • [Materi] 6.1  Pendahuluan: Algoritma Dasar Tree URL → Deadline: -
[2026-08-07 09:52:58]      • [Materi] Sesi Praktikum File → Deadline: -
[2026-08-07 09:53:07]      • [Quiz] Post-Test (M6) → Deadline: Tidak diketahui
[2026-08-07 09:53:11]      • [Assignment] Laporan Akhir (M6) → Deadline: Saturday, 25 April 2026, 11:59 PM
[2026-08-07 09:53:16]      • [Quiz] Pre-Test (M8) → Deadline: Tidak diketahui
[2026-08-07 09:53:20]      • [Materi] 8.1  Pendahuluan: Implementasi Graph URL → Deadline: -
[2026-08-07 09:53:23]      • [Materi] Link File Praktikum I - family.pl → Deadline: -
[2026-08-07 09:53:28]      • [Materi] Link File Praktikum II - 8-puzzles.ipynb → Deadline: -
[2026-08-07 09:53:32]      • [Materi] Video Tutorial: Mendownload File IPYNB di Virtual Class URL → Deadline: -
[2026-08-07 09:53:47]      • [Quiz] Post-Test (M8) → Deadline: Tidak diketahui
[2026-08-07 09:53:52]      • [Assignment] Laporan Akhir (M8) → Deadline: Saturday, 9 May 2026, 11:59 PM
[2026-08-07 09:53:56]      • [Quiz] Pre-Test (M9) → Deadline: Tidak diketahui
[2026-08-07 09:54:00]      • [Materi] Sesi Hands-on Praktikum URL → Deadline: -
[2026-08-07 09:54:05]      • [Quiz] Post-Test (M9) → Deadline: Tidak diketahui
[2026-08-07 09:54:10]      • [Assignment] Pengumpulan Tugas (M9) → Deadline: Saturday, 16 May 2026, 11:59 PM
[2026-08-07 09:54:15]      • [Quiz] Pre-Test (M3) → Deadline: Tidak diketahui
[2026-08-07 09:54:19]      • [Materi] Sesi Praktikum URL → Deadline: -
[2026-08-07 09:54:24]      • [Materi] Video Tutorial: Menambahkan File pada Mesin DGX URL → Deadline: -
[2026-08-07 09:54:27]      • [Quiz] Post-Test (M3) → Deadline: Tidak diketahui
[2026-08-07 09:54:32]      • [Assignment] Pengumpulan Tugas (M3) → Deadline: Saturday, 23 May 2026, 11:59 PM
[2026-08-07 09:54:37]      • [Quiz] Pre-Test (M7) → Deadline: Tidak diketahui
[2026-08-07 09:54:42]      • [Materi] Link File Praktikum I - 3-Tekrek-Find-Center.ipynb → Deadline: -
[2026-08-07 09:54:46]      • [Materi] Link File Praktikum II - 3-Tekrek-Sortest-Path.ipynb → Deadline: -
[2026-08-07 09:54:51]      • [Materi] Video Tutorial: Mendownload File IPYNB di Virtual Class URL → Deadline: -
[2026-08-07 09:54:54]      • [Quiz] Post-Test (M7) → Deadline: Tidak diketahui
[2026-08-07 09:54:58]      • [Assignment] Laporan Akhir (M7) → Deadline: Saturday, 23 May 2026, 11:59 PM
[2026-08-07 09:55:03] 📦 Total tugas ditemukan: 126
[2026-08-07 09:55:03] 💾 Disimpan ke python/node/tugas.json
[2026-08-07 18:00:03] 🔐 Login ke V-Class...
[2026-08-07 18:00:04] ✅ Login berhasil
[2026-08-07 18:00:04] 📚 Mengambil mata kuliah ID 108486 ...
[2026-08-07 18:00:04]   ➤ ATA 2025/2026 | 3KB01 | Jaringan Komputer Lanjut | VIVIEN NOVA FITHRIANA
[2026-08-07 18:00:04]      • [Materi] Announcements Forum → Deadline: -
[2026-08-07 18:00:08]      • [Materi] M1 File → Deadline: -
[2026-08-07 18:00:13]      • [Materi] M2 File → Deadline: -
[2026-08-07 18:00:18]      • [Materi] M3 File → Deadline: -
[2026-08-07 18:00:22]      • [Materi] M4 File → Deadline: -
[2026-08-07 18:00:26]      • [Materi] M5 File → Deadline: -
[2026-08-07 18:00:30]      • [Materi] M6 File → Deadline: -
[2026-08-07 18:00:35]      • [Materi] M7 File → Deadline: -
[2026-08-07 18:00:39]      • [Materi] VC-1 : Traffic dan Algoritma Kendali Kemacetan File → Deadline: -
[2026-08-07 18:00:43]      • [Materi] VC-1 : Traffic dan Algoritma Kendali Kemacetan File → Deadline: -
[2026-08-07 18:00:47]      • [Materi] Forum VC-1 : Traffic dan Algoritma Kendali Kemacetan → Deadline: -
[2026-08-07 18:00:51]      • [Quiz] Latihan Soal VC-1 : Traffic dan Algoritma Kendali Kemacetan → Deadline: Tidak diketahui
[2026-08-07 18:00:56]      • [Materi] VC-2 : Traffic dan Algoritma Kendali Kemacetan - Bagian 2 File → Deadline: -
[2026-08-07 18:01:00]      • [Materi] Forum VC-2 : Traffic dan Algoritma Kendali Kemacetan - Bagian 2 → Deadline: -
[2026-08-07 18:01:04]      • [Quiz] Latihan Soal VC-2 : Traffic dan Algoritma Kendali Kemacetan - Bagian 2 → Deadline: Tidak diketahui
[2026-08-07 18:01:08]      • [Materi] VC-3 : Lapisan Transport File → Deadline: -
[2026-08-07 18:01:12]      • [Materi] Forum VC-3 : Lapisan Transport → Deadline: -
[2026-08-07 18:01:16]      • [Quiz] Latihan Soal VC-3 : Lapisan Transport → Deadline: Tidak diketahui
[2026-08-07 18:01:21] 📚 Mengambil mata kuliah ID 108172 ...
[2026-08-07 18:01:21]   ➤ ATA 2025/2026 | 3KB01 | Internet of Things (IoT) | PURNAWARMAN MUSA
[2026-08-07 18:01:21]      • [Materi] Announcements Forum → Deadline: -
[2026-08-07 18:01:26]      • [Materi] M6 File → Deadline: -
[2026-08-07 18:01:30]      • [Quiz] Soal (Tugas Individu) → Deadline: Tidak diketahui
[2026-08-07 18:01:34]      • [Quiz] Soal (Tugas Individu) → Deadline: Tidak diketahui
[2026-08-07 18:01:39] 📚 Mengambil mata kuliah ID 109563 ...
[2026-08-07 18:01:39]   ➤ ATA 2025/2026 | 3KB01 | Sistem Tertanam (Embedded) * | RIDHA ISKANDAR
[2026-08-07 18:01:39]      • [Materi] Selamat Datang di V-Class Sistem Tertanam (Embedded) Forum → Deadline: -
[2026-08-07 18:01:43]      • [Assignment] File 1 → Deadline: Sunday, 26 April 2026, 12:00 AM
[2026-08-07 18:01:47] 📚 Mengambil mata kuliah ID 109970 ...
[2026-08-07 18:01:47]   ➤ ATA 2025/2026 | 2EB10 | Bahasa Indonesia | MELANIAWATI
[2026-08-07 18:01:47] 📚 Mengambil mata kuliah ID 107919 ...
[2026-08-07 18:01:47]   ➤ ATA 2025/2026 | 3KB01 | Sistem Cerdas Lanjut | NUR SULTAN SALAHUDDIN
[2026-08-07 18:01:47]      • [Materi] Announcements Forum → Deadline: -
[2026-08-07 18:01:52]      • [Assignment] Sistem Kesehatan Cerdas → Deadline: Thursday, 21 May 2026, 12:00 AM
[2026-08-07 18:01:56]      • [Quiz] Sistem Kesehatan Cerdas → Deadline: Tidak diketahui
[2026-08-07 18:02:01]      • [Assignment] Sistem Industri Cerdas → Deadline: Monday, 20 July 2026, 12:00 AM
[2026-08-07 18:02:05]      • [Quiz] Sistem Industri Cerdas → Deadline: Tidak diketahui
[2026-08-07 18:02:09] 📚 Mengambil mata kuliah ID 107291 ...
[2026-08-07 18:02:09]   ➤ ATA 2025/2026 | 3KB01 | Pengantarmukaan Perif.Komputer * | FARID THALIB
[2026-08-07 18:02:09]      • [Materi] Announcements Forum → Deadline: -
[2026-08-07 18:02:14] 📚 Mengambil mata kuliah ID 104438 ...
[2026-08-07 18:02:14]   ➤ ATA 2025/2026 | 3-FIKTI | Terapan Teori Graf | TEAM TEACHING
[2026-08-07 18:02:14]      • [Materi] PEMBERITAHUAN UTS SUSULAN File → Deadline: -
[2026-08-07 18:02:19]      • [Materi] PEMBERITAHUAN PELAKSANAAN TEAM TEACHING TERAPAN TEORI GRAF Forum → Deadline: -
[2026-08-07 18:02:23]      • [Materi] M1: Pendahuluan Teori Graf File → Deadline: -
[2026-08-07 18:02:27]      • [Materi] Video Literasi M1: Pendahuluan Teori Graf URL → Deadline: -
[2026-08-07 18:02:30]      • [Quiz] Kuis M1 [kelas PAGI] → Deadline: Tidak diketahui
[2026-08-07 18:02:34]      • [Quiz] Kuis M1 [kelas MALAM] → Deadline: Tidak diketahui
[2026-08-07 18:02:39]      • [Materi] M2: Graf Tidak Berarah dan Graf Berbobot File → Deadline: -
[2026-08-07 18:02:44]      • [Materi] Video Literasi M2 : Graf Tidak Berarah dan Graf Berbobot URL → Deadline: -
[2026-08-07 18:02:48]      • [Quiz] Kuis M2 [KELAS PAGI] : Graf Tidak Berarah dan Graf Berbobot → Deadline: Tidak diketahui
[2026-08-07 18:02:53]      • [Quiz] Kuis M2 [KELAS MALAM] : Graf Tidak Berarah dan Graf Berbobot → Deadline: Tidak diketahui
[2026-08-07 18:02:57]      • [Materi] M4 : Aplikasi Teori Graf di Teknik Elektro File → Deadline: -
[2026-08-07 18:03:02]      • [Materi] Video Literasi M4 : Aplikasi Teori Graf di Teknik Elektro URL → Deadline: -
[2026-08-07 18:03:07]      • [Quiz] Kuis M4 [KELAS PAGI]: Aplikasi Teori Graf di Teknik Elektro → Deadline: Tidak diketahui
[2026-08-07 18:03:11]      • [Quiz] Kuis M4 [KELAS MALAM]: Aplikasi Teori Graf di Teknik Elektro → Deadline: Tidak diketahui
[2026-08-07 18:03:15]      • [Materi] M5 : Knowledge Graph dan Database Graph File → Deadline: -
[2026-08-07 18:03:20]      • [Materi] Video Literasi  M5 : Knowledge Graph dan Database Graph URL → Deadline: -
[2026-08-07 18:03:24]      • [Quiz] Kuis M5 [KELAS PAGI] : nowledge Graph dan Database Graph → Deadline: Tidak diketahui
[2026-08-07 18:03:29]      • [Quiz] Kuis M5 [KELAS MALAM] : Knowledge Graph dan Database Graph → Deadline: Tidak diketahui
[2026-08-07 18:03:33]      • [Materi] M6 : Graf Berarah dan Implementasinya File → Deadline: -
[2026-08-07 18:03:37]      • [Materi] Video Literasi M6 : Graf Berarah dan Implementasinya URL → Deadline: -
[2026-08-07 18:03:41]      • [Quiz] Kuis M6 [KELAS PAGI] : Graf Berarah dan Implementasinya → Deadline: Tidak diketahui
[2026-08-07 18:03:45]      • [Quiz] Kuis M6 [KELAS MALAM] : Graf Berarah dan Implementasinya → Deadline: Tidak diketahui
[2026-08-07 18:03:50]      • [Materi] M8 : Penerapan Teori Graf di Bidang Teknik Sipil File → Deadline: -
[2026-08-07 18:03:54]      • [Materi] Video Literasi M8 : Penerapan Teori Graf di Bidang Teknik Sipil URL → Deadline: -
[2026-08-07 18:03:59]      • [Quiz] Kuis M8 [KELAS PAGI] : Penerapan Teori Graf di Bidang Teknik Sipil → Deadline: Tidak diketahui
[2026-08-07 18:04:03]      • [Quiz] Kuis M8 [KELAS MALAM] : Penerapan Teori Graf di Bidang Teknik Sipil → Deadline: Tidak diketahui
[2026-08-07 18:04:07]      • [Materi] M10 : Penerapan Teori Graf  di Bidang Teknik Industri File → Deadline: -
[2026-08-07 18:04:10]      • [Materi] Video Literasi M10 : Penerapan Teori Graf  di Bidang Teknik Industri URL → Deadline: -
[2026-08-07 18:04:14]      • [Quiz] Kuis M10 [kelas pagi] : Penerapan Teori Graf  di Bidang Teknik Industri → Deadline: Tidak diketahui
[2026-08-07 18:04:19]      • [Quiz] Kuis M10 [kelas malam]: Penerapan Teori Graf  di Bidang Teknik Industri → Deadline: Tidak diketahui
[2026-08-07 18:04:23]      • [Materi] M11 : Program Dinamis dan Permasalahan Tata Letak Fasilitas File → Deadline: -
[2026-08-07 18:04:28]      • [Materi] video literasi : Program Dinamis dan Permasalahan Tata Letak Fasilitas URL → Deadline: -
[2026-08-07 18:04:33]      • [Quiz] Kuis M11 [kelas PAGI]: Program Dinamis dan Permasalahan Tata Letak Fasilitas → Deadline: Tidak diketahui
[2026-08-07 18:04:37]      • [Quiz] Kuis M11 [kelas MALAM]: Program Dinamis dan Permasalahan Tata Letak Fasilitas → Deadline: Tidak diketahui
[2026-08-07 18:04:41]      • [Materi] M12: Algoritma Greedy pada Graf File → Deadline: -
[2026-08-07 18:04:46]      • [Materi] Video literasi M12: Algoritma Greedy pada Graf URL → Deadline: -
[2026-08-07 18:04:50]      • [Quiz] Kuis M12 [kelas PAGI] → Deadline: Tidak diketahui
[2026-08-07 18:04:54]      • [Quiz] Kuis M12 [kelas MALAM] → Deadline: Tidak diketahui
[2026-08-07 18:04:58]      • [Materi] M13 File → Deadline: -
[2026-08-07 18:05:02]      • [Materi] Video Literasi M13 : Graph Theory Implementation in Oil Mining Company URL → Deadline: -
[2026-08-07 18:05:06]      • [Quiz] Kuis M13 [PAGI]: Graph Theory Implementation in Oil Mining Company → Deadline: Tidak diketahui
[2026-08-07 18:05:10]      • [Quiz] Kuis M13 [MALAM]: Graph Theory Implementation in Oil Mining Company → Deadline: Tidak diketahui
[2026-08-07 18:05:15]      • [Materi] M14 : Aplikasi Graf Lengkap sebagai Graf Representasi untuk Model Optimasi Rute Kendaraan File → Deadline: -
[2026-08-07 18:05:19]      • [Materi] Video Literasi : Aplikasi Graf Lengkap sebagai Graf Representasi untuk Model Optimasi Rute Kendaraan URL → Deadline: -
[2026-08-07 18:05:23]      • [Quiz] Kuis M14 [PAGI]: Aplikasi Graf Lengkap sebagai Graf Representasi untuk Model Optimasi Rute Kendaraan → Deadline: Tidak diketahui
[2026-08-07 18:05:28]      • [Quiz] Kuis M14 [MALAM]: Aplikasi Graf Lengkap sebagai Graf Representasi untuk Model Optimasi Rute Kendaraan → Deadline: Tidak diketahui
[2026-08-07 18:05:31] 📚 Mengambil mata kuliah ID 104413 ...
[2026-08-07 18:05:31]   ➤ ATA 2025/2026 | 3-FIKTI | Praktikum Terapan Teori Graf
[2026-08-07 18:05:31]      • [Materi] Panduan Praktikum  Forum → Deadline: -
[2026-08-07 18:05:36]      • [Materi] Panduan Google Collaboratory URL → Deadline: -
[2026-08-07 18:05:40]      • [Materi] Panduan Instalasi Anaconda URL → Deadline: -
[2026-08-07 18:05:44]      • [Quiz] Pre-Test (M1) → Deadline: Tidak diketahui
[2026-08-07 18:05:48]      • [Materi] 1.1  Pengantar: Teori Graf URL → Deadline: -
[2026-08-07 18:05:52]      • [Materi] 1.2  Sesi Hands-on Praktikum URL → Deadline: -
[2026-08-07 18:05:55]      • [Materi] 1.3 Tutorial Menambahkan File pada Mesin DGX URL → Deadline: -
[2026-08-07 18:06:00]      • [Quiz] Post-Test (M1) → Deadline: Tidak diketahui
[2026-08-07 18:06:04]      • [Assignment] Pengumpulan Tugas (M1) → Deadline: Saturday, 7 March 2026, 11:59 PM
[2026-08-07 18:06:09]      • [Quiz] Pre-Test (M2) → Deadline: Tidak diketahui
[2026-08-07 18:06:13]      • [Materi] 2.1  Pengantar: Berbagai Pemecahan Masalah Menggunakan Teori Graf Page → Deadline: -
[2026-08-07 18:06:18]      • [Quiz] Post-Test (M2) → Deadline: Tidak diketahui
[2026-08-07 18:06:23]      • [Assignment] Pengumpulan Tugas (M2) → Deadline: Saturday, 14 March 2026, 11:59 PM
[2026-08-07 18:06:28]      • [Quiz] Pre-Test (M4) → Deadline: Tidak diketahui
[2026-08-07 18:06:31]      • [Materi] 4.1  Pengantar: Breadth First Search URL → Deadline: -
[2026-08-07 18:06:36]      • [Materi] Sesi Praktikum File → Deadline: -
[2026-08-07 18:06:40]      • [Materi] Video Tutorial: Mendownload File IPYNB di Virtual Class URL → Deadline: -
[2026-08-07 18:06:43]      • [Quiz] Post-Test (M4) → Deadline: Tidak diketahui
[2026-08-07 18:06:47]      • [Assignment] Laporan Akhir (M4) → Deadline: Saturday, 11 April 2026, 11:59 PM
[2026-08-07 18:06:51]      • [Quiz] Pre-Test (M5) → Deadline: Tidak diketahui
[2026-08-07 18:06:56]      • [Materi] Sesi Praktikum URL → Deadline: -
[2026-08-07 18:07:00]      • [Quiz] Post-Test (M5) → Deadline: Tidak diketahui
[2026-08-07 18:07:05]      • [Assignment] Laporan Akhir (M5) → Deadline: Saturday, 18 April 2026, 11:59 PM
[2026-08-07 18:07:08]      • [Quiz] Pre-Test (M6) → Deadline: Tidak diketahui
[2026-08-07 18:07:12]      • [Materi] 6.1  Pendahuluan: Algoritma Dasar Tree URL → Deadline: -
[2026-08-07 18:07:16]      • [Materi] Sesi Praktikum File → Deadline: -
[2026-08-07 18:07:21]      • [Quiz] Post-Test (M6) → Deadline: Tidak diketahui
[2026-08-07 18:07:25]      • [Assignment] Laporan Akhir (M6) → Deadline: Saturday, 25 April 2026, 11:59 PM
[2026-08-07 18:07:30]      • [Quiz] Pre-Test (M8) → Deadline: Tidak diketahui
[2026-08-07 18:07:35]      • [Materi] 8.1  Pendahuluan: Implementasi Graph URL → Deadline: -
[2026-08-07 18:07:39]      • [Materi] Link File Praktikum I - family.pl → Deadline: -
[2026-08-07 18:07:43]      • [Materi] Link File Praktikum II - 8-puzzles.ipynb → Deadline: -
[2026-08-07 18:07:48]      • [Materi] Video Tutorial: Mendownload File IPYNB di Virtual Class URL → Deadline: -
[2026-08-07 18:07:58]      • [Quiz] Post-Test (M8) → Deadline: Tidak diketahui
[2026-08-07 18:08:02]      • [Assignment] Laporan Akhir (M8) → Deadline: Saturday, 9 May 2026, 11:59 PM
[2026-08-07 18:08:06]      • [Quiz] Pre-Test (M9) → Deadline: Tidak diketahui
[2026-08-07 18:08:10]      • [Materi] Sesi Hands-on Praktikum URL → Deadline: -
[2026-08-07 18:08:15]      • [Quiz] Post-Test (M9) → Deadline: Tidak diketahui
[2026-08-07 18:08:20]      • [Assignment] Pengumpulan Tugas (M9) → Deadline: Saturday, 16 May 2026, 11:59 PM
[2026-08-07 18:08:24]      • [Quiz] Pre-Test (M3) → Deadline: Tidak diketahui
[2026-08-07 18:08:29]      • [Materi] Sesi Praktikum URL → Deadline: -
[2026-08-07 18:08:32]      • [Materi] Video Tutorial: Menambahkan File pada Mesin DGX URL → Deadline: -
[2026-08-07 18:08:48]      • [Quiz] Post-Test (M3) → Deadline: Tidak diketahui
[2026-08-07 18:08:52]      • [Assignment] Pengumpulan Tugas (M3) → Deadline: Saturday, 23 May 2026, 11:59 PM
[2026-08-07 18:08:57]      • [Quiz] Pre-Test (M7) → Deadline: Tidak diketahui
[2026-08-07 18:09:00]      • [Materi] Link File Praktikum I - 3-Tekrek-Find-Center.ipynb → Deadline: -
[2026-08-07 18:09:04]      • [Materi] Link File Praktikum II - 3-Tekrek-Sortest-Path.ipynb → Deadline: -
[2026-08-07 18:09:08]      • [Materi] Video Tutorial: Mendownload File IPYNB di Virtual Class URL → Deadline: -
[2026-08-07 18:09:13]      • [Quiz] Post-Test (M7) → Deadline: Tidak diketahui
[2026-08-07 18:09:17]      • [Assignment] Laporan Akhir (M7) → Deadline: Saturday, 23 May 2026, 11:59 PM
[2026-08-07 18:09:21] 📦 Total tugas ditemukan: 126
[2026-08-07 18:09:21] 💾 Disimpan ke python/node/tugas.json
