[2026-06-19 09:45:14] 🔐 Login ke V-Class...
[2026-06-19 09:45:14] ✅ Login berhasil
[2026-06-19 09:45:14] 📚 Mengambil mata kuliah ID 108486 ...
[2026-06-19 09:45:14]   ➤ ATA 2025/2026 | 3KB01 | Jaringan Komputer Lanjut | VIVIEN NOVA FITHRIANA
[2026-06-19 09:45:14]      • [Materi] Announcements Forum → Deadline: -
[2026-06-19 09:45:18]      • [Materi] M1 File → Deadline: -
[2026-06-19 09:45:22]      • [Materi] M2 File → Deadline: -
[2026-06-19 09:45:27]      • [Materi] M3 File → Deadline: -
[2026-06-19 09:45:31]      • [Materi] M4 File → Deadline: -
[2026-06-19 09:45:35]      • [Materi] M5 File → Deadline: -
[2026-06-19 09:45:39]      • [Materi] M6 File → Deadline: -
[2026-06-19 09:45:43]      • [Materi] M7 File → Deadline: -
[2026-06-19 09:45:46]      • [Materi] VC-1 : Traffic dan Algoritma Kendali Kemacetan File → Deadline: -
[2026-06-19 09:45:51]      • [Materi] VC-1 : Traffic dan Algoritma Kendali Kemacetan File → Deadline: -
[2026-06-19 09:45:55]      • [Materi] Forum VC-1 : Traffic dan Algoritma Kendali Kemacetan → Deadline: -
[2026-06-19 09:45:59]      • [Quiz] Latihan Soal VC-1 : Traffic dan Algoritma Kendali Kemacetan → Deadline: Tidak diketahui
[2026-06-19 09:46:03]      • [Materi] VC-2 : Traffic dan Algoritma Kendali Kemacetan - Bagian 2 File → Deadline: -
[2026-06-19 09:46:08]      • [Materi] Forum VC-2 : Traffic dan Algoritma Kendali Kemacetan - Bagian 2 → Deadline: -
[2026-06-19 09:46:12]      • [Quiz] Latihan Soal VC-2 : Traffic dan Algoritma Kendali Kemacetan - Bagian 2 → Deadline: Tidak diketahui
[2026-06-19 09:46:17]      • [Materi] VC-3 : Lapisan Transport File → Deadline: -
[2026-06-19 09:46:21]      • [Materi] Forum VC-3 : Lapisan Transport → Deadline: -
[2026-06-19 09:46:26]      • [Quiz] Latihan Soal VC-3 : Lapisan Transport → Deadline: Wednesday, 15 July 2026, 11:59 PM
[2026-06-19 09:46:29] 📚 Mengambil mata kuliah ID 108172 ...
[2026-06-19 09:46:31]   ➤ ATA 2025/2026 | 3KB01 | Internet of Things (IoT) | PURNAWARMAN MUSA
[2026-06-19 09:46:31]      • [Materi] Announcements Forum → Deadline: -
[2026-06-19 09:46:36]      • [Materi] M6 File → Deadline: -
[2026-06-19 09:46:39]      • [Quiz] Soal (Tugas Individu) → Deadline: Tidak diketahui
[2026-06-19 09:46:44]      • [Quiz] Soal (Tugas Individu) → Deadline: Tidak diketahui
[2026-06-19 09:46:48] 📚 Mengambil mata kuliah ID 109563 ...
[2026-06-19 09:46:48]   ➤ ATA 2025/2026 | 3KB01 | Sistem Tertanam (Embedded) * | RIDHA ISKANDAR
[2026-06-19 09:46:48]      • [Materi] Selamat Datang di V-Class Sistem Tertanam (Embedded) Forum → Deadline: -
[2026-06-19 09:46:52]      • [Assignment] File 1 → Deadline: Sunday, 26 April 2026, 12:00 AM
[2026-06-19 09:46:57] 📚 Mengambil mata kuliah ID 109970 ...
[2026-06-19 09:46:57]   ➤ ATA 2025/2026 | 2EB10 | Bahasa Indonesia | MELANIAWATI
[2026-06-19 09:46:57] 📚 Mengambil mata kuliah ID 107919 ...
[2026-06-19 09:46:57]   ➤ ATA 2025/2026 | 3KB01 | Sistem Cerdas Lanjut | NUR SULTAN SALAHUDDIN
[2026-06-19 09:46:57]      • [Materi] Announcements Forum → Deadline: -
[2026-06-19 09:47:01]      • [Assignment] Sistem Kesehatan Cerdas → Deadline: Thursday, 21 May 2026, 12:00 AM
[2026-06-19 09:47:04]      • [Quiz] Sistem Kesehatan Cerdas → Deadline: Tidak diketahui
[2026-06-19 09:47:09] 📚 Mengambil mata kuliah ID 107291 ...
[2026-06-19 09:47:09]   ➤ ATA 2025/2026 | 3KB01 | Pengantarmukaan Perif.Komputer * | FARID THALIB
[2026-06-19 09:47:09]      • [Materi] Announcements Forum → Deadline: -
[2026-06-19 09:47:13] 📚 Mengambil mata kuliah ID 104438 ...
[2026-06-19 09:47:14]   ➤ ATA 2025/2026 | 3-FIKTI | Terapan Teori Graf | TEAM TEACHING
[2026-06-19 09:47:14]      • [Materi] PEMBERITAHUAN UTS SUSULAN File → Deadline: -
[2026-06-19 09:47:18]      • [Materi] PEMBERITAHUAN PELAKSANAAN TEAM TEACHING TERAPAN TEORI GRAF Forum → Deadline: -
[2026-06-19 09:47:22]      • [Materi] M1: Pendahuluan Teori Graf File → Deadline: -
[2026-06-19 09:47:26]      • [Materi] Video Literasi M1: Pendahuluan Teori Graf URL → Deadline: -
[2026-06-19 09:47:30]      • [Quiz] Kuis M1 [kelas PAGI] → Deadline: Tidak diketahui
[2026-06-19 09:47:35]      • [Quiz] Kuis M1 [kelas MALAM] → Deadline: Tidak diketahui
[2026-06-19 09:47:39]      • [Materi] M2: Graf Tidak Berarah dan Graf Berbobot File → Deadline: -
[2026-06-19 09:47:44]      • [Materi] Video Literasi M2 : Graf Tidak Berarah dan Graf Berbobot URL → Deadline: -
[2026-06-19 09:47:48]      • [Quiz] Kuis M2 [KELAS PAGI] : Graf Tidak Berarah dan Graf Berbobot → Deadline: Tidak diketahui
[2026-06-19 09:47:53]      • [Quiz] Kuis M2 [KELAS MALAM] : Graf Tidak Berarah dan Graf Berbobot → Deadline: Tidak diketahui
[2026-06-19 09:47:57]      • [Materi] M4 : Aplikasi Teori Graf di Teknik Elektro File → Deadline: -
[2026-06-19 09:48:01]      • [Materi] Video Literasi M4 : Aplikasi Teori Graf di Teknik Elektro URL → Deadline: -
[2026-06-19 09:48:06]      • [Quiz] Kuis M4 [KELAS PAGI]: Aplikasi Teori Graf di Teknik Elektro → Deadline: Tidak diketahui
[2026-06-19 09:48:10]      • [Quiz] Kuis M4 [KELAS MALAM]: Aplikasi Teori Graf di Teknik Elektro → Deadline: Tidak diketahui
[2026-06-19 09:48:15]      • [Materi] M5 : Knowledge Graph dan Database Graph File → Deadline: -
[2026-06-19 09:48:19]      • [Materi] Video Literasi  M5 : Knowledge Graph dan Database Graph URL → Deadline: -
[2026-06-19 09:48:23]      • [Quiz] Kuis M5 [KELAS PAGI] : nowledge Graph dan Database Graph → Deadline: Tidak diketahui
[2026-06-19 09:48:27]      • [Quiz] Kuis M5 [KELAS MALAM] : Knowledge Graph dan Database Graph → Deadline: Tidak diketahui
[2026-06-19 09:48:31]      • [Materi] M6 : Graf Berarah dan Implementasinya File → Deadline: -
[2026-06-19 09:48:35]      • [Materi] Video Literasi M6 : Graf Berarah dan Implementasinya URL → Deadline: -
[2026-06-19 09:48:39]      • [Quiz] Kuis M6 [KELAS PAGI] : Graf Berarah dan Implementasinya → Deadline: Tidak diketahui
[2026-06-19 09:48:44]      • [Quiz] Kuis M6 [KELAS MALAM] : Graf Berarah dan Implementasinya → Deadline: Tidak diketahui
[2026-06-19 09:48:47]      • [Materi] M8 : Penerapan Teori Graf di Bidang Teknik Sipil File → Deadline: -
[2026-06-19 09:48:51]      • [Materi] Video Literasi M8 : Penerapan Teori Graf di Bidang Teknik Sipil URL → Deadline: -
[2026-06-19 09:48:55]      • [Quiz] Kuis M8 [KELAS PAGI] : Penerapan Teori Graf di Bidang Teknik Sipil → Deadline: Tidak diketahui
[2026-06-19 09:49:00]      • [Quiz] Kuis M8 [KELAS MALAM] : Penerapan Teori Graf di Bidang Teknik Sipil → Deadline: Tidak diketahui
[2026-06-19 09:49:04]      • [Materi] M10 : Penerapan Teori Graf  di Bidang Teknik Industri File → Deadline: -
[2026-06-19 09:49:08]      • [Materi] Video Literasi M10 : Penerapan Teori Graf  di Bidang Teknik Industri URL → Deadline: -
[2026-06-19 09:49:12]      • [Quiz] Kuis M10 [kelas pagi] : Penerapan Teori Graf  di Bidang Teknik Industri → Deadline: Tidak diketahui
[2026-06-19 09:49:18]      • [Quiz] Kuis M10 [kelas malam]: Penerapan Teori Graf  di Bidang Teknik Industri → Deadline: Tidak diketahui
[2026-06-19 09:49:21] 📚 Mengambil mata kuliah ID 104413 ...
[2026-06-19 09:49:22]   ➤ ATA 2025/2026 | 3-FIKTI | Praktikum Terapan Teori Graf
[2026-06-19 09:49:22]      • [Materi] Panduan Praktikum  Forum → Deadline: -
[2026-06-19 09:49:26]      • [Materi] Panduan Google Collaboratory URL → Deadline: -
[2026-06-19 09:49:30]      • [Materi] Panduan Instalasi Anaconda URL → Deadline: -
[2026-06-19 09:49:35]      • [Quiz] Pre-Test (M1) → Deadline: Tidak diketahui
[2026-06-19 09:49:40]      • [Materi] 1.1  Pengantar: Teori Graf URL → Deadline: -
[2026-06-19 09:49:44]      • [Materi] 1.2  Sesi Hands-on Praktikum URL → Deadline: -
[2026-06-19 09:49:49]      • [Materi] 1.3 Tutorial Menambahkan File pada Mesin DGX URL → Deadline: -
[2026-06-19 09:49:53]      • [Quiz] Post-Test (M1) → Deadline: Tidak diketahui
[2026-06-19 09:49:57]      • [Assignment] Pengumpulan Tugas (M1) → Deadline: Saturday, 7 March 2026, 11:59 PM
[2026-06-19 09:50:01]      • [Quiz] Pre-Test (M2) → Deadline: Tidak diketahui
[2026-06-19 09:50:06]      • [Materi] 2.1  Pengantar: Berbagai Pemecahan Masalah Menggunakan Teori Graf Page → Deadline: -
[2026-06-19 09:50:10]      • [Quiz] Post-Test (M2) → Deadline: Tidak diketahui
[2026-06-19 09:50:14]      • [Assignment] Pengumpulan Tugas (M2) → Deadline: Saturday, 14 March 2026, 11:59 PM
[2026-06-19 09:50:20]      • [Quiz] Pre-Test (M4) → Deadline: Tidak diketahui
[2026-06-19 09:50:23]      • [Materi] 4.1  Pengantar: Breadth First Search URL → Deadline: -
[2026-06-19 09:50:28]      • [Materi] Sesi Praktikum File → Deadline: -
[2026-06-19 09:50:33]      • [Materi] Video Tutorial: Mendownload File IPYNB di Virtual Class URL → Deadline: -
[2026-06-19 09:50:37]      • [Quiz] Post-Test (M4) → Deadline: Tidak diketahui
[2026-06-19 09:50:41]      • [Assignment] Laporan Akhir (M4) → Deadline: Saturday, 11 April 2026, 11:59 PM
[2026-06-19 09:50:46]      • [Quiz] Pre-Test (M5) → Deadline: Tidak diketahui
[2026-06-19 09:50:50]      • [Materi] Sesi Praktikum URL → Deadline: -
[2026-06-19 09:50:54]      • [Quiz] Post-Test (M5) → Deadline: Tidak diketahui
[2026-06-19 09:50:59]      • [Assignment] Laporan Akhir (M5) → Deadline: Saturday, 18 April 2026, 11:59 PM
[2026-06-19 09:51:04]      • [Quiz] Pre-Test (M6) → Deadline: Tidak diketahui
[2026-06-19 09:51:07]      • [Materi] 6.1  Pendahuluan: Algoritma Dasar Tree URL → Deadline: -
[2026-06-19 09:51:11]      • [Materi] Sesi Praktikum File → Deadline: -
[2026-06-19 09:51:15]      • [Quiz] Post-Test (M6) → Deadline: Tidak diketahui
[2026-06-19 09:51:20]      • [Assignment] Laporan Akhir (M6) → Deadline: Saturday, 25 April 2026, 11:59 PM
[2026-06-19 09:51:25]      • [Quiz] Pre-Test (M8) → Deadline: Tidak diketahui
[2026-06-19 09:51:29]      • [Materi] 8.1  Pendahuluan: Implementasi Graph URL → Deadline: -
[2026-06-19 09:51:34]      • [Materi] Link File Praktikum I - family.pl → Deadline: -
[2026-06-19 09:51:38]      • [Materi] Link File Praktikum II - 8-puzzles.ipynb → Deadline: -
[2026-06-19 09:51:41]      • [Materi] Video Tutorial: Mendownload File IPYNB di Virtual Class URL → Deadline: -
[2026-06-19 09:51:45]      • [Quiz] Post-Test (M8) → Deadline: Tidak diketahui
[2026-06-19 09:51:49]      • [Assignment] Laporan Akhir (M8) → Deadline: Saturday, 9 May 2026, 11:59 PM
[2026-06-19 09:51:54]      • [Quiz] Pre-Test (M9) → Deadline: Tidak diketahui
[2026-06-19 09:51:59]      • [Materi] Sesi Hands-on Praktikum URL → Deadline: -
[2026-06-19 09:52:03]      • [Quiz] Post-Test (M9) → Deadline: Tidak diketahui
[2026-06-19 09:52:08]      • [Assignment] Pengumpulan Tugas (M9) → Deadline: Saturday, 16 May 2026, 11:59 PM
[2026-06-19 09:52:13]      • [Quiz] Pre-Test (M3) → Deadline: Tidak diketahui
[2026-06-19 09:52:18]      • [Materi] Sesi Praktikum URL → Deadline: -
[2026-06-19 09:52:22]      • [Materi] Video Tutorial: Menambahkan File pada Mesin DGX URL → Deadline: -
[2026-06-19 09:52:26]      • [Quiz] Post-Test (M3) → Deadline: Tidak diketahui
[2026-06-19 09:52:31]      • [Assignment] Pengumpulan Tugas (M3) → Deadline: Saturday, 23 May 2026, 11:59 PM
[2026-06-19 09:52:35]      • [Quiz] Pre-Test (M7) → Deadline: Tidak diketahui
[2026-06-19 09:52:40]      • [Materi] Link File Praktikum I - 3-Tekrek-Find-Center.ipynb → Deadline: -
[2026-06-19 09:52:45]      • [Materi] Link File Praktikum II - 3-Tekrek-Sortest-Path.ipynb → Deadline: -
[2026-06-19 09:52:48]      • [Materi] Video Tutorial: Mendownload File IPYNB di Virtual Class URL → Deadline: -
[2026-06-19 09:52:53]      • [Quiz] Post-Test (M7) → Deadline: Tidak diketahui
[2026-06-19 09:52:58]      • [Assignment] Laporan Akhir (M7) → Deadline: Saturday, 23 May 2026, 11:59 PM
[2026-06-19 09:53:01] 📦 Total tugas ditemukan: 108
[2026-06-19 09:53:01] 💾 Disimpan ke python/node/tugas.json
[2026-06-19 18:00:02] 🔐 Login ke V-Class...
[2026-06-19 18:00:02] ✅ Login berhasil
[2026-06-19 18:00:02] 📚 Mengambil mata kuliah ID 108486 ...
[2026-06-19 18:00:02]   ➤ ATA 2025/2026 | 3KB01 | Jaringan Komputer Lanjut | VIVIEN NOVA FITHRIANA
[2026-06-19 18:00:02]      • [Materi] Announcements Forum → Deadline: -
[2026-06-19 18:00:07]      • [Materi] M1 File → Deadline: -
[2026-06-19 18:00:12]      • [Materi] M2 File → Deadline: -
[2026-06-19 18:00:16]      • [Materi] M3 File → Deadline: -
[2026-06-19 18:00:20]      • [Materi] M4 File → Deadline: -
[2026-06-19 18:00:25]      • [Materi] M5 File → Deadline: -
[2026-06-19 18:00:29]      • [Materi] M6 File → Deadline: -
[2026-06-19 18:00:34]      • [Materi] M7 File → Deadline: -
[2026-06-19 18:00:38]      • [Materi] VC-1 : Traffic dan Algoritma Kendali Kemacetan File → Deadline: -
[2026-06-19 18:00:42]      • [Materi] VC-1 : Traffic dan Algoritma Kendali Kemacetan File → Deadline: -
[2026-06-19 18:00:47]      • [Materi] Forum VC-1 : Traffic dan Algoritma Kendali Kemacetan → Deadline: -
[2026-06-19 18:00:51]      • [Quiz] Latihan Soal VC-1 : Traffic dan Algoritma Kendali Kemacetan → Deadline: Tidak diketahui
[2026-06-19 18:00:55]      • [Materi] VC-2 : Traffic dan Algoritma Kendali Kemacetan - Bagian 2 File → Deadline: -
[2026-06-19 18:00:59]      • [Materi] Forum VC-2 : Traffic dan Algoritma Kendali Kemacetan - Bagian 2 → Deadline: -
[2026-06-19 18:01:03]      • [Quiz] Latihan Soal VC-2 : Traffic dan Algoritma Kendali Kemacetan - Bagian 2 → Deadline: Tidak diketahui
[2026-06-19 18:01:07]      • [Materi] VC-3 : Lapisan Transport File → Deadline: -
[2026-06-19 18:01:12]      • [Materi] Forum VC-3 : Lapisan Transport → Deadline: -
[2026-06-19 18:01:17]      • [Quiz] Latihan Soal VC-3 : Lapisan Transport → Deadline: Wednesday, 15 July 2026, 11:59 PM
[2026-06-19 18:01:21] 📚 Mengambil mata kuliah ID 108172 ...
[2026-06-19 18:01:21]   ➤ ATA 2025/2026 | 3KB01 | Internet of Things (IoT) | PURNAWARMAN MUSA
[2026-06-19 18:01:21]      • [Materi] Announcements Forum → Deadline: -
[2026-06-19 18:01:26]      • [Materi] M6 File → Deadline: -
[2026-06-19 18:01:30]      • [Quiz] Soal (Tugas Individu) → Deadline: Tidak diketahui
[2026-06-19 18:01:34]      • [Quiz] Soal (Tugas Individu) → Deadline: Tidak diketahui
[2026-06-19 18:01:37] 📚 Mengambil mata kuliah ID 109563 ...
[2026-06-19 18:01:37]   ➤ ATA 2025/2026 | 3KB01 | Sistem Tertanam (Embedded) * | RIDHA ISKANDAR
[2026-06-19 18:01:37]      • [Materi] Selamat Datang di V-Class Sistem Tertanam (Embedded) Forum → Deadline: -
[2026-06-19 18:01:42]      • [Assignment] File 1 → Deadline: Sunday, 26 April 2026, 12:00 AM
[2026-06-19 18:01:46] 📚 Mengambil mata kuliah ID 109970 ...
[2026-06-19 18:01:46]   ➤ ATA 2025/2026 | 2EB10 | Bahasa Indonesia | MELANIAWATI
[2026-06-19 18:01:46] 📚 Mengambil mata kuliah ID 107919 ...
[2026-06-19 18:01:47]   ➤ ATA 2025/2026 | 3KB01 | Sistem Cerdas Lanjut | NUR SULTAN SALAHUDDIN
[2026-06-19 18:01:47]      • [Materi] Announcements Forum → Deadline: -
[2026-06-19 18:01:51]      • [Assignment] Sistem Kesehatan Cerdas → Deadline: Thursday, 21 May 2026, 12:00 AM
[2026-06-19 18:01:55]      • [Quiz] Sistem Kesehatan Cerdas → Deadline: Tidak diketahui
[2026-06-19 18:02:00] 📚 Mengambil mata kuliah ID 107291 ...
[2026-06-19 18:02:00]   ➤ ATA 2025/2026 | 3KB01 | Pengantarmukaan Perif.Komputer * | FARID THALIB
[2026-06-19 18:02:00]      • [Materi] Announcements Forum → Deadline: -
[2026-06-19 18:02:05] 📚 Mengambil mata kuliah ID 104438 ...
[2026-06-19 18:02:05]   ➤ ATA 2025/2026 | 3-FIKTI | Terapan Teori Graf | TEAM TEACHING
[2026-06-19 18:02:05]      • [Materi] PEMBERITAHUAN UTS SUSULAN File → Deadline: -
[2026-06-19 18:02:10]      • [Materi] PEMBERITAHUAN PELAKSANAAN TEAM TEACHING TERAPAN TEORI GRAF Forum → Deadline: -
[2026-06-19 18:02:14]      • [Materi] M1: Pendahuluan Teori Graf File → Deadline: -
[2026-06-19 18:02:17]      • [Materi] Video Literasi M1: Pendahuluan Teori Graf URL → Deadline: -
[2026-06-19 18:02:23]      • [Quiz] Kuis M1 [kelas PAGI] → Deadline: Tidak diketahui
[2026-06-19 18:02:27]      • [Quiz] Kuis M1 [kelas MALAM] → Deadline: Tidak diketahui
[2026-06-19 18:02:31]      • [Materi] M2: Graf Tidak Berarah dan Graf Berbobot File → Deadline: -
[2026-06-19 18:02:36]      • [Materi] Video Literasi M2 : Graf Tidak Berarah dan Graf Berbobot URL → Deadline: -
[2026-06-19 18:02:40]      • [Quiz] Kuis M2 [KELAS PAGI] : Graf Tidak Berarah dan Graf Berbobot → Deadline: Tidak diketahui
[2026-06-19 18:02:45]      • [Quiz] Kuis M2 [KELAS MALAM] : Graf Tidak Berarah dan Graf Berbobot → Deadline: Tidak diketahui
[2026-06-19 18:02:48]      • [Materi] M4 : Aplikasi Teori Graf di Teknik Elektro File → Deadline: -
[2026-06-19 18:02:52]      • [Materi] Video Literasi M4 : Aplikasi Teori Graf di Teknik Elektro URL → Deadline: -
[2026-06-19 18:02:56]      • [Quiz] Kuis M4 [KELAS PAGI]: Aplikasi Teori Graf di Teknik Elektro → Deadline: Tidak diketahui
[2026-06-19 18:03:00]      • [Quiz] Kuis M4 [KELAS MALAM]: Aplikasi Teori Graf di Teknik Elektro → Deadline: Tidak diketahui
[2026-06-19 18:03:04]      • [Materi] M5 : Knowledge Graph dan Database Graph File → Deadline: -
[2026-06-19 18:03:08]      • [Materi] Video Literasi  M5 : Knowledge Graph dan Database Graph URL → Deadline: -
[2026-06-19 18:03:13]      • [Quiz] Kuis M5 [KELAS PAGI] : nowledge Graph dan Database Graph → Deadline: Tidak diketahui
[2026-06-19 18:03:17]      • [Quiz] Kuis M5 [KELAS MALAM] : Knowledge Graph dan Database Graph → Deadline: Tidak diketahui
[2026-06-19 18:03:21]      • [Materi] M6 : Graf Berarah dan Implementasinya File → Deadline: -
[2026-06-19 18:03:25]      • [Materi] Video Literasi M6 : Graf Berarah dan Implementasinya URL → Deadline: -
[2026-06-19 18:03:30]      • [Quiz] Kuis M6 [KELAS PAGI] : Graf Berarah dan Implementasinya → Deadline: Tidak diketahui
[2026-06-19 18:03:34]      • [Quiz] Kuis M6 [KELAS MALAM] : Graf Berarah dan Implementasinya → Deadline: Tidak diketahui
[2026-06-19 18:03:39]      • [Materi] M8 : Penerapan Teori Graf di Bidang Teknik Sipil File → Deadline: -
[2026-06-19 18:03:43]      • [Materi] Video Literasi M8 : Penerapan Teori Graf di Bidang Teknik Sipil URL → Deadline: -
[2026-06-19 18:03:48]      • [Quiz] Kuis M8 [KELAS PAGI] : Penerapan Teori Graf di Bidang Teknik Sipil → Deadline: Tidak diketahui
[2026-06-19 18:03:53]      • [Quiz] Kuis M8 [KELAS MALAM] : Penerapan Teori Graf di Bidang Teknik Sipil → Deadline: Tidak diketahui
[2026-06-19 18:03:58]      • [Materi] M10 : Penerapan Teori Graf  di Bidang Teknik Industri File → Deadline: -
[2026-06-19 18:04:01]      • [Materi] Video Literasi M10 : Penerapan Teori Graf  di Bidang Teknik Industri URL → Deadline: -
[2026-06-19 18:04:05]      • [Quiz] Kuis M10 [kelas pagi] : Penerapan Teori Graf  di Bidang Teknik Industri → Deadline: Tidak diketahui
[2026-06-19 18:04:10]      • [Quiz] Kuis M10 [kelas malam]: Penerapan Teori Graf  di Bidang Teknik Industri → Deadline: Tidak diketahui
[2026-06-19 18:04:14] 📚 Mengambil mata kuliah ID 104413 ...
[2026-06-19 18:04:14]   ➤ ATA 2025/2026 | 3-FIKTI | Praktikum Terapan Teori Graf
[2026-06-19 18:04:14]      • [Materi] Panduan Praktikum  Forum → Deadline: -
[2026-06-19 18:04:18]      • [Materi] Panduan Google Collaboratory URL → Deadline: -
[2026-06-19 18:04:22]      • [Materi] Panduan Instalasi Anaconda URL → Deadline: -
[2026-06-19 18:04:26]      • [Quiz] Pre-Test (M1) → Deadline: Tidak diketahui
[2026-06-19 18:04:31]      • [Materi] 1.1  Pengantar: Teori Graf URL → Deadline: -
[2026-06-19 18:04:34]      • [Materi] 1.2  Sesi Hands-on Praktikum URL → Deadline: -
[2026-06-19 18:04:38]      • [Materi] 1.3 Tutorial Menambahkan File pada Mesin DGX URL → Deadline: -
[2026-06-19 18:04:43]      • [Quiz] Post-Test (M1) → Deadline: Tidak diketahui
[2026-06-19 18:04:47]      • [Assignment] Pengumpulan Tugas (M1) → Deadline: Saturday, 7 March 2026, 11:59 PM
[2026-06-19 18:04:51]      • [Quiz] Pre-Test (M2) → Deadline: Tidak diketahui
[2026-06-19 18:04:55]      • [Materi] 2.1  Pengantar: Berbagai Pemecahan Masalah Menggunakan Teori Graf Page → Deadline: -
[2026-06-19 18:05:00]      • [Quiz] Post-Test (M2) → Deadline: Tidak diketahui
[2026-06-19 18:05:04]      • [Assignment] Pengumpulan Tugas (M2) → Deadline: Saturday, 14 March 2026, 11:59 PM
[2026-06-19 18:05:09]      • [Quiz] Pre-Test (M4) → Deadline: Tidak diketahui
[2026-06-19 18:05:13]      • [Materi] 4.1  Pengantar: Breadth First Search URL → Deadline: -
[2026-06-19 18:05:17]      • [Materi] Sesi Praktikum File → Deadline: -
[2026-06-19 18:05:21]      • [Materi] Video Tutorial: Mendownload File IPYNB di Virtual Class URL → Deadline: -
[2026-06-19 18:05:25]      • [Quiz] Post-Test (M4) → Deadline: Tidak diketahui
[2026-06-19 18:05:30]      • [Assignment] Laporan Akhir (M4) → Deadline: Saturday, 11 April 2026, 11:59 PM
[2026-06-19 18:05:34]      • [Quiz] Pre-Test (M5) → Deadline: Tidak diketahui
[2026-06-19 18:05:39]      • [Materi] Sesi Praktikum URL → Deadline: -
[2026-06-19 18:05:43]      • [Quiz] Post-Test (M5) → Deadline: Tidak diketahui
[2026-06-19 18:05:47]      • [Assignment] Laporan Akhir (M5) → Deadline: Saturday, 18 April 2026, 11:59 PM
[2026-06-19 18:05:52]      • [Quiz] Pre-Test (M6) → Deadline: Tidak diketahui
[2026-06-19 18:05:56]      • [Materi] 6.1  Pendahuluan: Algoritma Dasar Tree URL → Deadline: -
[2026-06-19 18:06:01]      • [Materi] Sesi Praktikum File → Deadline: -
[2026-06-19 18:06:05]      • [Quiz] Post-Test (M6) → Deadline: Tidak diketahui
[2026-06-19 18:06:10]      • [Assignment] Laporan Akhir (M6) → Deadline: Saturday, 25 April 2026, 11:59 PM
[2026-06-19 18:06:14]      • [Quiz] Pre-Test (M8) → Deadline: Tidak diketahui
[2026-06-19 18:06:18]      • [Materi] 8.1  Pendahuluan: Implementasi Graph URL → Deadline: -
[2026-06-19 18:06:21]      • [Materi] Link File Praktikum I - family.pl → Deadline: -
[2026-06-19 18:06:26]      • [Materi] Link File Praktikum II - 8-puzzles.ipynb → Deadline: -
[2026-06-19 18:06:30]      • [Materi] Video Tutorial: Mendownload File IPYNB di Virtual Class URL → Deadline: -
[2026-06-19 18:06:35]      • [Quiz] Post-Test (M8) → Deadline: Tidak diketahui
[2026-06-19 18:06:39]      • [Assignment] Laporan Akhir (M8) → Deadline: Saturday, 9 May 2026, 11:59 PM
[2026-06-19 18:06:44]      • [Quiz] Pre-Test (M9) → Deadline: Tidak diketahui
[2026-06-19 18:06:48]      • [Materi] Sesi Hands-on Praktikum URL → Deadline: -
[2026-06-19 18:06:53]      • [Quiz] Post-Test (M9) → Deadline: Tidak diketahui
[2026-06-19 18:06:58]      • [Assignment] Pengumpulan Tugas (M9) → Deadline: Saturday, 16 May 2026, 11:59 PM
[2026-06-19 18:07:03]      • [Quiz] Pre-Test (M3) → Deadline: Tidak diketahui
[2026-06-19 18:07:07]      • [Materi] Sesi Praktikum URL → Deadline: -
[2026-06-19 18:07:11]      • [Materi] Video Tutorial: Menambahkan File pada Mesin DGX URL → Deadline: -
[2026-06-19 18:07:14]      • [Quiz] Post-Test (M3) → Deadline: Tidak diketahui
[2026-06-19 18:07:19]      • [Assignment] Pengumpulan Tugas (M3) → Deadline: Saturday, 23 May 2026, 11:59 PM
[2026-06-19 18:07:23]      • [Quiz] Pre-Test (M7) → Deadline: Tidak diketahui
[2026-06-19 18:07:27]      • [Materi] Link File Praktikum I - 3-Tekrek-Find-Center.ipynb → Deadline: -
[2026-06-19 18:07:31]      • [Materi] Link File Praktikum II - 3-Tekrek-Sortest-Path.ipynb → Deadline: -
[2026-06-19 18:07:35]      • [Materi] Video Tutorial: Mendownload File IPYNB di Virtual Class URL → Deadline: -
[2026-06-19 18:07:39]      • [Quiz] Post-Test (M7) → Deadline: Tidak diketahui
[2026-06-19 18:07:44]      • [Assignment] Laporan Akhir (M7) → Deadline: Saturday, 23 May 2026, 11:59 PM
[2026-06-19 18:07:49] 📦 Total tugas ditemukan: 108
[2026-06-19 18:07:49] 💾 Disimpan ke python/node/tugas.json
