[2026-08-10 09:45:55] 🔐 Login ke V-Class...
[2026-08-10 09:45:55] ✅ Login berhasil
[2026-08-10 09:45:55] 📚 Mengambil mata kuliah ID 108486 ...
[2026-08-10 09:45:55]   ➤ ATA 2025/2026 | 3KB01 | Jaringan Komputer Lanjut | VIVIEN NOVA FITHRIANA
[2026-08-10 09:45:55]      • [Materi] Announcements Forum → Deadline: -
[2026-08-10 09:45:59]      • [Materi] M1 File → Deadline: -
[2026-08-10 09:46:03]      • [Materi] M2 File → Deadline: -
[2026-08-10 09:46:07]      • [Materi] M3 File → Deadline: -
[2026-08-10 09:46:12]      • [Materi] M4 File → Deadline: -
[2026-08-10 09:46:16]      • [Materi] M5 File → Deadline: -
[2026-08-10 09:46:21]      • [Materi] M6 File → Deadline: -
[2026-08-10 09:46:25]      • [Materi] M7 File → Deadline: -
[2026-08-10 09:46:29]      • [Materi] VC-1 : Traffic dan Algoritma Kendali Kemacetan File → Deadline: -
[2026-08-10 09:46:33]      • [Materi] VC-1 : Traffic dan Algoritma Kendali Kemacetan File → Deadline: -
[2026-08-10 09:46:37]      • [Materi] Forum VC-1 : Traffic dan Algoritma Kendali Kemacetan → Deadline: -
[2026-08-10 09:46:41]      • [Quiz] Latihan Soal VC-1 : Traffic dan Algoritma Kendali Kemacetan → Deadline: Tidak diketahui
[2026-08-10 09:46:46]      • [Materi] VC-2 : Traffic dan Algoritma Kendali Kemacetan - Bagian 2 File → Deadline: -
[2026-08-10 09:46:51]      • [Materi] Forum VC-2 : Traffic dan Algoritma Kendali Kemacetan - Bagian 2 → Deadline: -
[2026-08-10 09:46:56]      • [Quiz] Latihan Soal VC-2 : Traffic dan Algoritma Kendali Kemacetan - Bagian 2 → Deadline: Tidak diketahui
[2026-08-10 09:47:00]      • [Materi] VC-3 : Lapisan Transport File → Deadline: -
[2026-08-10 09:47:04]      • [Materi] Forum VC-3 : Lapisan Transport → Deadline: -
[2026-08-10 09:47:10]      • [Quiz] Latihan Soal VC-3 : Lapisan Transport → Deadline: Tidak diketahui
[2026-08-10 09:47:14] 📚 Mengambil mata kuliah ID 108172 ...
[2026-08-10 09:47:14]   ➤ ATA 2025/2026 | 3KB01 | Internet of Things (IoT) | PURNAWARMAN MUSA
[2026-08-10 09:47:14]      • [Materi] Announcements Forum → Deadline: -
[2026-08-10 09:47:18]      • [Materi] M6 File → Deadline: -
[2026-08-10 09:47:23]      • [Quiz] Soal (Tugas Individu) → Deadline: Tidak diketahui
[2026-08-10 09:47:27]      • [Quiz] Soal (Tugas Individu) → Deadline: Tidak diketahui
[2026-08-10 09:47:31] 📚 Mengambil mata kuliah ID 109563 ...
[2026-08-10 09:47:31]   ➤ ATA 2025/2026 | 3KB01 | Sistem Tertanam (Embedded) * | RIDHA ISKANDAR
[2026-08-10 09:47:31]      • [Materi] Selamat Datang di V-Class Sistem Tertanam (Embedded) Forum → Deadline: -
[2026-08-10 09:47:36]      • [Assignment] File 1 → Deadline: Sunday, 26 April 2026, 12:00 AM
[2026-08-10 09:47:40] 📚 Mengambil mata kuliah ID 109970 ...
[2026-08-10 09:47:40]   ➤ ATA 2025/2026 | 2EB10 | Bahasa Indonesia | MELANIAWATI
[2026-08-10 09:47:40] 📚 Mengambil mata kuliah ID 107919 ...
[2026-08-10 09:47:40]   ➤ ATA 2025/2026 | 3KB01 | Sistem Cerdas Lanjut | NUR SULTAN SALAHUDDIN
[2026-08-10 09:47:40]      • [Materi] Announcements Forum → Deadline: -
[2026-08-10 09:47:45]      • [Assignment] Sistem Kesehatan Cerdas → Deadline: Thursday, 21 May 2026, 12:00 AM
[2026-08-10 09:47:49]      • [Quiz] Sistem Kesehatan Cerdas → Deadline: Tidak diketahui
[2026-08-10 09:47:53]      • [Assignment] Sistem Industri Cerdas → Deadline: Monday, 20 July 2026, 12:00 AM
[2026-08-10 09:47:57]      • [Quiz] Sistem Industri Cerdas → Deadline: Tidak diketahui
[2026-08-10 09:48:02] 📚 Mengambil mata kuliah ID 107291 ...
[2026-08-10 09:48:02]   ➤ ATA 2025/2026 | 3KB01 | Pengantarmukaan Perif.Komputer * | FARID THALIB
[2026-08-10 09:48:02]      • [Materi] Announcements Forum → Deadline: -
[2026-08-10 09:48:05] 📚 Mengambil mata kuliah ID 104438 ...
[2026-08-10 09:48:05]   ➤ ATA 2025/2026 | 3-FIKTI | Terapan Teori Graf | TEAM TEACHING
[2026-08-10 09:48:05]      • [Materi] PEMBERITAHUAN UTS SUSULAN File → Deadline: -
[2026-08-10 09:48:10]      • [Materi] PEMBERITAHUAN PELAKSANAAN TEAM TEACHING TERAPAN TEORI GRAF Forum → Deadline: -
[2026-08-10 09:48:15]      • [Materi] M1: Pendahuluan Teori Graf File → Deadline: -
[2026-08-10 09:48:20]      • [Materi] Video Literasi M1: Pendahuluan Teori Graf URL → Deadline: -
[2026-08-10 09:48:29]      • [Quiz] Kuis M1 [kelas PAGI] → Deadline: Tidak diketahui
[2026-08-10 09:48:33]      • [Quiz] Kuis M1 [kelas MALAM] → Deadline: Tidak diketahui
[2026-08-10 09:48:38]      • [Materi] M2: Graf Tidak Berarah dan Graf Berbobot File → Deadline: -
[2026-08-10 09:48:42]      • [Materi] Video Literasi M2 : Graf Tidak Berarah dan Graf Berbobot URL → Deadline: -
[2026-08-10 09:48:52]      • [Quiz] Kuis M2 [KELAS PAGI] : Graf Tidak Berarah dan Graf Berbobot → Deadline: Tidak diketahui
[2026-08-10 09:48:57]      • [Quiz] Kuis M2 [KELAS MALAM] : Graf Tidak Berarah dan Graf Berbobot → Deadline: Tidak diketahui
[2026-08-10 09:49:01]      • [Materi] M4 : Aplikasi Teori Graf di Teknik Elektro File → Deadline: -
[2026-08-10 09:49:06]      • [Materi] Video Literasi M4 : Aplikasi Teori Graf di Teknik Elektro URL → Deadline: -
[2026-08-10 09:49:11]      • [Quiz] Kuis M4 [KELAS PAGI]: Aplikasi Teori Graf di Teknik Elektro → Deadline: Tidak diketahui
[2026-08-10 09:49:14]      • [Quiz] Kuis M4 [KELAS MALAM]: Aplikasi Teori Graf di Teknik Elektro → Deadline: Tidak diketahui
[2026-08-10 09:49:18]      • [Materi] M5 : Knowledge Graph dan Database Graph File → Deadline: -
[2026-08-10 09:49:22]      • [Materi] Video Literasi  M5 : Knowledge Graph dan Database Graph URL → Deadline: -
[2026-08-10 09:49:42]      • [Quiz] Kuis M5 [KELAS PAGI] : nowledge Graph dan Database Graph → Deadline: Tidak diketahui
[2026-08-10 09:49:46]      • [Quiz] Kuis M5 [KELAS MALAM] : Knowledge Graph dan Database Graph → Deadline: Tidak diketahui
[2026-08-10 09:49:51]      • [Materi] M6 : Graf Berarah dan Implementasinya File → Deadline: -
[2026-08-10 09:49:55]      • [Materi] Video Literasi M6 : Graf Berarah dan Implementasinya URL → Deadline: -
[2026-08-10 09:50:10]      • [Quiz] Kuis M6 [KELAS PAGI] : Graf Berarah dan Implementasinya → Deadline: Tidak diketahui
[2026-08-10 09:50:14]      • [Quiz] Kuis M6 [KELAS MALAM] : Graf Berarah dan Implementasinya → Deadline: Tidak diketahui
[2026-08-10 09:50:18]      • [Materi] M8 : Penerapan Teori Graf di Bidang Teknik Sipil File → Deadline: -
[2026-08-10 09:50:23]      • [Materi] Video Literasi M8 : Penerapan Teori Graf di Bidang Teknik Sipil URL → Deadline: -
[2026-08-10 09:50:33]      • [Quiz] Kuis M8 [KELAS PAGI] : Penerapan Teori Graf di Bidang Teknik Sipil → Deadline: Tidak diketahui
[2026-08-10 09:50:36]      • [Quiz] Kuis M8 [KELAS MALAM] : Penerapan Teori Graf di Bidang Teknik Sipil → Deadline: Tidak diketahui
[2026-08-10 09:50:41]      • [Materi] M10 : Penerapan Teori Graf  di Bidang Teknik Industri File → Deadline: -
[2026-08-10 09:50:45]      • [Materi] Video Literasi M10 : Penerapan Teori Graf  di Bidang Teknik Industri URL → Deadline: -
[2026-08-10 09:50:49]      • [Quiz] Kuis M10 [kelas pagi] : Penerapan Teori Graf  di Bidang Teknik Industri → Deadline: Tidak diketahui
[2026-08-10 09:50:53]      • [Quiz] Kuis M10 [kelas malam]: Penerapan Teori Graf  di Bidang Teknik Industri → Deadline: Tidak diketahui
[2026-08-10 09:50:57]      • [Materi] M11 : Program Dinamis dan Permasalahan Tata Letak Fasilitas File → Deadline: -
[2026-08-10 09:51:01]      • [Materi] video literasi : Program Dinamis dan Permasalahan Tata Letak Fasilitas URL → Deadline: -
[2026-08-10 09:51:05]      • [Quiz] Kuis M11 [kelas PAGI]: Program Dinamis dan Permasalahan Tata Letak Fasilitas → Deadline: Tidak diketahui
[2026-08-10 09:51:10]      • [Quiz] Kuis M11 [kelas MALAM]: Program Dinamis dan Permasalahan Tata Letak Fasilitas → Deadline: Tidak diketahui
[2026-08-10 09:51:15]      • [Materi] M12: Algoritma Greedy pada Graf File → Deadline: -
[2026-08-10 09:51:19]      • [Materi] Video literasi M12: Algoritma Greedy pada Graf URL → Deadline: -
[2026-08-10 09:51:24]      • [Quiz] Kuis M12 [kelas PAGI] → Deadline: Tidak diketahui
[2026-08-10 09:51:28]      • [Quiz] Kuis M12 [kelas MALAM] → Deadline: Tidak diketahui
[2026-08-10 09:51:32]      • [Materi] M13 File → Deadline: -
[2026-08-10 09:51:36]      • [Materi] Video Literasi M13 : Graph Theory Implementation in Oil Mining Company URL → Deadline: -
[2026-08-10 09:51:41]      • [Quiz] Kuis M13 [PAGI]: Graph Theory Implementation in Oil Mining Company → Deadline: Tidak diketahui
[2026-08-10 09:51:44]      • [Quiz] Kuis M13 [MALAM]: Graph Theory Implementation in Oil Mining Company → Deadline: Tidak diketahui
[2026-08-10 09:51:48]      • [Materi] M14 : Aplikasi Graf Lengkap sebagai Graf Representasi untuk Model Optimasi Rute Kendaraan File → Deadline: -
[2026-08-10 09:51:53]      • [Materi] Video Literasi : Aplikasi Graf Lengkap sebagai Graf Representasi untuk Model Optimasi Rute Kendaraan URL → Deadline: -
[2026-08-10 09:51:57]      • [Quiz] Kuis M14 [PAGI]: Aplikasi Graf Lengkap sebagai Graf Representasi untuk Model Optimasi Rute Kendaraan → Deadline: Tidak diketahui
[2026-08-10 09:52:02]      • [Quiz] Kuis M14 [MALAM]: Aplikasi Graf Lengkap sebagai Graf Representasi untuk Model Optimasi Rute Kendaraan → Deadline: Tidak diketahui
[2026-08-10 09:52:06] 📚 Mengambil mata kuliah ID 104413 ...
[2026-08-10 09:52:06]   ➤ ATA 2025/2026 | 3-FIKTI | Praktikum Terapan Teori Graf
[2026-08-10 09:52:06]      • [Materi] Panduan Praktikum  Forum → Deadline: -
[2026-08-10 09:52:11]      • [Materi] Panduan Google Collaboratory URL → Deadline: -
[2026-08-10 09:52:15]      • [Materi] Panduan Instalasi Anaconda URL → Deadline: -
[2026-08-10 09:52:20]      • [Quiz] Pre-Test (M1) → Deadline: Tidak diketahui
[2026-08-10 09:52:25]      • [Materi] 1.1  Pengantar: Teori Graf URL → Deadline: -
[2026-08-10 09:52:30]      • [Materi] 1.2  Sesi Hands-on Praktikum URL → Deadline: -
[2026-08-10 09:52:34]      • [Materi] 1.3 Tutorial Menambahkan File pada Mesin DGX URL → Deadline: -
[2026-08-10 09:52:38]      • [Quiz] Post-Test (M1) → Deadline: Tidak diketahui
[2026-08-10 09:52:44]      • [Assignment] Pengumpulan Tugas (M1) → Deadline: Saturday, 7 March 2026, 11:59 PM
[2026-08-10 09:52:48]      • [Quiz] Pre-Test (M2) → Deadline: Tidak diketahui
[2026-08-10 09:52:53]      • [Materi] 2.1  Pengantar: Berbagai Pemecahan Masalah Menggunakan Teori Graf Page → Deadline: -
[2026-08-10 09:52:57]      • [Quiz] Post-Test (M2) → Deadline: Tidak diketahui
[2026-08-10 09:53:01]      • [Assignment] Pengumpulan Tugas (M2) → Deadline: Saturday, 14 March 2026, 11:59 PM
[2026-08-10 09:53:07]      • [Quiz] Pre-Test (M4) → Deadline: Tidak diketahui
[2026-08-10 09:53:11]      • [Materi] 4.1  Pengantar: Breadth First Search URL → Deadline: -
[2026-08-10 09:53:16]      • [Materi] Sesi Praktikum File → Deadline: -
[2026-08-10 09:53:19]      • [Materi] Video Tutorial: Mendownload File IPYNB di Virtual Class URL → Deadline: -
[2026-08-10 09:53:24]      • [Quiz] Post-Test (M4) → Deadline: Tidak diketahui
[2026-08-10 09:53:28]      • [Assignment] Laporan Akhir (M4) → Deadline: Saturday, 11 April 2026, 11:59 PM
[2026-08-10 09:53:33]      • [Quiz] Pre-Test (M5) → Deadline: Tidak diketahui
[2026-08-10 09:53:38]      • [Materi] Sesi Praktikum URL → Deadline: -
[2026-08-10 09:53:42]      • [Quiz] Post-Test (M5) → Deadline: Tidak diketahui
[2026-08-10 09:53:47]      • [Assignment] Laporan Akhir (M5) → Deadline: Saturday, 18 April 2026, 11:59 PM
[2026-08-10 09:53:51]      • [Quiz] Pre-Test (M6) → Deadline: Tidak diketahui
[2026-08-10 09:53:56]      • [Materi] 6.1  Pendahuluan: Algoritma Dasar Tree URL → Deadline: -
[2026-08-10 09:54:01]      • [Materi] Sesi Praktikum File → Deadline: -
[2026-08-10 09:54:05]      • [Quiz] Post-Test (M6) → Deadline: Tidak diketahui
[2026-08-10 09:54:09]      • [Assignment] Laporan Akhir (M6) → Deadline: Saturday, 25 April 2026, 11:59 PM
[2026-08-10 09:54:13]      • [Quiz] Pre-Test (M8) → Deadline: Tidak diketahui
[2026-08-10 09:54:17]      • [Materi] 8.1  Pendahuluan: Implementasi Graph URL → Deadline: -
[2026-08-10 09:54:22]      • [Materi] Link File Praktikum I - family.pl → Deadline: -
[2026-08-10 09:54:27]      • [Materi] Link File Praktikum II - 8-puzzles.ipynb → Deadline: -
[2026-08-10 09:54:31]      • [Materi] Video Tutorial: Mendownload File IPYNB di Virtual Class URL → Deadline: -
[2026-08-10 09:54:35]      • [Quiz] Post-Test (M8) → Deadline: Tidak diketahui
[2026-08-10 09:54:39]      • [Assignment] Laporan Akhir (M8) → Deadline: Saturday, 9 May 2026, 11:59 PM
[2026-08-10 09:54:43]      • [Quiz] Pre-Test (M9) → Deadline: Tidak diketahui
[2026-08-10 09:54:48]      • [Materi] Sesi Hands-on Praktikum URL → Deadline: -
[2026-08-10 09:54:52]      • [Quiz] Post-Test (M9) → Deadline: Tidak diketahui
[2026-08-10 09:54:57]      • [Assignment] Pengumpulan Tugas (M9) → Deadline: Saturday, 16 May 2026, 11:59 PM
[2026-08-10 09:55:01]      • [Quiz] Pre-Test (M3) → Deadline: Tidak diketahui
[2026-08-10 09:55:06]      • [Materi] Sesi Praktikum URL → Deadline: -
[2026-08-10 09:55:10]      • [Materi] Video Tutorial: Menambahkan File pada Mesin DGX URL → Deadline: -
[2026-08-10 09:55:14]      • [Quiz] Post-Test (M3) → Deadline: Tidak diketahui
[2026-08-10 09:55:19]      • [Assignment] Pengumpulan Tugas (M3) → Deadline: Saturday, 23 May 2026, 11:59 PM
[2026-08-10 09:55:24]      • [Quiz] Pre-Test (M7) → Deadline: Tidak diketahui
[2026-08-10 09:55:27]      • [Materi] Link File Praktikum I - 3-Tekrek-Find-Center.ipynb → Deadline: -
[2026-08-10 09:55:32]      • [Materi] Link File Praktikum II - 3-Tekrek-Sortest-Path.ipynb → Deadline: -
[2026-08-10 09:55:37]      • [Materi] Video Tutorial: Mendownload File IPYNB di Virtual Class URL → Deadline: -
[2026-08-10 09:55:41]      • [Quiz] Post-Test (M7) → Deadline: Tidak diketahui
[2026-08-10 09:55:45]      • [Assignment] Laporan Akhir (M7) → Deadline: Saturday, 23 May 2026, 11:59 PM
[2026-08-10 09:55:49] 📦 Total tugas ditemukan: 126
[2026-08-10 09:55:49] 💾 Disimpan ke python/node/tugas.json
[2026-08-10 18:00:49] 🔐 Login ke V-Class...
[2026-08-10 18:00:49] ✅ Login berhasil
[2026-08-10 18:00:49] 📚 Mengambil mata kuliah ID 108486 ...
[2026-08-10 18:00:50]   ➤ ATA 2025/2026 | 3KB01 | Jaringan Komputer Lanjut | VIVIEN NOVA FITHRIANA
[2026-08-10 18:00:50]      • [Materi] Announcements Forum → Deadline: -
[2026-08-10 18:00:53]      • [Materi] M1 File → Deadline: -
[2026-08-10 18:00:58]      • [Materi] M2 File → Deadline: -
[2026-08-10 18:01:02]      • [Materi] M3 File → Deadline: -
[2026-08-10 18:01:06]      • [Materi] M4 File → Deadline: -
[2026-08-10 18:01:10]      • [Materi] M5 File → Deadline: -
[2026-08-10 18:01:14]      • [Materi] M6 File → Deadline: -
[2026-08-10 18:01:18]      • [Materi] M7 File → Deadline: -
[2026-08-10 18:01:23]      • [Materi] VC-1 : Traffic dan Algoritma Kendali Kemacetan File → Deadline: -
[2026-08-10 18:01:27]      • [Materi] VC-1 : Traffic dan Algoritma Kendali Kemacetan File → Deadline: -
[2026-08-10 18:01:31]      • [Materi] Forum VC-1 : Traffic dan Algoritma Kendali Kemacetan → Deadline: -
[2026-08-10 18:01:35]      • [Quiz] Latihan Soal VC-1 : Traffic dan Algoritma Kendali Kemacetan → Deadline: Tidak diketahui
[2026-08-10 18:01:38]      • [Materi] VC-2 : Traffic dan Algoritma Kendali Kemacetan - Bagian 2 File → Deadline: -
[2026-08-10 18:01:42]      • [Materi] Forum VC-2 : Traffic dan Algoritma Kendali Kemacetan - Bagian 2 → Deadline: -
[2026-08-10 18:01:47]      • [Quiz] Latihan Soal VC-2 : Traffic dan Algoritma Kendali Kemacetan - Bagian 2 → Deadline: Tidak diketahui
[2026-08-10 18:01:51]      • [Materi] VC-3 : Lapisan Transport File → Deadline: -
[2026-08-10 18:01:55]      • [Materi] Forum VC-3 : Lapisan Transport → Deadline: -
[2026-08-10 18:02:00]      • [Quiz] Latihan Soal VC-3 : Lapisan Transport → Deadline: Tidak diketahui
[2026-08-10 18:02:04] 📚 Mengambil mata kuliah ID 108172 ...
[2026-08-10 18:02:04]   ➤ ATA 2025/2026 | 3KB01 | Internet of Things (IoT) | PURNAWARMAN MUSA
[2026-08-10 18:02:04]      • [Materi] Announcements Forum → Deadline: -
[2026-08-10 18:02:08]      • [Materi] M6 File → Deadline: -
[2026-08-10 18:02:12]      • [Quiz] Soal (Tugas Individu) → Deadline: Tidak diketahui
[2026-08-10 18:02:16]      • [Quiz] Soal (Tugas Individu) → Deadline: Tidak diketahui
[2026-08-10 18:02:21] 📚 Mengambil mata kuliah ID 109563 ...
[2026-08-10 18:02:21]   ➤ ATA 2025/2026 | 3KB01 | Sistem Tertanam (Embedded) * | RIDHA ISKANDAR
[2026-08-10 18:02:21]      • [Materi] Selamat Datang di V-Class Sistem Tertanam (Embedded) Forum → Deadline: -
[2026-08-10 18:02:26]      • [Assignment] File 1 → Deadline: Sunday, 26 April 2026, 12:00 AM
[2026-08-10 18:02:29] 📚 Mengambil mata kuliah ID 109970 ...
[2026-08-10 18:02:30]   ➤ ATA 2025/2026 | 2EB10 | Bahasa Indonesia | MELANIAWATI
[2026-08-10 18:02:30] 📚 Mengambil mata kuliah ID 107919 ...
[2026-08-10 18:02:30]   ➤ ATA 2025/2026 | 3KB01 | Sistem Cerdas Lanjut | NUR SULTAN SALAHUDDIN
[2026-08-10 18:02:30]      • [Materi] Announcements Forum → Deadline: -
[2026-08-10 18:02:34]      • [Assignment] Sistem Kesehatan Cerdas → Deadline: Thursday, 21 May 2026, 12:00 AM
[2026-08-10 18:02:38]      • [Quiz] Sistem Kesehatan Cerdas → Deadline: Tidak diketahui
[2026-08-10 18:02:42]      • [Assignment] Sistem Industri Cerdas → Deadline: Monday, 20 July 2026, 12:00 AM
[2026-08-10 18:02:47]      • [Quiz] Sistem Industri Cerdas → Deadline: Tidak diketahui
[2026-08-10 18:02:52] 📚 Mengambil mata kuliah ID 107291 ...
[2026-08-10 18:02:52]   ➤ ATA 2025/2026 | 3KB01 | Pengantarmukaan Perif.Komputer * | FARID THALIB
[2026-08-10 18:02:52]      • [Materi] Announcements Forum → Deadline: -
[2026-08-10 18:02:56] 📚 Mengambil mata kuliah ID 104438 ...
[2026-08-10 18:02:56]   ➤ ATA 2025/2026 | 3-FIKTI | Terapan Teori Graf | TEAM TEACHING
[2026-08-10 18:02:56]      • [Materi] PEMBERITAHUAN UTS SUSULAN File → Deadline: -
[2026-08-10 18:03:00]      • [Materi] PEMBERITAHUAN PELAKSANAAN TEAM TEACHING TERAPAN TEORI GRAF Forum → Deadline: -
[2026-08-10 18:03:04]      • [Materi] M1: Pendahuluan Teori Graf File → Deadline: -
[2026-08-10 18:03:09]      • [Materi] Video Literasi M1: Pendahuluan Teori Graf URL → Deadline: -
[2026-08-10 18:03:13]      • [Quiz] Kuis M1 [kelas PAGI] → Deadline: Tidak diketahui
[2026-08-10 18:03:17]      • [Quiz] Kuis M1 [kelas MALAM] → Deadline: Tidak diketahui
[2026-08-10 18:03:21]      • [Materi] M2: Graf Tidak Berarah dan Graf Berbobot File → Deadline: -
[2026-08-10 18:03:24]      • [Materi] Video Literasi M2 : Graf Tidak Berarah dan Graf Berbobot URL → Deadline: -
[2026-08-10 18:03:29]      • [Quiz] Kuis M2 [KELAS PAGI] : Graf Tidak Berarah dan Graf Berbobot → Deadline: Tidak diketahui
[2026-08-10 18:03:34]      • [Quiz] Kuis M2 [KELAS MALAM] : Graf Tidak Berarah dan Graf Berbobot → Deadline: Tidak diketahui
[2026-08-10 18:03:38]      • [Materi] M4 : Aplikasi Teori Graf di Teknik Elektro File → Deadline: -
[2026-08-10 18:03:42]      • [Materi] Video Literasi M4 : Aplikasi Teori Graf di Teknik Elektro URL → Deadline: -
[2026-08-10 18:03:46]      • [Quiz] Kuis M4 [KELAS PAGI]: Aplikasi Teori Graf di Teknik Elektro → Deadline: Tidak diketahui
[2026-08-10 18:03:49]      • [Quiz] Kuis M4 [KELAS MALAM]: Aplikasi Teori Graf di Teknik Elektro → Deadline: Tidak diketahui
[2026-08-10 18:03:53]      • [Materi] M5 : Knowledge Graph dan Database Graph File → Deadline: -
[2026-08-10 18:03:57]      • [Materi] Video Literasi  M5 : Knowledge Graph dan Database Graph URL → Deadline: -
[2026-08-10 18:04:03]      • [Quiz] Kuis M5 [KELAS PAGI] : nowledge Graph dan Database Graph → Deadline: Tidak diketahui
[2026-08-10 18:04:07]      • [Quiz] Kuis M5 [KELAS MALAM] : Knowledge Graph dan Database Graph → Deadline: Tidak diketahui
[2026-08-10 18:04:11]      • [Materi] M6 : Graf Berarah dan Implementasinya File → Deadline: -
[2026-08-10 18:04:15]      • [Materi] Video Literasi M6 : Graf Berarah dan Implementasinya URL → Deadline: -
[2026-08-10 18:04:19]      • [Quiz] Kuis M6 [KELAS PAGI] : Graf Berarah dan Implementasinya → Deadline: Tidak diketahui
[2026-08-10 18:04:23]      • [Quiz] Kuis M6 [KELAS MALAM] : Graf Berarah dan Implementasinya → Deadline: Tidak diketahui
[2026-08-10 18:04:27]      • [Materi] M8 : Penerapan Teori Graf di Bidang Teknik Sipil File → Deadline: -
[2026-08-10 18:04:31]      • [Materi] Video Literasi M8 : Penerapan Teori Graf di Bidang Teknik Sipil URL → Deadline: -
[2026-08-10 18:04:35]      • [Quiz] Kuis M8 [KELAS PAGI] : Penerapan Teori Graf di Bidang Teknik Sipil → Deadline: Tidak diketahui
[2026-08-10 18:04:40]      • [Quiz] Kuis M8 [KELAS MALAM] : Penerapan Teori Graf di Bidang Teknik Sipil → Deadline: Tidak diketahui
[2026-08-10 18:04:45]      • [Materi] M10 : Penerapan Teori Graf  di Bidang Teknik Industri File → Deadline: -
[2026-08-10 18:04:49]      • [Materi] Video Literasi M10 : Penerapan Teori Graf  di Bidang Teknik Industri URL → Deadline: -
[2026-08-10 18:04:53]      • [Quiz] Kuis M10 [kelas pagi] : Penerapan Teori Graf  di Bidang Teknik Industri → Deadline: Tidak diketahui
[2026-08-10 18:04:58]      • [Quiz] Kuis M10 [kelas malam]: Penerapan Teori Graf  di Bidang Teknik Industri → Deadline: Tidak diketahui
[2026-08-10 18:05:02]      • [Materi] M11 : Program Dinamis dan Permasalahan Tata Letak Fasilitas File → Deadline: -
[2026-08-10 18:05:06]      • [Materi] video literasi : Program Dinamis dan Permasalahan Tata Letak Fasilitas URL → Deadline: -
[2026-08-10 18:05:10]      • [Quiz] Kuis M11 [kelas PAGI]: Program Dinamis dan Permasalahan Tata Letak Fasilitas → Deadline: Tidak diketahui
[2026-08-10 18:05:14]      • [Quiz] Kuis M11 [kelas MALAM]: Program Dinamis dan Permasalahan Tata Letak Fasilitas → Deadline: Tidak diketahui
[2026-08-10 18:05:18]      • [Materi] M12: Algoritma Greedy pada Graf File → Deadline: -
[2026-08-10 18:05:22]      • [Materi] Video literasi M12: Algoritma Greedy pada Graf URL → Deadline: -
[2026-08-10 18:05:27]      • [Quiz] Kuis M12 [kelas PAGI] → Deadline: Tidak diketahui
[2026-08-10 18:05:31]      • [Quiz] Kuis M12 [kelas MALAM] → Deadline: Tidak diketahui
[2026-08-10 18:05:35]      • [Materi] M13 File → Deadline: -
[2026-08-10 18:05:39]      • [Materi] Video Literasi M13 : Graph Theory Implementation in Oil Mining Company URL → Deadline: -
[2026-08-10 18:05:43]      • [Quiz] Kuis M13 [PAGI]: Graph Theory Implementation in Oil Mining Company → Deadline: Tidak diketahui
[2026-08-10 18:05:47]      • [Quiz] Kuis M13 [MALAM]: Graph Theory Implementation in Oil Mining Company → Deadline: Tidak diketahui
[2026-08-10 18:05:52]      • [Materi] M14 : Aplikasi Graf Lengkap sebagai Graf Representasi untuk Model Optimasi Rute Kendaraan File → Deadline: -
[2026-08-10 18:05:56]      • [Materi] Video Literasi : Aplikasi Graf Lengkap sebagai Graf Representasi untuk Model Optimasi Rute Kendaraan URL → Deadline: -
[2026-08-10 18:06:00]      • [Quiz] Kuis M14 [PAGI]: Aplikasi Graf Lengkap sebagai Graf Representasi untuk Model Optimasi Rute Kendaraan → Deadline: Tidak diketahui
[2026-08-10 18:06:04]      • [Quiz] Kuis M14 [MALAM]: Aplikasi Graf Lengkap sebagai Graf Representasi untuk Model Optimasi Rute Kendaraan → Deadline: Tidak diketahui
[2026-08-10 18:06:08] 📚 Mengambil mata kuliah ID 104413 ...
[2026-08-10 18:06:09]   ➤ ATA 2025/2026 | 3-FIKTI | Praktikum Terapan Teori Graf
[2026-08-10 18:06:09]      • [Materi] Panduan Praktikum  Forum → Deadline: -
[2026-08-10 18:06:13]      • [Materi] Panduan Google Collaboratory URL → Deadline: -
[2026-08-10 18:06:16]      • [Materi] Panduan Instalasi Anaconda URL → Deadline: -
[2026-08-10 18:06:20]      • [Quiz] Pre-Test (M1) → Deadline: Tidak diketahui
[2026-08-10 18:06:25]      • [Materi] 1.1  Pengantar: Teori Graf URL → Deadline: -
[2026-08-10 18:06:29]      • [Materi] 1.2  Sesi Hands-on Praktikum URL → Deadline: -
[2026-08-10 18:06:33]      • [Materi] 1.3 Tutorial Menambahkan File pada Mesin DGX URL → Deadline: -
[2026-08-10 18:06:37]      • [Quiz] Post-Test (M1) → Deadline: Tidak diketahui
[2026-08-10 18:06:42]      • [Assignment] Pengumpulan Tugas (M1) → Deadline: Saturday, 7 March 2026, 11:59 PM
[2026-08-10 18:06:46]      • [Quiz] Pre-Test (M2) → Deadline: Tidak diketahui
[2026-08-10 18:06:51]      • [Materi] 2.1  Pengantar: Berbagai Pemecahan Masalah Menggunakan Teori Graf Page → Deadline: -
[2026-08-10 18:06:55]      • [Quiz] Post-Test (M2) → Deadline: Tidak diketahui
[2026-08-10 18:07:00]      • [Assignment] Pengumpulan Tugas (M2) → Deadline: Saturday, 14 March 2026, 11:59 PM
[2026-08-10 18:07:05]      • [Quiz] Pre-Test (M4) → Deadline: Tidak diketahui
[2026-08-10 18:07:09]      • [Materi] 4.1  Pengantar: Breadth First Search URL → Deadline: -
[2026-08-10 18:07:12]      • [Materi] Sesi Praktikum File → Deadline: -
[2026-08-10 18:07:16]      • [Materi] Video Tutorial: Mendownload File IPYNB di Virtual Class URL → Deadline: -
[2026-08-10 18:07:20]      • [Quiz] Post-Test (M4) → Deadline: Tidak diketahui
[2026-08-10 18:07:25]      • [Assignment] Laporan Akhir (M4) → Deadline: Saturday, 11 April 2026, 11:59 PM
[2026-08-10 18:07:30]      • [Quiz] Pre-Test (M5) → Deadline: Tidak diketahui
[2026-08-10 18:07:34]      • [Materi] Sesi Praktikum URL → Deadline: -
[2026-08-10 18:07:39]      • [Quiz] Post-Test (M5) → Deadline: Tidak diketahui
[2026-08-10 18:07:44]      • [Assignment] Laporan Akhir (M5) → Deadline: Saturday, 18 April 2026, 11:59 PM
[2026-08-10 18:07:48]      • [Quiz] Pre-Test (M6) → Deadline: Tidak diketahui
[2026-08-10 18:07:53]      • [Materi] 6.1  Pendahuluan: Algoritma Dasar Tree URL → Deadline: -
[2026-08-10 18:07:58]      • [Materi] Sesi Praktikum File → Deadline: -
[2026-08-10 18:08:02]      • [Quiz] Post-Test (M6) → Deadline: Tidak diketahui
[2026-08-10 18:08:06]      • [Assignment] Laporan Akhir (M6) → Deadline: Saturday, 25 April 2026, 11:59 PM
[2026-08-10 18:08:09]      • [Quiz] Pre-Test (M8) → Deadline: Tidak diketahui
[2026-08-10 18:08:14]      • [Materi] 8.1  Pendahuluan: Implementasi Graph URL → Deadline: -
[2026-08-10 18:08:18]      • [Materi] Link File Praktikum I - family.pl → Deadline: -
[2026-08-10 18:08:22]      • [Materi] Link File Praktikum II - 8-puzzles.ipynb → Deadline: -
[2026-08-10 18:08:25]      • [Materi] Video Tutorial: Mendownload File IPYNB di Virtual Class URL → Deadline: -
[2026-08-10 18:08:29]      • [Quiz] Post-Test (M8) → Deadline: Tidak diketahui
[2026-08-10 18:08:34]      • [Assignment] Laporan Akhir (M8) → Deadline: Saturday, 9 May 2026, 11:59 PM
[2026-08-10 18:08:38]      • [Quiz] Pre-Test (M9) → Deadline: Tidak diketahui
[2026-08-10 18:08:42]      • [Materi] Sesi Hands-on Praktikum URL → Deadline: -
[2026-08-10 18:08:46]      • [Quiz] Post-Test (M9) → Deadline: Tidak diketahui
[2026-08-10 18:08:51]      • [Assignment] Pengumpulan Tugas (M9) → Deadline: Saturday, 16 May 2026, 11:59 PM
[2026-08-10 18:08:56]      • [Quiz] Pre-Test (M3) → Deadline: Tidak diketahui
[2026-08-10 18:09:00]      • [Materi] Sesi Praktikum URL → Deadline: -
[2026-08-10 18:09:03]      • [Materi] Video Tutorial: Menambahkan File pada Mesin DGX URL → Deadline: -
[2026-08-10 18:09:18]      • [Quiz] Post-Test (M3) → Deadline: Tidak diketahui
[2026-08-10 18:09:24]      • [Assignment] Pengumpulan Tugas (M3) → Deadline: Saturday, 23 May 2026, 11:59 PM
[2026-08-10 18:09:28]      • [Quiz] Pre-Test (M7) → Deadline: Tidak diketahui
[2026-08-10 18:09:32]      • [Materi] Link File Praktikum I - 3-Tekrek-Find-Center.ipynb → Deadline: -
[2026-08-10 18:09:36]      • [Materi] Link File Praktikum II - 3-Tekrek-Sortest-Path.ipynb → Deadline: -
[2026-08-10 18:09:40]      • [Materi] Video Tutorial: Mendownload File IPYNB di Virtual Class URL → Deadline: -
[2026-08-10 18:09:44]      • [Quiz] Post-Test (M7) → Deadline: Tidak diketahui
[2026-08-10 18:09:48]      • [Assignment] Laporan Akhir (M7) → Deadline: Saturday, 23 May 2026, 11:59 PM
[2026-08-10 18:09:53] 📦 Total tugas ditemukan: 126
[2026-08-10 18:09:53] 💾 Disimpan ke python/node/tugas.json
