[2026-05-21 09:45:51] 🔐 Login ke V-Class...
[2026-05-21 09:45:52] ✅ Login berhasil
[2026-05-21 09:45:52] 📚 Mengambil mata kuliah ID 108486 ...
[2026-05-21 09:45:52]   ➤ ATA 2025/2026 | 3KB01 | Jaringan Komputer Lanjut | VIVIEN NOVA FITHRIANA
[2026-05-21 09:45:52]      • [Materi] Announcements Forum → Deadline: -
[2026-05-21 09:45:56]      • [Materi] M1 File → Deadline: -
[2026-05-21 09:46:00]      • [Materi] M2 File → Deadline: -
[2026-05-21 09:46:04]      • [Materi] M3 File → Deadline: -
[2026-05-21 09:46:08]      • [Materi] M4 File → Deadline: -
[2026-05-21 09:46:13]      • [Materi] M5 File → Deadline: -
[2026-05-21 09:46:17]      • [Materi] M6 File → Deadline: -
[2026-05-21 09:46:21]      • [Materi] M7 File → Deadline: -
[2026-05-21 09:46:25]      • [Materi] VC-1 : Traffic dan Algoritma Kendali Kemacetan File → Deadline: -
[2026-05-21 09:46:29]      • [Materi] VC-1 : Traffic dan Algoritma Kendali Kemacetan File → Deadline: -
[2026-05-21 09:46:34]      • [Materi] Forum VC-1 : Traffic dan Algoritma Kendali Kemacetan → Deadline: -
[2026-05-21 09:46:38]      • [Quiz] Latihan Soal VC-1 : Traffic dan Algoritma Kendali Kemacetan → Deadline: Tidak diketahui
[2026-05-21 09:46:42]      • [Materi] VC-2 : Traffic dan Algoritma Kendali Kemacetan - Bagian 2 File → Deadline: -
[2026-05-21 09:46:47]      • [Materi] Forum VC-2 : Traffic dan Algoritma Kendali Kemacetan - Bagian 2 → Deadline: -
[2026-05-21 09:46:52]      • [Quiz] Latihan Soal VC-2 : Traffic dan Algoritma Kendali Kemacetan - Bagian 2 → Deadline: Monday, 25 May 2026, 11:59 PM
[2026-05-21 09:46:56]      • [Materi] VC-3 : Lapisan Transport File → Deadline: -
[2026-05-21 09:47:00]      • [Materi] Forum VC-3 : Lapisan Transport → Deadline: -
[2026-05-21 09:47:05]      • [Quiz] Latihan Soal VC-3 : Lapisan Transport → Deadline: Wednesday, 15 July 2026, 11:59 PM
[2026-05-21 09:47:10] 📚 Mengambil mata kuliah ID 108172 ...
[2026-05-21 09:47:10]   ➤ ATA 2025/2026 | 3KB01 | Internet of Things (IoT) | PURNAWARMAN MUSA
[2026-05-21 09:47:10]      • [Materi] Announcements Forum → Deadline: -
[2026-05-21 09:47:14]      • [Materi] M6 File → Deadline: -
[2026-05-21 09:47:19]      • [Quiz] Soal (Tugas Individu) → Deadline: Tidak diketahui
[2026-05-21 09:47:24]      • [Quiz] Soal (Tugas Individu) → Deadline: Tidak diketahui
[2026-05-21 09:47:27] 📚 Mengambil mata kuliah ID 109563 ...
[2026-05-21 09:47:27]   ➤ ATA 2025/2026 | 3KB01 | Sistem Tertanam (Embedded) * | RIDHA ISKANDAR
[2026-05-21 09:47:27]      • [Materi] Selamat Datang di V-Class Sistem Tertanam (Embedded) Forum → Deadline: -
[2026-05-21 09:47:32]      • [Assignment] File 1 → Deadline: Sunday, 26 April 2026, 12:00 AM
[2026-05-21 09:47:36] 📚 Mengambil mata kuliah ID 109970 ...
[2026-05-21 09:47:36]   ➤ ATA 2025/2026 | 2EB10 | Bahasa Indonesia | MELANIAWATI
[2026-05-21 09:47:36] 📚 Mengambil mata kuliah ID 107919 ...
[2026-05-21 09:47:36]   ➤ ATA 2025/2026 | 3KB01 | Sistem Cerdas Lanjut | NUR SULTAN SALAHUDDIN
[2026-05-21 09:47:36]      • [Materi] Announcements Forum → Deadline: -
[2026-05-21 09:47:40]      • [Assignment] Sistem Kesehatan Cerdas → Deadline: Thursday, 21 May 2026, 12:00 AM
[2026-05-21 09:47:45]      • [Quiz] Sistem Kesehatan Cerdas → Deadline: Thursday, 21 May 2026, 9:26 PM
[2026-05-21 09:47:49] 📚 Mengambil mata kuliah ID 107291 ...
[2026-05-21 09:47:49]   ➤ ATA 2025/2026 | 3KB01 | Pengantarmukaan Perif.Komputer * | FARID THALIB
[2026-05-21 09:47:49]      • [Materi] Announcements Forum → Deadline: -
[2026-05-21 09:47:53] 📚 Mengambil mata kuliah ID 104438 ...
[2026-05-21 09:47:53]   ➤ ATA 2025/2026 | 3-FIKTI | Terapan Teori Graf | TEAM TEACHING
[2026-05-21 09:47:53]      • [Materi] PEMBERITAHUAN PELAKSANAAN TEAM TEACHING TERAPAN TEORI GRAF Forum → Deadline: -
[2026-05-21 09:47:57]      • [Materi] M1: Pendahuluan Teori Graf File → Deadline: -
[2026-05-21 09:48:01]      • [Materi] Video Literasi M1: Pendahuluan Teori Graf URL → Deadline: -
[2026-05-21 09:48:05]      • [Quiz] Kuis M1 [kelas PAGI] → Deadline: Tidak diketahui
[2026-05-21 09:48:09]      • [Quiz] Kuis M1 [kelas MALAM] → Deadline: Tidak diketahui
[2026-05-21 09:48:13]      • [Materi] M2: Graf Tidak Berarah dan Graf Berbobot File → Deadline: -
[2026-05-21 09:48:18]      • [Materi] Video Literasi M2 : Graf Tidak Berarah dan Graf Berbobot URL → Deadline: -
[2026-05-21 09:48:22]      • [Quiz] Kuis M2 [KELAS PAGI] : Graf Tidak Berarah dan Graf Berbobot → Deadline: Tidak diketahui
[2026-05-21 09:48:26]      • [Quiz] Kuis M2 [KELAS MALAM] : Graf Tidak Berarah dan Graf Berbobot → Deadline: Tidak diketahui
[2026-05-21 09:48:30]      • [Materi] M4 : Aplikasi Teori Graf di Teknik Elektro File → Deadline: -
[2026-05-21 09:48:35]      • [Materi] Video Literasi M4 : Aplikasi Teori Graf di Teknik Elektro URL → Deadline: -
[2026-05-21 09:48:40]      • [Quiz] Kuis M4 [KELAS PAGI]: Aplikasi Teori Graf di Teknik Elektro → Deadline: Tidak diketahui
[2026-05-21 09:48:45]      • [Quiz] Kuis M4 [KELAS MALAM]: Aplikasi Teori Graf di Teknik Elektro → Deadline: Tidak diketahui
[2026-05-21 09:48:49]      • [Materi] M5 : Knowledge Graph dan Database Graph File → Deadline: -
[2026-05-21 09:48:54]      • [Materi] Video Literasi  M5 : Knowledge Graph dan Database Graph URL → Deadline: -
[2026-05-21 09:48:59]      • [Quiz] Kuis M5 [KELAS PAGI] : nowledge Graph dan Database Graph → Deadline: Tidak diketahui
[2026-05-21 09:49:04]      • [Quiz] Kuis M5 [KELAS MALAM] : Knowledge Graph dan Database Graph → Deadline: Tidak diketahui
[2026-05-21 09:49:08]      • [Materi] M6 : Graf Berarah dan Implementasinya File → Deadline: -
[2026-05-21 09:49:13]      • [Materi] Video Literasi M6 : Graf Berarah dan Implementasinya URL → Deadline: -
[2026-05-21 09:49:18]      • [Quiz] Kuis M6 [KELAS PAGI] : Graf Berarah dan Implementasinya → Deadline: Tidak diketahui
[2026-05-21 09:49:23]      • [Quiz] Kuis M6 [KELAS MALAM] : Graf Berarah dan Implementasinya → Deadline: Tidak diketahui
[2026-05-21 09:49:27]      • [Materi] M8 : Penerapan Teori Graf di Bidang Teknik Sipil File → Deadline: -
[2026-05-21 09:49:32]      • [Materi] Video Literasi M8 : Penerapan Teori Graf di Bidang Teknik Sipil URL → Deadline: -
[2026-05-21 09:49:37]      • [Quiz] Kuis M8 [KELAS PAGI] : Penerapan Teori Graf di Bidang Teknik Sipil → Deadline: Tidak diketahui
[2026-05-21 09:49:41]      • [Quiz] Kuis M8 [KELAS MALAM] : Penerapan Teori Graf di Bidang Teknik Sipil → Deadline: Tidak diketahui
[2026-05-21 09:49:45] 📚 Mengambil mata kuliah ID 104413 ...
[2026-05-21 09:49:45]   ➤ ATA 2025/2026 | 3-FIKTI | Praktikum Terapan Teori Graf
[2026-05-21 09:49:45]      • [Materi] Panduan Praktikum  Forum → Deadline: -
[2026-05-21 09:49:49]      • [Materi] Panduan Google Collaboratory URL → Deadline: -
[2026-05-21 09:49:54]      • [Materi] Panduan Instalasi Anaconda URL → Deadline: -
[2026-05-21 09:49:58]      • [Quiz] Pre-Test (M1) → Deadline: Tidak diketahui
[2026-05-21 09:50:03]      • [Materi] 1.1  Pengantar: Teori Graf URL → Deadline: -
[2026-05-21 09:50:07]      • [Materi] 1.2  Sesi Hands-on Praktikum URL → Deadline: -
[2026-05-21 09:50:11]      • [Materi] 1.3 Tutorial Menambahkan File pada Mesin DGX URL → Deadline: -
[2026-05-21 09:50:16]      • [Quiz] Post-Test (M1) → Deadline: Tidak diketahui
[2026-05-21 09:50:20]      • [Assignment] Pengumpulan Tugas (M1) → Deadline: Saturday, 7 March 2026, 11:59 PM
[2026-05-21 09:50:25]      • [Quiz] Pre-Test (M2) → Deadline: Tidak diketahui
[2026-05-21 09:50:29]      • [Materi] 2.1  Pengantar: Berbagai Pemecahan Masalah Menggunakan Teori Graf Page → Deadline: -
[2026-05-21 09:50:33]      • [Quiz] Post-Test (M2) → Deadline: Tidak diketahui
[2026-05-21 09:50:38]      • [Assignment] Pengumpulan Tugas (M2) → Deadline: Saturday, 14 March 2026, 11:59 PM
[2026-05-21 09:50:43]      • [Quiz] Pre-Test (M4) → Deadline: Tidak diketahui
[2026-05-21 09:50:48]      • [Materi] 4.1  Pengantar: Breadth First Search URL → Deadline: -
[2026-05-21 09:50:52]      • [Materi] Sesi Praktikum File → Deadline: -
[2026-05-21 09:50:57]      • [Materi] Video Tutorial: Mendownload File IPYNB di Virtual Class URL → Deadline: -
[2026-05-21 09:51:01]      • [Quiz] Post-Test (M4) → Deadline: Tidak diketahui
[2026-05-21 09:51:06]      • [Assignment] Laporan Akhir (M4) → Deadline: Saturday, 11 April 2026, 11:59 PM
[2026-05-21 09:51:10]      • [Quiz] Pre-Test (M5) → Deadline: Tidak diketahui
[2026-05-21 09:51:14]      • [Materi] Sesi Praktikum URL → Deadline: -
[2026-05-21 09:51:18]      • [Quiz] Post-Test (M5) → Deadline: Tidak diketahui
[2026-05-21 09:51:23]      • [Assignment] Laporan Akhir (M5) → Deadline: Saturday, 18 April 2026, 11:59 PM
[2026-05-21 09:51:27]      • [Quiz] Pre-Test (M6) → Deadline: Tidak diketahui
[2026-05-21 09:51:31]      • [Materi] 6.1  Pendahuluan: Algoritma Dasar Tree URL → Deadline: -
[2026-05-21 09:51:35]      • [Materi] Sesi Praktikum File → Deadline: -
[2026-05-21 09:51:40]      • [Quiz] Post-Test (M6) → Deadline: Tidak diketahui
[2026-05-21 09:51:45]      • [Assignment] Laporan Akhir (M6) → Deadline: Saturday, 25 April 2026, 11:59 PM
[2026-05-21 09:51:49]      • [Quiz] Pre-Test (M8) → Deadline: Tidak diketahui
[2026-05-21 09:51:54]      • [Materi] 8.1  Pendahuluan: Implementasi Graph URL → Deadline: -
[2026-05-21 09:51:58]      • [Materi] Link File Praktikum I - family.pl → Deadline: -
[2026-05-21 09:52:02]      • [Materi] Link File Praktikum II - 8-puzzles.ipynb → Deadline: -
[2026-05-21 09:52:06]      • [Materi] Video Tutorial: Mendownload File IPYNB di Virtual Class URL → Deadline: -
[2026-05-21 09:52:11]      • [Quiz] Post-Test (M8) → Deadline: Tidak diketahui
[2026-05-21 09:52:14]      • [Assignment] Laporan Akhir (M8) → Deadline: Saturday, 9 May 2026, 11:59 PM
[2026-05-21 09:52:18]      • [Quiz] Pre-Test (M9) → Deadline: Tidak diketahui
[2026-05-21 09:52:23]      • [Materi] Sesi Hands-on Praktikum URL → Deadline: -
[2026-05-21 09:52:27]      • [Quiz] Post-Test (M9) → Deadline: Tidak diketahui
[2026-05-21 09:52:32]      • [Assignment] Pengumpulan Tugas (M9) → Deadline: Saturday, 16 May 2026, 11:59 PM
[2026-05-21 09:52:37]      • [Quiz] Pre-Test (M3) → Deadline: Saturday, 23 May 2026, 11:59 PM
[2026-05-21 09:52:41]      • [Materi] Sesi Praktikum URL → Deadline: -
[2026-05-21 09:52:45]      • [Materi] Video Tutorial: Menambahkan File pada Mesin DGX URL → Deadline: -
[2026-05-21 09:52:49]      • [Quiz] Post-Test (M3) → Deadline: Saturday, 23 May 2026, 11:59 PM
[2026-05-21 09:52:54]      • [Assignment] Pengumpulan Tugas (M3) → Deadline: Saturday, 23 May 2026, 11:59 PM
[2026-05-21 09:52:58]      • [Quiz] Pre-Test (M7) → Deadline: Saturday, 23 May 2026, 11:59 PM
[2026-05-21 09:53:02]      • [Materi] Link File Praktikum I - 3-Tekrek-Find-Center.ipynb → Deadline: -
[2026-05-21 09:53:07]      • [Materi] Link File Praktikum II - 3-Tekrek-Sortest-Path.ipynb → Deadline: -
[2026-05-21 09:53:11]      • [Materi] Video Tutorial: Mendownload File IPYNB di Virtual Class URL → Deadline: -
[2026-05-21 09:53:16]      • [Quiz] Post-Test (M7) → Deadline: Saturday, 23 May 2026, 11:59 PM
[2026-05-21 09:53:20]      • [Assignment] Laporan Akhir (M7) → Deadline: Saturday, 23 May 2026, 11:59 PM
[2026-05-21 09:53:25] 📦 Total tugas ditemukan: 103
[2026-05-21 09:53:25] 💾 Disimpan ke python/node/tugas.json
[2026-05-21 18:00:25] 🔐 Login ke V-Class...
[2026-05-21 18:00:26] ✅ Login berhasil
[2026-05-21 18:00:26] 📚 Mengambil mata kuliah ID 108486 ...
[2026-05-21 18:00:26]   ➤ ATA 2025/2026 | 3KB01 | Jaringan Komputer Lanjut | VIVIEN NOVA FITHRIANA
[2026-05-21 18:00:26]      • [Materi] Announcements Forum → Deadline: -
[2026-05-21 18:00:30]      • [Materi] M1 File → Deadline: -
[2026-05-21 18:00:35]      • [Materi] M2 File → Deadline: -
[2026-05-21 18:00:39]      • [Materi] M3 File → Deadline: -
[2026-05-21 18:00:43]      • [Materi] M4 File → Deadline: -
[2026-05-21 18:00:47]      • [Materi] M5 File → Deadline: -
[2026-05-21 18:00:51]      • [Materi] M6 File → Deadline: -
[2026-05-21 18:00:55]      • [Materi] M7 File → Deadline: -
[2026-05-21 18:00:59]      • [Materi] VC-1 : Traffic dan Algoritma Kendali Kemacetan File → Deadline: -
[2026-05-21 18:01:04]      • [Materi] VC-1 : Traffic dan Algoritma Kendali Kemacetan File → Deadline: -
[2026-05-21 18:01:09]      • [Materi] Forum VC-1 : Traffic dan Algoritma Kendali Kemacetan → Deadline: -
[2026-05-21 18:01:13]      • [Quiz] Latihan Soal VC-1 : Traffic dan Algoritma Kendali Kemacetan → Deadline: Tidak diketahui
[2026-05-21 18:01:17]      • [Materi] VC-2 : Traffic dan Algoritma Kendali Kemacetan - Bagian 2 File → Deadline: -
[2026-05-21 18:01:21]      • [Materi] Forum VC-2 : Traffic dan Algoritma Kendali Kemacetan - Bagian 2 → Deadline: -
[2026-05-21 18:01:26]      • [Quiz] Latihan Soal VC-2 : Traffic dan Algoritma Kendali Kemacetan - Bagian 2 → Deadline: Monday, 25 May 2026, 11:59 PM
[2026-05-21 18:01:30]      • [Materi] VC-3 : Lapisan Transport File → Deadline: -
[2026-05-21 18:01:34]      • [Materi] Forum VC-3 : Lapisan Transport → Deadline: -
[2026-05-21 18:01:38]      • [Quiz] Latihan Soal VC-3 : Lapisan Transport → Deadline: Wednesday, 15 July 2026, 11:59 PM
[2026-05-21 18:01:42] 📚 Mengambil mata kuliah ID 108172 ...
[2026-05-21 18:01:42]   ➤ ATA 2025/2026 | 3KB01 | Internet of Things (IoT) | PURNAWARMAN MUSA
[2026-05-21 18:01:42]      • [Materi] Announcements Forum → Deadline: -
[2026-05-21 18:01:46]      • [Materi] M6 File → Deadline: -
[2026-05-21 18:01:50]      • [Quiz] Soal (Tugas Individu) → Deadline: Tidak diketahui
[2026-05-21 18:01:54]      • [Quiz] Soal (Tugas Individu) → Deadline: Tidak diketahui
[2026-05-21 18:01:59] 📚 Mengambil mata kuliah ID 109563 ...
[2026-05-21 18:01:59]   ➤ ATA 2025/2026 | 3KB01 | Sistem Tertanam (Embedded) * | RIDHA ISKANDAR
[2026-05-21 18:01:59]      • [Materi] Selamat Datang di V-Class Sistem Tertanam (Embedded) Forum → Deadline: -
[2026-05-21 18:02:04]      • [Assignment] File 1 → Deadline: Sunday, 26 April 2026, 12:00 AM
[2026-05-21 18:02:08] 📚 Mengambil mata kuliah ID 109970 ...
[2026-05-21 18:02:08]   ➤ ATA 2025/2026 | 2EB10 | Bahasa Indonesia | MELANIAWATI
[2026-05-21 18:02:08] 📚 Mengambil mata kuliah ID 107919 ...
[2026-05-21 18:02:08]   ➤ ATA 2025/2026 | 3KB01 | Sistem Cerdas Lanjut | NUR SULTAN SALAHUDDIN
[2026-05-21 18:02:08]      • [Materi] Announcements Forum → Deadline: -
[2026-05-21 18:02:11]      • [Assignment] Sistem Kesehatan Cerdas → Deadline: Thursday, 21 May 2026, 12:00 AM
[2026-05-21 18:02:17]      • [Quiz] Sistem Kesehatan Cerdas → Deadline: Thursday, 21 May 2026, 9:26 PM
[2026-05-21 18:02:21] 📚 Mengambil mata kuliah ID 107291 ...
[2026-05-21 18:02:21]   ➤ ATA 2025/2026 | 3KB01 | Pengantarmukaan Perif.Komputer * | FARID THALIB
[2026-05-21 18:02:21]      • [Materi] Announcements Forum → Deadline: -
[2026-05-21 18:02:26] 📚 Mengambil mata kuliah ID 104438 ...
[2026-05-21 18:02:26]   ➤ ATA 2025/2026 | 3-FIKTI | Terapan Teori Graf | TEAM TEACHING
[2026-05-21 18:02:26]      • [Materi] PEMBERITAHUAN PELAKSANAAN TEAM TEACHING TERAPAN TEORI GRAF Forum → Deadline: -
[2026-05-21 18:02:30]      • [Materi] M1: Pendahuluan Teori Graf File → Deadline: -
[2026-05-21 18:02:34]      • [Materi] Video Literasi M1: Pendahuluan Teori Graf URL → Deadline: -
[2026-05-21 18:02:39]      • [Quiz] Kuis M1 [kelas PAGI] → Deadline: Tidak diketahui
[2026-05-21 18:02:43]      • [Quiz] Kuis M1 [kelas MALAM] → Deadline: Tidak diketahui
[2026-05-21 18:02:47]      • [Materi] M2: Graf Tidak Berarah dan Graf Berbobot File → Deadline: -
[2026-05-21 18:02:51]      • [Materi] Video Literasi M2 : Graf Tidak Berarah dan Graf Berbobot URL → Deadline: -
[2026-05-21 18:02:56]      • [Quiz] Kuis M2 [KELAS PAGI] : Graf Tidak Berarah dan Graf Berbobot → Deadline: Tidak diketahui
[2026-05-21 18:03:01]      • [Quiz] Kuis M2 [KELAS MALAM] : Graf Tidak Berarah dan Graf Berbobot → Deadline: Tidak diketahui
[2026-05-21 18:03:05]      • [Materi] M4 : Aplikasi Teori Graf di Teknik Elektro File → Deadline: -
[2026-05-21 18:03:10]      • [Materi] Video Literasi M4 : Aplikasi Teori Graf di Teknik Elektro URL → Deadline: -
[2026-05-21 18:03:14]      • [Quiz] Kuis M4 [KELAS PAGI]: Aplikasi Teori Graf di Teknik Elektro → Deadline: Tidak diketahui
[2026-05-21 18:03:18]      • [Quiz] Kuis M4 [KELAS MALAM]: Aplikasi Teori Graf di Teknik Elektro → Deadline: Tidak diketahui
[2026-05-21 18:03:23]      • [Materi] M5 : Knowledge Graph dan Database Graph File → Deadline: -
[2026-05-21 18:03:27]      • [Materi] Video Literasi  M5 : Knowledge Graph dan Database Graph URL → Deadline: -
[2026-05-21 18:03:32]      • [Quiz] Kuis M5 [KELAS PAGI] : nowledge Graph dan Database Graph → Deadline: Tidak diketahui
[2026-05-21 18:03:36]      • [Quiz] Kuis M5 [KELAS MALAM] : Knowledge Graph dan Database Graph → Deadline: Tidak diketahui
[2026-05-21 18:03:40]      • [Materi] M6 : Graf Berarah dan Implementasinya File → Deadline: -
[2026-05-21 18:03:43]      • [Materi] Video Literasi M6 : Graf Berarah dan Implementasinya URL → Deadline: -
[2026-05-21 18:03:48]      • [Quiz] Kuis M6 [KELAS PAGI] : Graf Berarah dan Implementasinya → Deadline: Tidak diketahui
[2026-05-21 18:03:52]      • [Quiz] Kuis M6 [KELAS MALAM] : Graf Berarah dan Implementasinya → Deadline: Tidak diketahui
[2026-05-21 18:03:56]      • [Materi] M8 : Penerapan Teori Graf di Bidang Teknik Sipil File → Deadline: -
[2026-05-21 18:04:01]      • [Materi] Video Literasi M8 : Penerapan Teori Graf di Bidang Teknik Sipil URL → Deadline: -
[2026-05-21 18:04:05]      • [Quiz] Kuis M8 [KELAS PAGI] : Penerapan Teori Graf di Bidang Teknik Sipil → Deadline: Tidak diketahui
[2026-05-21 18:04:09]      • [Quiz] Kuis M8 [KELAS MALAM] : Penerapan Teori Graf di Bidang Teknik Sipil → Deadline: Tidak diketahui
[2026-05-21 18:04:13] 📚 Mengambil mata kuliah ID 104413 ...
[2026-05-21 18:04:13]   ➤ ATA 2025/2026 | 3-FIKTI | Praktikum Terapan Teori Graf
[2026-05-21 18:04:13]      • [Materi] Panduan Praktikum  Forum → Deadline: -
[2026-05-21 18:04:17]      • [Materi] Panduan Google Collaboratory URL → Deadline: -
[2026-05-21 18:04:22]      • [Materi] Panduan Instalasi Anaconda URL → Deadline: -
[2026-05-21 18:04:26]      • [Quiz] Pre-Test (M1) → Deadline: Tidak diketahui
[2026-05-21 18:04:30]      • [Materi] 1.1  Pengantar: Teori Graf URL → Deadline: -
[2026-05-21 18:04:34]      • [Materi] 1.2  Sesi Hands-on Praktikum URL → Deadline: -
[2026-05-21 18:04:39]      • [Materi] 1.3 Tutorial Menambahkan File pada Mesin DGX URL → Deadline: -
[2026-05-21 18:04:44]      • [Quiz] Post-Test (M1) → Deadline: Tidak diketahui
[2026-05-21 18:04:48]      • [Assignment] Pengumpulan Tugas (M1) → Deadline: Saturday, 7 March 2026, 11:59 PM
[2026-05-21 18:04:52]      • [Quiz] Pre-Test (M2) → Deadline: Tidak diketahui
[2026-05-21 18:04:56]      • [Materi] 2.1  Pengantar: Berbagai Pemecahan Masalah Menggunakan Teori Graf Page → Deadline: -
[2026-05-21 18:05:00]      • [Quiz] Post-Test (M2) → Deadline: Tidak diketahui
[2026-05-21 18:05:05]      • [Assignment] Pengumpulan Tugas (M2) → Deadline: Saturday, 14 March 2026, 11:59 PM
[2026-05-21 18:05:09]      • [Quiz] Pre-Test (M4) → Deadline: Tidak diketahui
[2026-05-21 18:05:14]      • [Materi] 4.1  Pengantar: Breadth First Search URL → Deadline: -
[2026-05-21 18:05:18]      • [Materi] Sesi Praktikum File → Deadline: -
[2026-05-21 18:05:23]      • [Materi] Video Tutorial: Mendownload File IPYNB di Virtual Class URL → Deadline: -
[2026-05-21 18:05:28]      • [Quiz] Post-Test (M4) → Deadline: Tidak diketahui
[2026-05-21 18:05:32]      • [Assignment] Laporan Akhir (M4) → Deadline: Saturday, 11 April 2026, 11:59 PM
[2026-05-21 18:05:36]      • [Quiz] Pre-Test (M5) → Deadline: Tidak diketahui
[2026-05-21 18:05:40]      • [Materi] Sesi Praktikum URL → Deadline: -
[2026-05-21 18:05:45]      • [Quiz] Post-Test (M5) → Deadline: Tidak diketahui
[2026-05-21 18:05:48]      • [Assignment] Laporan Akhir (M5) → Deadline: Saturday, 18 April 2026, 11:59 PM
[2026-05-21 18:05:53]      • [Quiz] Pre-Test (M6) → Deadline: Tidak diketahui
[2026-05-21 18:05:58]      • [Materi] 6.1  Pendahuluan: Algoritma Dasar Tree URL → Deadline: -
[2026-05-21 18:06:02]      • [Materi] Sesi Praktikum File → Deadline: -
[2026-05-21 18:06:07]      • [Quiz] Post-Test (M6) → Deadline: Tidak diketahui
[2026-05-21 18:06:12]      • [Assignment] Laporan Akhir (M6) → Deadline: Saturday, 25 April 2026, 11:59 PM
[2026-05-21 18:06:16]      • [Quiz] Pre-Test (M8) → Deadline: Tidak diketahui
[2026-05-21 18:06:20]      • [Materi] 8.1  Pendahuluan: Implementasi Graph URL → Deadline: -
[2026-05-21 18:06:25]      • [Materi] Link File Praktikum I - family.pl → Deadline: -
[2026-05-21 18:06:28]      • [Materi] Link File Praktikum II - 8-puzzles.ipynb → Deadline: -
[2026-05-21 18:06:33]      • [Materi] Video Tutorial: Mendownload File IPYNB di Virtual Class URL → Deadline: -
[2026-05-21 18:06:38]      • [Quiz] Post-Test (M8) → Deadline: Tidak diketahui
[2026-05-21 18:06:42]      • [Assignment] Laporan Akhir (M8) → Deadline: Saturday, 9 May 2026, 11:59 PM
[2026-05-21 18:06:47]      • [Quiz] Pre-Test (M9) → Deadline: Tidak diketahui
[2026-05-21 18:06:51]      • [Materi] Sesi Hands-on Praktikum URL → Deadline: -
[2026-05-21 18:06:55]      • [Quiz] Post-Test (M9) → Deadline: Tidak diketahui
[2026-05-21 18:07:00]      • [Assignment] Pengumpulan Tugas (M9) → Deadline: Saturday, 16 May 2026, 11:59 PM
[2026-05-21 18:07:05]      • [Quiz] Pre-Test (M3) → Deadline: Saturday, 23 May 2026, 11:59 PM
[2026-05-21 18:07:09]      • [Materi] Sesi Praktikum URL → Deadline: -
[2026-05-21 18:07:13]      • [Materi] Video Tutorial: Menambahkan File pada Mesin DGX URL → Deadline: -
[2026-05-21 18:07:18]      • [Quiz] Post-Test (M3) → Deadline: Saturday, 23 May 2026, 11:59 PM
[2026-05-21 18:07:23]      • [Assignment] Pengumpulan Tugas (M3) → Deadline: Saturday, 23 May 2026, 11:59 PM
[2026-05-21 18:07:26]      • [Quiz] Pre-Test (M7) → Deadline: Saturday, 23 May 2026, 11:59 PM
[2026-05-21 18:07:30]      • [Materi] Link File Praktikum I - 3-Tekrek-Find-Center.ipynb → Deadline: -
[2026-05-21 18:07:35]      • [Materi] Link File Praktikum II - 3-Tekrek-Sortest-Path.ipynb → Deadline: -
[2026-05-21 18:07:40]      • [Materi] Video Tutorial: Mendownload File IPYNB di Virtual Class URL → Deadline: -
[2026-05-21 18:07:45]      • [Quiz] Post-Test (M7) → Deadline: Saturday, 23 May 2026, 11:59 PM
[2026-05-21 18:07:48]      • [Assignment] Laporan Akhir (M7) → Deadline: Saturday, 23 May 2026, 11:59 PM
[2026-05-21 18:07:52] 📦 Total tugas ditemukan: 103
[2026-05-21 18:07:52] 💾 Disimpan ke python/node/tugas.json
