[2026-06-28 09:45:45] 🔐 Login ke V-Class...
[2026-06-28 09:45:46] ✅ Login berhasil
[2026-06-28 09:45:46] 📚 Mengambil mata kuliah ID 108486 ...
[2026-06-28 09:45:46]   ➤ ATA 2025/2026 | 3KB01 | Jaringan Komputer Lanjut | VIVIEN NOVA FITHRIANA
[2026-06-28 09:45:46]      • [Materi] Announcements Forum → Deadline: -
[2026-06-28 09:45:50]      • [Materi] M1 File → Deadline: -
[2026-06-28 09:45:54]      • [Materi] M2 File → Deadline: -
[2026-06-28 09:45:59]      • [Materi] M3 File → Deadline: -
[2026-06-28 09:46:02]      • [Materi] M4 File → Deadline: -
[2026-06-28 09:46:07]      • [Materi] M5 File → Deadline: -
[2026-06-28 09:46:10]      • [Materi] M6 File → Deadline: -
[2026-06-28 09:46:15]      • [Materi] M7 File → Deadline: -
[2026-06-28 09:46:19]      • [Materi] VC-1 : Traffic dan Algoritma Kendali Kemacetan File → Deadline: -
[2026-06-28 09:46:23]      • [Materi] VC-1 : Traffic dan Algoritma Kendali Kemacetan File → Deadline: -
[2026-06-28 09:46:27]      • [Materi] Forum VC-1 : Traffic dan Algoritma Kendali Kemacetan → Deadline: -
[2026-06-28 09:46:31]      • [Quiz] Latihan Soal VC-1 : Traffic dan Algoritma Kendali Kemacetan → Deadline: Tidak diketahui
[2026-06-28 09:46:35]      • [Materi] VC-2 : Traffic dan Algoritma Kendali Kemacetan - Bagian 2 File → Deadline: -
[2026-06-28 09:46:39]      • [Materi] Forum VC-2 : Traffic dan Algoritma Kendali Kemacetan - Bagian 2 → Deadline: -
[2026-06-28 09:46:44]      • [Quiz] Latihan Soal VC-2 : Traffic dan Algoritma Kendali Kemacetan - Bagian 2 → Deadline: Tidak diketahui
[2026-06-28 09:46:48]      • [Materi] VC-3 : Lapisan Transport File → Deadline: -
[2026-06-28 09:46:52]      • [Materi] Forum VC-3 : Lapisan Transport → Deadline: -
[2026-06-28 09:46:57]      • [Quiz] Latihan Soal VC-3 : Lapisan Transport → Deadline: Wednesday, 15 July 2026, 11:59 PM
[2026-06-28 09:47:01] 📚 Mengambil mata kuliah ID 108172 ...
[2026-06-28 09:47:01]   ➤ ATA 2025/2026 | 3KB01 | Internet of Things (IoT) | PURNAWARMAN MUSA
[2026-06-28 09:47:01]      • [Materi] Announcements Forum → Deadline: -
[2026-06-28 09:47:06]      • [Materi] M6 File → Deadline: -
[2026-06-28 09:47:11]      • [Quiz] Soal (Tugas Individu) → Deadline: Tidak diketahui
[2026-06-28 09:47:15]      • [Quiz] Soal (Tugas Individu) → Deadline: Tidak diketahui
[2026-06-28 09:47:19] 📚 Mengambil mata kuliah ID 109563 ...
[2026-06-28 09:47:19]   ➤ ATA 2025/2026 | 3KB01 | Sistem Tertanam (Embedded) * | RIDHA ISKANDAR
[2026-06-28 09:47:19]      • [Materi] Selamat Datang di V-Class Sistem Tertanam (Embedded) Forum → Deadline: -
[2026-06-28 09:47:23]      • [Assignment] File 1 → Deadline: Sunday, 26 April 2026, 12:00 AM
[2026-06-28 09:47:28] 📚 Mengambil mata kuliah ID 109970 ...
[2026-06-28 09:47:28]   ➤ ATA 2025/2026 | 2EB10 | Bahasa Indonesia | MELANIAWATI
[2026-06-28 09:47:28] 📚 Mengambil mata kuliah ID 107919 ...
[2026-06-28 09:47:28]   ➤ ATA 2025/2026 | 3KB01 | Sistem Cerdas Lanjut | NUR SULTAN SALAHUDDIN
[2026-06-28 09:47:28]      • [Materi] Announcements Forum → Deadline: -
[2026-06-28 09:47:33]      • [Assignment] Sistem Kesehatan Cerdas → Deadline: Thursday, 21 May 2026, 12:00 AM
[2026-06-28 09:47:37]      • [Quiz] Sistem Kesehatan Cerdas → Deadline: Tidak diketahui
[2026-06-28 09:47:42] 📚 Mengambil mata kuliah ID 107291 ...
[2026-06-28 09:47:42]   ➤ ATA 2025/2026 | 3KB01 | Pengantarmukaan Perif.Komputer * | FARID THALIB
[2026-06-28 09:47:42]      • [Materi] Announcements Forum → Deadline: -
[2026-06-28 09:47:47] 📚 Mengambil mata kuliah ID 104438 ...
[2026-06-28 09:47:47]   ➤ ATA 2025/2026 | 3-FIKTI | Terapan Teori Graf | TEAM TEACHING
[2026-06-28 09:47:47]      • [Materi] PEMBERITAHUAN UTS SUSULAN File → Deadline: -
[2026-06-28 09:47:51]      • [Materi] PEMBERITAHUAN PELAKSANAAN TEAM TEACHING TERAPAN TEORI GRAF Forum → Deadline: -
[2026-06-28 09:47:56]      • [Materi] M1: Pendahuluan Teori Graf File → Deadline: -
[2026-06-28 09:48:00]      • [Materi] Video Literasi M1: Pendahuluan Teori Graf URL → Deadline: -
[2026-06-28 09:48:05]      • [Quiz] Kuis M1 [kelas PAGI] → Deadline: Tidak diketahui
[2026-06-28 09:48:09]      • [Quiz] Kuis M1 [kelas MALAM] → Deadline: Tidak diketahui
[2026-06-28 09:48:13]      • [Materi] M2: Graf Tidak Berarah dan Graf Berbobot File → Deadline: -
[2026-06-28 09:48:18]      • [Materi] Video Literasi M2 : Graf Tidak Berarah dan Graf Berbobot URL → Deadline: -
[2026-06-28 09:48:22]      • [Quiz] Kuis M2 [KELAS PAGI] : Graf Tidak Berarah dan Graf Berbobot → Deadline: Tidak diketahui
[2026-06-28 09:48:27]      • [Quiz] Kuis M2 [KELAS MALAM] : Graf Tidak Berarah dan Graf Berbobot → Deadline: Tidak diketahui
[2026-06-28 09:48:31]      • [Materi] M4 : Aplikasi Teori Graf di Teknik Elektro File → Deadline: -
[2026-06-28 09:48:35]      • [Materi] Video Literasi M4 : Aplikasi Teori Graf di Teknik Elektro URL → Deadline: -
[2026-06-28 09:48:40]      • [Quiz] Kuis M4 [KELAS PAGI]: Aplikasi Teori Graf di Teknik Elektro → Deadline: Tidak diketahui
[2026-06-28 09:48:44]      • [Quiz] Kuis M4 [KELAS MALAM]: Aplikasi Teori Graf di Teknik Elektro → Deadline: Tidak diketahui
[2026-06-28 09:48:48]      • [Materi] M5 : Knowledge Graph dan Database Graph File → Deadline: -
[2026-06-28 09:48:52]      • [Materi] Video Literasi  M5 : Knowledge Graph dan Database Graph URL → Deadline: -
[2026-06-28 09:48:57]      • [Quiz] Kuis M5 [KELAS PAGI] : nowledge Graph dan Database Graph → Deadline: Tidak diketahui
[2026-06-28 09:49:01]      • [Quiz] Kuis M5 [KELAS MALAM] : Knowledge Graph dan Database Graph → Deadline: Tidak diketahui
[2026-06-28 09:49:06]      • [Materi] M6 : Graf Berarah dan Implementasinya File → Deadline: -
[2026-06-28 09:49:09]      • [Materi] Video Literasi M6 : Graf Berarah dan Implementasinya URL → Deadline: -
[2026-06-28 09:49:13]      • [Quiz] Kuis M6 [KELAS PAGI] : Graf Berarah dan Implementasinya → Deadline: Tidak diketahui
[2026-06-28 09:49:18]      • [Quiz] Kuis M6 [KELAS MALAM] : Graf Berarah dan Implementasinya → Deadline: Tidak diketahui
[2026-06-28 09:49:22]      • [Materi] M8 : Penerapan Teori Graf di Bidang Teknik Sipil File → Deadline: -
[2026-06-28 09:49:26]      • [Materi] Video Literasi M8 : Penerapan Teori Graf di Bidang Teknik Sipil URL → Deadline: -
[2026-06-28 09:49:31]      • [Quiz] Kuis M8 [KELAS PAGI] : Penerapan Teori Graf di Bidang Teknik Sipil → Deadline: Tidak diketahui
[2026-06-28 09:49:35]      • [Quiz] Kuis M8 [KELAS MALAM] : Penerapan Teori Graf di Bidang Teknik Sipil → Deadline: Tidak diketahui
[2026-06-28 09:49:40]      • [Materi] M10 : Penerapan Teori Graf  di Bidang Teknik Industri File → Deadline: -
[2026-06-28 09:49:45]      • [Materi] Video Literasi M10 : Penerapan Teori Graf  di Bidang Teknik Industri URL → Deadline: -
[2026-06-28 09:49:50]      • [Quiz] Kuis M10 [kelas pagi] : Penerapan Teori Graf  di Bidang Teknik Industri → Deadline: Tidak diketahui
[2026-06-28 09:49:54]      • [Quiz] Kuis M10 [kelas malam]: Penerapan Teori Graf  di Bidang Teknik Industri → Deadline: Tidak diketahui
[2026-06-28 09:49:59]      • [Materi] M11 : Program Dinamis dan Permasalahan Tata Letak Fasilitas File → Deadline: -
[2026-06-28 09:50:03]      • [Materi] video literasi : Program Dinamis dan Permasalahan Tata Letak Fasilitas URL → Deadline: -
[2026-06-28 09:50:07]      • [Quiz] Kuis M11 [kelas PAGI]: Program Dinamis dan Permasalahan Tata Letak Fasilitas → Deadline: Tidak diketahui
[2026-06-28 09:50:12]      • [Quiz] Kuis M11 [kelas MALAM]: Program Dinamis dan Permasalahan Tata Letak Fasilitas → Deadline: Tidak diketahui
[2026-06-28 09:50:15] 📚 Mengambil mata kuliah ID 104413 ...
[2026-06-28 09:50:15]   ➤ ATA 2025/2026 | 3-FIKTI | Praktikum Terapan Teori Graf
[2026-06-28 09:50:15]      • [Materi] Panduan Praktikum  Forum → Deadline: -
[2026-06-28 09:50:20]      • [Materi] Panduan Google Collaboratory URL → Deadline: -
[2026-06-28 09:50:24]      • [Materi] Panduan Instalasi Anaconda URL → Deadline: -
[2026-06-28 09:50:29]      • [Quiz] Pre-Test (M1) → Deadline: Tidak diketahui
[2026-06-28 09:50:33]      • [Materi] 1.1  Pengantar: Teori Graf URL → Deadline: -
[2026-06-28 09:50:37]      • [Materi] 1.2  Sesi Hands-on Praktikum URL → Deadline: -
[2026-06-28 09:50:42]      • [Materi] 1.3 Tutorial Menambahkan File pada Mesin DGX URL → Deadline: -
[2026-06-28 09:50:45]      • [Quiz] Post-Test (M1) → Deadline: Tidak diketahui
[2026-06-28 09:50:49]      • [Assignment] Pengumpulan Tugas (M1) → Deadline: Saturday, 7 March 2026, 11:59 PM
[2026-06-28 09:50:53]      • [Quiz] Pre-Test (M2) → Deadline: Tidak diketahui
[2026-06-28 09:50:58]      • [Materi] 2.1  Pengantar: Berbagai Pemecahan Masalah Menggunakan Teori Graf Page → Deadline: -
[2026-06-28 09:51:02]      • [Quiz] Post-Test (M2) → Deadline: Tidak diketahui
[2026-06-28 09:51:06]      • [Assignment] Pengumpulan Tugas (M2) → Deadline: Saturday, 14 March 2026, 11:59 PM
[2026-06-28 09:51:11]      • [Quiz] Pre-Test (M4) → Deadline: Tidak diketahui
[2026-06-28 09:51:15]      • [Materi] 4.1  Pengantar: Breadth First Search URL → Deadline: -
[2026-06-28 09:51:19]      • [Materi] Sesi Praktikum File → Deadline: -
[2026-06-28 09:51:23]      • [Materi] Video Tutorial: Mendownload File IPYNB di Virtual Class URL → Deadline: -
[2026-06-28 09:51:28]      • [Quiz] Post-Test (M4) → Deadline: Tidak diketahui
[2026-06-28 09:51:32]      • [Assignment] Laporan Akhir (M4) → Deadline: Saturday, 11 April 2026, 11:59 PM
[2026-06-28 09:51:37]      • [Quiz] Pre-Test (M5) → Deadline: Tidak diketahui
[2026-06-28 09:51:41]      • [Materi] Sesi Praktikum URL → Deadline: -
[2026-06-28 09:51:45]      • [Quiz] Post-Test (M5) → Deadline: Tidak diketahui
[2026-06-28 09:51:50]      • [Assignment] Laporan Akhir (M5) → Deadline: Saturday, 18 April 2026, 11:59 PM
[2026-06-28 09:51:54]      • [Quiz] Pre-Test (M6) → Deadline: Tidak diketahui
[2026-06-28 09:51:58]      • [Materi] 6.1  Pendahuluan: Algoritma Dasar Tree URL → Deadline: -
[2026-06-28 09:52:02]      • [Materi] Sesi Praktikum File → Deadline: -
[2026-06-28 09:52:06]      • [Quiz] Post-Test (M6) → Deadline: Tidak diketahui
[2026-06-28 09:52:10]      • [Assignment] Laporan Akhir (M6) → Deadline: Saturday, 25 April 2026, 11:59 PM
[2026-06-28 09:52:14]      • [Quiz] Pre-Test (M8) → Deadline: Tidak diketahui
[2026-06-28 09:52:19]      • [Materi] 8.1  Pendahuluan: Implementasi Graph URL → Deadline: -
[2026-06-28 09:52:23]      • [Materi] Link File Praktikum I - family.pl → Deadline: -
[2026-06-28 09:52:27]      • [Materi] Link File Praktikum II - 8-puzzles.ipynb → Deadline: -
[2026-06-28 09:52:31]      • [Materi] Video Tutorial: Mendownload File IPYNB di Virtual Class URL → Deadline: -
[2026-06-28 09:52:36]      • [Quiz] Post-Test (M8) → Deadline: Tidak diketahui
[2026-06-28 09:52:40]      • [Assignment] Laporan Akhir (M8) → Deadline: Saturday, 9 May 2026, 11:59 PM
[2026-06-28 09:52:44]      • [Quiz] Pre-Test (M9) → Deadline: Tidak diketahui
[2026-06-28 09:52:49]      • [Materi] Sesi Hands-on Praktikum URL → Deadline: -
[2026-06-28 09:52:54]      • [Quiz] Post-Test (M9) → Deadline: Tidak diketahui
[2026-06-28 09:52:57]      • [Assignment] Pengumpulan Tugas (M9) → Deadline: Saturday, 16 May 2026, 11:59 PM
[2026-06-28 09:53:01]      • [Quiz] Pre-Test (M3) → Deadline: Tidak diketahui
[2026-06-28 09:53:05]      • [Materi] Sesi Praktikum URL → Deadline: -
[2026-06-28 09:53:10]      • [Materi] Video Tutorial: Menambahkan File pada Mesin DGX URL → Deadline: -
[2026-06-28 09:53:14]      • [Quiz] Post-Test (M3) → Deadline: Tidak diketahui
[2026-06-28 09:53:19]      • [Assignment] Pengumpulan Tugas (M3) → Deadline: Saturday, 23 May 2026, 11:59 PM
[2026-06-28 09:53:23]      • [Quiz] Pre-Test (M7) → Deadline: Tidak diketahui
[2026-06-28 09:53:27]      • [Materi] Link File Praktikum I - 3-Tekrek-Find-Center.ipynb → Deadline: -
[2026-06-28 09:53:32]      • [Materi] Link File Praktikum II - 3-Tekrek-Sortest-Path.ipynb → Deadline: -
[2026-06-28 09:53:36]      • [Materi] Video Tutorial: Mendownload File IPYNB di Virtual Class URL → Deadline: -
[2026-06-28 09:53:41]      • [Quiz] Post-Test (M7) → Deadline: Tidak diketahui
[2026-06-28 09:53:45]      • [Assignment] Laporan Akhir (M7) → Deadline: Saturday, 23 May 2026, 11:59 PM
[2026-06-28 09:53:50] 📦 Total tugas ditemukan: 112
[2026-06-28 09:53:50] 💾 Disimpan ke python/node/tugas.json
[2026-06-28 18:00:50] 🔐 Login ke V-Class...
[2026-06-28 18:00:51] ✅ Login berhasil
[2026-06-28 18:00:51] 📚 Mengambil mata kuliah ID 108486 ...
[2026-06-28 18:00:51]   ➤ ATA 2025/2026 | 3KB01 | Jaringan Komputer Lanjut | VIVIEN NOVA FITHRIANA
[2026-06-28 18:00:51]      • [Materi] Announcements Forum → Deadline: -
[2026-06-28 18:00:55]      • [Materi] M1 File → Deadline: -
[2026-06-28 18:00:59]      • [Materi] M2 File → Deadline: -
[2026-06-28 18:01:04]      • [Materi] M3 File → Deadline: -
[2026-06-28 18:01:08]      • [Materi] M4 File → Deadline: -
[2026-06-28 18:01:11]      • [Materi] M5 File → Deadline: -
[2026-06-28 18:01:15]      • [Materi] M6 File → Deadline: -
[2026-06-28 18:01:19]      • [Materi] M7 File → Deadline: -
[2026-06-28 18:01:23]      • [Materi] VC-1 : Traffic dan Algoritma Kendali Kemacetan File → Deadline: -
[2026-06-28 18:01:27]      • [Materi] VC-1 : Traffic dan Algoritma Kendali Kemacetan File → Deadline: -
[2026-06-28 18:01:32]      • [Materi] Forum VC-1 : Traffic dan Algoritma Kendali Kemacetan → Deadline: -
[2026-06-28 18:01:36]      • [Quiz] Latihan Soal VC-1 : Traffic dan Algoritma Kendali Kemacetan → Deadline: Tidak diketahui
[2026-06-28 18:01:41]      • [Materi] VC-2 : Traffic dan Algoritma Kendali Kemacetan - Bagian 2 File → Deadline: -
[2026-06-28 18:01:45]      • [Materi] Forum VC-2 : Traffic dan Algoritma Kendali Kemacetan - Bagian 2 → Deadline: -
[2026-06-28 18:01:50]      • [Quiz] Latihan Soal VC-2 : Traffic dan Algoritma Kendali Kemacetan - Bagian 2 → Deadline: Tidak diketahui
[2026-06-28 18:01:54]      • [Materi] VC-3 : Lapisan Transport File → Deadline: -
[2026-06-28 18:01:58]      • [Materi] Forum VC-3 : Lapisan Transport → Deadline: -
[2026-06-28 18:02:02]      • [Quiz] Latihan Soal VC-3 : Lapisan Transport → Deadline: Wednesday, 15 July 2026, 11:59 PM
[2026-06-28 18:02:06] 📚 Mengambil mata kuliah ID 108172 ...
[2026-06-28 18:02:06]   ➤ ATA 2025/2026 | 3KB01 | Internet of Things (IoT) | PURNAWARMAN MUSA
[2026-06-28 18:02:06]      • [Materi] Announcements Forum → Deadline: -
[2026-06-28 18:02:10]      • [Materi] M6 File → Deadline: -
[2026-06-28 18:02:15]      • [Quiz] Soal (Tugas Individu) → Deadline: Tidak diketahui
[2026-06-28 18:02:19]      • [Quiz] Soal (Tugas Individu) → Deadline: Tidak diketahui
[2026-06-28 18:02:24] 📚 Mengambil mata kuliah ID 109563 ...
[2026-06-28 18:02:24]   ➤ ATA 2025/2026 | 3KB01 | Sistem Tertanam (Embedded) * | RIDHA ISKANDAR
[2026-06-28 18:02:24]      • [Materi] Selamat Datang di V-Class Sistem Tertanam (Embedded) Forum → Deadline: -
[2026-06-28 18:02:28]      • [Assignment] File 1 → Deadline: Sunday, 26 April 2026, 12:00 AM
[2026-06-28 18:02:31] 📚 Mengambil mata kuliah ID 109970 ...
[2026-06-28 18:02:32]   ➤ ATA 2025/2026 | 2EB10 | Bahasa Indonesia | MELANIAWATI
[2026-06-28 18:02:32] 📚 Mengambil mata kuliah ID 107919 ...
[2026-06-28 18:02:32]   ➤ ATA 2025/2026 | 3KB01 | Sistem Cerdas Lanjut | NUR SULTAN SALAHUDDIN
[2026-06-28 18:02:32]      • [Materi] Announcements Forum → Deadline: -
[2026-06-28 18:02:36]      • [Assignment] Sistem Kesehatan Cerdas → Deadline: Thursday, 21 May 2026, 12:00 AM
[2026-06-28 18:02:40]      • [Quiz] Sistem Kesehatan Cerdas → Deadline: Tidak diketahui
[2026-06-28 18:02:44] 📚 Mengambil mata kuliah ID 107291 ...
[2026-06-28 18:02:44]   ➤ ATA 2025/2026 | 3KB01 | Pengantarmukaan Perif.Komputer * | FARID THALIB
[2026-06-28 18:02:44]      • [Materi] Announcements Forum → Deadline: -
[2026-06-28 18:02:49] 📚 Mengambil mata kuliah ID 104438 ...
[2026-06-28 18:02:49]   ➤ ATA 2025/2026 | 3-FIKTI | Terapan Teori Graf | TEAM TEACHING
[2026-06-28 18:02:49]      • [Materi] PEMBERITAHUAN UTS SUSULAN File → Deadline: -
[2026-06-28 18:02:53]      • [Materi] PEMBERITAHUAN PELAKSANAAN TEAM TEACHING TERAPAN TEORI GRAF Forum → Deadline: -
[2026-06-28 18:02:57]      • [Materi] M1: Pendahuluan Teori Graf File → Deadline: -
[2026-06-28 18:03:01]      • [Materi] Video Literasi M1: Pendahuluan Teori Graf URL → Deadline: -
[2026-06-28 18:03:06]      • [Quiz] Kuis M1 [kelas PAGI] → Deadline: Tidak diketahui
[2026-06-28 18:03:11]      • [Quiz] Kuis M1 [kelas MALAM] → Deadline: Tidak diketahui
[2026-06-28 18:03:15]      • [Materi] M2: Graf Tidak Berarah dan Graf Berbobot File → Deadline: -
[2026-06-28 18:03:19]      • [Materi] Video Literasi M2 : Graf Tidak Berarah dan Graf Berbobot URL → Deadline: -
[2026-06-28 18:03:24]      • [Quiz] Kuis M2 [KELAS PAGI] : Graf Tidak Berarah dan Graf Berbobot → Deadline: Tidak diketahui
[2026-06-28 18:03:28]      • [Quiz] Kuis M2 [KELAS MALAM] : Graf Tidak Berarah dan Graf Berbobot → Deadline: Tidak diketahui
[2026-06-28 18:03:32]      • [Materi] M4 : Aplikasi Teori Graf di Teknik Elektro File → Deadline: -
[2026-06-28 18:03:36]      • [Materi] Video Literasi M4 : Aplikasi Teori Graf di Teknik Elektro URL → Deadline: -
[2026-06-28 18:03:40]      • [Quiz] Kuis M4 [KELAS PAGI]: Aplikasi Teori Graf di Teknik Elektro → Deadline: Tidak diketahui
[2026-06-28 18:03:45]      • [Quiz] Kuis M4 [KELAS MALAM]: Aplikasi Teori Graf di Teknik Elektro → Deadline: Tidak diketahui
[2026-06-28 18:03:49]      • [Materi] M5 : Knowledge Graph dan Database Graph File → Deadline: -
[2026-06-28 18:03:52]      • [Materi] Video Literasi  M5 : Knowledge Graph dan Database Graph URL → Deadline: -
[2026-06-28 18:03:57]      • [Quiz] Kuis M5 [KELAS PAGI] : nowledge Graph dan Database Graph → Deadline: Tidak diketahui
[2026-06-28 18:04:02]      • [Quiz] Kuis M5 [KELAS MALAM] : Knowledge Graph dan Database Graph → Deadline: Tidak diketahui
[2026-06-28 18:04:06]      • [Materi] M6 : Graf Berarah dan Implementasinya File → Deadline: -
[2026-06-28 18:04:10]      • [Materi] Video Literasi M6 : Graf Berarah dan Implementasinya URL → Deadline: -
[2026-06-28 18:04:15]      • [Quiz] Kuis M6 [KELAS PAGI] : Graf Berarah dan Implementasinya → Deadline: Tidak diketahui
[2026-06-28 18:04:20]      • [Quiz] Kuis M6 [KELAS MALAM] : Graf Berarah dan Implementasinya → Deadline: Tidak diketahui
[2026-06-28 18:04:24]      • [Materi] M8 : Penerapan Teori Graf di Bidang Teknik Sipil File → Deadline: -
[2026-06-28 18:04:29]      • [Materi] Video Literasi M8 : Penerapan Teori Graf di Bidang Teknik Sipil URL → Deadline: -
[2026-06-28 18:04:33]      • [Quiz] Kuis M8 [KELAS PAGI] : Penerapan Teori Graf di Bidang Teknik Sipil → Deadline: Tidak diketahui
[2026-06-28 18:04:36]      • [Quiz] Kuis M8 [KELAS MALAM] : Penerapan Teori Graf di Bidang Teknik Sipil → Deadline: Tidak diketahui
[2026-06-28 18:04:40]      • [Materi] M10 : Penerapan Teori Graf  di Bidang Teknik Industri File → Deadline: -
[2026-06-28 18:04:45]      • [Materi] Video Literasi M10 : Penerapan Teori Graf  di Bidang Teknik Industri URL → Deadline: -
[2026-06-28 18:04:49]      • [Quiz] Kuis M10 [kelas pagi] : Penerapan Teori Graf  di Bidang Teknik Industri → Deadline: Tidak diketahui
[2026-06-28 18:04:54]      • [Quiz] Kuis M10 [kelas malam]: Penerapan Teori Graf  di Bidang Teknik Industri → Deadline: Tidak diketahui
[2026-06-28 18:04:58]      • [Materi] M11 : Program Dinamis dan Permasalahan Tata Letak Fasilitas File → Deadline: -
[2026-06-28 18:05:02]      • [Materi] video literasi : Program Dinamis dan Permasalahan Tata Letak Fasilitas URL → Deadline: -
[2026-06-28 18:05:07]      • [Quiz] Kuis M11 [kelas PAGI]: Program Dinamis dan Permasalahan Tata Letak Fasilitas → Deadline: Tidak diketahui
[2026-06-28 18:05:11]      • [Quiz] Kuis M11 [kelas MALAM]: Program Dinamis dan Permasalahan Tata Letak Fasilitas → Deadline: Tidak diketahui
[2026-06-28 18:05:16] 📚 Mengambil mata kuliah ID 104413 ...
[2026-06-28 18:05:16]   ➤ ATA 2025/2026 | 3-FIKTI | Praktikum Terapan Teori Graf
[2026-06-28 18:05:16]      • [Materi] Panduan Praktikum  Forum → Deadline: -
[2026-06-28 18:05:19]      • [Materi] Panduan Google Collaboratory URL → Deadline: -
[2026-06-28 18:05:24]      • [Materi] Panduan Instalasi Anaconda URL → Deadline: -
[2026-06-28 18:05:29]      • [Quiz] Pre-Test (M1) → Deadline: Tidak diketahui
[2026-06-28 18:05:33]      • [Materi] 1.1  Pengantar: Teori Graf URL → Deadline: -
[2026-06-28 18:05:38]      • [Materi] 1.2  Sesi Hands-on Praktikum URL → Deadline: -
[2026-06-28 18:05:42]      • [Materi] 1.3 Tutorial Menambahkan File pada Mesin DGX URL → Deadline: -
[2026-06-28 18:05:45]      • [Quiz] Post-Test (M1) → Deadline: Tidak diketahui
[2026-06-28 18:05:50]      • [Assignment] Pengumpulan Tugas (M1) → Deadline: Saturday, 7 March 2026, 11:59 PM
[2026-06-28 18:05:55]      • [Quiz] Pre-Test (M2) → Deadline: Tidak diketahui
[2026-06-28 18:05:58]      • [Materi] 2.1  Pengantar: Berbagai Pemecahan Masalah Menggunakan Teori Graf Page → Deadline: -
[2026-06-28 18:06:02]      • [Quiz] Post-Test (M2) → Deadline: Tidak diketahui
[2026-06-28 18:06:07]      • [Assignment] Pengumpulan Tugas (M2) → Deadline: Saturday, 14 March 2026, 11:59 PM
[2026-06-28 18:06:12]      • [Quiz] Pre-Test (M4) → Deadline: Tidak diketahui
[2026-06-28 18:06:17]      • [Materi] 4.1  Pengantar: Breadth First Search URL → Deadline: -
[2026-06-28 18:06:22]      • [Materi] Sesi Praktikum File → Deadline: -
[2026-06-28 18:06:25]      • [Materi] Video Tutorial: Mendownload File IPYNB di Virtual Class URL → Deadline: -
[2026-06-28 18:06:30]      • [Quiz] Post-Test (M4) → Deadline: Tidak diketahui
[2026-06-28 18:06:35]      • [Assignment] Laporan Akhir (M4) → Deadline: Saturday, 11 April 2026, 11:59 PM
[2026-06-28 18:06:39]      • [Quiz] Pre-Test (M5) → Deadline: Tidak diketahui
[2026-06-28 18:06:43]      • [Materi] Sesi Praktikum URL → Deadline: -
[2026-06-28 18:06:47]      • [Quiz] Post-Test (M5) → Deadline: Tidak diketahui
[2026-06-28 18:06:52]      • [Assignment] Laporan Akhir (M5) → Deadline: Saturday, 18 April 2026, 11:59 PM
[2026-06-28 18:06:56]      • [Quiz] Pre-Test (M6) → Deadline: Tidak diketahui
[2026-06-28 18:07:01]      • [Materi] 6.1  Pendahuluan: Algoritma Dasar Tree URL → Deadline: -
[2026-06-28 18:07:06]      • [Materi] Sesi Praktikum File → Deadline: -
[2026-06-28 18:07:10]      • [Quiz] Post-Test (M6) → Deadline: Tidak diketahui
[2026-06-28 18:07:15]      • [Assignment] Laporan Akhir (M6) → Deadline: Saturday, 25 April 2026, 11:59 PM
[2026-06-28 18:07:20]      • [Quiz] Pre-Test (M8) → Deadline: Tidak diketahui
[2026-06-28 18:07:24]      • [Materi] 8.1  Pendahuluan: Implementasi Graph URL → Deadline: -
[2026-06-28 18:07:28]      • [Materi] Link File Praktikum I - family.pl → Deadline: -
[2026-06-28 18:07:33]      • [Materi] Link File Praktikum II - 8-puzzles.ipynb → Deadline: -
[2026-06-28 18:07:38]      • [Materi] Video Tutorial: Mendownload File IPYNB di Virtual Class URL → Deadline: -
[2026-06-28 18:07:42]      • [Quiz] Post-Test (M8) → Deadline: Tidak diketahui
[2026-06-28 18:07:47]      • [Assignment] Laporan Akhir (M8) → Deadline: Saturday, 9 May 2026, 11:59 PM
[2026-06-28 18:07:51]      • [Quiz] Pre-Test (M9) → Deadline: Tidak diketahui
[2026-06-28 18:07:55]      • [Materi] Sesi Hands-on Praktikum URL → Deadline: -
[2026-06-28 18:08:00]      • [Quiz] Post-Test (M9) → Deadline: Tidak diketahui
[2026-06-28 18:08:04]      • [Assignment] Pengumpulan Tugas (M9) → Deadline: Saturday, 16 May 2026, 11:59 PM
[2026-06-28 18:08:08]      • [Quiz] Pre-Test (M3) → Deadline: Tidak diketahui
[2026-06-28 18:08:12]      • [Materi] Sesi Praktikum URL → Deadline: -
[2026-06-28 18:08:16]      • [Materi] Video Tutorial: Menambahkan File pada Mesin DGX URL → Deadline: -
[2026-06-28 18:08:20]      • [Quiz] Post-Test (M3) → Deadline: Tidak diketahui
[2026-06-28 18:08:24]      • [Assignment] Pengumpulan Tugas (M3) → Deadline: Saturday, 23 May 2026, 11:59 PM
[2026-06-28 18:08:28]      • [Quiz] Pre-Test (M7) → Deadline: Tidak diketahui
[2026-06-28 18:08:33]      • [Materi] Link File Praktikum I - 3-Tekrek-Find-Center.ipynb → Deadline: -
[2026-06-28 18:08:37]      • [Materi] Link File Praktikum II - 3-Tekrek-Sortest-Path.ipynb → Deadline: -
[2026-06-28 18:08:41]      • [Materi] Video Tutorial: Mendownload File IPYNB di Virtual Class URL → Deadline: -
[2026-06-28 18:08:46]      • [Quiz] Post-Test (M7) → Deadline: Tidak diketahui
[2026-06-28 18:08:50]      • [Assignment] Laporan Akhir (M7) → Deadline: Saturday, 23 May 2026, 11:59 PM
[2026-06-28 18:08:54] 📦 Total tugas ditemukan: 112
[2026-06-28 18:08:54] 💾 Disimpan ke python/node/tugas.json
