[2026-08-08 09:45:22] 🔐 Login ke V-Class...
[2026-08-08 09:45:22] ✅ Login berhasil
[2026-08-08 09:45:22] 📚 Mengambil mata kuliah ID 108486 ...
[2026-08-08 09:45:22]   ➤ ATA 2025/2026 | 3KB01 | Jaringan Komputer Lanjut | VIVIEN NOVA FITHRIANA
[2026-08-08 09:45:22]      • [Materi] Announcements Forum → Deadline: -
[2026-08-08 09:45:26]      • [Materi] M1 File → Deadline: -
[2026-08-08 09:45:31]      • [Materi] M2 File → Deadline: -
[2026-08-08 09:45:35]      • [Materi] M3 File → Deadline: -
[2026-08-08 09:45:38]      • [Materi] M4 File → Deadline: -
[2026-08-08 09:45:43]      • [Materi] M5 File → Deadline: -
[2026-08-08 09:45:47]      • [Materi] M6 File → Deadline: -
[2026-08-08 09:45:51]      • [Materi] M7 File → Deadline: -
[2026-08-08 09:45:56]      • [Materi] VC-1 : Traffic dan Algoritma Kendali Kemacetan File → Deadline: -
[2026-08-08 09:46:01]      • [Materi] VC-1 : Traffic dan Algoritma Kendali Kemacetan File → Deadline: -
[2026-08-08 09:46:05]      • [Materi] Forum VC-1 : Traffic dan Algoritma Kendali Kemacetan → Deadline: -
[2026-08-08 09:46:10]      • [Quiz] Latihan Soal VC-1 : Traffic dan Algoritma Kendali Kemacetan → Deadline: Tidak diketahui
[2026-08-08 09:46:15]      • [Materi] VC-2 : Traffic dan Algoritma Kendali Kemacetan - Bagian 2 File → Deadline: -
[2026-08-08 09:46:20]      • [Materi] Forum VC-2 : Traffic dan Algoritma Kendali Kemacetan - Bagian 2 → Deadline: -
[2026-08-08 09:46:25]      • [Quiz] Latihan Soal VC-2 : Traffic dan Algoritma Kendali Kemacetan - Bagian 2 → Deadline: Tidak diketahui
[2026-08-08 09:46:30]      • [Materi] VC-3 : Lapisan Transport File → Deadline: -
[2026-08-08 09:46:33]      • [Materi] Forum VC-3 : Lapisan Transport → Deadline: -
[2026-08-08 09:46:37]      • [Quiz] Latihan Soal VC-3 : Lapisan Transport → Deadline: Tidak diketahui
[2026-08-08 09:46:41] 📚 Mengambil mata kuliah ID 108172 ...
[2026-08-08 09:46:41]   ➤ ATA 2025/2026 | 3KB01 | Internet of Things (IoT) | PURNAWARMAN MUSA
[2026-08-08 09:46:41]      • [Materi] Announcements Forum → Deadline: -
[2026-08-08 09:46:45]      • [Materi] M6 File → Deadline: -
[2026-08-08 09:46:49]      • [Quiz] Soal (Tugas Individu) → Deadline: Tidak diketahui
[2026-08-08 09:46:54]      • [Quiz] Soal (Tugas Individu) → Deadline: Tidak diketahui
[2026-08-08 09:46:58] 📚 Mengambil mata kuliah ID 109563 ...
[2026-08-08 09:46:58]   ➤ ATA 2025/2026 | 3KB01 | Sistem Tertanam (Embedded) * | RIDHA ISKANDAR
[2026-08-08 09:46:58]      • [Materi] Selamat Datang di V-Class Sistem Tertanam (Embedded) Forum → Deadline: -
[2026-08-08 09:47:03]      • [Assignment] File 1 → Deadline: Sunday, 26 April 2026, 12:00 AM
[2026-08-08 09:47:07] 📚 Mengambil mata kuliah ID 109970 ...
[2026-08-08 09:47:07]   ➤ ATA 2025/2026 | 2EB10 | Bahasa Indonesia | MELANIAWATI
[2026-08-08 09:47:07] 📚 Mengambil mata kuliah ID 107919 ...
[2026-08-08 09:47:07]   ➤ ATA 2025/2026 | 3KB01 | Sistem Cerdas Lanjut | NUR SULTAN SALAHUDDIN
[2026-08-08 09:47:07]      • [Materi] Announcements Forum → Deadline: -
[2026-08-08 09:47:12]      • [Assignment] Sistem Kesehatan Cerdas → Deadline: Thursday, 21 May 2026, 12:00 AM
[2026-08-08 09:47:16]      • [Quiz] Sistem Kesehatan Cerdas → Deadline: Tidak diketahui
[2026-08-08 09:47:20]      • [Assignment] Sistem Industri Cerdas → Deadline: Monday, 20 July 2026, 12:00 AM
[2026-08-08 09:47:25]      • [Quiz] Sistem Industri Cerdas → Deadline: Tidak diketahui
[2026-08-08 09:47:29] 📚 Mengambil mata kuliah ID 107291 ...
[2026-08-08 09:47:29]   ➤ ATA 2025/2026 | 3KB01 | Pengantarmukaan Perif.Komputer * | FARID THALIB
[2026-08-08 09:47:29]      • [Materi] Announcements Forum → Deadline: -
[2026-08-08 09:47:33] 📚 Mengambil mata kuliah ID 104438 ...
[2026-08-08 09:47:34]   ➤ ATA 2025/2026 | 3-FIKTI | Terapan Teori Graf | TEAM TEACHING
[2026-08-08 09:47:34]      • [Materi] PEMBERITAHUAN UTS SUSULAN File → Deadline: -
[2026-08-08 09:47:38]      • [Materi] PEMBERITAHUAN PELAKSANAAN TEAM TEACHING TERAPAN TEORI GRAF Forum → Deadline: -
[2026-08-08 09:47:43]      • [Materi] M1: Pendahuluan Teori Graf File → Deadline: -
[2026-08-08 09:47:47]      • [Materi] Video Literasi M1: Pendahuluan Teori Graf URL → Deadline: -
[2026-08-08 09:47:51]      • [Quiz] Kuis M1 [kelas PAGI] → Deadline: Tidak diketahui
[2026-08-08 09:47:55]      • [Quiz] Kuis M1 [kelas MALAM] → Deadline: Tidak diketahui
[2026-08-08 09:48:00]      • [Materi] M2: Graf Tidak Berarah dan Graf Berbobot File → Deadline: -
[2026-08-08 09:48:05]      • [Materi] Video Literasi M2 : Graf Tidak Berarah dan Graf Berbobot URL → Deadline: -
[2026-08-08 09:48:10]      • [Quiz] Kuis M2 [KELAS PAGI] : Graf Tidak Berarah dan Graf Berbobot → Deadline: Tidak diketahui
[2026-08-08 09:48:15]      • [Quiz] Kuis M2 [KELAS MALAM] : Graf Tidak Berarah dan Graf Berbobot → Deadline: Tidak diketahui
[2026-08-08 09:48:19]      • [Materi] M4 : Aplikasi Teori Graf di Teknik Elektro File → Deadline: -
[2026-08-08 09:48:22]      • [Materi] Video Literasi M4 : Aplikasi Teori Graf di Teknik Elektro URL → Deadline: -
[2026-08-08 09:48:42]      • [Quiz] Kuis M4 [KELAS PAGI]: Aplikasi Teori Graf di Teknik Elektro → Deadline: Tidak diketahui
[2026-08-08 09:48:47]      • [Quiz] Kuis M4 [KELAS MALAM]: Aplikasi Teori Graf di Teknik Elektro → Deadline: Tidak diketahui
[2026-08-08 09:48:51]      • [Materi] M5 : Knowledge Graph dan Database Graph File → Deadline: -
[2026-08-08 09:48:56]      • [Materi] Video Literasi  M5 : Knowledge Graph dan Database Graph URL → Deadline: -
[2026-08-08 09:49:01]      • [Quiz] Kuis M5 [KELAS PAGI] : nowledge Graph dan Database Graph → Deadline: Tidak diketahui
[2026-08-08 09:49:04]      • [Quiz] Kuis M5 [KELAS MALAM] : Knowledge Graph dan Database Graph → Deadline: Tidak diketahui
[2026-08-08 09:49:08]      • [Materi] M6 : Graf Berarah dan Implementasinya File → Deadline: -
[2026-08-08 09:49:12]      • [Materi] Video Literasi M6 : Graf Berarah dan Implementasinya URL → Deadline: -
[2026-08-08 09:49:17]      • [Quiz] Kuis M6 [KELAS PAGI] : Graf Berarah dan Implementasinya → Deadline: Tidak diketahui
[2026-08-08 09:49:21]      • [Quiz] Kuis M6 [KELAS MALAM] : Graf Berarah dan Implementasinya → Deadline: Tidak diketahui
[2026-08-08 09:49:24]      • [Materi] M8 : Penerapan Teori Graf di Bidang Teknik Sipil File → Deadline: -
[2026-08-08 09:49:29]      • [Materi] Video Literasi M8 : Penerapan Teori Graf di Bidang Teknik Sipil URL → Deadline: -
[2026-08-08 09:49:32]      • [Quiz] Kuis M8 [KELAS PAGI] : Penerapan Teori Graf di Bidang Teknik Sipil → Deadline: Tidak diketahui
[2026-08-08 09:49:37]      • [Quiz] Kuis M8 [KELAS MALAM] : Penerapan Teori Graf di Bidang Teknik Sipil → Deadline: Tidak diketahui
[2026-08-08 09:49:41]      • [Materi] M10 : Penerapan Teori Graf  di Bidang Teknik Industri File → Deadline: -
[2026-08-08 09:49:44]      • [Materi] Video Literasi M10 : Penerapan Teori Graf  di Bidang Teknik Industri URL → Deadline: -
[2026-08-08 09:49:49]      • [Quiz] Kuis M10 [kelas pagi] : Penerapan Teori Graf  di Bidang Teknik Industri → Deadline: Tidak diketahui
[2026-08-08 09:49:53]      • [Quiz] Kuis M10 [kelas malam]: Penerapan Teori Graf  di Bidang Teknik Industri → Deadline: Tidak diketahui
[2026-08-08 09:49:58]      • [Materi] M11 : Program Dinamis dan Permasalahan Tata Letak Fasilitas File → Deadline: -
[2026-08-08 09:50:02]      • [Materi] video literasi : Program Dinamis dan Permasalahan Tata Letak Fasilitas URL → Deadline: -
[2026-08-08 09:50:07]      • [Quiz] Kuis M11 [kelas PAGI]: Program Dinamis dan Permasalahan Tata Letak Fasilitas → Deadline: Tidak diketahui
[2026-08-08 09:50:12]      • [Quiz] Kuis M11 [kelas MALAM]: Program Dinamis dan Permasalahan Tata Letak Fasilitas → Deadline: Tidak diketahui
[2026-08-08 09:50:15]      • [Materi] M12: Algoritma Greedy pada Graf File → Deadline: -
[2026-08-08 09:50:19]      • [Materi] Video literasi M12: Algoritma Greedy pada Graf URL → Deadline: -
[2026-08-08 09:50:24]      • [Quiz] Kuis M12 [kelas PAGI] → Deadline: Tidak diketahui
[2026-08-08 09:50:29]      • [Quiz] Kuis M12 [kelas MALAM] → Deadline: Tidak diketahui
[2026-08-08 09:50:33]      • [Materi] M13 File → Deadline: -
[2026-08-08 09:50:37]      • [Materi] Video Literasi M13 : Graph Theory Implementation in Oil Mining Company URL → Deadline: -
[2026-08-08 09:50:42]      • [Quiz] Kuis M13 [PAGI]: Graph Theory Implementation in Oil Mining Company → Deadline: Tidak diketahui
[2026-08-08 09:50:46]      • [Quiz] Kuis M13 [MALAM]: Graph Theory Implementation in Oil Mining Company → Deadline: Tidak diketahui
[2026-08-08 09:50:50]      • [Materi] M14 : Aplikasi Graf Lengkap sebagai Graf Representasi untuk Model Optimasi Rute Kendaraan File → Deadline: -
[2026-08-08 09:50:55]      • [Materi] Video Literasi : Aplikasi Graf Lengkap sebagai Graf Representasi untuk Model Optimasi Rute Kendaraan URL → Deadline: -
[2026-08-08 09:50:58]      • [Quiz] Kuis M14 [PAGI]: Aplikasi Graf Lengkap sebagai Graf Representasi untuk Model Optimasi Rute Kendaraan → Deadline: Tidak diketahui
[2026-08-08 09:51:03]      • [Quiz] Kuis M14 [MALAM]: Aplikasi Graf Lengkap sebagai Graf Representasi untuk Model Optimasi Rute Kendaraan → Deadline: Tidak diketahui
[2026-08-08 09:51:07] 📚 Mengambil mata kuliah ID 104413 ...
[2026-08-08 09:51:07]   ➤ ATA 2025/2026 | 3-FIKTI | Praktikum Terapan Teori Graf
[2026-08-08 09:51:07]      • [Materi] Panduan Praktikum  Forum → Deadline: -
[2026-08-08 09:51:11]      • [Materi] Panduan Google Collaboratory URL → Deadline: -
[2026-08-08 09:51:15]      • [Materi] Panduan Instalasi Anaconda URL → Deadline: -
[2026-08-08 09:51:19]      • [Quiz] Pre-Test (M1) → Deadline: Tidak diketahui
[2026-08-08 09:51:24]      • [Materi] 1.1  Pengantar: Teori Graf URL → Deadline: -
[2026-08-08 09:51:28]      • [Materi] 1.2  Sesi Hands-on Praktikum URL → Deadline: -
[2026-08-08 09:51:33]      • [Materi] 1.3 Tutorial Menambahkan File pada Mesin DGX URL → Deadline: -
[2026-08-08 09:51:38]      • [Quiz] Post-Test (M1) → Deadline: Tidak diketahui
[2026-08-08 09:51:42]      • [Assignment] Pengumpulan Tugas (M1) → Deadline: Saturday, 7 March 2026, 11:59 PM
[2026-08-08 09:51:46]      • [Quiz] Pre-Test (M2) → Deadline: Tidak diketahui
[2026-08-08 09:51:50]      • [Materi] 2.1  Pengantar: Berbagai Pemecahan Masalah Menggunakan Teori Graf Page → Deadline: -
[2026-08-08 09:51:54]      • [Quiz] Post-Test (M2) → Deadline: Tidak diketahui
[2026-08-08 09:51:58]      • [Assignment] Pengumpulan Tugas (M2) → Deadline: Saturday, 14 March 2026, 11:59 PM
[2026-08-08 09:52:02]      • [Quiz] Pre-Test (M4) → Deadline: Tidak diketahui
[2026-08-08 09:52:06]      • [Materi] 4.1  Pengantar: Breadth First Search URL → Deadline: -
[2026-08-08 09:52:11]      • [Materi] Sesi Praktikum File → Deadline: -
[2026-08-08 09:52:15]      • [Materi] Video Tutorial: Mendownload File IPYNB di Virtual Class URL → Deadline: -
[2026-08-08 09:52:20]      • [Quiz] Post-Test (M4) → Deadline: Tidak diketahui
[2026-08-08 09:52:24]      • [Assignment] Laporan Akhir (M4) → Deadline: Saturday, 11 April 2026, 11:59 PM
[2026-08-08 09:52:28]      • [Quiz] Pre-Test (M5) → Deadline: Tidak diketahui
[2026-08-08 09:52:33]      • [Materi] Sesi Praktikum URL → Deadline: -
[2026-08-08 09:52:37]      • [Quiz] Post-Test (M5) → Deadline: Tidak diketahui
[2026-08-08 09:52:42]      • [Assignment] Laporan Akhir (M5) → Deadline: Saturday, 18 April 2026, 11:59 PM
[2026-08-08 09:52:47]      • [Quiz] Pre-Test (M6) → Deadline: Tidak diketahui
[2026-08-08 09:52:52]      • [Materi] 6.1  Pendahuluan: Algoritma Dasar Tree URL → Deadline: -
[2026-08-08 09:52:57]      • [Materi] Sesi Praktikum File → Deadline: -
[2026-08-08 09:53:01]      • [Quiz] Post-Test (M6) → Deadline: Tidak diketahui
[2026-08-08 09:53:06]      • [Assignment] Laporan Akhir (M6) → Deadline: Saturday, 25 April 2026, 11:59 PM
[2026-08-08 09:53:11]      • [Quiz] Pre-Test (M8) → Deadline: Tidak diketahui
[2026-08-08 09:53:14]      • [Materi] 8.1  Pendahuluan: Implementasi Graph URL → Deadline: -
[2026-08-08 09:53:18]      • [Materi] Link File Praktikum I - family.pl → Deadline: -
[2026-08-08 09:53:22]      • [Materi] Link File Praktikum II - 8-puzzles.ipynb → Deadline: -
[2026-08-08 09:53:26]      • [Materi] Video Tutorial: Mendownload File IPYNB di Virtual Class URL → Deadline: -
[2026-08-08 09:53:31]      • [Quiz] Post-Test (M8) → Deadline: Tidak diketahui
[2026-08-08 09:53:35]      • [Assignment] Laporan Akhir (M8) → Deadline: Saturday, 9 May 2026, 11:59 PM
[2026-08-08 09:53:40]      • [Quiz] Pre-Test (M9) → Deadline: Tidak diketahui
[2026-08-08 09:53:44]      • [Materi] Sesi Hands-on Praktikum URL → Deadline: -
[2026-08-08 09:53:48]      • [Quiz] Post-Test (M9) → Deadline: Tidak diketahui
[2026-08-08 09:53:52]      • [Assignment] Pengumpulan Tugas (M9) → Deadline: Saturday, 16 May 2026, 11:59 PM
[2026-08-08 09:53:57]      • [Quiz] Pre-Test (M3) → Deadline: Tidak diketahui
[2026-08-08 09:54:02]      • [Materi] Sesi Praktikum URL → Deadline: -
[2026-08-08 09:54:05]      • [Materi] Video Tutorial: Menambahkan File pada Mesin DGX URL → Deadline: -
[2026-08-08 09:54:09]      • [Quiz] Post-Test (M3) → Deadline: Tidak diketahui
[2026-08-08 09:54:14]      • [Assignment] Pengumpulan Tugas (M3) → Deadline: Saturday, 23 May 2026, 11:59 PM
[2026-08-08 09:54:18]      • [Quiz] Pre-Test (M7) → Deadline: Tidak diketahui
[2026-08-08 09:54:22]      • [Materi] Link File Praktikum I - 3-Tekrek-Find-Center.ipynb → Deadline: -
[2026-08-08 09:54:26]      • [Materi] Link File Praktikum II - 3-Tekrek-Sortest-Path.ipynb → Deadline: -
[2026-08-08 09:54:30]      • [Materi] Video Tutorial: Mendownload File IPYNB di Virtual Class URL → Deadline: -
[2026-08-08 09:54:34]      • [Quiz] Post-Test (M7) → Deadline: Tidak diketahui
[2026-08-08 09:54:38]      • [Assignment] Laporan Akhir (M7) → Deadline: Saturday, 23 May 2026, 11:59 PM
[2026-08-08 09:54:43] 📦 Total tugas ditemukan: 126
[2026-08-08 09:54:43] 💾 Disimpan ke python/node/tugas.json
[2026-08-08 18:00:43] 🔐 Login ke V-Class...
[2026-08-08 18:00:44] ✅ Login berhasil
[2026-08-08 18:00:44] 📚 Mengambil mata kuliah ID 108486 ...
[2026-08-08 18:00:44]   ➤ ATA 2025/2026 | 3KB01 | Jaringan Komputer Lanjut | VIVIEN NOVA FITHRIANA
[2026-08-08 18:00:44]      • [Materi] Announcements Forum → Deadline: -
[2026-08-08 18:00:48]      • [Materi] M1 File → Deadline: -
[2026-08-08 18:00:53]      • [Materi] M2 File → Deadline: -
[2026-08-08 18:00:57]      • [Materi] M3 File → Deadline: -
[2026-08-08 18:01:01]      • [Materi] M4 File → Deadline: -
[2026-08-08 18:01:05]      • [Materi] M5 File → Deadline: -
[2026-08-08 18:01:08]      • [Materi] M6 File → Deadline: -
[2026-08-08 18:01:13]      • [Materi] M7 File → Deadline: -
[2026-08-08 18:01:17]      • [Materi] VC-1 : Traffic dan Algoritma Kendali Kemacetan File → Deadline: -
[2026-08-08 18:01:21]      • [Materi] VC-1 : Traffic dan Algoritma Kendali Kemacetan File → Deadline: -
[2026-08-08 18:01:26]      • [Materi] Forum VC-1 : Traffic dan Algoritma Kendali Kemacetan → Deadline: -
[2026-08-08 18:01:31]      • [Quiz] Latihan Soal VC-1 : Traffic dan Algoritma Kendali Kemacetan → Deadline: Tidak diketahui
[2026-08-08 18:01:35]      • [Materi] VC-2 : Traffic dan Algoritma Kendali Kemacetan - Bagian 2 File → Deadline: -
[2026-08-08 18:01:39]      • [Materi] Forum VC-2 : Traffic dan Algoritma Kendali Kemacetan - Bagian 2 → Deadline: -
[2026-08-08 18:01:43]      • [Quiz] Latihan Soal VC-2 : Traffic dan Algoritma Kendali Kemacetan - Bagian 2 → Deadline: Tidak diketahui
[2026-08-08 18:01:47]      • [Materi] VC-3 : Lapisan Transport File → Deadline: -
[2026-08-08 18:01:52]      • [Materi] Forum VC-3 : Lapisan Transport → Deadline: -
[2026-08-08 18:01:56]      • [Quiz] Latihan Soal VC-3 : Lapisan Transport → Deadline: Tidak diketahui
[2026-08-08 18:01:59] 📚 Mengambil mata kuliah ID 108172 ...
[2026-08-08 18:01:59]   ➤ ATA 2025/2026 | 3KB01 | Internet of Things (IoT) | PURNAWARMAN MUSA
[2026-08-08 18:01:59]      • [Materi] Announcements Forum → Deadline: -
[2026-08-08 18:02:03]      • [Materi] M6 File → Deadline: -
[2026-08-08 18:02:08]      • [Quiz] Soal (Tugas Individu) → Deadline: Tidak diketahui
[2026-08-08 18:02:12]      • [Quiz] Soal (Tugas Individu) → Deadline: Tidak diketahui
[2026-08-08 18:02:16] 📚 Mengambil mata kuliah ID 109563 ...
[2026-08-08 18:02:16]   ➤ ATA 2025/2026 | 3KB01 | Sistem Tertanam (Embedded) * | RIDHA ISKANDAR
[2026-08-08 18:02:16]      • [Materi] Selamat Datang di V-Class Sistem Tertanam (Embedded) Forum → Deadline: -
[2026-08-08 18:02:21]      • [Assignment] File 1 → Deadline: Sunday, 26 April 2026, 12:00 AM
[2026-08-08 18:02:26] 📚 Mengambil mata kuliah ID 109970 ...
[2026-08-08 18:02:26]   ➤ ATA 2025/2026 | 2EB10 | Bahasa Indonesia | MELANIAWATI
[2026-08-08 18:02:26] 📚 Mengambil mata kuliah ID 107919 ...
[2026-08-08 18:02:26]   ➤ ATA 2025/2026 | 3KB01 | Sistem Cerdas Lanjut | NUR SULTAN SALAHUDDIN
[2026-08-08 18:02:26]      • [Materi] Announcements Forum → Deadline: -
[2026-08-08 18:02:30]      • [Assignment] Sistem Kesehatan Cerdas → Deadline: Thursday, 21 May 2026, 12:00 AM
[2026-08-08 18:02:34]      • [Quiz] Sistem Kesehatan Cerdas → Deadline: Tidak diketahui
[2026-08-08 18:02:38]      • [Assignment] Sistem Industri Cerdas → Deadline: Monday, 20 July 2026, 12:00 AM
[2026-08-08 18:02:42]      • [Quiz] Sistem Industri Cerdas → Deadline: Tidak diketahui
[2026-08-08 18:02:47] 📚 Mengambil mata kuliah ID 107291 ...
[2026-08-08 18:02:47]   ➤ ATA 2025/2026 | 3KB01 | Pengantarmukaan Perif.Komputer * | FARID THALIB
[2026-08-08 18:02:47]      • [Materi] Announcements Forum → Deadline: -
[2026-08-08 18:02:51] 📚 Mengambil mata kuliah ID 104438 ...
[2026-08-08 18:02:51]   ➤ ATA 2025/2026 | 3-FIKTI | Terapan Teori Graf | TEAM TEACHING
[2026-08-08 18:02:51]      • [Materi] PEMBERITAHUAN UTS SUSULAN File → Deadline: -
[2026-08-08 18:02:56]      • [Materi] PEMBERITAHUAN PELAKSANAAN TEAM TEACHING TERAPAN TEORI GRAF Forum → Deadline: -
[2026-08-08 18:03:00]      • [Materi] M1: Pendahuluan Teori Graf File → Deadline: -
[2026-08-08 18:03:05]      • [Materi] Video Literasi M1: Pendahuluan Teori Graf URL → Deadline: -
[2026-08-08 18:03:09]      • [Quiz] Kuis M1 [kelas PAGI] → Deadline: Tidak diketahui
[2026-08-08 18:03:13]      • [Quiz] Kuis M1 [kelas MALAM] → Deadline: Tidak diketahui
[2026-08-08 18:03:18]      • [Materi] M2: Graf Tidak Berarah dan Graf Berbobot File → Deadline: -
[2026-08-08 18:03:23]      • [Materi] Video Literasi M2 : Graf Tidak Berarah dan Graf Berbobot URL → Deadline: -
[2026-08-08 18:03:27]      • [Quiz] Kuis M2 [KELAS PAGI] : Graf Tidak Berarah dan Graf Berbobot → Deadline: Tidak diketahui
[2026-08-08 18:03:31]      • [Quiz] Kuis M2 [KELAS MALAM] : Graf Tidak Berarah dan Graf Berbobot → Deadline: Tidak diketahui
[2026-08-08 18:03:35]      • [Materi] M4 : Aplikasi Teori Graf di Teknik Elektro File → Deadline: -
[2026-08-08 18:03:40]      • [Materi] Video Literasi M4 : Aplikasi Teori Graf di Teknik Elektro URL → Deadline: -
[2026-08-08 18:03:44]      • [Quiz] Kuis M4 [KELAS PAGI]: Aplikasi Teori Graf di Teknik Elektro → Deadline: Tidak diketahui
[2026-08-08 18:03:49]      • [Quiz] Kuis M4 [KELAS MALAM]: Aplikasi Teori Graf di Teknik Elektro → Deadline: Tidak diketahui
[2026-08-08 18:03:52]      • [Materi] M5 : Knowledge Graph dan Database Graph File → Deadline: -
[2026-08-08 18:03:56]      • [Materi] Video Literasi  M5 : Knowledge Graph dan Database Graph URL → Deadline: -
[2026-08-08 18:04:01]      • [Quiz] Kuis M5 [KELAS PAGI] : nowledge Graph dan Database Graph → Deadline: Tidak diketahui
[2026-08-08 18:04:05]      • [Quiz] Kuis M5 [KELAS MALAM] : Knowledge Graph dan Database Graph → Deadline: Tidak diketahui
[2026-08-08 18:04:08]      • [Materi] M6 : Graf Berarah dan Implementasinya File → Deadline: -
[2026-08-08 18:04:13]      • [Materi] Video Literasi M6 : Graf Berarah dan Implementasinya URL → Deadline: -
[2026-08-08 18:04:17]      • [Quiz] Kuis M6 [KELAS PAGI] : Graf Berarah dan Implementasinya → Deadline: Tidak diketahui
[2026-08-08 18:04:21]      • [Quiz] Kuis M6 [KELAS MALAM] : Graf Berarah dan Implementasinya → Deadline: Tidak diketahui
[2026-08-08 18:04:25]      • [Materi] M8 : Penerapan Teori Graf di Bidang Teknik Sipil File → Deadline: -
[2026-08-08 18:04:30]      • [Materi] Video Literasi M8 : Penerapan Teori Graf di Bidang Teknik Sipil URL → Deadline: -
[2026-08-08 18:04:34]      • [Quiz] Kuis M8 [KELAS PAGI] : Penerapan Teori Graf di Bidang Teknik Sipil → Deadline: Tidak diketahui
[2026-08-08 18:04:39]      • [Quiz] Kuis M8 [KELAS MALAM] : Penerapan Teori Graf di Bidang Teknik Sipil → Deadline: Tidak diketahui
[2026-08-08 18:04:43]      • [Materi] M10 : Penerapan Teori Graf  di Bidang Teknik Industri File → Deadline: -
[2026-08-08 18:04:48]      • [Materi] Video Literasi M10 : Penerapan Teori Graf  di Bidang Teknik Industri URL → Deadline: -
[2026-08-08 18:04:52]      • [Quiz] Kuis M10 [kelas pagi] : Penerapan Teori Graf  di Bidang Teknik Industri → Deadline: Tidak diketahui
[2026-08-08 18:04:56]      • [Quiz] Kuis M10 [kelas malam]: Penerapan Teori Graf  di Bidang Teknik Industri → Deadline: Tidak diketahui
[2026-08-08 18:05:00]      • [Materi] M11 : Program Dinamis dan Permasalahan Tata Letak Fasilitas File → Deadline: -
[2026-08-08 18:05:04]      • [Materi] video literasi : Program Dinamis dan Permasalahan Tata Letak Fasilitas URL → Deadline: -
[2026-08-08 18:05:08]      • [Quiz] Kuis M11 [kelas PAGI]: Program Dinamis dan Permasalahan Tata Letak Fasilitas → Deadline: Tidak diketahui
[2026-08-08 18:05:12]      • [Quiz] Kuis M11 [kelas MALAM]: Program Dinamis dan Permasalahan Tata Letak Fasilitas → Deadline: Tidak diketahui
[2026-08-08 18:05:16]      • [Materi] M12: Algoritma Greedy pada Graf File → Deadline: -
[2026-08-08 18:05:20]      • [Materi] Video literasi M12: Algoritma Greedy pada Graf URL → Deadline: -
[2026-08-08 18:05:24]      • [Quiz] Kuis M12 [kelas PAGI] → Deadline: Tidak diketahui
[2026-08-08 18:05:29]      • [Quiz] Kuis M12 [kelas MALAM] → Deadline: Tidak diketahui
[2026-08-08 18:05:33]      • [Materi] M13 File → Deadline: -
[2026-08-08 18:05:38]      • [Materi] Video Literasi M13 : Graph Theory Implementation in Oil Mining Company URL → Deadline: -
[2026-08-08 18:05:42]      • [Quiz] Kuis M13 [PAGI]: Graph Theory Implementation in Oil Mining Company → Deadline: Tidak diketahui
[2026-08-08 18:05:46]      • [Quiz] Kuis M13 [MALAM]: Graph Theory Implementation in Oil Mining Company → Deadline: Tidak diketahui
[2026-08-08 18:05:51]      • [Materi] M14 : Aplikasi Graf Lengkap sebagai Graf Representasi untuk Model Optimasi Rute Kendaraan File → Deadline: -
[2026-08-08 18:05:56]      • [Materi] Video Literasi : Aplikasi Graf Lengkap sebagai Graf Representasi untuk Model Optimasi Rute Kendaraan URL → Deadline: -
[2026-08-08 18:06:01]      • [Quiz] Kuis M14 [PAGI]: Aplikasi Graf Lengkap sebagai Graf Representasi untuk Model Optimasi Rute Kendaraan → Deadline: Tidak diketahui
[2026-08-08 18:06:05]      • [Quiz] Kuis M14 [MALAM]: Aplikasi Graf Lengkap sebagai Graf Representasi untuk Model Optimasi Rute Kendaraan → Deadline: Tidak diketahui
[2026-08-08 18:06:10] 📚 Mengambil mata kuliah ID 104413 ...
[2026-08-08 18:06:10]   ➤ ATA 2025/2026 | 3-FIKTI | Praktikum Terapan Teori Graf
[2026-08-08 18:06:10]      • [Materi] Panduan Praktikum  Forum → Deadline: -
[2026-08-08 18:06:14]      • [Materi] Panduan Google Collaboratory URL → Deadline: -
[2026-08-08 18:06:19]      • [Materi] Panduan Instalasi Anaconda URL → Deadline: -
[2026-08-08 18:06:23]      • [Quiz] Pre-Test (M1) → Deadline: Tidak diketahui
[2026-08-08 18:06:28]      • [Materi] 1.1  Pengantar: Teori Graf URL → Deadline: -
[2026-08-08 18:06:32]      • [Materi] 1.2  Sesi Hands-on Praktikum URL → Deadline: -
[2026-08-08 18:06:35]      • [Materi] 1.3 Tutorial Menambahkan File pada Mesin DGX URL → Deadline: -
[2026-08-08 18:06:40]      • [Quiz] Post-Test (M1) → Deadline: Tidak diketahui
[2026-08-08 18:06:45]      • [Assignment] Pengumpulan Tugas (M1) → Deadline: Saturday, 7 March 2026, 11:59 PM
[2026-08-08 18:06:49]      • [Quiz] Pre-Test (M2) → Deadline: Tidak diketahui
[2026-08-08 18:06:54]      • [Materi] 2.1  Pengantar: Berbagai Pemecahan Masalah Menggunakan Teori Graf Page → Deadline: -
[2026-08-08 18:06:58]      • [Quiz] Post-Test (M2) → Deadline: Tidak diketahui
[2026-08-08 18:07:03]      • [Assignment] Pengumpulan Tugas (M2) → Deadline: Saturday, 14 March 2026, 11:59 PM
[2026-08-08 18:07:07]      • [Quiz] Pre-Test (M4) → Deadline: Tidak diketahui
[2026-08-08 18:07:11]      • [Materi] 4.1  Pengantar: Breadth First Search URL → Deadline: -
[2026-08-08 18:07:15]      • [Materi] Sesi Praktikum File → Deadline: -
[2026-08-08 18:07:19]      • [Materi] Video Tutorial: Mendownload File IPYNB di Virtual Class URL → Deadline: -
[2026-08-08 18:07:23]      • [Quiz] Post-Test (M4) → Deadline: Tidak diketahui
[2026-08-08 18:07:28]      • [Assignment] Laporan Akhir (M4) → Deadline: Saturday, 11 April 2026, 11:59 PM
[2026-08-08 18:07:32]      • [Quiz] Pre-Test (M5) → Deadline: Tidak diketahui
[2026-08-08 18:07:36]      • [Materi] Sesi Praktikum URL → Deadline: -
[2026-08-08 18:07:41]      • [Quiz] Post-Test (M5) → Deadline: Tidak diketahui
[2026-08-08 18:07:45]      • [Assignment] Laporan Akhir (M5) → Deadline: Saturday, 18 April 2026, 11:59 PM
[2026-08-08 18:07:49]      • [Quiz] Pre-Test (M6) → Deadline: Tidak diketahui
[2026-08-08 18:07:53]      • [Materi] 6.1  Pendahuluan: Algoritma Dasar Tree URL → Deadline: -
[2026-08-08 18:07:57]      • [Materi] Sesi Praktikum File → Deadline: -
[2026-08-08 18:08:01]      • [Quiz] Post-Test (M6) → Deadline: Tidak diketahui
[2026-08-08 18:08:06]      • [Assignment] Laporan Akhir (M6) → Deadline: Saturday, 25 April 2026, 11:59 PM
[2026-08-08 18:08:10]      • [Quiz] Pre-Test (M8) → Deadline: Tidak diketahui
[2026-08-08 18:08:14]      • [Materi] 8.1  Pendahuluan: Implementasi Graph URL → Deadline: -
[2026-08-08 18:08:19]      • [Materi] Link File Praktikum I - family.pl → Deadline: -
[2026-08-08 18:08:23]      • [Materi] Link File Praktikum II - 8-puzzles.ipynb → Deadline: -
[2026-08-08 18:08:27]      • [Materi] Video Tutorial: Mendownload File IPYNB di Virtual Class URL → Deadline: -
[2026-08-08 18:08:31]      • [Quiz] Post-Test (M8) → Deadline: Tidak diketahui
[2026-08-08 18:08:36]      • [Assignment] Laporan Akhir (M8) → Deadline: Saturday, 9 May 2026, 11:59 PM
[2026-08-08 18:08:40]      • [Quiz] Pre-Test (M9) → Deadline: Tidak diketahui
[2026-08-08 18:08:43]      • [Materi] Sesi Hands-on Praktikum URL → Deadline: -
[2026-08-08 18:08:48]      • [Quiz] Post-Test (M9) → Deadline: Tidak diketahui
[2026-08-08 18:08:52]      • [Assignment] Pengumpulan Tugas (M9) → Deadline: Saturday, 16 May 2026, 11:59 PM
[2026-08-08 18:08:56]      • [Quiz] Pre-Test (M3) → Deadline: Tidak diketahui
[2026-08-08 18:09:01]      • [Materi] Sesi Praktikum URL → Deadline: -
[2026-08-08 18:09:04]      • [Materi] Video Tutorial: Menambahkan File pada Mesin DGX URL → Deadline: -
[2026-08-08 18:09:09]      • [Quiz] Post-Test (M3) → Deadline: Tidak diketahui
[2026-08-08 18:09:14]      • [Assignment] Pengumpulan Tugas (M3) → Deadline: Saturday, 23 May 2026, 11:59 PM
[2026-08-08 18:09:18]      • [Quiz] Pre-Test (M7) → Deadline: Tidak diketahui
[2026-08-08 18:09:22]      • [Materi] Link File Praktikum I - 3-Tekrek-Find-Center.ipynb → Deadline: -
[2026-08-08 18:09:26]      • [Materi] Link File Praktikum II - 3-Tekrek-Sortest-Path.ipynb → Deadline: -
[2026-08-08 18:09:30]      • [Materi] Video Tutorial: Mendownload File IPYNB di Virtual Class URL → Deadline: -
[2026-08-08 18:09:35]      • [Quiz] Post-Test (M7) → Deadline: Tidak diketahui
[2026-08-08 18:09:39]      • [Assignment] Laporan Akhir (M7) → Deadline: Saturday, 23 May 2026, 11:59 PM
[2026-08-08 18:09:44] 📦 Total tugas ditemukan: 126
[2026-08-08 18:09:44] 💾 Disimpan ke python/node/tugas.json
