[2026-08-11 09:45:53] 🔐 Login ke V-Class...
[2026-08-11 09:45:59] ✅ Login berhasil
[2026-08-11 09:45:59] 📚 Mengambil mata kuliah ID 108486 ...
[2026-08-11 09:45:59]   ➤ ATA 2025/2026 | 3KB01 | Jaringan Komputer Lanjut | VIVIEN NOVA FITHRIANA
[2026-08-11 09:45:59]      • [Materi] Announcements Forum → Deadline: -
[2026-08-11 09:46:03]      • [Materi] M1 File → Deadline: -
[2026-08-11 09:46:08]      • [Materi] M2 File → Deadline: -
[2026-08-11 09:46:13]      • [Materi] M3 File → Deadline: -
[2026-08-11 09:46:17]      • [Materi] M4 File → Deadline: -
[2026-08-11 09:46:22]      • [Materi] M5 File → Deadline: -
[2026-08-11 09:46:27]      • [Materi] M6 File → Deadline: -
[2026-08-11 09:46:31]      • [Materi] M7 File → Deadline: -
[2026-08-11 09:46:35]      • [Materi] VC-1 : Traffic dan Algoritma Kendali Kemacetan File → Deadline: -
[2026-08-11 09:46:39]      • [Materi] VC-1 : Traffic dan Algoritma Kendali Kemacetan File → Deadline: -
[2026-08-11 09:46:44]      • [Materi] Forum VC-1 : Traffic dan Algoritma Kendali Kemacetan → Deadline: -
[2026-08-11 09:47:04]      • [Quiz] Latihan Soal VC-1 : Traffic dan Algoritma Kendali Kemacetan → Deadline: Tidak diketahui
[2026-08-11 09:47:09]      • [Materi] VC-2 : Traffic dan Algoritma Kendali Kemacetan - Bagian 2 File → Deadline: -
[2026-08-11 09:47:12]      • [Materi] Forum VC-2 : Traffic dan Algoritma Kendali Kemacetan - Bagian 2 → Deadline: -
[2026-08-11 09:47:26]      • [Quiz] Latihan Soal VC-2 : Traffic dan Algoritma Kendali Kemacetan - Bagian 2 → Deadline: Tidak diketahui
[2026-08-11 09:47:30]      • [Materi] VC-3 : Lapisan Transport File → Deadline: -
[2026-08-11 09:47:34]      • [Materi] Forum VC-3 : Lapisan Transport → Deadline: -
[2026-08-11 09:47:43]      • [Quiz] Latihan Soal VC-3 : Lapisan Transport → Deadline: Tidak diketahui
[2026-08-11 09:47:47] 📚 Mengambil mata kuliah ID 108172 ...
[2026-08-11 09:47:47]   ➤ ATA 2025/2026 | 3KB01 | Internet of Things (IoT) | PURNAWARMAN MUSA
[2026-08-11 09:47:47]      • [Materi] Announcements Forum → Deadline: -
[2026-08-11 09:47:51]      • [Materi] M6 File → Deadline: -
[2026-08-11 09:47:56]      • [Quiz] Soal (Tugas Individu) → Deadline: Tidak diketahui
[2026-08-11 09:48:01]      • [Quiz] Soal (Tugas Individu) → Deadline: Tidak diketahui
[2026-08-11 09:48:05] 📚 Mengambil mata kuliah ID 109563 ...
[2026-08-11 09:48:05]   ➤ ATA 2025/2026 | 3KB01 | Sistem Tertanam (Embedded) * | RIDHA ISKANDAR
[2026-08-11 09:48:05]      • [Materi] Selamat Datang di V-Class Sistem Tertanam (Embedded) Forum → Deadline: -
[2026-08-11 09:48:09]      • [Assignment] File 1 → Deadline: Sunday, 26 April 2026, 12:00 AM
[2026-08-11 09:48:14] 📚 Mengambil mata kuliah ID 109970 ...
[2026-08-11 09:48:14]   ➤ ATA 2025/2026 | 2EB10 | Bahasa Indonesia | MELANIAWATI
[2026-08-11 09:48:14] 📚 Mengambil mata kuliah ID 107919 ...
[2026-08-11 09:48:14]   ➤ ATA 2025/2026 | 3KB01 | Sistem Cerdas Lanjut | NUR SULTAN SALAHUDDIN
[2026-08-11 09:48:14]      • [Materi] Announcements Forum → Deadline: -
[2026-08-11 09:48:19]      • [Assignment] Sistem Kesehatan Cerdas → Deadline: Thursday, 21 May 2026, 12:00 AM
[2026-08-11 09:48:24]      • [Quiz] Sistem Kesehatan Cerdas → Deadline: Tidak diketahui
[2026-08-11 09:48:29]      • [Assignment] Sistem Industri Cerdas → Deadline: Monday, 20 July 2026, 12:00 AM
[2026-08-11 09:48:33]      • [Quiz] Sistem Industri Cerdas → Deadline: Tidak diketahui
[2026-08-11 09:48:37] 📚 Mengambil mata kuliah ID 107291 ...
[2026-08-11 09:48:37]   ➤ ATA 2025/2026 | 3KB01 | Pengantarmukaan Perif.Komputer * | FARID THALIB
[2026-08-11 09:48:37]      • [Materi] Announcements Forum → Deadline: -
[2026-08-11 09:48:42] 📚 Mengambil mata kuliah ID 104438 ...
[2026-08-11 09:48:42]   ➤ ATA 2025/2026 | 3-FIKTI | Terapan Teori Graf | TEAM TEACHING
[2026-08-11 09:48:42]      • [Materi] PEMBERITAHUAN UTS SUSULAN File → Deadline: -
[2026-08-11 09:48:47]      • [Materi] PEMBERITAHUAN PELAKSANAAN TEAM TEACHING TERAPAN TEORI GRAF Forum → Deadline: -
[2026-08-11 09:48:51]      • [Materi] M1: Pendahuluan Teori Graf File → Deadline: -
[2026-08-11 09:48:55]      • [Materi] Video Literasi M1: Pendahuluan Teori Graf URL → Deadline: -
[2026-08-11 09:49:14]      • [Quiz] Kuis M1 [kelas PAGI] → Deadline: Tidak diketahui
[2026-08-11 09:49:19]      • [Quiz] Kuis M1 [kelas MALAM] → Deadline: Tidak diketahui
[2026-08-11 09:49:23]      • [Materi] M2: Graf Tidak Berarah dan Graf Berbobot File → Deadline: -
[2026-08-11 09:49:28]      • [Materi] Video Literasi M2 : Graf Tidak Berarah dan Graf Berbobot URL → Deadline: -
[2026-08-11 09:49:32]      • [Quiz] Kuis M2 [KELAS PAGI] : Graf Tidak Berarah dan Graf Berbobot → Deadline: Tidak diketahui
[2026-08-11 09:49:36]      • [Quiz] Kuis M2 [KELAS MALAM] : Graf Tidak Berarah dan Graf Berbobot → Deadline: Tidak diketahui
[2026-08-11 09:49:41]      • [Materi] M4 : Aplikasi Teori Graf di Teknik Elektro File → Deadline: -
[2026-08-11 09:49:45]      • [Materi] Video Literasi M4 : Aplikasi Teori Graf di Teknik Elektro URL → Deadline: -
[2026-08-11 09:49:54]      • [Quiz] Kuis M4 [KELAS PAGI]: Aplikasi Teori Graf di Teknik Elektro → Deadline: Tidak diketahui
[2026-08-11 09:49:59]      • [Quiz] Kuis M4 [KELAS MALAM]: Aplikasi Teori Graf di Teknik Elektro → Deadline: Tidak diketahui
[2026-08-11 09:50:04]      • [Materi] M5 : Knowledge Graph dan Database Graph File → Deadline: -
[2026-08-11 09:50:08]      • [Materi] Video Literasi  M5 : Knowledge Graph dan Database Graph URL → Deadline: -
[2026-08-11 09:50:17]      • [Quiz] Kuis M5 [KELAS PAGI] : nowledge Graph dan Database Graph → Deadline: Tidak diketahui
[2026-08-11 09:50:22]      • [Quiz] Kuis M5 [KELAS MALAM] : Knowledge Graph dan Database Graph → Deadline: Tidak diketahui
[2026-08-11 09:50:27]      • [Materi] M6 : Graf Berarah dan Implementasinya File → Deadline: -
[2026-08-11 09:50:32]      • [Materi] Video Literasi M6 : Graf Berarah dan Implementasinya URL → Deadline: -
[2026-08-11 09:50:41]      • [Quiz] Kuis M6 [KELAS PAGI] : Graf Berarah dan Implementasinya → Deadline: Tidak diketahui
[2026-08-11 09:50:46]      • [Quiz] Kuis M6 [KELAS MALAM] : Graf Berarah dan Implementasinya → Deadline: Tidak diketahui
[2026-08-11 09:50:50]      • [Materi] M8 : Penerapan Teori Graf di Bidang Teknik Sipil File → Deadline: -
[2026-08-11 09:50:54]      • [Materi] Video Literasi M8 : Penerapan Teori Graf di Bidang Teknik Sipil URL → Deadline: -
[2026-08-11 09:51:08]      • [Quiz] Kuis M8 [KELAS PAGI] : Penerapan Teori Graf di Bidang Teknik Sipil → Deadline: Tidak diketahui
[2026-08-11 09:51:12]      • [Quiz] Kuis M8 [KELAS MALAM] : Penerapan Teori Graf di Bidang Teknik Sipil → Deadline: Tidak diketahui
[2026-08-11 09:51:16]      • [Materi] M10 : Penerapan Teori Graf  di Bidang Teknik Industri File → Deadline: -
[2026-08-11 09:51:21]      • [Materi] Video Literasi M10 : Penerapan Teori Graf  di Bidang Teknik Industri URL → Deadline: -
[2026-08-11 09:51:31]      • [Quiz] Kuis M10 [kelas pagi] : Penerapan Teori Graf  di Bidang Teknik Industri → Deadline: Tidak diketahui
[2026-08-11 09:51:35]      • [Quiz] Kuis M10 [kelas malam]: Penerapan Teori Graf  di Bidang Teknik Industri → Deadline: Tidak diketahui
[2026-08-11 09:51:39]      • [Materi] M11 : Program Dinamis dan Permasalahan Tata Letak Fasilitas File → Deadline: -
[2026-08-11 09:51:43]      • [Materi] video literasi : Program Dinamis dan Permasalahan Tata Letak Fasilitas URL → Deadline: -
[2026-08-11 09:51:58]      • [Quiz] Kuis M11 [kelas PAGI]: Program Dinamis dan Permasalahan Tata Letak Fasilitas → Deadline: Tidak diketahui
[2026-08-11 09:52:02]      • [Quiz] Kuis M11 [kelas MALAM]: Program Dinamis dan Permasalahan Tata Letak Fasilitas → Deadline: Tidak diketahui
[2026-08-11 09:52:06]      • [Materi] M12: Algoritma Greedy pada Graf File → Deadline: -
[2026-08-11 09:52:09]      • [Materi] Video literasi M12: Algoritma Greedy pada Graf URL → Deadline: -
[2026-08-11 09:52:19]      • [Quiz] Kuis M12 [kelas PAGI] → Deadline: Tidak diketahui
[2026-08-11 09:52:24]      • [Quiz] Kuis M12 [kelas MALAM] → Deadline: Tidak diketahui
[2026-08-11 09:52:29]      • [Materi] M13 File → Deadline: -
[2026-08-11 09:52:33]      • [Materi] Video Literasi M13 : Graph Theory Implementation in Oil Mining Company URL → Deadline: -
[2026-08-11 09:52:42]      • [Quiz] Kuis M13 [PAGI]: Graph Theory Implementation in Oil Mining Company → Deadline: Tidak diketahui
[2026-08-11 09:52:46]      • [Quiz] Kuis M13 [MALAM]: Graph Theory Implementation in Oil Mining Company → Deadline: Tidak diketahui
[2026-08-11 09:52:51]      • [Materi] M14 : Aplikasi Graf Lengkap sebagai Graf Representasi untuk Model Optimasi Rute Kendaraan File → Deadline: -
[2026-08-11 09:52:55]      • [Materi] Video Literasi : Aplikasi Graf Lengkap sebagai Graf Representasi untuk Model Optimasi Rute Kendaraan URL → Deadline: -
[2026-08-11 09:53:15]      • [Quiz] Kuis M14 [PAGI]: Aplikasi Graf Lengkap sebagai Graf Representasi untuk Model Optimasi Rute Kendaraan → Deadline: Tidak diketahui
[2026-08-11 09:53:20]      • [Quiz] Kuis M14 [MALAM]: Aplikasi Graf Lengkap sebagai Graf Representasi untuk Model Optimasi Rute Kendaraan → Deadline: Tidak diketahui
[2026-08-11 09:53:24] 📚 Mengambil mata kuliah ID 104413 ...
[2026-08-11 09:53:24]   ➤ ATA 2025/2026 | 3-FIKTI | Praktikum Terapan Teori Graf
[2026-08-11 09:53:24]      • [Materi] Panduan Praktikum  Forum → Deadline: -
[2026-08-11 09:53:28]      • [Materi] Panduan Google Collaboratory URL → Deadline: -
[2026-08-11 09:53:32]      • [Materi] Panduan Instalasi Anaconda URL → Deadline: -
[2026-08-11 09:53:47]      • [Quiz] Pre-Test (M1) → Deadline: Tidak diketahui
[2026-08-11 09:53:51]      • [Materi] 1.1  Pengantar: Teori Graf URL → Deadline: -
[2026-08-11 09:53:55]      • [Materi] 1.2  Sesi Hands-on Praktikum URL → Deadline: -
[2026-08-11 09:53:59]      • [Materi] 1.3 Tutorial Menambahkan File pada Mesin DGX URL → Deadline: -
[2026-08-11 09:54:23] ⚠️ Gagal mengambil course ID 104413: HTTPSConnectionPool(host='v-class.gunadarma.ac.id', port=443): Max retries exceeded with url: /mod/quiz/view.php?id=1583458 (Caused by NameResolutionError("HTTPSConnection(host='v-class.gunadarma.ac.id', port=443): Failed to resolve 'v-class.gunadarma.ac.id' ([Errno -2] Name or service not known)"))
[2026-08-11 09:54:23] 📦 Total tugas ditemukan: 83
[2026-08-11 09:54:23] 💾 Disimpan ke python/node/tugas.json
[2026-08-11 18:00:23] 🔐 Login ke V-Class...
[2026-08-11 18:00:24] ✅ Login berhasil
[2026-08-11 18:00:24] 📚 Mengambil mata kuliah ID 108486 ...
[2026-08-11 18:00:24]   ➤ ATA 2025/2026 | 3KB01 | Jaringan Komputer Lanjut | VIVIEN NOVA FITHRIANA
[2026-08-11 18:00:24]      • [Materi] Announcements Forum → Deadline: -
[2026-08-11 18:00:28]      • [Materi] M1 File → Deadline: -
[2026-08-11 18:00:33]      • [Materi] M2 File → Deadline: -
[2026-08-11 18:00:38]      • [Materi] M3 File → Deadline: -
[2026-08-11 18:00:41]      • [Materi] M4 File → Deadline: -
[2026-08-11 18:00:46]      • [Materi] M5 File → Deadline: -
[2026-08-11 18:00:50]      • [Materi] M6 File → Deadline: -
[2026-08-11 18:00:55]      • [Materi] M7 File → Deadline: -
[2026-08-11 18:01:00]      • [Materi] VC-1 : Traffic dan Algoritma Kendali Kemacetan File → Deadline: -
[2026-08-11 18:01:04]      • [Materi] VC-1 : Traffic dan Algoritma Kendali Kemacetan File → Deadline: -
[2026-08-11 18:01:09]      • [Materi] Forum VC-1 : Traffic dan Algoritma Kendali Kemacetan → Deadline: -
[2026-08-11 18:01:14]      • [Quiz] Latihan Soal VC-1 : Traffic dan Algoritma Kendali Kemacetan → Deadline: Tidak diketahui
[2026-08-11 18:01:18]      • [Materi] VC-2 : Traffic dan Algoritma Kendali Kemacetan - Bagian 2 File → Deadline: -
[2026-08-11 18:01:22]      • [Materi] Forum VC-2 : Traffic dan Algoritma Kendali Kemacetan - Bagian 2 → Deadline: -
[2026-08-11 18:01:27]      • [Quiz] Latihan Soal VC-2 : Traffic dan Algoritma Kendali Kemacetan - Bagian 2 → Deadline: Tidak diketahui
[2026-08-11 18:01:32]      • [Materi] VC-3 : Lapisan Transport File → Deadline: -
[2026-08-11 18:01:35]      • [Materi] Forum VC-3 : Lapisan Transport → Deadline: -
[2026-08-11 18:01:40]      • [Quiz] Latihan Soal VC-3 : Lapisan Transport → Deadline: Tidak diketahui
[2026-08-11 18:01:43] 📚 Mengambil mata kuliah ID 108172 ...
[2026-08-11 18:01:44]   ➤ ATA 2025/2026 | 3KB01 | Internet of Things (IoT) | PURNAWARMAN MUSA
[2026-08-11 18:01:44]      • [Materi] Announcements Forum → Deadline: -
[2026-08-11 18:01:48]      • [Materi] M6 File → Deadline: -
[2026-08-11 18:01:52]      • [Quiz] Soal (Tugas Individu) → Deadline: Tidak diketahui
[2026-08-11 18:01:56]      • [Quiz] Soal (Tugas Individu) → Deadline: Tidak diketahui
[2026-08-11 18:02:01] 📚 Mengambil mata kuliah ID 109563 ...
[2026-08-11 18:02:01]   ➤ ATA 2025/2026 | 3KB01 | Sistem Tertanam (Embedded) * | RIDHA ISKANDAR
[2026-08-11 18:02:01]      • [Materi] Selamat Datang di V-Class Sistem Tertanam (Embedded) Forum → Deadline: -
[2026-08-11 18:02:05]      • [Assignment] File 1 → Deadline: Sunday, 26 April 2026, 12:00 AM
[2026-08-11 18:02:09] 📚 Mengambil mata kuliah ID 109970 ...
[2026-08-11 18:02:10]   ➤ ATA 2025/2026 | 2EB10 | Bahasa Indonesia | MELANIAWATI
[2026-08-11 18:02:10] 📚 Mengambil mata kuliah ID 107919 ...
[2026-08-11 18:02:10]   ➤ ATA 2025/2026 | 3KB01 | Sistem Cerdas Lanjut | NUR SULTAN SALAHUDDIN
[2026-08-11 18:02:10]      • [Materi] Announcements Forum → Deadline: -
[2026-08-11 18:02:14]      • [Assignment] Sistem Kesehatan Cerdas → Deadline: Thursday, 21 May 2026, 12:00 AM
[2026-08-11 18:02:19]      • [Quiz] Sistem Kesehatan Cerdas → Deadline: Tidak diketahui
[2026-08-11 18:02:24]      • [Assignment] Sistem Industri Cerdas → Deadline: Monday, 20 July 2026, 12:00 AM
[2026-08-11 18:02:28]      • [Quiz] Sistem Industri Cerdas → Deadline: Tidak diketahui
[2026-08-11 18:02:32] 📚 Mengambil mata kuliah ID 107291 ...
[2026-08-11 18:02:32]   ➤ ATA 2025/2026 | 3KB01 | Pengantarmukaan Perif.Komputer * | FARID THALIB
[2026-08-11 18:02:32]      • [Materi] Announcements Forum → Deadline: -
[2026-08-11 18:02:37] 📚 Mengambil mata kuliah ID 104438 ...
[2026-08-11 18:02:37]   ➤ ATA 2025/2026 | 3-FIKTI | Terapan Teori Graf | TEAM TEACHING
[2026-08-11 18:02:37]      • [Materi] PEMBERITAHUAN UTS SUSULAN File → Deadline: -
[2026-08-11 18:02:41]      • [Materi] PEMBERITAHUAN PELAKSANAAN TEAM TEACHING TERAPAN TEORI GRAF Forum → Deadline: -
[2026-08-11 18:02:45]      • [Materi] M1: Pendahuluan Teori Graf File → Deadline: -
[2026-08-11 18:02:50]      • [Materi] Video Literasi M1: Pendahuluan Teori Graf URL → Deadline: -
[2026-08-11 18:02:54]      • [Quiz] Kuis M1 [kelas PAGI] → Deadline: Tidak diketahui
[2026-08-11 18:02:58]      • [Quiz] Kuis M1 [kelas MALAM] → Deadline: Tidak diketahui
[2026-08-11 18:03:02]      • [Materi] M2: Graf Tidak Berarah dan Graf Berbobot File → Deadline: -
[2026-08-11 18:03:06]      • [Materi] Video Literasi M2 : Graf Tidak Berarah dan Graf Berbobot URL → Deadline: -
[2026-08-11 18:03:10]      • [Quiz] Kuis M2 [KELAS PAGI] : Graf Tidak Berarah dan Graf Berbobot → Deadline: Tidak diketahui
[2026-08-11 18:03:15]      • [Quiz] Kuis M2 [KELAS MALAM] : Graf Tidak Berarah dan Graf Berbobot → Deadline: Tidak diketahui
[2026-08-11 18:03:19]      • [Materi] M4 : Aplikasi Teori Graf di Teknik Elektro File → Deadline: -
[2026-08-11 18:03:23]      • [Materi] Video Literasi M4 : Aplikasi Teori Graf di Teknik Elektro URL → Deadline: -
[2026-08-11 18:03:28]      • [Quiz] Kuis M4 [KELAS PAGI]: Aplikasi Teori Graf di Teknik Elektro → Deadline: Tidak diketahui
[2026-08-11 18:03:32]      • [Quiz] Kuis M4 [KELAS MALAM]: Aplikasi Teori Graf di Teknik Elektro → Deadline: Tidak diketahui
[2026-08-11 18:03:36]      • [Materi] M5 : Knowledge Graph dan Database Graph File → Deadline: -
[2026-08-11 18:03:41]      • [Materi] Video Literasi  M5 : Knowledge Graph dan Database Graph URL → Deadline: -
[2026-08-11 18:03:45]      • [Quiz] Kuis M5 [KELAS PAGI] : nowledge Graph dan Database Graph → Deadline: Tidak diketahui
[2026-08-11 18:03:50]      • [Quiz] Kuis M5 [KELAS MALAM] : Knowledge Graph dan Database Graph → Deadline: Tidak diketahui
[2026-08-11 18:03:54]      • [Materi] M6 : Graf Berarah dan Implementasinya File → Deadline: -
[2026-08-11 18:03:58]      • [Materi] Video Literasi M6 : Graf Berarah dan Implementasinya URL → Deadline: -
[2026-08-11 18:04:03]      • [Quiz] Kuis M6 [KELAS PAGI] : Graf Berarah dan Implementasinya → Deadline: Tidak diketahui
[2026-08-11 18:04:07]      • [Quiz] Kuis M6 [KELAS MALAM] : Graf Berarah dan Implementasinya → Deadline: Tidak diketahui
[2026-08-11 18:04:12]      • [Materi] M8 : Penerapan Teori Graf di Bidang Teknik Sipil File → Deadline: -
[2026-08-11 18:04:16]      • [Materi] Video Literasi M8 : Penerapan Teori Graf di Bidang Teknik Sipil URL → Deadline: -
[2026-08-11 18:04:21]      • [Quiz] Kuis M8 [KELAS PAGI] : Penerapan Teori Graf di Bidang Teknik Sipil → Deadline: Tidak diketahui
[2026-08-11 18:04:26]      • [Quiz] Kuis M8 [KELAS MALAM] : Penerapan Teori Graf di Bidang Teknik Sipil → Deadline: Tidak diketahui
[2026-08-11 18:04:31]      • [Materi] M10 : Penerapan Teori Graf  di Bidang Teknik Industri File → Deadline: -
[2026-08-11 18:04:35]      • [Materi] Video Literasi M10 : Penerapan Teori Graf  di Bidang Teknik Industri URL → Deadline: -
[2026-08-11 18:04:39]      • [Quiz] Kuis M10 [kelas pagi] : Penerapan Teori Graf  di Bidang Teknik Industri → Deadline: Tidak diketahui
[2026-08-11 18:04:43]      • [Quiz] Kuis M10 [kelas malam]: Penerapan Teori Graf  di Bidang Teknik Industri → Deadline: Tidak diketahui
[2026-08-11 18:04:48]      • [Materi] M11 : Program Dinamis dan Permasalahan Tata Letak Fasilitas File → Deadline: -
[2026-08-11 18:04:53]      • [Materi] video literasi : Program Dinamis dan Permasalahan Tata Letak Fasilitas URL → Deadline: -
[2026-08-11 18:04:57]      • [Quiz] Kuis M11 [kelas PAGI]: Program Dinamis dan Permasalahan Tata Letak Fasilitas → Deadline: Tidak diketahui
[2026-08-11 18:05:02]      • [Quiz] Kuis M11 [kelas MALAM]: Program Dinamis dan Permasalahan Tata Letak Fasilitas → Deadline: Tidak diketahui
[2026-08-11 18:05:05]      • [Materi] M12: Algoritma Greedy pada Graf File → Deadline: -
[2026-08-11 18:05:10]      • [Materi] Video literasi M12: Algoritma Greedy pada Graf URL → Deadline: -
[2026-08-11 18:05:14]      • [Quiz] Kuis M12 [kelas PAGI] → Deadline: Tidak diketahui
[2026-08-11 18:05:18]      • [Quiz] Kuis M12 [kelas MALAM] → Deadline: Tidak diketahui
[2026-08-11 18:05:23]      • [Materi] M13 File → Deadline: -
[2026-08-11 18:05:27]      • [Materi] Video Literasi M13 : Graph Theory Implementation in Oil Mining Company URL → Deadline: -
[2026-08-11 18:05:32]      • [Quiz] Kuis M13 [PAGI]: Graph Theory Implementation in Oil Mining Company → Deadline: Tidak diketahui
[2026-08-11 18:05:37]      • [Quiz] Kuis M13 [MALAM]: Graph Theory Implementation in Oil Mining Company → Deadline: Tidak diketahui
[2026-08-11 18:05:41]      • [Materi] M14 : Aplikasi Graf Lengkap sebagai Graf Representasi untuk Model Optimasi Rute Kendaraan File → Deadline: -
[2026-08-11 18:05:45]      • [Materi] Video Literasi : Aplikasi Graf Lengkap sebagai Graf Representasi untuk Model Optimasi Rute Kendaraan URL → Deadline: -
[2026-08-11 18:05:49]      • [Quiz] Kuis M14 [PAGI]: Aplikasi Graf Lengkap sebagai Graf Representasi untuk Model Optimasi Rute Kendaraan → Deadline: Tidak diketahui
[2026-08-11 18:05:53]      • [Quiz] Kuis M14 [MALAM]: Aplikasi Graf Lengkap sebagai Graf Representasi untuk Model Optimasi Rute Kendaraan → Deadline: Tidak diketahui
[2026-08-11 18:05:58] 📚 Mengambil mata kuliah ID 104413 ...
[2026-08-11 18:05:58]   ➤ ATA 2025/2026 | 3-FIKTI | Praktikum Terapan Teori Graf
[2026-08-11 18:05:58]      • [Materi] Panduan Praktikum  Forum → Deadline: -
[2026-08-11 18:06:03]      • [Materi] Panduan Google Collaboratory URL → Deadline: -
[2026-08-11 18:06:07]      • [Materi] Panduan Instalasi Anaconda URL → Deadline: -
[2026-08-11 18:06:11]      • [Quiz] Pre-Test (M1) → Deadline: Tidak diketahui
[2026-08-11 18:06:15]      • [Materi] 1.1  Pengantar: Teori Graf URL → Deadline: -
[2026-08-11 18:06:18]      • [Materi] 1.2  Sesi Hands-on Praktikum URL → Deadline: -
[2026-08-11 18:06:23]      • [Materi] 1.3 Tutorial Menambahkan File pada Mesin DGX URL → Deadline: -
[2026-08-11 18:06:27]      • [Quiz] Post-Test (M1) → Deadline: Tidak diketahui
[2026-08-11 18:06:32]      • [Assignment] Pengumpulan Tugas (M1) → Deadline: Saturday, 7 March 2026, 11:59 PM
[2026-08-11 18:06:36]      • [Quiz] Pre-Test (M2) → Deadline: Tidak diketahui
[2026-08-11 18:06:40]      • [Materi] 2.1  Pengantar: Berbagai Pemecahan Masalah Menggunakan Teori Graf Page → Deadline: -
[2026-08-11 18:06:45]      • [Quiz] Post-Test (M2) → Deadline: Tidak diketahui
[2026-08-11 18:06:50]      • [Assignment] Pengumpulan Tugas (M2) → Deadline: Saturday, 14 March 2026, 11:59 PM
[2026-08-11 18:06:55]      • [Quiz] Pre-Test (M4) → Deadline: Tidak diketahui
[2026-08-11 18:07:00]      • [Materi] 4.1  Pengantar: Breadth First Search URL → Deadline: -
[2026-08-11 18:07:03]      • [Materi] Sesi Praktikum File → Deadline: -
[2026-08-11 18:07:07]      • [Materi] Video Tutorial: Mendownload File IPYNB di Virtual Class URL → Deadline: -
[2026-08-11 18:07:13]      • [Quiz] Post-Test (M4) → Deadline: Tidak diketahui
[2026-08-11 18:07:16]      • [Assignment] Laporan Akhir (M4) → Deadline: Saturday, 11 April 2026, 11:59 PM
[2026-08-11 18:07:20]      • [Quiz] Pre-Test (M5) → Deadline: Tidak diketahui
[2026-08-11 18:07:25]      • [Materi] Sesi Praktikum URL → Deadline: -
[2026-08-11 18:07:29]      • [Quiz] Post-Test (M5) → Deadline: Tidak diketahui
[2026-08-11 18:07:33]      • [Assignment] Laporan Akhir (M5) → Deadline: Saturday, 18 April 2026, 11:59 PM
[2026-08-11 18:07:37]      • [Quiz] Pre-Test (M6) → Deadline: Tidak diketahui
[2026-08-11 18:07:41]      • [Materi] 6.1  Pendahuluan: Algoritma Dasar Tree URL → Deadline: -
[2026-08-11 18:07:45]      • [Materi] Sesi Praktikum File → Deadline: -
[2026-08-11 18:07:49]      • [Quiz] Post-Test (M6) → Deadline: Tidak diketahui
[2026-08-11 18:07:54]      • [Assignment] Laporan Akhir (M6) → Deadline: Saturday, 25 April 2026, 11:59 PM
[2026-08-11 18:07:59]      • [Quiz] Pre-Test (M8) → Deadline: Tidak diketahui
[2026-08-11 18:08:03]      • [Materi] 8.1  Pendahuluan: Implementasi Graph URL → Deadline: -
[2026-08-11 18:08:08]      • [Materi] Link File Praktikum I - family.pl → Deadline: -
[2026-08-11 18:08:13]      • [Materi] Link File Praktikum II - 8-puzzles.ipynb → Deadline: -
[2026-08-11 18:08:17]      • [Materi] Video Tutorial: Mendownload File IPYNB di Virtual Class URL → Deadline: -
[2026-08-11 18:08:21]      • [Quiz] Post-Test (M8) → Deadline: Tidak diketahui
[2026-08-11 18:08:26]      • [Assignment] Laporan Akhir (M8) → Deadline: Saturday, 9 May 2026, 11:59 PM
[2026-08-11 18:08:30]      • [Quiz] Pre-Test (M9) → Deadline: Tidak diketahui
[2026-08-11 18:08:35]      • [Materi] Sesi Hands-on Praktikum URL → Deadline: -
[2026-08-11 18:08:40]      • [Quiz] Post-Test (M9) → Deadline: Tidak diketahui
[2026-08-11 18:08:43]      • [Assignment] Pengumpulan Tugas (M9) → Deadline: Saturday, 16 May 2026, 11:59 PM
[2026-08-11 18:08:47]      • [Quiz] Pre-Test (M3) → Deadline: Tidak diketahui
[2026-08-11 18:08:52]      • [Materi] Sesi Praktikum URL → Deadline: -
[2026-08-11 18:08:56]      • [Materi] Video Tutorial: Menambahkan File pada Mesin DGX URL → Deadline: -
[2026-08-11 18:09:00]      • [Quiz] Post-Test (M3) → Deadline: Tidak diketahui
[2026-08-11 18:09:04]      • [Assignment] Pengumpulan Tugas (M3) → Deadline: Saturday, 23 May 2026, 11:59 PM
[2026-08-11 18:09:08]      • [Quiz] Pre-Test (M7) → Deadline: Tidak diketahui
[2026-08-11 18:09:12]      • [Materi] Link File Praktikum I - 3-Tekrek-Find-Center.ipynb → Deadline: -
[2026-08-11 18:09:16]      • [Materi] Link File Praktikum II - 3-Tekrek-Sortest-Path.ipynb → Deadline: -
[2026-08-11 18:09:20]      • [Materi] Video Tutorial: Mendownload File IPYNB di Virtual Class URL → Deadline: -
[2026-08-11 18:09:24]      • [Quiz] Post-Test (M7) → Deadline: Tidak diketahui
[2026-08-11 18:09:28]      • [Assignment] Laporan Akhir (M7) → Deadline: Saturday, 23 May 2026, 11:59 PM
[2026-08-11 18:09:33] 📦 Total tugas ditemukan: 126
[2026-08-11 18:09:33] 💾 Disimpan ke python/node/tugas.json
