[2026-07-07 09:45:40] 🔐 Login ke V-Class...
[2026-07-07 09:45:41] ✅ Login berhasil
[2026-07-07 09:45:41] 📚 Mengambil mata kuliah ID 108486 ...
[2026-07-07 09:45:41]   ➤ ATA 2025/2026 | 3KB01 | Jaringan Komputer Lanjut | VIVIEN NOVA FITHRIANA
[2026-07-07 09:45:41]      • [Materi] Announcements Forum → Deadline: -
[2026-07-07 09:45:45]      • [Materi] M1 File → Deadline: -
[2026-07-07 09:45:49]      • [Materi] M2 File → Deadline: -
[2026-07-07 09:45:54]      • [Materi] M3 File → Deadline: -
[2026-07-07 09:45:58]      • [Materi] M4 File → Deadline: -
[2026-07-07 09:46:03]      • [Materi] M5 File → Deadline: -
[2026-07-07 09:46:07]      • [Materi] M6 File → Deadline: -
[2026-07-07 09:46:11]      • [Materi] M7 File → Deadline: -
[2026-07-07 09:46:16]      • [Materi] VC-1 : Traffic dan Algoritma Kendali Kemacetan File → Deadline: -
[2026-07-07 09:46:20]      • [Materi] VC-1 : Traffic dan Algoritma Kendali Kemacetan File → Deadline: -
[2026-07-07 09:46:24]      • [Materi] Forum VC-1 : Traffic dan Algoritma Kendali Kemacetan → Deadline: -
[2026-07-07 09:46:29]      • [Quiz] Latihan Soal VC-1 : Traffic dan Algoritma Kendali Kemacetan → Deadline: Tidak diketahui
[2026-07-07 09:46:33]      • [Materi] VC-2 : Traffic dan Algoritma Kendali Kemacetan - Bagian 2 File → Deadline: -
[2026-07-07 09:46:38]      • [Materi] Forum VC-2 : Traffic dan Algoritma Kendali Kemacetan - Bagian 2 → Deadline: -
[2026-07-07 09:46:43]      • [Quiz] Latihan Soal VC-2 : Traffic dan Algoritma Kendali Kemacetan - Bagian 2 → Deadline: Tidak diketahui
[2026-07-07 09:46:47]      • [Materi] VC-3 : Lapisan Transport File → Deadline: -
[2026-07-07 09:46:51]      • [Materi] Forum VC-3 : Lapisan Transport → Deadline: -
[2026-07-07 09:46:55]      • [Quiz] Latihan Soal VC-3 : Lapisan Transport → Deadline: Wednesday, 15 July 2026, 11:59 PM
[2026-07-07 09:46:59] 📚 Mengambil mata kuliah ID 108172 ...
[2026-07-07 09:46:59]   ➤ ATA 2025/2026 | 3KB01 | Internet of Things (IoT) | PURNAWARMAN MUSA
[2026-07-07 09:46:59]      • [Materi] Announcements Forum → Deadline: -
[2026-07-07 09:47:04]      • [Materi] M6 File → Deadline: -
[2026-07-07 09:47:07]      • [Quiz] Soal (Tugas Individu) → Deadline: Tidak diketahui
[2026-07-07 09:47:12]      • [Quiz] Soal (Tugas Individu) → Deadline: Tidak diketahui
[2026-07-07 09:47:17] 📚 Mengambil mata kuliah ID 109563 ...
[2026-07-07 09:47:17]   ➤ ATA 2025/2026 | 3KB01 | Sistem Tertanam (Embedded) * | RIDHA ISKANDAR
[2026-07-07 09:47:17]      • [Materi] Selamat Datang di V-Class Sistem Tertanam (Embedded) Forum → Deadline: -
[2026-07-07 09:47:21]      • [Assignment] File 1 → Deadline: Sunday, 26 April 2026, 12:00 AM
[2026-07-07 09:47:24] 📚 Mengambil mata kuliah ID 109970 ...
[2026-07-07 09:47:24]   ➤ ATA 2025/2026 | 2EB10 | Bahasa Indonesia | MELANIAWATI
[2026-07-07 09:47:24] 📚 Mengambil mata kuliah ID 107919 ...
[2026-07-07 09:47:24]   ➤ ATA 2025/2026 | 3KB01 | Sistem Cerdas Lanjut | NUR SULTAN SALAHUDDIN
[2026-07-07 09:47:24]      • [Materi] Announcements Forum → Deadline: -
[2026-07-07 09:47:29]      • [Assignment] Sistem Kesehatan Cerdas → Deadline: Thursday, 21 May 2026, 12:00 AM
[2026-07-07 09:47:33]      • [Quiz] Sistem Kesehatan Cerdas → Deadline: Tidak diketahui
[2026-07-07 09:47:38] 📚 Mengambil mata kuliah ID 107291 ...
[2026-07-07 09:47:38]   ➤ ATA 2025/2026 | 3KB01 | Pengantarmukaan Perif.Komputer * | FARID THALIB
[2026-07-07 09:47:38]      • [Materi] Announcements Forum → Deadline: -
[2026-07-07 09:47:42] 📚 Mengambil mata kuliah ID 104438 ...
[2026-07-07 09:47:43]   ➤ ATA 2025/2026 | 3-FIKTI | Terapan Teori Graf | TEAM TEACHING
[2026-07-07 09:47:43]      • [Materi] PEMBERITAHUAN UTS SUSULAN File → Deadline: -
[2026-07-07 09:47:47]      • [Materi] PEMBERITAHUAN PELAKSANAAN TEAM TEACHING TERAPAN TEORI GRAF Forum → Deadline: -
[2026-07-07 09:47:51]      • [Materi] M1: Pendahuluan Teori Graf File → Deadline: -
[2026-07-07 09:47:55]      • [Materi] Video Literasi M1: Pendahuluan Teori Graf URL → Deadline: -
[2026-07-07 09:47:59]      • [Quiz] Kuis M1 [kelas PAGI] → Deadline: Tidak diketahui
[2026-07-07 09:48:03]      • [Quiz] Kuis M1 [kelas MALAM] → Deadline: Tidak diketahui
[2026-07-07 09:48:06]      • [Materi] M2: Graf Tidak Berarah dan Graf Berbobot File → Deadline: -
[2026-07-07 09:48:11]      • [Materi] Video Literasi M2 : Graf Tidak Berarah dan Graf Berbobot URL → Deadline: -
[2026-07-07 09:48:15]      • [Quiz] Kuis M2 [KELAS PAGI] : Graf Tidak Berarah dan Graf Berbobot → Deadline: Tidak diketahui
[2026-07-07 09:48:20]      • [Quiz] Kuis M2 [KELAS MALAM] : Graf Tidak Berarah dan Graf Berbobot → Deadline: Tidak diketahui
[2026-07-07 09:48:24]      • [Materi] M4 : Aplikasi Teori Graf di Teknik Elektro File → Deadline: -
[2026-07-07 09:48:28]      • [Materi] Video Literasi M4 : Aplikasi Teori Graf di Teknik Elektro URL → Deadline: -
[2026-07-07 09:48:32]      • [Quiz] Kuis M4 [KELAS PAGI]: Aplikasi Teori Graf di Teknik Elektro → Deadline: Tidak diketahui
[2026-07-07 09:48:36]      • [Quiz] Kuis M4 [KELAS MALAM]: Aplikasi Teori Graf di Teknik Elektro → Deadline: Tidak diketahui
[2026-07-07 09:48:40]      • [Materi] M5 : Knowledge Graph dan Database Graph File → Deadline: -
[2026-07-07 09:48:44]      • [Materi] Video Literasi  M5 : Knowledge Graph dan Database Graph URL → Deadline: -
[2026-07-07 09:48:49]      • [Quiz] Kuis M5 [KELAS PAGI] : nowledge Graph dan Database Graph → Deadline: Tidak diketahui
[2026-07-07 09:48:53]      • [Quiz] Kuis M5 [KELAS MALAM] : Knowledge Graph dan Database Graph → Deadline: Tidak diketahui
[2026-07-07 09:48:57]      • [Materi] M6 : Graf Berarah dan Implementasinya File → Deadline: -
[2026-07-07 09:49:02]      • [Materi] Video Literasi M6 : Graf Berarah dan Implementasinya URL → Deadline: -
[2026-07-07 09:49:07]      • [Quiz] Kuis M6 [KELAS PAGI] : Graf Berarah dan Implementasinya → Deadline: Tidak diketahui
[2026-07-07 09:49:11]      • [Quiz] Kuis M6 [KELAS MALAM] : Graf Berarah dan Implementasinya → Deadline: Tidak diketahui
[2026-07-07 09:49:16]      • [Materi] M8 : Penerapan Teori Graf di Bidang Teknik Sipil File → Deadline: -
[2026-07-07 09:49:21]      • [Materi] Video Literasi M8 : Penerapan Teori Graf di Bidang Teknik Sipil URL → Deadline: -
[2026-07-07 09:49:26]      • [Quiz] Kuis M8 [KELAS PAGI] : Penerapan Teori Graf di Bidang Teknik Sipil → Deadline: Tidak diketahui
[2026-07-07 09:49:30]      • [Quiz] Kuis M8 [KELAS MALAM] : Penerapan Teori Graf di Bidang Teknik Sipil → Deadline: Tidak diketahui
[2026-07-07 09:49:35]      • [Materi] M10 : Penerapan Teori Graf  di Bidang Teknik Industri File → Deadline: -
[2026-07-07 09:49:39]      • [Materi] Video Literasi M10 : Penerapan Teori Graf  di Bidang Teknik Industri URL → Deadline: -
[2026-07-07 09:49:43]      • [Quiz] Kuis M10 [kelas pagi] : Penerapan Teori Graf  di Bidang Teknik Industri → Deadline: Tidak diketahui
[2026-07-07 09:49:47]      • [Quiz] Kuis M10 [kelas malam]: Penerapan Teori Graf  di Bidang Teknik Industri → Deadline: Tidak diketahui
[2026-07-07 09:49:51]      • [Materi] M11 : Program Dinamis dan Permasalahan Tata Letak Fasilitas File → Deadline: -
[2026-07-07 09:49:54]      • [Materi] video literasi : Program Dinamis dan Permasalahan Tata Letak Fasilitas URL → Deadline: -
[2026-07-07 09:49:59]      • [Quiz] Kuis M11 [kelas PAGI]: Program Dinamis dan Permasalahan Tata Letak Fasilitas → Deadline: Tidak diketahui
[2026-07-07 09:50:03]      • [Quiz] Kuis M11 [kelas MALAM]: Program Dinamis dan Permasalahan Tata Letak Fasilitas → Deadline: Tidak diketahui
[2026-07-07 09:50:07]      • [Materi] M12: Algoritma Greedy pada Graf File → Deadline: -
[2026-07-07 09:50:11]      • [Materi] Video literasi M12: Algoritma Greedy pada Graf URL → Deadline: -
[2026-07-07 09:50:15]      • [Quiz] Kuis M12 [kelas PAGI] → Deadline: Tidak diketahui
[2026-07-07 09:50:19]      • [Quiz] Kuis M12 [kelas MALAM] → Deadline: Tidak diketahui
[2026-07-07 09:50:23] 📚 Mengambil mata kuliah ID 104413 ...
[2026-07-07 09:50:23]   ➤ ATA 2025/2026 | 3-FIKTI | Praktikum Terapan Teori Graf
[2026-07-07 09:50:23]      • [Materi] Panduan Praktikum  Forum → Deadline: -
[2026-07-07 09:50:28]      • [Materi] Panduan Google Collaboratory URL → Deadline: -
[2026-07-07 09:50:33]      • [Materi] Panduan Instalasi Anaconda URL → Deadline: -
[2026-07-07 09:50:39]      • [Quiz] Pre-Test (M1) → Deadline: Tidak diketahui
[2026-07-07 09:50:43]      • [Materi] 1.1  Pengantar: Teori Graf URL → Deadline: -
[2026-07-07 09:50:48]      • [Materi] 1.2  Sesi Hands-on Praktikum URL → Deadline: -
[2026-07-07 09:50:52]      • [Materi] 1.3 Tutorial Menambahkan File pada Mesin DGX URL → Deadline: -
[2026-07-07 09:50:56]      • [Quiz] Post-Test (M1) → Deadline: Tidak diketahui
[2026-07-07 09:51:01]      • [Assignment] Pengumpulan Tugas (M1) → Deadline: Saturday, 7 March 2026, 11:59 PM
[2026-07-07 09:51:05]      • [Quiz] Pre-Test (M2) → Deadline: Tidak diketahui
[2026-07-07 09:51:08]      • [Materi] 2.1  Pengantar: Berbagai Pemecahan Masalah Menggunakan Teori Graf Page → Deadline: -
[2026-07-07 09:51:12]      • [Quiz] Post-Test (M2) → Deadline: Tidak diketahui
[2026-07-07 09:51:17]      • [Assignment] Pengumpulan Tugas (M2) → Deadline: Saturday, 14 March 2026, 11:59 PM
[2026-07-07 09:51:22]      • [Quiz] Pre-Test (M4) → Deadline: Tidak diketahui
[2026-07-07 09:51:25]      • [Materi] 4.1  Pengantar: Breadth First Search URL → Deadline: -
[2026-07-07 09:51:30]      • [Materi] Sesi Praktikum File → Deadline: -
[2026-07-07 09:51:35]      • [Materi] Video Tutorial: Mendownload File IPYNB di Virtual Class URL → Deadline: -
[2026-07-07 09:51:39]      • [Quiz] Post-Test (M4) → Deadline: Tidak diketahui
[2026-07-07 09:51:44]      • [Assignment] Laporan Akhir (M4) → Deadline: Saturday, 11 April 2026, 11:59 PM
[2026-07-07 09:51:48]      • [Quiz] Pre-Test (M5) → Deadline: Tidak diketahui
[2026-07-07 09:51:52]      • [Materi] Sesi Praktikum URL → Deadline: -
[2026-07-07 09:51:57]      • [Quiz] Post-Test (M5) → Deadline: Tidak diketahui
[2026-07-07 09:52:02]      • [Assignment] Laporan Akhir (M5) → Deadline: Saturday, 18 April 2026, 11:59 PM
[2026-07-07 09:52:06]      • [Quiz] Pre-Test (M6) → Deadline: Tidak diketahui
[2026-07-07 09:52:10]      • [Materi] 6.1  Pendahuluan: Algoritma Dasar Tree URL → Deadline: -
[2026-07-07 09:52:14]      • [Materi] Sesi Praktikum File → Deadline: -
[2026-07-07 09:52:18]      • [Quiz] Post-Test (M6) → Deadline: Tidak diketahui
[2026-07-07 09:52:22]      • [Assignment] Laporan Akhir (M6) → Deadline: Saturday, 25 April 2026, 11:59 PM
[2026-07-07 09:52:25]      • [Quiz] Pre-Test (M8) → Deadline: Tidak diketahui
[2026-07-07 09:52:29]      • [Materi] 8.1  Pendahuluan: Implementasi Graph URL → Deadline: -
[2026-07-07 09:52:33]      • [Materi] Link File Praktikum I - family.pl → Deadline: -
[2026-07-07 09:52:37]      • [Materi] Link File Praktikum II - 8-puzzles.ipynb → Deadline: -
[2026-07-07 09:52:42]      • [Materi] Video Tutorial: Mendownload File IPYNB di Virtual Class URL → Deadline: -
[2026-07-07 09:52:46]      • [Quiz] Post-Test (M8) → Deadline: Tidak diketahui
[2026-07-07 09:52:50]      • [Assignment] Laporan Akhir (M8) → Deadline: Saturday, 9 May 2026, 11:59 PM
[2026-07-07 09:52:54]      • [Quiz] Pre-Test (M9) → Deadline: Tidak diketahui
[2026-07-07 09:52:58]      • [Materi] Sesi Hands-on Praktikum URL → Deadline: -
[2026-07-07 09:53:03]      • [Quiz] Post-Test (M9) → Deadline: Tidak diketahui
[2026-07-07 09:53:08]      • [Assignment] Pengumpulan Tugas (M9) → Deadline: Saturday, 16 May 2026, 11:59 PM
[2026-07-07 09:53:13]      • [Quiz] Pre-Test (M3) → Deadline: Tidak diketahui
[2026-07-07 09:53:17]      • [Materi] Sesi Praktikum URL → Deadline: -
[2026-07-07 09:53:22]      • [Materi] Video Tutorial: Menambahkan File pada Mesin DGX URL → Deadline: -
[2026-07-07 09:53:27]      • [Quiz] Post-Test (M3) → Deadline: Tidak diketahui
[2026-07-07 09:53:30]      • [Assignment] Pengumpulan Tugas (M3) → Deadline: Saturday, 23 May 2026, 11:59 PM
[2026-07-07 09:53:34]      • [Quiz] Pre-Test (M7) → Deadline: Tidak diketahui
[2026-07-07 09:53:38]      • [Materi] Link File Praktikum I - 3-Tekrek-Find-Center.ipynb → Deadline: -
[2026-07-07 09:53:42]      • [Materi] Link File Praktikum II - 3-Tekrek-Sortest-Path.ipynb → Deadline: -
[2026-07-07 09:53:46]      • [Materi] Video Tutorial: Mendownload File IPYNB di Virtual Class URL → Deadline: -
[2026-07-07 09:53:51]      • [Quiz] Post-Test (M7) → Deadline: Tidak diketahui
[2026-07-07 09:53:55]      • [Assignment] Laporan Akhir (M7) → Deadline: Saturday, 23 May 2026, 11:59 PM
[2026-07-07 09:53:59] 📦 Total tugas ditemukan: 116
[2026-07-07 09:53:59] 💾 Disimpan ke python/node/tugas.json
[2026-07-07 18:00:59] 🔐 Login ke V-Class...
[2026-07-07 18:01:00] ✅ Login berhasil
[2026-07-07 18:01:00] 📚 Mengambil mata kuliah ID 108486 ...
[2026-07-07 18:01:00]   ➤ ATA 2025/2026 | 3KB01 | Jaringan Komputer Lanjut | VIVIEN NOVA FITHRIANA
[2026-07-07 18:01:00]      • [Materi] Announcements Forum → Deadline: -
[2026-07-07 18:01:04]      • [Materi] M1 File → Deadline: -
[2026-07-07 18:01:07]      • [Materi] M2 File → Deadline: -
[2026-07-07 18:01:11]      • [Materi] M3 File → Deadline: -
[2026-07-07 18:01:16]      • [Materi] M4 File → Deadline: -
[2026-07-07 18:01:20]      • [Materi] M5 File → Deadline: -
[2026-07-07 18:01:25]      • [Materi] M6 File → Deadline: -
[2026-07-07 18:01:29]      • [Materi] M7 File → Deadline: -
[2026-07-07 18:01:34]      • [Materi] VC-1 : Traffic dan Algoritma Kendali Kemacetan File → Deadline: -
[2026-07-07 18:01:38]      • [Materi] VC-1 : Traffic dan Algoritma Kendali Kemacetan File → Deadline: -
[2026-07-07 18:01:42]      • [Materi] Forum VC-1 : Traffic dan Algoritma Kendali Kemacetan → Deadline: -
[2026-07-07 18:01:47]      • [Quiz] Latihan Soal VC-1 : Traffic dan Algoritma Kendali Kemacetan → Deadline: Tidak diketahui
[2026-07-07 18:01:51]      • [Materi] VC-2 : Traffic dan Algoritma Kendali Kemacetan - Bagian 2 File → Deadline: -
[2026-07-07 18:01:56]      • [Materi] Forum VC-2 : Traffic dan Algoritma Kendali Kemacetan - Bagian 2 → Deadline: -
[2026-07-07 18:02:01]      • [Quiz] Latihan Soal VC-2 : Traffic dan Algoritma Kendali Kemacetan - Bagian 2 → Deadline: Tidak diketahui
[2026-07-07 18:02:05]      • [Materi] VC-3 : Lapisan Transport File → Deadline: -
[2026-07-07 18:02:08]      • [Materi] Forum VC-3 : Lapisan Transport → Deadline: -
[2026-07-07 18:02:13]      • [Quiz] Latihan Soal VC-3 : Lapisan Transport → Deadline: Wednesday, 15 July 2026, 11:59 PM
[2026-07-07 18:02:16] 📚 Mengambil mata kuliah ID 108172 ...
[2026-07-07 18:02:16]   ➤ ATA 2025/2026 | 3KB01 | Internet of Things (IoT) | PURNAWARMAN MUSA
[2026-07-07 18:02:16]      • [Materi] Announcements Forum → Deadline: -
[2026-07-07 18:02:20]      • [Materi] M6 File → Deadline: -
[2026-07-07 18:02:24]      • [Quiz] Soal (Tugas Individu) → Deadline: Tidak diketahui
[2026-07-07 18:02:28]      • [Quiz] Soal (Tugas Individu) → Deadline: Tidak diketahui
[2026-07-07 18:02:32] 📚 Mengambil mata kuliah ID 109563 ...
[2026-07-07 18:02:32]   ➤ ATA 2025/2026 | 3KB01 | Sistem Tertanam (Embedded) * | RIDHA ISKANDAR
[2026-07-07 18:02:32]      • [Materi] Selamat Datang di V-Class Sistem Tertanam (Embedded) Forum → Deadline: -
[2026-07-07 18:02:36]      • [Assignment] File 1 → Deadline: Sunday, 26 April 2026, 12:00 AM
[2026-07-07 18:02:41] 📚 Mengambil mata kuliah ID 109970 ...
[2026-07-07 18:02:41]   ➤ ATA 2025/2026 | 2EB10 | Bahasa Indonesia | MELANIAWATI
[2026-07-07 18:02:41] 📚 Mengambil mata kuliah ID 107919 ...
[2026-07-07 18:02:41]   ➤ ATA 2025/2026 | 3KB01 | Sistem Cerdas Lanjut | NUR SULTAN SALAHUDDIN
[2026-07-07 18:02:41]      • [Materi] Announcements Forum → Deadline: -
[2026-07-07 18:02:45]      • [Assignment] Sistem Kesehatan Cerdas → Deadline: Thursday, 21 May 2026, 12:00 AM
[2026-07-07 18:02:49]      • [Quiz] Sistem Kesehatan Cerdas → Deadline: Tidak diketahui
[2026-07-07 18:02:53] 📚 Mengambil mata kuliah ID 107291 ...
[2026-07-07 18:02:53]   ➤ ATA 2025/2026 | 3KB01 | Pengantarmukaan Perif.Komputer * | FARID THALIB
[2026-07-07 18:02:53]      • [Materi] Announcements Forum → Deadline: -
[2026-07-07 18:02:57] 📚 Mengambil mata kuliah ID 104438 ...
[2026-07-07 18:02:58]   ➤ ATA 2025/2026 | 3-FIKTI | Terapan Teori Graf | TEAM TEACHING
[2026-07-07 18:02:58]      • [Materi] PEMBERITAHUAN UTS SUSULAN File → Deadline: -
[2026-07-07 18:03:02]      • [Materi] PEMBERITAHUAN PELAKSANAAN TEAM TEACHING TERAPAN TEORI GRAF Forum → Deadline: -
[2026-07-07 18:03:07]      • [Materi] M1: Pendahuluan Teori Graf File → Deadline: -
[2026-07-07 18:03:11]      • [Materi] Video Literasi M1: Pendahuluan Teori Graf URL → Deadline: -
[2026-07-07 18:03:16]      • [Quiz] Kuis M1 [kelas PAGI] → Deadline: Tidak diketahui
[2026-07-07 18:03:20]      • [Quiz] Kuis M1 [kelas MALAM] → Deadline: Tidak diketahui
[2026-07-07 18:03:25]      • [Materi] M2: Graf Tidak Berarah dan Graf Berbobot File → Deadline: -
[2026-07-07 18:03:29]      • [Materi] Video Literasi M2 : Graf Tidak Berarah dan Graf Berbobot URL → Deadline: -
[2026-07-07 18:03:34]      • [Quiz] Kuis M2 [KELAS PAGI] : Graf Tidak Berarah dan Graf Berbobot → Deadline: Tidak diketahui
[2026-07-07 18:03:38]      • [Quiz] Kuis M2 [KELAS MALAM] : Graf Tidak Berarah dan Graf Berbobot → Deadline: Tidak diketahui
[2026-07-07 18:03:43]      • [Materi] M4 : Aplikasi Teori Graf di Teknik Elektro File → Deadline: -
[2026-07-07 18:03:47]      • [Materi] Video Literasi M4 : Aplikasi Teori Graf di Teknik Elektro URL → Deadline: -
[2026-07-07 18:03:52]      • [Quiz] Kuis M4 [KELAS PAGI]: Aplikasi Teori Graf di Teknik Elektro → Deadline: Tidak diketahui
[2026-07-07 18:03:57]      • [Quiz] Kuis M4 [KELAS MALAM]: Aplikasi Teori Graf di Teknik Elektro → Deadline: Tidak diketahui
[2026-07-07 18:04:00]      • [Materi] M5 : Knowledge Graph dan Database Graph File → Deadline: -
[2026-07-07 18:04:05]      • [Materi] Video Literasi  M5 : Knowledge Graph dan Database Graph URL → Deadline: -
[2026-07-07 18:04:10]      • [Quiz] Kuis M5 [KELAS PAGI] : nowledge Graph dan Database Graph → Deadline: Tidak diketahui
[2026-07-07 18:04:14]      • [Quiz] Kuis M5 [KELAS MALAM] : Knowledge Graph dan Database Graph → Deadline: Tidak diketahui
[2026-07-07 18:04:18]      • [Materi] M6 : Graf Berarah dan Implementasinya File → Deadline: -
[2026-07-07 18:04:23]      • [Materi] Video Literasi M6 : Graf Berarah dan Implementasinya URL → Deadline: -
[2026-07-07 18:04:27]      • [Quiz] Kuis M6 [KELAS PAGI] : Graf Berarah dan Implementasinya → Deadline: Tidak diketahui
[2026-07-07 18:04:31]      • [Quiz] Kuis M6 [KELAS MALAM] : Graf Berarah dan Implementasinya → Deadline: Tidak diketahui
[2026-07-07 18:04:35]      • [Materi] M8 : Penerapan Teori Graf di Bidang Teknik Sipil File → Deadline: -
[2026-07-07 18:04:38]      • [Materi] Video Literasi M8 : Penerapan Teori Graf di Bidang Teknik Sipil URL → Deadline: -
[2026-07-07 18:04:43]      • [Quiz] Kuis M8 [KELAS PAGI] : Penerapan Teori Graf di Bidang Teknik Sipil → Deadline: Tidak diketahui
[2026-07-07 18:04:47]      • [Quiz] Kuis M8 [KELAS MALAM] : Penerapan Teori Graf di Bidang Teknik Sipil → Deadline: Tidak diketahui
[2026-07-07 18:04:52]      • [Materi] M10 : Penerapan Teori Graf  di Bidang Teknik Industri File → Deadline: -
[2026-07-07 18:04:56]      • [Materi] Video Literasi M10 : Penerapan Teori Graf  di Bidang Teknik Industri URL → Deadline: -
[2026-07-07 18:05:00]      • [Quiz] Kuis M10 [kelas pagi] : Penerapan Teori Graf  di Bidang Teknik Industri → Deadline: Tidak diketahui
[2026-07-07 18:05:05]      • [Quiz] Kuis M10 [kelas malam]: Penerapan Teori Graf  di Bidang Teknik Industri → Deadline: Tidak diketahui
[2026-07-07 18:05:09]      • [Materi] M11 : Program Dinamis dan Permasalahan Tata Letak Fasilitas File → Deadline: -
[2026-07-07 18:05:13]      • [Materi] video literasi : Program Dinamis dan Permasalahan Tata Letak Fasilitas URL → Deadline: -
[2026-07-07 18:05:18]      • [Quiz] Kuis M11 [kelas PAGI]: Program Dinamis dan Permasalahan Tata Letak Fasilitas → Deadline: Tidak diketahui
[2026-07-07 18:05:22]      • [Quiz] Kuis M11 [kelas MALAM]: Program Dinamis dan Permasalahan Tata Letak Fasilitas → Deadline: Tidak diketahui
[2026-07-07 18:05:27]      • [Materi] M12: Algoritma Greedy pada Graf File → Deadline: -
[2026-07-07 18:05:32]      • [Materi] Video literasi M12: Algoritma Greedy pada Graf URL → Deadline: -
[2026-07-07 18:05:36]      • [Quiz] Kuis M12 [kelas PAGI] → Deadline: Tidak diketahui
[2026-07-07 18:05:40]      • [Quiz] Kuis M12 [kelas MALAM] → Deadline: Tidak diketahui
[2026-07-07 18:05:45] 📚 Mengambil mata kuliah ID 104413 ...
[2026-07-07 18:05:46]   ➤ ATA 2025/2026 | 3-FIKTI | Praktikum Terapan Teori Graf
[2026-07-07 18:05:46]      • [Materi] Panduan Praktikum  Forum → Deadline: -
[2026-07-07 18:05:50]      • [Materi] Panduan Google Collaboratory URL → Deadline: -
[2026-07-07 18:05:54]      • [Materi] Panduan Instalasi Anaconda URL → Deadline: -
[2026-07-07 18:05:59]      • [Quiz] Pre-Test (M1) → Deadline: Tidak diketahui
[2026-07-07 18:06:04]      • [Materi] 1.1  Pengantar: Teori Graf URL → Deadline: -
[2026-07-07 18:06:09]      • [Materi] 1.2  Sesi Hands-on Praktikum URL → Deadline: -
[2026-07-07 18:06:12]      • [Materi] 1.3 Tutorial Menambahkan File pada Mesin DGX URL → Deadline: -
[2026-07-07 18:06:17]      • [Quiz] Post-Test (M1) → Deadline: Tidak diketahui
[2026-07-07 18:06:22]      • [Assignment] Pengumpulan Tugas (M1) → Deadline: Saturday, 7 March 2026, 11:59 PM
[2026-07-07 18:06:26]      • [Quiz] Pre-Test (M2) → Deadline: Tidak diketahui
[2026-07-07 18:06:30]      • [Materi] 2.1  Pengantar: Berbagai Pemecahan Masalah Menggunakan Teori Graf Page → Deadline: -
[2026-07-07 18:06:34]      • [Quiz] Post-Test (M2) → Deadline: Tidak diketahui
[2026-07-07 18:06:39]      • [Assignment] Pengumpulan Tugas (M2) → Deadline: Saturday, 14 March 2026, 11:59 PM
[2026-07-07 18:06:43]      • [Quiz] Pre-Test (M4) → Deadline: Tidak diketahui
[2026-07-07 18:06:48]      • [Materi] 4.1  Pengantar: Breadth First Search URL → Deadline: -
[2026-07-07 18:06:52]      • [Materi] Sesi Praktikum File → Deadline: -
[2026-07-07 18:06:55]      • [Materi] Video Tutorial: Mendownload File IPYNB di Virtual Class URL → Deadline: -
[2026-07-07 18:07:00]      • [Quiz] Post-Test (M4) → Deadline: Tidak diketahui
[2026-07-07 18:07:05]      • [Assignment] Laporan Akhir (M4) → Deadline: Saturday, 11 April 2026, 11:59 PM
[2026-07-07 18:07:09]      • [Quiz] Pre-Test (M5) → Deadline: Tidak diketahui
[2026-07-07 18:07:13]      • [Materi] Sesi Praktikum URL → Deadline: -
[2026-07-07 18:07:17]      • [Quiz] Post-Test (M5) → Deadline: Tidak diketahui
[2026-07-07 18:07:22]      • [Assignment] Laporan Akhir (M5) → Deadline: Saturday, 18 April 2026, 11:59 PM
[2026-07-07 18:07:27]      • [Quiz] Pre-Test (M6) → Deadline: Tidak diketahui
[2026-07-07 18:07:32]      • [Materi] 6.1  Pendahuluan: Algoritma Dasar Tree URL → Deadline: -
[2026-07-07 18:07:36]      • [Materi] Sesi Praktikum File → Deadline: -
[2026-07-07 18:07:41]      • [Quiz] Post-Test (M6) → Deadline: Tidak diketahui
[2026-07-07 18:07:45]      • [Assignment] Laporan Akhir (M6) → Deadline: Saturday, 25 April 2026, 11:59 PM
[2026-07-07 18:07:50]      • [Quiz] Pre-Test (M8) → Deadline: Tidak diketahui
[2026-07-07 18:07:54]      • [Materi] 8.1  Pendahuluan: Implementasi Graph URL → Deadline: -
[2026-07-07 18:07:58]      • [Materi] Link File Praktikum I - family.pl → Deadline: -
[2026-07-07 18:08:03]      • [Materi] Link File Praktikum II - 8-puzzles.ipynb → Deadline: -
[2026-07-07 18:08:07]      • [Materi] Video Tutorial: Mendownload File IPYNB di Virtual Class URL → Deadline: -
[2026-07-07 18:08:11]      • [Quiz] Post-Test (M8) → Deadline: Tidak diketahui
[2026-07-07 18:08:16]      • [Assignment] Laporan Akhir (M8) → Deadline: Saturday, 9 May 2026, 11:59 PM
[2026-07-07 18:08:19]      • [Quiz] Pre-Test (M9) → Deadline: Tidak diketahui
[2026-07-07 18:08:23]      • [Materi] Sesi Hands-on Praktikum URL → Deadline: -
[2026-07-07 18:08:28]      • [Quiz] Post-Test (M9) → Deadline: Tidak diketahui
[2026-07-07 18:08:32]      • [Assignment] Pengumpulan Tugas (M9) → Deadline: Saturday, 16 May 2026, 11:59 PM
[2026-07-07 18:08:36]      • [Quiz] Pre-Test (M3) → Deadline: Tidak diketahui
[2026-07-07 18:08:40]      • [Materi] Sesi Praktikum URL → Deadline: -
[2026-07-07 18:08:43]      • [Materi] Video Tutorial: Menambahkan File pada Mesin DGX URL → Deadline: -
[2026-07-07 18:08:48]      • [Quiz] Post-Test (M3) → Deadline: Tidak diketahui
[2026-07-07 18:08:53]      • [Assignment] Pengumpulan Tugas (M3) → Deadline: Saturday, 23 May 2026, 11:59 PM
[2026-07-07 18:08:58]      • [Quiz] Pre-Test (M7) → Deadline: Tidak diketahui
[2026-07-07 18:09:02]      • [Materi] Link File Praktikum I - 3-Tekrek-Find-Center.ipynb → Deadline: -
[2026-07-07 18:09:07]      • [Materi] Link File Praktikum II - 3-Tekrek-Sortest-Path.ipynb → Deadline: -
[2026-07-07 18:09:12]      • [Materi] Video Tutorial: Mendownload File IPYNB di Virtual Class URL → Deadline: -
[2026-07-07 18:09:17]      • [Quiz] Post-Test (M7) → Deadline: Tidak diketahui
[2026-07-07 18:09:21]      • [Assignment] Laporan Akhir (M7) → Deadline: Saturday, 23 May 2026, 11:59 PM
[2026-07-07 18:09:26] 📦 Total tugas ditemukan: 116
[2026-07-07 18:09:26] 💾 Disimpan ke python/node/tugas.json
