[2026-06-14 09:45:16] 🔐 Login ke V-Class...
[2026-06-14 09:45:16] ✅ Login berhasil
[2026-06-14 09:45:16] 📚 Mengambil mata kuliah ID 108486 ...
[2026-06-14 09:45:16]   ➤ ATA 2025/2026 | 3KB01 | Jaringan Komputer Lanjut | VIVIEN NOVA FITHRIANA
[2026-06-14 09:45:16]      • [Materi] Announcements Forum → Deadline: -
[2026-06-14 09:45:21]      • [Materi] M1 File → Deadline: -
[2026-06-14 09:45:25]      • [Materi] M2 File → Deadline: -
[2026-06-14 09:45:29]      • [Materi] M3 File → Deadline: -
[2026-06-14 09:45:33]      • [Materi] M4 File → Deadline: -
[2026-06-14 09:45:37]      • [Materi] M5 File → Deadline: -
[2026-06-14 09:45:42]      • [Materi] M6 File → Deadline: -
[2026-06-14 09:45:46]      • [Materi] M7 File → Deadline: -
[2026-06-14 09:45:50]      • [Materi] VC-1 : Traffic dan Algoritma Kendali Kemacetan File → Deadline: -
[2026-06-14 09:45:55]      • [Materi] VC-1 : Traffic dan Algoritma Kendali Kemacetan File → Deadline: -
[2026-06-14 09:46:00]      • [Materi] Forum VC-1 : Traffic dan Algoritma Kendali Kemacetan → Deadline: -
[2026-06-14 09:46:04]      • [Quiz] Latihan Soal VC-1 : Traffic dan Algoritma Kendali Kemacetan → Deadline: Tidak diketahui
[2026-06-14 09:46:09]      • [Materi] VC-2 : Traffic dan Algoritma Kendali Kemacetan - Bagian 2 File → Deadline: -
[2026-06-14 09:46:13]      • [Materi] Forum VC-2 : Traffic dan Algoritma Kendali Kemacetan - Bagian 2 → Deadline: -
[2026-06-14 09:46:18]      • [Quiz] Latihan Soal VC-2 : Traffic dan Algoritma Kendali Kemacetan - Bagian 2 → Deadline: Tidak diketahui
[2026-06-14 09:46:22]      • [Materi] VC-3 : Lapisan Transport File → Deadline: -
[2026-06-14 09:46:26]      • [Materi] Forum VC-3 : Lapisan Transport → Deadline: -
[2026-06-14 09:46:30]      • [Quiz] Latihan Soal VC-3 : Lapisan Transport → Deadline: Wednesday, 15 July 2026, 11:59 PM
[2026-06-14 09:46:34] 📚 Mengambil mata kuliah ID 108172 ...
[2026-06-14 09:46:34]   ➤ ATA 2025/2026 | 3KB01 | Internet of Things (IoT) | PURNAWARMAN MUSA
[2026-06-14 09:46:34]      • [Materi] Announcements Forum → Deadline: -
[2026-06-14 09:46:39]      • [Materi] M6 File → Deadline: -
[2026-06-14 09:46:43]      • [Quiz] Soal (Tugas Individu) → Deadline: Tidak diketahui
[2026-06-14 09:46:47]      • [Quiz] Soal (Tugas Individu) → Deadline: Tidak diketahui
[2026-06-14 09:46:51] 📚 Mengambil mata kuliah ID 109563 ...
[2026-06-14 09:46:51]   ➤ ATA 2025/2026 | 3KB01 | Sistem Tertanam (Embedded) * | RIDHA ISKANDAR
[2026-06-14 09:46:51]      • [Materi] Selamat Datang di V-Class Sistem Tertanam (Embedded) Forum → Deadline: -
[2026-06-14 09:46:56]      • [Assignment] File 1 → Deadline: Sunday, 26 April 2026, 12:00 AM
[2026-06-14 09:47:01] 📚 Mengambil mata kuliah ID 109970 ...
[2026-06-14 09:47:01]   ➤ ATA 2025/2026 | 2EB10 | Bahasa Indonesia | MELANIAWATI
[2026-06-14 09:47:01] 📚 Mengambil mata kuliah ID 107919 ...
[2026-06-14 09:47:01]   ➤ ATA 2025/2026 | 3KB01 | Sistem Cerdas Lanjut | NUR SULTAN SALAHUDDIN
[2026-06-14 09:47:01]      • [Materi] Announcements Forum → Deadline: -
[2026-06-14 09:47:06]      • [Assignment] Sistem Kesehatan Cerdas → Deadline: Thursday, 21 May 2026, 12:00 AM
[2026-06-14 09:47:11]      • [Quiz] Sistem Kesehatan Cerdas → Deadline: Tidak diketahui
[2026-06-14 09:47:16] 📚 Mengambil mata kuliah ID 107291 ...
[2026-06-14 09:47:16]   ➤ ATA 2025/2026 | 3KB01 | Pengantarmukaan Perif.Komputer * | FARID THALIB
[2026-06-14 09:47:16]      • [Materi] Announcements Forum → Deadline: -
[2026-06-14 09:47:19] 📚 Mengambil mata kuliah ID 104438 ...
[2026-06-14 09:47:20]   ➤ ATA 2025/2026 | 3-FIKTI | Terapan Teori Graf | TEAM TEACHING
[2026-06-14 09:47:20]      • [Materi] PEMBERITAHUAN PELAKSANAAN TEAM TEACHING TERAPAN TEORI GRAF Forum → Deadline: -
[2026-06-14 09:47:23]      • [Materi] M1: Pendahuluan Teori Graf File → Deadline: -
[2026-06-14 09:47:27]      • [Materi] Video Literasi M1: Pendahuluan Teori Graf URL → Deadline: -
[2026-06-14 09:47:32]      • [Quiz] Kuis M1 [kelas PAGI] → Deadline: Tidak diketahui
[2026-06-14 09:47:35]      • [Quiz] Kuis M1 [kelas MALAM] → Deadline: Tidak diketahui
[2026-06-14 09:47:40]      • [Materi] M2: Graf Tidak Berarah dan Graf Berbobot File → Deadline: -
[2026-06-14 09:47:44]      • [Materi] Video Literasi M2 : Graf Tidak Berarah dan Graf Berbobot URL → Deadline: -
[2026-06-14 09:47:48]      • [Quiz] Kuis M2 [KELAS PAGI] : Graf Tidak Berarah dan Graf Berbobot → Deadline: Tidak diketahui
[2026-06-14 09:47:52]      • [Quiz] Kuis M2 [KELAS MALAM] : Graf Tidak Berarah dan Graf Berbobot → Deadline: Tidak diketahui
[2026-06-14 09:47:56]      • [Materi] M4 : Aplikasi Teori Graf di Teknik Elektro File → Deadline: -
[2026-06-14 09:48:00]      • [Materi] Video Literasi M4 : Aplikasi Teori Graf di Teknik Elektro URL → Deadline: -
[2026-06-14 09:48:03]      • [Quiz] Kuis M4 [KELAS PAGI]: Aplikasi Teori Graf di Teknik Elektro → Deadline: Tidak diketahui
[2026-06-14 09:48:08]      • [Quiz] Kuis M4 [KELAS MALAM]: Aplikasi Teori Graf di Teknik Elektro → Deadline: Tidak diketahui
[2026-06-14 09:48:12]      • [Materi] M5 : Knowledge Graph dan Database Graph File → Deadline: -
[2026-06-14 09:48:15]      • [Materi] Video Literasi  M5 : Knowledge Graph dan Database Graph URL → Deadline: -
[2026-06-14 09:48:20]      • [Quiz] Kuis M5 [KELAS PAGI] : nowledge Graph dan Database Graph → Deadline: Tidak diketahui
[2026-06-14 09:48:24]      • [Quiz] Kuis M5 [KELAS MALAM] : Knowledge Graph dan Database Graph → Deadline: Tidak diketahui
[2026-06-14 09:48:29]      • [Materi] M6 : Graf Berarah dan Implementasinya File → Deadline: -
[2026-06-14 09:48:33]      • [Materi] Video Literasi M6 : Graf Berarah dan Implementasinya URL → Deadline: -
[2026-06-14 09:48:37]      • [Quiz] Kuis M6 [KELAS PAGI] : Graf Berarah dan Implementasinya → Deadline: Tidak diketahui
[2026-06-14 09:48:41]      • [Quiz] Kuis M6 [KELAS MALAM] : Graf Berarah dan Implementasinya → Deadline: Tidak diketahui
[2026-06-14 09:48:45]      • [Materi] M8 : Penerapan Teori Graf di Bidang Teknik Sipil File → Deadline: -
[2026-06-14 09:48:48]      • [Materi] Video Literasi M8 : Penerapan Teori Graf di Bidang Teknik Sipil URL → Deadline: -
[2026-06-14 09:48:52]      • [Quiz] Kuis M8 [KELAS PAGI] : Penerapan Teori Graf di Bidang Teknik Sipil → Deadline: Tidak diketahui
[2026-06-14 09:48:56]      • [Quiz] Kuis M8 [KELAS MALAM] : Penerapan Teori Graf di Bidang Teknik Sipil → Deadline: Tidak diketahui
[2026-06-14 09:49:01]      • [Materi] M10 : Penerapan Teori Graf  di Bidang Teknik Industri File → Deadline: -
[2026-06-14 09:49:06]      • [Materi] Video Literasi M10 : Penerapan Teori Graf  di Bidang Teknik Industri URL → Deadline: -
[2026-06-14 09:49:10]      • [Quiz] Kuis M10 [kelas pagi] : Penerapan Teori Graf  di Bidang Teknik Industri → Deadline: Tidak diketahui
[2026-06-14 09:49:15]      • [Quiz] Kuis M10 [kelas malam]: Penerapan Teori Graf  di Bidang Teknik Industri → Deadline: Tidak diketahui
[2026-06-14 09:49:19] 📚 Mengambil mata kuliah ID 104413 ...
[2026-06-14 09:49:19]   ➤ ATA 2025/2026 | 3-FIKTI | Praktikum Terapan Teori Graf
[2026-06-14 09:49:19]      • [Materi] Panduan Praktikum  Forum → Deadline: -
[2026-06-14 09:49:24]      • [Materi] Panduan Google Collaboratory URL → Deadline: -
[2026-06-14 09:49:28]      • [Materi] Panduan Instalasi Anaconda URL → Deadline: -
[2026-06-14 09:49:33]      • [Quiz] Pre-Test (M1) → Deadline: Tidak diketahui
[2026-06-14 09:49:37]      • [Materi] 1.1  Pengantar: Teori Graf URL → Deadline: -
[2026-06-14 09:49:41]      • [Materi] 1.2  Sesi Hands-on Praktikum URL → Deadline: -
[2026-06-14 09:49:46]      • [Materi] 1.3 Tutorial Menambahkan File pada Mesin DGX URL → Deadline: -
[2026-06-14 09:49:51]      • [Quiz] Post-Test (M1) → Deadline: Tidak diketahui
[2026-06-14 09:49:54]      • [Assignment] Pengumpulan Tugas (M1) → Deadline: Saturday, 7 March 2026, 11:59 PM
[2026-06-14 09:49:58]      • [Quiz] Pre-Test (M2) → Deadline: Tidak diketahui
[2026-06-14 09:50:03]      • [Materi] 2.1  Pengantar: Berbagai Pemecahan Masalah Menggunakan Teori Graf Page → Deadline: -
[2026-06-14 09:50:08]      • [Quiz] Post-Test (M2) → Deadline: Tidak diketahui
[2026-06-14 09:50:12]      • [Assignment] Pengumpulan Tugas (M2) → Deadline: Saturday, 14 March 2026, 11:59 PM
[2026-06-14 09:50:17]      • [Quiz] Pre-Test (M4) → Deadline: Tidak diketahui
[2026-06-14 09:50:21]      • [Materi] 4.1  Pengantar: Breadth First Search URL → Deadline: -
[2026-06-14 09:50:26]      • [Materi] Sesi Praktikum File → Deadline: -
[2026-06-14 09:50:31]      • [Materi] Video Tutorial: Mendownload File IPYNB di Virtual Class URL → Deadline: -
[2026-06-14 09:50:35]      • [Quiz] Post-Test (M4) → Deadline: Tidak diketahui
[2026-06-14 09:50:40]      • [Assignment] Laporan Akhir (M4) → Deadline: Saturday, 11 April 2026, 11:59 PM
[2026-06-14 09:50:45]      • [Quiz] Pre-Test (M5) → Deadline: Tidak diketahui
[2026-06-14 09:50:50]      • [Materi] Sesi Praktikum URL → Deadline: -
[2026-06-14 09:50:54]      • [Quiz] Post-Test (M5) → Deadline: Tidak diketahui
[2026-06-14 09:50:58]      • [Assignment] Laporan Akhir (M5) → Deadline: Saturday, 18 April 2026, 11:59 PM
[2026-06-14 09:51:03]      • [Quiz] Pre-Test (M6) → Deadline: Tidak diketahui
[2026-06-14 09:51:07]      • [Materi] 6.1  Pendahuluan: Algoritma Dasar Tree URL → Deadline: -
[2026-06-14 09:51:11]      • [Materi] Sesi Praktikum File → Deadline: -
[2026-06-14 09:51:15]      • [Quiz] Post-Test (M6) → Deadline: Tidak diketahui
[2026-06-14 09:51:20]      • [Assignment] Laporan Akhir (M6) → Deadline: Saturday, 25 April 2026, 11:59 PM
[2026-06-14 09:51:25]      • [Quiz] Pre-Test (M8) → Deadline: Tidak diketahui
[2026-06-14 09:51:30]      • [Materi] 8.1  Pendahuluan: Implementasi Graph URL → Deadline: -
[2026-06-14 09:51:34]      • [Materi] Link File Praktikum I - family.pl → Deadline: -
[2026-06-14 09:51:38]      • [Materi] Link File Praktikum II - 8-puzzles.ipynb → Deadline: -
[2026-06-14 09:51:43]      • [Materi] Video Tutorial: Mendownload File IPYNB di Virtual Class URL → Deadline: -
[2026-06-14 09:51:48]      • [Quiz] Post-Test (M8) → Deadline: Tidak diketahui
[2026-06-14 09:51:51]      • [Assignment] Laporan Akhir (M8) → Deadline: Saturday, 9 May 2026, 11:59 PM
[2026-06-14 09:51:56]      • [Quiz] Pre-Test (M9) → Deadline: Tidak diketahui
[2026-06-14 09:52:00]      • [Materi] Sesi Hands-on Praktikum URL → Deadline: -
[2026-06-14 09:52:05]      • [Quiz] Post-Test (M9) → Deadline: Tidak diketahui
[2026-06-14 09:52:10]      • [Assignment] Pengumpulan Tugas (M9) → Deadline: Saturday, 16 May 2026, 11:59 PM
[2026-06-14 09:52:14]      • [Quiz] Pre-Test (M3) → Deadline: Tidak diketahui
[2026-06-14 09:52:18]      • [Materi] Sesi Praktikum URL → Deadline: -
[2026-06-14 09:52:23]      • [Materi] Video Tutorial: Menambahkan File pada Mesin DGX URL → Deadline: -
[2026-06-14 09:52:26]      • [Quiz] Post-Test (M3) → Deadline: Tidak diketahui
[2026-06-14 09:52:31]      • [Assignment] Pengumpulan Tugas (M3) → Deadline: Saturday, 23 May 2026, 11:59 PM
[2026-06-14 09:52:36]      • [Quiz] Pre-Test (M7) → Deadline: Tidak diketahui
[2026-06-14 09:52:40]      • [Materi] Link File Praktikum I - 3-Tekrek-Find-Center.ipynb → Deadline: -
[2026-06-14 09:52:44]      • [Materi] Link File Praktikum II - 3-Tekrek-Sortest-Path.ipynb → Deadline: -
[2026-06-14 09:52:47]      • [Materi] Video Tutorial: Mendownload File IPYNB di Virtual Class URL → Deadline: -
[2026-06-14 09:52:52]      • [Quiz] Post-Test (M7) → Deadline: Tidak diketahui
[2026-06-14 09:52:56]      • [Assignment] Laporan Akhir (M7) → Deadline: Saturday, 23 May 2026, 11:59 PM
[2026-06-14 09:53:00] 📦 Total tugas ditemukan: 107
[2026-06-14 09:53:00] 💾 Disimpan ke python/node/tugas.json
[2026-06-14 18:00:00] 🔐 Login ke V-Class...
[2026-06-14 18:00:00] ✅ Login berhasil
[2026-06-14 18:00:00] 📚 Mengambil mata kuliah ID 108486 ...
[2026-06-14 18:00:01]   ➤ ATA 2025/2026 | 3KB01 | Jaringan Komputer Lanjut | VIVIEN NOVA FITHRIANA
[2026-06-14 18:00:01]      • [Materi] Announcements Forum → Deadline: -
[2026-06-14 18:00:05]      • [Materi] M1 File → Deadline: -
[2026-06-14 18:00:09]      • [Materi] M2 File → Deadline: -
[2026-06-14 18:00:14]      • [Materi] M3 File → Deadline: -
[2026-06-14 18:00:18]      • [Materi] M4 File → Deadline: -
[2026-06-14 18:00:23]      • [Materi] M5 File → Deadline: -
[2026-06-14 18:00:27]      • [Materi] M6 File → Deadline: -
[2026-06-14 18:00:32]      • [Materi] M7 File → Deadline: -
[2026-06-14 18:00:37]      • [Materi] VC-1 : Traffic dan Algoritma Kendali Kemacetan File → Deadline: -
[2026-06-14 18:00:41]      • [Materi] VC-1 : Traffic dan Algoritma Kendali Kemacetan File → Deadline: -
[2026-06-14 18:00:45]      • [Materi] Forum VC-1 : Traffic dan Algoritma Kendali Kemacetan → Deadline: -
[2026-06-14 18:00:49]      • [Quiz] Latihan Soal VC-1 : Traffic dan Algoritma Kendali Kemacetan → Deadline: Tidak diketahui
[2026-06-14 18:00:52]      • [Materi] VC-2 : Traffic dan Algoritma Kendali Kemacetan - Bagian 2 File → Deadline: -
[2026-06-14 18:00:56]      • [Materi] Forum VC-2 : Traffic dan Algoritma Kendali Kemacetan - Bagian 2 → Deadline: -
[2026-06-14 18:01:00]      • [Quiz] Latihan Soal VC-2 : Traffic dan Algoritma Kendali Kemacetan - Bagian 2 → Deadline: Tidak diketahui
[2026-06-14 18:01:05]      • [Materi] VC-3 : Lapisan Transport File → Deadline: -
[2026-06-14 18:01:09]      • [Materi] Forum VC-3 : Lapisan Transport → Deadline: -
[2026-06-14 18:01:13]      • [Quiz] Latihan Soal VC-3 : Lapisan Transport → Deadline: Wednesday, 15 July 2026, 11:59 PM
[2026-06-14 18:01:18] 📚 Mengambil mata kuliah ID 108172 ...
[2026-06-14 18:01:18]   ➤ ATA 2025/2026 | 3KB01 | Internet of Things (IoT) | PURNAWARMAN MUSA
[2026-06-14 18:01:18]      • [Materi] Announcements Forum → Deadline: -
[2026-06-14 18:01:21]      • [Materi] M6 File → Deadline: -
[2026-06-14 18:01:26]      • [Quiz] Soal (Tugas Individu) → Deadline: Tidak diketahui
[2026-06-14 18:01:31]      • [Quiz] Soal (Tugas Individu) → Deadline: Tidak diketahui
[2026-06-14 18:01:35] 📚 Mengambil mata kuliah ID 109563 ...
[2026-06-14 18:01:35]   ➤ ATA 2025/2026 | 3KB01 | Sistem Tertanam (Embedded) * | RIDHA ISKANDAR
[2026-06-14 18:01:35]      • [Materi] Selamat Datang di V-Class Sistem Tertanam (Embedded) Forum → Deadline: -
[2026-06-14 18:01:39]      • [Assignment] File 1 → Deadline: Sunday, 26 April 2026, 12:00 AM
[2026-06-14 18:01:43] 📚 Mengambil mata kuliah ID 109970 ...
[2026-06-14 18:01:43]   ➤ ATA 2025/2026 | 2EB10 | Bahasa Indonesia | MELANIAWATI
[2026-06-14 18:01:43] 📚 Mengambil mata kuliah ID 107919 ...
[2026-06-14 18:01:43]   ➤ ATA 2025/2026 | 3KB01 | Sistem Cerdas Lanjut | NUR SULTAN SALAHUDDIN
[2026-06-14 18:01:43]      • [Materi] Announcements Forum → Deadline: -
[2026-06-14 18:01:48]      • [Assignment] Sistem Kesehatan Cerdas → Deadline: Thursday, 21 May 2026, 12:00 AM
[2026-06-14 18:01:52]      • [Quiz] Sistem Kesehatan Cerdas → Deadline: Tidak diketahui
[2026-06-14 18:01:56] 📚 Mengambil mata kuliah ID 107291 ...
[2026-06-14 18:01:57]   ➤ ATA 2025/2026 | 3KB01 | Pengantarmukaan Perif.Komputer * | FARID THALIB
[2026-06-14 18:01:57]      • [Materi] Announcements Forum → Deadline: -
[2026-06-14 18:02:00] 📚 Mengambil mata kuliah ID 104438 ...
[2026-06-14 18:02:01]   ➤ ATA 2025/2026 | 3-FIKTI | Terapan Teori Graf | TEAM TEACHING
[2026-06-14 18:02:01]      • [Materi] PEMBERITAHUAN PELAKSANAAN TEAM TEACHING TERAPAN TEORI GRAF Forum → Deadline: -
[2026-06-14 18:02:05]      • [Materi] M1: Pendahuluan Teori Graf File → Deadline: -
[2026-06-14 18:02:10]      • [Materi] Video Literasi M1: Pendahuluan Teori Graf URL → Deadline: -
[2026-06-14 18:02:14]      • [Quiz] Kuis M1 [kelas PAGI] → Deadline: Tidak diketahui
[2026-06-14 18:02:18]      • [Quiz] Kuis M1 [kelas MALAM] → Deadline: Tidak diketahui
[2026-06-14 18:02:23]      • [Materi] M2: Graf Tidak Berarah dan Graf Berbobot File → Deadline: -
[2026-06-14 18:02:28]      • [Materi] Video Literasi M2 : Graf Tidak Berarah dan Graf Berbobot URL → Deadline: -
[2026-06-14 18:02:33]      • [Quiz] Kuis M2 [KELAS PAGI] : Graf Tidak Berarah dan Graf Berbobot → Deadline: Tidak diketahui
[2026-06-14 18:02:37]      • [Quiz] Kuis M2 [KELAS MALAM] : Graf Tidak Berarah dan Graf Berbobot → Deadline: Tidak diketahui
[2026-06-14 18:02:41]      • [Materi] M4 : Aplikasi Teori Graf di Teknik Elektro File → Deadline: -
[2026-06-14 18:02:45]      • [Materi] Video Literasi M4 : Aplikasi Teori Graf di Teknik Elektro URL → Deadline: -
[2026-06-14 18:02:50]      • [Quiz] Kuis M4 [KELAS PAGI]: Aplikasi Teori Graf di Teknik Elektro → Deadline: Tidak diketahui
[2026-06-14 18:02:54]      • [Quiz] Kuis M4 [KELAS MALAM]: Aplikasi Teori Graf di Teknik Elektro → Deadline: Tidak diketahui
[2026-06-14 18:02:57]      • [Materi] M5 : Knowledge Graph dan Database Graph File → Deadline: -
[2026-06-14 18:03:01]      • [Materi] Video Literasi  M5 : Knowledge Graph dan Database Graph URL → Deadline: -
[2026-06-14 18:03:05]      • [Quiz] Kuis M5 [KELAS PAGI] : nowledge Graph dan Database Graph → Deadline: Tidak diketahui
[2026-06-14 18:03:10]      • [Quiz] Kuis M5 [KELAS MALAM] : Knowledge Graph dan Database Graph → Deadline: Tidak diketahui
[2026-06-14 18:03:14]      • [Materi] M6 : Graf Berarah dan Implementasinya File → Deadline: -
[2026-06-14 18:03:19]      • [Materi] Video Literasi M6 : Graf Berarah dan Implementasinya URL → Deadline: -
[2026-06-14 18:03:24]      • [Quiz] Kuis M6 [KELAS PAGI] : Graf Berarah dan Implementasinya → Deadline: Tidak diketahui
[2026-06-14 18:03:28]      • [Quiz] Kuis M6 [KELAS MALAM] : Graf Berarah dan Implementasinya → Deadline: Tidak diketahui
[2026-06-14 18:03:32]      • [Materi] M8 : Penerapan Teori Graf di Bidang Teknik Sipil File → Deadline: -
[2026-06-14 18:03:36]      • [Materi] Video Literasi M8 : Penerapan Teori Graf di Bidang Teknik Sipil URL → Deadline: -
[2026-06-14 18:03:39]      • [Quiz] Kuis M8 [KELAS PAGI] : Penerapan Teori Graf di Bidang Teknik Sipil → Deadline: Tidak diketahui
[2026-06-14 18:03:44]      • [Quiz] Kuis M8 [KELAS MALAM] : Penerapan Teori Graf di Bidang Teknik Sipil → Deadline: Tidak diketahui
[2026-06-14 18:03:49]      • [Materi] M10 : Penerapan Teori Graf  di Bidang Teknik Industri File → Deadline: -
[2026-06-14 18:03:53]      • [Materi] Video Literasi M10 : Penerapan Teori Graf  di Bidang Teknik Industri URL → Deadline: -
[2026-06-14 18:03:58]      • [Quiz] Kuis M10 [kelas pagi] : Penerapan Teori Graf  di Bidang Teknik Industri → Deadline: Tidak diketahui
[2026-06-14 18:04:02]      • [Quiz] Kuis M10 [kelas malam]: Penerapan Teori Graf  di Bidang Teknik Industri → Deadline: Tidak diketahui
[2026-06-14 18:04:06] 📚 Mengambil mata kuliah ID 104413 ...
[2026-06-14 18:04:06]   ➤ ATA 2025/2026 | 3-FIKTI | Praktikum Terapan Teori Graf
[2026-06-14 18:04:06]      • [Materi] Panduan Praktikum  Forum → Deadline: -
[2026-06-14 18:04:10]      • [Materi] Panduan Google Collaboratory URL → Deadline: -
[2026-06-14 18:04:15]      • [Materi] Panduan Instalasi Anaconda URL → Deadline: -
[2026-06-14 18:04:19]      • [Quiz] Pre-Test (M1) → Deadline: Tidak diketahui
[2026-06-14 18:04:23]      • [Materi] 1.1  Pengantar: Teori Graf URL → Deadline: -
[2026-06-14 18:04:27]      • [Materi] 1.2  Sesi Hands-on Praktikum URL → Deadline: -
[2026-06-14 18:04:31]      • [Materi] 1.3 Tutorial Menambahkan File pada Mesin DGX URL → Deadline: -
[2026-06-14 18:04:36]      • [Quiz] Post-Test (M1) → Deadline: Tidak diketahui
[2026-06-14 18:04:41]      • [Assignment] Pengumpulan Tugas (M1) → Deadline: Saturday, 7 March 2026, 11:59 PM
[2026-06-14 18:04:45]      • [Quiz] Pre-Test (M2) → Deadline: Tidak diketahui
[2026-06-14 18:04:50]      • [Materi] 2.1  Pengantar: Berbagai Pemecahan Masalah Menggunakan Teori Graf Page → Deadline: -
[2026-06-14 18:04:54]      • [Quiz] Post-Test (M2) → Deadline: Tidak diketahui
[2026-06-14 18:04:58]      • [Assignment] Pengumpulan Tugas (M2) → Deadline: Saturday, 14 March 2026, 11:59 PM
[2026-06-14 18:05:03]      • [Quiz] Pre-Test (M4) → Deadline: Tidak diketahui
[2026-06-14 18:05:07]      • [Materi] 4.1  Pengantar: Breadth First Search URL → Deadline: -
[2026-06-14 18:05:11]      • [Materi] Sesi Praktikum File → Deadline: -
[2026-06-14 18:05:14]      • [Materi] Video Tutorial: Mendownload File IPYNB di Virtual Class URL → Deadline: -
[2026-06-14 18:05:20]      • [Quiz] Post-Test (M4) → Deadline: Tidak diketahui
[2026-06-14 18:05:24]      • [Assignment] Laporan Akhir (M4) → Deadline: Saturday, 11 April 2026, 11:59 PM
[2026-06-14 18:05:29]      • [Quiz] Pre-Test (M5) → Deadline: Tidak diketahui
[2026-06-14 18:05:33]      • [Materi] Sesi Praktikum URL → Deadline: -
[2026-06-14 18:05:38]      • [Quiz] Post-Test (M5) → Deadline: Tidak diketahui
[2026-06-14 18:05:41]      • [Assignment] Laporan Akhir (M5) → Deadline: Saturday, 18 April 2026, 11:59 PM
[2026-06-14 18:05:46]      • [Quiz] Pre-Test (M6) → Deadline: Tidak diketahui
[2026-06-14 18:05:50]      • [Materi] 6.1  Pendahuluan: Algoritma Dasar Tree URL → Deadline: -
[2026-06-14 18:05:54]      • [Materi] Sesi Praktikum File → Deadline: -
[2026-06-14 18:06:00]      • [Quiz] Post-Test (M6) → Deadline: Tidak diketahui
[2026-06-14 18:06:04]      • [Assignment] Laporan Akhir (M6) → Deadline: Saturday, 25 April 2026, 11:59 PM
[2026-06-14 18:06:09]      • [Quiz] Pre-Test (M8) → Deadline: Tidak diketahui
[2026-06-14 18:06:14]      • [Materi] 8.1  Pendahuluan: Implementasi Graph URL → Deadline: -
[2026-06-14 18:06:18]      • [Materi] Link File Praktikum I - family.pl → Deadline: -
[2026-06-14 18:06:22]      • [Materi] Link File Praktikum II - 8-puzzles.ipynb → Deadline: -
[2026-06-14 18:06:26]      • [Materi] Video Tutorial: Mendownload File IPYNB di Virtual Class URL → Deadline: -
[2026-06-14 18:06:30]      • [Quiz] Post-Test (M8) → Deadline: Tidak diketahui
[2026-06-14 18:06:35]      • [Assignment] Laporan Akhir (M8) → Deadline: Saturday, 9 May 2026, 11:59 PM
[2026-06-14 18:06:39]      • [Quiz] Pre-Test (M9) → Deadline: Tidak diketahui
[2026-06-14 18:06:43]      • [Materi] Sesi Hands-on Praktikum URL → Deadline: -
[2026-06-14 18:06:47]      • [Quiz] Post-Test (M9) → Deadline: Tidak diketahui
[2026-06-14 18:06:53]      • [Assignment] Pengumpulan Tugas (M9) → Deadline: Saturday, 16 May 2026, 11:59 PM
[2026-06-14 18:06:56]      • [Quiz] Pre-Test (M3) → Deadline: Tidak diketahui
[2026-06-14 18:07:01]      • [Materi] Sesi Praktikum URL → Deadline: -
[2026-06-14 18:07:05]      • [Materi] Video Tutorial: Menambahkan File pada Mesin DGX URL → Deadline: -
[2026-06-14 18:07:09]      • [Quiz] Post-Test (M3) → Deadline: Tidak diketahui
[2026-06-14 18:07:13]      • [Assignment] Pengumpulan Tugas (M3) → Deadline: Saturday, 23 May 2026, 11:59 PM
[2026-06-14 18:07:18]      • [Quiz] Pre-Test (M7) → Deadline: Tidak diketahui
[2026-06-14 18:07:23]      • [Materi] Link File Praktikum I - 3-Tekrek-Find-Center.ipynb → Deadline: -
[2026-06-14 18:07:26]      • [Materi] Link File Praktikum II - 3-Tekrek-Sortest-Path.ipynb → Deadline: -
[2026-06-14 18:07:30]      • [Materi] Video Tutorial: Mendownload File IPYNB di Virtual Class URL → Deadline: -
[2026-06-14 18:07:35]      • [Quiz] Post-Test (M7) → Deadline: Tidak diketahui
[2026-06-14 18:07:39]      • [Assignment] Laporan Akhir (M7) → Deadline: Saturday, 23 May 2026, 11:59 PM
[2026-06-14 18:07:43] 📦 Total tugas ditemukan: 107
[2026-06-14 18:07:43] 💾 Disimpan ke python/node/tugas.json
