[2026-05-29 09:45:38] 🔐 Login ke V-Class...
[2026-05-29 09:45:39] ✅ Login berhasil
[2026-05-29 09:45:39] 📚 Mengambil mata kuliah ID 108486 ...
[2026-05-29 09:45:39]   ➤ ATA 2025/2026 | 3KB01 | Jaringan Komputer Lanjut | VIVIEN NOVA FITHRIANA
[2026-05-29 09:45:39]      • [Materi] Announcements Forum → Deadline: -
[2026-05-29 09:45:44]      • [Materi] M1 File → Deadline: -
[2026-05-29 09:45:48]      • [Materi] M2 File → Deadline: -
[2026-05-29 09:45:52]      • [Materi] M3 File → Deadline: -
[2026-05-29 09:45:56]      • [Materi] M4 File → Deadline: -
[2026-05-29 09:46:00]      • [Materi] M5 File → Deadline: -
[2026-05-29 09:46:05]      • [Materi] M6 File → Deadline: -
[2026-05-29 09:46:10]      • [Materi] M7 File → Deadline: -
[2026-05-29 09:46:14]      • [Materi] VC-1 : Traffic dan Algoritma Kendali Kemacetan File → Deadline: -
[2026-05-29 09:46:19]      • [Materi] VC-1 : Traffic dan Algoritma Kendali Kemacetan File → Deadline: -
[2026-05-29 09:46:22]      • [Materi] Forum VC-1 : Traffic dan Algoritma Kendali Kemacetan → Deadline: -
[2026-05-29 09:46:27]      • [Quiz] Latihan Soal VC-1 : Traffic dan Algoritma Kendali Kemacetan → Deadline: Tidak diketahui
[2026-05-29 09:46:30]      • [Materi] VC-2 : Traffic dan Algoritma Kendali Kemacetan - Bagian 2 File → Deadline: -
[2026-05-29 09:46:35]      • [Materi] Forum VC-2 : Traffic dan Algoritma Kendali Kemacetan - Bagian 2 → Deadline: -
[2026-05-29 09:46:40]      • [Quiz] Latihan Soal VC-2 : Traffic dan Algoritma Kendali Kemacetan - Bagian 2 → Deadline: Tidak diketahui
[2026-05-29 09:46:44]      • [Materi] VC-3 : Lapisan Transport File → Deadline: -
[2026-05-29 09:46:48]      • [Materi] Forum VC-3 : Lapisan Transport → Deadline: -
[2026-05-29 09:46:53]      • [Quiz] Latihan Soal VC-3 : Lapisan Transport → Deadline: Wednesday, 15 July 2026, 11:59 PM
[2026-05-29 09:46:56] 📚 Mengambil mata kuliah ID 108172 ...
[2026-05-29 09:46:57]   ➤ ATA 2025/2026 | 3KB01 | Internet of Things (IoT) | PURNAWARMAN MUSA
[2026-05-29 09:46:57]      • [Materi] Announcements Forum → Deadline: -
[2026-05-29 09:47:01]      • [Materi] M6 File → Deadline: -
[2026-05-29 09:47:05]      • [Quiz] Soal (Tugas Individu) → Deadline: Tidak diketahui
[2026-05-29 09:47:09]      • [Quiz] Soal (Tugas Individu) → Deadline: Tidak diketahui
[2026-05-29 09:47:13] 📚 Mengambil mata kuliah ID 109563 ...
[2026-05-29 09:47:13]   ➤ ATA 2025/2026 | 3KB01 | Sistem Tertanam (Embedded) * | RIDHA ISKANDAR
[2026-05-29 09:47:13]      • [Materi] Selamat Datang di V-Class Sistem Tertanam (Embedded) Forum → Deadline: -
[2026-05-29 09:47:17]      • [Assignment] File 1 → Deadline: Sunday, 26 April 2026, 12:00 AM
[2026-05-29 09:47:22] 📚 Mengambil mata kuliah ID 109970 ...
[2026-05-29 09:47:22]   ➤ ATA 2025/2026 | 2EB10 | Bahasa Indonesia | MELANIAWATI
[2026-05-29 09:47:22] 📚 Mengambil mata kuliah ID 107919 ...
[2026-05-29 09:47:22]   ➤ ATA 2025/2026 | 3KB01 | Sistem Cerdas Lanjut | NUR SULTAN SALAHUDDIN
[2026-05-29 09:47:22]      • [Materi] Announcements Forum → Deadline: -
[2026-05-29 09:47:26]      • [Assignment] Sistem Kesehatan Cerdas → Deadline: Thursday, 21 May 2026, 12:00 AM
[2026-05-29 09:47:31]      • [Quiz] Sistem Kesehatan Cerdas → Deadline: Tidak diketahui
[2026-05-29 09:47:35] 📚 Mengambil mata kuliah ID 107291 ...
[2026-05-29 09:47:35]   ➤ ATA 2025/2026 | 3KB01 | Pengantarmukaan Perif.Komputer * | FARID THALIB
[2026-05-29 09:47:35]      • [Materi] Announcements Forum → Deadline: -
[2026-05-29 09:47:39] 📚 Mengambil mata kuliah ID 104438 ...
[2026-05-29 09:47:39]   ➤ ATA 2025/2026 | 3-FIKTI | Terapan Teori Graf | TEAM TEACHING
[2026-05-29 09:47:39]      • [Materi] PEMBERITAHUAN PELAKSANAAN TEAM TEACHING TERAPAN TEORI GRAF Forum → Deadline: -
[2026-05-29 09:47:44]      • [Materi] M1: Pendahuluan Teori Graf File → Deadline: -
[2026-05-29 09:47:48]      • [Materi] Video Literasi M1: Pendahuluan Teori Graf URL → Deadline: -
[2026-05-29 09:47:53]      • [Quiz] Kuis M1 [kelas PAGI] → Deadline: Tidak diketahui
[2026-05-29 09:47:57]      • [Quiz] Kuis M1 [kelas MALAM] → Deadline: Tidak diketahui
[2026-05-29 09:48:02]      • [Materi] M2: Graf Tidak Berarah dan Graf Berbobot File → Deadline: -
[2026-05-29 09:48:05]      • [Materi] Video Literasi M2 : Graf Tidak Berarah dan Graf Berbobot URL → Deadline: -
[2026-05-29 09:48:10]      • [Quiz] Kuis M2 [KELAS PAGI] : Graf Tidak Berarah dan Graf Berbobot → Deadline: Tidak diketahui
[2026-05-29 09:48:15]      • [Quiz] Kuis M2 [KELAS MALAM] : Graf Tidak Berarah dan Graf Berbobot → Deadline: Tidak diketahui
[2026-05-29 09:48:19]      • [Materi] M4 : Aplikasi Teori Graf di Teknik Elektro File → Deadline: -
[2026-05-29 09:48:22]      • [Materi] Video Literasi M4 : Aplikasi Teori Graf di Teknik Elektro URL → Deadline: -
[2026-05-29 09:48:27]      • [Quiz] Kuis M4 [KELAS PAGI]: Aplikasi Teori Graf di Teknik Elektro → Deadline: Tidak diketahui
[2026-05-29 09:48:32]      • [Quiz] Kuis M4 [KELAS MALAM]: Aplikasi Teori Graf di Teknik Elektro → Deadline: Tidak diketahui
[2026-05-29 09:48:36]      • [Materi] M5 : Knowledge Graph dan Database Graph File → Deadline: -
[2026-05-29 09:48:40]      • [Materi] Video Literasi  M5 : Knowledge Graph dan Database Graph URL → Deadline: -
[2026-05-29 09:48:45]      • [Quiz] Kuis M5 [KELAS PAGI] : nowledge Graph dan Database Graph → Deadline: Tidak diketahui
[2026-05-29 09:48:49]      • [Quiz] Kuis M5 [KELAS MALAM] : Knowledge Graph dan Database Graph → Deadline: Tidak diketahui
[2026-05-29 09:48:52]      • [Materi] M6 : Graf Berarah dan Implementasinya File → Deadline: -
[2026-05-29 09:48:56]      • [Materi] Video Literasi M6 : Graf Berarah dan Implementasinya URL → Deadline: -
[2026-05-29 09:48:59]      • [Quiz] Kuis M6 [KELAS PAGI] : Graf Berarah dan Implementasinya → Deadline: Tidak diketahui
[2026-05-29 09:49:03]      • [Quiz] Kuis M6 [KELAS MALAM] : Graf Berarah dan Implementasinya → Deadline: Tidak diketahui
[2026-05-29 09:49:08]      • [Materi] M8 : Penerapan Teori Graf di Bidang Teknik Sipil File → Deadline: -
[2026-05-29 09:49:12]      • [Materi] Video Literasi M8 : Penerapan Teori Graf di Bidang Teknik Sipil URL → Deadline: -
[2026-05-29 09:49:18]      • [Quiz] Kuis M8 [KELAS PAGI] : Penerapan Teori Graf di Bidang Teknik Sipil → Deadline: Tidak diketahui
[2026-05-29 09:49:22]      • [Quiz] Kuis M8 [KELAS MALAM] : Penerapan Teori Graf di Bidang Teknik Sipil → Deadline: Tidak diketahui
[2026-05-29 09:49:27]      • [Materi] M10 : Penerapan Teori Graf  di Bidang Teknik Industri File → Deadline: -
[2026-05-29 09:49:31]      • [Materi] Video Literasi M10 : Penerapan Teori Graf  di Bidang Teknik Industri URL → Deadline: -
[2026-05-29 09:49:35]      • [Quiz] Kuis M10 [kelas pagi] : Penerapan Teori Graf  di Bidang Teknik Industri → Deadline: Tidak diketahui
[2026-05-29 09:49:39]      • [Quiz] Kuis M10 [kelas malam]: Penerapan Teori Graf  di Bidang Teknik Industri → Deadline: Tidak diketahui
[2026-05-29 09:49:44] 📚 Mengambil mata kuliah ID 104413 ...
[2026-05-29 09:49:44]   ➤ ATA 2025/2026 | 3-FIKTI | Praktikum Terapan Teori Graf
[2026-05-29 09:49:44]      • [Materi] Panduan Praktikum  Forum → Deadline: -
[2026-05-29 09:49:48]      • [Materi] Panduan Google Collaboratory URL → Deadline: -
[2026-05-29 09:49:53]      • [Materi] Panduan Instalasi Anaconda URL → Deadline: -
[2026-05-29 09:49:57]      • [Quiz] Pre-Test (M1) → Deadline: Tidak diketahui
[2026-05-29 09:50:00]      • [Materi] 1.1  Pengantar: Teori Graf URL → Deadline: -
[2026-05-29 09:50:05]      • [Materi] 1.2  Sesi Hands-on Praktikum URL → Deadline: -
[2026-05-29 09:50:09]      • [Materi] 1.3 Tutorial Menambahkan File pada Mesin DGX URL → Deadline: -
[2026-05-29 09:50:14]      • [Quiz] Post-Test (M1) → Deadline: Tidak diketahui
[2026-05-29 09:50:18]      • [Assignment] Pengumpulan Tugas (M1) → Deadline: Saturday, 7 March 2026, 11:59 PM
[2026-05-29 09:50:22]      • [Quiz] Pre-Test (M2) → Deadline: Tidak diketahui
[2026-05-29 09:50:27]      • [Materi] 2.1  Pengantar: Berbagai Pemecahan Masalah Menggunakan Teori Graf Page → Deadline: -
[2026-05-29 09:50:31]      • [Quiz] Post-Test (M2) → Deadline: Tidak diketahui
[2026-05-29 09:50:36]      • [Assignment] Pengumpulan Tugas (M2) → Deadline: Saturday, 14 March 2026, 11:59 PM
[2026-05-29 09:50:39]      • [Quiz] Pre-Test (M4) → Deadline: Tidak diketahui
[2026-05-29 09:50:44]      • [Materi] 4.1  Pengantar: Breadth First Search URL → Deadline: -
[2026-05-29 09:50:49]      • [Materi] Sesi Praktikum File → Deadline: -
[2026-05-29 09:50:53]      • [Materi] Video Tutorial: Mendownload File IPYNB di Virtual Class URL → Deadline: -
[2026-05-29 09:50:58]      • [Quiz] Post-Test (M4) → Deadline: Tidak diketahui
[2026-05-29 09:51:03]      • [Assignment] Laporan Akhir (M4) → Deadline: Saturday, 11 April 2026, 11:59 PM
[2026-05-29 09:51:07]      • [Quiz] Pre-Test (M5) → Deadline: Tidak diketahui
[2026-05-29 09:51:11]      • [Materi] Sesi Praktikum URL → Deadline: -
[2026-05-29 09:51:15]      • [Quiz] Post-Test (M5) → Deadline: Tidak diketahui
[2026-05-29 09:51:19]      • [Assignment] Laporan Akhir (M5) → Deadline: Saturday, 18 April 2026, 11:59 PM
[2026-05-29 09:51:24]      • [Quiz] Pre-Test (M6) → Deadline: Tidak diketahui
[2026-05-29 09:51:27]      • [Materi] 6.1  Pendahuluan: Algoritma Dasar Tree URL → Deadline: -
[2026-05-29 09:51:32]      • [Materi] Sesi Praktikum File → Deadline: -
[2026-05-29 09:51:37]      • [Quiz] Post-Test (M6) → Deadline: Tidak diketahui
[2026-05-29 09:51:41]      • [Assignment] Laporan Akhir (M6) → Deadline: Saturday, 25 April 2026, 11:59 PM
[2026-05-29 09:51:45]      • [Quiz] Pre-Test (M8) → Deadline: Tidak diketahui
[2026-05-29 09:51:50]      • [Materi] 8.1  Pendahuluan: Implementasi Graph URL → Deadline: -
[2026-05-29 09:51:54]      • [Materi] Link File Praktikum I - family.pl → Deadline: -
[2026-05-29 09:51:58]      • [Materi] Link File Praktikum II - 8-puzzles.ipynb → Deadline: -
[2026-05-29 09:52:02]      • [Materi] Video Tutorial: Mendownload File IPYNB di Virtual Class URL → Deadline: -
[2026-05-29 09:52:07]      • [Quiz] Post-Test (M8) → Deadline: Tidak diketahui
[2026-05-29 09:52:11]      • [Assignment] Laporan Akhir (M8) → Deadline: Saturday, 9 May 2026, 11:59 PM
[2026-05-29 09:52:15]      • [Quiz] Pre-Test (M9) → Deadline: Tidak diketahui
[2026-05-29 09:52:19]      • [Materi] Sesi Hands-on Praktikum URL → Deadline: -
[2026-05-29 09:52:23]      • [Quiz] Post-Test (M9) → Deadline: Tidak diketahui
[2026-05-29 09:52:28]      • [Assignment] Pengumpulan Tugas (M9) → Deadline: Saturday, 16 May 2026, 11:59 PM
[2026-05-29 09:52:33]      • [Quiz] Pre-Test (M3) → Deadline: Tidak diketahui
[2026-05-29 09:52:36]      • [Materi] Sesi Praktikum URL → Deadline: -
[2026-05-29 09:52:40]      • [Materi] Video Tutorial: Menambahkan File pada Mesin DGX URL → Deadline: -
[2026-05-29 09:52:44]      • [Quiz] Post-Test (M3) → Deadline: Tidak diketahui
[2026-05-29 09:52:48]      • [Assignment] Pengumpulan Tugas (M3) → Deadline: Saturday, 23 May 2026, 11:59 PM
[2026-05-29 09:52:53]      • [Quiz] Pre-Test (M7) → Deadline: Tidak diketahui
[2026-05-29 09:52:57]      • [Materi] Link File Praktikum I - 3-Tekrek-Find-Center.ipynb → Deadline: -
[2026-05-29 09:53:01]      • [Materi] Link File Praktikum II - 3-Tekrek-Sortest-Path.ipynb → Deadline: -
[2026-05-29 09:53:05]      • [Materi] Video Tutorial: Mendownload File IPYNB di Virtual Class URL → Deadline: -
[2026-05-29 09:53:10]      • [Quiz] Post-Test (M7) → Deadline: Tidak diketahui
[2026-05-29 09:53:14]      • [Assignment] Laporan Akhir (M7) → Deadline: Saturday, 23 May 2026, 11:59 PM
[2026-05-29 09:53:17] 📦 Total tugas ditemukan: 107
[2026-05-29 09:53:17] 💾 Disimpan ke python/node/tugas.json
[2026-05-29 18:00:18] 🔐 Login ke V-Class...
[2026-05-29 18:00:18] ✅ Login berhasil
[2026-05-29 18:00:18] 📚 Mengambil mata kuliah ID 108486 ...
[2026-05-29 18:00:18]   ➤ ATA 2025/2026 | 3KB01 | Jaringan Komputer Lanjut | VIVIEN NOVA FITHRIANA
[2026-05-29 18:00:18]      • [Materi] Announcements Forum → Deadline: -
[2026-05-29 18:00:23]      • [Materi] M1 File → Deadline: -
[2026-05-29 18:00:28]      • [Materi] M2 File → Deadline: -
[2026-05-29 18:00:31]      • [Materi] M3 File → Deadline: -
[2026-05-29 18:00:36]      • [Materi] M4 File → Deadline: -
[2026-05-29 18:00:40]      • [Materi] M5 File → Deadline: -
[2026-05-29 18:00:44]      • [Materi] M6 File → Deadline: -
[2026-05-29 18:00:47]      • [Materi] M7 File → Deadline: -
[2026-05-29 18:00:51]      • [Materi] VC-1 : Traffic dan Algoritma Kendali Kemacetan File → Deadline: -
[2026-05-29 18:00:55]      • [Materi] VC-1 : Traffic dan Algoritma Kendali Kemacetan File → Deadline: -
[2026-05-29 18:00:59]      • [Materi] Forum VC-1 : Traffic dan Algoritma Kendali Kemacetan → Deadline: -
[2026-05-29 18:01:04]      • [Quiz] Latihan Soal VC-1 : Traffic dan Algoritma Kendali Kemacetan → Deadline: Tidak diketahui
[2026-05-29 18:01:09]      • [Materi] VC-2 : Traffic dan Algoritma Kendali Kemacetan - Bagian 2 File → Deadline: -
[2026-05-29 18:01:13]      • [Materi] Forum VC-2 : Traffic dan Algoritma Kendali Kemacetan - Bagian 2 → Deadline: -
[2026-05-29 18:01:18]      • [Quiz] Latihan Soal VC-2 : Traffic dan Algoritma Kendali Kemacetan - Bagian 2 → Deadline: Tidak diketahui
[2026-05-29 18:01:23]      • [Materi] VC-3 : Lapisan Transport File → Deadline: -
[2026-05-29 18:01:27]      • [Materi] Forum VC-3 : Lapisan Transport → Deadline: -
[2026-05-29 18:01:32]      • [Quiz] Latihan Soal VC-3 : Lapisan Transport → Deadline: Wednesday, 15 July 2026, 11:59 PM
[2026-05-29 18:01:36] 📚 Mengambil mata kuliah ID 108172 ...
[2026-05-29 18:01:36]   ➤ ATA 2025/2026 | 3KB01 | Internet of Things (IoT) | PURNAWARMAN MUSA
[2026-05-29 18:01:36]      • [Materi] Announcements Forum → Deadline: -
[2026-05-29 18:01:40]      • [Materi] M6 File → Deadline: -
[2026-05-29 18:01:45]      • [Quiz] Soal (Tugas Individu) → Deadline: Tidak diketahui
[2026-05-29 18:01:48]      • [Quiz] Soal (Tugas Individu) → Deadline: Tidak diketahui
[2026-05-29 18:01:53] 📚 Mengambil mata kuliah ID 109563 ...
[2026-05-29 18:01:53]   ➤ ATA 2025/2026 | 3KB01 | Sistem Tertanam (Embedded) * | RIDHA ISKANDAR
[2026-05-29 18:01:53]      • [Materi] Selamat Datang di V-Class Sistem Tertanam (Embedded) Forum → Deadline: -
[2026-05-29 18:01:57]      • [Assignment] File 1 → Deadline: Sunday, 26 April 2026, 12:00 AM
[2026-05-29 18:02:01] 📚 Mengambil mata kuliah ID 109970 ...
[2026-05-29 18:02:02]   ➤ ATA 2025/2026 | 2EB10 | Bahasa Indonesia | MELANIAWATI
[2026-05-29 18:02:02] 📚 Mengambil mata kuliah ID 107919 ...
[2026-05-29 18:02:02]   ➤ ATA 2025/2026 | 3KB01 | Sistem Cerdas Lanjut | NUR SULTAN SALAHUDDIN
[2026-05-29 18:02:02]      • [Materi] Announcements Forum → Deadline: -
[2026-05-29 18:02:06]      • [Assignment] Sistem Kesehatan Cerdas → Deadline: Thursday, 21 May 2026, 12:00 AM
[2026-05-29 18:02:11]      • [Quiz] Sistem Kesehatan Cerdas → Deadline: Tidak diketahui
[2026-05-29 18:02:15] 📚 Mengambil mata kuliah ID 107291 ...
[2026-05-29 18:02:15]   ➤ ATA 2025/2026 | 3KB01 | Pengantarmukaan Perif.Komputer * | FARID THALIB
[2026-05-29 18:02:15]      • [Materi] Announcements Forum → Deadline: -
[2026-05-29 18:02:20] 📚 Mengambil mata kuliah ID 104438 ...
[2026-05-29 18:02:20]   ➤ ATA 2025/2026 | 3-FIKTI | Terapan Teori Graf | TEAM TEACHING
[2026-05-29 18:02:20]      • [Materi] PEMBERITAHUAN PELAKSANAAN TEAM TEACHING TERAPAN TEORI GRAF Forum → Deadline: -
[2026-05-29 18:02:24]      • [Materi] M1: Pendahuluan Teori Graf File → Deadline: -
[2026-05-29 18:02:29]      • [Materi] Video Literasi M1: Pendahuluan Teori Graf URL → Deadline: -
[2026-05-29 18:02:33]      • [Quiz] Kuis M1 [kelas PAGI] → Deadline: Tidak diketahui
[2026-05-29 18:02:37]      • [Quiz] Kuis M1 [kelas MALAM] → Deadline: Tidak diketahui
[2026-05-29 18:02:42]      • [Materi] M2: Graf Tidak Berarah dan Graf Berbobot File → Deadline: -
[2026-05-29 18:02:47]      • [Materi] Video Literasi M2 : Graf Tidak Berarah dan Graf Berbobot URL → Deadline: -
[2026-05-29 18:02:51]      • [Quiz] Kuis M2 [KELAS PAGI] : Graf Tidak Berarah dan Graf Berbobot → Deadline: Tidak diketahui
[2026-05-29 18:02:55]      • [Quiz] Kuis M2 [KELAS MALAM] : Graf Tidak Berarah dan Graf Berbobot → Deadline: Tidak diketahui
[2026-05-29 18:03:00]      • [Materi] M4 : Aplikasi Teori Graf di Teknik Elektro File → Deadline: -
[2026-05-29 18:03:04]      • [Materi] Video Literasi M4 : Aplikasi Teori Graf di Teknik Elektro URL → Deadline: -
[2026-05-29 18:03:08]      • [Quiz] Kuis M4 [KELAS PAGI]: Aplikasi Teori Graf di Teknik Elektro → Deadline: Tidak diketahui
[2026-05-29 18:03:12]      • [Quiz] Kuis M4 [KELAS MALAM]: Aplikasi Teori Graf di Teknik Elektro → Deadline: Tidak diketahui
[2026-05-29 18:03:15]      • [Materi] M5 : Knowledge Graph dan Database Graph File → Deadline: -
[2026-05-29 18:03:20]      • [Materi] Video Literasi  M5 : Knowledge Graph dan Database Graph URL → Deadline: -
[2026-05-29 18:03:25]      • [Quiz] Kuis M5 [KELAS PAGI] : nowledge Graph dan Database Graph → Deadline: Tidak diketahui
[2026-05-29 18:03:28]      • [Quiz] Kuis M5 [KELAS MALAM] : Knowledge Graph dan Database Graph → Deadline: Tidak diketahui
[2026-05-29 18:03:33]      • [Materi] M6 : Graf Berarah dan Implementasinya File → Deadline: -
[2026-05-29 18:03:37]      • [Materi] Video Literasi M6 : Graf Berarah dan Implementasinya URL → Deadline: -
[2026-05-29 18:03:41]      • [Quiz] Kuis M6 [KELAS PAGI] : Graf Berarah dan Implementasinya → Deadline: Tidak diketahui
[2026-05-29 18:03:45]      • [Quiz] Kuis M6 [KELAS MALAM] : Graf Berarah dan Implementasinya → Deadline: Tidak diketahui
[2026-05-29 18:03:49]      • [Materi] M8 : Penerapan Teori Graf di Bidang Teknik Sipil File → Deadline: -
[2026-05-29 18:03:54]      • [Materi] Video Literasi M8 : Penerapan Teori Graf di Bidang Teknik Sipil URL → Deadline: -
[2026-05-29 18:03:59]      • [Quiz] Kuis M8 [KELAS PAGI] : Penerapan Teori Graf di Bidang Teknik Sipil → Deadline: Tidak diketahui
[2026-05-29 18:04:04]      • [Quiz] Kuis M8 [KELAS MALAM] : Penerapan Teori Graf di Bidang Teknik Sipil → Deadline: Tidak diketahui
[2026-05-29 18:04:08]      • [Materi] M10 : Penerapan Teori Graf  di Bidang Teknik Industri File → Deadline: -
[2026-05-29 18:04:12]      • [Materi] Video Literasi M10 : Penerapan Teori Graf  di Bidang Teknik Industri URL → Deadline: -
[2026-05-29 18:04:16]      • [Quiz] Kuis M10 [kelas pagi] : Penerapan Teori Graf  di Bidang Teknik Industri → Deadline: Tidak diketahui
[2026-05-29 18:04:21]      • [Quiz] Kuis M10 [kelas malam]: Penerapan Teori Graf  di Bidang Teknik Industri → Deadline: Tidak diketahui
[2026-05-29 18:04:25] 📚 Mengambil mata kuliah ID 104413 ...
[2026-05-29 18:04:25]   ➤ ATA 2025/2026 | 3-FIKTI | Praktikum Terapan Teori Graf
[2026-05-29 18:04:25]      • [Materi] Panduan Praktikum  Forum → Deadline: -
[2026-05-29 18:04:30]      • [Materi] Panduan Google Collaboratory URL → Deadline: -
[2026-05-29 18:04:34]      • [Materi] Panduan Instalasi Anaconda URL → Deadline: -
[2026-05-29 18:04:38]      • [Quiz] Pre-Test (M1) → Deadline: Tidak diketahui
[2026-05-29 18:04:42]      • [Materi] 1.1  Pengantar: Teori Graf URL → Deadline: -
[2026-05-29 18:04:47]      • [Materi] 1.2  Sesi Hands-on Praktikum URL → Deadline: -
[2026-05-29 18:04:51]      • [Materi] 1.3 Tutorial Menambahkan File pada Mesin DGX URL → Deadline: -
[2026-05-29 18:04:56]      • [Quiz] Post-Test (M1) → Deadline: Tidak diketahui
[2026-05-29 18:05:01]      • [Assignment] Pengumpulan Tugas (M1) → Deadline: Saturday, 7 March 2026, 11:59 PM
[2026-05-29 18:05:05]      • [Quiz] Pre-Test (M2) → Deadline: Tidak diketahui
[2026-05-29 18:05:10]      • [Materi] 2.1  Pengantar: Berbagai Pemecahan Masalah Menggunakan Teori Graf Page → Deadline: -
[2026-05-29 18:05:14]      • [Quiz] Post-Test (M2) → Deadline: Tidak diketahui
[2026-05-29 18:05:18]      • [Assignment] Pengumpulan Tugas (M2) → Deadline: Saturday, 14 March 2026, 11:59 PM
[2026-05-29 18:05:22]      • [Quiz] Pre-Test (M4) → Deadline: Tidak diketahui
[2026-05-29 18:05:26]      • [Materi] 4.1  Pengantar: Breadth First Search URL → Deadline: -
[2026-05-29 18:05:30]      • [Materi] Sesi Praktikum File → Deadline: -
[2026-05-29 18:05:33]      • [Materi] Video Tutorial: Mendownload File IPYNB di Virtual Class URL → Deadline: -
[2026-05-29 18:05:38]      • [Quiz] Post-Test (M4) → Deadline: Tidak diketahui
[2026-05-29 18:05:42]      • [Assignment] Laporan Akhir (M4) → Deadline: Saturday, 11 April 2026, 11:59 PM
[2026-05-29 18:05:47]      • [Quiz] Pre-Test (M5) → Deadline: Tidak diketahui
[2026-05-29 18:05:51]      • [Materi] Sesi Praktikum URL → Deadline: -
[2026-05-29 18:05:54]      • [Quiz] Post-Test (M5) → Deadline: Tidak diketahui
[2026-05-29 18:05:59]      • [Assignment] Laporan Akhir (M5) → Deadline: Saturday, 18 April 2026, 11:59 PM
[2026-05-29 18:06:04]      • [Quiz] Pre-Test (M6) → Deadline: Tidak diketahui
[2026-05-29 18:06:08]      • [Materi] 6.1  Pendahuluan: Algoritma Dasar Tree URL → Deadline: -
[2026-05-29 18:06:12]      • [Materi] Sesi Praktikum File → Deadline: -
[2026-05-29 18:06:17]      • [Quiz] Post-Test (M6) → Deadline: Tidak diketahui
[2026-05-29 18:06:21]      • [Assignment] Laporan Akhir (M6) → Deadline: Saturday, 25 April 2026, 11:59 PM
[2026-05-29 18:06:26]      • [Quiz] Pre-Test (M8) → Deadline: Tidak diketahui
[2026-05-29 18:06:30]      • [Materi] 8.1  Pendahuluan: Implementasi Graph URL → Deadline: -
[2026-05-29 18:06:33]      • [Materi] Link File Praktikum I - family.pl → Deadline: -
[2026-05-29 18:06:38]      • [Materi] Link File Praktikum II - 8-puzzles.ipynb → Deadline: -
[2026-05-29 18:06:42]      • [Materi] Video Tutorial: Mendownload File IPYNB di Virtual Class URL → Deadline: -
[2026-05-29 18:06:46]      • [Quiz] Post-Test (M8) → Deadline: Tidak diketahui
[2026-05-29 18:06:51]      • [Assignment] Laporan Akhir (M8) → Deadline: Saturday, 9 May 2026, 11:59 PM
[2026-05-29 18:06:56]      • [Quiz] Pre-Test (M9) → Deadline: Tidak diketahui
[2026-05-29 18:07:00]      • [Materi] Sesi Hands-on Praktikum URL → Deadline: -
[2026-05-29 18:07:04]      • [Quiz] Post-Test (M9) → Deadline: Tidak diketahui
[2026-05-29 18:07:08]      • [Assignment] Pengumpulan Tugas (M9) → Deadline: Saturday, 16 May 2026, 11:59 PM
[2026-05-29 18:07:13]      • [Quiz] Pre-Test (M3) → Deadline: Tidak diketahui
[2026-05-29 18:07:17]      • [Materi] Sesi Praktikum URL → Deadline: -
[2026-05-29 18:07:22]      • [Materi] Video Tutorial: Menambahkan File pada Mesin DGX URL → Deadline: -
[2026-05-29 18:07:27]      • [Quiz] Post-Test (M3) → Deadline: Tidak diketahui
[2026-05-29 18:07:31]      • [Assignment] Pengumpulan Tugas (M3) → Deadline: Saturday, 23 May 2026, 11:59 PM
[2026-05-29 18:07:35]      • [Quiz] Pre-Test (M7) → Deadline: Tidak diketahui
[2026-05-29 18:07:39]      • [Materi] Link File Praktikum I - 3-Tekrek-Find-Center.ipynb → Deadline: -
[2026-05-29 18:07:44]      • [Materi] Link File Praktikum II - 3-Tekrek-Sortest-Path.ipynb → Deadline: -
[2026-05-29 18:07:47]      • [Materi] Video Tutorial: Mendownload File IPYNB di Virtual Class URL → Deadline: -
[2026-05-29 18:07:52]      • [Quiz] Post-Test (M7) → Deadline: Tidak diketahui
[2026-05-29 18:07:57]      • [Assignment] Laporan Akhir (M7) → Deadline: Saturday, 23 May 2026, 11:59 PM
[2026-05-29 18:08:00] 📦 Total tugas ditemukan: 107
[2026-05-29 18:08:00] 💾 Disimpan ke python/node/tugas.json
