[2026-05-31 09:45:11] 🔐 Login ke V-Class...
[2026-05-31 09:45:12] ✅ Login berhasil
[2026-05-31 09:45:12] 📚 Mengambil mata kuliah ID 108486 ...
[2026-05-31 09:45:12]   ➤ ATA 2025/2026 | 3KB01 | Jaringan Komputer Lanjut | VIVIEN NOVA FITHRIANA
[2026-05-31 09:45:12]      • [Materi] Announcements Forum → Deadline: -
[2026-05-31 09:45:16]      • [Materi] M1 File → Deadline: -
[2026-05-31 09:45:20]      • [Materi] M2 File → Deadline: -
[2026-05-31 09:45:24]      • [Materi] M3 File → Deadline: -
[2026-05-31 09:45:28]      • [Materi] M4 File → Deadline: -
[2026-05-31 09:45:32]      • [Materi] M5 File → Deadline: -
[2026-05-31 09:45:36]      • [Materi] M6 File → Deadline: -
[2026-05-31 09:45:41]      • [Materi] M7 File → Deadline: -
[2026-05-31 09:45:46]      • [Materi] VC-1 : Traffic dan Algoritma Kendali Kemacetan File → Deadline: -
[2026-05-31 09:45:50]      • [Materi] VC-1 : Traffic dan Algoritma Kendali Kemacetan File → Deadline: -
[2026-05-31 09:45:53]      • [Materi] Forum VC-1 : Traffic dan Algoritma Kendali Kemacetan → Deadline: -
[2026-05-31 09:45:58]      • [Quiz] Latihan Soal VC-1 : Traffic dan Algoritma Kendali Kemacetan → Deadline: Tidak diketahui
[2026-05-31 09:46:03]      • [Materi] VC-2 : Traffic dan Algoritma Kendali Kemacetan - Bagian 2 File → Deadline: -
[2026-05-31 09:46:07]      • [Materi] Forum VC-2 : Traffic dan Algoritma Kendali Kemacetan - Bagian 2 → Deadline: -
[2026-05-31 09:46:11]      • [Quiz] Latihan Soal VC-2 : Traffic dan Algoritma Kendali Kemacetan - Bagian 2 → Deadline: Tidak diketahui
[2026-05-31 09:46:16]      • [Materi] VC-3 : Lapisan Transport File → Deadline: -
[2026-05-31 09:46:20]      • [Materi] Forum VC-3 : Lapisan Transport → Deadline: -
[2026-05-31 09:46:25]      • [Quiz] Latihan Soal VC-3 : Lapisan Transport → Deadline: Wednesday, 15 July 2026, 11:59 PM
[2026-05-31 09:46:30] 📚 Mengambil mata kuliah ID 108172 ...
[2026-05-31 09:46:30]   ➤ ATA 2025/2026 | 3KB01 | Internet of Things (IoT) | PURNAWARMAN MUSA
[2026-05-31 09:46:30]      • [Materi] Announcements Forum → Deadline: -
[2026-05-31 09:46:34]      • [Materi] M6 File → Deadline: -
[2026-05-31 09:46:39]      • [Quiz] Soal (Tugas Individu) → Deadline: Tidak diketahui
[2026-05-31 09:46:44]      • [Quiz] Soal (Tugas Individu) → Deadline: Tidak diketahui
[2026-05-31 09:46:48] 📚 Mengambil mata kuliah ID 109563 ...
[2026-05-31 09:46:49]   ➤ ATA 2025/2026 | 3KB01 | Sistem Tertanam (Embedded) * | RIDHA ISKANDAR
[2026-05-31 09:46:49]      • [Materi] Selamat Datang di V-Class Sistem Tertanam (Embedded) Forum → Deadline: -
[2026-05-31 09:46:53]      • [Assignment] File 1 → Deadline: Sunday, 26 April 2026, 12:00 AM
[2026-05-31 09:46:58] 📚 Mengambil mata kuliah ID 109970 ...
[2026-05-31 09:46:58]   ➤ ATA 2025/2026 | 2EB10 | Bahasa Indonesia | MELANIAWATI
[2026-05-31 09:46:58] 📚 Mengambil mata kuliah ID 107919 ...
[2026-05-31 09:46:58]   ➤ ATA 2025/2026 | 3KB01 | Sistem Cerdas Lanjut | NUR SULTAN SALAHUDDIN
[2026-05-31 09:46:58]      • [Materi] Announcements Forum → Deadline: -
[2026-05-31 09:47:03]      • [Assignment] Sistem Kesehatan Cerdas → Deadline: Thursday, 21 May 2026, 12:00 AM
[2026-05-31 09:47:07]      • [Quiz] Sistem Kesehatan Cerdas → Deadline: Tidak diketahui
[2026-05-31 09:47:12] 📚 Mengambil mata kuliah ID 107291 ...
[2026-05-31 09:47:12]   ➤ ATA 2025/2026 | 3KB01 | Pengantarmukaan Perif.Komputer * | FARID THALIB
[2026-05-31 09:47:12]      • [Materi] Announcements Forum → Deadline: -
[2026-05-31 09:47:16] 📚 Mengambil mata kuliah ID 104438 ...
[2026-05-31 09:47:16]   ➤ ATA 2025/2026 | 3-FIKTI | Terapan Teori Graf | TEAM TEACHING
[2026-05-31 09:47:16]      • [Materi] PEMBERITAHUAN PELAKSANAAN TEAM TEACHING TERAPAN TEORI GRAF Forum → Deadline: -
[2026-05-31 09:47:20]      • [Materi] M1: Pendahuluan Teori Graf File → Deadline: -
[2026-05-31 09:47:25]      • [Materi] Video Literasi M1: Pendahuluan Teori Graf URL → Deadline: -
[2026-05-31 09:47:29]      • [Quiz] Kuis M1 [kelas PAGI] → Deadline: Tidak diketahui
[2026-05-31 09:47:33]      • [Quiz] Kuis M1 [kelas MALAM] → Deadline: Tidak diketahui
[2026-05-31 09:47:37]      • [Materi] M2: Graf Tidak Berarah dan Graf Berbobot File → Deadline: -
[2026-05-31 09:47:41]      • [Materi] Video Literasi M2 : Graf Tidak Berarah dan Graf Berbobot URL → Deadline: -
[2026-05-31 09:47:45]      • [Quiz] Kuis M2 [KELAS PAGI] : Graf Tidak Berarah dan Graf Berbobot → Deadline: Tidak diketahui
[2026-05-31 09:47:50]      • [Quiz] Kuis M2 [KELAS MALAM] : Graf Tidak Berarah dan Graf Berbobot → Deadline: Tidak diketahui
[2026-05-31 09:47:55]      • [Materi] M4 : Aplikasi Teori Graf di Teknik Elektro File → Deadline: -
[2026-05-31 09:47:58]      • [Materi] Video Literasi M4 : Aplikasi Teori Graf di Teknik Elektro URL → Deadline: -
[2026-05-31 09:48:03]      • [Quiz] Kuis M4 [KELAS PAGI]: Aplikasi Teori Graf di Teknik Elektro → Deadline: Tidak diketahui
[2026-05-31 09:48:07]      • [Quiz] Kuis M4 [KELAS MALAM]: Aplikasi Teori Graf di Teknik Elektro → Deadline: Tidak diketahui
[2026-05-31 09:48:11]      • [Materi] M5 : Knowledge Graph dan Database Graph File → Deadline: -
[2026-05-31 09:48:16]      • [Materi] Video Literasi  M5 : Knowledge Graph dan Database Graph URL → Deadline: -
[2026-05-31 09:48:20]      • [Quiz] Kuis M5 [KELAS PAGI] : nowledge Graph dan Database Graph → Deadline: Tidak diketahui
[2026-05-31 09:48:24]      • [Quiz] Kuis M5 [KELAS MALAM] : Knowledge Graph dan Database Graph → Deadline: Tidak diketahui
[2026-05-31 09:48:28]      • [Materi] M6 : Graf Berarah dan Implementasinya File → Deadline: -
[2026-05-31 09:48:33]      • [Materi] Video Literasi M6 : Graf Berarah dan Implementasinya URL → Deadline: -
[2026-05-31 09:48:36]      • [Quiz] Kuis M6 [KELAS PAGI] : Graf Berarah dan Implementasinya → Deadline: Tidak diketahui
[2026-05-31 09:48:40]      • [Quiz] Kuis M6 [KELAS MALAM] : Graf Berarah dan Implementasinya → Deadline: Tidak diketahui
[2026-05-31 09:48:44]      • [Materi] M8 : Penerapan Teori Graf di Bidang Teknik Sipil File → Deadline: -
[2026-05-31 09:48:48]      • [Materi] Video Literasi M8 : Penerapan Teori Graf di Bidang Teknik Sipil URL → Deadline: -
[2026-05-31 09:48:53]      • [Quiz] Kuis M8 [KELAS PAGI] : Penerapan Teori Graf di Bidang Teknik Sipil → Deadline: Tidak diketahui
[2026-05-31 09:48:57]      • [Quiz] Kuis M8 [KELAS MALAM] : Penerapan Teori Graf di Bidang Teknik Sipil → Deadline: Tidak diketahui
[2026-05-31 09:49:01]      • [Materi] M10 : Penerapan Teori Graf  di Bidang Teknik Industri File → Deadline: -
[2026-05-31 09:49:05]      • [Materi] Video Literasi M10 : Penerapan Teori Graf  di Bidang Teknik Industri URL → Deadline: -
[2026-05-31 09:49:10]      • [Quiz] Kuis M10 [kelas pagi] : Penerapan Teori Graf  di Bidang Teknik Industri → Deadline: Tidak diketahui
[2026-05-31 09:49:15]      • [Quiz] Kuis M10 [kelas malam]: Penerapan Teori Graf  di Bidang Teknik Industri → Deadline: Tidak diketahui
[2026-05-31 09:49:19] 📚 Mengambil mata kuliah ID 104413 ...
[2026-05-31 09:49:20]   ➤ ATA 2025/2026 | 3-FIKTI | Praktikum Terapan Teori Graf
[2026-05-31 09:49:20]      • [Materi] Panduan Praktikum  Forum → Deadline: -
[2026-05-31 09:49:24]      • [Materi] Panduan Google Collaboratory URL → Deadline: -
[2026-05-31 09:49:28]      • [Materi] Panduan Instalasi Anaconda URL → Deadline: -
[2026-05-31 09:49:32]      • [Quiz] Pre-Test (M1) → Deadline: Tidak diketahui
[2026-05-31 09:49:36]      • [Materi] 1.1  Pengantar: Teori Graf URL → Deadline: -
[2026-05-31 09:49:41]      • [Materi] 1.2  Sesi Hands-on Praktikum URL → Deadline: -
[2026-05-31 09:49:44]      • [Materi] 1.3 Tutorial Menambahkan File pada Mesin DGX URL → Deadline: -
[2026-05-31 09:49:50]      • [Quiz] Post-Test (M1) → Deadline: Tidak diketahui
[2026-05-31 09:49:54]      • [Assignment] Pengumpulan Tugas (M1) → Deadline: Saturday, 7 March 2026, 11:59 PM
[2026-05-31 09:49:59]      • [Quiz] Pre-Test (M2) → Deadline: Tidak diketahui
[2026-05-31 09:50:03]      • [Materi] 2.1  Pengantar: Berbagai Pemecahan Masalah Menggunakan Teori Graf Page → Deadline: -
[2026-05-31 09:50:08]      • [Quiz] Post-Test (M2) → Deadline: Tidak diketahui
[2026-05-31 09:50:12]      • [Assignment] Pengumpulan Tugas (M2) → Deadline: Saturday, 14 March 2026, 11:59 PM
[2026-05-31 09:50:16]      • [Quiz] Pre-Test (M4) → Deadline: Tidak diketahui
[2026-05-31 09:50:19]      • [Materi] 4.1  Pengantar: Breadth First Search URL → Deadline: -
[2026-05-31 09:50:24]      • [Materi] Sesi Praktikum File → Deadline: -
[2026-05-31 09:50:29]      • [Materi] Video Tutorial: Mendownload File IPYNB di Virtual Class URL → Deadline: -
[2026-05-31 09:50:34]      • [Quiz] Post-Test (M4) → Deadline: Tidak diketahui
[2026-05-31 09:50:39]      • [Assignment] Laporan Akhir (M4) → Deadline: Saturday, 11 April 2026, 11:59 PM
[2026-05-31 09:50:43]      • [Quiz] Pre-Test (M5) → Deadline: Tidak diketahui
[2026-05-31 09:50:47]      • [Materi] Sesi Praktikum URL → Deadline: -
[2026-05-31 09:50:51]      • [Quiz] Post-Test (M5) → Deadline: Tidak diketahui
[2026-05-31 09:50:55]      • [Assignment] Laporan Akhir (M5) → Deadline: Saturday, 18 April 2026, 11:59 PM
[2026-05-31 09:51:00]      • [Quiz] Pre-Test (M6) → Deadline: Tidak diketahui
[2026-05-31 09:51:05]      • [Materi] 6.1  Pendahuluan: Algoritma Dasar Tree URL → Deadline: -
[2026-05-31 09:51:09]      • [Materi] Sesi Praktikum File → Deadline: -
[2026-05-31 09:51:13]      • [Quiz] Post-Test (M6) → Deadline: Tidak diketahui
[2026-05-31 09:51:18]      • [Assignment] Laporan Akhir (M6) → Deadline: Saturday, 25 April 2026, 11:59 PM
[2026-05-31 09:51:22]      • [Quiz] Pre-Test (M8) → Deadline: Tidak diketahui
[2026-05-31 09:51:26]      • [Materi] 8.1  Pendahuluan: Implementasi Graph URL → Deadline: -
[2026-05-31 09:51:31]      • [Materi] Link File Praktikum I - family.pl → Deadline: -
[2026-05-31 09:51:35]      • [Materi] Link File Praktikum II - 8-puzzles.ipynb → Deadline: -
[2026-05-31 09:51:40]      • [Materi] Video Tutorial: Mendownload File IPYNB di Virtual Class URL → Deadline: -
[2026-05-31 09:51:45]      • [Quiz] Post-Test (M8) → Deadline: Tidak diketahui
[2026-05-31 09:51:49]      • [Assignment] Laporan Akhir (M8) → Deadline: Saturday, 9 May 2026, 11:59 PM
[2026-05-31 09:51:53]      • [Quiz] Pre-Test (M9) → Deadline: Tidak diketahui
[2026-05-31 09:51:58]      • [Materi] Sesi Hands-on Praktikum URL → Deadline: -
[2026-05-31 09:52:03]      • [Quiz] Post-Test (M9) → Deadline: Tidak diketahui
[2026-05-31 09:52:07]      • [Assignment] Pengumpulan Tugas (M9) → Deadline: Saturday, 16 May 2026, 11:59 PM
[2026-05-31 09:52:11]      • [Quiz] Pre-Test (M3) → Deadline: Tidak diketahui
[2026-05-31 09:52:15]      • [Materi] Sesi Praktikum URL → Deadline: -
[2026-05-31 09:52:19]      • [Materi] Video Tutorial: Menambahkan File pada Mesin DGX URL → Deadline: -
[2026-05-31 09:52:23]      • [Quiz] Post-Test (M3) → Deadline: Tidak diketahui
[2026-05-31 09:52:28]      • [Assignment] Pengumpulan Tugas (M3) → Deadline: Saturday, 23 May 2026, 11:59 PM
[2026-05-31 09:52:32]      • [Quiz] Pre-Test (M7) → Deadline: Tidak diketahui
[2026-05-31 09:52:37]      • [Materi] Link File Praktikum I - 3-Tekrek-Find-Center.ipynb → Deadline: -
[2026-05-31 09:52:41]      • [Materi] Link File Praktikum II - 3-Tekrek-Sortest-Path.ipynb → Deadline: -
[2026-05-31 09:52:44]      • [Materi] Video Tutorial: Mendownload File IPYNB di Virtual Class URL → Deadline: -
[2026-05-31 09:52:49]      • [Quiz] Post-Test (M7) → Deadline: Tidak diketahui
[2026-05-31 09:52:53]      • [Assignment] Laporan Akhir (M7) → Deadline: Saturday, 23 May 2026, 11:59 PM
[2026-05-31 09:52:58] 📦 Total tugas ditemukan: 107
[2026-05-31 09:52:58] 💾 Disimpan ke python/node/tugas.json
[2026-05-31 18:00:58] 🔐 Login ke V-Class...
[2026-05-31 18:00:58] ✅ Login berhasil
[2026-05-31 18:00:58] 📚 Mengambil mata kuliah ID 108486 ...
[2026-05-31 18:00:58]   ➤ ATA 2025/2026 | 3KB01 | Jaringan Komputer Lanjut | VIVIEN NOVA FITHRIANA
[2026-05-31 18:00:58]      • [Materi] Announcements Forum → Deadline: -
[2026-05-31 18:01:03]      • [Materi] M1 File → Deadline: -
[2026-05-31 18:01:07]      • [Materi] M2 File → Deadline: -
[2026-05-31 18:01:12]      • [Materi] M3 File → Deadline: -
[2026-05-31 18:01:16]      • [Materi] M4 File → Deadline: -
[2026-05-31 18:01:21]      • [Materi] M5 File → Deadline: -
[2026-05-31 18:01:24]      • [Materi] M6 File → Deadline: -
[2026-05-31 18:01:29]      • [Materi] M7 File → Deadline: -
[2026-05-31 18:01:33]      • [Materi] VC-1 : Traffic dan Algoritma Kendali Kemacetan File → Deadline: -
[2026-05-31 18:01:37]      • [Materi] VC-1 : Traffic dan Algoritma Kendali Kemacetan File → Deadline: -
[2026-05-31 18:01:41]      • [Materi] Forum VC-1 : Traffic dan Algoritma Kendali Kemacetan → Deadline: -
[2026-05-31 18:01:45]      • [Quiz] Latihan Soal VC-1 : Traffic dan Algoritma Kendali Kemacetan → Deadline: Tidak diketahui
[2026-05-31 18:01:49]      • [Materi] VC-2 : Traffic dan Algoritma Kendali Kemacetan - Bagian 2 File → Deadline: -
[2026-05-31 18:01:52]      • [Materi] Forum VC-2 : Traffic dan Algoritma Kendali Kemacetan - Bagian 2 → Deadline: -
[2026-05-31 18:01:57]      • [Quiz] Latihan Soal VC-2 : Traffic dan Algoritma Kendali Kemacetan - Bagian 2 → Deadline: Tidak diketahui
[2026-05-31 18:02:02]      • [Materi] VC-3 : Lapisan Transport File → Deadline: -
[2026-05-31 18:02:06]      • [Materi] Forum VC-3 : Lapisan Transport → Deadline: -
[2026-05-31 18:02:10]      • [Quiz] Latihan Soal VC-3 : Lapisan Transport → Deadline: Wednesday, 15 July 2026, 11:59 PM
[2026-05-31 18:02:15] 📚 Mengambil mata kuliah ID 108172 ...
[2026-05-31 18:02:15]   ➤ ATA 2025/2026 | 3KB01 | Internet of Things (IoT) | PURNAWARMAN MUSA
[2026-05-31 18:02:15]      • [Materi] Announcements Forum → Deadline: -
[2026-05-31 18:02:19]      • [Materi] M6 File → Deadline: -
[2026-05-31 18:02:23]      • [Quiz] Soal (Tugas Individu) → Deadline: Tidak diketahui
[2026-05-31 18:02:28]      • [Quiz] Soal (Tugas Individu) → Deadline: Tidak diketahui
[2026-05-31 18:02:32] 📚 Mengambil mata kuliah ID 109563 ...
[2026-05-31 18:02:32]   ➤ ATA 2025/2026 | 3KB01 | Sistem Tertanam (Embedded) * | RIDHA ISKANDAR
[2026-05-31 18:02:32]      • [Materi] Selamat Datang di V-Class Sistem Tertanam (Embedded) Forum → Deadline: -
[2026-05-31 18:02:37]      • [Assignment] File 1 → Deadline: Sunday, 26 April 2026, 12:00 AM
[2026-05-31 18:02:41] 📚 Mengambil mata kuliah ID 109970 ...
[2026-05-31 18:02:42]   ➤ ATA 2025/2026 | 2EB10 | Bahasa Indonesia | MELANIAWATI
[2026-05-31 18:02:42] 📚 Mengambil mata kuliah ID 107919 ...
[2026-05-31 18:02:42]   ➤ ATA 2025/2026 | 3KB01 | Sistem Cerdas Lanjut | NUR SULTAN SALAHUDDIN
[2026-05-31 18:02:42]      • [Materi] Announcements Forum → Deadline: -
[2026-05-31 18:02:45]      • [Assignment] Sistem Kesehatan Cerdas → Deadline: Thursday, 21 May 2026, 12:00 AM
[2026-05-31 18:02:49]      • [Quiz] Sistem Kesehatan Cerdas → Deadline: Tidak diketahui
[2026-05-31 18:02:53] 📚 Mengambil mata kuliah ID 107291 ...
[2026-05-31 18:02:53]   ➤ ATA 2025/2026 | 3KB01 | Pengantarmukaan Perif.Komputer * | FARID THALIB
[2026-05-31 18:02:53]      • [Materi] Announcements Forum → Deadline: -
[2026-05-31 18:02:58] 📚 Mengambil mata kuliah ID 104438 ...
[2026-05-31 18:02:58]   ➤ ATA 2025/2026 | 3-FIKTI | Terapan Teori Graf | TEAM TEACHING
[2026-05-31 18:02:58]      • [Materi] PEMBERITAHUAN PELAKSANAAN TEAM TEACHING TERAPAN TEORI GRAF Forum → Deadline: -
[2026-05-31 18:03:02]      • [Materi] M1: Pendahuluan Teori Graf File → Deadline: -
[2026-05-31 18:03:06]      • [Materi] Video Literasi M1: Pendahuluan Teori Graf URL → Deadline: -
[2026-05-31 18:03:11]      • [Quiz] Kuis M1 [kelas PAGI] → Deadline: Tidak diketahui
[2026-05-31 18:03:14]      • [Quiz] Kuis M1 [kelas MALAM] → Deadline: Tidak diketahui
[2026-05-31 18:03:19]      • [Materi] M2: Graf Tidak Berarah dan Graf Berbobot File → Deadline: -
[2026-05-31 18:03:22]      • [Materi] Video Literasi M2 : Graf Tidak Berarah dan Graf Berbobot URL → Deadline: -
[2026-05-31 18:03:27]      • [Quiz] Kuis M2 [KELAS PAGI] : Graf Tidak Berarah dan Graf Berbobot → Deadline: Tidak diketahui
[2026-05-31 18:03:31]      • [Quiz] Kuis M2 [KELAS MALAM] : Graf Tidak Berarah dan Graf Berbobot → Deadline: Tidak diketahui
[2026-05-31 18:03:35]      • [Materi] M4 : Aplikasi Teori Graf di Teknik Elektro File → Deadline: -
[2026-05-31 18:03:40]      • [Materi] Video Literasi M4 : Aplikasi Teori Graf di Teknik Elektro URL → Deadline: -
[2026-05-31 18:03:44]      • [Quiz] Kuis M4 [KELAS PAGI]: Aplikasi Teori Graf di Teknik Elektro → Deadline: Tidak diketahui
[2026-05-31 18:03:48]      • [Quiz] Kuis M4 [KELAS MALAM]: Aplikasi Teori Graf di Teknik Elektro → Deadline: Tidak diketahui
[2026-05-31 18:03:52]      • [Materi] M5 : Knowledge Graph dan Database Graph File → Deadline: -
[2026-05-31 18:03:57]      • [Materi] Video Literasi  M5 : Knowledge Graph dan Database Graph URL → Deadline: -
[2026-05-31 18:04:01]      • [Quiz] Kuis M5 [KELAS PAGI] : nowledge Graph dan Database Graph → Deadline: Tidak diketahui
[2026-05-31 18:04:06]      • [Quiz] Kuis M5 [KELAS MALAM] : Knowledge Graph dan Database Graph → Deadline: Tidak diketahui
[2026-05-31 18:04:10]      • [Materi] M6 : Graf Berarah dan Implementasinya File → Deadline: -
[2026-05-31 18:04:15]      • [Materi] Video Literasi M6 : Graf Berarah dan Implementasinya URL → Deadline: -
[2026-05-31 18:04:20]      • [Quiz] Kuis M6 [KELAS PAGI] : Graf Berarah dan Implementasinya → Deadline: Tidak diketahui
[2026-05-31 18:04:24]      • [Quiz] Kuis M6 [KELAS MALAM] : Graf Berarah dan Implementasinya → Deadline: Tidak diketahui
[2026-05-31 18:04:28]      • [Materi] M8 : Penerapan Teori Graf di Bidang Teknik Sipil File → Deadline: -
[2026-05-31 18:04:32]      • [Materi] Video Literasi M8 : Penerapan Teori Graf di Bidang Teknik Sipil URL → Deadline: -
[2026-05-31 18:04:37]      • [Quiz] Kuis M8 [KELAS PAGI] : Penerapan Teori Graf di Bidang Teknik Sipil → Deadline: Tidak diketahui
[2026-05-31 18:04:41]      • [Quiz] Kuis M8 [KELAS MALAM] : Penerapan Teori Graf di Bidang Teknik Sipil → Deadline: Tidak diketahui
[2026-05-31 18:04:46]      • [Materi] M10 : Penerapan Teori Graf  di Bidang Teknik Industri File → Deadline: -
[2026-05-31 18:04:51]      • [Materi] Video Literasi M10 : Penerapan Teori Graf  di Bidang Teknik Industri URL → Deadline: -
[2026-05-31 18:04:55]      • [Quiz] Kuis M10 [kelas pagi] : Penerapan Teori Graf  di Bidang Teknik Industri → Deadline: Tidak diketahui
[2026-05-31 18:04:59]      • [Quiz] Kuis M10 [kelas malam]: Penerapan Teori Graf  di Bidang Teknik Industri → Deadline: Tidak diketahui
[2026-05-31 18:05:04] 📚 Mengambil mata kuliah ID 104413 ...
[2026-05-31 18:05:04]   ➤ ATA 2025/2026 | 3-FIKTI | Praktikum Terapan Teori Graf
[2026-05-31 18:05:04]      • [Materi] Panduan Praktikum  Forum → Deadline: -
[2026-05-31 18:05:08]      • [Materi] Panduan Google Collaboratory URL → Deadline: -
[2026-05-31 18:05:13]      • [Materi] Panduan Instalasi Anaconda URL → Deadline: -
[2026-05-31 18:05:17]      • [Quiz] Pre-Test (M1) → Deadline: Tidak diketahui
[2026-05-31 18:05:21]      • [Materi] 1.1  Pengantar: Teori Graf URL → Deadline: -
[2026-05-31 18:05:26]      • [Materi] 1.2  Sesi Hands-on Praktikum URL → Deadline: -
[2026-05-31 18:05:30]      • [Materi] 1.3 Tutorial Menambahkan File pada Mesin DGX URL → Deadline: -
[2026-05-31 18:05:35]      • [Quiz] Post-Test (M1) → Deadline: Tidak diketahui
[2026-05-31 18:05:39]      • [Assignment] Pengumpulan Tugas (M1) → Deadline: Saturday, 7 March 2026, 11:59 PM
[2026-05-31 18:05:43]      • [Quiz] Pre-Test (M2) → Deadline: Tidak diketahui
[2026-05-31 18:05:48]      • [Materi] 2.1  Pengantar: Berbagai Pemecahan Masalah Menggunakan Teori Graf Page → Deadline: -
[2026-05-31 18:05:52]      • [Quiz] Post-Test (M2) → Deadline: Tidak diketahui
[2026-05-31 18:05:57]      • [Assignment] Pengumpulan Tugas (M2) → Deadline: Saturday, 14 March 2026, 11:59 PM
[2026-05-31 18:06:01]      • [Quiz] Pre-Test (M4) → Deadline: Tidak diketahui
[2026-05-31 18:06:06]      • [Materi] 4.1  Pengantar: Breadth First Search URL → Deadline: -
[2026-05-31 18:06:10]      • [Materi] Sesi Praktikum File → Deadline: -
[2026-05-31 18:06:15]      • [Materi] Video Tutorial: Mendownload File IPYNB di Virtual Class URL → Deadline: -
[2026-05-31 18:06:19]      • [Quiz] Post-Test (M4) → Deadline: Tidak diketahui
[2026-05-31 18:06:24]      • [Assignment] Laporan Akhir (M4) → Deadline: Saturday, 11 April 2026, 11:59 PM
[2026-05-31 18:06:29]      • [Quiz] Pre-Test (M5) → Deadline: Tidak diketahui
[2026-05-31 18:06:33]      • [Materi] Sesi Praktikum URL → Deadline: -
[2026-05-31 18:06:37]      • [Quiz] Post-Test (M5) → Deadline: Tidak diketahui
[2026-05-31 18:06:41]      • [Assignment] Laporan Akhir (M5) → Deadline: Saturday, 18 April 2026, 11:59 PM
[2026-05-31 18:06:45]      • [Quiz] Pre-Test (M6) → Deadline: Tidak diketahui
[2026-05-31 18:06:49]      • [Materi] 6.1  Pendahuluan: Algoritma Dasar Tree URL → Deadline: -
[2026-05-31 18:06:53]      • [Materi] Sesi Praktikum File → Deadline: -
[2026-05-31 18:06:58]      • [Quiz] Post-Test (M6) → Deadline: Tidak diketahui
[2026-05-31 18:07:02]      • [Assignment] Laporan Akhir (M6) → Deadline: Saturday, 25 April 2026, 11:59 PM
[2026-05-31 18:07:06]      • [Quiz] Pre-Test (M8) → Deadline: Tidak diketahui
[2026-05-31 18:07:11]      • [Materi] 8.1  Pendahuluan: Implementasi Graph URL → Deadline: -
[2026-05-31 18:07:16]      • [Materi] Link File Praktikum I - family.pl → Deadline: -
[2026-05-31 18:07:20]      • [Materi] Link File Praktikum II - 8-puzzles.ipynb → Deadline: -
[2026-05-31 18:07:25]      • [Materi] Video Tutorial: Mendownload File IPYNB di Virtual Class URL → Deadline: -
[2026-05-31 18:07:29]      • [Quiz] Post-Test (M8) → Deadline: Tidak diketahui
[2026-05-31 18:07:34]      • [Assignment] Laporan Akhir (M8) → Deadline: Saturday, 9 May 2026, 11:59 PM
[2026-05-31 18:07:38]      • [Quiz] Pre-Test (M9) → Deadline: Tidak diketahui
[2026-05-31 18:07:43]      • [Materi] Sesi Hands-on Praktikum URL → Deadline: -
[2026-05-31 18:07:48]      • [Quiz] Post-Test (M9) → Deadline: Tidak diketahui
[2026-05-31 18:07:52]      • [Assignment] Pengumpulan Tugas (M9) → Deadline: Saturday, 16 May 2026, 11:59 PM
[2026-05-31 18:07:56]      • [Quiz] Pre-Test (M3) → Deadline: Tidak diketahui
[2026-05-31 18:08:00]      • [Materi] Sesi Praktikum URL → Deadline: -
[2026-05-31 18:08:05]      • [Materi] Video Tutorial: Menambahkan File pada Mesin DGX URL → Deadline: -
[2026-05-31 18:08:09]      • [Quiz] Post-Test (M3) → Deadline: Tidak diketahui
[2026-05-31 18:08:13]      • [Assignment] Pengumpulan Tugas (M3) → Deadline: Saturday, 23 May 2026, 11:59 PM
[2026-05-31 18:08:18]      • [Quiz] Pre-Test (M7) → Deadline: Tidak diketahui
[2026-05-31 18:08:21]      • [Materi] Link File Praktikum I - 3-Tekrek-Find-Center.ipynb → Deadline: -
[2026-05-31 18:08:26]      • [Materi] Link File Praktikum II - 3-Tekrek-Sortest-Path.ipynb → Deadline: -
[2026-05-31 18:08:30]      • [Materi] Video Tutorial: Mendownload File IPYNB di Virtual Class URL → Deadline: -
[2026-05-31 18:08:34]      • [Quiz] Post-Test (M7) → Deadline: Tidak diketahui
[2026-05-31 18:08:39]      • [Assignment] Laporan Akhir (M7) → Deadline: Saturday, 23 May 2026, 11:59 PM
[2026-05-31 18:08:43] 📦 Total tugas ditemukan: 107
[2026-05-31 18:08:43] 💾 Disimpan ke python/node/tugas.json
