[2026-06-20 09:45:49] 🔐 Login ke V-Class...
[2026-06-20 09:45:49] ✅ Login berhasil
[2026-06-20 09:45:49] 📚 Mengambil mata kuliah ID 108486 ...
[2026-06-20 09:45:50]   ➤ ATA 2025/2026 | 3KB01 | Jaringan Komputer Lanjut | VIVIEN NOVA FITHRIANA
[2026-06-20 09:45:50]      • [Materi] Announcements Forum → Deadline: -
[2026-06-20 09:45:53]      • [Materi] M1 File → Deadline: -
[2026-06-20 09:45:58]      • [Materi] M2 File → Deadline: -
[2026-06-20 09:46:02]      • [Materi] M3 File → Deadline: -
[2026-06-20 09:46:06]      • [Materi] M4 File → Deadline: -
[2026-06-20 09:46:09]      • [Materi] M5 File → Deadline: -
[2026-06-20 09:46:14]      • [Materi] M6 File → Deadline: -
[2026-06-20 09:46:18]      • [Materi] M7 File → Deadline: -
[2026-06-20 09:46:22]      • [Materi] VC-1 : Traffic dan Algoritma Kendali Kemacetan File → Deadline: -
[2026-06-20 09:46:26]      • [Materi] VC-1 : Traffic dan Algoritma Kendali Kemacetan File → Deadline: -
[2026-06-20 09:46:30]      • [Materi] Forum VC-1 : Traffic dan Algoritma Kendali Kemacetan → Deadline: -
[2026-06-20 09:46:34]      • [Quiz] Latihan Soal VC-1 : Traffic dan Algoritma Kendali Kemacetan → Deadline: Tidak diketahui
[2026-06-20 09:46:38]      • [Materi] VC-2 : Traffic dan Algoritma Kendali Kemacetan - Bagian 2 File → Deadline: -
[2026-06-20 09:46:42]      • [Materi] Forum VC-2 : Traffic dan Algoritma Kendali Kemacetan - Bagian 2 → Deadline: -
[2026-06-20 09:46:46]      • [Quiz] Latihan Soal VC-2 : Traffic dan Algoritma Kendali Kemacetan - Bagian 2 → Deadline: Tidak diketahui
[2026-06-20 09:46:50]      • [Materi] VC-3 : Lapisan Transport File → Deadline: -
[2026-06-20 09:46:54]      • [Materi] Forum VC-3 : Lapisan Transport → Deadline: -
[2026-06-20 09:46:59]      • [Quiz] Latihan Soal VC-3 : Lapisan Transport → Deadline: Wednesday, 15 July 2026, 11:59 PM
[2026-06-20 09:47:03] 📚 Mengambil mata kuliah ID 108172 ...
[2026-06-20 09:47:03]   ➤ ATA 2025/2026 | 3KB01 | Internet of Things (IoT) | PURNAWARMAN MUSA
[2026-06-20 09:47:03]      • [Materi] Announcements Forum → Deadline: -
[2026-06-20 09:47:07]      • [Materi] M6 File → Deadline: -
[2026-06-20 09:47:11]      • [Quiz] Soal (Tugas Individu) → Deadline: Tidak diketahui
[2026-06-20 09:47:16]      • [Quiz] Soal (Tugas Individu) → Deadline: Tidak diketahui
[2026-06-20 09:47:20] 📚 Mengambil mata kuliah ID 109563 ...
[2026-06-20 09:47:20]   ➤ ATA 2025/2026 | 3KB01 | Sistem Tertanam (Embedded) * | RIDHA ISKANDAR
[2026-06-20 09:47:20]      • [Materi] Selamat Datang di V-Class Sistem Tertanam (Embedded) Forum → Deadline: -
[2026-06-20 09:47:24]      • [Assignment] File 1 → Deadline: Sunday, 26 April 2026, 12:00 AM
[2026-06-20 09:47:28] 📚 Mengambil mata kuliah ID 109970 ...
[2026-06-20 09:47:28]   ➤ ATA 2025/2026 | 2EB10 | Bahasa Indonesia | MELANIAWATI
[2026-06-20 09:47:28] 📚 Mengambil mata kuliah ID 107919 ...
[2026-06-20 09:47:28]   ➤ ATA 2025/2026 | 3KB01 | Sistem Cerdas Lanjut | NUR SULTAN SALAHUDDIN
[2026-06-20 09:47:28]      • [Materi] Announcements Forum → Deadline: -
[2026-06-20 09:47:33]      • [Assignment] Sistem Kesehatan Cerdas → Deadline: Thursday, 21 May 2026, 12:00 AM
[2026-06-20 09:47:37]      • [Quiz] Sistem Kesehatan Cerdas → Deadline: Tidak diketahui
[2026-06-20 09:47:40] 📚 Mengambil mata kuliah ID 107291 ...
[2026-06-20 09:47:40]   ➤ ATA 2025/2026 | 3KB01 | Pengantarmukaan Perif.Komputer * | FARID THALIB
[2026-06-20 09:47:40]      • [Materi] Announcements Forum → Deadline: -
[2026-06-20 09:47:44] 📚 Mengambil mata kuliah ID 104438 ...
[2026-06-20 09:47:44]   ➤ ATA 2025/2026 | 3-FIKTI | Terapan Teori Graf | TEAM TEACHING
[2026-06-20 09:47:44]      • [Materi] PEMBERITAHUAN UTS SUSULAN File → Deadline: -
[2026-06-20 09:47:48]      • [Materi] PEMBERITAHUAN PELAKSANAAN TEAM TEACHING TERAPAN TEORI GRAF Forum → Deadline: -
[2026-06-20 09:47:53]      • [Materi] M1: Pendahuluan Teori Graf File → Deadline: -
[2026-06-20 09:47:57]      • [Materi] Video Literasi M1: Pendahuluan Teori Graf URL → Deadline: -
[2026-06-20 09:48:01]      • [Quiz] Kuis M1 [kelas PAGI] → Deadline: Tidak diketahui
[2026-06-20 09:48:05]      • [Quiz] Kuis M1 [kelas MALAM] → Deadline: Tidak diketahui
[2026-06-20 09:48:09]      • [Materi] M2: Graf Tidak Berarah dan Graf Berbobot File → Deadline: -
[2026-06-20 09:48:13]      • [Materi] Video Literasi M2 : Graf Tidak Berarah dan Graf Berbobot URL → Deadline: -
[2026-06-20 09:48:17]      • [Quiz] Kuis M2 [KELAS PAGI] : Graf Tidak Berarah dan Graf Berbobot → Deadline: Tidak diketahui
[2026-06-20 09:48:21]      • [Quiz] Kuis M2 [KELAS MALAM] : Graf Tidak Berarah dan Graf Berbobot → Deadline: Tidak diketahui
[2026-06-20 09:48:25]      • [Materi] M4 : Aplikasi Teori Graf di Teknik Elektro File → Deadline: -
[2026-06-20 09:48:30]      • [Materi] Video Literasi M4 : Aplikasi Teori Graf di Teknik Elektro URL → Deadline: -
[2026-06-20 09:48:34]      • [Quiz] Kuis M4 [KELAS PAGI]: Aplikasi Teori Graf di Teknik Elektro → Deadline: Tidak diketahui
[2026-06-20 09:48:38]      • [Quiz] Kuis M4 [KELAS MALAM]: Aplikasi Teori Graf di Teknik Elektro → Deadline: Tidak diketahui
[2026-06-20 09:48:42]      • [Materi] M5 : Knowledge Graph dan Database Graph File → Deadline: -
[2026-06-20 09:48:46]      • [Materi] Video Literasi  M5 : Knowledge Graph dan Database Graph URL → Deadline: -
[2026-06-20 09:48:51]      • [Quiz] Kuis M5 [KELAS PAGI] : nowledge Graph dan Database Graph → Deadline: Tidak diketahui
[2026-06-20 09:48:55]      • [Quiz] Kuis M5 [KELAS MALAM] : Knowledge Graph dan Database Graph → Deadline: Tidak diketahui
[2026-06-20 09:48:58]      • [Materi] M6 : Graf Berarah dan Implementasinya File → Deadline: -
[2026-06-20 09:49:03]      • [Materi] Video Literasi M6 : Graf Berarah dan Implementasinya URL → Deadline: -
[2026-06-20 09:49:07]      • [Quiz] Kuis M6 [KELAS PAGI] : Graf Berarah dan Implementasinya → Deadline: Tidak diketahui
[2026-06-20 09:49:12]      • [Quiz] Kuis M6 [KELAS MALAM] : Graf Berarah dan Implementasinya → Deadline: Tidak diketahui
[2026-06-20 09:49:17]      • [Materi] M8 : Penerapan Teori Graf di Bidang Teknik Sipil File → Deadline: -
[2026-06-20 09:49:21]      • [Materi] Video Literasi M8 : Penerapan Teori Graf di Bidang Teknik Sipil URL → Deadline: -
[2026-06-20 09:49:25]      • [Quiz] Kuis M8 [KELAS PAGI] : Penerapan Teori Graf di Bidang Teknik Sipil → Deadline: Tidak diketahui
[2026-06-20 09:49:30]      • [Quiz] Kuis M8 [KELAS MALAM] : Penerapan Teori Graf di Bidang Teknik Sipil → Deadline: Tidak diketahui
[2026-06-20 09:49:34]      • [Materi] M10 : Penerapan Teori Graf  di Bidang Teknik Industri File → Deadline: -
[2026-06-20 09:49:39]      • [Materi] Video Literasi M10 : Penerapan Teori Graf  di Bidang Teknik Industri URL → Deadline: -
[2026-06-20 09:49:42]      • [Quiz] Kuis M10 [kelas pagi] : Penerapan Teori Graf  di Bidang Teknik Industri → Deadline: Tidak diketahui
[2026-06-20 09:49:46]      • [Quiz] Kuis M10 [kelas malam]: Penerapan Teori Graf  di Bidang Teknik Industri → Deadline: Tidak diketahui
[2026-06-20 09:49:50] 📚 Mengambil mata kuliah ID 104413 ...
[2026-06-20 09:49:51]   ➤ ATA 2025/2026 | 3-FIKTI | Praktikum Terapan Teori Graf
[2026-06-20 09:49:51]      • [Materi] Panduan Praktikum  Forum → Deadline: -
[2026-06-20 09:49:55]      • [Materi] Panduan Google Collaboratory URL → Deadline: -
[2026-06-20 09:50:00]      • [Materi] Panduan Instalasi Anaconda URL → Deadline: -
[2026-06-20 09:50:04]      • [Quiz] Pre-Test (M1) → Deadline: Tidak diketahui
[2026-06-20 09:50:09]      • [Materi] 1.1  Pengantar: Teori Graf URL → Deadline: -
[2026-06-20 09:50:13]      • [Materi] 1.2  Sesi Hands-on Praktikum URL → Deadline: -
[2026-06-20 09:50:17]      • [Materi] 1.3 Tutorial Menambahkan File pada Mesin DGX URL → Deadline: -
[2026-06-20 09:50:22]      • [Quiz] Post-Test (M1) → Deadline: Tidak diketahui
[2026-06-20 09:50:27]      • [Assignment] Pengumpulan Tugas (M1) → Deadline: Saturday, 7 March 2026, 11:59 PM
[2026-06-20 09:50:30]      • [Quiz] Pre-Test (M2) → Deadline: Tidak diketahui
[2026-06-20 09:50:34]      • [Materi] 2.1  Pengantar: Berbagai Pemecahan Masalah Menggunakan Teori Graf Page → Deadline: -
[2026-06-20 09:50:38]      • [Quiz] Post-Test (M2) → Deadline: Tidak diketahui
[2026-06-20 09:50:42]      • [Assignment] Pengumpulan Tugas (M2) → Deadline: Saturday, 14 March 2026, 11:59 PM
[2026-06-20 09:50:47]      • [Quiz] Pre-Test (M4) → Deadline: Tidak diketahui
[2026-06-20 09:50:51]      • [Materi] 4.1  Pengantar: Breadth First Search URL → Deadline: -
[2026-06-20 09:50:55]      • [Materi] Sesi Praktikum File → Deadline: -
[2026-06-20 09:50:58]      • [Materi] Video Tutorial: Mendownload File IPYNB di Virtual Class URL → Deadline: -
[2026-06-20 09:51:03]      • [Quiz] Post-Test (M4) → Deadline: Tidak diketahui
[2026-06-20 09:51:08]      • [Assignment] Laporan Akhir (M4) → Deadline: Saturday, 11 April 2026, 11:59 PM
[2026-06-20 09:51:12]      • [Quiz] Pre-Test (M5) → Deadline: Tidak diketahui
[2026-06-20 09:51:16]      • [Materi] Sesi Praktikum URL → Deadline: -
[2026-06-20 09:51:21]      • [Quiz] Post-Test (M5) → Deadline: Tidak diketahui
[2026-06-20 09:51:25]      • [Assignment] Laporan Akhir (M5) → Deadline: Saturday, 18 April 2026, 11:59 PM
[2026-06-20 09:51:29]      • [Quiz] Pre-Test (M6) → Deadline: Tidak diketahui
[2026-06-20 09:51:34]      • [Materi] 6.1  Pendahuluan: Algoritma Dasar Tree URL → Deadline: -
[2026-06-20 09:51:37]      • [Materi] Sesi Praktikum File → Deadline: -
[2026-06-20 09:51:43]      • [Quiz] Post-Test (M6) → Deadline: Tidak diketahui
[2026-06-20 09:51:47]      • [Assignment] Laporan Akhir (M6) → Deadline: Saturday, 25 April 2026, 11:59 PM
[2026-06-20 09:51:51]      • [Quiz] Pre-Test (M8) → Deadline: Tidak diketahui
[2026-06-20 09:51:56]      • [Materi] 8.1  Pendahuluan: Implementasi Graph URL → Deadline: -
[2026-06-20 09:52:01]      • [Materi] Link File Praktikum I - family.pl → Deadline: -
[2026-06-20 09:52:05]      • [Materi] Link File Praktikum II - 8-puzzles.ipynb → Deadline: -
[2026-06-20 09:52:10]      • [Materi] Video Tutorial: Mendownload File IPYNB di Virtual Class URL → Deadline: -
[2026-06-20 09:52:15]      • [Quiz] Post-Test (M8) → Deadline: Tidak diketahui
[2026-06-20 09:52:19]      • [Assignment] Laporan Akhir (M8) → Deadline: Saturday, 9 May 2026, 11:59 PM
[2026-06-20 09:52:24]      • [Quiz] Pre-Test (M9) → Deadline: Tidak diketahui
[2026-06-20 09:52:28]      • [Materi] Sesi Hands-on Praktikum URL → Deadline: -
[2026-06-20 09:52:33]      • [Quiz] Post-Test (M9) → Deadline: Tidak diketahui
[2026-06-20 09:52:38]      • [Assignment] Pengumpulan Tugas (M9) → Deadline: Saturday, 16 May 2026, 11:59 PM
[2026-06-20 09:52:42]      • [Quiz] Pre-Test (M3) → Deadline: Tidak diketahui
[2026-06-20 09:52:47]      • [Materi] Sesi Praktikum URL → Deadline: -
[2026-06-20 09:52:51]      • [Materi] Video Tutorial: Menambahkan File pada Mesin DGX URL → Deadline: -
[2026-06-20 09:52:56]      • [Quiz] Post-Test (M3) → Deadline: Tidak diketahui
[2026-06-20 09:53:00]      • [Assignment] Pengumpulan Tugas (M3) → Deadline: Saturday, 23 May 2026, 11:59 PM
[2026-06-20 09:53:05]      • [Quiz] Pre-Test (M7) → Deadline: Tidak diketahui
[2026-06-20 09:53:09]      • [Materi] Link File Praktikum I - 3-Tekrek-Find-Center.ipynb → Deadline: -
[2026-06-20 09:53:13]      • [Materi] Link File Praktikum II - 3-Tekrek-Sortest-Path.ipynb → Deadline: -
[2026-06-20 09:53:17]      • [Materi] Video Tutorial: Mendownload File IPYNB di Virtual Class URL → Deadline: -
[2026-06-20 09:53:22]      • [Quiz] Post-Test (M7) → Deadline: Tidak diketahui
[2026-06-20 09:53:26]      • [Assignment] Laporan Akhir (M7) → Deadline: Saturday, 23 May 2026, 11:59 PM
[2026-06-20 09:53:30] 📦 Total tugas ditemukan: 108
[2026-06-20 09:53:30] 💾 Disimpan ke python/node/tugas.json
[2026-06-20 18:00:30] 🔐 Login ke V-Class...
[2026-06-20 18:00:31] ✅ Login berhasil
[2026-06-20 18:00:31] 📚 Mengambil mata kuliah ID 108486 ...
[2026-06-20 18:00:31]   ➤ ATA 2025/2026 | 3KB01 | Jaringan Komputer Lanjut | VIVIEN NOVA FITHRIANA
[2026-06-20 18:00:31]      • [Materi] Announcements Forum → Deadline: -
[2026-06-20 18:00:36]      • [Materi] M1 File → Deadline: -
[2026-06-20 18:00:40]      • [Materi] M2 File → Deadline: -
[2026-06-20 18:00:43]      • [Materi] M3 File → Deadline: -
[2026-06-20 18:00:48]      • [Materi] M4 File → Deadline: -
[2026-06-20 18:00:51]      • [Materi] M5 File → Deadline: -
[2026-06-20 18:00:56]      • [Materi] M6 File → Deadline: -
[2026-06-20 18:01:00]      • [Materi] M7 File → Deadline: -
[2026-06-20 18:01:05]      • [Materi] VC-1 : Traffic dan Algoritma Kendali Kemacetan File → Deadline: -
[2026-06-20 18:01:09]      • [Materi] VC-1 : Traffic dan Algoritma Kendali Kemacetan File → Deadline: -
[2026-06-20 18:01:12]      • [Materi] Forum VC-1 : Traffic dan Algoritma Kendali Kemacetan → Deadline: -
[2026-06-20 18:01:16]      • [Quiz] Latihan Soal VC-1 : Traffic dan Algoritma Kendali Kemacetan → Deadline: Tidak diketahui
[2026-06-20 18:01:21]      • [Materi] VC-2 : Traffic dan Algoritma Kendali Kemacetan - Bagian 2 File → Deadline: -
[2026-06-20 18:01:25]      • [Materi] Forum VC-2 : Traffic dan Algoritma Kendali Kemacetan - Bagian 2 → Deadline: -
[2026-06-20 18:01:29]      • [Quiz] Latihan Soal VC-2 : Traffic dan Algoritma Kendali Kemacetan - Bagian 2 → Deadline: Tidak diketahui
[2026-06-20 18:01:32]      • [Materi] VC-3 : Lapisan Transport File → Deadline: -
[2026-06-20 18:01:36]      • [Materi] Forum VC-3 : Lapisan Transport → Deadline: -
[2026-06-20 18:01:40]      • [Quiz] Latihan Soal VC-3 : Lapisan Transport → Deadline: Wednesday, 15 July 2026, 11:59 PM
[2026-06-20 18:01:44] 📚 Mengambil mata kuliah ID 108172 ...
[2026-06-20 18:01:45]   ➤ ATA 2025/2026 | 3KB01 | Internet of Things (IoT) | PURNAWARMAN MUSA
[2026-06-20 18:01:45]      • [Materi] Announcements Forum → Deadline: -
[2026-06-20 18:01:49]      • [Materi] M6 File → Deadline: -
[2026-06-20 18:01:53]      • [Quiz] Soal (Tugas Individu) → Deadline: Tidak diketahui
[2026-06-20 18:01:57]      • [Quiz] Soal (Tugas Individu) → Deadline: Tidak diketahui
[2026-06-20 18:02:01] 📚 Mengambil mata kuliah ID 109563 ...
[2026-06-20 18:02:01]   ➤ ATA 2025/2026 | 3KB01 | Sistem Tertanam (Embedded) * | RIDHA ISKANDAR
[2026-06-20 18:02:01]      • [Materi] Selamat Datang di V-Class Sistem Tertanam (Embedded) Forum → Deadline: -
[2026-06-20 18:02:05]      • [Assignment] File 1 → Deadline: Sunday, 26 April 2026, 12:00 AM
[2026-06-20 18:02:10] 📚 Mengambil mata kuliah ID 109970 ...
[2026-06-20 18:02:10]   ➤ ATA 2025/2026 | 2EB10 | Bahasa Indonesia | MELANIAWATI
[2026-06-20 18:02:10] 📚 Mengambil mata kuliah ID 107919 ...
[2026-06-20 18:02:10]   ➤ ATA 2025/2026 | 3KB01 | Sistem Cerdas Lanjut | NUR SULTAN SALAHUDDIN
[2026-06-20 18:02:10]      • [Materi] Announcements Forum → Deadline: -
[2026-06-20 18:02:14]      • [Assignment] Sistem Kesehatan Cerdas → Deadline: Thursday, 21 May 2026, 12:00 AM
[2026-06-20 18:02:19]      • [Quiz] Sistem Kesehatan Cerdas → Deadline: Tidak diketahui
[2026-06-20 18:02:23] 📚 Mengambil mata kuliah ID 107291 ...
[2026-06-20 18:02:23]   ➤ ATA 2025/2026 | 3KB01 | Pengantarmukaan Perif.Komputer * | FARID THALIB
[2026-06-20 18:02:23]      • [Materi] Announcements Forum → Deadline: -
[2026-06-20 18:02:27] 📚 Mengambil mata kuliah ID 104438 ...
[2026-06-20 18:02:27]   ➤ ATA 2025/2026 | 3-FIKTI | Terapan Teori Graf | TEAM TEACHING
[2026-06-20 18:02:27]      • [Materi] PEMBERITAHUAN UTS SUSULAN File → Deadline: -
[2026-06-20 18:02:31]      • [Materi] PEMBERITAHUAN PELAKSANAAN TEAM TEACHING TERAPAN TEORI GRAF Forum → Deadline: -
[2026-06-20 18:02:36]      • [Materi] M1: Pendahuluan Teori Graf File → Deadline: -
[2026-06-20 18:02:41]      • [Materi] Video Literasi M1: Pendahuluan Teori Graf URL → Deadline: -
[2026-06-20 18:02:45]      • [Quiz] Kuis M1 [kelas PAGI] → Deadline: Tidak diketahui
[2026-06-20 18:02:49]      • [Quiz] Kuis M1 [kelas MALAM] → Deadline: Tidak diketahui
[2026-06-20 18:02:53]      • [Materi] M2: Graf Tidak Berarah dan Graf Berbobot File → Deadline: -
[2026-06-20 18:02:57]      • [Materi] Video Literasi M2 : Graf Tidak Berarah dan Graf Berbobot URL → Deadline: -
[2026-06-20 18:03:01]      • [Quiz] Kuis M2 [KELAS PAGI] : Graf Tidak Berarah dan Graf Berbobot → Deadline: Tidak diketahui
[2026-06-20 18:03:06]      • [Quiz] Kuis M2 [KELAS MALAM] : Graf Tidak Berarah dan Graf Berbobot → Deadline: Tidak diketahui
[2026-06-20 18:03:09]      • [Materi] M4 : Aplikasi Teori Graf di Teknik Elektro File → Deadline: -
[2026-06-20 18:03:14]      • [Materi] Video Literasi M4 : Aplikasi Teori Graf di Teknik Elektro URL → Deadline: -
[2026-06-20 18:03:19]      • [Quiz] Kuis M4 [KELAS PAGI]: Aplikasi Teori Graf di Teknik Elektro → Deadline: Tidak diketahui
[2026-06-20 18:03:23]      • [Quiz] Kuis M4 [KELAS MALAM]: Aplikasi Teori Graf di Teknik Elektro → Deadline: Tidak diketahui
[2026-06-20 18:03:27]      • [Materi] M5 : Knowledge Graph dan Database Graph File → Deadline: -
[2026-06-20 18:03:32]      • [Materi] Video Literasi  M5 : Knowledge Graph dan Database Graph URL → Deadline: -
[2026-06-20 18:03:37]      • [Quiz] Kuis M5 [KELAS PAGI] : nowledge Graph dan Database Graph → Deadline: Tidak diketahui
[2026-06-20 18:03:41]      • [Quiz] Kuis M5 [KELAS MALAM] : Knowledge Graph dan Database Graph → Deadline: Tidak diketahui
[2026-06-20 18:03:46]      • [Materi] M6 : Graf Berarah dan Implementasinya File → Deadline: -
[2026-06-20 18:03:50]      • [Materi] Video Literasi M6 : Graf Berarah dan Implementasinya URL → Deadline: -
[2026-06-20 18:03:55]      • [Quiz] Kuis M6 [KELAS PAGI] : Graf Berarah dan Implementasinya → Deadline: Tidak diketahui
[2026-06-20 18:03:59]      • [Quiz] Kuis M6 [KELAS MALAM] : Graf Berarah dan Implementasinya → Deadline: Tidak diketahui
[2026-06-20 18:04:03]      • [Materi] M8 : Penerapan Teori Graf di Bidang Teknik Sipil File → Deadline: -
[2026-06-20 18:04:07]      • [Materi] Video Literasi M8 : Penerapan Teori Graf di Bidang Teknik Sipil URL → Deadline: -
[2026-06-20 18:04:12]      • [Quiz] Kuis M8 [KELAS PAGI] : Penerapan Teori Graf di Bidang Teknik Sipil → Deadline: Tidak diketahui
[2026-06-20 18:04:16]      • [Quiz] Kuis M8 [KELAS MALAM] : Penerapan Teori Graf di Bidang Teknik Sipil → Deadline: Tidak diketahui
[2026-06-20 18:04:20]      • [Materi] M10 : Penerapan Teori Graf  di Bidang Teknik Industri File → Deadline: -
[2026-06-20 18:04:25]      • [Materi] Video Literasi M10 : Penerapan Teori Graf  di Bidang Teknik Industri URL → Deadline: -
[2026-06-20 18:04:29]      • [Quiz] Kuis M10 [kelas pagi] : Penerapan Teori Graf  di Bidang Teknik Industri → Deadline: Tidak diketahui
[2026-06-20 18:04:33]      • [Quiz] Kuis M10 [kelas malam]: Penerapan Teori Graf  di Bidang Teknik Industri → Deadline: Tidak diketahui
[2026-06-20 18:04:38] 📚 Mengambil mata kuliah ID 104413 ...
[2026-06-20 18:04:38]   ➤ ATA 2025/2026 | 3-FIKTI | Praktikum Terapan Teori Graf
[2026-06-20 18:04:38]      • [Materi] Panduan Praktikum  Forum → Deadline: -
[2026-06-20 18:04:42]      • [Materi] Panduan Google Collaboratory URL → Deadline: -
[2026-06-20 18:04:45]      • [Materi] Panduan Instalasi Anaconda URL → Deadline: -
[2026-06-20 18:04:51]      • [Quiz] Pre-Test (M1) → Deadline: Tidak diketahui
[2026-06-20 18:04:55]      • [Materi] 1.1  Pengantar: Teori Graf URL → Deadline: -
[2026-06-20 18:05:00]      • [Materi] 1.2  Sesi Hands-on Praktikum URL → Deadline: -
[2026-06-20 18:05:03]      • [Materi] 1.3 Tutorial Menambahkan File pada Mesin DGX URL → Deadline: -
[2026-06-20 18:05:08]      • [Quiz] Post-Test (M1) → Deadline: Tidak diketahui
[2026-06-20 18:05:13]      • [Assignment] Pengumpulan Tugas (M1) → Deadline: Saturday, 7 March 2026, 11:59 PM
[2026-06-20 18:05:17]      • [Quiz] Pre-Test (M2) → Deadline: Tidak diketahui
[2026-06-20 18:05:21]      • [Materi] 2.1  Pengantar: Berbagai Pemecahan Masalah Menggunakan Teori Graf Page → Deadline: -
[2026-06-20 18:05:25]      • [Quiz] Post-Test (M2) → Deadline: Tidak diketahui
[2026-06-20 18:05:30]      • [Assignment] Pengumpulan Tugas (M2) → Deadline: Saturday, 14 March 2026, 11:59 PM
[2026-06-20 18:05:35]      • [Quiz] Pre-Test (M4) → Deadline: Tidak diketahui
[2026-06-20 18:05:39]      • [Materi] 4.1  Pengantar: Breadth First Search URL → Deadline: -
[2026-06-20 18:05:44]      • [Materi] Sesi Praktikum File → Deadline: -
[2026-06-20 18:05:48]      • [Materi] Video Tutorial: Mendownload File IPYNB di Virtual Class URL → Deadline: -
[2026-06-20 18:05:53]      • [Quiz] Post-Test (M4) → Deadline: Tidak diketahui
[2026-06-20 18:05:57]      • [Assignment] Laporan Akhir (M4) → Deadline: Saturday, 11 April 2026, 11:59 PM
[2026-06-20 18:06:01]      • [Quiz] Pre-Test (M5) → Deadline: Tidak diketahui
[2026-06-20 18:06:05]      • [Materi] Sesi Praktikum URL → Deadline: -
[2026-06-20 18:06:09]      • [Quiz] Post-Test (M5) → Deadline: Tidak diketahui
[2026-06-20 18:06:14]      • [Assignment] Laporan Akhir (M5) → Deadline: Saturday, 18 April 2026, 11:59 PM
[2026-06-20 18:06:19]      • [Quiz] Pre-Test (M6) → Deadline: Tidak diketahui
[2026-06-20 18:06:22]      • [Materi] 6.1  Pendahuluan: Algoritma Dasar Tree URL → Deadline: -
[2026-06-20 18:06:26]      • [Materi] Sesi Praktikum File → Deadline: -
[2026-06-20 18:06:30]      • [Quiz] Post-Test (M6) → Deadline: Tidak diketahui
[2026-06-20 18:06:35]      • [Assignment] Laporan Akhir (M6) → Deadline: Saturday, 25 April 2026, 11:59 PM
[2026-06-20 18:06:39]      • [Quiz] Pre-Test (M8) → Deadline: Tidak diketahui
[2026-06-20 18:06:44]      • [Materi] 8.1  Pendahuluan: Implementasi Graph URL → Deadline: -
[2026-06-20 18:06:49]      • [Materi] Link File Praktikum I - family.pl → Deadline: -
[2026-06-20 18:06:53]      • [Materi] Link File Praktikum II - 8-puzzles.ipynb → Deadline: -
[2026-06-20 18:06:57]      • [Materi] Video Tutorial: Mendownload File IPYNB di Virtual Class URL → Deadline: -
[2026-06-20 18:07:02]      • [Quiz] Post-Test (M8) → Deadline: Tidak diketahui
[2026-06-20 18:07:06]      • [Assignment] Laporan Akhir (M8) → Deadline: Saturday, 9 May 2026, 11:59 PM
[2026-06-20 18:07:09]      • [Quiz] Pre-Test (M9) → Deadline: Tidak diketahui
[2026-06-20 18:07:13]      • [Materi] Sesi Hands-on Praktikum URL → Deadline: -
[2026-06-20 18:07:17]      • [Quiz] Post-Test (M9) → Deadline: Tidak diketahui
[2026-06-20 18:07:22]      • [Assignment] Pengumpulan Tugas (M9) → Deadline: Saturday, 16 May 2026, 11:59 PM
[2026-06-20 18:07:27]      • [Quiz] Pre-Test (M3) → Deadline: Tidak diketahui
[2026-06-20 18:07:31]      • [Materi] Sesi Praktikum URL → Deadline: -
[2026-06-20 18:07:35]      • [Materi] Video Tutorial: Menambahkan File pada Mesin DGX URL → Deadline: -
[2026-06-20 18:07:40]      • [Quiz] Post-Test (M3) → Deadline: Tidak diketahui
[2026-06-20 18:07:44]      • [Assignment] Pengumpulan Tugas (M3) → Deadline: Saturday, 23 May 2026, 11:59 PM
[2026-06-20 18:07:48]      • [Quiz] Pre-Test (M7) → Deadline: Tidak diketahui
[2026-06-20 18:07:52]      • [Materi] Link File Praktikum I - 3-Tekrek-Find-Center.ipynb → Deadline: -
[2026-06-20 18:07:57]      • [Materi] Link File Praktikum II - 3-Tekrek-Sortest-Path.ipynb → Deadline: -
[2026-06-20 18:08:01]      • [Materi] Video Tutorial: Mendownload File IPYNB di Virtual Class URL → Deadline: -
[2026-06-20 18:08:06]      • [Quiz] Post-Test (M7) → Deadline: Tidak diketahui
[2026-06-20 18:08:10]      • [Assignment] Laporan Akhir (M7) → Deadline: Saturday, 23 May 2026, 11:59 PM
[2026-06-20 18:08:14] 📦 Total tugas ditemukan: 108
[2026-06-20 18:08:14] 💾 Disimpan ke python/node/tugas.json
