[2026-06-24 09:45:13] 🔐 Login ke V-Class...
[2026-06-24 09:45:14] ✅ Login berhasil
[2026-06-24 09:45:14] 📚 Mengambil mata kuliah ID 108486 ...
[2026-06-24 09:45:14]   ➤ ATA 2025/2026 | 3KB01 | Jaringan Komputer Lanjut | VIVIEN NOVA FITHRIANA
[2026-06-24 09:45:14]      • [Materi] Announcements Forum → Deadline: -
[2026-06-24 09:45:18]      • [Materi] M1 File → Deadline: -
[2026-06-24 09:45:23]      • [Materi] M2 File → Deadline: -
[2026-06-24 09:45:26]      • [Materi] M3 File → Deadline: -
[2026-06-24 09:45:31]      • [Materi] M4 File → Deadline: -
[2026-06-24 09:45:35]      • [Materi] M5 File → Deadline: -
[2026-06-24 09:45:40]      • [Materi] M6 File → Deadline: -
[2026-06-24 09:45:44]      • [Materi] M7 File → Deadline: -
[2026-06-24 09:45:49]      • [Materi] VC-1 : Traffic dan Algoritma Kendali Kemacetan File → Deadline: -
[2026-06-24 09:45:54]      • [Materi] VC-1 : Traffic dan Algoritma Kendali Kemacetan File → Deadline: -
[2026-06-24 09:45:57]      • [Materi] Forum VC-1 : Traffic dan Algoritma Kendali Kemacetan → Deadline: -
[2026-06-24 09:46:01]      • [Quiz] Latihan Soal VC-1 : Traffic dan Algoritma Kendali Kemacetan → Deadline: Tidak diketahui
[2026-06-24 09:46:05]      • [Materi] VC-2 : Traffic dan Algoritma Kendali Kemacetan - Bagian 2 File → Deadline: -
[2026-06-24 09:46:09]      • [Materi] Forum VC-2 : Traffic dan Algoritma Kendali Kemacetan - Bagian 2 → Deadline: -
[2026-06-24 09:46:12]      • [Quiz] Latihan Soal VC-2 : Traffic dan Algoritma Kendali Kemacetan - Bagian 2 → Deadline: Tidak diketahui
[2026-06-24 09:46:16]      • [Materi] VC-3 : Lapisan Transport File → Deadline: -
[2026-06-24 09:46:19]      • [Materi] Forum VC-3 : Lapisan Transport → Deadline: -
[2026-06-24 09:46:24]      • [Quiz] Latihan Soal VC-3 : Lapisan Transport → Deadline: Wednesday, 15 July 2026, 11:59 PM
[2026-06-24 09:46:28] 📚 Mengambil mata kuliah ID 108172 ...
[2026-06-24 09:46:29]   ➤ ATA 2025/2026 | 3KB01 | Internet of Things (IoT) | PURNAWARMAN MUSA
[2026-06-24 09:46:29]      • [Materi] Announcements Forum → Deadline: -
[2026-06-24 09:46:33]      • [Materi] M6 File → Deadline: -
[2026-06-24 09:46:37]      • [Quiz] Soal (Tugas Individu) → Deadline: Tidak diketahui
[2026-06-24 09:46:42]      • [Quiz] Soal (Tugas Individu) → Deadline: Tidak diketahui
[2026-06-24 09:46:46] 📚 Mengambil mata kuliah ID 109563 ...
[2026-06-24 09:46:46]   ➤ ATA 2025/2026 | 3KB01 | Sistem Tertanam (Embedded) * | RIDHA ISKANDAR
[2026-06-24 09:46:46]      • [Materi] Selamat Datang di V-Class Sistem Tertanam (Embedded) Forum → Deadline: -
[2026-06-24 09:46:51]      • [Assignment] File 1 → Deadline: Sunday, 26 April 2026, 12:00 AM
[2026-06-24 09:46:55] 📚 Mengambil mata kuliah ID 109970 ...
[2026-06-24 09:46:55]   ➤ ATA 2025/2026 | 2EB10 | Bahasa Indonesia | MELANIAWATI
[2026-06-24 09:46:55] 📚 Mengambil mata kuliah ID 107919 ...
[2026-06-24 09:46:55]   ➤ ATA 2025/2026 | 3KB01 | Sistem Cerdas Lanjut | NUR SULTAN SALAHUDDIN
[2026-06-24 09:46:55]      • [Materi] Announcements Forum → Deadline: -
[2026-06-24 09:47:00]      • [Assignment] Sistem Kesehatan Cerdas → Deadline: Thursday, 21 May 2026, 12:00 AM
[2026-06-24 09:47:05]      • [Quiz] Sistem Kesehatan Cerdas → Deadline: Tidak diketahui
[2026-06-24 09:47:09] 📚 Mengambil mata kuliah ID 107291 ...
[2026-06-24 09:47:09]   ➤ ATA 2025/2026 | 3KB01 | Pengantarmukaan Perif.Komputer * | FARID THALIB
[2026-06-24 09:47:09]      • [Materi] Announcements Forum → Deadline: -
[2026-06-24 09:47:14] 📚 Mengambil mata kuliah ID 104438 ...
[2026-06-24 09:47:14]   ➤ ATA 2025/2026 | 3-FIKTI | Terapan Teori Graf | TEAM TEACHING
[2026-06-24 09:47:14]      • [Materi] PEMBERITAHUAN UTS SUSULAN File → Deadline: -
[2026-06-24 09:47:18]      • [Materi] PEMBERITAHUAN PELAKSANAAN TEAM TEACHING TERAPAN TEORI GRAF Forum → Deadline: -
[2026-06-24 09:47:22]      • [Materi] M1: Pendahuluan Teori Graf File → Deadline: -
[2026-06-24 09:47:27]      • [Materi] Video Literasi M1: Pendahuluan Teori Graf URL → Deadline: -
[2026-06-24 09:47:30]      • [Quiz] Kuis M1 [kelas PAGI] → Deadline: Tidak diketahui
[2026-06-24 09:47:34]      • [Quiz] Kuis M1 [kelas MALAM] → Deadline: Tidak diketahui
[2026-06-24 09:47:39]      • [Materi] M2: Graf Tidak Berarah dan Graf Berbobot File → Deadline: -
[2026-06-24 09:47:44]      • [Materi] Video Literasi M2 : Graf Tidak Berarah dan Graf Berbobot URL → Deadline: -
[2026-06-24 09:47:47]      • [Quiz] Kuis M2 [KELAS PAGI] : Graf Tidak Berarah dan Graf Berbobot → Deadline: Tidak diketahui
[2026-06-24 09:47:52]      • [Quiz] Kuis M2 [KELAS MALAM] : Graf Tidak Berarah dan Graf Berbobot → Deadline: Tidak diketahui
[2026-06-24 09:47:56]      • [Materi] M4 : Aplikasi Teori Graf di Teknik Elektro File → Deadline: -
[2026-06-24 09:48:01]      • [Materi] Video Literasi M4 : Aplikasi Teori Graf di Teknik Elektro URL → Deadline: -
[2026-06-24 09:48:05]      • [Quiz] Kuis M4 [KELAS PAGI]: Aplikasi Teori Graf di Teknik Elektro → Deadline: Tidak diketahui
[2026-06-24 09:48:09]      • [Quiz] Kuis M4 [KELAS MALAM]: Aplikasi Teori Graf di Teknik Elektro → Deadline: Tidak diketahui
[2026-06-24 09:48:12]      • [Materi] M5 : Knowledge Graph dan Database Graph File → Deadline: -
[2026-06-24 09:48:17]      • [Materi] Video Literasi  M5 : Knowledge Graph dan Database Graph URL → Deadline: -
[2026-06-24 09:48:22]      • [Quiz] Kuis M5 [KELAS PAGI] : nowledge Graph dan Database Graph → Deadline: Tidak diketahui
[2026-06-24 09:48:26]      • [Quiz] Kuis M5 [KELAS MALAM] : Knowledge Graph dan Database Graph → Deadline: Tidak diketahui
[2026-06-24 09:48:31]      • [Materi] M6 : Graf Berarah dan Implementasinya File → Deadline: -
[2026-06-24 09:48:35]      • [Materi] Video Literasi M6 : Graf Berarah dan Implementasinya URL → Deadline: -
[2026-06-24 09:48:40]      • [Quiz] Kuis M6 [KELAS PAGI] : Graf Berarah dan Implementasinya → Deadline: Tidak diketahui
[2026-06-24 09:48:45]      • [Quiz] Kuis M6 [KELAS MALAM] : Graf Berarah dan Implementasinya → Deadline: Tidak diketahui
[2026-06-24 09:48:49]      • [Materi] M8 : Penerapan Teori Graf di Bidang Teknik Sipil File → Deadline: -
[2026-06-24 09:48:53]      • [Materi] Video Literasi M8 : Penerapan Teori Graf di Bidang Teknik Sipil URL → Deadline: -
[2026-06-24 09:48:57]      • [Quiz] Kuis M8 [KELAS PAGI] : Penerapan Teori Graf di Bidang Teknik Sipil → Deadline: Tidak diketahui
[2026-06-24 09:49:02]      • [Quiz] Kuis M8 [KELAS MALAM] : Penerapan Teori Graf di Bidang Teknik Sipil → Deadline: Tidak diketahui
[2026-06-24 09:49:06]      • [Materi] M10 : Penerapan Teori Graf  di Bidang Teknik Industri File → Deadline: -
[2026-06-24 09:49:11]      • [Materi] Video Literasi M10 : Penerapan Teori Graf  di Bidang Teknik Industri URL → Deadline: -
[2026-06-24 09:49:15]      • [Quiz] Kuis M10 [kelas pagi] : Penerapan Teori Graf  di Bidang Teknik Industri → Deadline: Tidak diketahui
[2026-06-24 09:49:20]      • [Quiz] Kuis M10 [kelas malam]: Penerapan Teori Graf  di Bidang Teknik Industri → Deadline: Tidak diketahui
[2026-06-24 09:49:24] 📚 Mengambil mata kuliah ID 104413 ...
[2026-06-24 09:49:25]   ➤ ATA 2025/2026 | 3-FIKTI | Praktikum Terapan Teori Graf
[2026-06-24 09:49:25]      • [Materi] Panduan Praktikum  Forum → Deadline: -
[2026-06-24 09:49:29]      • [Materi] Panduan Google Collaboratory URL → Deadline: -
[2026-06-24 09:49:34]      • [Materi] Panduan Instalasi Anaconda URL → Deadline: -
[2026-06-24 09:49:38]      • [Quiz] Pre-Test (M1) → Deadline: Tidak diketahui
[2026-06-24 09:49:43]      • [Materi] 1.1  Pengantar: Teori Graf URL → Deadline: -
[2026-06-24 09:49:48]      • [Materi] 1.2  Sesi Hands-on Praktikum URL → Deadline: -
[2026-06-24 09:49:52]      • [Materi] 1.3 Tutorial Menambahkan File pada Mesin DGX URL → Deadline: -
[2026-06-24 09:49:56]      • [Quiz] Post-Test (M1) → Deadline: Tidak diketahui
[2026-06-24 09:50:00]      • [Assignment] Pengumpulan Tugas (M1) → Deadline: Saturday, 7 March 2026, 11:59 PM
[2026-06-24 09:50:05]      • [Quiz] Pre-Test (M2) → Deadline: Tidak diketahui
[2026-06-24 09:50:10]      • [Materi] 2.1  Pengantar: Berbagai Pemecahan Masalah Menggunakan Teori Graf Page → Deadline: -
[2026-06-24 09:50:15]      • [Quiz] Post-Test (M2) → Deadline: Tidak diketahui
[2026-06-24 09:50:19]      • [Assignment] Pengumpulan Tugas (M2) → Deadline: Saturday, 14 March 2026, 11:59 PM
[2026-06-24 09:50:23]      • [Quiz] Pre-Test (M4) → Deadline: Tidak diketahui
[2026-06-24 09:50:28]      • [Materi] 4.1  Pengantar: Breadth First Search URL → Deadline: -
[2026-06-24 09:50:32]      • [Materi] Sesi Praktikum File → Deadline: -
[2026-06-24 09:50:36]      • [Materi] Video Tutorial: Mendownload File IPYNB di Virtual Class URL → Deadline: -
[2026-06-24 09:50:40]      • [Quiz] Post-Test (M4) → Deadline: Tidak diketahui
[2026-06-24 09:50:46]      • [Assignment] Laporan Akhir (M4) → Deadline: Saturday, 11 April 2026, 11:59 PM
[2026-06-24 09:50:49]      • [Quiz] Pre-Test (M5) → Deadline: Tidak diketahui
[2026-06-24 09:50:54]      • [Materi] Sesi Praktikum URL → Deadline: -
[2026-06-24 09:50:58]      • [Quiz] Post-Test (M5) → Deadline: Tidak diketahui
[2026-06-24 09:51:03]      • [Assignment] Laporan Akhir (M5) → Deadline: Saturday, 18 April 2026, 11:59 PM
[2026-06-24 09:51:07]      • [Quiz] Pre-Test (M6) → Deadline: Tidak diketahui
[2026-06-24 09:51:12]      • [Materi] 6.1  Pendahuluan: Algoritma Dasar Tree URL → Deadline: -
[2026-06-24 09:51:17]      • [Materi] Sesi Praktikum File → Deadline: -
[2026-06-24 09:51:20]      • [Quiz] Post-Test (M6) → Deadline: Tidak diketahui
[2026-06-24 09:51:26]      • [Assignment] Laporan Akhir (M6) → Deadline: Saturday, 25 April 2026, 11:59 PM
[2026-06-24 09:51:30]      • [Quiz] Pre-Test (M8) → Deadline: Tidak diketahui
[2026-06-24 09:51:34]      • [Materi] 8.1  Pendahuluan: Implementasi Graph URL → Deadline: -
[2026-06-24 09:51:39]      • [Materi] Link File Praktikum I - family.pl → Deadline: -
[2026-06-24 09:51:43]      • [Materi] Link File Praktikum II - 8-puzzles.ipynb → Deadline: -
[2026-06-24 09:51:47]      • [Materi] Video Tutorial: Mendownload File IPYNB di Virtual Class URL → Deadline: -
[2026-06-24 09:51:51]      • [Quiz] Post-Test (M8) → Deadline: Tidak diketahui
[2026-06-24 09:51:56]      • [Assignment] Laporan Akhir (M8) → Deadline: Saturday, 9 May 2026, 11:59 PM
[2026-06-24 09:52:01]      • [Quiz] Pre-Test (M9) → Deadline: Tidak diketahui
[2026-06-24 09:52:05]      • [Materi] Sesi Hands-on Praktikum URL → Deadline: -
[2026-06-24 09:52:10]      • [Quiz] Post-Test (M9) → Deadline: Tidak diketahui
[2026-06-24 09:52:14]      • [Assignment] Pengumpulan Tugas (M9) → Deadline: Saturday, 16 May 2026, 11:59 PM
[2026-06-24 09:52:19]      • [Quiz] Pre-Test (M3) → Deadline: Tidak diketahui
[2026-06-24 09:52:22]      • [Materi] Sesi Praktikum URL → Deadline: -
[2026-06-24 09:52:27]      • [Materi] Video Tutorial: Menambahkan File pada Mesin DGX URL → Deadline: -
[2026-06-24 09:52:32]      • [Quiz] Post-Test (M3) → Deadline: Tidak diketahui
[2026-06-24 09:52:37]      • [Assignment] Pengumpulan Tugas (M3) → Deadline: Saturday, 23 May 2026, 11:59 PM
[2026-06-24 09:52:40]      • [Quiz] Pre-Test (M7) → Deadline: Tidak diketahui
[2026-06-24 09:52:45]      • [Materi] Link File Praktikum I - 3-Tekrek-Find-Center.ipynb → Deadline: -
[2026-06-24 09:52:49]      • [Materi] Link File Praktikum II - 3-Tekrek-Sortest-Path.ipynb → Deadline: -
[2026-06-24 09:52:52]      • [Materi] Video Tutorial: Mendownload File IPYNB di Virtual Class URL → Deadline: -
[2026-06-24 09:52:57]      • [Quiz] Post-Test (M7) → Deadline: Tidak diketahui
[2026-06-24 09:53:01]      • [Assignment] Laporan Akhir (M7) → Deadline: Saturday, 23 May 2026, 11:59 PM
[2026-06-24 09:53:06] 📦 Total tugas ditemukan: 108
[2026-06-24 09:53:06] 💾 Disimpan ke python/node/tugas.json
[2026-06-24 18:00:06] 🔐 Login ke V-Class...
[2026-06-24 18:00:07] ✅ Login berhasil
[2026-06-24 18:00:07] 📚 Mengambil mata kuliah ID 108486 ...
[2026-06-24 18:00:07]   ➤ ATA 2025/2026 | 3KB01 | Jaringan Komputer Lanjut | VIVIEN NOVA FITHRIANA
[2026-06-24 18:00:07]      • [Materi] Announcements Forum → Deadline: -
[2026-06-24 18:00:11]      • [Materi] M1 File → Deadline: -
[2026-06-24 18:00:15]      • [Materi] M2 File → Deadline: -
[2026-06-24 18:00:20]      • [Materi] M3 File → Deadline: -
[2026-06-24 18:00:24]      • [Materi] M4 File → Deadline: -
[2026-06-24 18:00:28]      • [Materi] M5 File → Deadline: -
[2026-06-24 18:00:32]      • [Materi] M6 File → Deadline: -
[2026-06-24 18:00:36]      • [Materi] M7 File → Deadline: -
[2026-06-24 18:00:40]      • [Materi] VC-1 : Traffic dan Algoritma Kendali Kemacetan File → Deadline: -
[2026-06-24 18:00:44]      • [Materi] VC-1 : Traffic dan Algoritma Kendali Kemacetan File → Deadline: -
[2026-06-24 18:00:48]      • [Materi] Forum VC-1 : Traffic dan Algoritma Kendali Kemacetan → Deadline: -
[2026-06-24 18:00:53]      • [Quiz] Latihan Soal VC-1 : Traffic dan Algoritma Kendali Kemacetan → Deadline: Tidak diketahui
[2026-06-24 18:00:57]      • [Materi] VC-2 : Traffic dan Algoritma Kendali Kemacetan - Bagian 2 File → Deadline: -
[2026-06-24 18:01:01]      • [Materi] Forum VC-2 : Traffic dan Algoritma Kendali Kemacetan - Bagian 2 → Deadline: -
[2026-06-24 18:01:05]      • [Quiz] Latihan Soal VC-2 : Traffic dan Algoritma Kendali Kemacetan - Bagian 2 → Deadline: Tidak diketahui
[2026-06-24 18:01:10]      • [Materi] VC-3 : Lapisan Transport File → Deadline: -
[2026-06-24 18:01:15]      • [Materi] Forum VC-3 : Lapisan Transport → Deadline: -
[2026-06-24 18:01:19]      • [Quiz] Latihan Soal VC-3 : Lapisan Transport → Deadline: Wednesday, 15 July 2026, 11:59 PM
[2026-06-24 18:01:23] 📚 Mengambil mata kuliah ID 108172 ...
[2026-06-24 18:01:23]   ➤ ATA 2025/2026 | 3KB01 | Internet of Things (IoT) | PURNAWARMAN MUSA
[2026-06-24 18:01:23]      • [Materi] Announcements Forum → Deadline: -
[2026-06-24 18:01:27]      • [Materi] M6 File → Deadline: -
[2026-06-24 18:01:32]      • [Quiz] Soal (Tugas Individu) → Deadline: Tidak diketahui
[2026-06-24 18:01:36]      • [Quiz] Soal (Tugas Individu) → Deadline: Tidak diketahui
[2026-06-24 18:01:41] 📚 Mengambil mata kuliah ID 109563 ...
[2026-06-24 18:01:41]   ➤ ATA 2025/2026 | 3KB01 | Sistem Tertanam (Embedded) * | RIDHA ISKANDAR
[2026-06-24 18:01:41]      • [Materi] Selamat Datang di V-Class Sistem Tertanam (Embedded) Forum → Deadline: -
[2026-06-24 18:01:45]      • [Assignment] File 1 → Deadline: Sunday, 26 April 2026, 12:00 AM
[2026-06-24 18:01:50] 📚 Mengambil mata kuliah ID 109970 ...
[2026-06-24 18:01:50]   ➤ ATA 2025/2026 | 2EB10 | Bahasa Indonesia | MELANIAWATI
[2026-06-24 18:01:50] 📚 Mengambil mata kuliah ID 107919 ...
[2026-06-24 18:01:50]   ➤ ATA 2025/2026 | 3KB01 | Sistem Cerdas Lanjut | NUR SULTAN SALAHUDDIN
[2026-06-24 18:01:50]      • [Materi] Announcements Forum → Deadline: -
[2026-06-24 18:01:55]      • [Assignment] Sistem Kesehatan Cerdas → Deadline: Thursday, 21 May 2026, 12:00 AM
[2026-06-24 18:01:59]      • [Quiz] Sistem Kesehatan Cerdas → Deadline: Tidak diketahui
[2026-06-24 18:02:03] 📚 Mengambil mata kuliah ID 107291 ...
[2026-06-24 18:02:03]   ➤ ATA 2025/2026 | 3KB01 | Pengantarmukaan Perif.Komputer * | FARID THALIB
[2026-06-24 18:02:03]      • [Materi] Announcements Forum → Deadline: -
[2026-06-24 18:02:08] 📚 Mengambil mata kuliah ID 104438 ...
[2026-06-24 18:02:09]   ➤ ATA 2025/2026 | 3-FIKTI | Terapan Teori Graf | TEAM TEACHING
[2026-06-24 18:02:09]      • [Materi] PEMBERITAHUAN UTS SUSULAN File → Deadline: -
[2026-06-24 18:02:13]      • [Materi] PEMBERITAHUAN PELAKSANAAN TEAM TEACHING TERAPAN TEORI GRAF Forum → Deadline: -
[2026-06-24 18:02:18]      • [Materi] M1: Pendahuluan Teori Graf File → Deadline: -
[2026-06-24 18:02:22]      • [Materi] Video Literasi M1: Pendahuluan Teori Graf URL → Deadline: -
[2026-06-24 18:02:26]      • [Quiz] Kuis M1 [kelas PAGI] → Deadline: Tidak diketahui
[2026-06-24 18:02:31]      • [Quiz] Kuis M1 [kelas MALAM] → Deadline: Tidak diketahui
[2026-06-24 18:02:35]      • [Materi] M2: Graf Tidak Berarah dan Graf Berbobot File → Deadline: -
[2026-06-24 18:02:39]      • [Materi] Video Literasi M2 : Graf Tidak Berarah dan Graf Berbobot URL → Deadline: -
[2026-06-24 18:02:43]      • [Quiz] Kuis M2 [KELAS PAGI] : Graf Tidak Berarah dan Graf Berbobot → Deadline: Tidak diketahui
[2026-06-24 18:02:48]      • [Quiz] Kuis M2 [KELAS MALAM] : Graf Tidak Berarah dan Graf Berbobot → Deadline: Tidak diketahui
[2026-06-24 18:02:52]      • [Materi] M4 : Aplikasi Teori Graf di Teknik Elektro File → Deadline: -
[2026-06-24 18:02:56]      • [Materi] Video Literasi M4 : Aplikasi Teori Graf di Teknik Elektro URL → Deadline: -
[2026-06-24 18:03:01]      • [Quiz] Kuis M4 [KELAS PAGI]: Aplikasi Teori Graf di Teknik Elektro → Deadline: Tidak diketahui
[2026-06-24 18:03:06]      • [Quiz] Kuis M4 [KELAS MALAM]: Aplikasi Teori Graf di Teknik Elektro → Deadline: Tidak diketahui
[2026-06-24 18:03:11]      • [Materi] M5 : Knowledge Graph dan Database Graph File → Deadline: -
[2026-06-24 18:03:15]      • [Materi] Video Literasi  M5 : Knowledge Graph dan Database Graph URL → Deadline: -
[2026-06-24 18:03:19]      • [Quiz] Kuis M5 [KELAS PAGI] : nowledge Graph dan Database Graph → Deadline: Tidak diketahui
[2026-06-24 18:03:23]      • [Quiz] Kuis M5 [KELAS MALAM] : Knowledge Graph dan Database Graph → Deadline: Tidak diketahui
[2026-06-24 18:03:28]      • [Materi] M6 : Graf Berarah dan Implementasinya File → Deadline: -
[2026-06-24 18:03:31]      • [Materi] Video Literasi M6 : Graf Berarah dan Implementasinya URL → Deadline: -
[2026-06-24 18:03:36]      • [Quiz] Kuis M6 [KELAS PAGI] : Graf Berarah dan Implementasinya → Deadline: Tidak diketahui
[2026-06-24 18:03:40]      • [Quiz] Kuis M6 [KELAS MALAM] : Graf Berarah dan Implementasinya → Deadline: Tidak diketahui
[2026-06-24 18:03:45]      • [Materi] M8 : Penerapan Teori Graf di Bidang Teknik Sipil File → Deadline: -
[2026-06-24 18:03:50]      • [Materi] Video Literasi M8 : Penerapan Teori Graf di Bidang Teknik Sipil URL → Deadline: -
[2026-06-24 18:03:54]      • [Quiz] Kuis M8 [KELAS PAGI] : Penerapan Teori Graf di Bidang Teknik Sipil → Deadline: Tidak diketahui
[2026-06-24 18:03:58]      • [Quiz] Kuis M8 [KELAS MALAM] : Penerapan Teori Graf di Bidang Teknik Sipil → Deadline: Tidak diketahui
[2026-06-24 18:04:02]      • [Materi] M10 : Penerapan Teori Graf  di Bidang Teknik Industri File → Deadline: -
[2026-06-24 18:04:07]      • [Materi] Video Literasi M10 : Penerapan Teori Graf  di Bidang Teknik Industri URL → Deadline: -
[2026-06-24 18:04:12]      • [Quiz] Kuis M10 [kelas pagi] : Penerapan Teori Graf  di Bidang Teknik Industri → Deadline: Tidak diketahui
[2026-06-24 18:04:16]      • [Quiz] Kuis M10 [kelas malam]: Penerapan Teori Graf  di Bidang Teknik Industri → Deadline: Tidak diketahui
[2026-06-24 18:04:19] 📚 Mengambil mata kuliah ID 104413 ...
[2026-06-24 18:04:20]   ➤ ATA 2025/2026 | 3-FIKTI | Praktikum Terapan Teori Graf
[2026-06-24 18:04:20]      • [Materi] Panduan Praktikum  Forum → Deadline: -
[2026-06-24 18:04:24]      • [Materi] Panduan Google Collaboratory URL → Deadline: -
[2026-06-24 18:04:29]      • [Materi] Panduan Instalasi Anaconda URL → Deadline: -
[2026-06-24 18:04:33]      • [Quiz] Pre-Test (M1) → Deadline: Tidak diketahui
[2026-06-24 18:04:37]      • [Materi] 1.1  Pengantar: Teori Graf URL → Deadline: -
[2026-06-24 18:04:42]      • [Materi] 1.2  Sesi Hands-on Praktikum URL → Deadline: -
[2026-06-24 18:04:46]      • [Materi] 1.3 Tutorial Menambahkan File pada Mesin DGX URL → Deadline: -
[2026-06-24 18:04:51]      • [Quiz] Post-Test (M1) → Deadline: Tidak diketahui
[2026-06-24 18:04:56]      • [Assignment] Pengumpulan Tugas (M1) → Deadline: Saturday, 7 March 2026, 11:59 PM
[2026-06-24 18:05:00]      • [Quiz] Pre-Test (M2) → Deadline: Tidak diketahui
[2026-06-24 18:05:04]      • [Materi] 2.1  Pengantar: Berbagai Pemecahan Masalah Menggunakan Teori Graf Page → Deadline: -
[2026-06-24 18:05:08]      • [Quiz] Post-Test (M2) → Deadline: Tidak diketahui
[2026-06-24 18:05:13]      • [Assignment] Pengumpulan Tugas (M2) → Deadline: Saturday, 14 March 2026, 11:59 PM
[2026-06-24 18:05:17]      • [Quiz] Pre-Test (M4) → Deadline: Tidak diketahui
[2026-06-24 18:05:21]      • [Materi] 4.1  Pengantar: Breadth First Search URL → Deadline: -
[2026-06-24 18:05:26]      • [Materi] Sesi Praktikum File → Deadline: -
[2026-06-24 18:05:30]      • [Materi] Video Tutorial: Mendownload File IPYNB di Virtual Class URL → Deadline: -
[2026-06-24 18:05:34]      • [Quiz] Post-Test (M4) → Deadline: Tidak diketahui
[2026-06-24 18:05:38]      • [Assignment] Laporan Akhir (M4) → Deadline: Saturday, 11 April 2026, 11:59 PM
[2026-06-24 18:05:42]      • [Quiz] Pre-Test (M5) → Deadline: Tidak diketahui
[2026-06-24 18:05:46]      • [Materi] Sesi Praktikum URL → Deadline: -
[2026-06-24 18:05:51]      • [Quiz] Post-Test (M5) → Deadline: Tidak diketahui
[2026-06-24 18:05:55]      • [Assignment] Laporan Akhir (M5) → Deadline: Saturday, 18 April 2026, 11:59 PM
[2026-06-24 18:06:00]      • [Quiz] Pre-Test (M6) → Deadline: Tidak diketahui
[2026-06-24 18:06:04]      • [Materi] 6.1  Pendahuluan: Algoritma Dasar Tree URL → Deadline: -
[2026-06-24 18:06:08]      • [Materi] Sesi Praktikum File → Deadline: -
[2026-06-24 18:06:12]      • [Quiz] Post-Test (M6) → Deadline: Tidak diketahui
[2026-06-24 18:06:16]      • [Assignment] Laporan Akhir (M6) → Deadline: Saturday, 25 April 2026, 11:59 PM
[2026-06-24 18:06:20]      • [Quiz] Pre-Test (M8) → Deadline: Tidak diketahui
[2026-06-24 18:06:24]      • [Materi] 8.1  Pendahuluan: Implementasi Graph URL → Deadline: -
[2026-06-24 18:06:29]      • [Materi] Link File Praktikum I - family.pl → Deadline: -
[2026-06-24 18:06:33]      • [Materi] Link File Praktikum II - 8-puzzles.ipynb → Deadline: -
[2026-06-24 18:06:38]      • [Materi] Video Tutorial: Mendownload File IPYNB di Virtual Class URL → Deadline: -
[2026-06-24 18:06:42]      • [Quiz] Post-Test (M8) → Deadline: Tidak diketahui
[2026-06-24 18:06:47]      • [Assignment] Laporan Akhir (M8) → Deadline: Saturday, 9 May 2026, 11:59 PM
[2026-06-24 18:06:51]      • [Quiz] Pre-Test (M9) → Deadline: Tidak diketahui
[2026-06-24 18:06:56]      • [Materi] Sesi Hands-on Praktikum URL → Deadline: -
[2026-06-24 18:07:00]      • [Quiz] Post-Test (M9) → Deadline: Tidak diketahui
[2026-06-24 18:07:04]      • [Assignment] Pengumpulan Tugas (M9) → Deadline: Saturday, 16 May 2026, 11:59 PM
[2026-06-24 18:07:09]      • [Quiz] Pre-Test (M3) → Deadline: Tidak diketahui
[2026-06-24 18:07:14]      • [Materi] Sesi Praktikum URL → Deadline: -
[2026-06-24 18:07:18]      • [Materi] Video Tutorial: Menambahkan File pada Mesin DGX URL → Deadline: -
[2026-06-24 18:07:22]      • [Quiz] Post-Test (M3) → Deadline: Tidak diketahui
[2026-06-24 18:07:26]      • [Assignment] Pengumpulan Tugas (M3) → Deadline: Saturday, 23 May 2026, 11:59 PM
[2026-06-24 18:07:30]      • [Quiz] Pre-Test (M7) → Deadline: Tidak diketahui
[2026-06-24 18:07:34]      • [Materi] Link File Praktikum I - 3-Tekrek-Find-Center.ipynb → Deadline: -
[2026-06-24 18:07:38]      • [Materi] Link File Praktikum II - 3-Tekrek-Sortest-Path.ipynb → Deadline: -
[2026-06-24 18:07:43]      • [Materi] Video Tutorial: Mendownload File IPYNB di Virtual Class URL → Deadline: -
[2026-06-24 18:07:48]      • [Quiz] Post-Test (M7) → Deadline: Tidak diketahui
[2026-06-24 18:07:51]      • [Assignment] Laporan Akhir (M7) → Deadline: Saturday, 23 May 2026, 11:59 PM
[2026-06-24 18:07:55] 📦 Total tugas ditemukan: 108
[2026-06-24 18:07:55] 💾 Disimpan ke python/node/tugas.json
