[2026-05-20 09:45:01] 🔐 Login ke V-Class...
[2026-05-20 09:45:02] ✅ Login berhasil
[2026-05-20 09:45:02] 📚 Mengambil mata kuliah ID 108486 ...
[2026-05-20 09:45:02]   ➤ ATA 2025/2026 | 3KB01 | Jaringan Komputer Lanjut | VIVIEN NOVA FITHRIANA
[2026-05-20 09:45:02]      • [Materi] Announcements Forum → Deadline: -
[2026-05-20 09:45:05]      • [Materi] M1 File → Deadline: -
[2026-05-20 09:45:10]      • [Materi] M2 File → Deadline: -
[2026-05-20 09:45:13]      • [Materi] M3 File → Deadline: -
[2026-05-20 09:45:17]      • [Materi] M4 File → Deadline: -
[2026-05-20 09:45:21]      • [Materi] M5 File → Deadline: -
[2026-05-20 09:45:25]      • [Materi] M6 File → Deadline: -
[2026-05-20 09:45:30]      • [Materi] M7 File → Deadline: -
[2026-05-20 09:45:34]      • [Materi] VC-1 : Traffic dan Algoritma Kendali Kemacetan File → Deadline: -
[2026-05-20 09:45:38]      • [Materi] VC-1 : Traffic dan Algoritma Kendali Kemacetan File → Deadline: -
[2026-05-20 09:45:43]      • [Materi] Forum VC-1 : Traffic dan Algoritma Kendali Kemacetan → Deadline: -
[2026-05-20 09:45:48]      • [Quiz] Latihan Soal VC-1 : Traffic dan Algoritma Kendali Kemacetan → Deadline: Tidak diketahui
[2026-05-20 09:45:53]      • [Materi] VC-2 : Traffic dan Algoritma Kendali Kemacetan - Bagian 2 File → Deadline: -
[2026-05-20 09:45:57]      • [Materi] Forum VC-2 : Traffic dan Algoritma Kendali Kemacetan - Bagian 2 → Deadline: -
[2026-05-20 09:46:02]      • [Quiz] Latihan Soal VC-2 : Traffic dan Algoritma Kendali Kemacetan - Bagian 2 → Deadline: Monday, 25 May 2026, 11:59 PM
[2026-05-20 09:46:06]      • [Materi] VC-3 : Lapisan Transport File → Deadline: -
[2026-05-20 09:46:10]      • [Materi] Forum VC-3 : Lapisan Transport → Deadline: -
[2026-05-20 09:46:15]      • [Quiz] Latihan Soal VC-3 : Lapisan Transport → Deadline: Wednesday, 15 July 2026, 11:59 PM
[2026-05-20 09:46:20] 📚 Mengambil mata kuliah ID 108172 ...
[2026-05-20 09:46:20]   ➤ ATA 2025/2026 | 3KB01 | Internet of Things (IoT) | PURNAWARMAN MUSA
[2026-05-20 09:46:20]      • [Materi] Announcements Forum → Deadline: -
[2026-05-20 09:46:24]      • [Materi] M6 File → Deadline: -
[2026-05-20 09:46:28]      • [Quiz] Soal (Tugas Individu) → Deadline: Tidak diketahui
[2026-05-20 09:46:33]      • [Quiz] Soal (Tugas Individu) → Deadline: Tidak diketahui
[2026-05-20 09:46:37] 📚 Mengambil mata kuliah ID 109563 ...
[2026-05-20 09:46:37]   ➤ ATA 2025/2026 | 3KB01 | Sistem Tertanam (Embedded) * | RIDHA ISKANDAR
[2026-05-20 09:46:37]      • [Materi] Selamat Datang di V-Class Sistem Tertanam (Embedded) Forum → Deadline: -
[2026-05-20 09:46:41]      • [Assignment] File 1 → Deadline: Sunday, 26 April 2026, 12:00 AM
[2026-05-20 09:46:46] 📚 Mengambil mata kuliah ID 109970 ...
[2026-05-20 09:46:46]   ➤ ATA 2025/2026 | 2EB10 | Bahasa Indonesia | MELANIAWATI
[2026-05-20 09:46:46] 📚 Mengambil mata kuliah ID 107919 ...
[2026-05-20 09:46:46]   ➤ ATA 2025/2026 | 3KB01 | Sistem Cerdas Lanjut | NUR SULTAN SALAHUDDIN
[2026-05-20 09:46:46]      • [Materi] Announcements Forum → Deadline: -
[2026-05-20 09:46:50]      • [Assignment] Sistem Kesehatan Cerdas → Deadline: Thursday, 21 May 2026, 12:00 AM
[2026-05-20 09:46:54]      • [Quiz] Sistem Kesehatan Cerdas → Deadline: Thursday, 21 May 2026, 9:26 PM
[2026-05-20 09:46:58] 📚 Mengambil mata kuliah ID 107291 ...
[2026-05-20 09:46:58]   ➤ ATA 2025/2026 | 3KB01 | Pengantarmukaan Perif.Komputer * | FARID THALIB
[2026-05-20 09:46:58]      • [Materi] Announcements Forum → Deadline: -
[2026-05-20 09:47:02] 📚 Mengambil mata kuliah ID 104438 ...
[2026-05-20 09:47:02]   ➤ ATA 2025/2026 | 3-FIKTI | Terapan Teori Graf | TEAM TEACHING
[2026-05-20 09:47:02]      • [Materi] PEMBERITAHUAN PELAKSANAAN TEAM TEACHING TERAPAN TEORI GRAF Forum → Deadline: -
[2026-05-20 09:47:06]      • [Materi] M1: Pendahuluan Teori Graf File → Deadline: -
[2026-05-20 09:47:11]      • [Materi] Video Literasi M1: Pendahuluan Teori Graf URL → Deadline: -
[2026-05-20 09:47:15]      • [Quiz] Kuis M1 [kelas PAGI] → Deadline: Tidak diketahui
[2026-05-20 09:47:19]      • [Quiz] Kuis M1 [kelas MALAM] → Deadline: Tidak diketahui
[2026-05-20 09:47:23]      • [Materi] M2: Graf Tidak Berarah dan Graf Berbobot File → Deadline: -
[2026-05-20 09:47:27]      • [Materi] Video Literasi M2 : Graf Tidak Berarah dan Graf Berbobot URL → Deadline: -
[2026-05-20 09:47:31]      • [Quiz] Kuis M2 [KELAS PAGI] : Graf Tidak Berarah dan Graf Berbobot → Deadline: Tidak diketahui
[2026-05-20 09:47:36]      • [Quiz] Kuis M2 [KELAS MALAM] : Graf Tidak Berarah dan Graf Berbobot → Deadline: Tidak diketahui
[2026-05-20 09:47:41]      • [Materi] M4 : Aplikasi Teori Graf di Teknik Elektro File → Deadline: -
[2026-05-20 09:47:44]      • [Materi] Video Literasi M4 : Aplikasi Teori Graf di Teknik Elektro URL → Deadline: -
[2026-05-20 09:47:49]      • [Quiz] Kuis M4 [KELAS PAGI]: Aplikasi Teori Graf di Teknik Elektro → Deadline: Tidak diketahui
[2026-05-20 09:47:53]      • [Quiz] Kuis M4 [KELAS MALAM]: Aplikasi Teori Graf di Teknik Elektro → Deadline: Tidak diketahui
[2026-05-20 09:47:58]      • [Materi] M5 : Knowledge Graph dan Database Graph File → Deadline: -
[2026-05-20 09:48:02]      • [Materi] Video Literasi  M5 : Knowledge Graph dan Database Graph URL → Deadline: -
[2026-05-20 09:48:07]      • [Quiz] Kuis M5 [KELAS PAGI] : nowledge Graph dan Database Graph → Deadline: Tidak diketahui
[2026-05-20 09:48:11]      • [Quiz] Kuis M5 [KELAS MALAM] : Knowledge Graph dan Database Graph → Deadline: Tidak diketahui
[2026-05-20 09:48:15]      • [Materi] M6 : Graf Berarah dan Implementasinya File → Deadline: -
[2026-05-20 09:48:19]      • [Materi] Video Literasi M6 : Graf Berarah dan Implementasinya URL → Deadline: -
[2026-05-20 09:48:24]      • [Quiz] Kuis M6 [KELAS PAGI] : Graf Berarah dan Implementasinya → Deadline: Tidak diketahui
[2026-05-20 09:48:29]      • [Quiz] Kuis M6 [KELAS MALAM] : Graf Berarah dan Implementasinya → Deadline: Tidak diketahui
[2026-05-20 09:48:32]      • [Materi] M8 : Penerapan Teori Graf di Bidang Teknik Sipil File → Deadline: -
[2026-05-20 09:48:36]      • [Materi] Video Literasi M8 : Penerapan Teori Graf di Bidang Teknik Sipil URL → Deadline: -
[2026-05-20 09:48:40]      • [Quiz] Kuis M8 [KELAS PAGI] : Penerapan Teori Graf di Bidang Teknik Sipil → Deadline: Tidak diketahui
[2026-05-20 09:48:45]      • [Quiz] Kuis M8 [KELAS MALAM] : Penerapan Teori Graf di Bidang Teknik Sipil → Deadline: Tidak diketahui
[2026-05-20 09:48:49] 📚 Mengambil mata kuliah ID 104413 ...
[2026-05-20 09:48:49]   ➤ ATA 2025/2026 | 3-FIKTI | Praktikum Terapan Teori Graf
[2026-05-20 09:48:49]      • [Materi] Panduan Praktikum  Forum → Deadline: -
[2026-05-20 09:48:53]      • [Materi] Panduan Google Collaboratory URL → Deadline: -
[2026-05-20 09:48:56]      • [Materi] Panduan Instalasi Anaconda URL → Deadline: -
[2026-05-20 09:49:00]      • [Quiz] Pre-Test (M1) → Deadline: Tidak diketahui
[2026-05-20 09:49:04]      • [Materi] 1.1  Pengantar: Teori Graf URL → Deadline: -
[2026-05-20 09:49:08]      • [Materi] 1.2  Sesi Hands-on Praktikum URL → Deadline: -
[2026-05-20 09:49:11]      • [Materi] 1.3 Tutorial Menambahkan File pada Mesin DGX URL → Deadline: -
[2026-05-20 09:49:16]      • [Quiz] Post-Test (M1) → Deadline: Tidak diketahui
[2026-05-20 09:49:20]      • [Assignment] Pengumpulan Tugas (M1) → Deadline: Saturday, 7 March 2026, 11:59 PM
[2026-05-20 09:49:24]      • [Quiz] Pre-Test (M2) → Deadline: Tidak diketahui
[2026-05-20 09:49:29]      • [Materi] 2.1  Pengantar: Berbagai Pemecahan Masalah Menggunakan Teori Graf Page → Deadline: -
[2026-05-20 09:49:34]      • [Quiz] Post-Test (M2) → Deadline: Tidak diketahui
[2026-05-20 09:49:38]      • [Assignment] Pengumpulan Tugas (M2) → Deadline: Saturday, 14 March 2026, 11:59 PM
[2026-05-20 09:49:42]      • [Quiz] Pre-Test (M4) → Deadline: Tidak diketahui
[2026-05-20 09:49:46]      • [Materi] 4.1  Pengantar: Breadth First Search URL → Deadline: -
[2026-05-20 09:49:51]      • [Materi] Sesi Praktikum File → Deadline: -
[2026-05-20 09:49:55]      • [Materi] Video Tutorial: Mendownload File IPYNB di Virtual Class URL → Deadline: -
[2026-05-20 09:49:59]      • [Quiz] Post-Test (M4) → Deadline: Tidak diketahui
[2026-05-20 09:50:03]      • [Assignment] Laporan Akhir (M4) → Deadline: Saturday, 11 April 2026, 11:59 PM
[2026-05-20 09:50:08]      • [Quiz] Pre-Test (M5) → Deadline: Tidak diketahui
[2026-05-20 09:50:13]      • [Materi] Sesi Praktikum URL → Deadline: -
[2026-05-20 09:50:16]      • [Quiz] Post-Test (M5) → Deadline: Tidak diketahui
[2026-05-20 09:50:21]      • [Assignment] Laporan Akhir (M5) → Deadline: Saturday, 18 April 2026, 11:59 PM
[2026-05-20 09:50:26]      • [Quiz] Pre-Test (M6) → Deadline: Tidak diketahui
[2026-05-20 09:50:30]      • [Materi] 6.1  Pendahuluan: Algoritma Dasar Tree URL → Deadline: -
[2026-05-20 09:50:35]      • [Materi] Sesi Praktikum File → Deadline: -
[2026-05-20 09:50:39]      • [Quiz] Post-Test (M6) → Deadline: Tidak diketahui
[2026-05-20 09:50:44]      • [Assignment] Laporan Akhir (M6) → Deadline: Saturday, 25 April 2026, 11:59 PM
[2026-05-20 09:50:48]      • [Quiz] Pre-Test (M8) → Deadline: Tidak diketahui
[2026-05-20 09:50:52]      • [Materi] 8.1  Pendahuluan: Implementasi Graph URL → Deadline: -
[2026-05-20 09:50:57]      • [Materi] Link File Praktikum I - family.pl → Deadline: -
[2026-05-20 09:51:01]      • [Materi] Link File Praktikum II - 8-puzzles.ipynb → Deadline: -
[2026-05-20 09:51:05]      • [Materi] Video Tutorial: Mendownload File IPYNB di Virtual Class URL → Deadline: -
[2026-05-20 09:51:09]      • [Quiz] Post-Test (M8) → Deadline: Tidak diketahui
[2026-05-20 09:51:14]      • [Assignment] Laporan Akhir (M8) → Deadline: Saturday, 9 May 2026, 11:59 PM
[2026-05-20 09:51:18]      • [Quiz] Pre-Test (M9) → Deadline: Tidak diketahui
[2026-05-20 09:51:23]      • [Materi] Sesi Hands-on Praktikum URL → Deadline: -
[2026-05-20 09:51:27]      • [Quiz] Post-Test (M9) → Deadline: Tidak diketahui
[2026-05-20 09:51:30]      • [Assignment] Pengumpulan Tugas (M9) → Deadline: Saturday, 16 May 2026, 11:59 PM
[2026-05-20 09:51:34]      • [Quiz] Pre-Test (M3) → Deadline: Saturday, 23 May 2026, 11:59 PM
[2026-05-20 09:51:38]      • [Materi] Sesi Praktikum URL → Deadline: -
[2026-05-20 09:51:43]      • [Materi] Video Tutorial: Menambahkan File pada Mesin DGX URL → Deadline: -
[2026-05-20 09:51:48]      • [Quiz] Post-Test (M3) → Deadline: Saturday, 23 May 2026, 11:59 PM
[2026-05-20 09:51:53]      • [Assignment] Pengumpulan Tugas (M3) → Deadline: Saturday, 23 May 2026, 11:59 PM
[2026-05-20 09:51:58]      • [Quiz] Pre-Test (M7) → Deadline: Saturday, 23 May 2026, 11:59 PM
[2026-05-20 09:52:02]      • [Materi] Link File Praktikum I - 3-Tekrek-Find-Center.ipynb → Deadline: -
[2026-05-20 09:52:07]      • [Materi] Link File Praktikum II - 3-Tekrek-Sortest-Path.ipynb → Deadline: -
[2026-05-20 09:52:11]      • [Materi] Video Tutorial: Mendownload File IPYNB di Virtual Class URL → Deadline: -
[2026-05-20 09:52:15]      • [Quiz] Post-Test (M7) → Deadline: Saturday, 23 May 2026, 11:59 PM
[2026-05-20 09:52:19]      • [Assignment] Laporan Akhir (M7) → Deadline: Saturday, 23 May 2026, 11:59 PM
[2026-05-20 09:52:24] 📦 Total tugas ditemukan: 103
[2026-05-20 09:52:24] 💾 Disimpan ke python/node/tugas.json
[2026-05-20 18:00:24] 🔐 Login ke V-Class...
[2026-05-20 18:00:25] ✅ Login berhasil
[2026-05-20 18:00:25] 📚 Mengambil mata kuliah ID 108486 ...
[2026-05-20 18:00:25]   ➤ ATA 2025/2026 | 3KB01 | Jaringan Komputer Lanjut | VIVIEN NOVA FITHRIANA
[2026-05-20 18:00:25]      • [Materi] Announcements Forum → Deadline: -
[2026-05-20 18:00:30]      • [Materi] M1 File → Deadline: -
[2026-05-20 18:00:33]      • [Materi] M2 File → Deadline: -
[2026-05-20 18:00:37]      • [Materi] M3 File → Deadline: -
[2026-05-20 18:00:42]      • [Materi] M4 File → Deadline: -
[2026-05-20 18:00:46]      • [Materi] M5 File → Deadline: -
[2026-05-20 18:00:51]      • [Materi] M6 File → Deadline: -
[2026-05-20 18:00:55]      • [Materi] M7 File → Deadline: -
[2026-05-20 18:00:58]      • [Materi] VC-1 : Traffic dan Algoritma Kendali Kemacetan File → Deadline: -
[2026-05-20 18:01:03]      • [Materi] VC-1 : Traffic dan Algoritma Kendali Kemacetan File → Deadline: -
[2026-05-20 18:01:08]      • [Materi] Forum VC-1 : Traffic dan Algoritma Kendali Kemacetan → Deadline: -
[2026-05-20 18:01:13]      • [Quiz] Latihan Soal VC-1 : Traffic dan Algoritma Kendali Kemacetan → Deadline: Tidak diketahui
[2026-05-20 18:01:17]      • [Materi] VC-2 : Traffic dan Algoritma Kendali Kemacetan - Bagian 2 File → Deadline: -
[2026-05-20 18:01:21]      • [Materi] Forum VC-2 : Traffic dan Algoritma Kendali Kemacetan - Bagian 2 → Deadline: -
[2026-05-20 18:01:25]      • [Quiz] Latihan Soal VC-2 : Traffic dan Algoritma Kendali Kemacetan - Bagian 2 → Deadline: Monday, 25 May 2026, 11:59 PM
[2026-05-20 18:01:29]      • [Materi] VC-3 : Lapisan Transport File → Deadline: -
[2026-05-20 18:01:33]      • [Materi] Forum VC-3 : Lapisan Transport → Deadline: -
[2026-05-20 18:01:37]      • [Quiz] Latihan Soal VC-3 : Lapisan Transport → Deadline: Wednesday, 15 July 2026, 11:59 PM
[2026-05-20 18:01:41] 📚 Mengambil mata kuliah ID 108172 ...
[2026-05-20 18:01:41]   ➤ ATA 2025/2026 | 3KB01 | Internet of Things (IoT) | PURNAWARMAN MUSA
[2026-05-20 18:01:41]      • [Materi] Announcements Forum → Deadline: -
[2026-05-20 18:01:45]      • [Materi] M6 File → Deadline: -
[2026-05-20 18:01:49]      • [Quiz] Soal (Tugas Individu) → Deadline: Tidak diketahui
[2026-05-20 18:01:53]      • [Quiz] Soal (Tugas Individu) → Deadline: Tidak diketahui
[2026-05-20 18:01:58] 📚 Mengambil mata kuliah ID 109563 ...
[2026-05-20 18:01:58]   ➤ ATA 2025/2026 | 3KB01 | Sistem Tertanam (Embedded) * | RIDHA ISKANDAR
[2026-05-20 18:01:58]      • [Materi] Selamat Datang di V-Class Sistem Tertanam (Embedded) Forum → Deadline: -
[2026-05-20 18:02:03]      • [Assignment] File 1 → Deadline: Sunday, 26 April 2026, 12:00 AM
[2026-05-20 18:02:06] 📚 Mengambil mata kuliah ID 109970 ...
[2026-05-20 18:02:06]   ➤ ATA 2025/2026 | 2EB10 | Bahasa Indonesia | MELANIAWATI
[2026-05-20 18:02:06] 📚 Mengambil mata kuliah ID 107919 ...
[2026-05-20 18:02:07]   ➤ ATA 2025/2026 | 3KB01 | Sistem Cerdas Lanjut | NUR SULTAN SALAHUDDIN
[2026-05-20 18:02:07]      • [Materi] Announcements Forum → Deadline: -
[2026-05-20 18:02:10]      • [Assignment] Sistem Kesehatan Cerdas → Deadline: Thursday, 21 May 2026, 12:00 AM
[2026-05-20 18:02:15]      • [Quiz] Sistem Kesehatan Cerdas → Deadline: Thursday, 21 May 2026, 9:26 PM
[2026-05-20 18:02:19] 📚 Mengambil mata kuliah ID 107291 ...
[2026-05-20 18:02:19]   ➤ ATA 2025/2026 | 3KB01 | Pengantarmukaan Perif.Komputer * | FARID THALIB
[2026-05-20 18:02:19]      • [Materi] Announcements Forum → Deadline: -
[2026-05-20 18:02:24] 📚 Mengambil mata kuliah ID 104438 ...
[2026-05-20 18:02:24]   ➤ ATA 2025/2026 | 3-FIKTI | Terapan Teori Graf | TEAM TEACHING
[2026-05-20 18:02:24]      • [Materi] PEMBERITAHUAN PELAKSANAAN TEAM TEACHING TERAPAN TEORI GRAF Forum → Deadline: -
[2026-05-20 18:02:29]      • [Materi] M1: Pendahuluan Teori Graf File → Deadline: -
[2026-05-20 18:02:33]      • [Materi] Video Literasi M1: Pendahuluan Teori Graf URL → Deadline: -
[2026-05-20 18:02:38]      • [Quiz] Kuis M1 [kelas PAGI] → Deadline: Tidak diketahui
[2026-05-20 18:02:42]      • [Quiz] Kuis M1 [kelas MALAM] → Deadline: Tidak diketahui
[2026-05-20 18:02:46]      • [Materi] M2: Graf Tidak Berarah dan Graf Berbobot File → Deadline: -
[2026-05-20 18:02:51]      • [Materi] Video Literasi M2 : Graf Tidak Berarah dan Graf Berbobot URL → Deadline: -
[2026-05-20 18:02:55]      • [Quiz] Kuis M2 [KELAS PAGI] : Graf Tidak Berarah dan Graf Berbobot → Deadline: Tidak diketahui
[2026-05-20 18:02:59]      • [Quiz] Kuis M2 [KELAS MALAM] : Graf Tidak Berarah dan Graf Berbobot → Deadline: Tidak diketahui
[2026-05-20 18:03:04]      • [Materi] M4 : Aplikasi Teori Graf di Teknik Elektro File → Deadline: -
[2026-05-20 18:03:08]      • [Materi] Video Literasi M4 : Aplikasi Teori Graf di Teknik Elektro URL → Deadline: -
[2026-05-20 18:03:13]      • [Quiz] Kuis M4 [KELAS PAGI]: Aplikasi Teori Graf di Teknik Elektro → Deadline: Tidak diketahui
[2026-05-20 18:03:17]      • [Quiz] Kuis M4 [KELAS MALAM]: Aplikasi Teori Graf di Teknik Elektro → Deadline: Tidak diketahui
[2026-05-20 18:03:20]      • [Materi] M5 : Knowledge Graph dan Database Graph File → Deadline: -
[2026-05-20 18:03:24]      • [Materi] Video Literasi  M5 : Knowledge Graph dan Database Graph URL → Deadline: -
[2026-05-20 18:03:29]      • [Quiz] Kuis M5 [KELAS PAGI] : nowledge Graph dan Database Graph → Deadline: Tidak diketahui
[2026-05-20 18:03:34]      • [Quiz] Kuis M5 [KELAS MALAM] : Knowledge Graph dan Database Graph → Deadline: Tidak diketahui
[2026-05-20 18:03:38]      • [Materi] M6 : Graf Berarah dan Implementasinya File → Deadline: -
[2026-05-20 18:03:42]      • [Materi] Video Literasi M6 : Graf Berarah dan Implementasinya URL → Deadline: -
[2026-05-20 18:03:47]      • [Quiz] Kuis M6 [KELAS PAGI] : Graf Berarah dan Implementasinya → Deadline: Tidak diketahui
[2026-05-20 18:03:51]      • [Quiz] Kuis M6 [KELAS MALAM] : Graf Berarah dan Implementasinya → Deadline: Tidak diketahui
[2026-05-20 18:03:55]      • [Materi] M8 : Penerapan Teori Graf di Bidang Teknik Sipil File → Deadline: -
[2026-05-20 18:03:59]      • [Materi] Video Literasi M8 : Penerapan Teori Graf di Bidang Teknik Sipil URL → Deadline: -
[2026-05-20 18:04:03]      • [Quiz] Kuis M8 [KELAS PAGI] : Penerapan Teori Graf di Bidang Teknik Sipil → Deadline: Tidak diketahui
[2026-05-20 18:04:06]      • [Quiz] Kuis M8 [KELAS MALAM] : Penerapan Teori Graf di Bidang Teknik Sipil → Deadline: Tidak diketahui
[2026-05-20 18:04:11] 📚 Mengambil mata kuliah ID 104413 ...
[2026-05-20 18:04:11]   ➤ ATA 2025/2026 | 3-FIKTI | Praktikum Terapan Teori Graf
[2026-05-20 18:04:11]      • [Materi] Panduan Praktikum  Forum → Deadline: -
[2026-05-20 18:04:15]      • [Materi] Panduan Google Collaboratory URL → Deadline: -
[2026-05-20 18:04:19]      • [Materi] Panduan Instalasi Anaconda URL → Deadline: -
[2026-05-20 18:04:24]      • [Quiz] Pre-Test (M1) → Deadline: Tidak diketahui
[2026-05-20 18:04:29]      • [Materi] 1.1  Pengantar: Teori Graf URL → Deadline: -
[2026-05-20 18:04:33]      • [Materi] 1.2  Sesi Hands-on Praktikum URL → Deadline: -
[2026-05-20 18:04:37]      • [Materi] 1.3 Tutorial Menambahkan File pada Mesin DGX URL → Deadline: -
[2026-05-20 18:04:42]      • [Quiz] Post-Test (M1) → Deadline: Tidak diketahui
[2026-05-20 18:04:46]      • [Assignment] Pengumpulan Tugas (M1) → Deadline: Saturday, 7 March 2026, 11:59 PM
[2026-05-20 18:04:50]      • [Quiz] Pre-Test (M2) → Deadline: Tidak diketahui
[2026-05-20 18:04:54]      • [Materi] 2.1  Pengantar: Berbagai Pemecahan Masalah Menggunakan Teori Graf Page → Deadline: -
[2026-05-20 18:04:59]      • [Quiz] Post-Test (M2) → Deadline: Tidak diketahui
[2026-05-20 18:05:03]      • [Assignment] Pengumpulan Tugas (M2) → Deadline: Saturday, 14 March 2026, 11:59 PM
[2026-05-20 18:05:08]      • [Quiz] Pre-Test (M4) → Deadline: Tidak diketahui
[2026-05-20 18:05:12]      • [Materi] 4.1  Pengantar: Breadth First Search URL → Deadline: -
[2026-05-20 18:05:16]      • [Materi] Sesi Praktikum File → Deadline: -
[2026-05-20 18:05:20]      • [Materi] Video Tutorial: Mendownload File IPYNB di Virtual Class URL → Deadline: -
[2026-05-20 18:05:24]      • [Quiz] Post-Test (M4) → Deadline: Tidak diketahui
[2026-05-20 18:05:28]      • [Assignment] Laporan Akhir (M4) → Deadline: Saturday, 11 April 2026, 11:59 PM
[2026-05-20 18:05:33]      • [Quiz] Pre-Test (M5) → Deadline: Tidak diketahui
[2026-05-20 18:05:37]      • [Materi] Sesi Praktikum URL → Deadline: -
[2026-05-20 18:05:41]      • [Quiz] Post-Test (M5) → Deadline: Tidak diketahui
[2026-05-20 18:05:45]      • [Assignment] Laporan Akhir (M5) → Deadline: Saturday, 18 April 2026, 11:59 PM
[2026-05-20 18:05:50]      • [Quiz] Pre-Test (M6) → Deadline: Tidak diketahui
[2026-05-20 18:05:54]      • [Materi] 6.1  Pendahuluan: Algoritma Dasar Tree URL → Deadline: -
[2026-05-20 18:05:59]      • [Materi] Sesi Praktikum File → Deadline: -
[2026-05-20 18:06:03]      • [Quiz] Post-Test (M6) → Deadline: Tidak diketahui
[2026-05-20 18:06:08]      • [Assignment] Laporan Akhir (M6) → Deadline: Saturday, 25 April 2026, 11:59 PM
[2026-05-20 18:06:13]      • [Quiz] Pre-Test (M8) → Deadline: Tidak diketahui
[2026-05-20 18:06:16]      • [Materi] 8.1  Pendahuluan: Implementasi Graph URL → Deadline: -
[2026-05-20 18:06:20]      • [Materi] Link File Praktikum I - family.pl → Deadline: -
[2026-05-20 18:06:25]      • [Materi] Link File Praktikum II - 8-puzzles.ipynb → Deadline: -
[2026-05-20 18:06:29]      • [Materi] Video Tutorial: Mendownload File IPYNB di Virtual Class URL → Deadline: -
[2026-05-20 18:06:34]      • [Quiz] Post-Test (M8) → Deadline: Tidak diketahui
[2026-05-20 18:06:39]      • [Assignment] Laporan Akhir (M8) → Deadline: Saturday, 9 May 2026, 11:59 PM
[2026-05-20 18:06:44]      • [Quiz] Pre-Test (M9) → Deadline: Tidak diketahui
[2026-05-20 18:06:49]      • [Materi] Sesi Hands-on Praktikum URL → Deadline: -
[2026-05-20 18:06:54]      • [Quiz] Post-Test (M9) → Deadline: Tidak diketahui
[2026-05-20 18:06:58]      • [Assignment] Pengumpulan Tugas (M9) → Deadline: Saturday, 16 May 2026, 11:59 PM
[2026-05-20 18:07:03]      • [Quiz] Pre-Test (M3) → Deadline: Saturday, 23 May 2026, 11:59 PM
[2026-05-20 18:07:07]      • [Materi] Sesi Praktikum URL → Deadline: -
[2026-05-20 18:07:12]      • [Materi] Video Tutorial: Menambahkan File pada Mesin DGX URL → Deadline: -
[2026-05-20 18:07:16]      • [Quiz] Post-Test (M3) → Deadline: Saturday, 23 May 2026, 11:59 PM
[2026-05-20 18:07:20]      • [Assignment] Pengumpulan Tugas (M3) → Deadline: Saturday, 23 May 2026, 11:59 PM
[2026-05-20 18:07:24]      • [Quiz] Pre-Test (M7) → Deadline: Saturday, 23 May 2026, 11:59 PM
[2026-05-20 18:07:29]      • [Materi] Link File Praktikum I - 3-Tekrek-Find-Center.ipynb → Deadline: -
[2026-05-20 18:07:33]      • [Materi] Link File Praktikum II - 3-Tekrek-Sortest-Path.ipynb → Deadline: -
[2026-05-20 18:07:38]      • [Materi] Video Tutorial: Mendownload File IPYNB di Virtual Class URL → Deadline: -
[2026-05-20 18:07:42]      • [Quiz] Post-Test (M7) → Deadline: Saturday, 23 May 2026, 11:59 PM
[2026-05-20 18:07:46]      • [Assignment] Laporan Akhir (M7) → Deadline: Saturday, 23 May 2026, 11:59 PM
[2026-05-20 18:07:51] 📦 Total tugas ditemukan: 103
[2026-05-20 18:07:51] 💾 Disimpan ke python/node/tugas.json
