[2026-07-25 09:45:08] 🔐 Login ke V-Class...
[2026-07-25 09:45:08] ✅ Login berhasil
[2026-07-25 09:45:08] 📚 Mengambil mata kuliah ID 108486 ...
[2026-07-25 09:45:08]   ➤ ATA 2025/2026 | 3KB01 | Jaringan Komputer Lanjut | VIVIEN NOVA FITHRIANA
[2026-07-25 09:45:08]      • [Materi] Announcements Forum → Deadline: -
[2026-07-25 09:45:13]      • [Materi] M1 File → Deadline: -
[2026-07-25 09:45:17]      • [Materi] M2 File → Deadline: -
[2026-07-25 09:45:21]      • [Materi] M3 File → Deadline: -
[2026-07-25 09:45:25]      • [Materi] M4 File → Deadline: -
[2026-07-25 09:45:29]      • [Materi] M5 File → Deadline: -
[2026-07-25 09:45:32]      • [Materi] M6 File → Deadline: -
[2026-07-25 09:45:36]      • [Materi] M7 File → Deadline: -
[2026-07-25 09:45:40]      • [Materi] VC-1 : Traffic dan Algoritma Kendali Kemacetan File → Deadline: -
[2026-07-25 09:45:43]      • [Materi] VC-1 : Traffic dan Algoritma Kendali Kemacetan File → Deadline: -
[2026-07-25 09:45:48]      • [Materi] Forum VC-1 : Traffic dan Algoritma Kendali Kemacetan → Deadline: -
[2026-07-25 09:45:52]      • [Quiz] Latihan Soal VC-1 : Traffic dan Algoritma Kendali Kemacetan → Deadline: Tidak diketahui
[2026-07-25 09:45:56]      • [Materi] VC-2 : Traffic dan Algoritma Kendali Kemacetan - Bagian 2 File → Deadline: -
[2026-07-25 09:45:59]      • [Materi] Forum VC-2 : Traffic dan Algoritma Kendali Kemacetan - Bagian 2 → Deadline: -
[2026-07-25 09:46:04]      • [Quiz] Latihan Soal VC-2 : Traffic dan Algoritma Kendali Kemacetan - Bagian 2 → Deadline: Tidak diketahui
[2026-07-25 09:46:07]      • [Materi] VC-3 : Lapisan Transport File → Deadline: -
[2026-07-25 09:46:11]      • [Materi] Forum VC-3 : Lapisan Transport → Deadline: -
[2026-07-25 09:46:15]      • [Quiz] Latihan Soal VC-3 : Lapisan Transport → Deadline: Tidak diketahui
[2026-07-25 09:46:20] 📚 Mengambil mata kuliah ID 108172 ...
[2026-07-25 09:46:20]   ➤ ATA 2025/2026 | 3KB01 | Internet of Things (IoT) | PURNAWARMAN MUSA
[2026-07-25 09:46:20]      • [Materi] Announcements Forum → Deadline: -
[2026-07-25 09:46:24]      • [Materi] M6 File → Deadline: -
[2026-07-25 09:46:28]      • [Quiz] Soal (Tugas Individu) → Deadline: Tidak diketahui
[2026-07-25 09:46:33]      • [Quiz] Soal (Tugas Individu) → Deadline: Tidak diketahui
[2026-07-25 09:46:38] 📚 Mengambil mata kuliah ID 109563 ...
[2026-07-25 09:46:38]   ➤ ATA 2025/2026 | 3KB01 | Sistem Tertanam (Embedded) * | RIDHA ISKANDAR
[2026-07-25 09:46:38]      • [Materi] Selamat Datang di V-Class Sistem Tertanam (Embedded) Forum → Deadline: -
[2026-07-25 09:46:42]      • [Assignment] File 1 → Deadline: Sunday, 26 April 2026, 12:00 AM
[2026-07-25 09:46:47] 📚 Mengambil mata kuliah ID 109970 ...
[2026-07-25 09:46:47]   ➤ ATA 2025/2026 | 2EB10 | Bahasa Indonesia | MELANIAWATI
[2026-07-25 09:46:47] 📚 Mengambil mata kuliah ID 107919 ...
[2026-07-25 09:46:48]   ➤ ATA 2025/2026 | 3KB01 | Sistem Cerdas Lanjut | NUR SULTAN SALAHUDDIN
[2026-07-25 09:46:48]      • [Materi] Announcements Forum → Deadline: -
[2026-07-25 09:46:52]      • [Assignment] Sistem Kesehatan Cerdas → Deadline: Thursday, 21 May 2026, 12:00 AM
[2026-07-25 09:46:56]      • [Quiz] Sistem Kesehatan Cerdas → Deadline: Tidak diketahui
[2026-07-25 09:47:00]      • [Assignment] Sistem Industri Cerdas → Deadline: Monday, 20 July 2026, 12:00 AM
[2026-07-25 09:47:05]      • [Quiz] Sistem Industri Cerdas → Deadline: Tidak diketahui
[2026-07-25 09:47:10] 📚 Mengambil mata kuliah ID 107291 ...
[2026-07-25 09:47:10]   ➤ ATA 2025/2026 | 3KB01 | Pengantarmukaan Perif.Komputer * | FARID THALIB
[2026-07-25 09:47:10]      • [Materi] Announcements Forum → Deadline: -
[2026-07-25 09:47:13] 📚 Mengambil mata kuliah ID 104438 ...
[2026-07-25 09:47:14]   ➤ ATA 2025/2026 | 3-FIKTI | Terapan Teori Graf | TEAM TEACHING
[2026-07-25 09:47:14]      • [Materi] PEMBERITAHUAN UTS SUSULAN File → Deadline: -
[2026-07-25 09:47:18]      • [Materi] PEMBERITAHUAN PELAKSANAAN TEAM TEACHING TERAPAN TEORI GRAF Forum → Deadline: -
[2026-07-25 09:47:22]      • [Materi] M1: Pendahuluan Teori Graf File → Deadline: -
[2026-07-25 09:47:26]      • [Materi] Video Literasi M1: Pendahuluan Teori Graf URL → Deadline: -
[2026-07-25 09:47:30]      • [Quiz] Kuis M1 [kelas PAGI] → Deadline: Tidak diketahui
[2026-07-25 09:47:35]      • [Quiz] Kuis M1 [kelas MALAM] → Deadline: Tidak diketahui
[2026-07-25 09:47:40]      • [Materi] M2: Graf Tidak Berarah dan Graf Berbobot File → Deadline: -
[2026-07-25 09:47:43]      • [Materi] Video Literasi M2 : Graf Tidak Berarah dan Graf Berbobot URL → Deadline: -
[2026-07-25 09:47:48]      • [Quiz] Kuis M2 [KELAS PAGI] : Graf Tidak Berarah dan Graf Berbobot → Deadline: Tidak diketahui
[2026-07-25 09:47:52]      • [Quiz] Kuis M2 [KELAS MALAM] : Graf Tidak Berarah dan Graf Berbobot → Deadline: Tidak diketahui
[2026-07-25 09:47:57]      • [Materi] M4 : Aplikasi Teori Graf di Teknik Elektro File → Deadline: -
[2026-07-25 09:48:01]      • [Materi] Video Literasi M4 : Aplikasi Teori Graf di Teknik Elektro URL → Deadline: -
[2026-07-25 09:48:05]      • [Quiz] Kuis M4 [KELAS PAGI]: Aplikasi Teori Graf di Teknik Elektro → Deadline: Tidak diketahui
[2026-07-25 09:48:10]      • [Quiz] Kuis M4 [KELAS MALAM]: Aplikasi Teori Graf di Teknik Elektro → Deadline: Tidak diketahui
[2026-07-25 09:48:14]      • [Materi] M5 : Knowledge Graph dan Database Graph File → Deadline: -
[2026-07-25 09:48:17]      • [Materi] Video Literasi  M5 : Knowledge Graph dan Database Graph URL → Deadline: -
[2026-07-25 09:48:23]      • [Quiz] Kuis M5 [KELAS PAGI] : nowledge Graph dan Database Graph → Deadline: Tidak diketahui
[2026-07-25 09:48:26]      • [Quiz] Kuis M5 [KELAS MALAM] : Knowledge Graph dan Database Graph → Deadline: Tidak diketahui
[2026-07-25 09:48:31]      • [Materi] M6 : Graf Berarah dan Implementasinya File → Deadline: -
[2026-07-25 09:48:35]      • [Materi] Video Literasi M6 : Graf Berarah dan Implementasinya URL → Deadline: -
[2026-07-25 09:48:39]      • [Quiz] Kuis M6 [KELAS PAGI] : Graf Berarah dan Implementasinya → Deadline: Tidak diketahui
[2026-07-25 09:48:42]      • [Quiz] Kuis M6 [KELAS MALAM] : Graf Berarah dan Implementasinya → Deadline: Tidak diketahui
[2026-07-25 09:48:47]      • [Materi] M8 : Penerapan Teori Graf di Bidang Teknik Sipil File → Deadline: -
[2026-07-25 09:48:52]      • [Materi] Video Literasi M8 : Penerapan Teori Graf di Bidang Teknik Sipil URL → Deadline: -
[2026-07-25 09:48:56]      • [Quiz] Kuis M8 [KELAS PAGI] : Penerapan Teori Graf di Bidang Teknik Sipil → Deadline: Tidak diketahui
[2026-07-25 09:48:59]      • [Quiz] Kuis M8 [KELAS MALAM] : Penerapan Teori Graf di Bidang Teknik Sipil → Deadline: Tidak diketahui
[2026-07-25 09:49:04]      • [Materi] M10 : Penerapan Teori Graf  di Bidang Teknik Industri File → Deadline: -
[2026-07-25 09:49:09]      • [Materi] Video Literasi M10 : Penerapan Teori Graf  di Bidang Teknik Industri URL → Deadline: -
[2026-07-25 09:49:14]      • [Quiz] Kuis M10 [kelas pagi] : Penerapan Teori Graf  di Bidang Teknik Industri → Deadline: Tidak diketahui
[2026-07-25 09:49:18]      • [Quiz] Kuis M10 [kelas malam]: Penerapan Teori Graf  di Bidang Teknik Industri → Deadline: Tidak diketahui
[2026-07-25 09:49:22]      • [Materi] M11 : Program Dinamis dan Permasalahan Tata Letak Fasilitas File → Deadline: -
[2026-07-25 09:49:25]      • [Materi] video literasi : Program Dinamis dan Permasalahan Tata Letak Fasilitas URL → Deadline: -
[2026-07-25 09:49:31]      • [Quiz] Kuis M11 [kelas PAGI]: Program Dinamis dan Permasalahan Tata Letak Fasilitas → Deadline: Tidak diketahui
[2026-07-25 09:49:35]      • [Quiz] Kuis M11 [kelas MALAM]: Program Dinamis dan Permasalahan Tata Letak Fasilitas → Deadline: Tidak diketahui
[2026-07-25 09:49:40]      • [Materi] M12: Algoritma Greedy pada Graf File → Deadline: -
[2026-07-25 09:49:44]      • [Materi] Video literasi M12: Algoritma Greedy pada Graf URL → Deadline: -
[2026-07-25 09:49:49]      • [Quiz] Kuis M12 [kelas PAGI] → Deadline: Tidak diketahui
[2026-07-25 09:49:53]      • [Quiz] Kuis M12 [kelas MALAM] → Deadline: Tidak diketahui
[2026-07-25 09:49:57]      • [Materi] M13 File → Deadline: -
[2026-07-25 09:50:01]      • [Materi] Video Literasi M13 : Graph Theory Implementation in Oil Mining Company URL → Deadline: -
[2026-07-25 09:50:06]      • [Quiz] Kuis M13 [PAGI]: Graph Theory Implementation in Oil Mining Company → Deadline: Tidak diketahui
[2026-07-25 09:50:11]      • [Quiz] Kuis M13 [MALAM]: Graph Theory Implementation in Oil Mining Company → Deadline: Tidak diketahui
[2026-07-25 09:50:15]      • [Materi] M14 : Aplikasi Graf Lengkap sebagai Graf Representasi untuk Model Optimasi Rute Kendaraan File → Deadline: -
[2026-07-25 09:50:20]      • [Materi] Video Literasi : Aplikasi Graf Lengkap sebagai Graf Representasi untuk Model Optimasi Rute Kendaraan URL → Deadline: -
[2026-07-25 09:50:24]      • [Quiz] Kuis M14 [PAGI]: Aplikasi Graf Lengkap sebagai Graf Representasi untuk Model Optimasi Rute Kendaraan → Deadline: Tidak diketahui
[2026-07-25 09:50:28]      • [Quiz] Kuis M14 [MALAM]: Aplikasi Graf Lengkap sebagai Graf Representasi untuk Model Optimasi Rute Kendaraan → Deadline: Tidak diketahui
[2026-07-25 09:50:32] 📚 Mengambil mata kuliah ID 104413 ...
[2026-07-25 09:50:32]   ➤ ATA 2025/2026 | 3-FIKTI | Praktikum Terapan Teori Graf
[2026-07-25 09:50:32]      • [Materi] Panduan Praktikum  Forum → Deadline: -
[2026-07-25 09:50:36]      • [Materi] Panduan Google Collaboratory URL → Deadline: -
[2026-07-25 09:50:41]      • [Materi] Panduan Instalasi Anaconda URL → Deadline: -
[2026-07-25 09:50:45]      • [Quiz] Pre-Test (M1) → Deadline: Tidak diketahui
[2026-07-25 09:50:50]      • [Materi] 1.1  Pengantar: Teori Graf URL → Deadline: -
[2026-07-25 09:50:54]      • [Materi] 1.2  Sesi Hands-on Praktikum URL → Deadline: -
[2026-07-25 09:50:58]      • [Materi] 1.3 Tutorial Menambahkan File pada Mesin DGX URL → Deadline: -
[2026-07-25 09:51:03]      • [Quiz] Post-Test (M1) → Deadline: Tidak diketahui
[2026-07-25 09:51:08]      • [Assignment] Pengumpulan Tugas (M1) → Deadline: Saturday, 7 March 2026, 11:59 PM
[2026-07-25 09:51:11]      • [Quiz] Pre-Test (M2) → Deadline: Tidak diketahui
[2026-07-25 09:51:15]      • [Materi] 2.1  Pengantar: Berbagai Pemecahan Masalah Menggunakan Teori Graf Page → Deadline: -
[2026-07-25 09:51:20]      • [Quiz] Post-Test (M2) → Deadline: Tidak diketahui
[2026-07-25 09:51:24]      • [Assignment] Pengumpulan Tugas (M2) → Deadline: Saturday, 14 March 2026, 11:59 PM
[2026-07-25 09:51:27]      • [Quiz] Pre-Test (M4) → Deadline: Tidak diketahui
[2026-07-25 09:51:31]      • [Materi] 4.1  Pengantar: Breadth First Search URL → Deadline: -
[2026-07-25 09:51:36]      • [Materi] Sesi Praktikum File → Deadline: -
[2026-07-25 09:51:40]      • [Materi] Video Tutorial: Mendownload File IPYNB di Virtual Class URL → Deadline: -
[2026-07-25 09:51:44]      • [Quiz] Post-Test (M4) → Deadline: Tidak diketahui
[2026-07-25 09:51:49]      • [Assignment] Laporan Akhir (M4) → Deadline: Saturday, 11 April 2026, 11:59 PM
[2026-07-25 09:51:54]      • [Quiz] Pre-Test (M5) → Deadline: Tidak diketahui
[2026-07-25 09:51:58]      • [Materi] Sesi Praktikum URL → Deadline: -
[2026-07-25 09:52:02]      • [Quiz] Post-Test (M5) → Deadline: Tidak diketahui
[2026-07-25 09:52:08]      • [Assignment] Laporan Akhir (M5) → Deadline: Saturday, 18 April 2026, 11:59 PM
[2026-07-25 09:52:11]      • [Quiz] Pre-Test (M6) → Deadline: Tidak diketahui
[2026-07-25 09:52:16]      • [Materi] 6.1  Pendahuluan: Algoritma Dasar Tree URL → Deadline: -
[2026-07-25 09:52:20]      • [Materi] Sesi Praktikum File → Deadline: -
[2026-07-25 09:52:26]      • [Quiz] Post-Test (M6) → Deadline: Tidak diketahui
[2026-07-25 09:52:30]      • [Assignment] Laporan Akhir (M6) → Deadline: Saturday, 25 April 2026, 11:59 PM
[2026-07-25 09:52:34]      • [Quiz] Pre-Test (M8) → Deadline: Tidak diketahui
[2026-07-25 09:52:39]      • [Materi] 8.1  Pendahuluan: Implementasi Graph URL → Deadline: -
[2026-07-25 09:52:43]      • [Materi] Link File Praktikum I - family.pl → Deadline: -
[2026-07-25 09:52:48]      • [Materi] Link File Praktikum II - 8-puzzles.ipynb → Deadline: -
[2026-07-25 09:52:51]      • [Materi] Video Tutorial: Mendownload File IPYNB di Virtual Class URL → Deadline: -
[2026-07-25 09:52:56]      • [Quiz] Post-Test (M8) → Deadline: Tidak diketahui
[2026-07-25 09:53:00]      • [Assignment] Laporan Akhir (M8) → Deadline: Saturday, 9 May 2026, 11:59 PM
[2026-07-25 09:53:05]      • [Quiz] Pre-Test (M9) → Deadline: Tidak diketahui
[2026-07-25 09:53:09]      • [Materi] Sesi Hands-on Praktikum URL → Deadline: -
[2026-07-25 09:53:13]      • [Quiz] Post-Test (M9) → Deadline: Tidak diketahui
[2026-07-25 09:53:17]      • [Assignment] Pengumpulan Tugas (M9) → Deadline: Saturday, 16 May 2026, 11:59 PM
[2026-07-25 09:53:21]      • [Quiz] Pre-Test (M3) → Deadline: Tidak diketahui
[2026-07-25 09:53:26]      • [Materi] Sesi Praktikum URL → Deadline: -
[2026-07-25 09:53:30]      • [Materi] Video Tutorial: Menambahkan File pada Mesin DGX URL → Deadline: -
[2026-07-25 09:53:34]      • [Quiz] Post-Test (M3) → Deadline: Tidak diketahui
[2026-07-25 09:53:38]      • [Assignment] Pengumpulan Tugas (M3) → Deadline: Saturday, 23 May 2026, 11:59 PM
[2026-07-25 09:53:42]      • [Quiz] Pre-Test (M7) → Deadline: Tidak diketahui
[2026-07-25 09:53:46]      • [Materi] Link File Praktikum I - 3-Tekrek-Find-Center.ipynb → Deadline: -
[2026-07-25 09:53:50]      • [Materi] Link File Praktikum II - 3-Tekrek-Sortest-Path.ipynb → Deadline: -
[2026-07-25 09:53:55]      • [Materi] Video Tutorial: Mendownload File IPYNB di Virtual Class URL → Deadline: -
[2026-07-25 09:53:58]      • [Quiz] Post-Test (M7) → Deadline: Tidak diketahui
[2026-07-25 09:54:02]      • [Assignment] Laporan Akhir (M7) → Deadline: Saturday, 23 May 2026, 11:59 PM
[2026-07-25 09:54:06] 📦 Total tugas ditemukan: 126
[2026-07-25 09:54:06] 💾 Disimpan ke python/node/tugas.json
[2026-07-25 18:00:06] 🔐 Login ke V-Class...
[2026-07-25 18:00:07] ✅ Login berhasil
[2026-07-25 18:00:07] 📚 Mengambil mata kuliah ID 108486 ...
[2026-07-25 18:00:07]   ➤ ATA 2025/2026 | 3KB01 | Jaringan Komputer Lanjut | VIVIEN NOVA FITHRIANA
[2026-07-25 18:00:07]      • [Materi] Announcements Forum → Deadline: -
[2026-07-25 18:00:11]      • [Materi] M1 File → Deadline: -
[2026-07-25 18:00:15]      • [Materi] M2 File → Deadline: -
[2026-07-25 18:00:20]      • [Materi] M3 File → Deadline: -
[2026-07-25 18:00:25]      • [Materi] M4 File → Deadline: -
[2026-07-25 18:00:29]      • [Materi] M5 File → Deadline: -
[2026-07-25 18:00:34]      • [Materi] M6 File → Deadline: -
[2026-07-25 18:00:37]      • [Materi] M7 File → Deadline: -
[2026-07-25 18:00:42]      • [Materi] VC-1 : Traffic dan Algoritma Kendali Kemacetan File → Deadline: -
[2026-07-25 18:00:46]      • [Materi] VC-1 : Traffic dan Algoritma Kendali Kemacetan File → Deadline: -
[2026-07-25 18:00:49]      • [Materi] Forum VC-1 : Traffic dan Algoritma Kendali Kemacetan → Deadline: -
[2026-07-25 18:00:54]      • [Quiz] Latihan Soal VC-1 : Traffic dan Algoritma Kendali Kemacetan → Deadline: Tidak diketahui
[2026-07-25 18:00:58]      • [Materi] VC-2 : Traffic dan Algoritma Kendali Kemacetan - Bagian 2 File → Deadline: -
[2026-07-25 18:01:01]      • [Materi] Forum VC-2 : Traffic dan Algoritma Kendali Kemacetan - Bagian 2 → Deadline: -
[2026-07-25 18:01:05]      • [Quiz] Latihan Soal VC-2 : Traffic dan Algoritma Kendali Kemacetan - Bagian 2 → Deadline: Tidak diketahui
[2026-07-25 18:01:10]      • [Materi] VC-3 : Lapisan Transport File → Deadline: -
[2026-07-25 18:01:13]      • [Materi] Forum VC-3 : Lapisan Transport → Deadline: -
[2026-07-25 18:01:18]      • [Quiz] Latihan Soal VC-3 : Lapisan Transport → Deadline: Tidak diketahui
[2026-07-25 18:01:22] 📚 Mengambil mata kuliah ID 108172 ...
[2026-07-25 18:01:22]   ➤ ATA 2025/2026 | 3KB01 | Internet of Things (IoT) | PURNAWARMAN MUSA
[2026-07-25 18:01:22]      • [Materi] Announcements Forum → Deadline: -
[2026-07-25 18:01:26]      • [Materi] M6 File → Deadline: -
[2026-07-25 18:01:30]      • [Quiz] Soal (Tugas Individu) → Deadline: Tidak diketahui
[2026-07-25 18:01:35]      • [Quiz] Soal (Tugas Individu) → Deadline: Tidak diketahui
[2026-07-25 18:01:39] 📚 Mengambil mata kuliah ID 109563 ...
[2026-07-25 18:01:39]   ➤ ATA 2025/2026 | 3KB01 | Sistem Tertanam (Embedded) * | RIDHA ISKANDAR
[2026-07-25 18:01:39]      • [Materi] Selamat Datang di V-Class Sistem Tertanam (Embedded) Forum → Deadline: -
[2026-07-25 18:01:43]      • [Assignment] File 1 → Deadline: Sunday, 26 April 2026, 12:00 AM
[2026-07-25 18:01:47] 📚 Mengambil mata kuliah ID 109970 ...
[2026-07-25 18:01:47]   ➤ ATA 2025/2026 | 2EB10 | Bahasa Indonesia | MELANIAWATI
[2026-07-25 18:01:47] 📚 Mengambil mata kuliah ID 107919 ...
[2026-07-25 18:01:47]   ➤ ATA 2025/2026 | 3KB01 | Sistem Cerdas Lanjut | NUR SULTAN SALAHUDDIN
[2026-07-25 18:01:47]      • [Materi] Announcements Forum → Deadline: -
[2026-07-25 18:01:51]      • [Assignment] Sistem Kesehatan Cerdas → Deadline: Thursday, 21 May 2026, 12:00 AM
[2026-07-25 18:01:56]      • [Quiz] Sistem Kesehatan Cerdas → Deadline: Tidak diketahui
[2026-07-25 18:02:00]      • [Assignment] Sistem Industri Cerdas → Deadline: Monday, 20 July 2026, 12:00 AM
[2026-07-25 18:02:04]      • [Quiz] Sistem Industri Cerdas → Deadline: Tidak diketahui
[2026-07-25 18:02:08] 📚 Mengambil mata kuliah ID 107291 ...
[2026-07-25 18:02:08]   ➤ ATA 2025/2026 | 3KB01 | Pengantarmukaan Perif.Komputer * | FARID THALIB
[2026-07-25 18:02:08]      • [Materi] Announcements Forum → Deadline: -
[2026-07-25 18:02:12] 📚 Mengambil mata kuliah ID 104438 ...
[2026-07-25 18:02:13]   ➤ ATA 2025/2026 | 3-FIKTI | Terapan Teori Graf | TEAM TEACHING
[2026-07-25 18:02:13]      • [Materi] PEMBERITAHUAN UTS SUSULAN File → Deadline: -
[2026-07-25 18:02:17]      • [Materi] PEMBERITAHUAN PELAKSANAAN TEAM TEACHING TERAPAN TEORI GRAF Forum → Deadline: -
[2026-07-25 18:02:21]      • [Materi] M1: Pendahuluan Teori Graf File → Deadline: -
[2026-07-25 18:02:26]      • [Materi] Video Literasi M1: Pendahuluan Teori Graf URL → Deadline: -
[2026-07-25 18:02:30]      • [Quiz] Kuis M1 [kelas PAGI] → Deadline: Tidak diketahui
[2026-07-25 18:02:36]      • [Quiz] Kuis M1 [kelas MALAM] → Deadline: Tidak diketahui
[2026-07-25 18:02:40]      • [Materi] M2: Graf Tidak Berarah dan Graf Berbobot File → Deadline: -
[2026-07-25 18:02:43]      • [Materi] Video Literasi M2 : Graf Tidak Berarah dan Graf Berbobot URL → Deadline: -
[2026-07-25 18:02:48]      • [Quiz] Kuis M2 [KELAS PAGI] : Graf Tidak Berarah dan Graf Berbobot → Deadline: Tidak diketahui
[2026-07-25 18:02:53]      • [Quiz] Kuis M2 [KELAS MALAM] : Graf Tidak Berarah dan Graf Berbobot → Deadline: Tidak diketahui
[2026-07-25 18:02:56]      • [Materi] M4 : Aplikasi Teori Graf di Teknik Elektro File → Deadline: -
[2026-07-25 18:03:00]      • [Materi] Video Literasi M4 : Aplikasi Teori Graf di Teknik Elektro URL → Deadline: -
[2026-07-25 18:03:04]      • [Quiz] Kuis M4 [KELAS PAGI]: Aplikasi Teori Graf di Teknik Elektro → Deadline: Tidak diketahui
[2026-07-25 18:03:09]      • [Quiz] Kuis M4 [KELAS MALAM]: Aplikasi Teori Graf di Teknik Elektro → Deadline: Tidak diketahui
[2026-07-25 18:03:13]      • [Materi] M5 : Knowledge Graph dan Database Graph File → Deadline: -
[2026-07-25 18:03:17]      • [Materi] Video Literasi  M5 : Knowledge Graph dan Database Graph URL → Deadline: -
[2026-07-25 18:03:21]      • [Quiz] Kuis M5 [KELAS PAGI] : nowledge Graph dan Database Graph → Deadline: Tidak diketahui
[2026-07-25 18:03:24]      • [Quiz] Kuis M5 [KELAS MALAM] : Knowledge Graph dan Database Graph → Deadline: Tidak diketahui
[2026-07-25 18:03:29]      • [Materi] M6 : Graf Berarah dan Implementasinya File → Deadline: -
[2026-07-25 18:03:34]      • [Materi] Video Literasi M6 : Graf Berarah dan Implementasinya URL → Deadline: -
[2026-07-25 18:03:38]      • [Quiz] Kuis M6 [KELAS PAGI] : Graf Berarah dan Implementasinya → Deadline: Tidak diketahui
[2026-07-25 18:03:42]      • [Quiz] Kuis M6 [KELAS MALAM] : Graf Berarah dan Implementasinya → Deadline: Tidak diketahui
[2026-07-25 18:03:46]      • [Materi] M8 : Penerapan Teori Graf di Bidang Teknik Sipil File → Deadline: -
[2026-07-25 18:03:50]      • [Materi] Video Literasi M8 : Penerapan Teori Graf di Bidang Teknik Sipil URL → Deadline: -
[2026-07-25 18:03:56]      • [Quiz] Kuis M8 [KELAS PAGI] : Penerapan Teori Graf di Bidang Teknik Sipil → Deadline: Tidak diketahui
[2026-07-25 18:04:00]      • [Quiz] Kuis M8 [KELAS MALAM] : Penerapan Teori Graf di Bidang Teknik Sipil → Deadline: Tidak diketahui
[2026-07-25 18:04:04]      • [Materi] M10 : Penerapan Teori Graf  di Bidang Teknik Industri File → Deadline: -
[2026-07-25 18:04:08]      • [Materi] Video Literasi M10 : Penerapan Teori Graf  di Bidang Teknik Industri URL → Deadline: -
[2026-07-25 18:04:13]      • [Quiz] Kuis M10 [kelas pagi] : Penerapan Teori Graf  di Bidang Teknik Industri → Deadline: Tidak diketahui
[2026-07-25 18:04:18]      • [Quiz] Kuis M10 [kelas malam]: Penerapan Teori Graf  di Bidang Teknik Industri → Deadline: Tidak diketahui
[2026-07-25 18:04:22]      • [Materi] M11 : Program Dinamis dan Permasalahan Tata Letak Fasilitas File → Deadline: -
[2026-07-25 18:04:27]      • [Materi] video literasi : Program Dinamis dan Permasalahan Tata Letak Fasilitas URL → Deadline: -
[2026-07-25 18:04:30]      • [Quiz] Kuis M11 [kelas PAGI]: Program Dinamis dan Permasalahan Tata Letak Fasilitas → Deadline: Tidak diketahui
[2026-07-25 18:04:34]      • [Quiz] Kuis M11 [kelas MALAM]: Program Dinamis dan Permasalahan Tata Letak Fasilitas → Deadline: Tidak diketahui
[2026-07-25 18:04:39]      • [Materi] M12: Algoritma Greedy pada Graf File → Deadline: -
[2026-07-25 18:04:43]      • [Materi] Video literasi M12: Algoritma Greedy pada Graf URL → Deadline: -
[2026-07-25 18:04:47]      • [Quiz] Kuis M12 [kelas PAGI] → Deadline: Tidak diketahui
[2026-07-25 18:04:51]      • [Quiz] Kuis M12 [kelas MALAM] → Deadline: Tidak diketahui
[2026-07-25 18:04:56]      • [Materi] M13 File → Deadline: -
[2026-07-25 18:05:00]      • [Materi] Video Literasi M13 : Graph Theory Implementation in Oil Mining Company URL → Deadline: -
[2026-07-25 18:05:04]      • [Quiz] Kuis M13 [PAGI]: Graph Theory Implementation in Oil Mining Company → Deadline: Tidak diketahui
[2026-07-25 18:05:09]      • [Quiz] Kuis M13 [MALAM]: Graph Theory Implementation in Oil Mining Company → Deadline: Tidak diketahui
[2026-07-25 18:05:13]      • [Materi] M14 : Aplikasi Graf Lengkap sebagai Graf Representasi untuk Model Optimasi Rute Kendaraan File → Deadline: -
[2026-07-25 18:05:16]      • [Materi] Video Literasi : Aplikasi Graf Lengkap sebagai Graf Representasi untuk Model Optimasi Rute Kendaraan URL → Deadline: -
[2026-07-25 18:05:21]      • [Quiz] Kuis M14 [PAGI]: Aplikasi Graf Lengkap sebagai Graf Representasi untuk Model Optimasi Rute Kendaraan → Deadline: Tidak diketahui
[2026-07-25 18:05:26]      • [Quiz] Kuis M14 [MALAM]: Aplikasi Graf Lengkap sebagai Graf Representasi untuk Model Optimasi Rute Kendaraan → Deadline: Tidak diketahui
[2026-07-25 18:05:30] 📚 Mengambil mata kuliah ID 104413 ...
[2026-07-25 18:05:30]   ➤ ATA 2025/2026 | 3-FIKTI | Praktikum Terapan Teori Graf
[2026-07-25 18:05:30]      • [Materi] Panduan Praktikum  Forum → Deadline: -
[2026-07-25 18:05:34]      • [Materi] Panduan Google Collaboratory URL → Deadline: -
[2026-07-25 18:05:38]      • [Materi] Panduan Instalasi Anaconda URL → Deadline: -
[2026-07-25 18:05:43]      • [Quiz] Pre-Test (M1) → Deadline: Tidak diketahui
[2026-07-25 18:05:47]      • [Materi] 1.1  Pengantar: Teori Graf URL → Deadline: -
[2026-07-25 18:05:51]      • [Materi] 1.2  Sesi Hands-on Praktikum URL → Deadline: -
[2026-07-25 18:05:55]      • [Materi] 1.3 Tutorial Menambahkan File pada Mesin DGX URL → Deadline: -
[2026-07-25 18:06:00]      • [Quiz] Post-Test (M1) → Deadline: Tidak diketahui
[2026-07-25 18:06:04]      • [Assignment] Pengumpulan Tugas (M1) → Deadline: Saturday, 7 March 2026, 11:59 PM
[2026-07-25 18:06:09]      • [Quiz] Pre-Test (M2) → Deadline: Tidak diketahui
[2026-07-25 18:06:14]      • [Materi] 2.1  Pengantar: Berbagai Pemecahan Masalah Menggunakan Teori Graf Page → Deadline: -
[2026-07-25 18:06:18]      • [Quiz] Post-Test (M2) → Deadline: Tidak diketahui
[2026-07-25 18:06:22]      • [Assignment] Pengumpulan Tugas (M2) → Deadline: Saturday, 14 March 2026, 11:59 PM
[2026-07-25 18:06:26]      • [Quiz] Pre-Test (M4) → Deadline: Tidak diketahui
[2026-07-25 18:06:31]      • [Materi] 4.1  Pengantar: Breadth First Search URL → Deadline: -
[2026-07-25 18:06:35]      • [Materi] Sesi Praktikum File → Deadline: -
[2026-07-25 18:06:39]      • [Materi] Video Tutorial: Mendownload File IPYNB di Virtual Class URL → Deadline: -
[2026-07-25 18:06:43]      • [Quiz] Post-Test (M4) → Deadline: Tidak diketahui
[2026-07-25 18:06:47]      • [Assignment] Laporan Akhir (M4) → Deadline: Saturday, 11 April 2026, 11:59 PM
[2026-07-25 18:06:52]      • [Quiz] Pre-Test (M5) → Deadline: Tidak diketahui
[2026-07-25 18:06:57]      • [Materi] Sesi Praktikum URL → Deadline: -
[2026-07-25 18:07:02]      • [Quiz] Post-Test (M5) → Deadline: Tidak diketahui
[2026-07-25 18:07:06]      • [Assignment] Laporan Akhir (M5) → Deadline: Saturday, 18 April 2026, 11:59 PM
[2026-07-25 18:07:10]      • [Quiz] Pre-Test (M6) → Deadline: Tidak diketahui
[2026-07-25 18:07:14]      • [Materi] 6.1  Pendahuluan: Algoritma Dasar Tree URL → Deadline: -
[2026-07-25 18:07:18]      • [Materi] Sesi Praktikum File → Deadline: -
[2026-07-25 18:07:23]      • [Quiz] Post-Test (M6) → Deadline: Tidak diketahui
[2026-07-25 18:07:27]      • [Assignment] Laporan Akhir (M6) → Deadline: Saturday, 25 April 2026, 11:59 PM
[2026-07-25 18:07:31]      • [Quiz] Pre-Test (M8) → Deadline: Tidak diketahui
[2026-07-25 18:07:36]      • [Materi] 8.1  Pendahuluan: Implementasi Graph URL → Deadline: -
[2026-07-25 18:07:40]      • [Materi] Link File Praktikum I - family.pl → Deadline: -
[2026-07-25 18:07:44]      • [Materi] Link File Praktikum II - 8-puzzles.ipynb → Deadline: -
[2026-07-25 18:07:48]      • [Materi] Video Tutorial: Mendownload File IPYNB di Virtual Class URL → Deadline: -
[2026-07-25 18:07:52]      • [Quiz] Post-Test (M8) → Deadline: Tidak diketahui
[2026-07-25 18:07:57]      • [Assignment] Laporan Akhir (M8) → Deadline: Saturday, 9 May 2026, 11:59 PM
[2026-07-25 18:08:01]      • [Quiz] Pre-Test (M9) → Deadline: Tidak diketahui
[2026-07-25 18:08:05]      • [Materi] Sesi Hands-on Praktikum URL → Deadline: -
[2026-07-25 18:08:10]      • [Quiz] Post-Test (M9) → Deadline: Tidak diketahui
[2026-07-25 18:08:15]      • [Assignment] Pengumpulan Tugas (M9) → Deadline: Saturday, 16 May 2026, 11:59 PM
[2026-07-25 18:08:19]      • [Quiz] Pre-Test (M3) → Deadline: Tidak diketahui
[2026-07-25 18:08:23]      • [Materi] Sesi Praktikum URL → Deadline: -
[2026-07-25 18:08:27]      • [Materi] Video Tutorial: Menambahkan File pada Mesin DGX URL → Deadline: -
[2026-07-25 18:08:32]      • [Quiz] Post-Test (M3) → Deadline: Tidak diketahui
[2026-07-25 18:08:36]      • [Assignment] Pengumpulan Tugas (M3) → Deadline: Saturday, 23 May 2026, 11:59 PM
[2026-07-25 18:08:41]      • [Quiz] Pre-Test (M7) → Deadline: Tidak diketahui
[2026-07-25 18:08:44]      • [Materi] Link File Praktikum I - 3-Tekrek-Find-Center.ipynb → Deadline: -
[2026-07-25 18:08:49]      • [Materi] Link File Praktikum II - 3-Tekrek-Sortest-Path.ipynb → Deadline: -
[2026-07-25 18:08:54]      • [Materi] Video Tutorial: Mendownload File IPYNB di Virtual Class URL → Deadline: -
[2026-07-25 18:08:58]      • [Quiz] Post-Test (M7) → Deadline: Tidak diketahui
[2026-07-25 18:09:02]      • [Assignment] Laporan Akhir (M7) → Deadline: Saturday, 23 May 2026, 11:59 PM
[2026-07-25 18:09:07] 📦 Total tugas ditemukan: 126
[2026-07-25 18:09:07] 💾 Disimpan ke python/node/tugas.json
