[2026-06-21 09:45:14] 🔐 Login ke V-Class...
[2026-06-21 09:45:15] ✅ Login berhasil
[2026-06-21 09:45:15] 📚 Mengambil mata kuliah ID 108486 ...
[2026-06-21 09:45:15]   ➤ ATA 2025/2026 | 3KB01 | Jaringan Komputer Lanjut | VIVIEN NOVA FITHRIANA
[2026-06-21 09:45:15]      • [Materi] Announcements Forum → Deadline: -
[2026-06-21 09:45:18]      • [Materi] M1 File → Deadline: -
[2026-06-21 09:45:23]      • [Materi] M2 File → Deadline: -
[2026-06-21 09:45:27]      • [Materi] M3 File → Deadline: -
[2026-06-21 09:45:32]      • [Materi] M4 File → Deadline: -
[2026-06-21 09:45:37]      • [Materi] M5 File → Deadline: -
[2026-06-21 09:45:42]      • [Materi] M6 File → Deadline: -
[2026-06-21 09:45:47]      • [Materi] M7 File → Deadline: -
[2026-06-21 09:45:52]      • [Materi] VC-1 : Traffic dan Algoritma Kendali Kemacetan File → Deadline: -
[2026-06-21 09:45:55]      • [Materi] VC-1 : Traffic dan Algoritma Kendali Kemacetan File → Deadline: -
[2026-06-21 09:45:59]      • [Materi] Forum VC-1 : Traffic dan Algoritma Kendali Kemacetan → Deadline: -
[2026-06-21 09:46:03]      • [Quiz] Latihan Soal VC-1 : Traffic dan Algoritma Kendali Kemacetan → Deadline: Tidak diketahui
[2026-06-21 09:46:08]      • [Materi] VC-2 : Traffic dan Algoritma Kendali Kemacetan - Bagian 2 File → Deadline: -
[2026-06-21 09:46:12]      • [Materi] Forum VC-2 : Traffic dan Algoritma Kendali Kemacetan - Bagian 2 → Deadline: -
[2026-06-21 09:46:17]      • [Quiz] Latihan Soal VC-2 : Traffic dan Algoritma Kendali Kemacetan - Bagian 2 → Deadline: Tidak diketahui
[2026-06-21 09:46:21]      • [Materi] VC-3 : Lapisan Transport File → Deadline: -
[2026-06-21 09:46:24]      • [Materi] Forum VC-3 : Lapisan Transport → Deadline: -
[2026-06-21 09:46:29]      • [Quiz] Latihan Soal VC-3 : Lapisan Transport → Deadline: Wednesday, 15 July 2026, 11:59 PM
[2026-06-21 09:46:33] 📚 Mengambil mata kuliah ID 108172 ...
[2026-06-21 09:46:33]   ➤ ATA 2025/2026 | 3KB01 | Internet of Things (IoT) | PURNAWARMAN MUSA
[2026-06-21 09:46:33]      • [Materi] Announcements Forum → Deadline: -
[2026-06-21 09:46:38]      • [Materi] M6 File → Deadline: -
[2026-06-21 09:46:42]      • [Quiz] Soal (Tugas Individu) → Deadline: Tidak diketahui
[2026-06-21 09:46:47]      • [Quiz] Soal (Tugas Individu) → Deadline: Tidak diketahui
[2026-06-21 09:46:51] 📚 Mengambil mata kuliah ID 109563 ...
[2026-06-21 09:46:51]   ➤ ATA 2025/2026 | 3KB01 | Sistem Tertanam (Embedded) * | RIDHA ISKANDAR
[2026-06-21 09:46:51]      • [Materi] Selamat Datang di V-Class Sistem Tertanam (Embedded) Forum → Deadline: -
[2026-06-21 09:46:56]      • [Assignment] File 1 → Deadline: Sunday, 26 April 2026, 12:00 AM
[2026-06-21 09:47:00] 📚 Mengambil mata kuliah ID 109970 ...
[2026-06-21 09:47:00]   ➤ ATA 2025/2026 | 2EB10 | Bahasa Indonesia | MELANIAWATI
[2026-06-21 09:47:00] 📚 Mengambil mata kuliah ID 107919 ...
[2026-06-21 09:47:00]   ➤ ATA 2025/2026 | 3KB01 | Sistem Cerdas Lanjut | NUR SULTAN SALAHUDDIN
[2026-06-21 09:47:00]      • [Materi] Announcements Forum → Deadline: -
[2026-06-21 09:47:04]      • [Assignment] Sistem Kesehatan Cerdas → Deadline: Thursday, 21 May 2026, 12:00 AM
[2026-06-21 09:47:08]      • [Quiz] Sistem Kesehatan Cerdas → Deadline: Tidak diketahui
[2026-06-21 09:47:11] 📚 Mengambil mata kuliah ID 107291 ...
[2026-06-21 09:47:12]   ➤ ATA 2025/2026 | 3KB01 | Pengantarmukaan Perif.Komputer * | FARID THALIB
[2026-06-21 09:47:12]      • [Materi] Announcements Forum → Deadline: -
[2026-06-21 09:47:16] 📚 Mengambil mata kuliah ID 104438 ...
[2026-06-21 09:47:16]   ➤ ATA 2025/2026 | 3-FIKTI | Terapan Teori Graf | TEAM TEACHING
[2026-06-21 09:47:16]      • [Materi] PEMBERITAHUAN UTS SUSULAN File → Deadline: -
[2026-06-21 09:47:20]      • [Materi] PEMBERITAHUAN PELAKSANAAN TEAM TEACHING TERAPAN TEORI GRAF Forum → Deadline: -
[2026-06-21 09:47:25]      • [Materi] M1: Pendahuluan Teori Graf File → Deadline: -
[2026-06-21 09:47:29]      • [Materi] Video Literasi M1: Pendahuluan Teori Graf URL → Deadline: -
[2026-06-21 09:47:34]      • [Quiz] Kuis M1 [kelas PAGI] → Deadline: Tidak diketahui
[2026-06-21 09:47:38]      • [Quiz] Kuis M1 [kelas MALAM] → Deadline: Tidak diketahui
[2026-06-21 09:47:42]      • [Materi] M2: Graf Tidak Berarah dan Graf Berbobot File → Deadline: -
[2026-06-21 09:47:46]      • [Materi] Video Literasi M2 : Graf Tidak Berarah dan Graf Berbobot URL → Deadline: -
[2026-06-21 09:47:50]      • [Quiz] Kuis M2 [KELAS PAGI] : Graf Tidak Berarah dan Graf Berbobot → Deadline: Tidak diketahui
[2026-06-21 09:47:54]      • [Quiz] Kuis M2 [KELAS MALAM] : Graf Tidak Berarah dan Graf Berbobot → Deadline: Tidak diketahui
[2026-06-21 09:47:59]      • [Materi] M4 : Aplikasi Teori Graf di Teknik Elektro File → Deadline: -
[2026-06-21 09:48:03]      • [Materi] Video Literasi M4 : Aplikasi Teori Graf di Teknik Elektro URL → Deadline: -
[2026-06-21 09:48:08]      • [Quiz] Kuis M4 [KELAS PAGI]: Aplikasi Teori Graf di Teknik Elektro → Deadline: Tidak diketahui
[2026-06-21 09:48:12]      • [Quiz] Kuis M4 [KELAS MALAM]: Aplikasi Teori Graf di Teknik Elektro → Deadline: Tidak diketahui
[2026-06-21 09:48:16]      • [Materi] M5 : Knowledge Graph dan Database Graph File → Deadline: -
[2026-06-21 09:48:20]      • [Materi] Video Literasi  M5 : Knowledge Graph dan Database Graph URL → Deadline: -
[2026-06-21 09:48:23]      • [Quiz] Kuis M5 [KELAS PAGI] : nowledge Graph dan Database Graph → Deadline: Tidak diketahui
[2026-06-21 09:48:28]      • [Quiz] Kuis M5 [KELAS MALAM] : Knowledge Graph dan Database Graph → Deadline: Tidak diketahui
[2026-06-21 09:48:32]      • [Materi] M6 : Graf Berarah dan Implementasinya File → Deadline: -
[2026-06-21 09:48:36]      • [Materi] Video Literasi M6 : Graf Berarah dan Implementasinya URL → Deadline: -
[2026-06-21 09:48:40]      • [Quiz] Kuis M6 [KELAS PAGI] : Graf Berarah dan Implementasinya → Deadline: Tidak diketahui
[2026-06-21 09:48:45]      • [Quiz] Kuis M6 [KELAS MALAM] : Graf Berarah dan Implementasinya → Deadline: Tidak diketahui
[2026-06-21 09:48:50]      • [Materi] M8 : Penerapan Teori Graf di Bidang Teknik Sipil File → Deadline: -
[2026-06-21 09:48:54]      • [Materi] Video Literasi M8 : Penerapan Teori Graf di Bidang Teknik Sipil URL → Deadline: -
[2026-06-21 09:48:58]      • [Quiz] Kuis M8 [KELAS PAGI] : Penerapan Teori Graf di Bidang Teknik Sipil → Deadline: Tidak diketahui
[2026-06-21 09:49:03]      • [Quiz] Kuis M8 [KELAS MALAM] : Penerapan Teori Graf di Bidang Teknik Sipil → Deadline: Tidak diketahui
[2026-06-21 09:49:07]      • [Materi] M10 : Penerapan Teori Graf  di Bidang Teknik Industri File → Deadline: -
[2026-06-21 09:49:10]      • [Materi] Video Literasi M10 : Penerapan Teori Graf  di Bidang Teknik Industri URL → Deadline: -
[2026-06-21 09:49:16]      • [Quiz] Kuis M10 [kelas pagi] : Penerapan Teori Graf  di Bidang Teknik Industri → Deadline: Tidak diketahui
[2026-06-21 09:49:20]      • [Quiz] Kuis M10 [kelas malam]: Penerapan Teori Graf  di Bidang Teknik Industri → Deadline: Tidak diketahui
[2026-06-21 09:49:24] 📚 Mengambil mata kuliah ID 104413 ...
[2026-06-21 09:49:24]   ➤ ATA 2025/2026 | 3-FIKTI | Praktikum Terapan Teori Graf
[2026-06-21 09:49:24]      • [Materi] Panduan Praktikum  Forum → Deadline: -
[2026-06-21 09:49:28]      • [Materi] Panduan Google Collaboratory URL → Deadline: -
[2026-06-21 09:49:33]      • [Materi] Panduan Instalasi Anaconda URL → Deadline: -
[2026-06-21 09:49:37]      • [Quiz] Pre-Test (M1) → Deadline: Tidak diketahui
[2026-06-21 09:49:41]      • [Materi] 1.1  Pengantar: Teori Graf URL → Deadline: -
[2026-06-21 09:49:45]      • [Materi] 1.2  Sesi Hands-on Praktikum URL → Deadline: -
[2026-06-21 09:49:49]      • [Materi] 1.3 Tutorial Menambahkan File pada Mesin DGX URL → Deadline: -
[2026-06-21 09:49:53]      • [Quiz] Post-Test (M1) → Deadline: Tidak diketahui
[2026-06-21 09:49:58]      • [Assignment] Pengumpulan Tugas (M1) → Deadline: Saturday, 7 March 2026, 11:59 PM
[2026-06-21 09:50:02]      • [Quiz] Pre-Test (M2) → Deadline: Tidak diketahui
[2026-06-21 09:50:06]      • [Materi] 2.1  Pengantar: Berbagai Pemecahan Masalah Menggunakan Teori Graf Page → Deadline: -
[2026-06-21 09:50:10]      • [Quiz] Post-Test (M2) → Deadline: Tidak diketahui
[2026-06-21 09:50:14]      • [Assignment] Pengumpulan Tugas (M2) → Deadline: Saturday, 14 March 2026, 11:59 PM
[2026-06-21 09:50:19]      • [Quiz] Pre-Test (M4) → Deadline: Tidak diketahui
[2026-06-21 09:50:22]      • [Materi] 4.1  Pengantar: Breadth First Search URL → Deadline: -
[2026-06-21 09:50:27]      • [Materi] Sesi Praktikum File → Deadline: -
[2026-06-21 09:50:30]      • [Materi] Video Tutorial: Mendownload File IPYNB di Virtual Class URL → Deadline: -
[2026-06-21 09:50:35]      • [Quiz] Post-Test (M4) → Deadline: Tidak diketahui
[2026-06-21 09:50:40]      • [Assignment] Laporan Akhir (M4) → Deadline: Saturday, 11 April 2026, 11:59 PM
[2026-06-21 09:50:44]      • [Quiz] Pre-Test (M5) → Deadline: Tidak diketahui
[2026-06-21 09:50:48]      • [Materi] Sesi Praktikum URL → Deadline: -
[2026-06-21 09:50:52]      • [Quiz] Post-Test (M5) → Deadline: Tidak diketahui
[2026-06-21 09:50:56]      • [Assignment] Laporan Akhir (M5) → Deadline: Saturday, 18 April 2026, 11:59 PM
[2026-06-21 09:51:02]      • [Quiz] Pre-Test (M6) → Deadline: Tidak diketahui
[2026-06-21 09:51:06]      • [Materi] 6.1  Pendahuluan: Algoritma Dasar Tree URL → Deadline: -
[2026-06-21 09:51:10]      • [Materi] Sesi Praktikum File → Deadline: -
[2026-06-21 09:51:15]      • [Quiz] Post-Test (M6) → Deadline: Tidak diketahui
[2026-06-21 09:51:19]      • [Assignment] Laporan Akhir (M6) → Deadline: Saturday, 25 April 2026, 11:59 PM
[2026-06-21 09:51:23]      • [Quiz] Pre-Test (M8) → Deadline: Tidak diketahui
[2026-06-21 09:51:27]      • [Materi] 8.1  Pendahuluan: Implementasi Graph URL → Deadline: -
[2026-06-21 09:51:31]      • [Materi] Link File Praktikum I - family.pl → Deadline: -
[2026-06-21 09:51:35]      • [Materi] Link File Praktikum II - 8-puzzles.ipynb → Deadline: -
[2026-06-21 09:51:39]      • [Materi] Video Tutorial: Mendownload File IPYNB di Virtual Class URL → Deadline: -
[2026-06-21 09:51:43]      • [Quiz] Post-Test (M8) → Deadline: Tidak diketahui
[2026-06-21 09:51:47]      • [Assignment] Laporan Akhir (M8) → Deadline: Saturday, 9 May 2026, 11:59 PM
[2026-06-21 09:51:52]      • [Quiz] Pre-Test (M9) → Deadline: Tidak diketahui
[2026-06-21 09:51:56]      • [Materi] Sesi Hands-on Praktikum URL → Deadline: -
[2026-06-21 09:52:00]      • [Quiz] Post-Test (M9) → Deadline: Tidak diketahui
[2026-06-21 09:52:05]      • [Assignment] Pengumpulan Tugas (M9) → Deadline: Saturday, 16 May 2026, 11:59 PM
[2026-06-21 09:52:09]      • [Quiz] Pre-Test (M3) → Deadline: Tidak diketahui
[2026-06-21 09:52:13]      • [Materi] Sesi Praktikum URL → Deadline: -
[2026-06-21 09:52:17]      • [Materi] Video Tutorial: Menambahkan File pada Mesin DGX URL → Deadline: -
[2026-06-21 09:52:21]      • [Quiz] Post-Test (M3) → Deadline: Tidak diketahui
[2026-06-21 09:52:26]      • [Assignment] Pengumpulan Tugas (M3) → Deadline: Saturday, 23 May 2026, 11:59 PM
[2026-06-21 09:52:31]      • [Quiz] Pre-Test (M7) → Deadline: Tidak diketahui
[2026-06-21 09:52:36]      • [Materi] Link File Praktikum I - 3-Tekrek-Find-Center.ipynb → Deadline: -
[2026-06-21 09:52:40]      • [Materi] Link File Praktikum II - 3-Tekrek-Sortest-Path.ipynb → Deadline: -
[2026-06-21 09:52:44]      • [Materi] Video Tutorial: Mendownload File IPYNB di Virtual Class URL → Deadline: -
[2026-06-21 09:52:48]      • [Quiz] Post-Test (M7) → Deadline: Tidak diketahui
[2026-06-21 09:52:52]      • [Assignment] Laporan Akhir (M7) → Deadline: Saturday, 23 May 2026, 11:59 PM
[2026-06-21 09:52:56] 📦 Total tugas ditemukan: 108
[2026-06-21 09:52:56] 💾 Disimpan ke python/node/tugas.json
[2026-06-21 18:00:57] 🔐 Login ke V-Class...
[2026-06-21 18:00:57] ✅ Login berhasil
[2026-06-21 18:00:57] 📚 Mengambil mata kuliah ID 108486 ...
[2026-06-21 18:00:57]   ➤ ATA 2025/2026 | 3KB01 | Jaringan Komputer Lanjut | VIVIEN NOVA FITHRIANA
[2026-06-21 18:00:57]      • [Materi] Announcements Forum → Deadline: -
[2026-06-21 18:01:01]      • [Materi] M1 File → Deadline: -
[2026-06-21 18:01:06]      • [Materi] M2 File → Deadline: -
[2026-06-21 18:01:10]      • [Materi] M3 File → Deadline: -
[2026-06-21 18:01:14]      • [Materi] M4 File → Deadline: -
[2026-06-21 18:01:19]      • [Materi] M5 File → Deadline: -
[2026-06-21 18:01:22]      • [Materi] M6 File → Deadline: -
[2026-06-21 18:01:26]      • [Materi] M7 File → Deadline: -
[2026-06-21 18:01:30]      • [Materi] VC-1 : Traffic dan Algoritma Kendali Kemacetan File → Deadline: -
[2026-06-21 18:01:34]      • [Materi] VC-1 : Traffic dan Algoritma Kendali Kemacetan File → Deadline: -
[2026-06-21 18:01:39]      • [Materi] Forum VC-1 : Traffic dan Algoritma Kendali Kemacetan → Deadline: -
[2026-06-21 18:01:43]      • [Quiz] Latihan Soal VC-1 : Traffic dan Algoritma Kendali Kemacetan → Deadline: Tidak diketahui
[2026-06-21 18:01:48]      • [Materi] VC-2 : Traffic dan Algoritma Kendali Kemacetan - Bagian 2 File → Deadline: -
[2026-06-21 18:01:51]      • [Materi] Forum VC-2 : Traffic dan Algoritma Kendali Kemacetan - Bagian 2 → Deadline: -
[2026-06-21 18:01:56]      • [Quiz] Latihan Soal VC-2 : Traffic dan Algoritma Kendali Kemacetan - Bagian 2 → Deadline: Tidak diketahui
[2026-06-21 18:02:01]      • [Materi] VC-3 : Lapisan Transport File → Deadline: -
[2026-06-21 18:02:05]      • [Materi] Forum VC-3 : Lapisan Transport → Deadline: -
[2026-06-21 18:02:09]      • [Quiz] Latihan Soal VC-3 : Lapisan Transport → Deadline: Wednesday, 15 July 2026, 11:59 PM
[2026-06-21 18:02:13] 📚 Mengambil mata kuliah ID 108172 ...
[2026-06-21 18:02:13]   ➤ ATA 2025/2026 | 3KB01 | Internet of Things (IoT) | PURNAWARMAN MUSA
[2026-06-21 18:02:13]      • [Materi] Announcements Forum → Deadline: -
[2026-06-21 18:02:18]      • [Materi] M6 File → Deadline: -
[2026-06-21 18:02:22]      • [Quiz] Soal (Tugas Individu) → Deadline: Tidak diketahui
[2026-06-21 18:02:26]      • [Quiz] Soal (Tugas Individu) → Deadline: Tidak diketahui
[2026-06-21 18:02:30] 📚 Mengambil mata kuliah ID 109563 ...
[2026-06-21 18:02:30]   ➤ ATA 2025/2026 | 3KB01 | Sistem Tertanam (Embedded) * | RIDHA ISKANDAR
[2026-06-21 18:02:30]      • [Materi] Selamat Datang di V-Class Sistem Tertanam (Embedded) Forum → Deadline: -
[2026-06-21 18:02:34]      • [Assignment] File 1 → Deadline: Sunday, 26 April 2026, 12:00 AM
[2026-06-21 18:02:38] 📚 Mengambil mata kuliah ID 109970 ...
[2026-06-21 18:02:39]   ➤ ATA 2025/2026 | 2EB10 | Bahasa Indonesia | MELANIAWATI
[2026-06-21 18:02:39] 📚 Mengambil mata kuliah ID 107919 ...
[2026-06-21 18:02:39]   ➤ ATA 2025/2026 | 3KB01 | Sistem Cerdas Lanjut | NUR SULTAN SALAHUDDIN
[2026-06-21 18:02:39]      • [Materi] Announcements Forum → Deadline: -
[2026-06-21 18:02:43]      • [Assignment] Sistem Kesehatan Cerdas → Deadline: Thursday, 21 May 2026, 12:00 AM
[2026-06-21 18:02:47]      • [Quiz] Sistem Kesehatan Cerdas → Deadline: Tidak diketahui
[2026-06-21 18:02:52] 📚 Mengambil mata kuliah ID 107291 ...
[2026-06-21 18:02:52]   ➤ ATA 2025/2026 | 3KB01 | Pengantarmukaan Perif.Komputer * | FARID THALIB
[2026-06-21 18:02:52]      • [Materi] Announcements Forum → Deadline: -
[2026-06-21 18:02:56] 📚 Mengambil mata kuliah ID 104438 ...
[2026-06-21 18:02:56]   ➤ ATA 2025/2026 | 3-FIKTI | Terapan Teori Graf | TEAM TEACHING
[2026-06-21 18:02:56]      • [Materi] PEMBERITAHUAN UTS SUSULAN File → Deadline: -
[2026-06-21 18:03:01]      • [Materi] PEMBERITAHUAN PELAKSANAAN TEAM TEACHING TERAPAN TEORI GRAF Forum → Deadline: -
[2026-06-21 18:03:06]      • [Materi] M1: Pendahuluan Teori Graf File → Deadline: -
[2026-06-21 18:03:10]      • [Materi] Video Literasi M1: Pendahuluan Teori Graf URL → Deadline: -
[2026-06-21 18:03:14]      • [Quiz] Kuis M1 [kelas PAGI] → Deadline: Tidak diketahui
[2026-06-21 18:03:19]      • [Quiz] Kuis M1 [kelas MALAM] → Deadline: Tidak diketahui
[2026-06-21 18:03:22]      • [Materi] M2: Graf Tidak Berarah dan Graf Berbobot File → Deadline: -
[2026-06-21 18:03:27]      • [Materi] Video Literasi M2 : Graf Tidak Berarah dan Graf Berbobot URL → Deadline: -
[2026-06-21 18:03:31]      • [Quiz] Kuis M2 [KELAS PAGI] : Graf Tidak Berarah dan Graf Berbobot → Deadline: Tidak diketahui
[2026-06-21 18:03:36]      • [Quiz] Kuis M2 [KELAS MALAM] : Graf Tidak Berarah dan Graf Berbobot → Deadline: Tidak diketahui
[2026-06-21 18:03:40]      • [Materi] M4 : Aplikasi Teori Graf di Teknik Elektro File → Deadline: -
[2026-06-21 18:03:44]      • [Materi] Video Literasi M4 : Aplikasi Teori Graf di Teknik Elektro URL → Deadline: -
[2026-06-21 18:03:48]      • [Quiz] Kuis M4 [KELAS PAGI]: Aplikasi Teori Graf di Teknik Elektro → Deadline: Tidak diketahui
[2026-06-21 18:03:52]      • [Quiz] Kuis M4 [KELAS MALAM]: Aplikasi Teori Graf di Teknik Elektro → Deadline: Tidak diketahui
[2026-06-21 18:03:55]      • [Materi] M5 : Knowledge Graph dan Database Graph File → Deadline: -
[2026-06-21 18:03:59]      • [Materi] Video Literasi  M5 : Knowledge Graph dan Database Graph URL → Deadline: -
[2026-06-21 18:04:04]      • [Quiz] Kuis M5 [KELAS PAGI] : nowledge Graph dan Database Graph → Deadline: Tidak diketahui
[2026-06-21 18:04:09]      • [Quiz] Kuis M5 [KELAS MALAM] : Knowledge Graph dan Database Graph → Deadline: Tidak diketahui
[2026-06-21 18:04:13]      • [Materi] M6 : Graf Berarah dan Implementasinya File → Deadline: -
[2026-06-21 18:04:18]      • [Materi] Video Literasi M6 : Graf Berarah dan Implementasinya URL → Deadline: -
[2026-06-21 18:04:22]      • [Quiz] Kuis M6 [KELAS PAGI] : Graf Berarah dan Implementasinya → Deadline: Tidak diketahui
[2026-06-21 18:04:26]      • [Quiz] Kuis M6 [KELAS MALAM] : Graf Berarah dan Implementasinya → Deadline: Tidak diketahui
[2026-06-21 18:04:31]      • [Materi] M8 : Penerapan Teori Graf di Bidang Teknik Sipil File → Deadline: -
[2026-06-21 18:04:36]      • [Materi] Video Literasi M8 : Penerapan Teori Graf di Bidang Teknik Sipil URL → Deadline: -
[2026-06-21 18:04:40]      • [Quiz] Kuis M8 [KELAS PAGI] : Penerapan Teori Graf di Bidang Teknik Sipil → Deadline: Tidak diketahui
[2026-06-21 18:04:45]      • [Quiz] Kuis M8 [KELAS MALAM] : Penerapan Teori Graf di Bidang Teknik Sipil → Deadline: Tidak diketahui
[2026-06-21 18:04:49]      • [Materi] M10 : Penerapan Teori Graf  di Bidang Teknik Industri File → Deadline: -
[2026-06-21 18:04:53]      • [Materi] Video Literasi M10 : Penerapan Teori Graf  di Bidang Teknik Industri URL → Deadline: -
[2026-06-21 18:04:57]      • [Quiz] Kuis M10 [kelas pagi] : Penerapan Teori Graf  di Bidang Teknik Industri → Deadline: Tidak diketahui
[2026-06-21 18:05:02]      • [Quiz] Kuis M10 [kelas malam]: Penerapan Teori Graf  di Bidang Teknik Industri → Deadline: Tidak diketahui
[2026-06-21 18:05:06] 📚 Mengambil mata kuliah ID 104413 ...
[2026-06-21 18:05:06]   ➤ ATA 2025/2026 | 3-FIKTI | Praktikum Terapan Teori Graf
[2026-06-21 18:05:06]      • [Materi] Panduan Praktikum  Forum → Deadline: -
[2026-06-21 18:05:10]      • [Materi] Panduan Google Collaboratory URL → Deadline: -
[2026-06-21 18:05:14]      • [Materi] Panduan Instalasi Anaconda URL → Deadline: -
[2026-06-21 18:05:19]      • [Quiz] Pre-Test (M1) → Deadline: Tidak diketahui
[2026-06-21 18:05:24]      • [Materi] 1.1  Pengantar: Teori Graf URL → Deadline: -
[2026-06-21 18:05:28]      • [Materi] 1.2  Sesi Hands-on Praktikum URL → Deadline: -
[2026-06-21 18:05:32]      • [Materi] 1.3 Tutorial Menambahkan File pada Mesin DGX URL → Deadline: -
[2026-06-21 18:05:37]      • [Quiz] Post-Test (M1) → Deadline: Tidak diketahui
[2026-06-21 18:05:42]      • [Assignment] Pengumpulan Tugas (M1) → Deadline: Saturday, 7 March 2026, 11:59 PM
[2026-06-21 18:05:45]      • [Quiz] Pre-Test (M2) → Deadline: Tidak diketahui
[2026-06-21 18:05:50]      • [Materi] 2.1  Pengantar: Berbagai Pemecahan Masalah Menggunakan Teori Graf Page → Deadline: -
[2026-06-21 18:05:54]      • [Quiz] Post-Test (M2) → Deadline: Tidak diketahui
[2026-06-21 18:05:58]      • [Assignment] Pengumpulan Tugas (M2) → Deadline: Saturday, 14 March 2026, 11:59 PM
[2026-06-21 18:06:02]      • [Quiz] Pre-Test (M4) → Deadline: Tidak diketahui
[2026-06-21 18:06:06]      • [Materi] 4.1  Pengantar: Breadth First Search URL → Deadline: -
[2026-06-21 18:06:10]      • [Materi] Sesi Praktikum File → Deadline: -
[2026-06-21 18:06:15]      • [Materi] Video Tutorial: Mendownload File IPYNB di Virtual Class URL → Deadline: -
[2026-06-21 18:06:19]      • [Quiz] Post-Test (M4) → Deadline: Tidak diketahui
[2026-06-21 18:06:24]      • [Assignment] Laporan Akhir (M4) → Deadline: Saturday, 11 April 2026, 11:59 PM
[2026-06-21 18:06:28]      • [Quiz] Pre-Test (M5) → Deadline: Tidak diketahui
[2026-06-21 18:06:32]      • [Materi] Sesi Praktikum URL → Deadline: -
[2026-06-21 18:06:37]      • [Quiz] Post-Test (M5) → Deadline: Tidak diketahui
[2026-06-21 18:06:42]      • [Assignment] Laporan Akhir (M5) → Deadline: Saturday, 18 April 2026, 11:59 PM
[2026-06-21 18:06:47]      • [Quiz] Pre-Test (M6) → Deadline: Tidak diketahui
[2026-06-21 18:06:51]      • [Materi] 6.1  Pendahuluan: Algoritma Dasar Tree URL → Deadline: -
[2026-06-21 18:06:56]      • [Materi] Sesi Praktikum File → Deadline: -
[2026-06-21 18:07:01]      • [Quiz] Post-Test (M6) → Deadline: Tidak diketahui
[2026-06-21 18:07:05]      • [Assignment] Laporan Akhir (M6) → Deadline: Saturday, 25 April 2026, 11:59 PM
[2026-06-21 18:07:10]      • [Quiz] Pre-Test (M8) → Deadline: Tidak diketahui
[2026-06-21 18:07:14]      • [Materi] 8.1  Pendahuluan: Implementasi Graph URL → Deadline: -
[2026-06-21 18:07:18]      • [Materi] Link File Praktikum I - family.pl → Deadline: -
[2026-06-21 18:07:23]      • [Materi] Link File Praktikum II - 8-puzzles.ipynb → Deadline: -
[2026-06-21 18:07:27]      • [Materi] Video Tutorial: Mendownload File IPYNB di Virtual Class URL → Deadline: -
[2026-06-21 18:07:32]      • [Quiz] Post-Test (M8) → Deadline: Tidak diketahui
[2026-06-21 18:07:37]      • [Assignment] Laporan Akhir (M8) → Deadline: Saturday, 9 May 2026, 11:59 PM
[2026-06-21 18:07:41]      • [Quiz] Pre-Test (M9) → Deadline: Tidak diketahui
[2026-06-21 18:07:45]      • [Materi] Sesi Hands-on Praktikum URL → Deadline: -
[2026-06-21 18:07:50]      • [Quiz] Post-Test (M9) → Deadline: Tidak diketahui
[2026-06-21 18:07:55]      • [Assignment] Pengumpulan Tugas (M9) → Deadline: Saturday, 16 May 2026, 11:59 PM
[2026-06-21 18:08:00]      • [Quiz] Pre-Test (M3) → Deadline: Tidak diketahui
[2026-06-21 18:08:04]      • [Materi] Sesi Praktikum URL → Deadline: -
[2026-06-21 18:08:09]      • [Materi] Video Tutorial: Menambahkan File pada Mesin DGX URL → Deadline: -
[2026-06-21 18:08:13]      • [Quiz] Post-Test (M3) → Deadline: Tidak diketahui
[2026-06-21 18:08:18]      • [Assignment] Pengumpulan Tugas (M3) → Deadline: Saturday, 23 May 2026, 11:59 PM
[2026-06-21 18:08:22]      • [Quiz] Pre-Test (M7) → Deadline: Tidak diketahui
[2026-06-21 18:08:25]      • [Materi] Link File Praktikum I - 3-Tekrek-Find-Center.ipynb → Deadline: -
[2026-06-21 18:08:30]      • [Materi] Link File Praktikum II - 3-Tekrek-Sortest-Path.ipynb → Deadline: -
[2026-06-21 18:08:35]      • [Materi] Video Tutorial: Mendownload File IPYNB di Virtual Class URL → Deadline: -
[2026-06-21 18:08:40]      • [Quiz] Post-Test (M7) → Deadline: Tidak diketahui
[2026-06-21 18:08:44]      • [Assignment] Laporan Akhir (M7) → Deadline: Saturday, 23 May 2026, 11:59 PM
[2026-06-21 18:08:48] 📦 Total tugas ditemukan: 108
[2026-06-21 18:08:48] 💾 Disimpan ke python/node/tugas.json
