[2026-07-11 09:45:26] 🔐 Login ke V-Class...
[2026-07-11 09:45:26] ✅ Login berhasil
[2026-07-11 09:45:26] 📚 Mengambil mata kuliah ID 108486 ...
[2026-07-11 09:45:26]   ➤ ATA 2025/2026 | 3KB01 | Jaringan Komputer Lanjut | VIVIEN NOVA FITHRIANA
[2026-07-11 09:45:27]      • [Materi] Announcements Forum → Deadline: -
[2026-07-11 09:45:31]      • [Materi] M1 File → Deadline: -
[2026-07-11 09:45:36]      • [Materi] M2 File → Deadline: -
[2026-07-11 09:45:41]      • [Materi] M3 File → Deadline: -
[2026-07-11 09:45:45]      • [Materi] M4 File → Deadline: -
[2026-07-11 09:45:49]      • [Materi] M5 File → Deadline: -
[2026-07-11 09:45:53]      • [Materi] M6 File → Deadline: -
[2026-07-11 09:45:58]      • [Materi] M7 File → Deadline: -
[2026-07-11 09:46:02]      • [Materi] VC-1 : Traffic dan Algoritma Kendali Kemacetan File → Deadline: -
[2026-07-11 09:46:07]      • [Materi] VC-1 : Traffic dan Algoritma Kendali Kemacetan File → Deadline: -
[2026-07-11 09:46:11]      • [Materi] Forum VC-1 : Traffic dan Algoritma Kendali Kemacetan → Deadline: -
[2026-07-11 09:46:16]      • [Quiz] Latihan Soal VC-1 : Traffic dan Algoritma Kendali Kemacetan → Deadline: Tidak diketahui
[2026-07-11 09:46:21]      • [Materi] VC-2 : Traffic dan Algoritma Kendali Kemacetan - Bagian 2 File → Deadline: -
[2026-07-11 09:46:25]      • [Materi] Forum VC-2 : Traffic dan Algoritma Kendali Kemacetan - Bagian 2 → Deadline: -
[2026-07-11 09:46:29]      • [Quiz] Latihan Soal VC-2 : Traffic dan Algoritma Kendali Kemacetan - Bagian 2 → Deadline: Tidak diketahui
[2026-07-11 09:46:33]      • [Materi] VC-3 : Lapisan Transport File → Deadline: -
[2026-07-11 09:46:37]      • [Materi] Forum VC-3 : Lapisan Transport → Deadline: -
[2026-07-11 09:46:42]      • [Quiz] Latihan Soal VC-3 : Lapisan Transport → Deadline: Wednesday, 15 July 2026, 11:59 PM
[2026-07-11 09:46:46] 📚 Mengambil mata kuliah ID 108172 ...
[2026-07-11 09:46:46]   ➤ ATA 2025/2026 | 3KB01 | Internet of Things (IoT) | PURNAWARMAN MUSA
[2026-07-11 09:46:46]      • [Materi] Announcements Forum → Deadline: -
[2026-07-11 09:46:50]      • [Materi] M6 File → Deadline: -
[2026-07-11 09:46:54]      • [Quiz] Soal (Tugas Individu) → Deadline: Tidak diketahui
[2026-07-11 09:46:59]      • [Quiz] Soal (Tugas Individu) → Deadline: Tidak diketahui
[2026-07-11 09:47:03] 📚 Mengambil mata kuliah ID 109563 ...
[2026-07-11 09:47:03]   ➤ ATA 2025/2026 | 3KB01 | Sistem Tertanam (Embedded) * | RIDHA ISKANDAR
[2026-07-11 09:47:03]      • [Materi] Selamat Datang di V-Class Sistem Tertanam (Embedded) Forum → Deadline: -
[2026-07-11 09:47:07]      • [Assignment] File 1 → Deadline: Sunday, 26 April 2026, 12:00 AM
[2026-07-11 09:47:11] 📚 Mengambil mata kuliah ID 109970 ...
[2026-07-11 09:47:11]   ➤ ATA 2025/2026 | 2EB10 | Bahasa Indonesia | MELANIAWATI
[2026-07-11 09:47:11] 📚 Mengambil mata kuliah ID 107919 ...
[2026-07-11 09:47:11]   ➤ ATA 2025/2026 | 3KB01 | Sistem Cerdas Lanjut | NUR SULTAN SALAHUDDIN
[2026-07-11 09:47:11]      • [Materi] Announcements Forum → Deadline: -
[2026-07-11 09:47:16]      • [Assignment] Sistem Kesehatan Cerdas → Deadline: Thursday, 21 May 2026, 12:00 AM
[2026-07-11 09:47:20]      • [Quiz] Sistem Kesehatan Cerdas → Deadline: Tidak diketahui
[2026-07-11 09:47:24] 📚 Mengambil mata kuliah ID 107291 ...
[2026-07-11 09:47:24]   ➤ ATA 2025/2026 | 3KB01 | Pengantarmukaan Perif.Komputer * | FARID THALIB
[2026-07-11 09:47:24]      • [Materi] Announcements Forum → Deadline: -
[2026-07-11 09:47:28] 📚 Mengambil mata kuliah ID 104438 ...
[2026-07-11 09:47:28]   ➤ ATA 2025/2026 | 3-FIKTI | Terapan Teori Graf | TEAM TEACHING
[2026-07-11 09:47:28]      • [Materi] PEMBERITAHUAN UTS SUSULAN File → Deadline: -
[2026-07-11 09:47:33]      • [Materi] PEMBERITAHUAN PELAKSANAAN TEAM TEACHING TERAPAN TEORI GRAF Forum → Deadline: -
[2026-07-11 09:47:38]      • [Materi] M1: Pendahuluan Teori Graf File → Deadline: -
[2026-07-11 09:47:42]      • [Materi] Video Literasi M1: Pendahuluan Teori Graf URL → Deadline: -
[2026-07-11 09:47:46]      • [Quiz] Kuis M1 [kelas PAGI] → Deadline: Tidak diketahui
[2026-07-11 09:47:51]      • [Quiz] Kuis M1 [kelas MALAM] → Deadline: Tidak diketahui
[2026-07-11 09:47:54]      • [Materi] M2: Graf Tidak Berarah dan Graf Berbobot File → Deadline: -
[2026-07-11 09:47:59]      • [Materi] Video Literasi M2 : Graf Tidak Berarah dan Graf Berbobot URL → Deadline: -
[2026-07-11 09:48:04]      • [Quiz] Kuis M2 [KELAS PAGI] : Graf Tidak Berarah dan Graf Berbobot → Deadline: Tidak diketahui
[2026-07-11 09:48:08]      • [Quiz] Kuis M2 [KELAS MALAM] : Graf Tidak Berarah dan Graf Berbobot → Deadline: Tidak diketahui
[2026-07-11 09:48:12]      • [Materi] M4 : Aplikasi Teori Graf di Teknik Elektro File → Deadline: -
[2026-07-11 09:48:16]      • [Materi] Video Literasi M4 : Aplikasi Teori Graf di Teknik Elektro URL → Deadline: -
[2026-07-11 09:48:21]      • [Quiz] Kuis M4 [KELAS PAGI]: Aplikasi Teori Graf di Teknik Elektro → Deadline: Tidak diketahui
[2026-07-11 09:48:26]      • [Quiz] Kuis M4 [KELAS MALAM]: Aplikasi Teori Graf di Teknik Elektro → Deadline: Tidak diketahui
[2026-07-11 09:48:30]      • [Materi] M5 : Knowledge Graph dan Database Graph File → Deadline: -
[2026-07-11 09:48:33]      • [Materi] Video Literasi  M5 : Knowledge Graph dan Database Graph URL → Deadline: -
[2026-07-11 09:48:38]      • [Quiz] Kuis M5 [KELAS PAGI] : nowledge Graph dan Database Graph → Deadline: Tidak diketahui
[2026-07-11 09:48:43]      • [Quiz] Kuis M5 [KELAS MALAM] : Knowledge Graph dan Database Graph → Deadline: Tidak diketahui
[2026-07-11 09:48:47]      • [Materi] M6 : Graf Berarah dan Implementasinya File → Deadline: -
[2026-07-11 09:48:51]      • [Materi] Video Literasi M6 : Graf Berarah dan Implementasinya URL → Deadline: -
[2026-07-11 09:48:55]      • [Quiz] Kuis M6 [KELAS PAGI] : Graf Berarah dan Implementasinya → Deadline: Tidak diketahui
[2026-07-11 09:48:59]      • [Quiz] Kuis M6 [KELAS MALAM] : Graf Berarah dan Implementasinya → Deadline: Tidak diketahui
[2026-07-11 09:49:04]      • [Materi] M8 : Penerapan Teori Graf di Bidang Teknik Sipil File → Deadline: -
[2026-07-11 09:49:07]      • [Materi] Video Literasi M8 : Penerapan Teori Graf di Bidang Teknik Sipil URL → Deadline: -
[2026-07-11 09:49:12]      • [Quiz] Kuis M8 [KELAS PAGI] : Penerapan Teori Graf di Bidang Teknik Sipil → Deadline: Tidak diketahui
[2026-07-11 09:49:16]      • [Quiz] Kuis M8 [KELAS MALAM] : Penerapan Teori Graf di Bidang Teknik Sipil → Deadline: Tidak diketahui
[2026-07-11 09:49:20]      • [Materi] M10 : Penerapan Teori Graf  di Bidang Teknik Industri File → Deadline: -
[2026-07-11 09:49:23]      • [Materi] Video Literasi M10 : Penerapan Teori Graf  di Bidang Teknik Industri URL → Deadline: -
[2026-07-11 09:49:28]      • [Quiz] Kuis M10 [kelas pagi] : Penerapan Teori Graf  di Bidang Teknik Industri → Deadline: Tidak diketahui
[2026-07-11 09:49:32]      • [Quiz] Kuis M10 [kelas malam]: Penerapan Teori Graf  di Bidang Teknik Industri → Deadline: Tidak diketahui
[2026-07-11 09:49:36]      • [Materi] M11 : Program Dinamis dan Permasalahan Tata Letak Fasilitas File → Deadline: -
[2026-07-11 09:49:40]      • [Materi] video literasi : Program Dinamis dan Permasalahan Tata Letak Fasilitas URL → Deadline: -
[2026-07-11 09:49:44]      • [Quiz] Kuis M11 [kelas PAGI]: Program Dinamis dan Permasalahan Tata Letak Fasilitas → Deadline: Tidak diketahui
[2026-07-11 09:49:48]      • [Quiz] Kuis M11 [kelas MALAM]: Program Dinamis dan Permasalahan Tata Letak Fasilitas → Deadline: Tidak diketahui
[2026-07-11 09:49:52]      • [Materi] M12: Algoritma Greedy pada Graf File → Deadline: -
[2026-07-11 09:49:57]      • [Materi] Video literasi M12: Algoritma Greedy pada Graf URL → Deadline: -
[2026-07-11 09:50:01]      • [Quiz] Kuis M12 [kelas PAGI] → Deadline: Tidak diketahui
[2026-07-11 09:50:05]      • [Quiz] Kuis M12 [kelas MALAM] → Deadline: Tidak diketahui
[2026-07-11 09:50:09]      • [Materi] M13 File → Deadline: -
[2026-07-11 09:50:13]      • [Materi] Video Literasi M13 : Graph Theory Implementation in Oil Mining Company URL → Deadline: -
[2026-07-11 09:50:17]      • [Quiz] Kuis M13 [PAGI]: Graph Theory Implementation in Oil Mining Company → Deadline: Tidak diketahui
[2026-07-11 09:50:22]      • [Quiz] Kuis M13 [MALAM]: Graph Theory Implementation in Oil Mining Company → Deadline: Tidak diketahui
[2026-07-11 09:50:26] 📚 Mengambil mata kuliah ID 104413 ...
[2026-07-11 09:50:27]   ➤ ATA 2025/2026 | 3-FIKTI | Praktikum Terapan Teori Graf
[2026-07-11 09:50:27]      • [Materi] Panduan Praktikum  Forum → Deadline: -
[2026-07-11 09:50:30]      • [Materi] Panduan Google Collaboratory URL → Deadline: -
[2026-07-11 09:50:35]      • [Materi] Panduan Instalasi Anaconda URL → Deadline: -
[2026-07-11 09:50:39]      • [Quiz] Pre-Test (M1) → Deadline: Tidak diketahui
[2026-07-11 09:50:43]      • [Materi] 1.1  Pengantar: Teori Graf URL → Deadline: -
[2026-07-11 09:50:48]      • [Materi] 1.2  Sesi Hands-on Praktikum URL → Deadline: -
[2026-07-11 09:50:52]      • [Materi] 1.3 Tutorial Menambahkan File pada Mesin DGX URL → Deadline: -
[2026-07-11 09:50:56]      • [Quiz] Post-Test (M1) → Deadline: Tidak diketahui
[2026-07-11 09:51:01]      • [Assignment] Pengumpulan Tugas (M1) → Deadline: Saturday, 7 March 2026, 11:59 PM
[2026-07-11 09:51:06]      • [Quiz] Pre-Test (M2) → Deadline: Tidak diketahui
[2026-07-11 09:51:11]      • [Materi] 2.1  Pengantar: Berbagai Pemecahan Masalah Menggunakan Teori Graf Page → Deadline: -
[2026-07-11 09:51:15]      • [Quiz] Post-Test (M2) → Deadline: Tidak diketahui
[2026-07-11 09:51:19]      • [Assignment] Pengumpulan Tugas (M2) → Deadline: Saturday, 14 March 2026, 11:59 PM
[2026-07-11 09:51:23]      • [Quiz] Pre-Test (M4) → Deadline: Tidak diketahui
[2026-07-11 09:51:27]      • [Materi] 4.1  Pengantar: Breadth First Search URL → Deadline: -
[2026-07-11 09:51:32]      • [Materi] Sesi Praktikum File → Deadline: -
[2026-07-11 09:51:37]      • [Materi] Video Tutorial: Mendownload File IPYNB di Virtual Class URL → Deadline: -
[2026-07-11 09:51:40]      • [Quiz] Post-Test (M4) → Deadline: Tidak diketahui
[2026-07-11 09:51:45]      • [Assignment] Laporan Akhir (M4) → Deadline: Saturday, 11 April 2026, 11:59 PM
[2026-07-11 09:51:49]      • [Quiz] Pre-Test (M5) → Deadline: Tidak diketahui
[2026-07-11 09:51:53]      • [Materi] Sesi Praktikum URL → Deadline: -
[2026-07-11 09:51:58]      • [Quiz] Post-Test (M5) → Deadline: Tidak diketahui
[2026-07-11 09:52:02]      • [Assignment] Laporan Akhir (M5) → Deadline: Saturday, 18 April 2026, 11:59 PM
[2026-07-11 09:52:06]      • [Quiz] Pre-Test (M6) → Deadline: Tidak diketahui
[2026-07-11 09:52:10]      • [Materi] 6.1  Pendahuluan: Algoritma Dasar Tree URL → Deadline: -
[2026-07-11 09:52:14]      • [Materi] Sesi Praktikum File → Deadline: -
[2026-07-11 09:52:19]      • [Quiz] Post-Test (M6) → Deadline: Tidak diketahui
[2026-07-11 09:52:22]      • [Assignment] Laporan Akhir (M6) → Deadline: Saturday, 25 April 2026, 11:59 PM
[2026-07-11 09:52:27]      • [Quiz] Pre-Test (M8) → Deadline: Tidak diketahui
[2026-07-11 09:52:32]      • [Materi] 8.1  Pendahuluan: Implementasi Graph URL → Deadline: -
[2026-07-11 09:52:36]      • [Materi] Link File Praktikum I - family.pl → Deadline: -
[2026-07-11 09:52:40]      • [Materi] Link File Praktikum II - 8-puzzles.ipynb → Deadline: -
[2026-07-11 09:52:45]      • [Materi] Video Tutorial: Mendownload File IPYNB di Virtual Class URL → Deadline: -
[2026-07-11 09:52:49]      • [Quiz] Post-Test (M8) → Deadline: Tidak diketahui
[2026-07-11 09:52:53]      • [Assignment] Laporan Akhir (M8) → Deadline: Saturday, 9 May 2026, 11:59 PM
[2026-07-11 09:52:58]      • [Quiz] Pre-Test (M9) → Deadline: Tidak diketahui
[2026-07-11 09:53:03]      • [Materi] Sesi Hands-on Praktikum URL → Deadline: -
[2026-07-11 09:53:08]      • [Quiz] Post-Test (M9) → Deadline: Tidak diketahui
[2026-07-11 09:53:12]      • [Assignment] Pengumpulan Tugas (M9) → Deadline: Saturday, 16 May 2026, 11:59 PM
[2026-07-11 09:53:16]      • [Quiz] Pre-Test (M3) → Deadline: Tidak diketahui
[2026-07-11 09:53:20]      • [Materi] Sesi Praktikum URL → Deadline: -
[2026-07-11 09:53:24]      • [Materi] Video Tutorial: Menambahkan File pada Mesin DGX URL → Deadline: -
[2026-07-11 09:53:28]      • [Quiz] Post-Test (M3) → Deadline: Tidak diketahui
[2026-07-11 09:53:32]      • [Assignment] Pengumpulan Tugas (M3) → Deadline: Saturday, 23 May 2026, 11:59 PM
[2026-07-11 09:53:37]      • [Quiz] Pre-Test (M7) → Deadline: Tidak diketahui
[2026-07-11 09:53:42]      • [Materi] Link File Praktikum I - 3-Tekrek-Find-Center.ipynb → Deadline: -
[2026-07-11 09:53:46]      • [Materi] Link File Praktikum II - 3-Tekrek-Sortest-Path.ipynb → Deadline: -
[2026-07-11 09:53:50]      • [Materi] Video Tutorial: Mendownload File IPYNB di Virtual Class URL → Deadline: -
[2026-07-11 09:53:54]      • [Quiz] Post-Test (M7) → Deadline: Tidak diketahui
[2026-07-11 09:53:59]      • [Assignment] Laporan Akhir (M7) → Deadline: Saturday, 23 May 2026, 11:59 PM
[2026-07-11 09:54:03] 📦 Total tugas ditemukan: 120
[2026-07-11 09:54:03] 💾 Disimpan ke python/node/tugas.json
[2026-07-11 18:00:03] 🔐 Login ke V-Class...
[2026-07-11 18:00:04] ✅ Login berhasil
[2026-07-11 18:00:04] 📚 Mengambil mata kuliah ID 108486 ...
[2026-07-11 18:00:04]   ➤ ATA 2025/2026 | 3KB01 | Jaringan Komputer Lanjut | VIVIEN NOVA FITHRIANA
[2026-07-11 18:00:04]      • [Materi] Announcements Forum → Deadline: -
[2026-07-11 18:00:07]      • [Materi] M1 File → Deadline: -
[2026-07-11 18:00:11]      • [Materi] M2 File → Deadline: -
[2026-07-11 18:00:16]      • [Materi] M3 File → Deadline: -
[2026-07-11 18:00:21]      • [Materi] M4 File → Deadline: -
[2026-07-11 18:00:25]      • [Materi] M5 File → Deadline: -
[2026-07-11 18:00:29]      • [Materi] M6 File → Deadline: -
[2026-07-11 18:00:33]      • [Materi] M7 File → Deadline: -
[2026-07-11 18:00:38]      • [Materi] VC-1 : Traffic dan Algoritma Kendali Kemacetan File → Deadline: -
[2026-07-11 18:00:42]      • [Materi] VC-1 : Traffic dan Algoritma Kendali Kemacetan File → Deadline: -
[2026-07-11 18:00:46]      • [Materi] Forum VC-1 : Traffic dan Algoritma Kendali Kemacetan → Deadline: -
[2026-07-11 18:00:50]      • [Quiz] Latihan Soal VC-1 : Traffic dan Algoritma Kendali Kemacetan → Deadline: Tidak diketahui
[2026-07-11 18:00:54]      • [Materi] VC-2 : Traffic dan Algoritma Kendali Kemacetan - Bagian 2 File → Deadline: -
[2026-07-11 18:00:59]      • [Materi] Forum VC-2 : Traffic dan Algoritma Kendali Kemacetan - Bagian 2 → Deadline: -
[2026-07-11 18:01:02]      • [Quiz] Latihan Soal VC-2 : Traffic dan Algoritma Kendali Kemacetan - Bagian 2 → Deadline: Tidak diketahui
[2026-07-11 18:01:06]      • [Materi] VC-3 : Lapisan Transport File → Deadline: -
[2026-07-11 18:01:10]      • [Materi] Forum VC-3 : Lapisan Transport → Deadline: -
[2026-07-11 18:01:15]      • [Quiz] Latihan Soal VC-3 : Lapisan Transport → Deadline: Wednesday, 15 July 2026, 11:59 PM
[2026-07-11 18:01:19] 📚 Mengambil mata kuliah ID 108172 ...
[2026-07-11 18:01:19]   ➤ ATA 2025/2026 | 3KB01 | Internet of Things (IoT) | PURNAWARMAN MUSA
[2026-07-11 18:01:19]      • [Materi] Announcements Forum → Deadline: -
[2026-07-11 18:01:23]      • [Materi] M6 File → Deadline: -
[2026-07-11 18:01:28]      • [Quiz] Soal (Tugas Individu) → Deadline: Tidak diketahui
[2026-07-11 18:01:32]      • [Quiz] Soal (Tugas Individu) → Deadline: Tidak diketahui
[2026-07-11 18:01:36] 📚 Mengambil mata kuliah ID 109563 ...
[2026-07-11 18:01:36]   ➤ ATA 2025/2026 | 3KB01 | Sistem Tertanam (Embedded) * | RIDHA ISKANDAR
[2026-07-11 18:01:36]      • [Materi] Selamat Datang di V-Class Sistem Tertanam (Embedded) Forum → Deadline: -
[2026-07-11 18:01:41]      • [Assignment] File 1 → Deadline: Sunday, 26 April 2026, 12:00 AM
[2026-07-11 18:01:46] 📚 Mengambil mata kuliah ID 109970 ...
[2026-07-11 18:01:46]   ➤ ATA 2025/2026 | 2EB10 | Bahasa Indonesia | MELANIAWATI
[2026-07-11 18:01:46] 📚 Mengambil mata kuliah ID 107919 ...
[2026-07-11 18:01:46]   ➤ ATA 2025/2026 | 3KB01 | Sistem Cerdas Lanjut | NUR SULTAN SALAHUDDIN
[2026-07-11 18:01:46]      • [Materi] Announcements Forum → Deadline: -
[2026-07-11 18:01:50]      • [Assignment] Sistem Kesehatan Cerdas → Deadline: Thursday, 21 May 2026, 12:00 AM
[2026-07-11 18:01:54]      • [Quiz] Sistem Kesehatan Cerdas → Deadline: Tidak diketahui
[2026-07-11 18:01:59] 📚 Mengambil mata kuliah ID 107291 ...
[2026-07-11 18:01:59]   ➤ ATA 2025/2026 | 3KB01 | Pengantarmukaan Perif.Komputer * | FARID THALIB
[2026-07-11 18:01:59]      • [Materi] Announcements Forum → Deadline: -
[2026-07-11 18:02:04] 📚 Mengambil mata kuliah ID 104438 ...
[2026-07-11 18:02:04]   ➤ ATA 2025/2026 | 3-FIKTI | Terapan Teori Graf | TEAM TEACHING
[2026-07-11 18:02:04]      • [Materi] PEMBERITAHUAN UTS SUSULAN File → Deadline: -
[2026-07-11 18:02:08]      • [Materi] PEMBERITAHUAN PELAKSANAAN TEAM TEACHING TERAPAN TEORI GRAF Forum → Deadline: -
[2026-07-11 18:02:13]      • [Materi] M1: Pendahuluan Teori Graf File → Deadline: -
[2026-07-11 18:02:17]      • [Materi] Video Literasi M1: Pendahuluan Teori Graf URL → Deadline: -
[2026-07-11 18:02:21]      • [Quiz] Kuis M1 [kelas PAGI] → Deadline: Tidak diketahui
[2026-07-11 18:02:27]      • [Quiz] Kuis M1 [kelas MALAM] → Deadline: Tidak diketahui
[2026-07-11 18:02:31]      • [Materi] M2: Graf Tidak Berarah dan Graf Berbobot File → Deadline: -
[2026-07-11 18:02:34]      • [Materi] Video Literasi M2 : Graf Tidak Berarah dan Graf Berbobot URL → Deadline: -
[2026-07-11 18:02:38]      • [Quiz] Kuis M2 [KELAS PAGI] : Graf Tidak Berarah dan Graf Berbobot → Deadline: Tidak diketahui
[2026-07-11 18:02:43]      • [Quiz] Kuis M2 [KELAS MALAM] : Graf Tidak Berarah dan Graf Berbobot → Deadline: Tidak diketahui
[2026-07-11 18:02:47]      • [Materi] M4 : Aplikasi Teori Graf di Teknik Elektro File → Deadline: -
[2026-07-11 18:02:51]      • [Materi] Video Literasi M4 : Aplikasi Teori Graf di Teknik Elektro URL → Deadline: -
[2026-07-11 18:02:56]      • [Quiz] Kuis M4 [KELAS PAGI]: Aplikasi Teori Graf di Teknik Elektro → Deadline: Tidak diketahui
[2026-07-11 18:02:59]      • [Quiz] Kuis M4 [KELAS MALAM]: Aplikasi Teori Graf di Teknik Elektro → Deadline: Tidak diketahui
[2026-07-11 18:03:04]      • [Materi] M5 : Knowledge Graph dan Database Graph File → Deadline: -
[2026-07-11 18:03:09]      • [Materi] Video Literasi  M5 : Knowledge Graph dan Database Graph URL → Deadline: -
[2026-07-11 18:03:12]      • [Quiz] Kuis M5 [KELAS PAGI] : nowledge Graph dan Database Graph → Deadline: Tidak diketahui
[2026-07-11 18:03:16]      • [Quiz] Kuis M5 [KELAS MALAM] : Knowledge Graph dan Database Graph → Deadline: Tidak diketahui
[2026-07-11 18:03:21]      • [Materi] M6 : Graf Berarah dan Implementasinya File → Deadline: -
[2026-07-11 18:03:24]      • [Materi] Video Literasi M6 : Graf Berarah dan Implementasinya URL → Deadline: -
[2026-07-11 18:03:29]      • [Quiz] Kuis M6 [KELAS PAGI] : Graf Berarah dan Implementasinya → Deadline: Tidak diketahui
[2026-07-11 18:03:33]      • [Quiz] Kuis M6 [KELAS MALAM] : Graf Berarah dan Implementasinya → Deadline: Tidak diketahui
[2026-07-11 18:03:38]      • [Materi] M8 : Penerapan Teori Graf di Bidang Teknik Sipil File → Deadline: -
[2026-07-11 18:03:43]      • [Materi] Video Literasi M8 : Penerapan Teori Graf di Bidang Teknik Sipil URL → Deadline: -
[2026-07-11 18:03:47]      • [Quiz] Kuis M8 [KELAS PAGI] : Penerapan Teori Graf di Bidang Teknik Sipil → Deadline: Tidak diketahui
[2026-07-11 18:03:51]      • [Quiz] Kuis M8 [KELAS MALAM] : Penerapan Teori Graf di Bidang Teknik Sipil → Deadline: Tidak diketahui
[2026-07-11 18:03:54]      • [Materi] M10 : Penerapan Teori Graf  di Bidang Teknik Industri File → Deadline: -
[2026-07-11 18:03:58]      • [Materi] Video Literasi M10 : Penerapan Teori Graf  di Bidang Teknik Industri URL → Deadline: -
[2026-07-11 18:04:02]      • [Quiz] Kuis M10 [kelas pagi] : Penerapan Teori Graf  di Bidang Teknik Industri → Deadline: Tidak diketahui
[2026-07-11 18:04:07]      • [Quiz] Kuis M10 [kelas malam]: Penerapan Teori Graf  di Bidang Teknik Industri → Deadline: Tidak diketahui
[2026-07-11 18:04:11]      • [Materi] M11 : Program Dinamis dan Permasalahan Tata Letak Fasilitas File → Deadline: -
[2026-07-11 18:04:15]      • [Materi] video literasi : Program Dinamis dan Permasalahan Tata Letak Fasilitas URL → Deadline: -
[2026-07-11 18:04:19]      • [Quiz] Kuis M11 [kelas PAGI]: Program Dinamis dan Permasalahan Tata Letak Fasilitas → Deadline: Tidak diketahui
[2026-07-11 18:04:24]      • [Quiz] Kuis M11 [kelas MALAM]: Program Dinamis dan Permasalahan Tata Letak Fasilitas → Deadline: Tidak diketahui
[2026-07-11 18:04:28]      • [Materi] M12: Algoritma Greedy pada Graf File → Deadline: -
[2026-07-11 18:04:32]      • [Materi] Video literasi M12: Algoritma Greedy pada Graf URL → Deadline: -
[2026-07-11 18:04:36]      • [Quiz] Kuis M12 [kelas PAGI] → Deadline: Tidak diketahui
[2026-07-11 18:04:40]      • [Quiz] Kuis M12 [kelas MALAM] → Deadline: Tidak diketahui
[2026-07-11 18:04:44]      • [Materi] M13 File → Deadline: -
[2026-07-11 18:04:48]      • [Materi] Video Literasi M13 : Graph Theory Implementation in Oil Mining Company URL → Deadline: -
[2026-07-11 18:04:53]      • [Quiz] Kuis M13 [PAGI]: Graph Theory Implementation in Oil Mining Company → Deadline: Tidak diketahui
[2026-07-11 18:04:58]      • [Quiz] Kuis M13 [MALAM]: Graph Theory Implementation in Oil Mining Company → Deadline: Tidak diketahui
[2026-07-11 18:05:02] 📚 Mengambil mata kuliah ID 104413 ...
[2026-07-11 18:05:02]   ➤ ATA 2025/2026 | 3-FIKTI | Praktikum Terapan Teori Graf
[2026-07-11 18:05:02]      • [Materi] Panduan Praktikum  Forum → Deadline: -
[2026-07-11 18:05:07]      • [Materi] Panduan Google Collaboratory URL → Deadline: -
[2026-07-11 18:05:11]      • [Materi] Panduan Instalasi Anaconda URL → Deadline: -
[2026-07-11 18:05:15]      • [Quiz] Pre-Test (M1) → Deadline: Tidak diketahui
[2026-07-11 18:05:19]      • [Materi] 1.1  Pengantar: Teori Graf URL → Deadline: -
[2026-07-11 18:05:24]      • [Materi] 1.2  Sesi Hands-on Praktikum URL → Deadline: -
[2026-07-11 18:05:28]      • [Materi] 1.3 Tutorial Menambahkan File pada Mesin DGX URL → Deadline: -
[2026-07-11 18:05:33]      • [Quiz] Post-Test (M1) → Deadline: Tidak diketahui
[2026-07-11 18:05:37]      • [Assignment] Pengumpulan Tugas (M1) → Deadline: Saturday, 7 March 2026, 11:59 PM
[2026-07-11 18:05:41]      • [Quiz] Pre-Test (M2) → Deadline: Tidak diketahui
[2026-07-11 18:05:45]      • [Materi] 2.1  Pengantar: Berbagai Pemecahan Masalah Menggunakan Teori Graf Page → Deadline: -
[2026-07-11 18:05:49]      • [Quiz] Post-Test (M2) → Deadline: Tidak diketahui
[2026-07-11 18:05:53]      • [Assignment] Pengumpulan Tugas (M2) → Deadline: Saturday, 14 March 2026, 11:59 PM
[2026-07-11 18:05:58]      • [Quiz] Pre-Test (M4) → Deadline: Tidak diketahui
[2026-07-11 18:06:02]      • [Materi] 4.1  Pengantar: Breadth First Search URL → Deadline: -
[2026-07-11 18:06:07]      • [Materi] Sesi Praktikum File → Deadline: -
[2026-07-11 18:06:11]      • [Materi] Video Tutorial: Mendownload File IPYNB di Virtual Class URL → Deadline: -
[2026-07-11 18:06:15]      • [Quiz] Post-Test (M4) → Deadline: Tidak diketahui
[2026-07-11 18:06:18]      • [Assignment] Laporan Akhir (M4) → Deadline: Saturday, 11 April 2026, 11:59 PM
[2026-07-11 18:06:23]      • [Quiz] Pre-Test (M5) → Deadline: Tidak diketahui
[2026-07-11 18:06:27]      • [Materi] Sesi Praktikum URL → Deadline: -
[2026-07-11 18:06:31]      • [Quiz] Post-Test (M5) → Deadline: Tidak diketahui
[2026-07-11 18:06:36]      • [Assignment] Laporan Akhir (M5) → Deadline: Saturday, 18 April 2026, 11:59 PM
[2026-07-11 18:06:40]      • [Quiz] Pre-Test (M6) → Deadline: Tidak diketahui
[2026-07-11 18:06:45]      • [Materi] 6.1  Pendahuluan: Algoritma Dasar Tree URL → Deadline: -
[2026-07-11 18:06:49]      • [Materi] Sesi Praktikum File → Deadline: -
[2026-07-11 18:06:53]      • [Quiz] Post-Test (M6) → Deadline: Tidak diketahui
[2026-07-11 18:06:58]      • [Assignment] Laporan Akhir (M6) → Deadline: Saturday, 25 April 2026, 11:59 PM
[2026-07-11 18:07:02]      • [Quiz] Pre-Test (M8) → Deadline: Tidak diketahui
[2026-07-11 18:07:07]      • [Materi] 8.1  Pendahuluan: Implementasi Graph URL → Deadline: -
[2026-07-11 18:07:11]      • [Materi] Link File Praktikum I - family.pl → Deadline: -
[2026-07-11 18:07:16]      • [Materi] Link File Praktikum II - 8-puzzles.ipynb → Deadline: -
[2026-07-11 18:07:20]      • [Materi] Video Tutorial: Mendownload File IPYNB di Virtual Class URL → Deadline: -
[2026-07-11 18:07:24]      • [Quiz] Post-Test (M8) → Deadline: Tidak diketahui
[2026-07-11 18:07:29]      • [Assignment] Laporan Akhir (M8) → Deadline: Saturday, 9 May 2026, 11:59 PM
[2026-07-11 18:07:33]      • [Quiz] Pre-Test (M9) → Deadline: Tidak diketahui
[2026-07-11 18:07:37]      • [Materi] Sesi Hands-on Praktikum URL → Deadline: -
[2026-07-11 18:07:42]      • [Quiz] Post-Test (M9) → Deadline: Tidak diketahui
[2026-07-11 18:07:46]      • [Assignment] Pengumpulan Tugas (M9) → Deadline: Saturday, 16 May 2026, 11:59 PM
[2026-07-11 18:07:51]      • [Quiz] Pre-Test (M3) → Deadline: Tidak diketahui
[2026-07-11 18:07:54]      • [Materi] Sesi Praktikum URL → Deadline: -
[2026-07-11 18:07:58]      • [Materi] Video Tutorial: Menambahkan File pada Mesin DGX URL → Deadline: -
[2026-07-11 18:08:02]      • [Quiz] Post-Test (M3) → Deadline: Tidak diketahui
[2026-07-11 18:08:06]      • [Assignment] Pengumpulan Tugas (M3) → Deadline: Saturday, 23 May 2026, 11:59 PM
[2026-07-11 18:08:10]      • [Quiz] Pre-Test (M7) → Deadline: Tidak diketahui
[2026-07-11 18:08:13]      • [Materi] Link File Praktikum I - 3-Tekrek-Find-Center.ipynb → Deadline: -
[2026-07-11 18:08:17]      • [Materi] Link File Praktikum II - 3-Tekrek-Sortest-Path.ipynb → Deadline: -
[2026-07-11 18:08:22]      • [Materi] Video Tutorial: Mendownload File IPYNB di Virtual Class URL → Deadline: -
[2026-07-11 18:08:26]      • [Quiz] Post-Test (M7) → Deadline: Tidak diketahui
[2026-07-11 18:08:31]      • [Assignment] Laporan Akhir (M7) → Deadline: Saturday, 23 May 2026, 11:59 PM
[2026-07-11 18:08:36] 📦 Total tugas ditemukan: 120
[2026-07-11 18:08:36] 💾 Disimpan ke python/node/tugas.json
