[2026-06-18 09:45:33] 🔐 Login ke V-Class...
[2026-06-18 09:45:34] ✅ Login berhasil
[2026-06-18 09:45:34] 📚 Mengambil mata kuliah ID 108486 ...
[2026-06-18 09:45:34]   ➤ ATA 2025/2026 | 3KB01 | Jaringan Komputer Lanjut | VIVIEN NOVA FITHRIANA
[2026-06-18 09:45:34]      • [Materi] Announcements Forum → Deadline: -
[2026-06-18 09:45:39]      • [Materi] M1 File → Deadline: -
[2026-06-18 09:45:44]      • [Materi] M2 File → Deadline: -
[2026-06-18 09:45:48]      • [Materi] M3 File → Deadline: -
[2026-06-18 09:45:52]      • [Materi] M4 File → Deadline: -
[2026-06-18 09:45:56]      • [Materi] M5 File → Deadline: -
[2026-06-18 09:46:01]      • [Materi] M6 File → Deadline: -
[2026-06-18 09:46:05]      • [Materi] M7 File → Deadline: -
[2026-06-18 09:46:09]      • [Materi] VC-1 : Traffic dan Algoritma Kendali Kemacetan File → Deadline: -
[2026-06-18 09:46:13]      • [Materi] VC-1 : Traffic dan Algoritma Kendali Kemacetan File → Deadline: -
[2026-06-18 09:46:17]      • [Materi] Forum VC-1 : Traffic dan Algoritma Kendali Kemacetan → Deadline: -
[2026-06-18 09:46:22]      • [Quiz] Latihan Soal VC-1 : Traffic dan Algoritma Kendali Kemacetan → Deadline: Tidak diketahui
[2026-06-18 09:46:27]      • [Materi] VC-2 : Traffic dan Algoritma Kendali Kemacetan - Bagian 2 File → Deadline: -
[2026-06-18 09:46:31]      • [Materi] Forum VC-2 : Traffic dan Algoritma Kendali Kemacetan - Bagian 2 → Deadline: -
[2026-06-18 09:46:35]      • [Quiz] Latihan Soal VC-2 : Traffic dan Algoritma Kendali Kemacetan - Bagian 2 → Deadline: Tidak diketahui
[2026-06-18 09:46:40]      • [Materi] VC-3 : Lapisan Transport File → Deadline: -
[2026-06-18 09:46:44]      • [Materi] Forum VC-3 : Lapisan Transport → Deadline: -
[2026-06-18 09:46:49]      • [Quiz] Latihan Soal VC-3 : Lapisan Transport → Deadline: Wednesday, 15 July 2026, 11:59 PM
[2026-06-18 09:46:54] 📚 Mengambil mata kuliah ID 108172 ...
[2026-06-18 09:46:54]   ➤ ATA 2025/2026 | 3KB01 | Internet of Things (IoT) | PURNAWARMAN MUSA
[2026-06-18 09:46:54]      • [Materi] Announcements Forum → Deadline: -
[2026-06-18 09:46:57]      • [Materi] M6 File → Deadline: -
[2026-06-18 09:47:01]      • [Quiz] Soal (Tugas Individu) → Deadline: Tidak diketahui
[2026-06-18 09:47:05]      • [Quiz] Soal (Tugas Individu) → Deadline: Tidak diketahui
[2026-06-18 09:47:10] 📚 Mengambil mata kuliah ID 109563 ...
[2026-06-18 09:47:10]   ➤ ATA 2025/2026 | 3KB01 | Sistem Tertanam (Embedded) * | RIDHA ISKANDAR
[2026-06-18 09:47:10]      • [Materi] Selamat Datang di V-Class Sistem Tertanam (Embedded) Forum → Deadline: -
[2026-06-18 09:47:15]      • [Assignment] File 1 → Deadline: Sunday, 26 April 2026, 12:00 AM
[2026-06-18 09:47:18] 📚 Mengambil mata kuliah ID 109970 ...
[2026-06-18 09:47:18]   ➤ ATA 2025/2026 | 2EB10 | Bahasa Indonesia | MELANIAWATI
[2026-06-18 09:47:18] 📚 Mengambil mata kuliah ID 107919 ...
[2026-06-18 09:47:19]   ➤ ATA 2025/2026 | 3KB01 | Sistem Cerdas Lanjut | NUR SULTAN SALAHUDDIN
[2026-06-18 09:47:19]      • [Materi] Announcements Forum → Deadline: -
[2026-06-18 09:47:23]      • [Assignment] Sistem Kesehatan Cerdas → Deadline: Thursday, 21 May 2026, 12:00 AM
[2026-06-18 09:47:27]      • [Quiz] Sistem Kesehatan Cerdas → Deadline: Tidak diketahui
[2026-06-18 09:47:31] 📚 Mengambil mata kuliah ID 107291 ...
[2026-06-18 09:47:31]   ➤ ATA 2025/2026 | 3KB01 | Pengantarmukaan Perif.Komputer * | FARID THALIB
[2026-06-18 09:47:31]      • [Materi] Announcements Forum → Deadline: -
[2026-06-18 09:47:35] 📚 Mengambil mata kuliah ID 104438 ...
[2026-06-18 09:47:35]   ➤ ATA 2025/2026 | 3-FIKTI | Terapan Teori Graf | TEAM TEACHING
[2026-06-18 09:47:35]      • [Materi] PEMBERITAHUAN UTS SUSULAN File → Deadline: -
[2026-06-18 09:47:39]      • [Materi] PEMBERITAHUAN PELAKSANAAN TEAM TEACHING TERAPAN TEORI GRAF Forum → Deadline: -
[2026-06-18 09:47:43]      • [Materi] M1: Pendahuluan Teori Graf File → Deadline: -
[2026-06-18 09:47:48]      • [Materi] Video Literasi M1: Pendahuluan Teori Graf URL → Deadline: -
[2026-06-18 09:47:53]      • [Quiz] Kuis M1 [kelas PAGI] → Deadline: Tidak diketahui
[2026-06-18 09:47:57]      • [Quiz] Kuis M1 [kelas MALAM] → Deadline: Tidak diketahui
[2026-06-18 09:48:02]      • [Materi] M2: Graf Tidak Berarah dan Graf Berbobot File → Deadline: -
[2026-06-18 09:48:06]      • [Materi] Video Literasi M2 : Graf Tidak Berarah dan Graf Berbobot URL → Deadline: -
[2026-06-18 09:48:10]      • [Quiz] Kuis M2 [KELAS PAGI] : Graf Tidak Berarah dan Graf Berbobot → Deadline: Tidak diketahui
[2026-06-18 09:48:15]      • [Quiz] Kuis M2 [KELAS MALAM] : Graf Tidak Berarah dan Graf Berbobot → Deadline: Tidak diketahui
[2026-06-18 09:48:19]      • [Materi] M4 : Aplikasi Teori Graf di Teknik Elektro File → Deadline: -
[2026-06-18 09:48:24]      • [Materi] Video Literasi M4 : Aplikasi Teori Graf di Teknik Elektro URL → Deadline: -
[2026-06-18 09:48:29]      • [Quiz] Kuis M4 [KELAS PAGI]: Aplikasi Teori Graf di Teknik Elektro → Deadline: Tidak diketahui
[2026-06-18 09:48:34]      • [Quiz] Kuis M4 [KELAS MALAM]: Aplikasi Teori Graf di Teknik Elektro → Deadline: Tidak diketahui
[2026-06-18 09:48:38]      • [Materi] M5 : Knowledge Graph dan Database Graph File → Deadline: -
[2026-06-18 09:48:42]      • [Materi] Video Literasi  M5 : Knowledge Graph dan Database Graph URL → Deadline: -
[2026-06-18 09:48:46]      • [Quiz] Kuis M5 [KELAS PAGI] : nowledge Graph dan Database Graph → Deadline: Tidak diketahui
[2026-06-18 09:48:51]      • [Quiz] Kuis M5 [KELAS MALAM] : Knowledge Graph dan Database Graph → Deadline: Tidak diketahui
[2026-06-18 09:48:55]      • [Materi] M6 : Graf Berarah dan Implementasinya File → Deadline: -
[2026-06-18 09:48:59]      • [Materi] Video Literasi M6 : Graf Berarah dan Implementasinya URL → Deadline: -
[2026-06-18 09:49:03]      • [Quiz] Kuis M6 [KELAS PAGI] : Graf Berarah dan Implementasinya → Deadline: Tidak diketahui
[2026-06-18 09:49:07]      • [Quiz] Kuis M6 [KELAS MALAM] : Graf Berarah dan Implementasinya → Deadline: Tidak diketahui
[2026-06-18 09:49:11]      • [Materi] M8 : Penerapan Teori Graf di Bidang Teknik Sipil File → Deadline: -
[2026-06-18 09:49:15]      • [Materi] Video Literasi M8 : Penerapan Teori Graf di Bidang Teknik Sipil URL → Deadline: -
[2026-06-18 09:49:19]      • [Quiz] Kuis M8 [KELAS PAGI] : Penerapan Teori Graf di Bidang Teknik Sipil → Deadline: Tidak diketahui
[2026-06-18 09:49:24]      • [Quiz] Kuis M8 [KELAS MALAM] : Penerapan Teori Graf di Bidang Teknik Sipil → Deadline: Tidak diketahui
[2026-06-18 09:49:29]      • [Materi] M10 : Penerapan Teori Graf  di Bidang Teknik Industri File → Deadline: -
[2026-06-18 09:49:33]      • [Materi] Video Literasi M10 : Penerapan Teori Graf  di Bidang Teknik Industri URL → Deadline: -
[2026-06-18 09:49:37]      • [Quiz] Kuis M10 [kelas pagi] : Penerapan Teori Graf  di Bidang Teknik Industri → Deadline: Tidak diketahui
[2026-06-18 09:49:41]      • [Quiz] Kuis M10 [kelas malam]: Penerapan Teori Graf  di Bidang Teknik Industri → Deadline: Tidak diketahui
[2026-06-18 09:49:45] 📚 Mengambil mata kuliah ID 104413 ...
[2026-06-18 09:49:45]   ➤ ATA 2025/2026 | 3-FIKTI | Praktikum Terapan Teori Graf
[2026-06-18 09:49:45]      • [Materi] Panduan Praktikum  Forum → Deadline: -
[2026-06-18 09:49:49]      • [Materi] Panduan Google Collaboratory URL → Deadline: -
[2026-06-18 09:49:54]      • [Materi] Panduan Instalasi Anaconda URL → Deadline: -
[2026-06-18 09:49:59]      • [Quiz] Pre-Test (M1) → Deadline: Tidak diketahui
[2026-06-18 09:50:04]      • [Materi] 1.1  Pengantar: Teori Graf URL → Deadline: -
[2026-06-18 09:50:08]      • [Materi] 1.2  Sesi Hands-on Praktikum URL → Deadline: -
[2026-06-18 09:50:12]      • [Materi] 1.3 Tutorial Menambahkan File pada Mesin DGX URL → Deadline: -
[2026-06-18 09:50:17]      • [Quiz] Post-Test (M1) → Deadline: Tidak diketahui
[2026-06-18 09:50:21]      • [Assignment] Pengumpulan Tugas (M1) → Deadline: Saturday, 7 March 2026, 11:59 PM
[2026-06-18 09:50:26]      • [Quiz] Pre-Test (M2) → Deadline: Tidak diketahui
[2026-06-18 09:50:30]      • [Materi] 2.1  Pengantar: Berbagai Pemecahan Masalah Menggunakan Teori Graf Page → Deadline: -
[2026-06-18 09:50:34]      • [Quiz] Post-Test (M2) → Deadline: Tidak diketahui
[2026-06-18 09:50:39]      • [Assignment] Pengumpulan Tugas (M2) → Deadline: Saturday, 14 March 2026, 11:59 PM
[2026-06-18 09:50:44]      • [Quiz] Pre-Test (M4) → Deadline: Tidak diketahui
[2026-06-18 09:50:48]      • [Materi] 4.1  Pengantar: Breadth First Search URL → Deadline: -
[2026-06-18 09:50:53]      • [Materi] Sesi Praktikum File → Deadline: -
[2026-06-18 09:50:57]      • [Materi] Video Tutorial: Mendownload File IPYNB di Virtual Class URL → Deadline: -
[2026-06-18 09:51:01]      • [Quiz] Post-Test (M4) → Deadline: Tidak diketahui
[2026-06-18 09:51:06]      • [Assignment] Laporan Akhir (M4) → Deadline: Saturday, 11 April 2026, 11:59 PM
[2026-06-18 09:51:10]      • [Quiz] Pre-Test (M5) → Deadline: Tidak diketahui
[2026-06-18 09:51:15]      • [Materi] Sesi Praktikum URL → Deadline: -
[2026-06-18 09:51:19]      • [Quiz] Post-Test (M5) → Deadline: Tidak diketahui
[2026-06-18 09:51:23]      • [Assignment] Laporan Akhir (M5) → Deadline: Saturday, 18 April 2026, 11:59 PM
[2026-06-18 09:51:27]      • [Quiz] Pre-Test (M6) → Deadline: Tidak diketahui
[2026-06-18 09:51:31]      • [Materi] 6.1  Pendahuluan: Algoritma Dasar Tree URL → Deadline: -
[2026-06-18 09:51:35]      • [Materi] Sesi Praktikum File → Deadline: -
[2026-06-18 09:51:39]      • [Quiz] Post-Test (M6) → Deadline: Tidak diketahui
[2026-06-18 09:51:44]      • [Assignment] Laporan Akhir (M6) → Deadline: Saturday, 25 April 2026, 11:59 PM
[2026-06-18 09:51:49]      • [Quiz] Pre-Test (M8) → Deadline: Tidak diketahui
[2026-06-18 09:51:53]      • [Materi] 8.1  Pendahuluan: Implementasi Graph URL → Deadline: -
[2026-06-18 09:51:57]      • [Materi] Link File Praktikum I - family.pl → Deadline: -
[2026-06-18 09:52:01]      • [Materi] Link File Praktikum II - 8-puzzles.ipynb → Deadline: -
[2026-06-18 09:52:05]      • [Materi] Video Tutorial: Mendownload File IPYNB di Virtual Class URL → Deadline: -
[2026-06-18 09:52:09]      • [Quiz] Post-Test (M8) → Deadline: Tidak diketahui
[2026-06-18 09:52:13]      • [Assignment] Laporan Akhir (M8) → Deadline: Saturday, 9 May 2026, 11:59 PM
[2026-06-18 09:52:18]      • [Quiz] Pre-Test (M9) → Deadline: Tidak diketahui
[2026-06-18 09:52:23]      • [Materi] Sesi Hands-on Praktikum URL → Deadline: -
[2026-06-18 09:52:27]      • [Quiz] Post-Test (M9) → Deadline: Tidak diketahui
[2026-06-18 09:52:31]      • [Assignment] Pengumpulan Tugas (M9) → Deadline: Saturday, 16 May 2026, 11:59 PM
[2026-06-18 09:52:35]      • [Quiz] Pre-Test (M3) → Deadline: Tidak diketahui
[2026-06-18 09:52:39]      • [Materi] Sesi Praktikum URL → Deadline: -
[2026-06-18 09:52:43]      • [Materi] Video Tutorial: Menambahkan File pada Mesin DGX URL → Deadline: -
[2026-06-18 09:52:46]      • [Quiz] Post-Test (M3) → Deadline: Tidak diketahui
[2026-06-18 09:52:51]      • [Assignment] Pengumpulan Tugas (M3) → Deadline: Saturday, 23 May 2026, 11:59 PM
[2026-06-18 09:52:55]      • [Quiz] Pre-Test (M7) → Deadline: Tidak diketahui
[2026-06-18 09:52:59]      • [Materi] Link File Praktikum I - 3-Tekrek-Find-Center.ipynb → Deadline: -
[2026-06-18 09:53:03]      • [Materi] Link File Praktikum II - 3-Tekrek-Sortest-Path.ipynb → Deadline: -
[2026-06-18 09:53:07]      • [Materi] Video Tutorial: Mendownload File IPYNB di Virtual Class URL → Deadline: -
[2026-06-18 09:53:12]      • [Quiz] Post-Test (M7) → Deadline: Tidak diketahui
[2026-06-18 09:53:15]      • [Assignment] Laporan Akhir (M7) → Deadline: Saturday, 23 May 2026, 11:59 PM
[2026-06-18 09:53:19] 📦 Total tugas ditemukan: 108
[2026-06-18 09:53:19] 💾 Disimpan ke python/node/tugas.json
[2026-06-18 18:00:19] 🔐 Login ke V-Class...
[2026-06-18 18:00:20] ✅ Login berhasil
[2026-06-18 18:00:20] 📚 Mengambil mata kuliah ID 108486 ...
[2026-06-18 18:00:20]   ➤ ATA 2025/2026 | 3KB01 | Jaringan Komputer Lanjut | VIVIEN NOVA FITHRIANA
[2026-06-18 18:00:20]      • [Materi] Announcements Forum → Deadline: -
[2026-06-18 18:00:25]      • [Materi] M1 File → Deadline: -
[2026-06-18 18:00:29]      • [Materi] M2 File → Deadline: -
[2026-06-18 18:00:33]      • [Materi] M3 File → Deadline: -
[2026-06-18 18:00:38]      • [Materi] M4 File → Deadline: -
[2026-06-18 18:00:41]      • [Materi] M5 File → Deadline: -
[2026-06-18 18:00:46]      • [Materi] M6 File → Deadline: -
[2026-06-18 18:00:50]      • [Materi] M7 File → Deadline: -
[2026-06-18 18:00:55]      • [Materi] VC-1 : Traffic dan Algoritma Kendali Kemacetan File → Deadline: -
[2026-06-18 18:01:00]      • [Materi] VC-1 : Traffic dan Algoritma Kendali Kemacetan File → Deadline: -
[2026-06-18 18:01:04]      • [Materi] Forum VC-1 : Traffic dan Algoritma Kendali Kemacetan → Deadline: -
[2026-06-18 18:01:09]      • [Quiz] Latihan Soal VC-1 : Traffic dan Algoritma Kendali Kemacetan → Deadline: Tidak diketahui
[2026-06-18 18:01:13]      • [Materi] VC-2 : Traffic dan Algoritma Kendali Kemacetan - Bagian 2 File → Deadline: -
[2026-06-18 18:01:17]      • [Materi] Forum VC-2 : Traffic dan Algoritma Kendali Kemacetan - Bagian 2 → Deadline: -
[2026-06-18 18:01:21]      • [Quiz] Latihan Soal VC-2 : Traffic dan Algoritma Kendali Kemacetan - Bagian 2 → Deadline: Tidak diketahui
[2026-06-18 18:01:25]      • [Materi] VC-3 : Lapisan Transport File → Deadline: -
[2026-06-18 18:01:30]      • [Materi] Forum VC-3 : Lapisan Transport → Deadline: -
[2026-06-18 18:01:34]      • [Quiz] Latihan Soal VC-3 : Lapisan Transport → Deadline: Wednesday, 15 July 2026, 11:59 PM
[2026-06-18 18:01:39] 📚 Mengambil mata kuliah ID 108172 ...
[2026-06-18 18:01:39]   ➤ ATA 2025/2026 | 3KB01 | Internet of Things (IoT) | PURNAWARMAN MUSA
[2026-06-18 18:01:39]      • [Materi] Announcements Forum → Deadline: -
[2026-06-18 18:01:43]      • [Materi] M6 File → Deadline: -
[2026-06-18 18:01:47]      • [Quiz] Soal (Tugas Individu) → Deadline: Tidak diketahui
[2026-06-18 18:01:52]      • [Quiz] Soal (Tugas Individu) → Deadline: Tidak diketahui
[2026-06-18 18:01:56] 📚 Mengambil mata kuliah ID 109563 ...
[2026-06-18 18:01:56]   ➤ ATA 2025/2026 | 3KB01 | Sistem Tertanam (Embedded) * | RIDHA ISKANDAR
[2026-06-18 18:01:56]      • [Materi] Selamat Datang di V-Class Sistem Tertanam (Embedded) Forum → Deadline: -
[2026-06-18 18:02:00]      • [Assignment] File 1 → Deadline: Sunday, 26 April 2026, 12:00 AM
[2026-06-18 18:02:05] 📚 Mengambil mata kuliah ID 109970 ...
[2026-06-18 18:02:05]   ➤ ATA 2025/2026 | 2EB10 | Bahasa Indonesia | MELANIAWATI
[2026-06-18 18:02:05] 📚 Mengambil mata kuliah ID 107919 ...
[2026-06-18 18:02:05]   ➤ ATA 2025/2026 | 3KB01 | Sistem Cerdas Lanjut | NUR SULTAN SALAHUDDIN
[2026-06-18 18:02:05]      • [Materi] Announcements Forum → Deadline: -
[2026-06-18 18:02:09]      • [Assignment] Sistem Kesehatan Cerdas → Deadline: Thursday, 21 May 2026, 12:00 AM
[2026-06-18 18:02:14]      • [Quiz] Sistem Kesehatan Cerdas → Deadline: Tidak diketahui
[2026-06-18 18:02:18] 📚 Mengambil mata kuliah ID 107291 ...
[2026-06-18 18:02:18]   ➤ ATA 2025/2026 | 3KB01 | Pengantarmukaan Perif.Komputer * | FARID THALIB
[2026-06-18 18:02:18]      • [Materi] Announcements Forum → Deadline: -
[2026-06-18 18:02:22] 📚 Mengambil mata kuliah ID 104438 ...
[2026-06-18 18:02:22]   ➤ ATA 2025/2026 | 3-FIKTI | Terapan Teori Graf | TEAM TEACHING
[2026-06-18 18:02:22]      • [Materi] PEMBERITAHUAN UTS SUSULAN File → Deadline: -
[2026-06-18 18:02:26]      • [Materi] PEMBERITAHUAN PELAKSANAAN TEAM TEACHING TERAPAN TEORI GRAF Forum → Deadline: -
[2026-06-18 18:02:31]      • [Materi] M1: Pendahuluan Teori Graf File → Deadline: -
[2026-06-18 18:02:35]      • [Materi] Video Literasi M1: Pendahuluan Teori Graf URL → Deadline: -
[2026-06-18 18:02:39]      • [Quiz] Kuis M1 [kelas PAGI] → Deadline: Tidak diketahui
[2026-06-18 18:02:42]      • [Quiz] Kuis M1 [kelas MALAM] → Deadline: Tidak diketahui
[2026-06-18 18:02:47]      • [Materi] M2: Graf Tidak Berarah dan Graf Berbobot File → Deadline: -
[2026-06-18 18:02:52]      • [Materi] Video Literasi M2 : Graf Tidak Berarah dan Graf Berbobot URL → Deadline: -
[2026-06-18 18:02:56]      • [Quiz] Kuis M2 [KELAS PAGI] : Graf Tidak Berarah dan Graf Berbobot → Deadline: Tidak diketahui
[2026-06-18 18:03:01]      • [Quiz] Kuis M2 [KELAS MALAM] : Graf Tidak Berarah dan Graf Berbobot → Deadline: Tidak diketahui
[2026-06-18 18:03:05]      • [Materi] M4 : Aplikasi Teori Graf di Teknik Elektro File → Deadline: -
[2026-06-18 18:03:10]      • [Materi] Video Literasi M4 : Aplikasi Teori Graf di Teknik Elektro URL → Deadline: -
[2026-06-18 18:03:14]      • [Quiz] Kuis M4 [KELAS PAGI]: Aplikasi Teori Graf di Teknik Elektro → Deadline: Tidak diketahui
[2026-06-18 18:03:19]      • [Quiz] Kuis M4 [KELAS MALAM]: Aplikasi Teori Graf di Teknik Elektro → Deadline: Tidak diketahui
[2026-06-18 18:03:23]      • [Materi] M5 : Knowledge Graph dan Database Graph File → Deadline: -
[2026-06-18 18:03:27]      • [Materi] Video Literasi  M5 : Knowledge Graph dan Database Graph URL → Deadline: -
[2026-06-18 18:03:31]      • [Quiz] Kuis M5 [KELAS PAGI] : nowledge Graph dan Database Graph → Deadline: Tidak diketahui
[2026-06-18 18:03:35]      • [Quiz] Kuis M5 [KELAS MALAM] : Knowledge Graph dan Database Graph → Deadline: Tidak diketahui
[2026-06-18 18:03:39]      • [Materi] M6 : Graf Berarah dan Implementasinya File → Deadline: -
[2026-06-18 18:03:44]      • [Materi] Video Literasi M6 : Graf Berarah dan Implementasinya URL → Deadline: -
[2026-06-18 18:03:48]      • [Quiz] Kuis M6 [KELAS PAGI] : Graf Berarah dan Implementasinya → Deadline: Tidak diketahui
[2026-06-18 18:03:52]      • [Quiz] Kuis M6 [KELAS MALAM] : Graf Berarah dan Implementasinya → Deadline: Tidak diketahui
[2026-06-18 18:03:56]      • [Materi] M8 : Penerapan Teori Graf di Bidang Teknik Sipil File → Deadline: -
[2026-06-18 18:04:00]      • [Materi] Video Literasi M8 : Penerapan Teori Graf di Bidang Teknik Sipil URL → Deadline: -
[2026-06-18 18:04:05]      • [Quiz] Kuis M8 [KELAS PAGI] : Penerapan Teori Graf di Bidang Teknik Sipil → Deadline: Tidak diketahui
[2026-06-18 18:04:09]      • [Quiz] Kuis M8 [KELAS MALAM] : Penerapan Teori Graf di Bidang Teknik Sipil → Deadline: Tidak diketahui
[2026-06-18 18:04:14]      • [Materi] M10 : Penerapan Teori Graf  di Bidang Teknik Industri File → Deadline: -
[2026-06-18 18:04:18]      • [Materi] Video Literasi M10 : Penerapan Teori Graf  di Bidang Teknik Industri URL → Deadline: -
[2026-06-18 18:04:22]      • [Quiz] Kuis M10 [kelas pagi] : Penerapan Teori Graf  di Bidang Teknik Industri → Deadline: Tidak diketahui
[2026-06-18 18:04:26]      • [Quiz] Kuis M10 [kelas malam]: Penerapan Teori Graf  di Bidang Teknik Industri → Deadline: Tidak diketahui
[2026-06-18 18:04:31] 📚 Mengambil mata kuliah ID 104413 ...
[2026-06-18 18:04:31]   ➤ ATA 2025/2026 | 3-FIKTI | Praktikum Terapan Teori Graf
[2026-06-18 18:04:31]      • [Materi] Panduan Praktikum  Forum → Deadline: -
[2026-06-18 18:04:36]      • [Materi] Panduan Google Collaboratory URL → Deadline: -
[2026-06-18 18:04:40]      • [Materi] Panduan Instalasi Anaconda URL → Deadline: -
[2026-06-18 18:04:44]      • [Quiz] Pre-Test (M1) → Deadline: Tidak diketahui
[2026-06-18 18:04:48]      • [Materi] 1.1  Pengantar: Teori Graf URL → Deadline: -
[2026-06-18 18:04:52]      • [Materi] 1.2  Sesi Hands-on Praktikum URL → Deadline: -
[2026-06-18 18:04:56]      • [Materi] 1.3 Tutorial Menambahkan File pada Mesin DGX URL → Deadline: -
[2026-06-18 18:05:00]      • [Quiz] Post-Test (M1) → Deadline: Tidak diketahui
[2026-06-18 18:05:04]      • [Assignment] Pengumpulan Tugas (M1) → Deadline: Saturday, 7 March 2026, 11:59 PM
[2026-06-18 18:05:10]      • [Quiz] Pre-Test (M2) → Deadline: Tidak diketahui
[2026-06-18 18:05:13]      • [Materi] 2.1  Pengantar: Berbagai Pemecahan Masalah Menggunakan Teori Graf Page → Deadline: -
[2026-06-18 18:05:18]      • [Quiz] Post-Test (M2) → Deadline: Tidak diketahui
[2026-06-18 18:05:22]      • [Assignment] Pengumpulan Tugas (M2) → Deadline: Saturday, 14 March 2026, 11:59 PM
[2026-06-18 18:05:27]      • [Quiz] Pre-Test (M4) → Deadline: Tidak diketahui
[2026-06-18 18:05:31]      • [Materi] 4.1  Pengantar: Breadth First Search URL → Deadline: -
[2026-06-18 18:05:36]      • [Materi] Sesi Praktikum File → Deadline: -
[2026-06-18 18:05:40]      • [Materi] Video Tutorial: Mendownload File IPYNB di Virtual Class URL → Deadline: -
[2026-06-18 18:05:44]      • [Quiz] Post-Test (M4) → Deadline: Tidak diketahui
[2026-06-18 18:05:48]      • [Assignment] Laporan Akhir (M4) → Deadline: Saturday, 11 April 2026, 11:59 PM
[2026-06-18 18:05:53]      • [Quiz] Pre-Test (M5) → Deadline: Tidak diketahui
[2026-06-18 18:05:58]      • [Materi] Sesi Praktikum URL → Deadline: -
[2026-06-18 18:06:02]      • [Quiz] Post-Test (M5) → Deadline: Tidak diketahui
[2026-06-18 18:06:07]      • [Assignment] Laporan Akhir (M5) → Deadline: Saturday, 18 April 2026, 11:59 PM
[2026-06-18 18:06:12]      • [Quiz] Pre-Test (M6) → Deadline: Tidak diketahui
[2026-06-18 18:06:17]      • [Materi] 6.1  Pendahuluan: Algoritma Dasar Tree URL → Deadline: -
[2026-06-18 18:06:22]      • [Materi] Sesi Praktikum File → Deadline: -
[2026-06-18 18:06:26]      • [Quiz] Post-Test (M6) → Deadline: Tidak diketahui
[2026-06-18 18:06:31]      • [Assignment] Laporan Akhir (M6) → Deadline: Saturday, 25 April 2026, 11:59 PM
[2026-06-18 18:06:35]      • [Quiz] Pre-Test (M8) → Deadline: Tidak diketahui
[2026-06-18 18:06:39]      • [Materi] 8.1  Pendahuluan: Implementasi Graph URL → Deadline: -
[2026-06-18 18:06:43]      • [Materi] Link File Praktikum I - family.pl → Deadline: -
[2026-06-18 18:06:47]      • [Materi] Link File Praktikum II - 8-puzzles.ipynb → Deadline: -
[2026-06-18 18:06:52]      • [Materi] Video Tutorial: Mendownload File IPYNB di Virtual Class URL → Deadline: -
[2026-06-18 18:06:58]      • [Quiz] Post-Test (M8) → Deadline: Tidak diketahui
[2026-06-18 18:07:01]      • [Assignment] Laporan Akhir (M8) → Deadline: Saturday, 9 May 2026, 11:59 PM
[2026-06-18 18:07:06]      • [Quiz] Pre-Test (M9) → Deadline: Tidak diketahui
[2026-06-18 18:07:10]      • [Materi] Sesi Hands-on Praktikum URL → Deadline: -
[2026-06-18 18:07:15]      • [Quiz] Post-Test (M9) → Deadline: Tidak diketahui
[2026-06-18 18:07:20]      • [Assignment] Pengumpulan Tugas (M9) → Deadline: Saturday, 16 May 2026, 11:59 PM
[2026-06-18 18:07:25]      • [Quiz] Pre-Test (M3) → Deadline: Tidak diketahui
[2026-06-18 18:07:29]      • [Materi] Sesi Praktikum URL → Deadline: -
[2026-06-18 18:07:34]      • [Materi] Video Tutorial: Menambahkan File pada Mesin DGX URL → Deadline: -
[2026-06-18 18:07:37]      • [Quiz] Post-Test (M3) → Deadline: Tidak diketahui
[2026-06-18 18:07:42]      • [Assignment] Pengumpulan Tugas (M3) → Deadline: Saturday, 23 May 2026, 11:59 PM
[2026-06-18 18:07:46]      • [Quiz] Pre-Test (M7) → Deadline: Tidak diketahui
[2026-06-18 18:07:51]      • [Materi] Link File Praktikum I - 3-Tekrek-Find-Center.ipynb → Deadline: -
[2026-06-18 18:07:56]      • [Materi] Link File Praktikum II - 3-Tekrek-Sortest-Path.ipynb → Deadline: -
[2026-06-18 18:07:59]      • [Materi] Video Tutorial: Mendownload File IPYNB di Virtual Class URL → Deadline: -
[2026-06-18 18:08:04]      • [Quiz] Post-Test (M7) → Deadline: Tidak diketahui
[2026-06-18 18:08:08]      • [Assignment] Laporan Akhir (M7) → Deadline: Saturday, 23 May 2026, 11:59 PM
[2026-06-18 18:08:13] 📦 Total tugas ditemukan: 108
[2026-06-18 18:08:13] 💾 Disimpan ke python/node/tugas.json
