[2026-06-02 09:45:04] 🔐 Login ke V-Class...
[2026-06-02 09:45:05] ✅ Login berhasil
[2026-06-02 09:45:05] 📚 Mengambil mata kuliah ID 108486 ...
[2026-06-02 09:45:05]   ➤ ATA 2025/2026 | 3KB01 | Jaringan Komputer Lanjut | VIVIEN NOVA FITHRIANA
[2026-06-02 09:45:05]      • [Materi] Announcements Forum → Deadline: -
[2026-06-02 09:45:09]      • [Materi] M1 File → Deadline: -
[2026-06-02 09:45:14]      • [Materi] M2 File → Deadline: -
[2026-06-02 09:45:17]      • [Materi] M3 File → Deadline: -
[2026-06-02 09:45:21]      • [Materi] M4 File → Deadline: -
[2026-06-02 09:45:25]      • [Materi] M5 File → Deadline: -
[2026-06-02 09:45:30]      • [Materi] M6 File → Deadline: -
[2026-06-02 09:45:34]      • [Materi] M7 File → Deadline: -
[2026-06-02 09:45:38]      • [Materi] VC-1 : Traffic dan Algoritma Kendali Kemacetan File → Deadline: -
[2026-06-02 09:45:42]      • [Materi] VC-1 : Traffic dan Algoritma Kendali Kemacetan File → Deadline: -
[2026-06-02 09:45:46]      • [Materi] Forum VC-1 : Traffic dan Algoritma Kendali Kemacetan → Deadline: -
[2026-06-02 09:45:50]      • [Quiz] Latihan Soal VC-1 : Traffic dan Algoritma Kendali Kemacetan → Deadline: Tidak diketahui
[2026-06-02 09:45:54]      • [Materi] VC-2 : Traffic dan Algoritma Kendali Kemacetan - Bagian 2 File → Deadline: -
[2026-06-02 09:45:58]      • [Materi] Forum VC-2 : Traffic dan Algoritma Kendali Kemacetan - Bagian 2 → Deadline: -
[2026-06-02 09:46:02]      • [Quiz] Latihan Soal VC-2 : Traffic dan Algoritma Kendali Kemacetan - Bagian 2 → Deadline: Tidak diketahui
[2026-06-02 09:46:07]      • [Materi] VC-3 : Lapisan Transport File → Deadline: -
[2026-06-02 09:46:11]      • [Materi] Forum VC-3 : Lapisan Transport → Deadline: -
[2026-06-02 09:46:15]      • [Quiz] Latihan Soal VC-3 : Lapisan Transport → Deadline: Wednesday, 15 July 2026, 11:59 PM
[2026-06-02 09:46:20] 📚 Mengambil mata kuliah ID 108172 ...
[2026-06-02 09:46:20]   ➤ ATA 2025/2026 | 3KB01 | Internet of Things (IoT) | PURNAWARMAN MUSA
[2026-06-02 09:46:20]      • [Materi] Announcements Forum → Deadline: -
[2026-06-02 09:46:24]      • [Materi] M6 File → Deadline: -
[2026-06-02 09:46:28]      • [Quiz] Soal (Tugas Individu) → Deadline: Tidak diketahui
[2026-06-02 09:46:32]      • [Quiz] Soal (Tugas Individu) → Deadline: Tidak diketahui
[2026-06-02 09:46:36] 📚 Mengambil mata kuliah ID 109563 ...
[2026-06-02 09:46:36]   ➤ ATA 2025/2026 | 3KB01 | Sistem Tertanam (Embedded) * | RIDHA ISKANDAR
[2026-06-02 09:46:36]      • [Materi] Selamat Datang di V-Class Sistem Tertanam (Embedded) Forum → Deadline: -
[2026-06-02 09:46:40]      • [Assignment] File 1 → Deadline: Sunday, 26 April 2026, 12:00 AM
[2026-06-02 09:46:45] 📚 Mengambil mata kuliah ID 109970 ...
[2026-06-02 09:46:45]   ➤ ATA 2025/2026 | 2EB10 | Bahasa Indonesia | MELANIAWATI
[2026-06-02 09:46:45] 📚 Mengambil mata kuliah ID 107919 ...
[2026-06-02 09:46:45]   ➤ ATA 2025/2026 | 3KB01 | Sistem Cerdas Lanjut | NUR SULTAN SALAHUDDIN
[2026-06-02 09:46:45]      • [Materi] Announcements Forum → Deadline: -
[2026-06-02 09:46:49]      • [Assignment] Sistem Kesehatan Cerdas → Deadline: Thursday, 21 May 2026, 12:00 AM
[2026-06-02 09:46:53]      • [Quiz] Sistem Kesehatan Cerdas → Deadline: Tidak diketahui
[2026-06-02 09:46:58] 📚 Mengambil mata kuliah ID 107291 ...
[2026-06-02 09:46:58]   ➤ ATA 2025/2026 | 3KB01 | Pengantarmukaan Perif.Komputer * | FARID THALIB
[2026-06-02 09:46:58]      • [Materi] Announcements Forum → Deadline: -
[2026-06-02 09:47:03] 📚 Mengambil mata kuliah ID 104438 ...
[2026-06-02 09:47:03]   ➤ ATA 2025/2026 | 3-FIKTI | Terapan Teori Graf | TEAM TEACHING
[2026-06-02 09:47:03]      • [Materi] PEMBERITAHUAN PELAKSANAAN TEAM TEACHING TERAPAN TEORI GRAF Forum → Deadline: -
[2026-06-02 09:47:08]      • [Materi] M1: Pendahuluan Teori Graf File → Deadline: -
[2026-06-02 09:47:13]      • [Materi] Video Literasi M1: Pendahuluan Teori Graf URL → Deadline: -
[2026-06-02 09:47:16]      • [Quiz] Kuis M1 [kelas PAGI] → Deadline: Tidak diketahui
[2026-06-02 09:47:20]      • [Quiz] Kuis M1 [kelas MALAM] → Deadline: Tidak diketahui
[2026-06-02 09:47:24]      • [Materi] M2: Graf Tidak Berarah dan Graf Berbobot File → Deadline: -
[2026-06-02 09:47:28]      • [Materi] Video Literasi M2 : Graf Tidak Berarah dan Graf Berbobot URL → Deadline: -
[2026-06-02 09:47:32]      • [Quiz] Kuis M2 [KELAS PAGI] : Graf Tidak Berarah dan Graf Berbobot → Deadline: Tidak diketahui
[2026-06-02 09:47:37]      • [Quiz] Kuis M2 [KELAS MALAM] : Graf Tidak Berarah dan Graf Berbobot → Deadline: Tidak diketahui
[2026-06-02 09:47:40]      • [Materi] M4 : Aplikasi Teori Graf di Teknik Elektro File → Deadline: -
[2026-06-02 09:47:44]      • [Materi] Video Literasi M4 : Aplikasi Teori Graf di Teknik Elektro URL → Deadline: -
[2026-06-02 09:47:49]      • [Quiz] Kuis M4 [KELAS PAGI]: Aplikasi Teori Graf di Teknik Elektro → Deadline: Tidak diketahui
[2026-06-02 09:47:54]      • [Quiz] Kuis M4 [KELAS MALAM]: Aplikasi Teori Graf di Teknik Elektro → Deadline: Tidak diketahui
[2026-06-02 09:47:58]      • [Materi] M5 : Knowledge Graph dan Database Graph File → Deadline: -
[2026-06-02 09:48:03]      • [Materi] Video Literasi  M5 : Knowledge Graph dan Database Graph URL → Deadline: -
[2026-06-02 09:48:07]      • [Quiz] Kuis M5 [KELAS PAGI] : nowledge Graph dan Database Graph → Deadline: Tidak diketahui
[2026-06-02 09:48:12]      • [Quiz] Kuis M5 [KELAS MALAM] : Knowledge Graph dan Database Graph → Deadline: Tidak diketahui
[2026-06-02 09:48:15]      • [Materi] M6 : Graf Berarah dan Implementasinya File → Deadline: -
[2026-06-02 09:48:20]      • [Materi] Video Literasi M6 : Graf Berarah dan Implementasinya URL → Deadline: -
[2026-06-02 09:48:24]      • [Quiz] Kuis M6 [KELAS PAGI] : Graf Berarah dan Implementasinya → Deadline: Tidak diketahui
[2026-06-02 09:48:28]      • [Quiz] Kuis M6 [KELAS MALAM] : Graf Berarah dan Implementasinya → Deadline: Tidak diketahui
[2026-06-02 09:48:32]      • [Materi] M8 : Penerapan Teori Graf di Bidang Teknik Sipil File → Deadline: -
[2026-06-02 09:48:37]      • [Materi] Video Literasi M8 : Penerapan Teori Graf di Bidang Teknik Sipil URL → Deadline: -
[2026-06-02 09:48:41]      • [Quiz] Kuis M8 [KELAS PAGI] : Penerapan Teori Graf di Bidang Teknik Sipil → Deadline: Tidak diketahui
[2026-06-02 09:48:45]      • [Quiz] Kuis M8 [KELAS MALAM] : Penerapan Teori Graf di Bidang Teknik Sipil → Deadline: Tidak diketahui
[2026-06-02 09:48:49]      • [Materi] M10 : Penerapan Teori Graf  di Bidang Teknik Industri File → Deadline: -
[2026-06-02 09:48:53]      • [Materi] Video Literasi M10 : Penerapan Teori Graf  di Bidang Teknik Industri URL → Deadline: -
[2026-06-02 09:48:59]      • [Quiz] Kuis M10 [kelas pagi] : Penerapan Teori Graf  di Bidang Teknik Industri → Deadline: Tidak diketahui
[2026-06-02 09:49:03]      • [Quiz] Kuis M10 [kelas malam]: Penerapan Teori Graf  di Bidang Teknik Industri → Deadline: Tidak diketahui
[2026-06-02 09:49:08] 📚 Mengambil mata kuliah ID 104413 ...
[2026-06-02 09:49:08]   ➤ ATA 2025/2026 | 3-FIKTI | Praktikum Terapan Teori Graf
[2026-06-02 09:49:08]      • [Materi] Panduan Praktikum  Forum → Deadline: -
[2026-06-02 09:49:12]      • [Materi] Panduan Google Collaboratory URL → Deadline: -
[2026-06-02 09:49:16]      • [Materi] Panduan Instalasi Anaconda URL → Deadline: -
[2026-06-02 09:49:21]      • [Quiz] Pre-Test (M1) → Deadline: Tidak diketahui
[2026-06-02 09:49:24]      • [Materi] 1.1  Pengantar: Teori Graf URL → Deadline: -
[2026-06-02 09:49:29]      • [Materi] 1.2  Sesi Hands-on Praktikum URL → Deadline: -
[2026-06-02 09:49:33]      • [Materi] 1.3 Tutorial Menambahkan File pada Mesin DGX URL → Deadline: -
[2026-06-02 09:49:38]      • [Quiz] Post-Test (M1) → Deadline: Tidak diketahui
[2026-06-02 09:49:42]      • [Assignment] Pengumpulan Tugas (M1) → Deadline: Saturday, 7 March 2026, 11:59 PM
[2026-06-02 09:49:47]      • [Quiz] Pre-Test (M2) → Deadline: Tidak diketahui
[2026-06-02 09:49:51]      • [Materi] 2.1  Pengantar: Berbagai Pemecahan Masalah Menggunakan Teori Graf Page → Deadline: -
[2026-06-02 09:49:55]      • [Quiz] Post-Test (M2) → Deadline: Tidak diketahui
[2026-06-02 09:50:00]      • [Assignment] Pengumpulan Tugas (M2) → Deadline: Saturday, 14 March 2026, 11:59 PM
[2026-06-02 09:50:04]      • [Quiz] Pre-Test (M4) → Deadline: Tidak diketahui
[2026-06-02 09:50:09]      • [Materi] 4.1  Pengantar: Breadth First Search URL → Deadline: -
[2026-06-02 09:50:13]      • [Materi] Sesi Praktikum File → Deadline: -
[2026-06-02 09:50:17]      • [Materi] Video Tutorial: Mendownload File IPYNB di Virtual Class URL → Deadline: -
[2026-06-02 09:50:21]      • [Quiz] Post-Test (M4) → Deadline: Tidak diketahui
[2026-06-02 09:50:25]      • [Assignment] Laporan Akhir (M4) → Deadline: Saturday, 11 April 2026, 11:59 PM
[2026-06-02 09:50:30]      • [Quiz] Pre-Test (M5) → Deadline: Tidak diketahui
[2026-06-02 09:50:35]      • [Materi] Sesi Praktikum URL → Deadline: -
[2026-06-02 09:50:40]      • [Quiz] Post-Test (M5) → Deadline: Tidak diketahui
[2026-06-02 09:50:45]      • [Assignment] Laporan Akhir (M5) → Deadline: Saturday, 18 April 2026, 11:59 PM
[2026-06-02 09:50:49]      • [Quiz] Pre-Test (M6) → Deadline: Tidak diketahui
[2026-06-02 09:50:53]      • [Materi] 6.1  Pendahuluan: Algoritma Dasar Tree URL → Deadline: -
[2026-06-02 09:50:57]      • [Materi] Sesi Praktikum File → Deadline: -
[2026-06-02 09:51:01]      • [Quiz] Post-Test (M6) → Deadline: Tidak diketahui
[2026-06-02 09:51:05]      • [Assignment] Laporan Akhir (M6) → Deadline: Saturday, 25 April 2026, 11:59 PM
[2026-06-02 09:51:09]      • [Quiz] Pre-Test (M8) → Deadline: Tidak diketahui
[2026-06-02 09:51:13]      • [Materi] 8.1  Pendahuluan: Implementasi Graph URL → Deadline: -
[2026-06-02 09:51:17]      • [Materi] Link File Praktikum I - family.pl → Deadline: -
[2026-06-02 09:51:22]      • [Materi] Link File Praktikum II - 8-puzzles.ipynb → Deadline: -
[2026-06-02 09:51:27]      • [Materi] Video Tutorial: Mendownload File IPYNB di Virtual Class URL → Deadline: -
[2026-06-02 09:51:31]      • [Quiz] Post-Test (M8) → Deadline: Tidak diketahui
[2026-06-02 09:51:36]      • [Assignment] Laporan Akhir (M8) → Deadline: Saturday, 9 May 2026, 11:59 PM
[2026-06-02 09:51:41]      • [Quiz] Pre-Test (M9) → Deadline: Tidak diketahui
[2026-06-02 09:51:45]      • [Materi] Sesi Hands-on Praktikum URL → Deadline: -
[2026-06-02 09:51:49]      • [Quiz] Post-Test (M9) → Deadline: Tidak diketahui
[2026-06-02 09:51:54]      • [Assignment] Pengumpulan Tugas (M9) → Deadline: Saturday, 16 May 2026, 11:59 PM
[2026-06-02 09:51:58]      • [Quiz] Pre-Test (M3) → Deadline: Tidak diketahui
[2026-06-02 09:52:02]      • [Materi] Sesi Praktikum URL → Deadline: -
[2026-06-02 09:52:05]      • [Materi] Video Tutorial: Menambahkan File pada Mesin DGX URL → Deadline: -
[2026-06-02 09:52:10]      • [Quiz] Post-Test (M3) → Deadline: Tidak diketahui
[2026-06-02 09:52:15]      • [Assignment] Pengumpulan Tugas (M3) → Deadline: Saturday, 23 May 2026, 11:59 PM
[2026-06-02 09:52:19]      • [Quiz] Pre-Test (M7) → Deadline: Tidak diketahui
[2026-06-02 09:52:24]      • [Materi] Link File Praktikum I - 3-Tekrek-Find-Center.ipynb → Deadline: -
[2026-06-02 09:52:28]      • [Materi] Link File Praktikum II - 3-Tekrek-Sortest-Path.ipynb → Deadline: -
[2026-06-02 09:52:32]      • [Materi] Video Tutorial: Mendownload File IPYNB di Virtual Class URL → Deadline: -
[2026-06-02 09:52:36]      • [Quiz] Post-Test (M7) → Deadline: Tidak diketahui
[2026-06-02 09:52:41]      • [Assignment] Laporan Akhir (M7) → Deadline: Saturday, 23 May 2026, 11:59 PM
[2026-06-02 09:52:45] 📦 Total tugas ditemukan: 107
[2026-06-02 09:52:45] 💾 Disimpan ke python/node/tugas.json
[2026-06-02 18:00:45] 🔐 Login ke V-Class...
[2026-06-02 18:00:46] ✅ Login berhasil
[2026-06-02 18:00:46] 📚 Mengambil mata kuliah ID 108486 ...
[2026-06-02 18:00:46]   ➤ ATA 2025/2026 | 3KB01 | Jaringan Komputer Lanjut | VIVIEN NOVA FITHRIANA
[2026-06-02 18:00:46]      • [Materi] Announcements Forum → Deadline: -
[2026-06-02 18:00:50]      • [Materi] M1 File → Deadline: -
[2026-06-02 18:00:55]      • [Materi] M2 File → Deadline: -
[2026-06-02 18:00:59]      • [Materi] M3 File → Deadline: -
[2026-06-02 18:01:03]      • [Materi] M4 File → Deadline: -
[2026-06-02 18:01:07]      • [Materi] M5 File → Deadline: -
[2026-06-02 18:01:11]      • [Materi] M6 File → Deadline: -
[2026-06-02 18:01:15]      • [Materi] M7 File → Deadline: -
[2026-06-02 18:01:18]      • [Materi] VC-1 : Traffic dan Algoritma Kendali Kemacetan File → Deadline: -
[2026-06-02 18:01:23]      • [Materi] VC-1 : Traffic dan Algoritma Kendali Kemacetan File → Deadline: -
[2026-06-02 18:01:28]      • [Materi] Forum VC-1 : Traffic dan Algoritma Kendali Kemacetan → Deadline: -
[2026-06-02 18:01:32]      • [Quiz] Latihan Soal VC-1 : Traffic dan Algoritma Kendali Kemacetan → Deadline: Tidak diketahui
[2026-06-02 18:01:37]      • [Materi] VC-2 : Traffic dan Algoritma Kendali Kemacetan - Bagian 2 File → Deadline: -
[2026-06-02 18:01:41]      • [Materi] Forum VC-2 : Traffic dan Algoritma Kendali Kemacetan - Bagian 2 → Deadline: -
[2026-06-02 18:01:45]      • [Quiz] Latihan Soal VC-2 : Traffic dan Algoritma Kendali Kemacetan - Bagian 2 → Deadline: Tidak diketahui
[2026-06-02 18:01:49]      • [Materi] VC-3 : Lapisan Transport File → Deadline: -
[2026-06-02 18:01:53]      • [Materi] Forum VC-3 : Lapisan Transport → Deadline: -
[2026-06-02 18:01:58]      • [Quiz] Latihan Soal VC-3 : Lapisan Transport → Deadline: Wednesday, 15 July 2026, 11:59 PM
[2026-06-02 18:02:02] 📚 Mengambil mata kuliah ID 108172 ...
[2026-06-02 18:02:03]   ➤ ATA 2025/2026 | 3KB01 | Internet of Things (IoT) | PURNAWARMAN MUSA
[2026-06-02 18:02:03]      • [Materi] Announcements Forum → Deadline: -
[2026-06-02 18:02:07]      • [Materi] M6 File → Deadline: -
[2026-06-02 18:02:11]      • [Quiz] Soal (Tugas Individu) → Deadline: Tidak diketahui
[2026-06-02 18:02:15]      • [Quiz] Soal (Tugas Individu) → Deadline: Tidak diketahui
[2026-06-02 18:02:19] 📚 Mengambil mata kuliah ID 109563 ...
[2026-06-02 18:02:19]   ➤ ATA 2025/2026 | 3KB01 | Sistem Tertanam (Embedded) * | RIDHA ISKANDAR
[2026-06-02 18:02:19]      • [Materi] Selamat Datang di V-Class Sistem Tertanam (Embedded) Forum → Deadline: -
[2026-06-02 18:02:23]      • [Assignment] File 1 → Deadline: Sunday, 26 April 2026, 12:00 AM
[2026-06-02 18:02:27] 📚 Mengambil mata kuliah ID 109970 ...
[2026-06-02 18:02:27]   ➤ ATA 2025/2026 | 2EB10 | Bahasa Indonesia | MELANIAWATI
[2026-06-02 18:02:27] 📚 Mengambil mata kuliah ID 107919 ...
[2026-06-02 18:02:28]   ➤ ATA 2025/2026 | 3KB01 | Sistem Cerdas Lanjut | NUR SULTAN SALAHUDDIN
[2026-06-02 18:02:28]      • [Materi] Announcements Forum → Deadline: -
[2026-06-02 18:02:32]      • [Assignment] Sistem Kesehatan Cerdas → Deadline: Thursday, 21 May 2026, 12:00 AM
[2026-06-02 18:02:37]      • [Quiz] Sistem Kesehatan Cerdas → Deadline: Tidak diketahui
[2026-06-02 18:02:41] 📚 Mengambil mata kuliah ID 107291 ...
[2026-06-02 18:02:42]   ➤ ATA 2025/2026 | 3KB01 | Pengantarmukaan Perif.Komputer * | FARID THALIB
[2026-06-02 18:02:42]      • [Materi] Announcements Forum → Deadline: -
[2026-06-02 18:02:45] 📚 Mengambil mata kuliah ID 104438 ...
[2026-06-02 18:02:45]   ➤ ATA 2025/2026 | 3-FIKTI | Terapan Teori Graf | TEAM TEACHING
[2026-06-02 18:02:45]      • [Materi] PEMBERITAHUAN PELAKSANAAN TEAM TEACHING TERAPAN TEORI GRAF Forum → Deadline: -
[2026-06-02 18:02:50]      • [Materi] M1: Pendahuluan Teori Graf File → Deadline: -
[2026-06-02 18:02:55]      • [Materi] Video Literasi M1: Pendahuluan Teori Graf URL → Deadline: -
[2026-06-02 18:03:00]      • [Quiz] Kuis M1 [kelas PAGI] → Deadline: Tidak diketahui
[2026-06-02 18:03:05]      • [Quiz] Kuis M1 [kelas MALAM] → Deadline: Tidak diketahui
[2026-06-02 18:03:09]      • [Materi] M2: Graf Tidak Berarah dan Graf Berbobot File → Deadline: -
[2026-06-02 18:03:13]      • [Materi] Video Literasi M2 : Graf Tidak Berarah dan Graf Berbobot URL → Deadline: -
[2026-06-02 18:03:18]      • [Quiz] Kuis M2 [KELAS PAGI] : Graf Tidak Berarah dan Graf Berbobot → Deadline: Tidak diketahui
[2026-06-02 18:03:22]      • [Quiz] Kuis M2 [KELAS MALAM] : Graf Tidak Berarah dan Graf Berbobot → Deadline: Tidak diketahui
[2026-06-02 18:03:27]      • [Materi] M4 : Aplikasi Teori Graf di Teknik Elektro File → Deadline: -
[2026-06-02 18:03:31]      • [Materi] Video Literasi M4 : Aplikasi Teori Graf di Teknik Elektro URL → Deadline: -
[2026-06-02 18:03:36]      • [Quiz] Kuis M4 [KELAS PAGI]: Aplikasi Teori Graf di Teknik Elektro → Deadline: Tidak diketahui
[2026-06-02 18:03:41]      • [Quiz] Kuis M4 [KELAS MALAM]: Aplikasi Teori Graf di Teknik Elektro → Deadline: Tidak diketahui
[2026-06-02 18:03:46]      • [Materi] M5 : Knowledge Graph dan Database Graph File → Deadline: -
[2026-06-02 18:03:50]      • [Materi] Video Literasi  M5 : Knowledge Graph dan Database Graph URL → Deadline: -
[2026-06-02 18:03:54]      • [Quiz] Kuis M5 [KELAS PAGI] : nowledge Graph dan Database Graph → Deadline: Tidak diketahui
[2026-06-02 18:03:58]      • [Quiz] Kuis M5 [KELAS MALAM] : Knowledge Graph dan Database Graph → Deadline: Tidak diketahui
[2026-06-02 18:04:03]      • [Materi] M6 : Graf Berarah dan Implementasinya File → Deadline: -
[2026-06-02 18:04:07]      • [Materi] Video Literasi M6 : Graf Berarah dan Implementasinya URL → Deadline: -
[2026-06-02 18:04:12]      • [Quiz] Kuis M6 [KELAS PAGI] : Graf Berarah dan Implementasinya → Deadline: Tidak diketahui
[2026-06-02 18:04:16]      • [Quiz] Kuis M6 [KELAS MALAM] : Graf Berarah dan Implementasinya → Deadline: Tidak diketahui
[2026-06-02 18:04:21]      • [Materi] M8 : Penerapan Teori Graf di Bidang Teknik Sipil File → Deadline: -
[2026-06-02 18:04:25]      • [Materi] Video Literasi M8 : Penerapan Teori Graf di Bidang Teknik Sipil URL → Deadline: -
[2026-06-02 18:04:29]      • [Quiz] Kuis M8 [KELAS PAGI] : Penerapan Teori Graf di Bidang Teknik Sipil → Deadline: Tidak diketahui
[2026-06-02 18:04:34]      • [Quiz] Kuis M8 [KELAS MALAM] : Penerapan Teori Graf di Bidang Teknik Sipil → Deadline: Tidak diketahui
[2026-06-02 18:04:38]      • [Materi] M10 : Penerapan Teori Graf  di Bidang Teknik Industri File → Deadline: -
[2026-06-02 18:04:42]      • [Materi] Video Literasi M10 : Penerapan Teori Graf  di Bidang Teknik Industri URL → Deadline: -
[2026-06-02 18:04:48]      • [Quiz] Kuis M10 [kelas pagi] : Penerapan Teori Graf  di Bidang Teknik Industri → Deadline: Tidak diketahui
[2026-06-02 18:04:52]      • [Quiz] Kuis M10 [kelas malam]: Penerapan Teori Graf  di Bidang Teknik Industri → Deadline: Tidak diketahui
[2026-06-02 18:04:55] 📚 Mengambil mata kuliah ID 104413 ...
[2026-06-02 18:04:56]   ➤ ATA 2025/2026 | 3-FIKTI | Praktikum Terapan Teori Graf
[2026-06-02 18:04:56]      • [Materi] Panduan Praktikum  Forum → Deadline: -
[2026-06-02 18:05:00]      • [Materi] Panduan Google Collaboratory URL → Deadline: -
[2026-06-02 18:05:04]      • [Materi] Panduan Instalasi Anaconda URL → Deadline: -
[2026-06-02 18:05:09]      • [Quiz] Pre-Test (M1) → Deadline: Tidak diketahui
[2026-06-02 18:05:13]      • [Materi] 1.1  Pengantar: Teori Graf URL → Deadline: -
[2026-06-02 18:05:18]      • [Materi] 1.2  Sesi Hands-on Praktikum URL → Deadline: -
[2026-06-02 18:05:23]      • [Materi] 1.3 Tutorial Menambahkan File pada Mesin DGX URL → Deadline: -
[2026-06-02 18:05:27]      • [Quiz] Post-Test (M1) → Deadline: Tidak diketahui
[2026-06-02 18:05:31]      • [Assignment] Pengumpulan Tugas (M1) → Deadline: Saturday, 7 March 2026, 11:59 PM
[2026-06-02 18:05:35]      • [Quiz] Pre-Test (M2) → Deadline: Tidak diketahui
[2026-06-02 18:05:40]      • [Materi] 2.1  Pengantar: Berbagai Pemecahan Masalah Menggunakan Teori Graf Page → Deadline: -
[2026-06-02 18:05:44]      • [Quiz] Post-Test (M2) → Deadline: Tidak diketahui
[2026-06-02 18:05:49]      • [Assignment] Pengumpulan Tugas (M2) → Deadline: Saturday, 14 March 2026, 11:59 PM
[2026-06-02 18:05:54]      • [Quiz] Pre-Test (M4) → Deadline: Tidak diketahui
[2026-06-02 18:05:58]      • [Materi] 4.1  Pengantar: Breadth First Search URL → Deadline: -
[2026-06-02 18:06:03]      • [Materi] Sesi Praktikum File → Deadline: -
[2026-06-02 18:06:08]      • [Materi] Video Tutorial: Mendownload File IPYNB di Virtual Class URL → Deadline: -
[2026-06-02 18:06:13]      • [Quiz] Post-Test (M4) → Deadline: Tidak diketahui
[2026-06-02 18:06:16]      • [Assignment] Laporan Akhir (M4) → Deadline: Saturday, 11 April 2026, 11:59 PM
[2026-06-02 18:06:21]      • [Quiz] Pre-Test (M5) → Deadline: Tidak diketahui
[2026-06-02 18:06:25]      • [Materi] Sesi Praktikum URL → Deadline: -
[2026-06-02 18:06:29]      • [Quiz] Post-Test (M5) → Deadline: Tidak diketahui
[2026-06-02 18:06:33]      • [Assignment] Laporan Akhir (M5) → Deadline: Saturday, 18 April 2026, 11:59 PM
[2026-06-02 18:06:37]      • [Quiz] Pre-Test (M6) → Deadline: Tidak diketahui
[2026-06-02 18:06:42]      • [Materi] 6.1  Pendahuluan: Algoritma Dasar Tree URL → Deadline: -
[2026-06-02 18:06:47]      • [Materi] Sesi Praktikum File → Deadline: -
[2026-06-02 18:06:51]      • [Quiz] Post-Test (M6) → Deadline: Tidak diketahui
[2026-06-02 18:06:55]      • [Assignment] Laporan Akhir (M6) → Deadline: Saturday, 25 April 2026, 11:59 PM
[2026-06-02 18:07:00]      • [Quiz] Pre-Test (M8) → Deadline: Tidak diketahui
[2026-06-02 18:07:04]      • [Materi] 8.1  Pendahuluan: Implementasi Graph URL → Deadline: -
[2026-06-02 18:07:09]      • [Materi] Link File Praktikum I - family.pl → Deadline: -
[2026-06-02 18:07:14]      • [Materi] Link File Praktikum II - 8-puzzles.ipynb → Deadline: -
[2026-06-02 18:07:17]      • [Materi] Video Tutorial: Mendownload File IPYNB di Virtual Class URL → Deadline: -
[2026-06-02 18:07:22]      • [Quiz] Post-Test (M8) → Deadline: Tidak diketahui
[2026-06-02 18:07:26]      • [Assignment] Laporan Akhir (M8) → Deadline: Saturday, 9 May 2026, 11:59 PM
[2026-06-02 18:07:31]      • [Quiz] Pre-Test (M9) → Deadline: Tidak diketahui
[2026-06-02 18:07:35]      • [Materi] Sesi Hands-on Praktikum URL → Deadline: -
[2026-06-02 18:07:39]      • [Quiz] Post-Test (M9) → Deadline: Tidak diketahui
[2026-06-02 18:07:42]      • [Assignment] Pengumpulan Tugas (M9) → Deadline: Saturday, 16 May 2026, 11:59 PM
[2026-06-02 18:07:46]      • [Quiz] Pre-Test (M3) → Deadline: Tidak diketahui
[2026-06-02 18:07:50]      • [Materi] Sesi Praktikum URL → Deadline: -
[2026-06-02 18:07:54]      • [Materi] Video Tutorial: Menambahkan File pada Mesin DGX URL → Deadline: -
[2026-06-02 18:07:59]      • [Quiz] Post-Test (M3) → Deadline: Tidak diketahui
[2026-06-02 18:08:03]      • [Assignment] Pengumpulan Tugas (M3) → Deadline: Saturday, 23 May 2026, 11:59 PM
[2026-06-02 18:08:08]      • [Quiz] Pre-Test (M7) → Deadline: Tidak diketahui
[2026-06-02 18:08:11]      • [Materi] Link File Praktikum I - 3-Tekrek-Find-Center.ipynb → Deadline: -
[2026-06-02 18:08:16]      • [Materi] Link File Praktikum II - 3-Tekrek-Sortest-Path.ipynb → Deadline: -
[2026-06-02 18:08:20]      • [Materi] Video Tutorial: Mendownload File IPYNB di Virtual Class URL → Deadline: -
[2026-06-02 18:08:25]      • [Quiz] Post-Test (M7) → Deadline: Tidak diketahui
[2026-06-02 18:08:30]      • [Assignment] Laporan Akhir (M7) → Deadline: Saturday, 23 May 2026, 11:59 PM
[2026-06-02 18:08:34] 📦 Total tugas ditemukan: 107
[2026-06-02 18:08:34] 💾 Disimpan ke python/node/tugas.json
