[2026-07-15 09:45:49] 🔐 Login ke V-Class...
[2026-07-15 09:45:49] ✅ Login berhasil
[2026-07-15 09:45:49] 📚 Mengambil mata kuliah ID 108486 ...
[2026-07-15 09:45:49]   ➤ ATA 2025/2026 | 3KB01 | Jaringan Komputer Lanjut | VIVIEN NOVA FITHRIANA
[2026-07-15 09:45:49]      • [Materi] Announcements Forum → Deadline: -
[2026-07-15 09:45:53]      • [Materi] M1 File → Deadline: -
[2026-07-15 09:45:57]      • [Materi] M2 File → Deadline: -
[2026-07-15 09:46:01]      • [Materi] M3 File → Deadline: -
[2026-07-15 09:46:05]      • [Materi] M4 File → Deadline: -
[2026-07-15 09:46:08]      • [Materi] M5 File → Deadline: -
[2026-07-15 09:46:13]      • [Materi] M6 File → Deadline: -
[2026-07-15 09:46:17]      • [Materi] M7 File → Deadline: -
[2026-07-15 09:46:21]      • [Materi] VC-1 : Traffic dan Algoritma Kendali Kemacetan File → Deadline: -
[2026-07-15 09:46:25]      • [Materi] VC-1 : Traffic dan Algoritma Kendali Kemacetan File → Deadline: -
[2026-07-15 09:46:29]      • [Materi] Forum VC-1 : Traffic dan Algoritma Kendali Kemacetan → Deadline: -
[2026-07-15 09:46:33]      • [Quiz] Latihan Soal VC-1 : Traffic dan Algoritma Kendali Kemacetan → Deadline: Tidak diketahui
[2026-07-15 09:46:38]      • [Materi] VC-2 : Traffic dan Algoritma Kendali Kemacetan - Bagian 2 File → Deadline: -
[2026-07-15 09:46:42]      • [Materi] Forum VC-2 : Traffic dan Algoritma Kendali Kemacetan - Bagian 2 → Deadline: -
[2026-07-15 09:46:46]      • [Quiz] Latihan Soal VC-2 : Traffic dan Algoritma Kendali Kemacetan - Bagian 2 → Deadline: Tidak diketahui
[2026-07-15 09:46:50]      • [Materi] VC-3 : Lapisan Transport File → Deadline: -
[2026-07-15 09:46:54]      • [Materi] Forum VC-3 : Lapisan Transport → Deadline: -
[2026-07-15 09:46:58]      • [Quiz] Latihan Soal VC-3 : Lapisan Transport → Deadline: Wednesday, 15 July 2026, 11:59 PM
[2026-07-15 09:47:02] 📚 Mengambil mata kuliah ID 108172 ...
[2026-07-15 09:47:02]   ➤ ATA 2025/2026 | 3KB01 | Internet of Things (IoT) | PURNAWARMAN MUSA
[2026-07-15 09:47:02]      • [Materi] Announcements Forum → Deadline: -
[2026-07-15 09:47:06]      • [Materi] M6 File → Deadline: -
[2026-07-15 09:47:10]      • [Quiz] Soal (Tugas Individu) → Deadline: Tidak diketahui
[2026-07-15 09:47:15]      • [Quiz] Soal (Tugas Individu) → Deadline: Tidak diketahui
[2026-07-15 09:47:20] 📚 Mengambil mata kuliah ID 109563 ...
[2026-07-15 09:47:20]   ➤ ATA 2025/2026 | 3KB01 | Sistem Tertanam (Embedded) * | RIDHA ISKANDAR
[2026-07-15 09:47:20]      • [Materi] Selamat Datang di V-Class Sistem Tertanam (Embedded) Forum → Deadline: -
[2026-07-15 09:47:25]      • [Assignment] File 1 → Deadline: Sunday, 26 April 2026, 12:00 AM
[2026-07-15 09:47:29] 📚 Mengambil mata kuliah ID 109970 ...
[2026-07-15 09:47:29]   ➤ ATA 2025/2026 | 2EB10 | Bahasa Indonesia | MELANIAWATI
[2026-07-15 09:47:29] 📚 Mengambil mata kuliah ID 107919 ...
[2026-07-15 09:47:29]   ➤ ATA 2025/2026 | 3KB01 | Sistem Cerdas Lanjut | NUR SULTAN SALAHUDDIN
[2026-07-15 09:47:29]      • [Materi] Announcements Forum → Deadline: -
[2026-07-15 09:47:34]      • [Assignment] Sistem Kesehatan Cerdas → Deadline: Thursday, 21 May 2026, 12:00 AM
[2026-07-15 09:47:39]      • [Quiz] Sistem Kesehatan Cerdas → Deadline: Tidak diketahui
[2026-07-15 09:47:43] 📚 Mengambil mata kuliah ID 107291 ...
[2026-07-15 09:47:43]   ➤ ATA 2025/2026 | 3KB01 | Pengantarmukaan Perif.Komputer * | FARID THALIB
[2026-07-15 09:47:43]      • [Materi] Announcements Forum → Deadline: -
[2026-07-15 09:47:47] 📚 Mengambil mata kuliah ID 104438 ...
[2026-07-15 09:47:47]   ➤ ATA 2025/2026 | 3-FIKTI | Terapan Teori Graf | TEAM TEACHING
[2026-07-15 09:47:47]      • [Materi] PEMBERITAHUAN UTS SUSULAN File → Deadline: -
[2026-07-15 09:47:51]      • [Materi] PEMBERITAHUAN PELAKSANAAN TEAM TEACHING TERAPAN TEORI GRAF Forum → Deadline: -
[2026-07-15 09:47:55]      • [Materi] M1: Pendahuluan Teori Graf File → Deadline: -
[2026-07-15 09:47:59]      • [Materi] Video Literasi M1: Pendahuluan Teori Graf URL → Deadline: -
[2026-07-15 09:48:04]      • [Quiz] Kuis M1 [kelas PAGI] → Deadline: Tidak diketahui
[2026-07-15 09:48:09]      • [Quiz] Kuis M1 [kelas MALAM] → Deadline: Tidak diketahui
[2026-07-15 09:48:13]      • [Materi] M2: Graf Tidak Berarah dan Graf Berbobot File → Deadline: -
[2026-07-15 09:48:18]      • [Materi] Video Literasi M2 : Graf Tidak Berarah dan Graf Berbobot URL → Deadline: -
[2026-07-15 09:48:22]      • [Quiz] Kuis M2 [KELAS PAGI] : Graf Tidak Berarah dan Graf Berbobot → Deadline: Tidak diketahui
[2026-07-15 09:48:27]      • [Quiz] Kuis M2 [KELAS MALAM] : Graf Tidak Berarah dan Graf Berbobot → Deadline: Tidak diketahui
[2026-07-15 09:48:31]      • [Materi] M4 : Aplikasi Teori Graf di Teknik Elektro File → Deadline: -
[2026-07-15 09:48:36]      • [Materi] Video Literasi M4 : Aplikasi Teori Graf di Teknik Elektro URL → Deadline: -
[2026-07-15 09:48:40]      • [Quiz] Kuis M4 [KELAS PAGI]: Aplikasi Teori Graf di Teknik Elektro → Deadline: Tidak diketahui
[2026-07-15 09:48:45]      • [Quiz] Kuis M4 [KELAS MALAM]: Aplikasi Teori Graf di Teknik Elektro → Deadline: Tidak diketahui
[2026-07-15 09:48:49]      • [Materi] M5 : Knowledge Graph dan Database Graph File → Deadline: -
[2026-07-15 09:48:53]      • [Materi] Video Literasi  M5 : Knowledge Graph dan Database Graph URL → Deadline: -
[2026-07-15 09:48:58]      • [Quiz] Kuis M5 [KELAS PAGI] : nowledge Graph dan Database Graph → Deadline: Tidak diketahui
[2026-07-15 09:49:02]      • [Quiz] Kuis M5 [KELAS MALAM] : Knowledge Graph dan Database Graph → Deadline: Tidak diketahui
[2026-07-15 09:49:07]      • [Materi] M6 : Graf Berarah dan Implementasinya File → Deadline: -
[2026-07-15 09:49:11]      • [Materi] Video Literasi M6 : Graf Berarah dan Implementasinya URL → Deadline: -
[2026-07-15 09:49:15]      • [Quiz] Kuis M6 [KELAS PAGI] : Graf Berarah dan Implementasinya → Deadline: Tidak diketahui
[2026-07-15 09:49:20]      • [Quiz] Kuis M6 [KELAS MALAM] : Graf Berarah dan Implementasinya → Deadline: Tidak diketahui
[2026-07-15 09:49:24]      • [Materi] M8 : Penerapan Teori Graf di Bidang Teknik Sipil File → Deadline: -
[2026-07-15 09:49:29]      • [Materi] Video Literasi M8 : Penerapan Teori Graf di Bidang Teknik Sipil URL → Deadline: -
[2026-07-15 09:49:33]      • [Quiz] Kuis M8 [KELAS PAGI] : Penerapan Teori Graf di Bidang Teknik Sipil → Deadline: Tidak diketahui
[2026-07-15 09:49:38]      • [Quiz] Kuis M8 [KELAS MALAM] : Penerapan Teori Graf di Bidang Teknik Sipil → Deadline: Tidak diketahui
[2026-07-15 09:49:43]      • [Materi] M10 : Penerapan Teori Graf  di Bidang Teknik Industri File → Deadline: -
[2026-07-15 09:49:47]      • [Materi] Video Literasi M10 : Penerapan Teori Graf  di Bidang Teknik Industri URL → Deadline: -
[2026-07-15 09:49:51]      • [Quiz] Kuis M10 [kelas pagi] : Penerapan Teori Graf  di Bidang Teknik Industri → Deadline: Tidak diketahui
[2026-07-15 09:49:55]      • [Quiz] Kuis M10 [kelas malam]: Penerapan Teori Graf  di Bidang Teknik Industri → Deadline: Tidak diketahui
[2026-07-15 09:49:59]      • [Materi] M11 : Program Dinamis dan Permasalahan Tata Letak Fasilitas File → Deadline: -
[2026-07-15 09:50:03]      • [Materi] video literasi : Program Dinamis dan Permasalahan Tata Letak Fasilitas URL → Deadline: -
[2026-07-15 09:50:08]      • [Quiz] Kuis M11 [kelas PAGI]: Program Dinamis dan Permasalahan Tata Letak Fasilitas → Deadline: Tidak diketahui
[2026-07-15 09:50:11]      • [Quiz] Kuis M11 [kelas MALAM]: Program Dinamis dan Permasalahan Tata Letak Fasilitas → Deadline: Tidak diketahui
[2026-07-15 09:50:16]      • [Materi] M12: Algoritma Greedy pada Graf File → Deadline: -
[2026-07-15 09:50:19]      • [Materi] Video literasi M12: Algoritma Greedy pada Graf URL → Deadline: -
[2026-07-15 09:50:23]      • [Quiz] Kuis M12 [kelas PAGI] → Deadline: Tidak diketahui
[2026-07-15 09:50:28]      • [Quiz] Kuis M12 [kelas MALAM] → Deadline: Tidak diketahui
[2026-07-15 09:50:32]      • [Materi] M13 File → Deadline: -
[2026-07-15 09:50:36]      • [Materi] Video Literasi M13 : Graph Theory Implementation in Oil Mining Company URL → Deadline: -
[2026-07-15 09:50:40]      • [Quiz] Kuis M13 [PAGI]: Graph Theory Implementation in Oil Mining Company → Deadline: Tidak diketahui
[2026-07-15 09:50:45]      • [Quiz] Kuis M13 [MALAM]: Graph Theory Implementation in Oil Mining Company → Deadline: Tidak diketahui
[2026-07-15 09:50:50] 📚 Mengambil mata kuliah ID 104413 ...
[2026-07-15 09:50:50]   ➤ ATA 2025/2026 | 3-FIKTI | Praktikum Terapan Teori Graf
[2026-07-15 09:50:50]      • [Materi] Panduan Praktikum  Forum → Deadline: -
[2026-07-15 09:50:54]      • [Materi] Panduan Google Collaboratory URL → Deadline: -
[2026-07-15 09:50:58]      • [Materi] Panduan Instalasi Anaconda URL → Deadline: -
[2026-07-15 09:51:02]      • [Quiz] Pre-Test (M1) → Deadline: Tidak diketahui
[2026-07-15 09:51:06]      • [Materi] 1.1  Pengantar: Teori Graf URL → Deadline: -
[2026-07-15 09:51:11]      • [Materi] 1.2  Sesi Hands-on Praktikum URL → Deadline: -
[2026-07-15 09:51:16]      • [Materi] 1.3 Tutorial Menambahkan File pada Mesin DGX URL → Deadline: -
[2026-07-15 09:51:20]      • [Quiz] Post-Test (M1) → Deadline: Tidak diketahui
[2026-07-15 09:51:24]      • [Assignment] Pengumpulan Tugas (M1) → Deadline: Saturday, 7 March 2026, 11:59 PM
[2026-07-15 09:51:28]      • [Quiz] Pre-Test (M2) → Deadline: Tidak diketahui
[2026-07-15 09:51:33]      • [Materi] 2.1  Pengantar: Berbagai Pemecahan Masalah Menggunakan Teori Graf Page → Deadline: -
[2026-07-15 09:51:38]      • [Quiz] Post-Test (M2) → Deadline: Tidak diketahui
[2026-07-15 09:51:41]      • [Assignment] Pengumpulan Tugas (M2) → Deadline: Saturday, 14 March 2026, 11:59 PM
[2026-07-15 09:51:45]      • [Quiz] Pre-Test (M4) → Deadline: Tidak diketahui
[2026-07-15 09:51:50]      • [Materi] 4.1  Pengantar: Breadth First Search URL → Deadline: -
[2026-07-15 09:51:54]      • [Materi] Sesi Praktikum File → Deadline: -
[2026-07-15 09:51:58]      • [Materi] Video Tutorial: Mendownload File IPYNB di Virtual Class URL → Deadline: -
[2026-07-15 09:52:03]      • [Quiz] Post-Test (M4) → Deadline: Tidak diketahui
[2026-07-15 09:52:07]      • [Assignment] Laporan Akhir (M4) → Deadline: Saturday, 11 April 2026, 11:59 PM
[2026-07-15 09:52:12]      • [Quiz] Pre-Test (M5) → Deadline: Tidak diketahui
[2026-07-15 09:52:16]      • [Materi] Sesi Praktikum URL → Deadline: -
[2026-07-15 09:52:20]      • [Quiz] Post-Test (M5) → Deadline: Tidak diketahui
[2026-07-15 09:52:25]      • [Assignment] Laporan Akhir (M5) → Deadline: Saturday, 18 April 2026, 11:59 PM
[2026-07-15 09:52:30]      • [Quiz] Pre-Test (M6) → Deadline: Tidak diketahui
[2026-07-15 09:52:34]      • [Materi] 6.1  Pendahuluan: Algoritma Dasar Tree URL → Deadline: -
[2026-07-15 09:52:38]      • [Materi] Sesi Praktikum File → Deadline: -
[2026-07-15 09:52:43]      • [Quiz] Post-Test (M6) → Deadline: Tidak diketahui
[2026-07-15 09:52:48]      • [Assignment] Laporan Akhir (M6) → Deadline: Saturday, 25 April 2026, 11:59 PM
[2026-07-15 09:52:52]      • [Quiz] Pre-Test (M8) → Deadline: Tidak diketahui
[2026-07-15 09:52:56]      • [Materi] 8.1  Pendahuluan: Implementasi Graph URL → Deadline: -
[2026-07-15 09:53:00]      • [Materi] Link File Praktikum I - family.pl → Deadline: -
[2026-07-15 09:53:04]      • [Materi] Link File Praktikum II - 8-puzzles.ipynb → Deadline: -
[2026-07-15 09:53:08]      • [Materi] Video Tutorial: Mendownload File IPYNB di Virtual Class URL → Deadline: -
[2026-07-15 09:53:13]      • [Quiz] Post-Test (M8) → Deadline: Tidak diketahui
[2026-07-15 09:53:18]      • [Assignment] Laporan Akhir (M8) → Deadline: Saturday, 9 May 2026, 11:59 PM
[2026-07-15 09:53:22]      • [Quiz] Pre-Test (M9) → Deadline: Tidak diketahui
[2026-07-15 09:53:26]      • [Materi] Sesi Hands-on Praktikum URL → Deadline: -
[2026-07-15 09:53:30]      • [Quiz] Post-Test (M9) → Deadline: Tidak diketahui
[2026-07-15 09:53:34]      • [Assignment] Pengumpulan Tugas (M9) → Deadline: Saturday, 16 May 2026, 11:59 PM
[2026-07-15 09:53:37]      • [Quiz] Pre-Test (M3) → Deadline: Tidak diketahui
[2026-07-15 09:53:41]      • [Materi] Sesi Praktikum URL → Deadline: -
[2026-07-15 09:53:46]      • [Materi] Video Tutorial: Menambahkan File pada Mesin DGX URL → Deadline: -
[2026-07-15 09:53:50]      • [Quiz] Post-Test (M3) → Deadline: Tidak diketahui
[2026-07-15 09:53:55]      • [Assignment] Pengumpulan Tugas (M3) → Deadline: Saturday, 23 May 2026, 11:59 PM
[2026-07-15 09:54:00]      • [Quiz] Pre-Test (M7) → Deadline: Tidak diketahui
[2026-07-15 09:54:04]      • [Materi] Link File Praktikum I - 3-Tekrek-Find-Center.ipynb → Deadline: -
[2026-07-15 09:54:08]      • [Materi] Link File Praktikum II - 3-Tekrek-Sortest-Path.ipynb → Deadline: -
[2026-07-15 09:54:13]      • [Materi] Video Tutorial: Mendownload File IPYNB di Virtual Class URL → Deadline: -
[2026-07-15 09:54:18]      • [Quiz] Post-Test (M7) → Deadline: Tidak diketahui
[2026-07-15 09:54:22]      • [Assignment] Laporan Akhir (M7) → Deadline: Saturday, 23 May 2026, 11:59 PM
[2026-07-15 09:54:25] 📦 Total tugas ditemukan: 120
[2026-07-15 09:54:25] 💾 Disimpan ke python/node/tugas.json
[2026-07-15 18:00:26] 🔐 Login ke V-Class...
[2026-07-15 18:00:26] ✅ Login berhasil
[2026-07-15 18:00:26] 📚 Mengambil mata kuliah ID 108486 ...
[2026-07-15 18:00:27]   ➤ ATA 2025/2026 | 3KB01 | Jaringan Komputer Lanjut | VIVIEN NOVA FITHRIANA
[2026-07-15 18:00:27]      • [Materi] Announcements Forum → Deadline: -
[2026-07-15 18:00:31]      • [Materi] M1 File → Deadline: -
[2026-07-15 18:00:35]      • [Materi] M2 File → Deadline: -
[2026-07-15 18:00:40]      • [Materi] M3 File → Deadline: -
[2026-07-15 18:00:44]      • [Materi] M4 File → Deadline: -
[2026-07-15 18:00:49]      • [Materi] M5 File → Deadline: -
[2026-07-15 18:00:52]      • [Materi] M6 File → Deadline: -
[2026-07-15 18:00:56]      • [Materi] M7 File → Deadline: -
[2026-07-15 18:01:01]      • [Materi] VC-1 : Traffic dan Algoritma Kendali Kemacetan File → Deadline: -
[2026-07-15 18:01:04]      • [Materi] VC-1 : Traffic dan Algoritma Kendali Kemacetan File → Deadline: -
[2026-07-15 18:01:09]      • [Materi] Forum VC-1 : Traffic dan Algoritma Kendali Kemacetan → Deadline: -
[2026-07-15 18:01:14]      • [Quiz] Latihan Soal VC-1 : Traffic dan Algoritma Kendali Kemacetan → Deadline: Tidak diketahui
[2026-07-15 18:01:19]      • [Materi] VC-2 : Traffic dan Algoritma Kendali Kemacetan - Bagian 2 File → Deadline: -
[2026-07-15 18:01:24]      • [Materi] Forum VC-2 : Traffic dan Algoritma Kendali Kemacetan - Bagian 2 → Deadline: -
[2026-07-15 18:01:28]      • [Quiz] Latihan Soal VC-2 : Traffic dan Algoritma Kendali Kemacetan - Bagian 2 → Deadline: Tidak diketahui
[2026-07-15 18:01:33]      • [Materi] VC-3 : Lapisan Transport File → Deadline: -
[2026-07-15 18:01:37]      • [Materi] Forum VC-3 : Lapisan Transport → Deadline: -
[2026-07-15 18:01:42]      • [Quiz] Latihan Soal VC-3 : Lapisan Transport → Deadline: Wednesday, 15 July 2026, 11:59 PM
[2026-07-15 18:01:46] 📚 Mengambil mata kuliah ID 108172 ...
[2026-07-15 18:01:46]   ➤ ATA 2025/2026 | 3KB01 | Internet of Things (IoT) | PURNAWARMAN MUSA
[2026-07-15 18:01:46]      • [Materi] Announcements Forum → Deadline: -
[2026-07-15 18:01:50]      • [Materi] M6 File → Deadline: -
[2026-07-15 18:01:55]      • [Quiz] Soal (Tugas Individu) → Deadline: Tidak diketahui
[2026-07-15 18:01:59]      • [Quiz] Soal (Tugas Individu) → Deadline: Tidak diketahui
[2026-07-15 18:02:04] 📚 Mengambil mata kuliah ID 109563 ...
[2026-07-15 18:02:04]   ➤ ATA 2025/2026 | 3KB01 | Sistem Tertanam (Embedded) * | RIDHA ISKANDAR
[2026-07-15 18:02:04]      • [Materi] Selamat Datang di V-Class Sistem Tertanam (Embedded) Forum → Deadline: -
[2026-07-15 18:02:09]      • [Assignment] File 1 → Deadline: Sunday, 26 April 2026, 12:00 AM
[2026-07-15 18:02:12] 📚 Mengambil mata kuliah ID 109970 ...
[2026-07-15 18:02:12]   ➤ ATA 2025/2026 | 2EB10 | Bahasa Indonesia | MELANIAWATI
[2026-07-15 18:02:12] 📚 Mengambil mata kuliah ID 107919 ...
[2026-07-15 18:02:13]   ➤ ATA 2025/2026 | 3KB01 | Sistem Cerdas Lanjut | NUR SULTAN SALAHUDDIN
[2026-07-15 18:02:13]      • [Materi] Announcements Forum → Deadline: -
[2026-07-15 18:02:16]      • [Assignment] Sistem Kesehatan Cerdas → Deadline: Thursday, 21 May 2026, 12:00 AM
[2026-07-15 18:02:20]      • [Quiz] Sistem Kesehatan Cerdas → Deadline: Tidak diketahui
[2026-07-15 18:02:24]      • [Assignment] Sistem Industri Cerdas → Deadline: Monday, 20 July 2026, 12:00 AM
[2026-07-15 18:02:28]      • [Quiz] Sistem Industri Cerdas → Deadline: Monday, 20 July 2026, 10:54 AM
[2026-07-15 18:02:33] 📚 Mengambil mata kuliah ID 107291 ...
[2026-07-15 18:02:33]   ➤ ATA 2025/2026 | 3KB01 | Pengantarmukaan Perif.Komputer * | FARID THALIB
[2026-07-15 18:02:33]      • [Materi] Announcements Forum → Deadline: -
[2026-07-15 18:02:38] 📚 Mengambil mata kuliah ID 104438 ...
[2026-07-15 18:02:38]   ➤ ATA 2025/2026 | 3-FIKTI | Terapan Teori Graf | TEAM TEACHING
[2026-07-15 18:02:38]      • [Materi] PEMBERITAHUAN UTS SUSULAN File → Deadline: -
[2026-07-15 18:02:43]      • [Materi] PEMBERITAHUAN PELAKSANAAN TEAM TEACHING TERAPAN TEORI GRAF Forum → Deadline: -
[2026-07-15 18:02:47]      • [Materi] M1: Pendahuluan Teori Graf File → Deadline: -
[2026-07-15 18:02:51]      • [Materi] Video Literasi M1: Pendahuluan Teori Graf URL → Deadline: -
[2026-07-15 18:02:56]      • [Quiz] Kuis M1 [kelas PAGI] → Deadline: Tidak diketahui
[2026-07-15 18:03:01]      • [Quiz] Kuis M1 [kelas MALAM] → Deadline: Tidak diketahui
[2026-07-15 18:03:05]      • [Materi] M2: Graf Tidak Berarah dan Graf Berbobot File → Deadline: -
[2026-07-15 18:03:10]      • [Materi] Video Literasi M2 : Graf Tidak Berarah dan Graf Berbobot URL → Deadline: -
[2026-07-15 18:03:14]      • [Quiz] Kuis M2 [KELAS PAGI] : Graf Tidak Berarah dan Graf Berbobot → Deadline: Tidak diketahui
[2026-07-15 18:03:19]      • [Quiz] Kuis M2 [KELAS MALAM] : Graf Tidak Berarah dan Graf Berbobot → Deadline: Tidak diketahui
[2026-07-15 18:03:24]      • [Materi] M4 : Aplikasi Teori Graf di Teknik Elektro File → Deadline: -
[2026-07-15 18:03:28]      • [Materi] Video Literasi M4 : Aplikasi Teori Graf di Teknik Elektro URL → Deadline: -
[2026-07-15 18:03:32]      • [Quiz] Kuis M4 [KELAS PAGI]: Aplikasi Teori Graf di Teknik Elektro → Deadline: Tidak diketahui
[2026-07-15 18:03:36]      • [Quiz] Kuis M4 [KELAS MALAM]: Aplikasi Teori Graf di Teknik Elektro → Deadline: Tidak diketahui
[2026-07-15 18:03:40]      • [Materi] M5 : Knowledge Graph dan Database Graph File → Deadline: -
[2026-07-15 18:03:45]      • [Materi] Video Literasi  M5 : Knowledge Graph dan Database Graph URL → Deadline: -
[2026-07-15 18:03:49]      • [Quiz] Kuis M5 [KELAS PAGI] : nowledge Graph dan Database Graph → Deadline: Tidak diketahui
[2026-07-15 18:03:53]      • [Quiz] Kuis M5 [KELAS MALAM] : Knowledge Graph dan Database Graph → Deadline: Tidak diketahui
[2026-07-15 18:03:57]      • [Materi] M6 : Graf Berarah dan Implementasinya File → Deadline: -
[2026-07-15 18:04:02]      • [Materi] Video Literasi M6 : Graf Berarah dan Implementasinya URL → Deadline: -
[2026-07-15 18:04:07]      • [Quiz] Kuis M6 [KELAS PAGI] : Graf Berarah dan Implementasinya → Deadline: Tidak diketahui
[2026-07-15 18:04:11]      • [Quiz] Kuis M6 [KELAS MALAM] : Graf Berarah dan Implementasinya → Deadline: Tidak diketahui
[2026-07-15 18:04:15]      • [Materi] M8 : Penerapan Teori Graf di Bidang Teknik Sipil File → Deadline: -
[2026-07-15 18:04:19]      • [Materi] Video Literasi M8 : Penerapan Teori Graf di Bidang Teknik Sipil URL → Deadline: -
[2026-07-15 18:04:24]      • [Quiz] Kuis M8 [KELAS PAGI] : Penerapan Teori Graf di Bidang Teknik Sipil → Deadline: Tidak diketahui
[2026-07-15 18:04:28]      • [Quiz] Kuis M8 [KELAS MALAM] : Penerapan Teori Graf di Bidang Teknik Sipil → Deadline: Tidak diketahui
[2026-07-15 18:04:33]      • [Materi] M10 : Penerapan Teori Graf  di Bidang Teknik Industri File → Deadline: -
[2026-07-15 18:04:37]      • [Materi] Video Literasi M10 : Penerapan Teori Graf  di Bidang Teknik Industri URL → Deadline: -
[2026-07-15 18:04:42]      • [Quiz] Kuis M10 [kelas pagi] : Penerapan Teori Graf  di Bidang Teknik Industri → Deadline: Tidak diketahui
[2026-07-15 18:04:47]      • [Quiz] Kuis M10 [kelas malam]: Penerapan Teori Graf  di Bidang Teknik Industri → Deadline: Tidak diketahui
[2026-07-15 18:04:51]      • [Materi] M11 : Program Dinamis dan Permasalahan Tata Letak Fasilitas File → Deadline: -
[2026-07-15 18:04:56]      • [Materi] video literasi : Program Dinamis dan Permasalahan Tata Letak Fasilitas URL → Deadline: -
[2026-07-15 18:05:00]      • [Quiz] Kuis M11 [kelas PAGI]: Program Dinamis dan Permasalahan Tata Letak Fasilitas → Deadline: Tidak diketahui
[2026-07-15 18:05:05]      • [Quiz] Kuis M11 [kelas MALAM]: Program Dinamis dan Permasalahan Tata Letak Fasilitas → Deadline: Tidak diketahui
[2026-07-15 18:05:08]      • [Materi] M12: Algoritma Greedy pada Graf File → Deadline: -
[2026-07-15 18:05:13]      • [Materi] Video literasi M12: Algoritma Greedy pada Graf URL → Deadline: -
[2026-07-15 18:05:18]      • [Quiz] Kuis M12 [kelas PAGI] → Deadline: Tidak diketahui
[2026-07-15 18:05:22]      • [Quiz] Kuis M12 [kelas MALAM] → Deadline: Tidak diketahui
[2026-07-15 18:05:27]      • [Materi] M13 File → Deadline: -
[2026-07-15 18:05:32]      • [Materi] Video Literasi M13 : Graph Theory Implementation in Oil Mining Company URL → Deadline: -
[2026-07-15 18:05:36]      • [Quiz] Kuis M13 [PAGI]: Graph Theory Implementation in Oil Mining Company → Deadline: Tidak diketahui
[2026-07-15 18:05:41]      • [Quiz] Kuis M13 [MALAM]: Graph Theory Implementation in Oil Mining Company → Deadline: Tidak diketahui
[2026-07-15 18:05:45] 📚 Mengambil mata kuliah ID 104413 ...
[2026-07-15 18:05:45]   ➤ ATA 2025/2026 | 3-FIKTI | Praktikum Terapan Teori Graf
[2026-07-15 18:05:45]      • [Materi] Panduan Praktikum  Forum → Deadline: -
[2026-07-15 18:05:49]      • [Materi] Panduan Google Collaboratory URL → Deadline: -
[2026-07-15 18:05:54]      • [Materi] Panduan Instalasi Anaconda URL → Deadline: -
[2026-07-15 18:05:59]      • [Quiz] Pre-Test (M1) → Deadline: Tidak diketahui
[2026-07-15 18:06:03]      • [Materi] 1.1  Pengantar: Teori Graf URL → Deadline: -
[2026-07-15 18:06:07]      • [Materi] 1.2  Sesi Hands-on Praktikum URL → Deadline: -
[2026-07-15 18:06:11]      • [Materi] 1.3 Tutorial Menambahkan File pada Mesin DGX URL → Deadline: -
[2026-07-15 18:06:15]      • [Quiz] Post-Test (M1) → Deadline: Tidak diketahui
[2026-07-15 18:06:20]      • [Assignment] Pengumpulan Tugas (M1) → Deadline: Saturday, 7 March 2026, 11:59 PM
[2026-07-15 18:06:25]      • [Quiz] Pre-Test (M2) → Deadline: Tidak diketahui
[2026-07-15 18:06:30]      • [Materi] 2.1  Pengantar: Berbagai Pemecahan Masalah Menggunakan Teori Graf Page → Deadline: -
[2026-07-15 18:06:34]      • [Quiz] Post-Test (M2) → Deadline: Tidak diketahui
[2026-07-15 18:06:38]      • [Assignment] Pengumpulan Tugas (M2) → Deadline: Saturday, 14 March 2026, 11:59 PM
[2026-07-15 18:06:42]      • [Quiz] Pre-Test (M4) → Deadline: Tidak diketahui
[2026-07-15 18:06:47]      • [Materi] 4.1  Pengantar: Breadth First Search URL → Deadline: -
[2026-07-15 18:06:52]      • [Materi] Sesi Praktikum File → Deadline: -
[2026-07-15 18:06:56]      • [Materi] Video Tutorial: Mendownload File IPYNB di Virtual Class URL → Deadline: -
[2026-07-15 18:07:01]      • [Quiz] Post-Test (M4) → Deadline: Tidak diketahui
[2026-07-15 18:07:05]      • [Assignment] Laporan Akhir (M4) → Deadline: Saturday, 11 April 2026, 11:59 PM
[2026-07-15 18:07:09]      • [Quiz] Pre-Test (M5) → Deadline: Tidak diketahui
[2026-07-15 18:07:14]      • [Materi] Sesi Praktikum URL → Deadline: -
[2026-07-15 18:07:19]      • [Quiz] Post-Test (M5) → Deadline: Tidak diketahui
[2026-07-15 18:07:24]      • [Assignment] Laporan Akhir (M5) → Deadline: Saturday, 18 April 2026, 11:59 PM
[2026-07-15 18:07:29]      • [Quiz] Pre-Test (M6) → Deadline: Tidak diketahui
[2026-07-15 18:07:34]      • [Materi] 6.1  Pendahuluan: Algoritma Dasar Tree URL → Deadline: -
[2026-07-15 18:07:38]      • [Materi] Sesi Praktikum File → Deadline: -
[2026-07-15 18:07:42]      • [Quiz] Post-Test (M6) → Deadline: Tidak diketahui
[2026-07-15 18:07:46]      • [Assignment] Laporan Akhir (M6) → Deadline: Saturday, 25 April 2026, 11:59 PM
[2026-07-15 18:07:51]      • [Quiz] Pre-Test (M8) → Deadline: Tidak diketahui
[2026-07-15 18:07:55]      • [Materi] 8.1  Pendahuluan: Implementasi Graph URL → Deadline: -
[2026-07-15 18:07:58]      • [Materi] Link File Praktikum I - family.pl → Deadline: -
[2026-07-15 18:08:02]      • [Materi] Link File Praktikum II - 8-puzzles.ipynb → Deadline: -
[2026-07-15 18:08:06]      • [Materi] Video Tutorial: Mendownload File IPYNB di Virtual Class URL → Deadline: -
[2026-07-15 18:08:10]      • [Quiz] Post-Test (M8) → Deadline: Tidak diketahui
[2026-07-15 18:08:15]      • [Assignment] Laporan Akhir (M8) → Deadline: Saturday, 9 May 2026, 11:59 PM
[2026-07-15 18:08:20]      • [Quiz] Pre-Test (M9) → Deadline: Tidak diketahui
[2026-07-15 18:08:23]      • [Materi] Sesi Hands-on Praktikum URL → Deadline: -
[2026-07-15 18:08:28]      • [Quiz] Post-Test (M9) → Deadline: Tidak diketahui
[2026-07-15 18:08:32]      • [Assignment] Pengumpulan Tugas (M9) → Deadline: Saturday, 16 May 2026, 11:59 PM
[2026-07-15 18:08:36]      • [Quiz] Pre-Test (M3) → Deadline: Tidak diketahui
[2026-07-15 18:08:41]      • [Materi] Sesi Praktikum URL → Deadline: -
[2026-07-15 18:08:45]      • [Materi] Video Tutorial: Menambahkan File pada Mesin DGX URL → Deadline: -
[2026-07-15 18:08:50]      • [Quiz] Post-Test (M3) → Deadline: Tidak diketahui
[2026-07-15 18:08:54]      • [Assignment] Pengumpulan Tugas (M3) → Deadline: Saturday, 23 May 2026, 11:59 PM
[2026-07-15 18:08:58]      • [Quiz] Pre-Test (M7) → Deadline: Tidak diketahui
[2026-07-15 18:09:02]      • [Materi] Link File Praktikum I - 3-Tekrek-Find-Center.ipynb → Deadline: -
[2026-07-15 18:09:07]      • [Materi] Link File Praktikum II - 3-Tekrek-Sortest-Path.ipynb → Deadline: -
[2026-07-15 18:09:11]      • [Materi] Video Tutorial: Mendownload File IPYNB di Virtual Class URL → Deadline: -
[2026-07-15 18:09:16]      • [Quiz] Post-Test (M7) → Deadline: Tidak diketahui
[2026-07-15 18:09:21]      • [Assignment] Laporan Akhir (M7) → Deadline: Saturday, 23 May 2026, 11:59 PM
[2026-07-15 18:09:25] 📦 Total tugas ditemukan: 122
[2026-07-15 18:09:25] 💾 Disimpan ke python/node/tugas.json
