[2026-05-26 09:45:27] 🔐 Login ke V-Class...
[2026-05-26 09:45:28] ✅ Login berhasil
[2026-05-26 09:45:28] 📚 Mengambil mata kuliah ID 108486 ...
[2026-05-26 09:45:28]   ➤ ATA 2025/2026 | 3KB01 | Jaringan Komputer Lanjut | VIVIEN NOVA FITHRIANA
[2026-05-26 09:45:28]      • [Materi] Announcements Forum → Deadline: -
[2026-05-26 09:45:33]      • [Materi] M1 File → Deadline: -
[2026-05-26 09:45:37]      • [Materi] M2 File → Deadline: -
[2026-05-26 09:45:41]      • [Materi] M3 File → Deadline: -
[2026-05-26 09:45:45]      • [Materi] M4 File → Deadline: -
[2026-05-26 09:45:50]      • [Materi] M5 File → Deadline: -
[2026-05-26 09:45:54]      • [Materi] M6 File → Deadline: -
[2026-05-26 09:45:59]      • [Materi] M7 File → Deadline: -
[2026-05-26 09:46:03]      • [Materi] VC-1 : Traffic dan Algoritma Kendali Kemacetan File → Deadline: -
[2026-05-26 09:46:07]      • [Materi] VC-1 : Traffic dan Algoritma Kendali Kemacetan File → Deadline: -
[2026-05-26 09:46:11]      • [Materi] Forum VC-1 : Traffic dan Algoritma Kendali Kemacetan → Deadline: -
[2026-05-26 09:46:15]      • [Quiz] Latihan Soal VC-1 : Traffic dan Algoritma Kendali Kemacetan → Deadline: Tidak diketahui
[2026-05-26 09:46:19]      • [Materi] VC-2 : Traffic dan Algoritma Kendali Kemacetan - Bagian 2 File → Deadline: -
[2026-05-26 09:46:23]      • [Materi] Forum VC-2 : Traffic dan Algoritma Kendali Kemacetan - Bagian 2 → Deadline: -
[2026-05-26 09:46:28]      • [Quiz] Latihan Soal VC-2 : Traffic dan Algoritma Kendali Kemacetan - Bagian 2 → Deadline: Tidak diketahui
[2026-05-26 09:46:31]      • [Materi] VC-3 : Lapisan Transport File → Deadline: -
[2026-05-26 09:46:36]      • [Materi] Forum VC-3 : Lapisan Transport → Deadline: -
[2026-05-26 09:46:41]      • [Quiz] Latihan Soal VC-3 : Lapisan Transport → Deadline: Wednesday, 15 July 2026, 11:59 PM
[2026-05-26 09:46:45] 📚 Mengambil mata kuliah ID 108172 ...
[2026-05-26 09:46:45]   ➤ ATA 2025/2026 | 3KB01 | Internet of Things (IoT) | PURNAWARMAN MUSA
[2026-05-26 09:46:45]      • [Materi] Announcements Forum → Deadline: -
[2026-05-26 09:46:50]      • [Materi] M6 File → Deadline: -
[2026-05-26 09:46:55]      • [Quiz] Soal (Tugas Individu) → Deadline: Tidak diketahui
[2026-05-26 09:46:59]      • [Quiz] Soal (Tugas Individu) → Deadline: Tidak diketahui
[2026-05-26 09:47:03] 📚 Mengambil mata kuliah ID 109563 ...
[2026-05-26 09:47:04]   ➤ ATA 2025/2026 | 3KB01 | Sistem Tertanam (Embedded) * | RIDHA ISKANDAR
[2026-05-26 09:47:04]      • [Materi] Selamat Datang di V-Class Sistem Tertanam (Embedded) Forum → Deadline: -
[2026-05-26 09:47:08]      • [Assignment] File 1 → Deadline: Sunday, 26 April 2026, 12:00 AM
[2026-05-26 09:47:11] 📚 Mengambil mata kuliah ID 109970 ...
[2026-05-26 09:47:12]   ➤ ATA 2025/2026 | 2EB10 | Bahasa Indonesia | MELANIAWATI
[2026-05-26 09:47:12] 📚 Mengambil mata kuliah ID 107919 ...
[2026-05-26 09:47:12]   ➤ ATA 2025/2026 | 3KB01 | Sistem Cerdas Lanjut | NUR SULTAN SALAHUDDIN
[2026-05-26 09:47:12]      • [Materi] Announcements Forum → Deadline: -
[2026-05-26 09:47:16]      • [Assignment] Sistem Kesehatan Cerdas → Deadline: Thursday, 21 May 2026, 12:00 AM
[2026-05-26 09:47:20]      • [Quiz] Sistem Kesehatan Cerdas → Deadline: Tidak diketahui
[2026-05-26 09:47:24] 📚 Mengambil mata kuliah ID 107291 ...
[2026-05-26 09:47:25]   ➤ ATA 2025/2026 | 3KB01 | Pengantarmukaan Perif.Komputer * | FARID THALIB
[2026-05-26 09:47:25]      • [Materi] Announcements Forum → Deadline: -
[2026-05-26 09:47:28] 📚 Mengambil mata kuliah ID 104438 ...
[2026-05-26 09:47:28]   ➤ ATA 2025/2026 | 3-FIKTI | Terapan Teori Graf | TEAM TEACHING
[2026-05-26 09:47:28]      • [Materi] PEMBERITAHUAN PELAKSANAAN TEAM TEACHING TERAPAN TEORI GRAF Forum → Deadline: -
[2026-05-26 09:47:32]      • [Materi] M1: Pendahuluan Teori Graf File → Deadline: -
[2026-05-26 09:47:37]      • [Materi] Video Literasi M1: Pendahuluan Teori Graf URL → Deadline: -
[2026-05-26 09:47:42]      • [Quiz] Kuis M1 [kelas PAGI] → Deadline: Tidak diketahui
[2026-05-26 09:47:46]      • [Quiz] Kuis M1 [kelas MALAM] → Deadline: Tidak diketahui
[2026-05-26 09:47:51]      • [Materi] M2: Graf Tidak Berarah dan Graf Berbobot File → Deadline: -
[2026-05-26 09:47:55]      • [Materi] Video Literasi M2 : Graf Tidak Berarah dan Graf Berbobot URL → Deadline: -
[2026-05-26 09:47:59]      • [Quiz] Kuis M2 [KELAS PAGI] : Graf Tidak Berarah dan Graf Berbobot → Deadline: Tidak diketahui
[2026-05-26 09:48:03]      • [Quiz] Kuis M2 [KELAS MALAM] : Graf Tidak Berarah dan Graf Berbobot → Deadline: Tidak diketahui
[2026-05-26 09:48:07]      • [Materi] M4 : Aplikasi Teori Graf di Teknik Elektro File → Deadline: -
[2026-05-26 09:48:11]      • [Materi] Video Literasi M4 : Aplikasi Teori Graf di Teknik Elektro URL → Deadline: -
[2026-05-26 09:48:16]      • [Quiz] Kuis M4 [KELAS PAGI]: Aplikasi Teori Graf di Teknik Elektro → Deadline: Tidak diketahui
[2026-05-26 09:48:19]      • [Quiz] Kuis M4 [KELAS MALAM]: Aplikasi Teori Graf di Teknik Elektro → Deadline: Tidak diketahui
[2026-05-26 09:48:23]      • [Materi] M5 : Knowledge Graph dan Database Graph File → Deadline: -
[2026-05-26 09:48:28]      • [Materi] Video Literasi  M5 : Knowledge Graph dan Database Graph URL → Deadline: -
[2026-05-26 09:48:32]      • [Quiz] Kuis M5 [KELAS PAGI] : nowledge Graph dan Database Graph → Deadline: Tidak diketahui
[2026-05-26 09:48:37]      • [Quiz] Kuis M5 [KELAS MALAM] : Knowledge Graph dan Database Graph → Deadline: Tidak diketahui
[2026-05-26 09:48:41]      • [Materi] M6 : Graf Berarah dan Implementasinya File → Deadline: -
[2026-05-26 09:48:46]      • [Materi] Video Literasi M6 : Graf Berarah dan Implementasinya URL → Deadline: -
[2026-05-26 09:48:50]      • [Quiz] Kuis M6 [KELAS PAGI] : Graf Berarah dan Implementasinya → Deadline: Tidak diketahui
[2026-05-26 09:48:54]      • [Quiz] Kuis M6 [KELAS MALAM] : Graf Berarah dan Implementasinya → Deadline: Tidak diketahui
[2026-05-26 09:48:59]      • [Materi] M8 : Penerapan Teori Graf di Bidang Teknik Sipil File → Deadline: -
[2026-05-26 09:49:03]      • [Materi] Video Literasi M8 : Penerapan Teori Graf di Bidang Teknik Sipil URL → Deadline: -
[2026-05-26 09:49:08]      • [Quiz] Kuis M8 [KELAS PAGI] : Penerapan Teori Graf di Bidang Teknik Sipil → Deadline: Tidak diketahui
[2026-05-26 09:49:12]      • [Quiz] Kuis M8 [KELAS MALAM] : Penerapan Teori Graf di Bidang Teknik Sipil → Deadline: Tidak diketahui
[2026-05-26 09:49:16]      • [Materi] M10 : Penerapan Teori Graf  di Bidang Teknik Industri File → Deadline: -
[2026-05-26 09:49:20]      • [Materi] Video Literasi M10 : Penerapan Teori Graf  di Bidang Teknik Industri URL → Deadline: -
[2026-05-26 09:49:24]      • [Quiz] Kuis M10 [kelas pagi] : Penerapan Teori Graf  di Bidang Teknik Industri → Deadline: Tidak diketahui
[2026-05-26 09:49:28]      • [Quiz] Kuis M10 [kelas malam]: Penerapan Teori Graf  di Bidang Teknik Industri → Deadline: Tidak diketahui
[2026-05-26 09:49:32] 📚 Mengambil mata kuliah ID 104413 ...
[2026-05-26 09:49:32]   ➤ ATA 2025/2026 | 3-FIKTI | Praktikum Terapan Teori Graf
[2026-05-26 09:49:32]      • [Materi] Panduan Praktikum  Forum → Deadline: -
[2026-05-26 09:49:36]      • [Materi] Panduan Google Collaboratory URL → Deadline: -
[2026-05-26 09:49:41]      • [Materi] Panduan Instalasi Anaconda URL → Deadline: -
[2026-05-26 09:49:46]      • [Quiz] Pre-Test (M1) → Deadline: Tidak diketahui
[2026-05-26 09:49:49]      • [Materi] 1.1  Pengantar: Teori Graf URL → Deadline: -
[2026-05-26 09:49:53]      • [Materi] 1.2  Sesi Hands-on Praktikum URL → Deadline: -
[2026-05-26 09:49:57]      • [Materi] 1.3 Tutorial Menambahkan File pada Mesin DGX URL → Deadline: -
[2026-05-26 09:50:02]      • [Quiz] Post-Test (M1) → Deadline: Tidak diketahui
[2026-05-26 09:50:06]      • [Assignment] Pengumpulan Tugas (M1) → Deadline: Saturday, 7 March 2026, 11:59 PM
[2026-05-26 09:50:11]      • [Quiz] Pre-Test (M2) → Deadline: Tidak diketahui
[2026-05-26 09:50:16]      • [Materi] 2.1  Pengantar: Berbagai Pemecahan Masalah Menggunakan Teori Graf Page → Deadline: -
[2026-05-26 09:50:20]      • [Quiz] Post-Test (M2) → Deadline: Tidak diketahui
[2026-05-26 09:50:25]      • [Assignment] Pengumpulan Tugas (M2) → Deadline: Saturday, 14 March 2026, 11:59 PM
[2026-05-26 09:50:30]      • [Quiz] Pre-Test (M4) → Deadline: Tidak diketahui
[2026-05-26 09:50:34]      • [Materi] 4.1  Pengantar: Breadth First Search URL → Deadline: -
[2026-05-26 09:50:38]      • [Materi] Sesi Praktikum File → Deadline: -
[2026-05-26 09:50:42]      • [Materi] Video Tutorial: Mendownload File IPYNB di Virtual Class URL → Deadline: -
[2026-05-26 09:50:46]      • [Quiz] Post-Test (M4) → Deadline: Tidak diketahui
[2026-05-26 09:50:50]      • [Assignment] Laporan Akhir (M4) → Deadline: Saturday, 11 April 2026, 11:59 PM
[2026-05-26 09:50:54]      • [Quiz] Pre-Test (M5) → Deadline: Tidak diketahui
[2026-05-26 09:50:59]      • [Materi] Sesi Praktikum URL → Deadline: -
[2026-05-26 09:51:03]      • [Quiz] Post-Test (M5) → Deadline: Tidak diketahui
[2026-05-26 09:51:08]      • [Assignment] Laporan Akhir (M5) → Deadline: Saturday, 18 April 2026, 11:59 PM
[2026-05-26 09:51:12]      • [Quiz] Pre-Test (M6) → Deadline: Tidak diketahui
[2026-05-26 09:51:16]      • [Materi] 6.1  Pendahuluan: Algoritma Dasar Tree URL → Deadline: -
[2026-05-26 09:51:21]      • [Materi] Sesi Praktikum File → Deadline: -
[2026-05-26 09:51:24]      • [Quiz] Post-Test (M6) → Deadline: Tidak diketahui
[2026-05-26 09:51:29]      • [Assignment] Laporan Akhir (M6) → Deadline: Saturday, 25 April 2026, 11:59 PM
[2026-05-26 09:51:33]      • [Quiz] Pre-Test (M8) → Deadline: Tidak diketahui
[2026-05-26 09:51:36]      • [Materi] 8.1  Pendahuluan: Implementasi Graph URL → Deadline: -
[2026-05-26 09:51:40]      • [Materi] Link File Praktikum I - family.pl → Deadline: -
[2026-05-26 09:51:43]      • [Materi] Link File Praktikum II - 8-puzzles.ipynb → Deadline: -
[2026-05-26 09:51:48]      • [Materi] Video Tutorial: Mendownload File IPYNB di Virtual Class URL → Deadline: -
[2026-05-26 09:51:53]      • [Quiz] Post-Test (M8) → Deadline: Tidak diketahui
[2026-05-26 09:51:58]      • [Assignment] Laporan Akhir (M8) → Deadline: Saturday, 9 May 2026, 11:59 PM
[2026-05-26 09:52:02]      • [Quiz] Pre-Test (M9) → Deadline: Tidak diketahui
[2026-05-26 09:52:06]      • [Materi] Sesi Hands-on Praktikum URL → Deadline: -
[2026-05-26 09:52:10]      • [Quiz] Post-Test (M9) → Deadline: Tidak diketahui
[2026-05-26 09:52:15]      • [Assignment] Pengumpulan Tugas (M9) → Deadline: Saturday, 16 May 2026, 11:59 PM
[2026-05-26 09:52:20]      • [Quiz] Pre-Test (M3) → Deadline: Tidak diketahui
[2026-05-26 09:52:23]      • [Materi] Sesi Praktikum URL → Deadline: -
[2026-05-26 09:52:27]      • [Materi] Video Tutorial: Menambahkan File pada Mesin DGX URL → Deadline: -
[2026-05-26 09:52:32]      • [Quiz] Post-Test (M3) → Deadline: Tidak diketahui
[2026-05-26 09:52:36]      • [Assignment] Pengumpulan Tugas (M3) → Deadline: Saturday, 23 May 2026, 11:59 PM
[2026-05-26 09:52:41]      • [Quiz] Pre-Test (M7) → Deadline: Tidak diketahui
[2026-05-26 09:52:45]      • [Materi] Link File Praktikum I - 3-Tekrek-Find-Center.ipynb → Deadline: -
[2026-05-26 09:52:49]      • [Materi] Link File Praktikum II - 3-Tekrek-Sortest-Path.ipynb → Deadline: -
[2026-05-26 09:52:54]      • [Materi] Video Tutorial: Mendownload File IPYNB di Virtual Class URL → Deadline: -
[2026-05-26 09:52:59]      • [Quiz] Post-Test (M7) → Deadline: Tidak diketahui
[2026-05-26 09:53:03]      • [Assignment] Laporan Akhir (M7) → Deadline: Saturday, 23 May 2026, 11:59 PM
[2026-05-26 09:53:08] 📦 Total tugas ditemukan: 107
[2026-05-26 09:53:08] 💾 Disimpan ke python/node/tugas.json
[2026-05-26 18:00:08] 🔐 Login ke V-Class...
[2026-05-26 18:00:09] ✅ Login berhasil
[2026-05-26 18:00:09] 📚 Mengambil mata kuliah ID 108486 ...
[2026-05-26 18:00:09]   ➤ ATA 2025/2026 | 3KB01 | Jaringan Komputer Lanjut | VIVIEN NOVA FITHRIANA
[2026-05-26 18:00:09]      • [Materi] Announcements Forum → Deadline: -
[2026-05-26 18:00:13]      • [Materi] M1 File → Deadline: -
[2026-05-26 18:00:17]      • [Materi] M2 File → Deadline: -
[2026-05-26 18:00:20]      • [Materi] M3 File → Deadline: -
[2026-05-26 18:00:24]      • [Materi] M4 File → Deadline: -
[2026-05-26 18:00:28]      • [Materi] M5 File → Deadline: -
[2026-05-26 18:00:33]      • [Materi] M6 File → Deadline: -
[2026-05-26 18:00:36]      • [Materi] M7 File → Deadline: -
[2026-05-26 18:00:41]      • [Materi] VC-1 : Traffic dan Algoritma Kendali Kemacetan File → Deadline: -
[2026-05-26 18:00:45]      • [Materi] VC-1 : Traffic dan Algoritma Kendali Kemacetan File → Deadline: -
[2026-05-26 18:00:49]      • [Materi] Forum VC-1 : Traffic dan Algoritma Kendali Kemacetan → Deadline: -
[2026-05-26 18:00:53]      • [Quiz] Latihan Soal VC-1 : Traffic dan Algoritma Kendali Kemacetan → Deadline: Tidak diketahui
[2026-05-26 18:00:57]      • [Materi] VC-2 : Traffic dan Algoritma Kendali Kemacetan - Bagian 2 File → Deadline: -
[2026-05-26 18:01:01]      • [Materi] Forum VC-2 : Traffic dan Algoritma Kendali Kemacetan - Bagian 2 → Deadline: -
[2026-05-26 18:01:05]      • [Quiz] Latihan Soal VC-2 : Traffic dan Algoritma Kendali Kemacetan - Bagian 2 → Deadline: Tidak diketahui
[2026-05-26 18:01:10]      • [Materi] VC-3 : Lapisan Transport File → Deadline: -
[2026-05-26 18:01:14]      • [Materi] Forum VC-3 : Lapisan Transport → Deadline: -
[2026-05-26 18:01:18]      • [Quiz] Latihan Soal VC-3 : Lapisan Transport → Deadline: Wednesday, 15 July 2026, 11:59 PM
[2026-05-26 18:01:22] 📚 Mengambil mata kuliah ID 108172 ...
[2026-05-26 18:01:22]   ➤ ATA 2025/2026 | 3KB01 | Internet of Things (IoT) | PURNAWARMAN MUSA
[2026-05-26 18:01:22]      • [Materi] Announcements Forum → Deadline: -
[2026-05-26 18:01:27]      • [Materi] M6 File → Deadline: -
[2026-05-26 18:01:30]      • [Quiz] Soal (Tugas Individu) → Deadline: Tidak diketahui
[2026-05-26 18:01:35]      • [Quiz] Soal (Tugas Individu) → Deadline: Tidak diketahui
[2026-05-26 18:01:40] 📚 Mengambil mata kuliah ID 109563 ...
[2026-05-26 18:01:40]   ➤ ATA 2025/2026 | 3KB01 | Sistem Tertanam (Embedded) * | RIDHA ISKANDAR
[2026-05-26 18:01:40]      • [Materi] Selamat Datang di V-Class Sistem Tertanam (Embedded) Forum → Deadline: -
[2026-05-26 18:01:45]      • [Assignment] File 1 → Deadline: Sunday, 26 April 2026, 12:00 AM
[2026-05-26 18:01:50] 📚 Mengambil mata kuliah ID 109970 ...
[2026-05-26 18:01:50]   ➤ ATA 2025/2026 | 2EB10 | Bahasa Indonesia | MELANIAWATI
[2026-05-26 18:01:50] 📚 Mengambil mata kuliah ID 107919 ...
[2026-05-26 18:01:50]   ➤ ATA 2025/2026 | 3KB01 | Sistem Cerdas Lanjut | NUR SULTAN SALAHUDDIN
[2026-05-26 18:01:50]      • [Materi] Announcements Forum → Deadline: -
[2026-05-26 18:01:55]      • [Assignment] Sistem Kesehatan Cerdas → Deadline: Thursday, 21 May 2026, 12:00 AM
[2026-05-26 18:01:59]      • [Quiz] Sistem Kesehatan Cerdas → Deadline: Tidak diketahui
[2026-05-26 18:02:03] 📚 Mengambil mata kuliah ID 107291 ...
[2026-05-26 18:02:03]   ➤ ATA 2025/2026 | 3KB01 | Pengantarmukaan Perif.Komputer * | FARID THALIB
[2026-05-26 18:02:03]      • [Materi] Announcements Forum → Deadline: -
[2026-05-26 18:02:08] 📚 Mengambil mata kuliah ID 104438 ...
[2026-05-26 18:02:08]   ➤ ATA 2025/2026 | 3-FIKTI | Terapan Teori Graf | TEAM TEACHING
[2026-05-26 18:02:08]      • [Materi] PEMBERITAHUAN PELAKSANAAN TEAM TEACHING TERAPAN TEORI GRAF Forum → Deadline: -
[2026-05-26 18:02:11]      • [Materi] M1: Pendahuluan Teori Graf File → Deadline: -
[2026-05-26 18:02:15]      • [Materi] Video Literasi M1: Pendahuluan Teori Graf URL → Deadline: -
[2026-05-26 18:02:20]      • [Quiz] Kuis M1 [kelas PAGI] → Deadline: Tidak diketahui
[2026-05-26 18:02:24]      • [Quiz] Kuis M1 [kelas MALAM] → Deadline: Tidak diketahui
[2026-05-26 18:02:27]      • [Materi] M2: Graf Tidak Berarah dan Graf Berbobot File → Deadline: -
[2026-05-26 18:02:31]      • [Materi] Video Literasi M2 : Graf Tidak Berarah dan Graf Berbobot URL → Deadline: -
[2026-05-26 18:02:37]      • [Quiz] Kuis M2 [KELAS PAGI] : Graf Tidak Berarah dan Graf Berbobot → Deadline: Tidak diketahui
[2026-05-26 18:02:41]      • [Quiz] Kuis M2 [KELAS MALAM] : Graf Tidak Berarah dan Graf Berbobot → Deadline: Tidak diketahui
[2026-05-26 18:02:46]      • [Materi] M4 : Aplikasi Teori Graf di Teknik Elektro File → Deadline: -
[2026-05-26 18:02:50]      • [Materi] Video Literasi M4 : Aplikasi Teori Graf di Teknik Elektro URL → Deadline: -
[2026-05-26 18:02:54]      • [Quiz] Kuis M4 [KELAS PAGI]: Aplikasi Teori Graf di Teknik Elektro → Deadline: Tidak diketahui
[2026-05-26 18:02:59]      • [Quiz] Kuis M4 [KELAS MALAM]: Aplikasi Teori Graf di Teknik Elektro → Deadline: Tidak diketahui
[2026-05-26 18:03:03]      • [Materi] M5 : Knowledge Graph dan Database Graph File → Deadline: -
[2026-05-26 18:03:07]      • [Materi] Video Literasi  M5 : Knowledge Graph dan Database Graph URL → Deadline: -
[2026-05-26 18:03:12]      • [Quiz] Kuis M5 [KELAS PAGI] : nowledge Graph dan Database Graph → Deadline: Tidak diketahui
[2026-05-26 18:03:16]      • [Quiz] Kuis M5 [KELAS MALAM] : Knowledge Graph dan Database Graph → Deadline: Tidak diketahui
[2026-05-26 18:03:19]      • [Materi] M6 : Graf Berarah dan Implementasinya File → Deadline: -
[2026-05-26 18:03:24]      • [Materi] Video Literasi M6 : Graf Berarah dan Implementasinya URL → Deadline: -
[2026-05-26 18:03:28]      • [Quiz] Kuis M6 [KELAS PAGI] : Graf Berarah dan Implementasinya → Deadline: Tidak diketahui
[2026-05-26 18:03:33]      • [Quiz] Kuis M6 [KELAS MALAM] : Graf Berarah dan Implementasinya → Deadline: Tidak diketahui
[2026-05-26 18:03:37]      • [Materi] M8 : Penerapan Teori Graf di Bidang Teknik Sipil File → Deadline: -
[2026-05-26 18:03:42]      • [Materi] Video Literasi M8 : Penerapan Teori Graf di Bidang Teknik Sipil URL → Deadline: -
[2026-05-26 18:03:46]      • [Quiz] Kuis M8 [KELAS PAGI] : Penerapan Teori Graf di Bidang Teknik Sipil → Deadline: Tidak diketahui
[2026-05-26 18:03:51]      • [Quiz] Kuis M8 [KELAS MALAM] : Penerapan Teori Graf di Bidang Teknik Sipil → Deadline: Tidak diketahui
[2026-05-26 18:03:55]      • [Materi] M10 : Penerapan Teori Graf  di Bidang Teknik Industri File → Deadline: -
[2026-05-26 18:03:59]      • [Materi] Video Literasi M10 : Penerapan Teori Graf  di Bidang Teknik Industri URL → Deadline: -
[2026-05-26 18:04:03]      • [Quiz] Kuis M10 [kelas pagi] : Penerapan Teori Graf  di Bidang Teknik Industri → Deadline: Tidak diketahui
[2026-05-26 18:04:08]      • [Quiz] Kuis M10 [kelas malam]: Penerapan Teori Graf  di Bidang Teknik Industri → Deadline: Tidak diketahui
[2026-05-26 18:04:12] 📚 Mengambil mata kuliah ID 104413 ...
[2026-05-26 18:04:12]   ➤ ATA 2025/2026 | 3-FIKTI | Praktikum Terapan Teori Graf
[2026-05-26 18:04:12]      • [Materi] Panduan Praktikum  Forum → Deadline: -
[2026-05-26 18:04:17]      • [Materi] Panduan Google Collaboratory URL → Deadline: -
[2026-05-26 18:04:21]      • [Materi] Panduan Instalasi Anaconda URL → Deadline: -
[2026-05-26 18:04:26]      • [Quiz] Pre-Test (M1) → Deadline: Tidak diketahui
[2026-05-26 18:04:30]      • [Materi] 1.1  Pengantar: Teori Graf URL → Deadline: -
[2026-05-26 18:04:34]      • [Materi] 1.2  Sesi Hands-on Praktikum URL → Deadline: -
[2026-05-26 18:04:39]      • [Materi] 1.3 Tutorial Menambahkan File pada Mesin DGX URL → Deadline: -
[2026-05-26 18:04:43]      • [Quiz] Post-Test (M1) → Deadline: Tidak diketahui
[2026-05-26 18:04:47]      • [Assignment] Pengumpulan Tugas (M1) → Deadline: Saturday, 7 March 2026, 11:59 PM
[2026-05-26 18:04:51]      • [Quiz] Pre-Test (M2) → Deadline: Tidak diketahui
[2026-05-26 18:04:55]      • [Materi] 2.1  Pengantar: Berbagai Pemecahan Masalah Menggunakan Teori Graf Page → Deadline: -
[2026-05-26 18:04:59]      • [Quiz] Post-Test (M2) → Deadline: Tidak diketahui
[2026-05-26 18:05:03]      • [Assignment] Pengumpulan Tugas (M2) → Deadline: Saturday, 14 March 2026, 11:59 PM
[2026-05-26 18:05:08]      • [Quiz] Pre-Test (M4) → Deadline: Tidak diketahui
[2026-05-26 18:05:13]      • [Materi] 4.1  Pengantar: Breadth First Search URL → Deadline: -
[2026-05-26 18:05:16]      • [Materi] Sesi Praktikum File → Deadline: -
[2026-05-26 18:05:21]      • [Materi] Video Tutorial: Mendownload File IPYNB di Virtual Class URL → Deadline: -
[2026-05-26 18:05:26]      • [Quiz] Post-Test (M4) → Deadline: Tidak diketahui
[2026-05-26 18:05:30]      • [Assignment] Laporan Akhir (M4) → Deadline: Saturday, 11 April 2026, 11:59 PM
[2026-05-26 18:05:34]      • [Quiz] Pre-Test (M5) → Deadline: Tidak diketahui
[2026-05-26 18:05:37]      • [Materi] Sesi Praktikum URL → Deadline: -
[2026-05-26 18:05:43]      • [Quiz] Post-Test (M5) → Deadline: Tidak diketahui
[2026-05-26 18:05:47]      • [Assignment] Laporan Akhir (M5) → Deadline: Saturday, 18 April 2026, 11:59 PM
[2026-05-26 18:05:52]      • [Quiz] Pre-Test (M6) → Deadline: Tidak diketahui
[2026-05-26 18:05:56]      • [Materi] 6.1  Pendahuluan: Algoritma Dasar Tree URL → Deadline: -
[2026-05-26 18:05:59]      • [Materi] Sesi Praktikum File → Deadline: -
[2026-05-26 18:06:04]      • [Quiz] Post-Test (M6) → Deadline: Tidak diketahui
[2026-05-26 18:06:08]      • [Assignment] Laporan Akhir (M6) → Deadline: Saturday, 25 April 2026, 11:59 PM
[2026-05-26 18:06:13]      • [Quiz] Pre-Test (M8) → Deadline: Tidak diketahui
[2026-05-26 18:06:18]      • [Materi] 8.1  Pendahuluan: Implementasi Graph URL → Deadline: -
[2026-05-26 18:06:21]      • [Materi] Link File Praktikum I - family.pl → Deadline: -
[2026-05-26 18:06:26]      • [Materi] Link File Praktikum II - 8-puzzles.ipynb → Deadline: -
[2026-05-26 18:06:30]      • [Materi] Video Tutorial: Mendownload File IPYNB di Virtual Class URL → Deadline: -
[2026-05-26 18:06:34]      • [Quiz] Post-Test (M8) → Deadline: Tidak diketahui
[2026-05-26 18:06:39]      • [Assignment] Laporan Akhir (M8) → Deadline: Saturday, 9 May 2026, 11:59 PM
[2026-05-26 18:06:43]      • [Quiz] Pre-Test (M9) → Deadline: Tidak diketahui
[2026-05-26 18:06:48]      • [Materi] Sesi Hands-on Praktikum URL → Deadline: -
[2026-05-26 18:06:52]      • [Quiz] Post-Test (M9) → Deadline: Tidak diketahui
[2026-05-26 18:06:57]      • [Assignment] Pengumpulan Tugas (M9) → Deadline: Saturday, 16 May 2026, 11:59 PM
[2026-05-26 18:07:02]      • [Quiz] Pre-Test (M3) → Deadline: Tidak diketahui
[2026-05-26 18:07:06]      • [Materi] Sesi Praktikum URL → Deadline: -
[2026-05-26 18:07:10]      • [Materi] Video Tutorial: Menambahkan File pada Mesin DGX URL → Deadline: -
[2026-05-26 18:07:14]      • [Quiz] Post-Test (M3) → Deadline: Tidak diketahui
[2026-05-26 18:07:19]      • [Assignment] Pengumpulan Tugas (M3) → Deadline: Saturday, 23 May 2026, 11:59 PM
[2026-05-26 18:07:23]      • [Quiz] Pre-Test (M7) → Deadline: Tidak diketahui
[2026-05-26 18:07:27]      • [Materi] Link File Praktikum I - 3-Tekrek-Find-Center.ipynb → Deadline: -
[2026-05-26 18:07:32]      • [Materi] Link File Praktikum II - 3-Tekrek-Sortest-Path.ipynb → Deadline: -
[2026-05-26 18:07:35]      • [Materi] Video Tutorial: Mendownload File IPYNB di Virtual Class URL → Deadline: -
[2026-05-26 18:07:39]      • [Quiz] Post-Test (M7) → Deadline: Tidak diketahui
[2026-05-26 18:07:44]      • [Assignment] Laporan Akhir (M7) → Deadline: Saturday, 23 May 2026, 11:59 PM
[2026-05-26 18:07:48] 📦 Total tugas ditemukan: 107
[2026-05-26 18:07:48] 💾 Disimpan ke python/node/tugas.json
