[2026-05-23 09:45:12] 🔐 Login ke V-Class...
[2026-05-23 09:45:12] ✅ Login berhasil
[2026-05-23 09:45:12] 📚 Mengambil mata kuliah ID 108486 ...
[2026-05-23 09:45:12]   ➤ ATA 2025/2026 | 3KB01 | Jaringan Komputer Lanjut | VIVIEN NOVA FITHRIANA
[2026-05-23 09:45:12]      • [Materi] Announcements Forum → Deadline: -
[2026-05-23 09:45:17]      • [Materi] M1 File → Deadline: -
[2026-05-23 09:45:21]      • [Materi] M2 File → Deadline: -
[2026-05-23 09:45:26]      • [Materi] M3 File → Deadline: -
[2026-05-23 09:45:29]      • [Materi] M4 File → Deadline: -
[2026-05-23 09:45:34]      • [Materi] M5 File → Deadline: -
[2026-05-23 09:45:38]      • [Materi] M6 File → Deadline: -
[2026-05-23 09:45:42]      • [Materi] M7 File → Deadline: -
[2026-05-23 09:45:46]      • [Materi] VC-1 : Traffic dan Algoritma Kendali Kemacetan File → Deadline: -
[2026-05-23 09:45:50]      • [Materi] VC-1 : Traffic dan Algoritma Kendali Kemacetan File → Deadline: -
[2026-05-23 09:45:53]      • [Materi] Forum VC-1 : Traffic dan Algoritma Kendali Kemacetan → Deadline: -
[2026-05-23 09:45:58]      • [Quiz] Latihan Soal VC-1 : Traffic dan Algoritma Kendali Kemacetan → Deadline: Tidak diketahui
[2026-05-23 09:46:01]      • [Materi] VC-2 : Traffic dan Algoritma Kendali Kemacetan - Bagian 2 File → Deadline: -
[2026-05-23 09:46:05]      • [Materi] Forum VC-2 : Traffic dan Algoritma Kendali Kemacetan - Bagian 2 → Deadline: -
[2026-05-23 09:46:09]      • [Quiz] Latihan Soal VC-2 : Traffic dan Algoritma Kendali Kemacetan - Bagian 2 → Deadline: Monday, 25 May 2026, 11:59 PM
[2026-05-23 09:46:14]      • [Materi] VC-3 : Lapisan Transport File → Deadline: -
[2026-05-23 09:46:19]      • [Materi] Forum VC-3 : Lapisan Transport → Deadline: -
[2026-05-23 09:46:23]      • [Quiz] Latihan Soal VC-3 : Lapisan Transport → Deadline: Wednesday, 15 July 2026, 11:59 PM
[2026-05-23 09:46:28] 📚 Mengambil mata kuliah ID 108172 ...
[2026-05-23 09:46:28]   ➤ ATA 2025/2026 | 3KB01 | Internet of Things (IoT) | PURNAWARMAN MUSA
[2026-05-23 09:46:28]      • [Materi] Announcements Forum → Deadline: -
[2026-05-23 09:46:33]      • [Materi] M6 File → Deadline: -
[2026-05-23 09:46:37]      • [Quiz] Soal (Tugas Individu) → Deadline: Tidak diketahui
[2026-05-23 09:46:41]      • [Quiz] Soal (Tugas Individu) → Deadline: Tidak diketahui
[2026-05-23 09:46:45] 📚 Mengambil mata kuliah ID 109563 ...
[2026-05-23 09:46:45]   ➤ ATA 2025/2026 | 3KB01 | Sistem Tertanam (Embedded) * | RIDHA ISKANDAR
[2026-05-23 09:46:45]      • [Materi] Selamat Datang di V-Class Sistem Tertanam (Embedded) Forum → Deadline: -
[2026-05-23 09:46:50]      • [Assignment] File 1 → Deadline: Sunday, 26 April 2026, 12:00 AM
[2026-05-23 09:46:54] 📚 Mengambil mata kuliah ID 109970 ...
[2026-05-23 09:46:54]   ➤ ATA 2025/2026 | 2EB10 | Bahasa Indonesia | MELANIAWATI
[2026-05-23 09:46:54] 📚 Mengambil mata kuliah ID 107919 ...
[2026-05-23 09:46:54]   ➤ ATA 2025/2026 | 3KB01 | Sistem Cerdas Lanjut | NUR SULTAN SALAHUDDIN
[2026-05-23 09:46:54]      • [Materi] Announcements Forum → Deadline: -
[2026-05-23 09:46:59]      • [Assignment] Sistem Kesehatan Cerdas → Deadline: Thursday, 21 May 2026, 12:00 AM
[2026-05-23 09:47:02]      • [Quiz] Sistem Kesehatan Cerdas → Deadline: Tidak diketahui
[2026-05-23 09:47:06] 📚 Mengambil mata kuliah ID 107291 ...
[2026-05-23 09:47:06]   ➤ ATA 2025/2026 | 3KB01 | Pengantarmukaan Perif.Komputer * | FARID THALIB
[2026-05-23 09:47:06]      • [Materi] Announcements Forum → Deadline: -
[2026-05-23 09:47:11] 📚 Mengambil mata kuliah ID 104438 ...
[2026-05-23 09:47:12]   ➤ ATA 2025/2026 | 3-FIKTI | Terapan Teori Graf | TEAM TEACHING
[2026-05-23 09:47:12]      • [Materi] PEMBERITAHUAN PELAKSANAAN TEAM TEACHING TERAPAN TEORI GRAF Forum → Deadline: -
[2026-05-23 09:47:16]      • [Materi] M1: Pendahuluan Teori Graf File → Deadline: -
[2026-05-23 09:47:20]      • [Materi] Video Literasi M1: Pendahuluan Teori Graf URL → Deadline: -
[2026-05-23 09:47:25]      • [Quiz] Kuis M1 [kelas PAGI] → Deadline: Tidak diketahui
[2026-05-23 09:47:29]      • [Quiz] Kuis M1 [kelas MALAM] → Deadline: Tidak diketahui
[2026-05-23 09:47:33]      • [Materi] M2: Graf Tidak Berarah dan Graf Berbobot File → Deadline: -
[2026-05-23 09:47:37]      • [Materi] Video Literasi M2 : Graf Tidak Berarah dan Graf Berbobot URL → Deadline: -
[2026-05-23 09:47:41]      • [Quiz] Kuis M2 [KELAS PAGI] : Graf Tidak Berarah dan Graf Berbobot → Deadline: Tidak diketahui
[2026-05-23 09:47:46]      • [Quiz] Kuis M2 [KELAS MALAM] : Graf Tidak Berarah dan Graf Berbobot → Deadline: Tidak diketahui
[2026-05-23 09:47:50]      • [Materi] M4 : Aplikasi Teori Graf di Teknik Elektro File → Deadline: -
[2026-05-23 09:47:55]      • [Materi] Video Literasi M4 : Aplikasi Teori Graf di Teknik Elektro URL → Deadline: -
[2026-05-23 09:47:59]      • [Quiz] Kuis M4 [KELAS PAGI]: Aplikasi Teori Graf di Teknik Elektro → Deadline: Tidak diketahui
[2026-05-23 09:48:03]      • [Quiz] Kuis M4 [KELAS MALAM]: Aplikasi Teori Graf di Teknik Elektro → Deadline: Tidak diketahui
[2026-05-23 09:48:08]      • [Materi] M5 : Knowledge Graph dan Database Graph File → Deadline: -
[2026-05-23 09:48:12]      • [Materi] Video Literasi  M5 : Knowledge Graph dan Database Graph URL → Deadline: -
[2026-05-23 09:48:16]      • [Quiz] Kuis M5 [KELAS PAGI] : nowledge Graph dan Database Graph → Deadline: Tidak diketahui
[2026-05-23 09:48:20]      • [Quiz] Kuis M5 [KELAS MALAM] : Knowledge Graph dan Database Graph → Deadline: Tidak diketahui
[2026-05-23 09:48:25]      • [Materi] M6 : Graf Berarah dan Implementasinya File → Deadline: -
[2026-05-23 09:48:29]      • [Materi] Video Literasi M6 : Graf Berarah dan Implementasinya URL → Deadline: -
[2026-05-23 09:48:33]      • [Quiz] Kuis M6 [KELAS PAGI] : Graf Berarah dan Implementasinya → Deadline: Tidak diketahui
[2026-05-23 09:48:38]      • [Quiz] Kuis M6 [KELAS MALAM] : Graf Berarah dan Implementasinya → Deadline: Tidak diketahui
[2026-05-23 09:48:42]      • [Materi] M8 : Penerapan Teori Graf di Bidang Teknik Sipil File → Deadline: -
[2026-05-23 09:48:46]      • [Materi] Video Literasi M8 : Penerapan Teori Graf di Bidang Teknik Sipil URL → Deadline: -
[2026-05-23 09:48:51]      • [Quiz] Kuis M8 [KELAS PAGI] : Penerapan Teori Graf di Bidang Teknik Sipil → Deadline: Tidak diketahui
[2026-05-23 09:48:56]      • [Quiz] Kuis M8 [KELAS MALAM] : Penerapan Teori Graf di Bidang Teknik Sipil → Deadline: Tidak diketahui
[2026-05-23 09:48:59]      • [Materi] M10 : Penerapan Teori Graf  di Bidang Teknik Industri File → Deadline: -
[2026-05-23 09:49:03]      • [Materi] Video Literasi M10 : Penerapan Teori Graf  di Bidang Teknik Industri URL → Deadline: -
[2026-05-23 09:49:08]      • [Quiz] Kuis M10 [kelas pagi] : Penerapan Teori Graf  di Bidang Teknik Industri → Deadline: Tidak diketahui
[2026-05-23 09:49:13]      • [Quiz] Kuis M10 [kelas malam]: Penerapan Teori Graf  di Bidang Teknik Industri → Deadline: Tidak diketahui
[2026-05-23 09:49:17] 📚 Mengambil mata kuliah ID 104413 ...
[2026-05-23 09:49:17]   ➤ ATA 2025/2026 | 3-FIKTI | Praktikum Terapan Teori Graf
[2026-05-23 09:49:17]      • [Materi] Panduan Praktikum  Forum → Deadline: -
[2026-05-23 09:49:21]      • [Materi] Panduan Google Collaboratory URL → Deadline: -
[2026-05-23 09:49:26]      • [Materi] Panduan Instalasi Anaconda URL → Deadline: -
[2026-05-23 09:49:30]      • [Quiz] Pre-Test (M1) → Deadline: Tidak diketahui
[2026-05-23 09:49:35]      • [Materi] 1.1  Pengantar: Teori Graf URL → Deadline: -
[2026-05-23 09:49:38]      • [Materi] 1.2  Sesi Hands-on Praktikum URL → Deadline: -
[2026-05-23 09:49:43]      • [Materi] 1.3 Tutorial Menambahkan File pada Mesin DGX URL → Deadline: -
[2026-05-23 09:49:47]      • [Quiz] Post-Test (M1) → Deadline: Tidak diketahui
[2026-05-23 09:49:52]      • [Assignment] Pengumpulan Tugas (M1) → Deadline: Saturday, 7 March 2026, 11:59 PM
[2026-05-23 09:49:56]      • [Quiz] Pre-Test (M2) → Deadline: Tidak diketahui
[2026-05-23 09:50:00]      • [Materi] 2.1  Pengantar: Berbagai Pemecahan Masalah Menggunakan Teori Graf Page → Deadline: -
[2026-05-23 09:50:05]      • [Quiz] Post-Test (M2) → Deadline: Tidak diketahui
[2026-05-23 09:50:09]      • [Assignment] Pengumpulan Tugas (M2) → Deadline: Saturday, 14 March 2026, 11:59 PM
[2026-05-23 09:50:13]      • [Quiz] Pre-Test (M4) → Deadline: Tidak diketahui
[2026-05-23 09:50:18]      • [Materi] 4.1  Pengantar: Breadth First Search URL → Deadline: -
[2026-05-23 09:50:22]      • [Materi] Sesi Praktikum File → Deadline: -
[2026-05-23 09:50:26]      • [Materi] Video Tutorial: Mendownload File IPYNB di Virtual Class URL → Deadline: -
[2026-05-23 09:50:30]      • [Quiz] Post-Test (M4) → Deadline: Tidak diketahui
[2026-05-23 09:50:34]      • [Assignment] Laporan Akhir (M4) → Deadline: Saturday, 11 April 2026, 11:59 PM
[2026-05-23 09:50:38]      • [Quiz] Pre-Test (M5) → Deadline: Tidak diketahui
[2026-05-23 09:50:42]      • [Materi] Sesi Praktikum URL → Deadline: -
[2026-05-23 09:50:46]      • [Quiz] Post-Test (M5) → Deadline: Tidak diketahui
[2026-05-23 09:50:50]      • [Assignment] Laporan Akhir (M5) → Deadline: Saturday, 18 April 2026, 11:59 PM
[2026-05-23 09:50:55]      • [Quiz] Pre-Test (M6) → Deadline: Tidak diketahui
[2026-05-23 09:50:59]      • [Materi] 6.1  Pendahuluan: Algoritma Dasar Tree URL → Deadline: -
[2026-05-23 09:51:03]      • [Materi] Sesi Praktikum File → Deadline: -
[2026-05-23 09:51:08]      • [Quiz] Post-Test (M6) → Deadline: Tidak diketahui
[2026-05-23 09:51:13]      • [Assignment] Laporan Akhir (M6) → Deadline: Saturday, 25 April 2026, 11:59 PM
[2026-05-23 09:51:17]      • [Quiz] Pre-Test (M8) → Deadline: Tidak diketahui
[2026-05-23 09:51:20]      • [Materi] 8.1  Pendahuluan: Implementasi Graph URL → Deadline: -
[2026-05-23 09:51:24]      • [Materi] Link File Praktikum I - family.pl → Deadline: -
[2026-05-23 09:51:28]      • [Materi] Link File Praktikum II - 8-puzzles.ipynb → Deadline: -
[2026-05-23 09:51:33]      • [Materi] Video Tutorial: Mendownload File IPYNB di Virtual Class URL → Deadline: -
[2026-05-23 09:51:38]      • [Quiz] Post-Test (M8) → Deadline: Tidak diketahui
[2026-05-23 09:51:42]      • [Assignment] Laporan Akhir (M8) → Deadline: Saturday, 9 May 2026, 11:59 PM
[2026-05-23 09:51:46]      • [Quiz] Pre-Test (M9) → Deadline: Tidak diketahui
[2026-05-23 09:51:50]      • [Materi] Sesi Hands-on Praktikum URL → Deadline: -
[2026-05-23 09:51:54]      • [Quiz] Post-Test (M9) → Deadline: Tidak diketahui
[2026-05-23 09:51:59]      • [Assignment] Pengumpulan Tugas (M9) → Deadline: Saturday, 16 May 2026, 11:59 PM
[2026-05-23 09:52:03]      • [Quiz] Pre-Test (M3) → Deadline: Saturday, 23 May 2026, 11:59 PM
[2026-05-23 09:52:08]      • [Materi] Sesi Praktikum URL → Deadline: -
[2026-05-23 09:52:12]      • [Materi] Video Tutorial: Menambahkan File pada Mesin DGX URL → Deadline: -
[2026-05-23 09:52:17]      • [Quiz] Post-Test (M3) → Deadline: Saturday, 23 May 2026, 11:59 PM
[2026-05-23 09:52:22]      • [Assignment] Pengumpulan Tugas (M3) → Deadline: Saturday, 23 May 2026, 11:59 PM
[2026-05-23 09:52:26]      • [Quiz] Pre-Test (M7) → Deadline: Saturday, 23 May 2026, 11:59 PM
[2026-05-23 09:52:29]      • [Materi] Link File Praktikum I - 3-Tekrek-Find-Center.ipynb → Deadline: -
[2026-05-23 09:52:34]      • [Materi] Link File Praktikum II - 3-Tekrek-Sortest-Path.ipynb → Deadline: -
[2026-05-23 09:52:38]      • [Materi] Video Tutorial: Mendownload File IPYNB di Virtual Class URL → Deadline: -
[2026-05-23 09:52:43]      • [Quiz] Post-Test (M7) → Deadline: Saturday, 23 May 2026, 11:59 PM
[2026-05-23 09:52:47]      • [Assignment] Laporan Akhir (M7) → Deadline: Saturday, 23 May 2026, 11:59 PM
[2026-05-23 09:52:51] 📦 Total tugas ditemukan: 107
[2026-05-23 09:52:51] 💾 Disimpan ke python/node/tugas.json
[2026-05-23 18:00:52] 🔐 Login ke V-Class...
[2026-05-23 18:00:52] ✅ Login berhasil
[2026-05-23 18:00:52] 📚 Mengambil mata kuliah ID 108486 ...
[2026-05-23 18:00:52]   ➤ ATA 2025/2026 | 3KB01 | Jaringan Komputer Lanjut | VIVIEN NOVA FITHRIANA
[2026-05-23 18:00:52]      • [Materi] Announcements Forum → Deadline: -
[2026-05-23 18:00:57]      • [Materi] M1 File → Deadline: -
[2026-05-23 18:01:01]      • [Materi] M2 File → Deadline: -
[2026-05-23 18:01:04]      • [Materi] M3 File → Deadline: -
[2026-05-23 18:01:09]      • [Materi] M4 File → Deadline: -
[2026-05-23 18:01:14]      • [Materi] M5 File → Deadline: -
[2026-05-23 18:01:17]      • [Materi] M6 File → Deadline: -
[2026-05-23 18:01:22]      • [Materi] M7 File → Deadline: -
[2026-05-23 18:01:26]      • [Materi] VC-1 : Traffic dan Algoritma Kendali Kemacetan File → Deadline: -
[2026-05-23 18:01:30]      • [Materi] VC-1 : Traffic dan Algoritma Kendali Kemacetan File → Deadline: -
[2026-05-23 18:01:34]      • [Materi] Forum VC-1 : Traffic dan Algoritma Kendali Kemacetan → Deadline: -
[2026-05-23 18:01:39]      • [Quiz] Latihan Soal VC-1 : Traffic dan Algoritma Kendali Kemacetan → Deadline: Tidak diketahui
[2026-05-23 18:01:44]      • [Materi] VC-2 : Traffic dan Algoritma Kendali Kemacetan - Bagian 2 File → Deadline: -
[2026-05-23 18:01:48]      • [Materi] Forum VC-2 : Traffic dan Algoritma Kendali Kemacetan - Bagian 2 → Deadline: -
[2026-05-23 18:01:52]      • [Quiz] Latihan Soal VC-2 : Traffic dan Algoritma Kendali Kemacetan - Bagian 2 → Deadline: Monday, 25 May 2026, 11:59 PM
[2026-05-23 18:01:56]      • [Materi] VC-3 : Lapisan Transport File → Deadline: -
[2026-05-23 18:02:00]      • [Materi] Forum VC-3 : Lapisan Transport → Deadline: -
[2026-05-23 18:02:05]      • [Quiz] Latihan Soal VC-3 : Lapisan Transport → Deadline: Wednesday, 15 July 2026, 11:59 PM
[2026-05-23 18:02:10] 📚 Mengambil mata kuliah ID 108172 ...
[2026-05-23 18:02:10]   ➤ ATA 2025/2026 | 3KB01 | Internet of Things (IoT) | PURNAWARMAN MUSA
[2026-05-23 18:02:10]      • [Materi] Announcements Forum → Deadline: -
[2026-05-23 18:02:15]      • [Materi] M6 File → Deadline: -
[2026-05-23 18:02:19]      • [Quiz] Soal (Tugas Individu) → Deadline: Tidak diketahui
[2026-05-23 18:02:23]      • [Quiz] Soal (Tugas Individu) → Deadline: Tidak diketahui
[2026-05-23 18:02:27] 📚 Mengambil mata kuliah ID 109563 ...
[2026-05-23 18:02:28]   ➤ ATA 2025/2026 | 3KB01 | Sistem Tertanam (Embedded) * | RIDHA ISKANDAR
[2026-05-23 18:02:28]      • [Materi] Selamat Datang di V-Class Sistem Tertanam (Embedded) Forum → Deadline: -
[2026-05-23 18:02:31]      • [Assignment] File 1 → Deadline: Sunday, 26 April 2026, 12:00 AM
[2026-05-23 18:02:35] 📚 Mengambil mata kuliah ID 109970 ...
[2026-05-23 18:02:35]   ➤ ATA 2025/2026 | 2EB10 | Bahasa Indonesia | MELANIAWATI
[2026-05-23 18:02:35] 📚 Mengambil mata kuliah ID 107919 ...
[2026-05-23 18:02:35]   ➤ ATA 2025/2026 | 3KB01 | Sistem Cerdas Lanjut | NUR SULTAN SALAHUDDIN
[2026-05-23 18:02:35]      • [Materi] Announcements Forum → Deadline: -
[2026-05-23 18:02:40]      • [Assignment] Sistem Kesehatan Cerdas → Deadline: Thursday, 21 May 2026, 12:00 AM
[2026-05-23 18:02:44]      • [Quiz] Sistem Kesehatan Cerdas → Deadline: Tidak diketahui
[2026-05-23 18:02:49] 📚 Mengambil mata kuliah ID 107291 ...
[2026-05-23 18:02:49]   ➤ ATA 2025/2026 | 3KB01 | Pengantarmukaan Perif.Komputer * | FARID THALIB
[2026-05-23 18:02:49]      • [Materi] Announcements Forum → Deadline: -
[2026-05-23 18:02:54] 📚 Mengambil mata kuliah ID 104438 ...
[2026-05-23 18:02:54]   ➤ ATA 2025/2026 | 3-FIKTI | Terapan Teori Graf | TEAM TEACHING
[2026-05-23 18:02:54]      • [Materi] PEMBERITAHUAN PELAKSANAAN TEAM TEACHING TERAPAN TEORI GRAF Forum → Deadline: -
[2026-05-23 18:02:58]      • [Materi] M1: Pendahuluan Teori Graf File → Deadline: -
[2026-05-23 18:03:03]      • [Materi] Video Literasi M1: Pendahuluan Teori Graf URL → Deadline: -
[2026-05-23 18:03:06]      • [Quiz] Kuis M1 [kelas PAGI] → Deadline: Tidak diketahui
[2026-05-23 18:03:10]      • [Quiz] Kuis M1 [kelas MALAM] → Deadline: Tidak diketahui
[2026-05-23 18:03:14]      • [Materi] M2: Graf Tidak Berarah dan Graf Berbobot File → Deadline: -
[2026-05-23 18:03:19]      • [Materi] Video Literasi M2 : Graf Tidak Berarah dan Graf Berbobot URL → Deadline: -
[2026-05-23 18:03:23]      • [Quiz] Kuis M2 [KELAS PAGI] : Graf Tidak Berarah dan Graf Berbobot → Deadline: Tidak diketahui
[2026-05-23 18:03:27]      • [Quiz] Kuis M2 [KELAS MALAM] : Graf Tidak Berarah dan Graf Berbobot → Deadline: Tidak diketahui
[2026-05-23 18:03:31]      • [Materi] M4 : Aplikasi Teori Graf di Teknik Elektro File → Deadline: -
[2026-05-23 18:03:36]      • [Materi] Video Literasi M4 : Aplikasi Teori Graf di Teknik Elektro URL → Deadline: -
[2026-05-23 18:03:41]      • [Quiz] Kuis M4 [KELAS PAGI]: Aplikasi Teori Graf di Teknik Elektro → Deadline: Tidak diketahui
[2026-05-23 18:03:45]      • [Quiz] Kuis M4 [KELAS MALAM]: Aplikasi Teori Graf di Teknik Elektro → Deadline: Tidak diketahui
[2026-05-23 18:03:50]      • [Materi] M5 : Knowledge Graph dan Database Graph File → Deadline: -
[2026-05-23 18:03:54]      • [Materi] Video Literasi  M5 : Knowledge Graph dan Database Graph URL → Deadline: -
[2026-05-23 18:03:58]      • [Quiz] Kuis M5 [KELAS PAGI] : nowledge Graph dan Database Graph → Deadline: Tidak diketahui
[2026-05-23 18:04:03]      • [Quiz] Kuis M5 [KELAS MALAM] : Knowledge Graph dan Database Graph → Deadline: Tidak diketahui
[2026-05-23 18:04:08]      • [Materi] M6 : Graf Berarah dan Implementasinya File → Deadline: -
[2026-05-23 18:04:12]      • [Materi] Video Literasi M6 : Graf Berarah dan Implementasinya URL → Deadline: -
[2026-05-23 18:04:16]      • [Quiz] Kuis M6 [KELAS PAGI] : Graf Berarah dan Implementasinya → Deadline: Tidak diketahui
[2026-05-23 18:04:21]      • [Quiz] Kuis M6 [KELAS MALAM] : Graf Berarah dan Implementasinya → Deadline: Tidak diketahui
[2026-05-23 18:04:26]      • [Materi] M8 : Penerapan Teori Graf di Bidang Teknik Sipil File → Deadline: -
[2026-05-23 18:04:30]      • [Materi] Video Literasi M8 : Penerapan Teori Graf di Bidang Teknik Sipil URL → Deadline: -
[2026-05-23 18:04:35]      • [Quiz] Kuis M8 [KELAS PAGI] : Penerapan Teori Graf di Bidang Teknik Sipil → Deadline: Tidak diketahui
[2026-05-23 18:04:39]      • [Quiz] Kuis M8 [KELAS MALAM] : Penerapan Teori Graf di Bidang Teknik Sipil → Deadline: Tidak diketahui
[2026-05-23 18:04:44]      • [Materi] M10 : Penerapan Teori Graf  di Bidang Teknik Industri File → Deadline: -
[2026-05-23 18:04:48]      • [Materi] Video Literasi M10 : Penerapan Teori Graf  di Bidang Teknik Industri URL → Deadline: -
[2026-05-23 18:04:53]      • [Quiz] Kuis M10 [kelas pagi] : Penerapan Teori Graf  di Bidang Teknik Industri → Deadline: Tidak diketahui
[2026-05-23 18:04:57]      • [Quiz] Kuis M10 [kelas malam]: Penerapan Teori Graf  di Bidang Teknik Industri → Deadline: Tidak diketahui
[2026-05-23 18:05:01] 📚 Mengambil mata kuliah ID 104413 ...
[2026-05-23 18:05:01]   ➤ ATA 2025/2026 | 3-FIKTI | Praktikum Terapan Teori Graf
[2026-05-23 18:05:01]      • [Materi] Panduan Praktikum  Forum → Deadline: -
[2026-05-23 18:05:05]      • [Materi] Panduan Google Collaboratory URL → Deadline: -
[2026-05-23 18:05:10]      • [Materi] Panduan Instalasi Anaconda URL → Deadline: -
[2026-05-23 18:05:15]      • [Quiz] Pre-Test (M1) → Deadline: Tidak diketahui
[2026-05-23 18:05:20]      • [Materi] 1.1  Pengantar: Teori Graf URL → Deadline: -
[2026-05-23 18:05:24]      • [Materi] 1.2  Sesi Hands-on Praktikum URL → Deadline: -
[2026-05-23 18:05:29]      • [Materi] 1.3 Tutorial Menambahkan File pada Mesin DGX URL → Deadline: -
[2026-05-23 18:05:33]      • [Quiz] Post-Test (M1) → Deadline: Tidak diketahui
[2026-05-23 18:05:37]      • [Assignment] Pengumpulan Tugas (M1) → Deadline: Saturday, 7 March 2026, 11:59 PM
[2026-05-23 18:05:42]      • [Quiz] Pre-Test (M2) → Deadline: Tidak diketahui
[2026-05-23 18:05:47]      • [Materi] 2.1  Pengantar: Berbagai Pemecahan Masalah Menggunakan Teori Graf Page → Deadline: -
[2026-05-23 18:05:51]      • [Quiz] Post-Test (M2) → Deadline: Tidak diketahui
[2026-05-23 18:05:56]      • [Assignment] Pengumpulan Tugas (M2) → Deadline: Saturday, 14 March 2026, 11:59 PM
[2026-05-23 18:06:00]      • [Quiz] Pre-Test (M4) → Deadline: Tidak diketahui
[2026-05-23 18:06:04]      • [Materi] 4.1  Pengantar: Breadth First Search URL → Deadline: -
[2026-05-23 18:06:08]      • [Materi] Sesi Praktikum File → Deadline: -
[2026-05-23 18:06:12]      • [Materi] Video Tutorial: Mendownload File IPYNB di Virtual Class URL → Deadline: -
[2026-05-23 18:06:17]      • [Quiz] Post-Test (M4) → Deadline: Tidak diketahui
[2026-05-23 18:06:21]      • [Assignment] Laporan Akhir (M4) → Deadline: Saturday, 11 April 2026, 11:59 PM
[2026-05-23 18:06:25]      • [Quiz] Pre-Test (M5) → Deadline: Tidak diketahui
[2026-05-23 18:06:29]      • [Materi] Sesi Praktikum URL → Deadline: -
[2026-05-23 18:06:33]      • [Quiz] Post-Test (M5) → Deadline: Tidak diketahui
[2026-05-23 18:06:38]      • [Assignment] Laporan Akhir (M5) → Deadline: Saturday, 18 April 2026, 11:59 PM
[2026-05-23 18:06:43]      • [Quiz] Pre-Test (M6) → Deadline: Tidak diketahui
[2026-05-23 18:06:47]      • [Materi] 6.1  Pendahuluan: Algoritma Dasar Tree URL → Deadline: -
[2026-05-23 18:06:51]      • [Materi] Sesi Praktikum File → Deadline: -
[2026-05-23 18:06:56]      • [Quiz] Post-Test (M6) → Deadline: Tidak diketahui
[2026-05-23 18:07:01]      • [Assignment] Laporan Akhir (M6) → Deadline: Saturday, 25 April 2026, 11:59 PM
[2026-05-23 18:07:05]      • [Quiz] Pre-Test (M8) → Deadline: Tidak diketahui
[2026-05-23 18:07:10]      • [Materi] 8.1  Pendahuluan: Implementasi Graph URL → Deadline: -
[2026-05-23 18:07:14]      • [Materi] Link File Praktikum I - family.pl → Deadline: -
[2026-05-23 18:07:19]      • [Materi] Link File Praktikum II - 8-puzzles.ipynb → Deadline: -
[2026-05-23 18:07:24]      • [Materi] Video Tutorial: Mendownload File IPYNB di Virtual Class URL → Deadline: -
[2026-05-23 18:07:27]      • [Quiz] Post-Test (M8) → Deadline: Tidak diketahui
[2026-05-23 18:07:32]      • [Assignment] Laporan Akhir (M8) → Deadline: Saturday, 9 May 2026, 11:59 PM
[2026-05-23 18:07:37]      • [Quiz] Pre-Test (M9) → Deadline: Tidak diketahui
[2026-05-23 18:07:40]      • [Materi] Sesi Hands-on Praktikum URL → Deadline: -
[2026-05-23 18:07:44]      • [Quiz] Post-Test (M9) → Deadline: Tidak diketahui
[2026-05-23 18:07:48]      • [Assignment] Pengumpulan Tugas (M9) → Deadline: Saturday, 16 May 2026, 11:59 PM
[2026-05-23 18:07:53]      • [Quiz] Pre-Test (M3) → Deadline: Saturday, 23 May 2026, 11:59 PM
[2026-05-23 18:07:57]      • [Materi] Sesi Praktikum URL → Deadline: -
[2026-05-23 18:08:01]      • [Materi] Video Tutorial: Menambahkan File pada Mesin DGX URL → Deadline: -
[2026-05-23 18:08:05]      • [Quiz] Post-Test (M3) → Deadline: Saturday, 23 May 2026, 11:59 PM
[2026-05-23 18:08:10]      • [Assignment] Pengumpulan Tugas (M3) → Deadline: Saturday, 23 May 2026, 11:59 PM
[2026-05-23 18:08:14]      • [Quiz] Pre-Test (M7) → Deadline: Saturday, 23 May 2026, 11:59 PM
[2026-05-23 18:08:18]      • [Materi] Link File Praktikum I - 3-Tekrek-Find-Center.ipynb → Deadline: -
[2026-05-23 18:08:23]      • [Materi] Link File Praktikum II - 3-Tekrek-Sortest-Path.ipynb → Deadline: -
[2026-05-23 18:08:26]      • [Materi] Video Tutorial: Mendownload File IPYNB di Virtual Class URL → Deadline: -
[2026-05-23 18:08:30]      • [Quiz] Post-Test (M7) → Deadline: Saturday, 23 May 2026, 11:59 PM
[2026-05-23 18:08:34]      • [Assignment] Laporan Akhir (M7) → Deadline: Saturday, 23 May 2026, 11:59 PM
[2026-05-23 18:08:39] 📦 Total tugas ditemukan: 107
[2026-05-23 18:08:39] 💾 Disimpan ke python/node/tugas.json
