[2026-05-19 09:45:05] 🔐 Login ke V-Class...
[2026-05-19 09:45:05] ✅ Login berhasil
[2026-05-19 09:45:05] 📚 Mengambil mata kuliah ID 108486 ...
[2026-05-19 09:45:05]   ➤ ATA 2025/2026 | 3KB01 | Jaringan Komputer Lanjut | VIVIEN NOVA FITHRIANA
[2026-05-19 09:45:05]      • [Materi] Announcements Forum → Deadline: -
[2026-05-19 09:45:10]      • [Materi] M1 File → Deadline: -
[2026-05-19 09:45:14]      • [Materi] M2 File → Deadline: -
[2026-05-19 09:45:18]      • [Materi] M3 File → Deadline: -
[2026-05-19 09:45:22]      • [Materi] M4 File → Deadline: -
[2026-05-19 09:45:27]      • [Materi] M5 File → Deadline: -
[2026-05-19 09:45:31]      • [Materi] M6 File → Deadline: -
[2026-05-19 09:45:36]      • [Materi] M7 File → Deadline: -
[2026-05-19 09:45:40]      • [Materi] VC-1 : Traffic dan Algoritma Kendali Kemacetan File → Deadline: -
[2026-05-19 09:45:45]      • [Materi] VC-1 : Traffic dan Algoritma Kendali Kemacetan File → Deadline: -
[2026-05-19 09:45:49]      • [Materi] Forum VC-1 : Traffic dan Algoritma Kendali Kemacetan → Deadline: -
[2026-05-19 09:45:54]      • [Quiz] Latihan Soal VC-1 : Traffic dan Algoritma Kendali Kemacetan → Deadline: Tidak diketahui
[2026-05-19 09:45:59]      • [Materi] VC-2 : Traffic dan Algoritma Kendali Kemacetan - Bagian 2 File → Deadline: -
[2026-05-19 09:46:03]      • [Materi] Forum VC-2 : Traffic dan Algoritma Kendali Kemacetan - Bagian 2 → Deadline: -
[2026-05-19 09:46:09]      • [Quiz] Latihan Soal VC-2 : Traffic dan Algoritma Kendali Kemacetan - Bagian 2 → Deadline: Monday, 25 May 2026, 11:59 PM
[2026-05-19 09:46:13]      • [Materi] VC-3 : Lapisan Transport File → Deadline: -
[2026-05-19 09:46:17]      • [Materi] Forum VC-3 : Lapisan Transport → Deadline: -
[2026-05-19 09:46:21]      • [Quiz] Latihan Soal VC-3 : Lapisan Transport → Deadline: Wednesday, 15 July 2026, 11:59 PM
[2026-05-19 09:46:26] 📚 Mengambil mata kuliah ID 108172 ...
[2026-05-19 09:46:26]   ➤ ATA 2025/2026 | 3KB01 | Internet of Things (IoT) | PURNAWARMAN MUSA
[2026-05-19 09:46:26]      • [Materi] Announcements Forum → Deadline: -
[2026-05-19 09:46:31]      • [Materi] M6 File → Deadline: -
[2026-05-19 09:46:35]      • [Quiz] Soal (Tugas Individu) → Deadline: Tidak diketahui
[2026-05-19 09:46:39]      • [Quiz] Soal (Tugas Individu) → Deadline: Tidak diketahui
[2026-05-19 09:46:43] 📚 Mengambil mata kuliah ID 109563 ...
[2026-05-19 09:46:43]   ➤ ATA 2025/2026 | 3KB01 | Sistem Tertanam (Embedded) * | RIDHA ISKANDAR
[2026-05-19 09:46:43]      • [Materi] Selamat Datang di V-Class Sistem Tertanam (Embedded) Forum → Deadline: -
[2026-05-19 09:46:47]      • [Assignment] File 1 → Deadline: Sunday, 26 April 2026, 12:00 AM
[2026-05-19 09:46:51] 📚 Mengambil mata kuliah ID 109970 ...
[2026-05-19 09:46:52]   ➤ ATA 2025/2026 | 2EB10 | Bahasa Indonesia | MELANIAWATI
[2026-05-19 09:46:52] 📚 Mengambil mata kuliah ID 107919 ...
[2026-05-19 09:46:52]   ➤ ATA 2025/2026 | 3KB01 | Sistem Cerdas Lanjut | NUR SULTAN SALAHUDDIN
[2026-05-19 09:46:52]      • [Materi] Announcements Forum → Deadline: -
[2026-05-19 09:46:55]      • [Assignment] Sistem Kesehatan Cerdas → Deadline: Thursday, 21 May 2026, 12:00 AM
[2026-05-19 09:46:59]      • [Quiz] Sistem Kesehatan Cerdas → Deadline: Thursday, 21 May 2026, 9:26 PM
[2026-05-19 09:47:03] 📚 Mengambil mata kuliah ID 107291 ...
[2026-05-19 09:47:03]   ➤ ATA 2025/2026 | 3KB01 | Pengantarmukaan Perif.Komputer * | FARID THALIB
[2026-05-19 09:47:03]      • [Materi] Announcements Forum → Deadline: -
[2026-05-19 09:47:08] 📚 Mengambil mata kuliah ID 104438 ...
[2026-05-19 09:47:08]   ➤ ATA 2025/2026 | 3-FIKTI | Terapan Teori Graf | TEAM TEACHING
[2026-05-19 09:47:08]      • [Materi] PEMBERITAHUAN PELAKSANAAN TEAM TEACHING TERAPAN TEORI GRAF Forum → Deadline: -
[2026-05-19 09:47:12]      • [Materi] M1: Pendahuluan Teori Graf File → Deadline: -
[2026-05-19 09:47:16]      • [Materi] Video Literasi M1: Pendahuluan Teori Graf URL → Deadline: -
[2026-05-19 09:47:20]      • [Quiz] Kuis M1 [kelas PAGI] → Deadline: Tidak diketahui
[2026-05-19 09:47:25]      • [Quiz] Kuis M1 [kelas MALAM] → Deadline: Tidak diketahui
[2026-05-19 09:47:28]      • [Materi] M2: Graf Tidak Berarah dan Graf Berbobot File → Deadline: -
[2026-05-19 09:47:33]      • [Materi] Video Literasi M2 : Graf Tidak Berarah dan Graf Berbobot URL → Deadline: -
[2026-05-19 09:47:37]      • [Quiz] Kuis M2 [KELAS PAGI] : Graf Tidak Berarah dan Graf Berbobot → Deadline: Tidak diketahui
[2026-05-19 09:47:41]      • [Quiz] Kuis M2 [KELAS MALAM] : Graf Tidak Berarah dan Graf Berbobot → Deadline: Tidak diketahui
[2026-05-19 09:47:45]      • [Materi] M4 : Aplikasi Teori Graf di Teknik Elektro File → Deadline: -
[2026-05-19 09:47:49]      • [Materi] Video Literasi M4 : Aplikasi Teori Graf di Teknik Elektro URL → Deadline: -
[2026-05-19 09:47:53]      • [Quiz] Kuis M4 [KELAS PAGI]: Aplikasi Teori Graf di Teknik Elektro → Deadline: Tidak diketahui
[2026-05-19 09:47:57]      • [Quiz] Kuis M4 [KELAS MALAM]: Aplikasi Teori Graf di Teknik Elektro → Deadline: Tidak diketahui
[2026-05-19 09:48:01]      • [Materi] M5 : Knowledge Graph dan Database Graph File → Deadline: -
[2026-05-19 09:48:06]      • [Materi] Video Literasi  M5 : Knowledge Graph dan Database Graph URL → Deadline: -
[2026-05-19 09:48:10]      • [Quiz] Kuis M5 [KELAS PAGI] : nowledge Graph dan Database Graph → Deadline: Tidak diketahui
[2026-05-19 09:48:15]      • [Quiz] Kuis M5 [KELAS MALAM] : Knowledge Graph dan Database Graph → Deadline: Tidak diketahui
[2026-05-19 09:48:19]      • [Materi] M6 : Graf Berarah dan Implementasinya File → Deadline: -
[2026-05-19 09:48:22]      • [Materi] Video Literasi M6 : Graf Berarah dan Implementasinya URL → Deadline: -
[2026-05-19 09:48:27]      • [Quiz] Kuis M6 [KELAS PAGI] : Graf Berarah dan Implementasinya → Deadline: Tidak diketahui
[2026-05-19 09:48:31]      • [Quiz] Kuis M6 [KELAS MALAM] : Graf Berarah dan Implementasinya → Deadline: Tidak diketahui
[2026-05-19 09:48:36]      • [Materi] M8 : Penerapan Teori Graf di Bidang Teknik Sipil File → Deadline: -
[2026-05-19 09:48:39]      • [Materi] Video Literasi M8 : Penerapan Teori Graf di Bidang Teknik Sipil URL → Deadline: -
[2026-05-19 09:48:44]      • [Quiz] Kuis M8 [KELAS PAGI] : Penerapan Teori Graf di Bidang Teknik Sipil → Deadline: Tidak diketahui
[2026-05-19 09:48:49]      • [Quiz] Kuis M8 [KELAS MALAM] : Penerapan Teori Graf di Bidang Teknik Sipil → Deadline: Tidak diketahui
[2026-05-19 09:48:53] 📚 Mengambil mata kuliah ID 104413 ...
[2026-05-19 09:48:53]   ➤ ATA 2025/2026 | 3-FIKTI | Praktikum Terapan Teori Graf
[2026-05-19 09:48:53]      • [Materi] Panduan Praktikum  Forum → Deadline: -
[2026-05-19 09:48:58]      • [Materi] Panduan Google Collaboratory URL → Deadline: -
[2026-05-19 09:49:02]      • [Materi] Panduan Instalasi Anaconda URL → Deadline: -
[2026-05-19 09:49:07]      • [Quiz] Pre-Test (M1) → Deadline: Tidak diketahui
[2026-05-19 09:49:11]      • [Materi] 1.1  Pengantar: Teori Graf URL → Deadline: -
[2026-05-19 09:49:15]      • [Materi] 1.2  Sesi Hands-on Praktikum URL → Deadline: -
[2026-05-19 09:49:20]      • [Materi] 1.3 Tutorial Menambahkan File pada Mesin DGX URL → Deadline: -
[2026-05-19 09:49:24]      • [Quiz] Post-Test (M1) → Deadline: Tidak diketahui
[2026-05-19 09:49:29]      • [Assignment] Pengumpulan Tugas (M1) → Deadline: Saturday, 7 March 2026, 11:59 PM
[2026-05-19 09:49:33]      • [Quiz] Pre-Test (M2) → Deadline: Tidak diketahui
[2026-05-19 09:49:38]      • [Materi] 2.1  Pengantar: Berbagai Pemecahan Masalah Menggunakan Teori Graf Page → Deadline: -
[2026-05-19 09:49:42]      • [Quiz] Post-Test (M2) → Deadline: Tidak diketahui
[2026-05-19 09:49:47]      • [Assignment] Pengumpulan Tugas (M2) → Deadline: Saturday, 14 March 2026, 11:59 PM
[2026-05-19 09:49:51]      • [Quiz] Pre-Test (M4) → Deadline: Tidak diketahui
[2026-05-19 09:49:55]      • [Materi] 4.1  Pengantar: Breadth First Search URL → Deadline: -
[2026-05-19 09:49:59]      • [Materi] Sesi Praktikum File → Deadline: -
[2026-05-19 09:50:03]      • [Materi] Video Tutorial: Mendownload File IPYNB di Virtual Class URL → Deadline: -
[2026-05-19 09:50:08]      • [Quiz] Post-Test (M4) → Deadline: Tidak diketahui
[2026-05-19 09:50:12]      • [Assignment] Laporan Akhir (M4) → Deadline: Saturday, 11 April 2026, 11:59 PM
[2026-05-19 09:50:17]      • [Quiz] Pre-Test (M5) → Deadline: Tidak diketahui
[2026-05-19 09:50:21]      • [Materi] Sesi Praktikum URL → Deadline: -
[2026-05-19 09:50:26]      • [Quiz] Post-Test (M5) → Deadline: Tidak diketahui
[2026-05-19 09:50:30]      • [Assignment] Laporan Akhir (M5) → Deadline: Saturday, 18 April 2026, 11:59 PM
[2026-05-19 09:50:34]      • [Quiz] Pre-Test (M6) → Deadline: Tidak diketahui
[2026-05-19 09:50:37]      • [Materi] 6.1  Pendahuluan: Algoritma Dasar Tree URL → Deadline: -
[2026-05-19 09:50:41]      • [Materi] Sesi Praktikum File → Deadline: -
[2026-05-19 09:50:45]      • [Quiz] Post-Test (M6) → Deadline: Tidak diketahui
[2026-05-19 09:50:49]      • [Assignment] Laporan Akhir (M6) → Deadline: Saturday, 25 April 2026, 11:59 PM
[2026-05-19 09:50:53]      • [Quiz] Pre-Test (M8) → Deadline: Tidak diketahui
[2026-05-19 09:50:56]      • [Materi] 8.1  Pendahuluan: Implementasi Graph URL → Deadline: -
[2026-05-19 09:51:00]      • [Materi] Link File Praktikum I - family.pl → Deadline: -
[2026-05-19 09:51:05]      • [Materi] Link File Praktikum II - 8-puzzles.ipynb → Deadline: -
[2026-05-19 09:51:09]      • [Materi] Video Tutorial: Mendownload File IPYNB di Virtual Class URL → Deadline: -
[2026-05-19 09:51:13]      • [Quiz] Post-Test (M8) → Deadline: Tidak diketahui
[2026-05-19 09:51:18]      • [Assignment] Laporan Akhir (M8) → Deadline: Saturday, 9 May 2026, 11:59 PM
[2026-05-19 09:51:23]      • [Quiz] Pre-Test (M9) → Deadline: Tidak diketahui
[2026-05-19 09:51:27]      • [Materi] Sesi Hands-on Praktikum URL → Deadline: -
[2026-05-19 09:51:31]      • [Quiz] Post-Test (M9) → Deadline: Tidak diketahui
[2026-05-19 09:51:35]      • [Assignment] Pengumpulan Tugas (M9) → Deadline: Saturday, 16 May 2026, 11:59 PM
[2026-05-19 09:51:40]      • [Quiz] Pre-Test (M3) → Deadline: Saturday, 23 May 2026, 11:59 PM
[2026-05-19 09:51:45]      • [Materi] Sesi Praktikum URL → Deadline: -
[2026-05-19 09:51:49]      • [Materi] Video Tutorial: Menambahkan File pada Mesin DGX URL → Deadline: -
[2026-05-19 09:51:53]      • [Quiz] Post-Test (M3) → Deadline: Saturday, 23 May 2026, 11:59 PM
[2026-05-19 09:51:57]      • [Assignment] Pengumpulan Tugas (M3) → Deadline: Saturday, 23 May 2026, 11:59 PM
[2026-05-19 09:52:01]      • [Quiz] Pre-Test (M7) → Deadline: Saturday, 23 May 2026, 11:59 PM
[2026-05-19 09:52:06]      • [Materi] Link File Praktikum I - 3-Tekrek-Find-Center.ipynb → Deadline: -
[2026-05-19 09:52:10]      • [Materi] Link File Praktikum II - 3-Tekrek-Sortest-Path.ipynb → Deadline: -
[2026-05-19 09:52:14]      • [Materi] Video Tutorial: Mendownload File IPYNB di Virtual Class URL → Deadline: -
[2026-05-19 09:52:18]      • [Quiz] Post-Test (M7) → Deadline: Saturday, 23 May 2026, 11:59 PM
[2026-05-19 09:52:22]      • [Assignment] Laporan Akhir (M7) → Deadline: Saturday, 23 May 2026, 11:59 PM
[2026-05-19 09:52:27] 📦 Total tugas ditemukan: 103
[2026-05-19 09:52:27] 💾 Disimpan ke python/node/tugas.json
[2026-05-19 18:00:27] 🔐 Login ke V-Class...
[2026-05-19 18:00:28] ✅ Login berhasil
[2026-05-19 18:00:28] 📚 Mengambil mata kuliah ID 108486 ...
[2026-05-19 18:00:28]   ➤ ATA 2025/2026 | 3KB01 | Jaringan Komputer Lanjut | VIVIEN NOVA FITHRIANA
[2026-05-19 18:00:28]      • [Materi] Announcements Forum → Deadline: -
[2026-05-19 18:00:32]      • [Materi] M1 File → Deadline: -
[2026-05-19 18:00:37]      • [Materi] M2 File → Deadline: -
[2026-05-19 18:00:42]      • [Materi] M3 File → Deadline: -
[2026-05-19 18:00:46]      • [Materi] M4 File → Deadline: -
[2026-05-19 18:00:51]      • [Materi] M5 File → Deadline: -
[2026-05-19 18:00:55]      • [Materi] M6 File → Deadline: -
[2026-05-19 18:01:00]      • [Materi] M7 File → Deadline: -
[2026-05-19 18:01:04]      • [Materi] VC-1 : Traffic dan Algoritma Kendali Kemacetan File → Deadline: -
[2026-05-19 18:01:09]      • [Materi] VC-1 : Traffic dan Algoritma Kendali Kemacetan File → Deadline: -
[2026-05-19 18:01:14]      • [Materi] Forum VC-1 : Traffic dan Algoritma Kendali Kemacetan → Deadline: -
[2026-05-19 18:01:18]      • [Quiz] Latihan Soal VC-1 : Traffic dan Algoritma Kendali Kemacetan → Deadline: Tidak diketahui
[2026-05-19 18:01:22]      • [Materi] VC-2 : Traffic dan Algoritma Kendali Kemacetan - Bagian 2 File → Deadline: -
[2026-05-19 18:01:26]      • [Materi] Forum VC-2 : Traffic dan Algoritma Kendali Kemacetan - Bagian 2 → Deadline: -
[2026-05-19 18:01:30]      • [Quiz] Latihan Soal VC-2 : Traffic dan Algoritma Kendali Kemacetan - Bagian 2 → Deadline: Monday, 25 May 2026, 11:59 PM
[2026-05-19 18:01:35]      • [Materi] VC-3 : Lapisan Transport File → Deadline: -
[2026-05-19 18:01:39]      • [Materi] Forum VC-3 : Lapisan Transport → Deadline: -
[2026-05-19 18:01:44]      • [Quiz] Latihan Soal VC-3 : Lapisan Transport → Deadline: Wednesday, 15 July 2026, 11:59 PM
[2026-05-19 18:01:48] 📚 Mengambil mata kuliah ID 108172 ...
[2026-05-19 18:01:49]   ➤ ATA 2025/2026 | 3KB01 | Internet of Things (IoT) | PURNAWARMAN MUSA
[2026-05-19 18:01:49]      • [Materi] Announcements Forum → Deadline: -
[2026-05-19 18:01:53]      • [Materi] M6 File → Deadline: -
[2026-05-19 18:01:58]      • [Quiz] Soal (Tugas Individu) → Deadline: Tidak diketahui
[2026-05-19 18:02:03]      • [Quiz] Soal (Tugas Individu) → Deadline: Tidak diketahui
[2026-05-19 18:02:08] 📚 Mengambil mata kuliah ID 109563 ...
[2026-05-19 18:02:08]   ➤ ATA 2025/2026 | 3KB01 | Sistem Tertanam (Embedded) * | RIDHA ISKANDAR
[2026-05-19 18:02:08]      • [Materi] Selamat Datang di V-Class Sistem Tertanam (Embedded) Forum → Deadline: -
[2026-05-19 18:02:12]      • [Assignment] File 1 → Deadline: Sunday, 26 April 2026, 12:00 AM
[2026-05-19 18:02:16] 📚 Mengambil mata kuliah ID 109970 ...
[2026-05-19 18:02:16]   ➤ ATA 2025/2026 | 2EB10 | Bahasa Indonesia | MELANIAWATI
[2026-05-19 18:02:16] 📚 Mengambil mata kuliah ID 107919 ...
[2026-05-19 18:02:17]   ➤ ATA 2025/2026 | 3KB01 | Sistem Cerdas Lanjut | NUR SULTAN SALAHUDDIN
[2026-05-19 18:02:17]      • [Materi] Announcements Forum → Deadline: -
[2026-05-19 18:02:21]      • [Assignment] Sistem Kesehatan Cerdas → Deadline: Thursday, 21 May 2026, 12:00 AM
[2026-05-19 18:02:25]      • [Quiz] Sistem Kesehatan Cerdas → Deadline: Thursday, 21 May 2026, 9:26 PM
[2026-05-19 18:02:29] 📚 Mengambil mata kuliah ID 107291 ...
[2026-05-19 18:02:30]   ➤ ATA 2025/2026 | 3KB01 | Pengantarmukaan Perif.Komputer * | FARID THALIB
[2026-05-19 18:02:30]      • [Materi] Announcements Forum → Deadline: -
[2026-05-19 18:02:33] 📚 Mengambil mata kuliah ID 104438 ...
[2026-05-19 18:02:33]   ➤ ATA 2025/2026 | 3-FIKTI | Terapan Teori Graf | TEAM TEACHING
[2026-05-19 18:02:33]      • [Materi] PEMBERITAHUAN PELAKSANAAN TEAM TEACHING TERAPAN TEORI GRAF Forum → Deadline: -
[2026-05-19 18:02:38]      • [Materi] M1: Pendahuluan Teori Graf File → Deadline: -
[2026-05-19 18:02:42]      • [Materi] Video Literasi M1: Pendahuluan Teori Graf URL → Deadline: -
[2026-05-19 18:02:46]      • [Quiz] Kuis M1 [kelas PAGI] → Deadline: Tidak diketahui
[2026-05-19 18:02:51]      • [Quiz] Kuis M1 [kelas MALAM] → Deadline: Tidak diketahui
[2026-05-19 18:02:56]      • [Materi] M2: Graf Tidak Berarah dan Graf Berbobot File → Deadline: -
[2026-05-19 18:03:00]      • [Materi] Video Literasi M2 : Graf Tidak Berarah dan Graf Berbobot URL → Deadline: -
[2026-05-19 18:03:04]      • [Quiz] Kuis M2 [KELAS PAGI] : Graf Tidak Berarah dan Graf Berbobot → Deadline: Tidak diketahui
[2026-05-19 18:03:09]      • [Quiz] Kuis M2 [KELAS MALAM] : Graf Tidak Berarah dan Graf Berbobot → Deadline: Tidak diketahui
[2026-05-19 18:03:14]      • [Materi] M4 : Aplikasi Teori Graf di Teknik Elektro File → Deadline: -
[2026-05-19 18:03:17]      • [Materi] Video Literasi M4 : Aplikasi Teori Graf di Teknik Elektro URL → Deadline: -
[2026-05-19 18:03:22]      • [Quiz] Kuis M4 [KELAS PAGI]: Aplikasi Teori Graf di Teknik Elektro → Deadline: Tidak diketahui
[2026-05-19 18:03:26]      • [Quiz] Kuis M4 [KELAS MALAM]: Aplikasi Teori Graf di Teknik Elektro → Deadline: Tidak diketahui
[2026-05-19 18:03:30]      • [Materi] M5 : Knowledge Graph dan Database Graph File → Deadline: -
[2026-05-19 18:03:35]      • [Materi] Video Literasi  M5 : Knowledge Graph dan Database Graph URL → Deadline: -
[2026-05-19 18:03:39]      • [Quiz] Kuis M5 [KELAS PAGI] : nowledge Graph dan Database Graph → Deadline: Tidak diketahui
[2026-05-19 18:03:43]      • [Quiz] Kuis M5 [KELAS MALAM] : Knowledge Graph dan Database Graph → Deadline: Tidak diketahui
[2026-05-19 18:03:48]      • [Materi] M6 : Graf Berarah dan Implementasinya File → Deadline: -
[2026-05-19 18:03:53]      • [Materi] Video Literasi M6 : Graf Berarah dan Implementasinya URL → Deadline: -
[2026-05-19 18:03:57]      • [Quiz] Kuis M6 [KELAS PAGI] : Graf Berarah dan Implementasinya → Deadline: Tidak diketahui
[2026-05-19 18:04:02]      • [Quiz] Kuis M6 [KELAS MALAM] : Graf Berarah dan Implementasinya → Deadline: Tidak diketahui
[2026-05-19 18:04:06]      • [Materi] M8 : Penerapan Teori Graf di Bidang Teknik Sipil File → Deadline: -
[2026-05-19 18:04:10]      • [Materi] Video Literasi M8 : Penerapan Teori Graf di Bidang Teknik Sipil URL → Deadline: -
[2026-05-19 18:04:15]      • [Quiz] Kuis M8 [KELAS PAGI] : Penerapan Teori Graf di Bidang Teknik Sipil → Deadline: Tidak diketahui
[2026-05-19 18:04:20]      • [Quiz] Kuis M8 [KELAS MALAM] : Penerapan Teori Graf di Bidang Teknik Sipil → Deadline: Tidak diketahui
[2026-05-19 18:04:24] 📚 Mengambil mata kuliah ID 104413 ...
[2026-05-19 18:04:24]   ➤ ATA 2025/2026 | 3-FIKTI | Praktikum Terapan Teori Graf
[2026-05-19 18:04:24]      • [Materi] Panduan Praktikum  Forum → Deadline: -
[2026-05-19 18:04:29]      • [Materi] Panduan Google Collaboratory URL → Deadline: -
[2026-05-19 18:04:33]      • [Materi] Panduan Instalasi Anaconda URL → Deadline: -
[2026-05-19 18:04:37]      • [Quiz] Pre-Test (M1) → Deadline: Tidak diketahui
[2026-05-19 18:04:41]      • [Materi] 1.1  Pengantar: Teori Graf URL → Deadline: -
[2026-05-19 18:04:46]      • [Materi] 1.2  Sesi Hands-on Praktikum URL → Deadline: -
[2026-05-19 18:04:50]      • [Materi] 1.3 Tutorial Menambahkan File pada Mesin DGX URL → Deadline: -
[2026-05-19 18:04:55]      • [Quiz] Post-Test (M1) → Deadline: Tidak diketahui
[2026-05-19 18:05:00]      • [Assignment] Pengumpulan Tugas (M1) → Deadline: Saturday, 7 March 2026, 11:59 PM
[2026-05-19 18:05:04]      • [Quiz] Pre-Test (M2) → Deadline: Tidak diketahui
[2026-05-19 18:05:08]      • [Materi] 2.1  Pengantar: Berbagai Pemecahan Masalah Menggunakan Teori Graf Page → Deadline: -
[2026-05-19 18:05:12]      • [Quiz] Post-Test (M2) → Deadline: Tidak diketahui
[2026-05-19 18:05:16]      • [Assignment] Pengumpulan Tugas (M2) → Deadline: Saturday, 14 March 2026, 11:59 PM
[2026-05-19 18:05:21]      • [Quiz] Pre-Test (M4) → Deadline: Tidak diketahui
[2026-05-19 18:05:26]      • [Materi] 4.1  Pengantar: Breadth First Search URL → Deadline: -
[2026-05-19 18:05:30]      • [Materi] Sesi Praktikum File → Deadline: -
[2026-05-19 18:05:34]      • [Materi] Video Tutorial: Mendownload File IPYNB di Virtual Class URL → Deadline: -
[2026-05-19 18:05:38]      • [Quiz] Post-Test (M4) → Deadline: Tidak diketahui
[2026-05-19 18:05:43]      • [Assignment] Laporan Akhir (M4) → Deadline: Saturday, 11 April 2026, 11:59 PM
[2026-05-19 18:05:47]      • [Quiz] Pre-Test (M5) → Deadline: Tidak diketahui
[2026-05-19 18:05:52]      • [Materi] Sesi Praktikum URL → Deadline: -
[2026-05-19 18:05:57]      • [Quiz] Post-Test (M5) → Deadline: Tidak diketahui
[2026-05-19 18:06:01]      • [Assignment] Laporan Akhir (M5) → Deadline: Saturday, 18 April 2026, 11:59 PM
[2026-05-19 18:06:06]      • [Quiz] Pre-Test (M6) → Deadline: Tidak diketahui
[2026-05-19 18:06:09]      • [Materi] 6.1  Pendahuluan: Algoritma Dasar Tree URL → Deadline: -
[2026-05-19 18:06:14]      • [Materi] Sesi Praktikum File → Deadline: -
[2026-05-19 18:06:19]      • [Quiz] Post-Test (M6) → Deadline: Tidak diketahui
[2026-05-19 18:06:23]      • [Assignment] Laporan Akhir (M6) → Deadline: Saturday, 25 April 2026, 11:59 PM
[2026-05-19 18:06:27]      • [Quiz] Pre-Test (M8) → Deadline: Tidak diketahui
[2026-05-19 18:06:32]      • [Materi] 8.1  Pendahuluan: Implementasi Graph URL → Deadline: -
[2026-05-19 18:06:36]      • [Materi] Link File Praktikum I - family.pl → Deadline: -
[2026-05-19 18:06:40]      • [Materi] Link File Praktikum II - 8-puzzles.ipynb → Deadline: -
[2026-05-19 18:06:44]      • [Materi] Video Tutorial: Mendownload File IPYNB di Virtual Class URL → Deadline: -
[2026-05-19 18:06:48]      • [Quiz] Post-Test (M8) → Deadline: Tidak diketahui
[2026-05-19 18:06:53]      • [Assignment] Laporan Akhir (M8) → Deadline: Saturday, 9 May 2026, 11:59 PM
[2026-05-19 18:06:57]      • [Quiz] Pre-Test (M9) → Deadline: Tidak diketahui
[2026-05-19 18:07:02]      • [Materi] Sesi Hands-on Praktikum URL → Deadline: -
[2026-05-19 18:07:06]      • [Quiz] Post-Test (M9) → Deadline: Tidak diketahui
[2026-05-19 18:07:10]      • [Assignment] Pengumpulan Tugas (M9) → Deadline: Saturday, 16 May 2026, 11:59 PM
[2026-05-19 18:07:14]      • [Quiz] Pre-Test (M3) → Deadline: Saturday, 23 May 2026, 11:59 PM
[2026-05-19 18:07:19]      • [Materi] Sesi Praktikum URL → Deadline: -
[2026-05-19 18:07:22]      • [Materi] Video Tutorial: Menambahkan File pada Mesin DGX URL → Deadline: -
[2026-05-19 18:07:26]      • [Quiz] Post-Test (M3) → Deadline: Saturday, 23 May 2026, 11:59 PM
[2026-05-19 18:07:30]      • [Assignment] Pengumpulan Tugas (M3) → Deadline: Saturday, 23 May 2026, 11:59 PM
[2026-05-19 18:07:35]      • [Quiz] Pre-Test (M7) → Deadline: Saturday, 23 May 2026, 11:59 PM
[2026-05-19 18:07:40]      • [Materi] Link File Praktikum I - 3-Tekrek-Find-Center.ipynb → Deadline: -
[2026-05-19 18:07:44]      • [Materi] Link File Praktikum II - 3-Tekrek-Sortest-Path.ipynb → Deadline: -
[2026-05-19 18:07:48]      • [Materi] Video Tutorial: Mendownload File IPYNB di Virtual Class URL → Deadline: -
[2026-05-19 18:07:52]      • [Quiz] Post-Test (M7) → Deadline: Saturday, 23 May 2026, 11:59 PM
[2026-05-19 18:07:57]      • [Assignment] Laporan Akhir (M7) → Deadline: Saturday, 23 May 2026, 11:59 PM
[2026-05-19 18:08:01] 📦 Total tugas ditemukan: 103
[2026-05-19 18:08:01] 💾 Disimpan ke python/node/tugas.json
