[2026-06-16 09:45:18] 🔐 Login ke V-Class...
[2026-06-16 09:45:19] ✅ Login berhasil
[2026-06-16 09:45:19] 📚 Mengambil mata kuliah ID 108486 ...
[2026-06-16 09:45:19]   ➤ ATA 2025/2026 | 3KB01 | Jaringan Komputer Lanjut | VIVIEN NOVA FITHRIANA
[2026-06-16 09:45:19]      • [Materi] Announcements Forum → Deadline: -
[2026-06-16 09:45:24]      • [Materi] M1 File → Deadline: -
[2026-06-16 09:45:28]      • [Materi] M2 File → Deadline: -
[2026-06-16 09:45:32]      • [Materi] M3 File → Deadline: -
[2026-06-16 09:45:36]      • [Materi] M4 File → Deadline: -
[2026-06-16 09:45:40]      • [Materi] M5 File → Deadline: -
[2026-06-16 09:45:44]      • [Materi] M6 File → Deadline: -
[2026-06-16 09:45:49]      • [Materi] M7 File → Deadline: -
[2026-06-16 09:45:54]      • [Materi] VC-1 : Traffic dan Algoritma Kendali Kemacetan File → Deadline: -
[2026-06-16 09:45:59]      • [Materi] VC-1 : Traffic dan Algoritma Kendali Kemacetan File → Deadline: -
[2026-06-16 09:46:04]      • [Materi] Forum VC-1 : Traffic dan Algoritma Kendali Kemacetan → Deadline: -
[2026-06-16 09:46:08]      • [Quiz] Latihan Soal VC-1 : Traffic dan Algoritma Kendali Kemacetan → Deadline: Tidak diketahui
[2026-06-16 09:46:12]      • [Materi] VC-2 : Traffic dan Algoritma Kendali Kemacetan - Bagian 2 File → Deadline: -
[2026-06-16 09:46:16]      • [Materi] Forum VC-2 : Traffic dan Algoritma Kendali Kemacetan - Bagian 2 → Deadline: -
[2026-06-16 09:46:20]      • [Quiz] Latihan Soal VC-2 : Traffic dan Algoritma Kendali Kemacetan - Bagian 2 → Deadline: Tidak diketahui
[2026-06-16 09:46:25]      • [Materi] VC-3 : Lapisan Transport File → Deadline: -
[2026-06-16 09:46:30]      • [Materi] Forum VC-3 : Lapisan Transport → Deadline: -
[2026-06-16 09:46:34]      • [Quiz] Latihan Soal VC-3 : Lapisan Transport → Deadline: Wednesday, 15 July 2026, 11:59 PM
[2026-06-16 09:46:39] 📚 Mengambil mata kuliah ID 108172 ...
[2026-06-16 09:46:40]   ➤ ATA 2025/2026 | 3KB01 | Internet of Things (IoT) | PURNAWARMAN MUSA
[2026-06-16 09:46:40]      • [Materi] Announcements Forum → Deadline: -
[2026-06-16 09:46:45]      • [Materi] M6 File → Deadline: -
[2026-06-16 09:46:50]      • [Quiz] Soal (Tugas Individu) → Deadline: Tidak diketahui
[2026-06-16 09:46:53]      • [Quiz] Soal (Tugas Individu) → Deadline: Tidak diketahui
[2026-06-16 09:46:58] 📚 Mengambil mata kuliah ID 109563 ...
[2026-06-16 09:46:58]   ➤ ATA 2025/2026 | 3KB01 | Sistem Tertanam (Embedded) * | RIDHA ISKANDAR
[2026-06-16 09:46:58]      • [Materi] Selamat Datang di V-Class Sistem Tertanam (Embedded) Forum → Deadline: -
[2026-06-16 09:47:03]      • [Assignment] File 1 → Deadline: Sunday, 26 April 2026, 12:00 AM
[2026-06-16 09:47:08] 📚 Mengambil mata kuliah ID 109970 ...
[2026-06-16 09:47:08]   ➤ ATA 2025/2026 | 2EB10 | Bahasa Indonesia | MELANIAWATI
[2026-06-16 09:47:08] 📚 Mengambil mata kuliah ID 107919 ...
[2026-06-16 09:47:08]   ➤ ATA 2025/2026 | 3KB01 | Sistem Cerdas Lanjut | NUR SULTAN SALAHUDDIN
[2026-06-16 09:47:08]      • [Materi] Announcements Forum → Deadline: -
[2026-06-16 09:47:13]      • [Assignment] Sistem Kesehatan Cerdas → Deadline: Thursday, 21 May 2026, 12:00 AM
[2026-06-16 09:47:17]      • [Quiz] Sistem Kesehatan Cerdas → Deadline: Tidak diketahui
[2026-06-16 09:47:21] 📚 Mengambil mata kuliah ID 107291 ...
[2026-06-16 09:47:21]   ➤ ATA 2025/2026 | 3KB01 | Pengantarmukaan Perif.Komputer * | FARID THALIB
[2026-06-16 09:47:21]      • [Materi] Announcements Forum → Deadline: -
[2026-06-16 09:47:26] 📚 Mengambil mata kuliah ID 104438 ...
[2026-06-16 09:47:26]   ➤ ATA 2025/2026 | 3-FIKTI | Terapan Teori Graf | TEAM TEACHING
[2026-06-16 09:47:26]      • [Materi] PEMBERITAHUAN UTS SUSULAN File → Deadline: -
[2026-06-16 09:47:30]      • [Materi] PEMBERITAHUAN PELAKSANAAN TEAM TEACHING TERAPAN TEORI GRAF Forum → Deadline: -
[2026-06-16 09:47:35]      • [Materi] M1: Pendahuluan Teori Graf File → Deadline: -
[2026-06-16 09:47:39]      • [Materi] Video Literasi M1: Pendahuluan Teori Graf URL → Deadline: -
[2026-06-16 09:47:44]      • [Quiz] Kuis M1 [kelas PAGI] → Deadline: Tidak diketahui
[2026-06-16 09:47:48]      • [Quiz] Kuis M1 [kelas MALAM] → Deadline: Tidak diketahui
[2026-06-16 09:47:53]      • [Materi] M2: Graf Tidak Berarah dan Graf Berbobot File → Deadline: -
[2026-06-16 09:47:58]      • [Materi] Video Literasi M2 : Graf Tidak Berarah dan Graf Berbobot URL → Deadline: -
[2026-06-16 09:48:02]      • [Quiz] Kuis M2 [KELAS PAGI] : Graf Tidak Berarah dan Graf Berbobot → Deadline: Tidak diketahui
[2026-06-16 09:48:07]      • [Quiz] Kuis M2 [KELAS MALAM] : Graf Tidak Berarah dan Graf Berbobot → Deadline: Tidak diketahui
[2026-06-16 09:48:11]      • [Materi] M4 : Aplikasi Teori Graf di Teknik Elektro File → Deadline: -
[2026-06-16 09:48:14]      • [Materi] Video Literasi M4 : Aplikasi Teori Graf di Teknik Elektro URL → Deadline: -
[2026-06-16 09:48:19]      • [Quiz] Kuis M4 [KELAS PAGI]: Aplikasi Teori Graf di Teknik Elektro → Deadline: Tidak diketahui
[2026-06-16 09:48:24]      • [Quiz] Kuis M4 [KELAS MALAM]: Aplikasi Teori Graf di Teknik Elektro → Deadline: Tidak diketahui
[2026-06-16 09:48:29]      • [Materi] M5 : Knowledge Graph dan Database Graph File → Deadline: -
[2026-06-16 09:48:33]      • [Materi] Video Literasi  M5 : Knowledge Graph dan Database Graph URL → Deadline: -
[2026-06-16 09:48:37]      • [Quiz] Kuis M5 [KELAS PAGI] : nowledge Graph dan Database Graph → Deadline: Tidak diketahui
[2026-06-16 09:48:41]      • [Quiz] Kuis M5 [KELAS MALAM] : Knowledge Graph dan Database Graph → Deadline: Tidak diketahui
[2026-06-16 09:48:45]      • [Materi] M6 : Graf Berarah dan Implementasinya File → Deadline: -
[2026-06-16 09:48:49]      • [Materi] Video Literasi M6 : Graf Berarah dan Implementasinya URL → Deadline: -
[2026-06-16 09:48:54]      • [Quiz] Kuis M6 [KELAS PAGI] : Graf Berarah dan Implementasinya → Deadline: Tidak diketahui
[2026-06-16 09:48:58]      • [Quiz] Kuis M6 [KELAS MALAM] : Graf Berarah dan Implementasinya → Deadline: Tidak diketahui
[2026-06-16 09:49:03]      • [Materi] M8 : Penerapan Teori Graf di Bidang Teknik Sipil File → Deadline: -
[2026-06-16 09:49:07]      • [Materi] Video Literasi M8 : Penerapan Teori Graf di Bidang Teknik Sipil URL → Deadline: -
[2026-06-16 09:49:11]      • [Quiz] Kuis M8 [KELAS PAGI] : Penerapan Teori Graf di Bidang Teknik Sipil → Deadline: Tidak diketahui
[2026-06-16 09:49:16]      • [Quiz] Kuis M8 [KELAS MALAM] : Penerapan Teori Graf di Bidang Teknik Sipil → Deadline: Tidak diketahui
[2026-06-16 09:49:21]      • [Materi] M10 : Penerapan Teori Graf  di Bidang Teknik Industri File → Deadline: -
[2026-06-16 09:49:24]      • [Materi] Video Literasi M10 : Penerapan Teori Graf  di Bidang Teknik Industri URL → Deadline: -
[2026-06-16 09:49:29]      • [Quiz] Kuis M10 [kelas pagi] : Penerapan Teori Graf  di Bidang Teknik Industri → Deadline: Tidak diketahui
[2026-06-16 09:49:33]      • [Quiz] Kuis M10 [kelas malam]: Penerapan Teori Graf  di Bidang Teknik Industri → Deadline: Tidak diketahui
[2026-06-16 09:49:37] 📚 Mengambil mata kuliah ID 104413 ...
[2026-06-16 09:49:37]   ➤ ATA 2025/2026 | 3-FIKTI | Praktikum Terapan Teori Graf
[2026-06-16 09:49:37]      • [Materi] Panduan Praktikum  Forum → Deadline: -
[2026-06-16 09:49:42]      • [Materi] Panduan Google Collaboratory URL → Deadline: -
[2026-06-16 09:49:47]      • [Materi] Panduan Instalasi Anaconda URL → Deadline: -
[2026-06-16 09:49:52]      • [Quiz] Pre-Test (M1) → Deadline: Tidak diketahui
[2026-06-16 09:49:55]      • [Materi] 1.1  Pengantar: Teori Graf URL → Deadline: -
[2026-06-16 09:50:00]      • [Materi] 1.2  Sesi Hands-on Praktikum URL → Deadline: -
[2026-06-16 09:50:05]      • [Materi] 1.3 Tutorial Menambahkan File pada Mesin DGX URL → Deadline: -
[2026-06-16 09:50:09]      • [Quiz] Post-Test (M1) → Deadline: Tidak diketahui
[2026-06-16 09:50:13]      • [Assignment] Pengumpulan Tugas (M1) → Deadline: Saturday, 7 March 2026, 11:59 PM
[2026-06-16 09:50:17]      • [Quiz] Pre-Test (M2) → Deadline: Tidak diketahui
[2026-06-16 09:50:22]      • [Materi] 2.1  Pengantar: Berbagai Pemecahan Masalah Menggunakan Teori Graf Page → Deadline: -
[2026-06-16 09:50:26]      • [Quiz] Post-Test (M2) → Deadline: Tidak diketahui
[2026-06-16 09:50:30]      • [Assignment] Pengumpulan Tugas (M2) → Deadline: Saturday, 14 March 2026, 11:59 PM
[2026-06-16 09:50:35]      • [Quiz] Pre-Test (M4) → Deadline: Tidak diketahui
[2026-06-16 09:50:38]      • [Materi] 4.1  Pengantar: Breadth First Search URL → Deadline: -
[2026-06-16 09:50:42]      • [Materi] Sesi Praktikum File → Deadline: -
[2026-06-16 09:50:46]      • [Materi] Video Tutorial: Mendownload File IPYNB di Virtual Class URL → Deadline: -
[2026-06-16 09:50:50]      • [Quiz] Post-Test (M4) → Deadline: Tidak diketahui
[2026-06-16 09:50:54]      • [Assignment] Laporan Akhir (M4) → Deadline: Saturday, 11 April 2026, 11:59 PM
[2026-06-16 09:50:59]      • [Quiz] Pre-Test (M5) → Deadline: Tidak diketahui
[2026-06-16 09:51:04]      • [Materi] Sesi Praktikum URL → Deadline: -
[2026-06-16 09:51:08]      • [Quiz] Post-Test (M5) → Deadline: Tidak diketahui
[2026-06-16 09:51:12]      • [Assignment] Laporan Akhir (M5) → Deadline: Saturday, 18 April 2026, 11:59 PM
[2026-06-16 09:51:16]      • [Quiz] Pre-Test (M6) → Deadline: Tidak diketahui
[2026-06-16 09:51:21]      • [Materi] 6.1  Pendahuluan: Algoritma Dasar Tree URL → Deadline: -
[2026-06-16 09:51:25]      • [Materi] Sesi Praktikum File → Deadline: -
[2026-06-16 09:51:30]      • [Quiz] Post-Test (M6) → Deadline: Tidak diketahui
[2026-06-16 09:51:35]      • [Assignment] Laporan Akhir (M6) → Deadline: Saturday, 25 April 2026, 11:59 PM
[2026-06-16 09:51:39]      • [Quiz] Pre-Test (M8) → Deadline: Tidak diketahui
[2026-06-16 09:51:44]      • [Materi] 8.1  Pendahuluan: Implementasi Graph URL → Deadline: -
[2026-06-16 09:51:48]      • [Materi] Link File Praktikum I - family.pl → Deadline: -
[2026-06-16 09:51:52]      • [Materi] Link File Praktikum II - 8-puzzles.ipynb → Deadline: -
[2026-06-16 09:51:57]      • [Materi] Video Tutorial: Mendownload File IPYNB di Virtual Class URL → Deadline: -
[2026-06-16 09:52:02]      • [Quiz] Post-Test (M8) → Deadline: Tidak diketahui
[2026-06-16 09:52:06]      • [Assignment] Laporan Akhir (M8) → Deadline: Saturday, 9 May 2026, 11:59 PM
[2026-06-16 09:52:10]      • [Quiz] Pre-Test (M9) → Deadline: Tidak diketahui
[2026-06-16 09:52:14]      • [Materi] Sesi Hands-on Praktikum URL → Deadline: -
[2026-06-16 09:52:18]      • [Quiz] Post-Test (M9) → Deadline: Tidak diketahui
[2026-06-16 09:52:23]      • [Assignment] Pengumpulan Tugas (M9) → Deadline: Saturday, 16 May 2026, 11:59 PM
[2026-06-16 09:52:27]      • [Quiz] Pre-Test (M3) → Deadline: Tidak diketahui
[2026-06-16 09:52:31]      • [Materi] Sesi Praktikum URL → Deadline: -
[2026-06-16 09:52:35]      • [Materi] Video Tutorial: Menambahkan File pada Mesin DGX URL → Deadline: -
[2026-06-16 09:52:40]      • [Quiz] Post-Test (M3) → Deadline: Tidak diketahui
[2026-06-16 09:52:44]      • [Assignment] Pengumpulan Tugas (M3) → Deadline: Saturday, 23 May 2026, 11:59 PM
[2026-06-16 09:52:49]      • [Quiz] Pre-Test (M7) → Deadline: Tidak diketahui
[2026-06-16 09:52:53]      • [Materi] Link File Praktikum I - 3-Tekrek-Find-Center.ipynb → Deadline: -
[2026-06-16 09:52:57]      • [Materi] Link File Praktikum II - 3-Tekrek-Sortest-Path.ipynb → Deadline: -
[2026-06-16 09:53:01]      • [Materi] Video Tutorial: Mendownload File IPYNB di Virtual Class URL → Deadline: -
[2026-06-16 09:53:06]      • [Quiz] Post-Test (M7) → Deadline: Tidak diketahui
[2026-06-16 09:53:10]      • [Assignment] Laporan Akhir (M7) → Deadline: Saturday, 23 May 2026, 11:59 PM
[2026-06-16 09:53:15] 📦 Total tugas ditemukan: 108
[2026-06-16 09:53:15] 💾 Disimpan ke python/node/tugas.json
[2026-06-16 18:00:15] 🔐 Login ke V-Class...
[2026-06-16 18:00:16] ✅ Login berhasil
[2026-06-16 18:00:16] 📚 Mengambil mata kuliah ID 108486 ...
[2026-06-16 18:00:16]   ➤ ATA 2025/2026 | 3KB01 | Jaringan Komputer Lanjut | VIVIEN NOVA FITHRIANA
[2026-06-16 18:00:16]      • [Materi] Announcements Forum → Deadline: -
[2026-06-16 18:00:20]      • [Materi] M1 File → Deadline: -
[2026-06-16 18:00:25]      • [Materi] M2 File → Deadline: -
[2026-06-16 18:00:29]      • [Materi] M3 File → Deadline: -
[2026-06-16 18:00:34]      • [Materi] M4 File → Deadline: -
[2026-06-16 18:00:38]      • [Materi] M5 File → Deadline: -
[2026-06-16 18:00:42]      • [Materi] M6 File → Deadline: -
[2026-06-16 18:00:47]      • [Materi] M7 File → Deadline: -
[2026-06-16 18:00:50]      • [Materi] VC-1 : Traffic dan Algoritma Kendali Kemacetan File → Deadline: -
[2026-06-16 18:00:55]      • [Materi] VC-1 : Traffic dan Algoritma Kendali Kemacetan File → Deadline: -
[2026-06-16 18:00:59]      • [Materi] Forum VC-1 : Traffic dan Algoritma Kendali Kemacetan → Deadline: -
[2026-06-16 18:01:04]      • [Quiz] Latihan Soal VC-1 : Traffic dan Algoritma Kendali Kemacetan → Deadline: Tidak diketahui
[2026-06-16 18:01:08]      • [Materi] VC-2 : Traffic dan Algoritma Kendali Kemacetan - Bagian 2 File → Deadline: -
[2026-06-16 18:01:13]      • [Materi] Forum VC-2 : Traffic dan Algoritma Kendali Kemacetan - Bagian 2 → Deadline: -
[2026-06-16 18:01:17]      • [Quiz] Latihan Soal VC-2 : Traffic dan Algoritma Kendali Kemacetan - Bagian 2 → Deadline: Tidak diketahui
[2026-06-16 18:01:22]      • [Materi] VC-3 : Lapisan Transport File → Deadline: -
[2026-06-16 18:01:27]      • [Materi] Forum VC-3 : Lapisan Transport → Deadline: -
[2026-06-16 18:01:31]      • [Quiz] Latihan Soal VC-3 : Lapisan Transport → Deadline: Wednesday, 15 July 2026, 11:59 PM
[2026-06-16 18:01:35] 📚 Mengambil mata kuliah ID 108172 ...
[2026-06-16 18:01:35]   ➤ ATA 2025/2026 | 3KB01 | Internet of Things (IoT) | PURNAWARMAN MUSA
[2026-06-16 18:01:35]      • [Materi] Announcements Forum → Deadline: -
[2026-06-16 18:01:39]      • [Materi] M6 File → Deadline: -
[2026-06-16 18:01:43]      • [Quiz] Soal (Tugas Individu) → Deadline: Tidak diketahui
[2026-06-16 18:01:48]      • [Quiz] Soal (Tugas Individu) → Deadline: Tidak diketahui
[2026-06-16 18:01:52] 📚 Mengambil mata kuliah ID 109563 ...
[2026-06-16 18:01:52]   ➤ ATA 2025/2026 | 3KB01 | Sistem Tertanam (Embedded) * | RIDHA ISKANDAR
[2026-06-16 18:01:52]      • [Materi] Selamat Datang di V-Class Sistem Tertanam (Embedded) Forum → Deadline: -
[2026-06-16 18:01:57]      • [Assignment] File 1 → Deadline: Sunday, 26 April 2026, 12:00 AM
[2026-06-16 18:02:01] 📚 Mengambil mata kuliah ID 109970 ...
[2026-06-16 18:02:01]   ➤ ATA 2025/2026 | 2EB10 | Bahasa Indonesia | MELANIAWATI
[2026-06-16 18:02:01] 📚 Mengambil mata kuliah ID 107919 ...
[2026-06-16 18:02:01]   ➤ ATA 2025/2026 | 3KB01 | Sistem Cerdas Lanjut | NUR SULTAN SALAHUDDIN
[2026-06-16 18:02:01]      • [Materi] Announcements Forum → Deadline: -
[2026-06-16 18:02:05]      • [Assignment] Sistem Kesehatan Cerdas → Deadline: Thursday, 21 May 2026, 12:00 AM
[2026-06-16 18:02:10]      • [Quiz] Sistem Kesehatan Cerdas → Deadline: Tidak diketahui
[2026-06-16 18:02:15] 📚 Mengambil mata kuliah ID 107291 ...
[2026-06-16 18:02:15]   ➤ ATA 2025/2026 | 3KB01 | Pengantarmukaan Perif.Komputer * | FARID THALIB
[2026-06-16 18:02:15]      • [Materi] Announcements Forum → Deadline: -
[2026-06-16 18:02:19] 📚 Mengambil mata kuliah ID 104438 ...
[2026-06-16 18:02:20]   ➤ ATA 2025/2026 | 3-FIKTI | Terapan Teori Graf | TEAM TEACHING
[2026-06-16 18:02:20]      • [Materi] PEMBERITAHUAN UTS SUSULAN File → Deadline: -
[2026-06-16 18:02:24]      • [Materi] PEMBERITAHUAN PELAKSANAAN TEAM TEACHING TERAPAN TEORI GRAF Forum → Deadline: -
[2026-06-16 18:02:29]      • [Materi] M1: Pendahuluan Teori Graf File → Deadline: -
[2026-06-16 18:02:33]      • [Materi] Video Literasi M1: Pendahuluan Teori Graf URL → Deadline: -
[2026-06-16 18:02:38]      • [Quiz] Kuis M1 [kelas PAGI] → Deadline: Tidak diketahui
[2026-06-16 18:02:42]      • [Quiz] Kuis M1 [kelas MALAM] → Deadline: Tidak diketahui
[2026-06-16 18:02:47]      • [Materi] M2: Graf Tidak Berarah dan Graf Berbobot File → Deadline: -
[2026-06-16 18:02:51]      • [Materi] Video Literasi M2 : Graf Tidak Berarah dan Graf Berbobot URL → Deadline: -
[2026-06-16 18:02:55]      • [Quiz] Kuis M2 [KELAS PAGI] : Graf Tidak Berarah dan Graf Berbobot → Deadline: Tidak diketahui
[2026-06-16 18:02:59]      • [Quiz] Kuis M2 [KELAS MALAM] : Graf Tidak Berarah dan Graf Berbobot → Deadline: Tidak diketahui
[2026-06-16 18:03:03]      • [Materi] M4 : Aplikasi Teori Graf di Teknik Elektro File → Deadline: -
[2026-06-16 18:03:07]      • [Materi] Video Literasi M4 : Aplikasi Teori Graf di Teknik Elektro URL → Deadline: -
[2026-06-16 18:03:12]      • [Quiz] Kuis M4 [KELAS PAGI]: Aplikasi Teori Graf di Teknik Elektro → Deadline: Tidak diketahui
[2026-06-16 18:03:16]      • [Quiz] Kuis M4 [KELAS MALAM]: Aplikasi Teori Graf di Teknik Elektro → Deadline: Tidak diketahui
[2026-06-16 18:03:20]      • [Materi] M5 : Knowledge Graph dan Database Graph File → Deadline: -
[2026-06-16 18:03:25]      • [Materi] Video Literasi  M5 : Knowledge Graph dan Database Graph URL → Deadline: -
[2026-06-16 18:03:28]      • [Quiz] Kuis M5 [KELAS PAGI] : nowledge Graph dan Database Graph → Deadline: Tidak diketahui
[2026-06-16 18:03:32]      • [Quiz] Kuis M5 [KELAS MALAM] : Knowledge Graph dan Database Graph → Deadline: Tidak diketahui
[2026-06-16 18:03:36]      • [Materi] M6 : Graf Berarah dan Implementasinya File → Deadline: -
[2026-06-16 18:03:40]      • [Materi] Video Literasi M6 : Graf Berarah dan Implementasinya URL → Deadline: -
[2026-06-16 18:03:45]      • [Quiz] Kuis M6 [KELAS PAGI] : Graf Berarah dan Implementasinya → Deadline: Tidak diketahui
[2026-06-16 18:03:49]      • [Quiz] Kuis M6 [KELAS MALAM] : Graf Berarah dan Implementasinya → Deadline: Tidak diketahui
[2026-06-16 18:03:53]      • [Materi] M8 : Penerapan Teori Graf di Bidang Teknik Sipil File → Deadline: -
[2026-06-16 18:03:56]      • [Materi] Video Literasi M8 : Penerapan Teori Graf di Bidang Teknik Sipil URL → Deadline: -
[2026-06-16 18:04:01]      • [Quiz] Kuis M8 [KELAS PAGI] : Penerapan Teori Graf di Bidang Teknik Sipil → Deadline: Tidak diketahui
[2026-06-16 18:04:06]      • [Quiz] Kuis M8 [KELAS MALAM] : Penerapan Teori Graf di Bidang Teknik Sipil → Deadline: Tidak diketahui
[2026-06-16 18:04:10]      • [Materi] M10 : Penerapan Teori Graf  di Bidang Teknik Industri File → Deadline: -
[2026-06-16 18:04:14]      • [Materi] Video Literasi M10 : Penerapan Teori Graf  di Bidang Teknik Industri URL → Deadline: -
[2026-06-16 18:04:19]      • [Quiz] Kuis M10 [kelas pagi] : Penerapan Teori Graf  di Bidang Teknik Industri → Deadline: Tidak diketahui
[2026-06-16 18:04:24]      • [Quiz] Kuis M10 [kelas malam]: Penerapan Teori Graf  di Bidang Teknik Industri → Deadline: Tidak diketahui
[2026-06-16 18:04:28] 📚 Mengambil mata kuliah ID 104413 ...
[2026-06-16 18:04:28]   ➤ ATA 2025/2026 | 3-FIKTI | Praktikum Terapan Teori Graf
[2026-06-16 18:04:28]      • [Materi] Panduan Praktikum  Forum → Deadline: -
[2026-06-16 18:04:32]      • [Materi] Panduan Google Collaboratory URL → Deadline: -
[2026-06-16 18:04:36]      • [Materi] Panduan Instalasi Anaconda URL → Deadline: -
[2026-06-16 18:04:41]      • [Quiz] Pre-Test (M1) → Deadline: Tidak diketahui
[2026-06-16 18:04:46]      • [Materi] 1.1  Pengantar: Teori Graf URL → Deadline: -
[2026-06-16 18:04:49]      • [Materi] 1.2  Sesi Hands-on Praktikum URL → Deadline: -
[2026-06-16 18:04:54]      • [Materi] 1.3 Tutorial Menambahkan File pada Mesin DGX URL → Deadline: -
[2026-06-16 18:04:58]      • [Quiz] Post-Test (M1) → Deadline: Tidak diketahui
[2026-06-16 18:05:02]      • [Assignment] Pengumpulan Tugas (M1) → Deadline: Saturday, 7 March 2026, 11:59 PM
[2026-06-16 18:05:06]      • [Quiz] Pre-Test (M2) → Deadline: Tidak diketahui
[2026-06-16 18:05:11]      • [Materi] 2.1  Pengantar: Berbagai Pemecahan Masalah Menggunakan Teori Graf Page → Deadline: -
[2026-06-16 18:05:14]      • [Quiz] Post-Test (M2) → Deadline: Tidak diketahui
[2026-06-16 18:05:19]      • [Assignment] Pengumpulan Tugas (M2) → Deadline: Saturday, 14 March 2026, 11:59 PM
[2026-06-16 18:05:24]      • [Quiz] Pre-Test (M4) → Deadline: Tidak diketahui
[2026-06-16 18:05:29]      • [Materi] 4.1  Pengantar: Breadth First Search URL → Deadline: -
[2026-06-16 18:05:33]      • [Materi] Sesi Praktikum File → Deadline: -
[2026-06-16 18:05:37]      • [Materi] Video Tutorial: Mendownload File IPYNB di Virtual Class URL → Deadline: -
[2026-06-16 18:05:42]      • [Quiz] Post-Test (M4) → Deadline: Tidak diketahui
[2026-06-16 18:05:46]      • [Assignment] Laporan Akhir (M4) → Deadline: Saturday, 11 April 2026, 11:59 PM
[2026-06-16 18:05:51]      • [Quiz] Pre-Test (M5) → Deadline: Tidak diketahui
[2026-06-16 18:05:56]      • [Materi] Sesi Praktikum URL → Deadline: -
[2026-06-16 18:06:00]      • [Quiz] Post-Test (M5) → Deadline: Tidak diketahui
[2026-06-16 18:06:05]      • [Assignment] Laporan Akhir (M5) → Deadline: Saturday, 18 April 2026, 11:59 PM
[2026-06-16 18:06:09]      • [Quiz] Pre-Test (M6) → Deadline: Tidak diketahui
[2026-06-16 18:06:14]      • [Materi] 6.1  Pendahuluan: Algoritma Dasar Tree URL → Deadline: -
[2026-06-16 18:06:18]      • [Materi] Sesi Praktikum File → Deadline: -
[2026-06-16 18:06:22]      • [Quiz] Post-Test (M6) → Deadline: Tidak diketahui
[2026-06-16 18:06:27]      • [Assignment] Laporan Akhir (M6) → Deadline: Saturday, 25 April 2026, 11:59 PM
[2026-06-16 18:06:31]      • [Quiz] Pre-Test (M8) → Deadline: Tidak diketahui
[2026-06-16 18:06:36]      • [Materi] 8.1  Pendahuluan: Implementasi Graph URL → Deadline: -
[2026-06-16 18:06:40]      • [Materi] Link File Praktikum I - family.pl → Deadline: -
[2026-06-16 18:06:43]      • [Materi] Link File Praktikum II - 8-puzzles.ipynb → Deadline: -
[2026-06-16 18:06:47]      • [Materi] Video Tutorial: Mendownload File IPYNB di Virtual Class URL → Deadline: -
[2026-06-16 18:06:52]      • [Quiz] Post-Test (M8) → Deadline: Tidak diketahui
[2026-06-16 18:06:56]      • [Assignment] Laporan Akhir (M8) → Deadline: Saturday, 9 May 2026, 11:59 PM
[2026-06-16 18:07:00]      • [Quiz] Pre-Test (M9) → Deadline: Tidak diketahui
[2026-06-16 18:07:04]      • [Materi] Sesi Hands-on Praktikum URL → Deadline: -
[2026-06-16 18:07:08]      • [Quiz] Post-Test (M9) → Deadline: Tidak diketahui
[2026-06-16 18:07:13]      • [Assignment] Pengumpulan Tugas (M9) → Deadline: Saturday, 16 May 2026, 11:59 PM
[2026-06-16 18:07:18]      • [Quiz] Pre-Test (M3) → Deadline: Tidak diketahui
[2026-06-16 18:07:23]      • [Materi] Sesi Praktikum URL → Deadline: -
[2026-06-16 18:07:27]      • [Materi] Video Tutorial: Menambahkan File pada Mesin DGX URL → Deadline: -
[2026-06-16 18:07:31]      • [Quiz] Post-Test (M3) → Deadline: Tidak diketahui
[2026-06-16 18:07:36]      • [Assignment] Pengumpulan Tugas (M3) → Deadline: Saturday, 23 May 2026, 11:59 PM
[2026-06-16 18:07:40]      • [Quiz] Pre-Test (M7) → Deadline: Tidak diketahui
[2026-06-16 18:07:45]      • [Materi] Link File Praktikum I - 3-Tekrek-Find-Center.ipynb → Deadline: -
[2026-06-16 18:07:49]      • [Materi] Link File Praktikum II - 3-Tekrek-Sortest-Path.ipynb → Deadline: -
[2026-06-16 18:07:53]      • [Materi] Video Tutorial: Mendownload File IPYNB di Virtual Class URL → Deadline: -
[2026-06-16 18:07:57]      • [Quiz] Post-Test (M7) → Deadline: Tidak diketahui
[2026-06-16 18:08:01]      • [Assignment] Laporan Akhir (M7) → Deadline: Saturday, 23 May 2026, 11:59 PM
[2026-06-16 18:08:05] 📦 Total tugas ditemukan: 108
[2026-06-16 18:08:05] 💾 Disimpan ke python/node/tugas.json
