[2026-06-08 09:45:07] 🔐 Login ke V-Class...
[2026-06-08 09:45:09] ✅ Login berhasil
[2026-06-08 09:45:09] 📚 Mengambil mata kuliah ID 108486 ...
[2026-06-08 09:45:09]   ➤ ATA 2025/2026 | 3KB01 | Jaringan Komputer Lanjut | VIVIEN NOVA FITHRIANA
[2026-06-08 09:45:09]      • [Materi] Announcements Forum → Deadline: -
[2026-06-08 09:45:14]      • [Materi] M1 File → Deadline: -
[2026-06-08 09:45:19]      • [Materi] M2 File → Deadline: -
[2026-06-08 09:45:23]      • [Materi] M3 File → Deadline: -
[2026-06-08 09:45:28]      • [Materi] M4 File → Deadline: -
[2026-06-08 09:45:32]      • [Materi] M5 File → Deadline: -
[2026-06-08 09:45:36]      • [Materi] M6 File → Deadline: -
[2026-06-08 09:45:40]      • [Materi] M7 File → Deadline: -
[2026-06-08 09:45:44]      • [Materi] VC-1 : Traffic dan Algoritma Kendali Kemacetan File → Deadline: -
[2026-06-08 09:45:48]      • [Materi] VC-1 : Traffic dan Algoritma Kendali Kemacetan File → Deadline: -
[2026-06-08 09:45:52]      • [Materi] Forum VC-1 : Traffic dan Algoritma Kendali Kemacetan → Deadline: -
[2026-06-08 09:46:24]      • [Quiz] Latihan Soal VC-1 : Traffic dan Algoritma Kendali Kemacetan → Deadline: Tidak diketahui
[2026-06-08 09:46:29]      • [Materi] VC-2 : Traffic dan Algoritma Kendali Kemacetan - Bagian 2 File → Deadline: -
[2026-06-08 09:46:34]      • [Materi] Forum VC-2 : Traffic dan Algoritma Kendali Kemacetan - Bagian 2 → Deadline: -
[2026-06-08 09:46:38]      • [Quiz] Latihan Soal VC-2 : Traffic dan Algoritma Kendali Kemacetan - Bagian 2 → Deadline: Tidak diketahui
[2026-06-08 09:46:43]      • [Materi] VC-3 : Lapisan Transport File → Deadline: -
[2026-06-08 09:46:47]      • [Materi] Forum VC-3 : Lapisan Transport → Deadline: -
[2026-06-08 09:46:51]      • [Quiz] Latihan Soal VC-3 : Lapisan Transport → Deadline: Wednesday, 15 July 2026, 11:59 PM
[2026-06-08 09:46:55] 📚 Mengambil mata kuliah ID 108172 ...
[2026-06-08 09:46:56]   ➤ ATA 2025/2026 | 3KB01 | Internet of Things (IoT) | PURNAWARMAN MUSA
[2026-06-08 09:46:56]      • [Materi] Announcements Forum → Deadline: -
[2026-06-08 09:47:01]      • [Materi] M6 File → Deadline: -
[2026-06-08 09:47:06]      • [Quiz] Soal (Tugas Individu) → Deadline: Tidak diketahui
[2026-06-08 09:47:10]      • [Quiz] Soal (Tugas Individu) → Deadline: Tidak diketahui
[2026-06-08 09:47:15] 📚 Mengambil mata kuliah ID 109563 ...
[2026-06-08 09:47:15]   ➤ ATA 2025/2026 | 3KB01 | Sistem Tertanam (Embedded) * | RIDHA ISKANDAR
[2026-06-08 09:47:15]      • [Materi] Selamat Datang di V-Class Sistem Tertanam (Embedded) Forum → Deadline: -
[2026-06-08 09:47:19]      • [Assignment] File 1 → Deadline: Sunday, 26 April 2026, 12:00 AM
[2026-06-08 09:47:23] 📚 Mengambil mata kuliah ID 109970 ...
[2026-06-08 09:47:23]   ➤ ATA 2025/2026 | 2EB10 | Bahasa Indonesia | MELANIAWATI
[2026-06-08 09:47:23] 📚 Mengambil mata kuliah ID 107919 ...
[2026-06-08 09:47:23]   ➤ ATA 2025/2026 | 3KB01 | Sistem Cerdas Lanjut | NUR SULTAN SALAHUDDIN
[2026-06-08 09:47:23]      • [Materi] Announcements Forum → Deadline: -
[2026-06-08 09:47:28]      • [Assignment] Sistem Kesehatan Cerdas → Deadline: Thursday, 21 May 2026, 12:00 AM
[2026-06-08 09:47:32]      • [Quiz] Sistem Kesehatan Cerdas → Deadline: Tidak diketahui
[2026-06-08 09:47:36] 📚 Mengambil mata kuliah ID 107291 ...
[2026-06-08 09:47:36]   ➤ ATA 2025/2026 | 3KB01 | Pengantarmukaan Perif.Komputer * | FARID THALIB
[2026-06-08 09:47:36]      • [Materi] Announcements Forum → Deadline: -
[2026-06-08 09:47:40] 📚 Mengambil mata kuliah ID 104438 ...
[2026-06-08 09:47:40]   ➤ ATA 2025/2026 | 3-FIKTI | Terapan Teori Graf | TEAM TEACHING
[2026-06-08 09:47:40]      • [Materi] PEMBERITAHUAN PELAKSANAAN TEAM TEACHING TERAPAN TEORI GRAF Forum → Deadline: -
[2026-06-08 09:47:44]      • [Materi] M1: Pendahuluan Teori Graf File → Deadline: -
[2026-06-08 09:47:49]      • [Materi] Video Literasi M1: Pendahuluan Teori Graf URL → Deadline: -
[2026-06-08 09:47:53]      • [Quiz] Kuis M1 [kelas PAGI] → Deadline: Tidak diketahui
[2026-06-08 09:47:58]      • [Quiz] Kuis M1 [kelas MALAM] → Deadline: Tidak diketahui
[2026-06-08 09:48:02]      • [Materi] M2: Graf Tidak Berarah dan Graf Berbobot File → Deadline: -
[2026-06-08 09:48:06]      • [Materi] Video Literasi M2 : Graf Tidak Berarah dan Graf Berbobot URL → Deadline: -
[2026-06-08 09:48:10]      • [Quiz] Kuis M2 [KELAS PAGI] : Graf Tidak Berarah dan Graf Berbobot → Deadline: Tidak diketahui
[2026-06-08 09:48:14]      • [Quiz] Kuis M2 [KELAS MALAM] : Graf Tidak Berarah dan Graf Berbobot → Deadline: Tidak diketahui
[2026-06-08 09:48:19]      • [Materi] M4 : Aplikasi Teori Graf di Teknik Elektro File → Deadline: -
[2026-06-08 09:48:23]      • [Materi] Video Literasi M4 : Aplikasi Teori Graf di Teknik Elektro URL → Deadline: -
[2026-06-08 09:48:28]      • [Quiz] Kuis M4 [KELAS PAGI]: Aplikasi Teori Graf di Teknik Elektro → Deadline: Tidak diketahui
[2026-06-08 09:48:32]      • [Quiz] Kuis M4 [KELAS MALAM]: Aplikasi Teori Graf di Teknik Elektro → Deadline: Tidak diketahui
[2026-06-08 09:48:37]      • [Materi] M5 : Knowledge Graph dan Database Graph File → Deadline: -
[2026-06-08 09:48:41]      • [Materi] Video Literasi  M5 : Knowledge Graph dan Database Graph URL → Deadline: -
[2026-06-08 09:48:46]      • [Quiz] Kuis M5 [KELAS PAGI] : nowledge Graph dan Database Graph → Deadline: Tidak diketahui
[2026-06-08 09:48:50]      • [Quiz] Kuis M5 [KELAS MALAM] : Knowledge Graph dan Database Graph → Deadline: Tidak diketahui
[2026-06-08 09:48:54]      • [Materi] M6 : Graf Berarah dan Implementasinya File → Deadline: -
[2026-06-08 09:48:58]      • [Materi] Video Literasi M6 : Graf Berarah dan Implementasinya URL → Deadline: -
[2026-06-08 09:49:03]      • [Quiz] Kuis M6 [KELAS PAGI] : Graf Berarah dan Implementasinya → Deadline: Tidak diketahui
[2026-06-08 09:49:07]      • [Quiz] Kuis M6 [KELAS MALAM] : Graf Berarah dan Implementasinya → Deadline: Tidak diketahui
[2026-06-08 09:49:12]      • [Materi] M8 : Penerapan Teori Graf di Bidang Teknik Sipil File → Deadline: -
[2026-06-08 09:49:15]      • [Materi] Video Literasi M8 : Penerapan Teori Graf di Bidang Teknik Sipil URL → Deadline: -
[2026-06-08 09:49:20]      • [Quiz] Kuis M8 [KELAS PAGI] : Penerapan Teori Graf di Bidang Teknik Sipil → Deadline: Tidak diketahui
[2026-06-08 09:49:25]      • [Quiz] Kuis M8 [KELAS MALAM] : Penerapan Teori Graf di Bidang Teknik Sipil → Deadline: Tidak diketahui
[2026-06-08 09:49:29]      • [Materi] M10 : Penerapan Teori Graf  di Bidang Teknik Industri File → Deadline: -
[2026-06-08 09:49:33]      • [Materi] Video Literasi M10 : Penerapan Teori Graf  di Bidang Teknik Industri URL → Deadline: -
[2026-06-08 09:49:38]      • [Quiz] Kuis M10 [kelas pagi] : Penerapan Teori Graf  di Bidang Teknik Industri → Deadline: Tidak diketahui
[2026-06-08 09:49:42]      • [Quiz] Kuis M10 [kelas malam]: Penerapan Teori Graf  di Bidang Teknik Industri → Deadline: Tidak diketahui
[2026-06-08 09:49:46] 📚 Mengambil mata kuliah ID 104413 ...
[2026-06-08 09:49:47]   ➤ ATA 2025/2026 | 3-FIKTI | Praktikum Terapan Teori Graf
[2026-06-08 09:49:47]      • [Materi] Panduan Praktikum  Forum → Deadline: -
[2026-06-08 09:49:51]      • [Materi] Panduan Google Collaboratory URL → Deadline: -
[2026-06-08 09:49:54]      • [Materi] Panduan Instalasi Anaconda URL → Deadline: -
[2026-06-08 09:49:59]      • [Quiz] Pre-Test (M1) → Deadline: Tidak diketahui
[2026-06-08 09:50:03]      • [Materi] 1.1  Pengantar: Teori Graf URL → Deadline: -
[2026-06-08 09:50:08]      • [Materi] 1.2  Sesi Hands-on Praktikum URL → Deadline: -
[2026-06-08 09:50:12]      • [Materi] 1.3 Tutorial Menambahkan File pada Mesin DGX URL → Deadline: -
[2026-06-08 09:50:23]      • [Quiz] Post-Test (M1) → Deadline: Tidak diketahui
[2026-06-08 09:50:28]      • [Assignment] Pengumpulan Tugas (M1) → Deadline: Saturday, 7 March 2026, 11:59 PM
[2026-06-08 09:50:33]      • [Quiz] Pre-Test (M2) → Deadline: Tidak diketahui
[2026-06-08 09:50:37]      • [Materi] 2.1  Pengantar: Berbagai Pemecahan Masalah Menggunakan Teori Graf Page → Deadline: -
[2026-06-08 09:50:41]      • [Quiz] Post-Test (M2) → Deadline: Tidak diketahui
[2026-06-08 09:50:46]      • [Assignment] Pengumpulan Tugas (M2) → Deadline: Saturday, 14 March 2026, 11:59 PM
[2026-06-08 09:50:50]      • [Quiz] Pre-Test (M4) → Deadline: Tidak diketahui
[2026-06-08 09:50:54]      • [Materi] 4.1  Pengantar: Breadth First Search URL → Deadline: -
[2026-06-08 09:50:58]      • [Materi] Sesi Praktikum File → Deadline: -
[2026-06-08 09:51:03]      • [Materi] Video Tutorial: Mendownload File IPYNB di Virtual Class URL → Deadline: -
[2026-06-08 09:51:07]      • [Quiz] Post-Test (M4) → Deadline: Tidak diketahui
[2026-06-08 09:51:12]      • [Assignment] Laporan Akhir (M4) → Deadline: Saturday, 11 April 2026, 11:59 PM
[2026-06-08 09:51:16]      • [Quiz] Pre-Test (M5) → Deadline: Tidak diketahui
[2026-06-08 09:51:20]      • [Materi] Sesi Praktikum URL → Deadline: -
[2026-06-08 09:51:25]      • [Quiz] Post-Test (M5) → Deadline: Tidak diketahui
[2026-06-08 09:51:30]      • [Assignment] Laporan Akhir (M5) → Deadline: Saturday, 18 April 2026, 11:59 PM
[2026-06-08 09:51:33]      • [Quiz] Pre-Test (M6) → Deadline: Tidak diketahui
[2026-06-08 09:51:37]      • [Materi] 6.1  Pendahuluan: Algoritma Dasar Tree URL → Deadline: -
[2026-06-08 09:51:42]      • [Materi] Sesi Praktikum File → Deadline: -
[2026-06-08 09:51:46]      • [Quiz] Post-Test (M6) → Deadline: Tidak diketahui
[2026-06-08 09:51:50]      • [Assignment] Laporan Akhir (M6) → Deadline: Saturday, 25 April 2026, 11:59 PM
[2026-06-08 09:51:55]      • [Quiz] Pre-Test (M8) → Deadline: Tidak diketahui
[2026-06-08 09:51:59]      • [Materi] 8.1  Pendahuluan: Implementasi Graph URL → Deadline: -
[2026-06-08 09:52:03]      • [Materi] Link File Praktikum I - family.pl → Deadline: -
[2026-06-08 09:52:08]      • [Materi] Link File Praktikum II - 8-puzzles.ipynb → Deadline: -
[2026-06-08 09:52:12]      • [Materi] Video Tutorial: Mendownload File IPYNB di Virtual Class URL → Deadline: -
[2026-06-08 09:52:16]      • [Quiz] Post-Test (M8) → Deadline: Tidak diketahui
[2026-06-08 09:52:20]      • [Assignment] Laporan Akhir (M8) → Deadline: Saturday, 9 May 2026, 11:59 PM
[2026-06-08 09:52:25]      • [Quiz] Pre-Test (M9) → Deadline: Tidak diketahui
[2026-06-08 09:52:30]      • [Materi] Sesi Hands-on Praktikum URL → Deadline: -
[2026-06-08 09:52:34]      • [Quiz] Post-Test (M9) → Deadline: Tidak diketahui
[2026-06-08 09:52:38]      • [Assignment] Pengumpulan Tugas (M9) → Deadline: Saturday, 16 May 2026, 11:59 PM
[2026-06-08 09:52:43]      • [Quiz] Pre-Test (M3) → Deadline: Tidak diketahui
[2026-06-08 09:52:47]      • [Materi] Sesi Praktikum URL → Deadline: -
[2026-06-08 09:52:52]      • [Materi] Video Tutorial: Menambahkan File pada Mesin DGX URL → Deadline: -
[2026-06-08 09:52:57]      • [Quiz] Post-Test (M3) → Deadline: Tidak diketahui
[2026-06-08 09:53:01]      • [Assignment] Pengumpulan Tugas (M3) → Deadline: Saturday, 23 May 2026, 11:59 PM
[2026-06-08 09:53:06]      • [Quiz] Pre-Test (M7) → Deadline: Tidak diketahui
[2026-06-08 09:53:10]      • [Materi] Link File Praktikum I - 3-Tekrek-Find-Center.ipynb → Deadline: -
[2026-06-08 09:53:14]      • [Materi] Link File Praktikum II - 3-Tekrek-Sortest-Path.ipynb → Deadline: -
[2026-06-08 09:53:17]      • [Materi] Video Tutorial: Mendownload File IPYNB di Virtual Class URL → Deadline: -
[2026-06-08 09:53:21]      • [Quiz] Post-Test (M7) → Deadline: Tidak diketahui
[2026-06-08 09:53:25]      • [Assignment] Laporan Akhir (M7) → Deadline: Saturday, 23 May 2026, 11:59 PM
[2026-06-08 09:53:29] 📦 Total tugas ditemukan: 107
[2026-06-08 09:53:29] 💾 Disimpan ke python/node/tugas.json
[2026-06-08 18:00:30] 🔐 Login ke V-Class...
[2026-06-08 18:00:30] ✅ Login berhasil
[2026-06-08 18:00:30] 📚 Mengambil mata kuliah ID 108486 ...
[2026-06-08 18:00:30]   ➤ ATA 2025/2026 | 3KB01 | Jaringan Komputer Lanjut | VIVIEN NOVA FITHRIANA
[2026-06-08 18:00:30]      • [Materi] Announcements Forum → Deadline: -
[2026-06-08 18:00:34]      • [Materi] M1 File → Deadline: -
[2026-06-08 18:00:39]      • [Materi] M2 File → Deadline: -
[2026-06-08 18:00:43]      • [Materi] M3 File → Deadline: -
[2026-06-08 18:00:47]      • [Materi] M4 File → Deadline: -
[2026-06-08 18:00:51]      • [Materi] M5 File → Deadline: -
[2026-06-08 18:00:55]      • [Materi] M6 File → Deadline: -
[2026-06-08 18:01:00]      • [Materi] M7 File → Deadline: -
[2026-06-08 18:01:04]      • [Materi] VC-1 : Traffic dan Algoritma Kendali Kemacetan File → Deadline: -
[2026-06-08 18:01:08]      • [Materi] VC-1 : Traffic dan Algoritma Kendali Kemacetan File → Deadline: -
[2026-06-08 18:01:13]      • [Materi] Forum VC-1 : Traffic dan Algoritma Kendali Kemacetan → Deadline: -
[2026-06-08 18:01:17]      • [Quiz] Latihan Soal VC-1 : Traffic dan Algoritma Kendali Kemacetan → Deadline: Tidak diketahui
[2026-06-08 18:01:21]      • [Materi] VC-2 : Traffic dan Algoritma Kendali Kemacetan - Bagian 2 File → Deadline: -
[2026-06-08 18:01:26]      • [Materi] Forum VC-2 : Traffic dan Algoritma Kendali Kemacetan - Bagian 2 → Deadline: -
[2026-06-08 18:01:30]      • [Quiz] Latihan Soal VC-2 : Traffic dan Algoritma Kendali Kemacetan - Bagian 2 → Deadline: Tidak diketahui
[2026-06-08 18:01:35]      • [Materi] VC-3 : Lapisan Transport File → Deadline: -
[2026-06-08 18:01:39]      • [Materi] Forum VC-3 : Lapisan Transport → Deadline: -
[2026-06-08 18:01:43]      • [Quiz] Latihan Soal VC-3 : Lapisan Transport → Deadline: Wednesday, 15 July 2026, 11:59 PM
[2026-06-08 18:01:48] 📚 Mengambil mata kuliah ID 108172 ...
[2026-06-08 18:01:48]   ➤ ATA 2025/2026 | 3KB01 | Internet of Things (IoT) | PURNAWARMAN MUSA
[2026-06-08 18:01:48]      • [Materi] Announcements Forum → Deadline: -
[2026-06-08 18:01:52]      • [Materi] M6 File → Deadline: -
[2026-06-08 18:01:57]      • [Quiz] Soal (Tugas Individu) → Deadline: Tidak diketahui
[2026-06-08 18:02:01]      • [Quiz] Soal (Tugas Individu) → Deadline: Tidak diketahui
[2026-06-08 18:02:05] 📚 Mengambil mata kuliah ID 109563 ...
[2026-06-08 18:02:05]   ➤ ATA 2025/2026 | 3KB01 | Sistem Tertanam (Embedded) * | RIDHA ISKANDAR
[2026-06-08 18:02:05]      • [Materi] Selamat Datang di V-Class Sistem Tertanam (Embedded) Forum → Deadline: -
[2026-06-08 18:02:10]      • [Assignment] File 1 → Deadline: Sunday, 26 April 2026, 12:00 AM
[2026-06-08 18:02:14] 📚 Mengambil mata kuliah ID 109970 ...
[2026-06-08 18:02:14]   ➤ ATA 2025/2026 | 2EB10 | Bahasa Indonesia | MELANIAWATI
[2026-06-08 18:02:14] 📚 Mengambil mata kuliah ID 107919 ...
[2026-06-08 18:02:14]   ➤ ATA 2025/2026 | 3KB01 | Sistem Cerdas Lanjut | NUR SULTAN SALAHUDDIN
[2026-06-08 18:02:14]      • [Materi] Announcements Forum → Deadline: -
[2026-06-08 18:02:18]      • [Assignment] Sistem Kesehatan Cerdas → Deadline: Thursday, 21 May 2026, 12:00 AM
[2026-06-08 18:02:23]      • [Quiz] Sistem Kesehatan Cerdas → Deadline: Tidak diketahui
[2026-06-08 18:02:27] 📚 Mengambil mata kuliah ID 107291 ...
[2026-06-08 18:02:27]   ➤ ATA 2025/2026 | 3KB01 | Pengantarmukaan Perif.Komputer * | FARID THALIB
[2026-06-08 18:02:27]      • [Materi] Announcements Forum → Deadline: -
[2026-06-08 18:02:31] 📚 Mengambil mata kuliah ID 104438 ...
[2026-06-08 18:02:31]   ➤ ATA 2025/2026 | 3-FIKTI | Terapan Teori Graf | TEAM TEACHING
[2026-06-08 18:02:31]      • [Materi] PEMBERITAHUAN PELAKSANAAN TEAM TEACHING TERAPAN TEORI GRAF Forum → Deadline: -
[2026-06-08 18:02:36]      • [Materi] M1: Pendahuluan Teori Graf File → Deadline: -
[2026-06-08 18:02:40]      • [Materi] Video Literasi M1: Pendahuluan Teori Graf URL → Deadline: -
[2026-06-08 18:02:44]      • [Quiz] Kuis M1 [kelas PAGI] → Deadline: Tidak diketahui
[2026-06-08 18:02:48]      • [Quiz] Kuis M1 [kelas MALAM] → Deadline: Tidak diketahui
[2026-06-08 18:02:52]      • [Materi] M2: Graf Tidak Berarah dan Graf Berbobot File → Deadline: -
[2026-06-08 18:02:56]      • [Materi] Video Literasi M2 : Graf Tidak Berarah dan Graf Berbobot URL → Deadline: -
[2026-06-08 18:03:01]      • [Quiz] Kuis M2 [KELAS PAGI] : Graf Tidak Berarah dan Graf Berbobot → Deadline: Tidak diketahui
[2026-06-08 18:03:05]      • [Quiz] Kuis M2 [KELAS MALAM] : Graf Tidak Berarah dan Graf Berbobot → Deadline: Tidak diketahui
[2026-06-08 18:03:10]      • [Materi] M4 : Aplikasi Teori Graf di Teknik Elektro File → Deadline: -
[2026-06-08 18:03:15]      • [Materi] Video Literasi M4 : Aplikasi Teori Graf di Teknik Elektro URL → Deadline: -
[2026-06-08 18:03:20]      • [Quiz] Kuis M4 [KELAS PAGI]: Aplikasi Teori Graf di Teknik Elektro → Deadline: Tidak diketahui
[2026-06-08 18:03:24]      • [Quiz] Kuis M4 [KELAS MALAM]: Aplikasi Teori Graf di Teknik Elektro → Deadline: Tidak diketahui
[2026-06-08 18:03:28]      • [Materi] M5 : Knowledge Graph dan Database Graph File → Deadline: -
[2026-06-08 18:03:33]      • [Materi] Video Literasi  M5 : Knowledge Graph dan Database Graph URL → Deadline: -
[2026-06-08 18:03:37]      • [Quiz] Kuis M5 [KELAS PAGI] : nowledge Graph dan Database Graph → Deadline: Tidak diketahui
[2026-06-08 18:03:41]      • [Quiz] Kuis M5 [KELAS MALAM] : Knowledge Graph dan Database Graph → Deadline: Tidak diketahui
[2026-06-08 18:03:45]      • [Materi] M6 : Graf Berarah dan Implementasinya File → Deadline: -
[2026-06-08 18:03:50]      • [Materi] Video Literasi M6 : Graf Berarah dan Implementasinya URL → Deadline: -
[2026-06-08 18:03:54]      • [Quiz] Kuis M6 [KELAS PAGI] : Graf Berarah dan Implementasinya → Deadline: Tidak diketahui
[2026-06-08 18:03:58]      • [Quiz] Kuis M6 [KELAS MALAM] : Graf Berarah dan Implementasinya → Deadline: Tidak diketahui
[2026-06-08 18:04:03]      • [Materi] M8 : Penerapan Teori Graf di Bidang Teknik Sipil File → Deadline: -
[2026-06-08 18:04:07]      • [Materi] Video Literasi M8 : Penerapan Teori Graf di Bidang Teknik Sipil URL → Deadline: -
[2026-06-08 18:04:11]      • [Quiz] Kuis M8 [KELAS PAGI] : Penerapan Teori Graf di Bidang Teknik Sipil → Deadline: Tidak diketahui
[2026-06-08 18:04:15]      • [Quiz] Kuis M8 [KELAS MALAM] : Penerapan Teori Graf di Bidang Teknik Sipil → Deadline: Tidak diketahui
[2026-06-08 18:04:19]      • [Materi] M10 : Penerapan Teori Graf  di Bidang Teknik Industri File → Deadline: -
[2026-06-08 18:04:23]      • [Materi] Video Literasi M10 : Penerapan Teori Graf  di Bidang Teknik Industri URL → Deadline: -
[2026-06-08 18:04:27]      • [Quiz] Kuis M10 [kelas pagi] : Penerapan Teori Graf  di Bidang Teknik Industri → Deadline: Tidak diketahui
[2026-06-08 18:04:32]      • [Quiz] Kuis M10 [kelas malam]: Penerapan Teori Graf  di Bidang Teknik Industri → Deadline: Tidak diketahui
[2026-06-08 18:04:37] 📚 Mengambil mata kuliah ID 104413 ...
[2026-06-08 18:04:37]   ➤ ATA 2025/2026 | 3-FIKTI | Praktikum Terapan Teori Graf
[2026-06-08 18:04:37]      • [Materi] Panduan Praktikum  Forum → Deadline: -
[2026-06-08 18:04:41]      • [Materi] Panduan Google Collaboratory URL → Deadline: -
[2026-06-08 18:04:45]      • [Materi] Panduan Instalasi Anaconda URL → Deadline: -
[2026-06-08 18:04:50]      • [Quiz] Pre-Test (M1) → Deadline: Tidak diketahui
[2026-06-08 18:04:54]      • [Materi] 1.1  Pengantar: Teori Graf URL → Deadline: -
[2026-06-08 18:04:58]      • [Materi] 1.2  Sesi Hands-on Praktikum URL → Deadline: -
[2026-06-08 18:05:02]      • [Materi] 1.3 Tutorial Menambahkan File pada Mesin DGX URL → Deadline: -
[2026-06-08 18:05:07]      • [Quiz] Post-Test (M1) → Deadline: Tidak diketahui
[2026-06-08 18:05:11]      • [Assignment] Pengumpulan Tugas (M1) → Deadline: Saturday, 7 March 2026, 11:59 PM
[2026-06-08 18:05:14]      • [Quiz] Pre-Test (M2) → Deadline: Tidak diketahui
[2026-06-08 18:05:18]      • [Materi] 2.1  Pengantar: Berbagai Pemecahan Masalah Menggunakan Teori Graf Page → Deadline: -
[2026-06-08 18:05:23]      • [Quiz] Post-Test (M2) → Deadline: Tidak diketahui
[2026-06-08 18:05:28]      • [Assignment] Pengumpulan Tugas (M2) → Deadline: Saturday, 14 March 2026, 11:59 PM
[2026-06-08 18:05:33]      • [Quiz] Pre-Test (M4) → Deadline: Tidak diketahui
[2026-06-08 18:05:37]      • [Materi] 4.1  Pengantar: Breadth First Search URL → Deadline: -
[2026-06-08 18:05:42]      • [Materi] Sesi Praktikum File → Deadline: -
[2026-06-08 18:05:46]      • [Materi] Video Tutorial: Mendownload File IPYNB di Virtual Class URL → Deadline: -
[2026-06-08 18:05:52]      • [Quiz] Post-Test (M4) → Deadline: Tidak diketahui
[2026-06-08 18:05:56]      • [Assignment] Laporan Akhir (M4) → Deadline: Saturday, 11 April 2026, 11:59 PM
[2026-06-08 18:06:01]      • [Quiz] Pre-Test (M5) → Deadline: Tidak diketahui
[2026-06-08 18:06:05]      • [Materi] Sesi Praktikum URL → Deadline: -
[2026-06-08 18:06:10]      • [Quiz] Post-Test (M5) → Deadline: Tidak diketahui
[2026-06-08 18:06:14]      • [Assignment] Laporan Akhir (M5) → Deadline: Saturday, 18 April 2026, 11:59 PM
[2026-06-08 18:06:18]      • [Quiz] Pre-Test (M6) → Deadline: Tidak diketahui
[2026-06-08 18:06:22]      • [Materi] 6.1  Pendahuluan: Algoritma Dasar Tree URL → Deadline: -
[2026-06-08 18:06:26]      • [Materi] Sesi Praktikum File → Deadline: -
[2026-06-08 18:06:31]      • [Quiz] Post-Test (M6) → Deadline: Tidak diketahui
[2026-06-08 18:06:36]      • [Assignment] Laporan Akhir (M6) → Deadline: Saturday, 25 April 2026, 11:59 PM
[2026-06-08 18:06:40]      • [Quiz] Pre-Test (M8) → Deadline: Tidak diketahui
[2026-06-08 18:06:44]      • [Materi] 8.1  Pendahuluan: Implementasi Graph URL → Deadline: -
[2026-06-08 18:06:49]      • [Materi] Link File Praktikum I - family.pl → Deadline: -
[2026-06-08 18:06:52]      • [Materi] Link File Praktikum II - 8-puzzles.ipynb → Deadline: -
[2026-06-08 18:06:56]      • [Materi] Video Tutorial: Mendownload File IPYNB di Virtual Class URL → Deadline: -
[2026-06-08 18:07:01]      • [Quiz] Post-Test (M8) → Deadline: Tidak diketahui
[2026-06-08 18:07:05]      • [Assignment] Laporan Akhir (M8) → Deadline: Saturday, 9 May 2026, 11:59 PM
[2026-06-08 18:07:10]      • [Quiz] Pre-Test (M9) → Deadline: Tidak diketahui
[2026-06-08 18:07:14]      • [Materi] Sesi Hands-on Praktikum URL → Deadline: -
[2026-06-08 18:07:18]      • [Quiz] Post-Test (M9) → Deadline: Tidak diketahui
[2026-06-08 18:07:23]      • [Assignment] Pengumpulan Tugas (M9) → Deadline: Saturday, 16 May 2026, 11:59 PM
[2026-06-08 18:07:28]      • [Quiz] Pre-Test (M3) → Deadline: Tidak diketahui
[2026-06-08 18:07:32]      • [Materi] Sesi Praktikum URL → Deadline: -
[2026-06-08 18:07:37]      • [Materi] Video Tutorial: Menambahkan File pada Mesin DGX URL → Deadline: -
[2026-06-08 18:07:42]      • [Quiz] Post-Test (M3) → Deadline: Tidak diketahui
[2026-06-08 18:07:46]      • [Assignment] Pengumpulan Tugas (M3) → Deadline: Saturday, 23 May 2026, 11:59 PM
[2026-06-08 18:07:50]      • [Quiz] Pre-Test (M7) → Deadline: Tidak diketahui
[2026-06-08 18:07:55]      • [Materi] Link File Praktikum I - 3-Tekrek-Find-Center.ipynb → Deadline: -
[2026-06-08 18:07:59]      • [Materi] Link File Praktikum II - 3-Tekrek-Sortest-Path.ipynb → Deadline: -
[2026-06-08 18:08:03]      • [Materi] Video Tutorial: Mendownload File IPYNB di Virtual Class URL → Deadline: -
[2026-06-08 18:08:07]      • [Quiz] Post-Test (M7) → Deadline: Tidak diketahui
[2026-06-08 18:08:11]      • [Assignment] Laporan Akhir (M7) → Deadline: Saturday, 23 May 2026, 11:59 PM
[2026-06-08 18:08:16] 📦 Total tugas ditemukan: 107
[2026-06-08 18:08:16] 💾 Disimpan ke python/node/tugas.json
