[2026-05-22 09:45:52] 🔐 Login ke V-Class...
[2026-05-22 09:45:53] ✅ Login berhasil
[2026-05-22 09:45:53] 📚 Mengambil mata kuliah ID 108486 ...
[2026-05-22 09:45:53]   ➤ ATA 2025/2026 | 3KB01 | Jaringan Komputer Lanjut | VIVIEN NOVA FITHRIANA
[2026-05-22 09:45:53]      • [Materi] Announcements Forum → Deadline: -
[2026-05-22 09:45:58]      • [Materi] M1 File → Deadline: -
[2026-05-22 09:46:01]      • [Materi] M2 File → Deadline: -
[2026-05-22 09:46:06]      • [Materi] M3 File → Deadline: -
[2026-05-22 09:46:10]      • [Materi] M4 File → Deadline: -
[2026-05-22 09:46:14]      • [Materi] M5 File → Deadline: -
[2026-05-22 09:46:19]      • [Materi] M6 File → Deadline: -
[2026-05-22 09:46:24]      • [Materi] M7 File → Deadline: -
[2026-05-22 09:46:28]      • [Materi] VC-1 : Traffic dan Algoritma Kendali Kemacetan File → Deadline: -
[2026-05-22 09:46:32]      • [Materi] VC-1 : Traffic dan Algoritma Kendali Kemacetan File → Deadline: -
[2026-05-22 09:46:36]      • [Materi] Forum VC-1 : Traffic dan Algoritma Kendali Kemacetan → Deadline: -
[2026-05-22 09:46:40]      • [Quiz] Latihan Soal VC-1 : Traffic dan Algoritma Kendali Kemacetan → Deadline: Tidak diketahui
[2026-05-22 09:46:44]      • [Materi] VC-2 : Traffic dan Algoritma Kendali Kemacetan - Bagian 2 File → Deadline: -
[2026-05-22 09:46:48]      • [Materi] Forum VC-2 : Traffic dan Algoritma Kendali Kemacetan - Bagian 2 → Deadline: -
[2026-05-22 09:46:53]      • [Quiz] Latihan Soal VC-2 : Traffic dan Algoritma Kendali Kemacetan - Bagian 2 → Deadline: Monday, 25 May 2026, 11:59 PM
[2026-05-22 09:46:57]      • [Materi] VC-3 : Lapisan Transport File → Deadline: -
[2026-05-22 09:47:02]      • [Materi] Forum VC-3 : Lapisan Transport → Deadline: -
[2026-05-22 09:47:07]      • [Quiz] Latihan Soal VC-3 : Lapisan Transport → Deadline: Wednesday, 15 July 2026, 11:59 PM
[2026-05-22 09:47:11] 📚 Mengambil mata kuliah ID 108172 ...
[2026-05-22 09:47:11]   ➤ ATA 2025/2026 | 3KB01 | Internet of Things (IoT) | PURNAWARMAN MUSA
[2026-05-22 09:47:11]      • [Materi] Announcements Forum → Deadline: -
[2026-05-22 09:47:14]      • [Materi] M6 File → Deadline: -
[2026-05-22 09:47:19]      • [Quiz] Soal (Tugas Individu) → Deadline: Tidak diketahui
[2026-05-22 09:47:23]      • [Quiz] Soal (Tugas Individu) → Deadline: Tidak diketahui
[2026-05-22 09:47:27] 📚 Mengambil mata kuliah ID 109563 ...
[2026-05-22 09:47:27]   ➤ ATA 2025/2026 | 3KB01 | Sistem Tertanam (Embedded) * | RIDHA ISKANDAR
[2026-05-22 09:47:27]      • [Materi] Selamat Datang di V-Class Sistem Tertanam (Embedded) Forum → Deadline: -
[2026-05-22 09:47:32]      • [Assignment] File 1 → Deadline: Sunday, 26 April 2026, 12:00 AM
[2026-05-22 09:47:36] 📚 Mengambil mata kuliah ID 109970 ...
[2026-05-22 09:47:37]   ➤ ATA 2025/2026 | 2EB10 | Bahasa Indonesia | MELANIAWATI
[2026-05-22 09:47:37] 📚 Mengambil mata kuliah ID 107919 ...
[2026-05-22 09:47:37]   ➤ ATA 2025/2026 | 3KB01 | Sistem Cerdas Lanjut | NUR SULTAN SALAHUDDIN
[2026-05-22 09:47:37]      • [Materi] Announcements Forum → Deadline: -
[2026-05-22 09:47:41]      • [Assignment] Sistem Kesehatan Cerdas → Deadline: Thursday, 21 May 2026, 12:00 AM
[2026-05-22 09:47:46]      • [Quiz] Sistem Kesehatan Cerdas → Deadline: Tidak diketahui
[2026-05-22 09:47:50] 📚 Mengambil mata kuliah ID 107291 ...
[2026-05-22 09:47:50]   ➤ ATA 2025/2026 | 3KB01 | Pengantarmukaan Perif.Komputer * | FARID THALIB
[2026-05-22 09:47:50]      • [Materi] Announcements Forum → Deadline: -
[2026-05-22 09:47:54] 📚 Mengambil mata kuliah ID 104438 ...
[2026-05-22 09:47:55]   ➤ ATA 2025/2026 | 3-FIKTI | Terapan Teori Graf | TEAM TEACHING
[2026-05-22 09:47:55]      • [Materi] PEMBERITAHUAN PELAKSANAAN TEAM TEACHING TERAPAN TEORI GRAF Forum → Deadline: -
[2026-05-22 09:47:59]      • [Materi] M1: Pendahuluan Teori Graf File → Deadline: -
[2026-05-22 09:48:03]      • [Materi] Video Literasi M1: Pendahuluan Teori Graf URL → Deadline: -
[2026-05-22 09:48:07]      • [Quiz] Kuis M1 [kelas PAGI] → Deadline: Tidak diketahui
[2026-05-22 09:48:12]      • [Quiz] Kuis M1 [kelas MALAM] → Deadline: Tidak diketahui
[2026-05-22 09:48:16]      • [Materi] M2: Graf Tidak Berarah dan Graf Berbobot File → Deadline: -
[2026-05-22 09:48:19]      • [Materi] Video Literasi M2 : Graf Tidak Berarah dan Graf Berbobot URL → Deadline: -
[2026-05-22 09:48:24]      • [Quiz] Kuis M2 [KELAS PAGI] : Graf Tidak Berarah dan Graf Berbobot → Deadline: Tidak diketahui
[2026-05-22 09:48:29]      • [Quiz] Kuis M2 [KELAS MALAM] : Graf Tidak Berarah dan Graf Berbobot → Deadline: Tidak diketahui
[2026-05-22 09:48:33]      • [Materi] M4 : Aplikasi Teori Graf di Teknik Elektro File → Deadline: -
[2026-05-22 09:48:38]      • [Materi] Video Literasi M4 : Aplikasi Teori Graf di Teknik Elektro URL → Deadline: -
[2026-05-22 09:48:42]      • [Quiz] Kuis M4 [KELAS PAGI]: Aplikasi Teori Graf di Teknik Elektro → Deadline: Tidak diketahui
[2026-05-22 09:48:48]      • [Quiz] Kuis M4 [KELAS MALAM]: Aplikasi Teori Graf di Teknik Elektro → Deadline: Tidak diketahui
[2026-05-22 09:48:53]      • [Materi] M5 : Knowledge Graph dan Database Graph File → Deadline: -
[2026-05-22 09:48:58]      • [Materi] Video Literasi  M5 : Knowledge Graph dan Database Graph URL → Deadline: -
[2026-05-22 09:49:03]      • [Quiz] Kuis M5 [KELAS PAGI] : nowledge Graph dan Database Graph → Deadline: Tidak diketahui
[2026-05-22 09:49:07]      • [Quiz] Kuis M5 [KELAS MALAM] : Knowledge Graph dan Database Graph → Deadline: Tidak diketahui
[2026-05-22 09:49:11]      • [Materi] M6 : Graf Berarah dan Implementasinya File → Deadline: -
[2026-05-22 09:49:16]      • [Materi] Video Literasi M6 : Graf Berarah dan Implementasinya URL → Deadline: -
[2026-05-22 09:49:20]      • [Quiz] Kuis M6 [KELAS PAGI] : Graf Berarah dan Implementasinya → Deadline: Tidak diketahui
[2026-05-22 09:49:24]      • [Quiz] Kuis M6 [KELAS MALAM] : Graf Berarah dan Implementasinya → Deadline: Tidak diketahui
[2026-05-22 09:49:29]      • [Materi] M8 : Penerapan Teori Graf di Bidang Teknik Sipil File → Deadline: -
[2026-05-22 09:49:33]      • [Materi] Video Literasi M8 : Penerapan Teori Graf di Bidang Teknik Sipil URL → Deadline: -
[2026-05-22 09:49:38]      • [Quiz] Kuis M8 [KELAS PAGI] : Penerapan Teori Graf di Bidang Teknik Sipil → Deadline: Tidak diketahui
[2026-05-22 09:49:43]      • [Quiz] Kuis M8 [KELAS MALAM] : Penerapan Teori Graf di Bidang Teknik Sipil → Deadline: Tidak diketahui
[2026-05-22 09:49:46]      • [Quiz] Kuis M10 [kelas pagi] : Penerapan Teori Graf  di Bidang Teknik Industri → Deadline: Friday, 22 May 2026, 3:00 PM
[2026-05-22 09:49:51]      • [Quiz] Kuis M10 [kelas malam]: Penerapan Teori Graf  di Bidang Teknik Industri → Deadline: Friday, 22 May 2026, 9:00 PM
[2026-05-22 09:49:54] 📚 Mengambil mata kuliah ID 104413 ...
[2026-05-22 09:49:55]   ➤ ATA 2025/2026 | 3-FIKTI | Praktikum Terapan Teori Graf
[2026-05-22 09:49:55]      • [Materi] Panduan Praktikum  Forum → Deadline: -
[2026-05-22 09:49:59]      • [Materi] Panduan Google Collaboratory URL → Deadline: -
[2026-05-22 09:50:03]      • [Materi] Panduan Instalasi Anaconda URL → Deadline: -
[2026-05-22 09:50:07]      • [Quiz] Pre-Test (M1) → Deadline: Tidak diketahui
[2026-05-22 09:50:12]      • [Materi] 1.1  Pengantar: Teori Graf URL → Deadline: -
[2026-05-22 09:50:16]      • [Materi] 1.2  Sesi Hands-on Praktikum URL → Deadline: -
[2026-05-22 09:50:21]      • [Materi] 1.3 Tutorial Menambahkan File pada Mesin DGX URL → Deadline: -
[2026-05-22 09:50:25]      • [Quiz] Post-Test (M1) → Deadline: Tidak diketahui
[2026-05-22 09:50:29]      • [Assignment] Pengumpulan Tugas (M1) → Deadline: Saturday, 7 March 2026, 11:59 PM
[2026-05-22 09:50:33]      • [Quiz] Pre-Test (M2) → Deadline: Tidak diketahui
[2026-05-22 09:50:38]      • [Materi] 2.1  Pengantar: Berbagai Pemecahan Masalah Menggunakan Teori Graf Page → Deadline: -
[2026-05-22 09:50:41]      • [Quiz] Post-Test (M2) → Deadline: Tidak diketahui
[2026-05-22 09:50:46]      • [Assignment] Pengumpulan Tugas (M2) → Deadline: Saturday, 14 March 2026, 11:59 PM
[2026-05-22 09:50:50]      • [Quiz] Pre-Test (M4) → Deadline: Tidak diketahui
[2026-05-22 09:50:54]      • [Materi] 4.1  Pengantar: Breadth First Search URL → Deadline: -
[2026-05-22 09:50:59]      • [Materi] Sesi Praktikum File → Deadline: -
[2026-05-22 09:51:02]      • [Materi] Video Tutorial: Mendownload File IPYNB di Virtual Class URL → Deadline: -
[2026-05-22 09:51:07]      • [Quiz] Post-Test (M4) → Deadline: Tidak diketahui
[2026-05-22 09:51:12]      • [Assignment] Laporan Akhir (M4) → Deadline: Saturday, 11 April 2026, 11:59 PM
[2026-05-22 09:51:16]      • [Quiz] Pre-Test (M5) → Deadline: Tidak diketahui
[2026-05-22 09:51:20]      • [Materi] Sesi Praktikum URL → Deadline: -
[2026-05-22 09:51:25]      • [Quiz] Post-Test (M5) → Deadline: Tidak diketahui
[2026-05-22 09:51:29]      • [Assignment] Laporan Akhir (M5) → Deadline: Saturday, 18 April 2026, 11:59 PM
[2026-05-22 09:51:33]      • [Quiz] Pre-Test (M6) → Deadline: Tidak diketahui
[2026-05-22 09:51:37]      • [Materi] 6.1  Pendahuluan: Algoritma Dasar Tree URL → Deadline: -
[2026-05-22 09:51:42]      • [Materi] Sesi Praktikum File → Deadline: -
[2026-05-22 09:51:46]      • [Quiz] Post-Test (M6) → Deadline: Tidak diketahui
[2026-05-22 09:51:51]      • [Assignment] Laporan Akhir (M6) → Deadline: Saturday, 25 April 2026, 11:59 PM
[2026-05-22 09:51:55]      • [Quiz] Pre-Test (M8) → Deadline: Tidak diketahui
[2026-05-22 09:52:00]      • [Materi] 8.1  Pendahuluan: Implementasi Graph URL → Deadline: -
[2026-05-22 09:52:04]      • [Materi] Link File Praktikum I - family.pl → Deadline: -
[2026-05-22 09:52:08]      • [Materi] Link File Praktikum II - 8-puzzles.ipynb → Deadline: -
[2026-05-22 09:52:12]      • [Materi] Video Tutorial: Mendownload File IPYNB di Virtual Class URL → Deadline: -
[2026-05-22 09:52:16]      • [Quiz] Post-Test (M8) → Deadline: Tidak diketahui
[2026-05-22 09:52:20]      • [Assignment] Laporan Akhir (M8) → Deadline: Saturday, 9 May 2026, 11:59 PM
[2026-05-22 09:52:25]      • [Quiz] Pre-Test (M9) → Deadline: Tidak diketahui
[2026-05-22 09:52:30]      • [Materi] Sesi Hands-on Praktikum URL → Deadline: -
[2026-05-22 09:52:34]      • [Quiz] Post-Test (M9) → Deadline: Tidak diketahui
[2026-05-22 09:52:38]      • [Assignment] Pengumpulan Tugas (M9) → Deadline: Saturday, 16 May 2026, 11:59 PM
[2026-05-22 09:52:42]      • [Quiz] Pre-Test (M3) → Deadline: Saturday, 23 May 2026, 11:59 PM
[2026-05-22 09:52:46]      • [Materi] Sesi Praktikum URL → Deadline: -
[2026-05-22 09:52:51]      • [Materi] Video Tutorial: Menambahkan File pada Mesin DGX URL → Deadline: -
[2026-05-22 09:52:55]      • [Quiz] Post-Test (M3) → Deadline: Saturday, 23 May 2026, 11:59 PM
[2026-05-22 09:52:59]      • [Assignment] Pengumpulan Tugas (M3) → Deadline: Saturday, 23 May 2026, 11:59 PM
[2026-05-22 09:53:03]      • [Quiz] Pre-Test (M7) → Deadline: Saturday, 23 May 2026, 11:59 PM
[2026-05-22 09:53:07]      • [Materi] Link File Praktikum I - 3-Tekrek-Find-Center.ipynb → Deadline: -
[2026-05-22 09:53:12]      • [Materi] Link File Praktikum II - 3-Tekrek-Sortest-Path.ipynb → Deadline: -
[2026-05-22 09:53:16]      • [Materi] Video Tutorial: Mendownload File IPYNB di Virtual Class URL → Deadline: -
[2026-05-22 09:53:19]      • [Quiz] Post-Test (M7) → Deadline: Saturday, 23 May 2026, 11:59 PM
[2026-05-22 09:53:24]      • [Assignment] Laporan Akhir (M7) → Deadline: Saturday, 23 May 2026, 11:59 PM
[2026-05-22 09:53:28] 📦 Total tugas ditemukan: 105
[2026-05-22 09:53:28] 💾 Disimpan ke python/node/tugas.json
[2026-05-22 18:00:28] 🔐 Login ke V-Class...
[2026-05-22 18:00:28] ✅ Login berhasil
[2026-05-22 18:00:28] 📚 Mengambil mata kuliah ID 108486 ...
[2026-05-22 18:00:29]   ➤ ATA 2025/2026 | 3KB01 | Jaringan Komputer Lanjut | VIVIEN NOVA FITHRIANA
[2026-05-22 18:00:29]      • [Materi] Announcements Forum → Deadline: -
[2026-05-22 18:00:32]      • [Materi] M1 File → Deadline: -
[2026-05-22 18:00:36]      • [Materi] M2 File → Deadline: -
[2026-05-22 18:00:41]      • [Materi] M3 File → Deadline: -
[2026-05-22 18:00:45]      • [Materi] M4 File → Deadline: -
[2026-05-22 18:00:50]      • [Materi] M5 File → Deadline: -
[2026-05-22 18:00:53]      • [Materi] M6 File → Deadline: -
[2026-05-22 18:00:58]      • [Materi] M7 File → Deadline: -
[2026-05-22 18:01:02]      • [Materi] VC-1 : Traffic dan Algoritma Kendali Kemacetan File → Deadline: -
[2026-05-22 18:01:06]      • [Materi] VC-1 : Traffic dan Algoritma Kendali Kemacetan File → Deadline: -
[2026-05-22 18:01:10]      • [Materi] Forum VC-1 : Traffic dan Algoritma Kendali Kemacetan → Deadline: -
[2026-05-22 18:01:15]      • [Quiz] Latihan Soal VC-1 : Traffic dan Algoritma Kendali Kemacetan → Deadline: Tidak diketahui
[2026-05-22 18:01:20]      • [Materi] VC-2 : Traffic dan Algoritma Kendali Kemacetan - Bagian 2 File → Deadline: -
[2026-05-22 18:01:24]      • [Materi] Forum VC-2 : Traffic dan Algoritma Kendali Kemacetan - Bagian 2 → Deadline: -
[2026-05-22 18:01:27]      • [Quiz] Latihan Soal VC-2 : Traffic dan Algoritma Kendali Kemacetan - Bagian 2 → Deadline: Monday, 25 May 2026, 11:59 PM
[2026-05-22 18:01:32]      • [Materi] VC-3 : Lapisan Transport File → Deadline: -
[2026-05-22 18:01:37]      • [Materi] Forum VC-3 : Lapisan Transport → Deadline: -
[2026-05-22 18:01:40]      • [Quiz] Latihan Soal VC-3 : Lapisan Transport → Deadline: Wednesday, 15 July 2026, 11:59 PM
[2026-05-22 18:01:45] 📚 Mengambil mata kuliah ID 108172 ...
[2026-05-22 18:01:45]   ➤ ATA 2025/2026 | 3KB01 | Internet of Things (IoT) | PURNAWARMAN MUSA
[2026-05-22 18:01:45]      • [Materi] Announcements Forum → Deadline: -
[2026-05-22 18:01:49]      • [Materi] M6 File → Deadline: -
[2026-05-22 18:01:54]      • [Quiz] Soal (Tugas Individu) → Deadline: Tidak diketahui
[2026-05-22 18:01:58]      • [Quiz] Soal (Tugas Individu) → Deadline: Tidak diketahui
[2026-05-22 18:02:03] 📚 Mengambil mata kuliah ID 109563 ...
[2026-05-22 18:02:03]   ➤ ATA 2025/2026 | 3KB01 | Sistem Tertanam (Embedded) * | RIDHA ISKANDAR
[2026-05-22 18:02:03]      • [Materi] Selamat Datang di V-Class Sistem Tertanam (Embedded) Forum → Deadline: -
[2026-05-22 18:02:07]      • [Assignment] File 1 → Deadline: Sunday, 26 April 2026, 12:00 AM
[2026-05-22 18:02:12] 📚 Mengambil mata kuliah ID 109970 ...
[2026-05-22 18:02:12]   ➤ ATA 2025/2026 | 2EB10 | Bahasa Indonesia | MELANIAWATI
[2026-05-22 18:02:12] 📚 Mengambil mata kuliah ID 107919 ...
[2026-05-22 18:02:12]   ➤ ATA 2025/2026 | 3KB01 | Sistem Cerdas Lanjut | NUR SULTAN SALAHUDDIN
[2026-05-22 18:02:12]      • [Materi] Announcements Forum → Deadline: -
[2026-05-22 18:02:16]      • [Assignment] Sistem Kesehatan Cerdas → Deadline: Thursday, 21 May 2026, 12:00 AM
[2026-05-22 18:02:21]      • [Quiz] Sistem Kesehatan Cerdas → Deadline: Tidak diketahui
[2026-05-22 18:02:26] 📚 Mengambil mata kuliah ID 107291 ...
[2026-05-22 18:02:26]   ➤ ATA 2025/2026 | 3KB01 | Pengantarmukaan Perif.Komputer * | FARID THALIB
[2026-05-22 18:02:26]      • [Materi] Announcements Forum → Deadline: -
[2026-05-22 18:02:30] 📚 Mengambil mata kuliah ID 104438 ...
[2026-05-22 18:02:30]   ➤ ATA 2025/2026 | 3-FIKTI | Terapan Teori Graf | TEAM TEACHING
[2026-05-22 18:02:30]      • [Materi] PEMBERITAHUAN PELAKSANAAN TEAM TEACHING TERAPAN TEORI GRAF Forum → Deadline: -
[2026-05-22 18:02:35]      • [Materi] M1: Pendahuluan Teori Graf File → Deadline: -
[2026-05-22 18:02:40]      • [Materi] Video Literasi M1: Pendahuluan Teori Graf URL → Deadline: -
[2026-05-22 18:02:43]      • [Quiz] Kuis M1 [kelas PAGI] → Deadline: Tidak diketahui
[2026-05-22 18:02:47]      • [Quiz] Kuis M1 [kelas MALAM] → Deadline: Tidak diketahui
[2026-05-22 18:02:52]      • [Materi] M2: Graf Tidak Berarah dan Graf Berbobot File → Deadline: -
[2026-05-22 18:02:56]      • [Materi] Video Literasi M2 : Graf Tidak Berarah dan Graf Berbobot URL → Deadline: -
[2026-05-22 18:03:00]      • [Quiz] Kuis M2 [KELAS PAGI] : Graf Tidak Berarah dan Graf Berbobot → Deadline: Tidak diketahui
[2026-05-22 18:03:04]      • [Quiz] Kuis M2 [KELAS MALAM] : Graf Tidak Berarah dan Graf Berbobot → Deadline: Tidak diketahui
[2026-05-22 18:03:08]      • [Materi] M4 : Aplikasi Teori Graf di Teknik Elektro File → Deadline: -
[2026-05-22 18:03:12]      • [Materi] Video Literasi M4 : Aplikasi Teori Graf di Teknik Elektro URL → Deadline: -
[2026-05-22 18:03:17]      • [Quiz] Kuis M4 [KELAS PAGI]: Aplikasi Teori Graf di Teknik Elektro → Deadline: Tidak diketahui
[2026-05-22 18:03:22]      • [Quiz] Kuis M4 [KELAS MALAM]: Aplikasi Teori Graf di Teknik Elektro → Deadline: Tidak diketahui
[2026-05-22 18:03:26]      • [Materi] M5 : Knowledge Graph dan Database Graph File → Deadline: -
[2026-05-22 18:03:31]      • [Materi] Video Literasi  M5 : Knowledge Graph dan Database Graph URL → Deadline: -
[2026-05-22 18:03:36]      • [Quiz] Kuis M5 [KELAS PAGI] : nowledge Graph dan Database Graph → Deadline: Tidak diketahui
[2026-05-22 18:03:40]      • [Quiz] Kuis M5 [KELAS MALAM] : Knowledge Graph dan Database Graph → Deadline: Tidak diketahui
[2026-05-22 18:03:43]      • [Materi] M6 : Graf Berarah dan Implementasinya File → Deadline: -
[2026-05-22 18:03:48]      • [Materi] Video Literasi M6 : Graf Berarah dan Implementasinya URL → Deadline: -
[2026-05-22 18:03:53]      • [Quiz] Kuis M6 [KELAS PAGI] : Graf Berarah dan Implementasinya → Deadline: Tidak diketahui
[2026-05-22 18:03:57]      • [Quiz] Kuis M6 [KELAS MALAM] : Graf Berarah dan Implementasinya → Deadline: Tidak diketahui
[2026-05-22 18:04:01]      • [Materi] M8 : Penerapan Teori Graf di Bidang Teknik Sipil File → Deadline: -
[2026-05-22 18:04:06]      • [Materi] Video Literasi M8 : Penerapan Teori Graf di Bidang Teknik Sipil URL → Deadline: -
[2026-05-22 18:04:10]      • [Quiz] Kuis M8 [KELAS PAGI] : Penerapan Teori Graf di Bidang Teknik Sipil → Deadline: Tidak diketahui
[2026-05-22 18:04:16]      • [Quiz] Kuis M8 [KELAS MALAM] : Penerapan Teori Graf di Bidang Teknik Sipil → Deadline: Tidak diketahui
[2026-05-22 18:04:19]      • [Materi] Video Literasi M10 : Penerapan Teori Graf  di Bidang Teknik Industri URL → Deadline: -
[2026-05-22 18:04:24]      • [Quiz] Kuis M10 [kelas pagi] : Penerapan Teori Graf  di Bidang Teknik Industri → Deadline: Tidak diketahui
[2026-05-22 18:04:28]      • [Quiz] Kuis M10 [kelas malam]: Penerapan Teori Graf  di Bidang Teknik Industri → Deadline: Friday, 22 May 2026, 9:00 PM
[2026-05-22 18:04:32] 📚 Mengambil mata kuliah ID 104413 ...
[2026-05-22 18:04:32]   ➤ ATA 2025/2026 | 3-FIKTI | Praktikum Terapan Teori Graf
[2026-05-22 18:04:32]      • [Materi] Panduan Praktikum  Forum → Deadline: -
[2026-05-22 18:04:36]      • [Materi] Panduan Google Collaboratory URL → Deadline: -
[2026-05-22 18:04:41]      • [Materi] Panduan Instalasi Anaconda URL → Deadline: -
[2026-05-22 18:04:46]      • [Quiz] Pre-Test (M1) → Deadline: Tidak diketahui
[2026-05-22 18:04:50]      • [Materi] 1.1  Pengantar: Teori Graf URL → Deadline: -
[2026-05-22 18:04:55]      • [Materi] 1.2  Sesi Hands-on Praktikum URL → Deadline: -
[2026-05-22 18:05:00]      • [Materi] 1.3 Tutorial Menambahkan File pada Mesin DGX URL → Deadline: -
[2026-05-22 18:05:04]      • [Quiz] Post-Test (M1) → Deadline: Tidak diketahui
[2026-05-22 18:05:08]      • [Assignment] Pengumpulan Tugas (M1) → Deadline: Saturday, 7 March 2026, 11:59 PM
[2026-05-22 18:05:12]      • [Quiz] Pre-Test (M2) → Deadline: Tidak diketahui
[2026-05-22 18:05:17]      • [Materi] 2.1  Pengantar: Berbagai Pemecahan Masalah Menggunakan Teori Graf Page → Deadline: -
[2026-05-22 18:05:22]      • [Quiz] Post-Test (M2) → Deadline: Tidak diketahui
[2026-05-22 18:05:27]      • [Assignment] Pengumpulan Tugas (M2) → Deadline: Saturday, 14 March 2026, 11:59 PM
[2026-05-22 18:05:32]      • [Quiz] Pre-Test (M4) → Deadline: Tidak diketahui
[2026-05-22 18:05:36]      • [Materi] 4.1  Pengantar: Breadth First Search URL → Deadline: -
[2026-05-22 18:05:41]      • [Materi] Sesi Praktikum File → Deadline: -
[2026-05-22 18:05:46]      • [Materi] Video Tutorial: Mendownload File IPYNB di Virtual Class URL → Deadline: -
[2026-05-22 18:05:50]      • [Quiz] Post-Test (M4) → Deadline: Tidak diketahui
[2026-05-22 18:05:55]      • [Assignment] Laporan Akhir (M4) → Deadline: Saturday, 11 April 2026, 11:59 PM
[2026-05-22 18:05:59]      • [Quiz] Pre-Test (M5) → Deadline: Tidak diketahui
[2026-05-22 18:06:03]      • [Materi] Sesi Praktikum URL → Deadline: -
[2026-05-22 18:06:07]      • [Quiz] Post-Test (M5) → Deadline: Tidak diketahui
[2026-05-22 18:06:11]      • [Assignment] Laporan Akhir (M5) → Deadline: Saturday, 18 April 2026, 11:59 PM
[2026-05-22 18:06:16]      • [Quiz] Pre-Test (M6) → Deadline: Tidak diketahui
[2026-05-22 18:06:20]      • [Materi] 6.1  Pendahuluan: Algoritma Dasar Tree URL → Deadline: -
[2026-05-22 18:06:24]      • [Materi] Sesi Praktikum File → Deadline: -
[2026-05-22 18:06:28]      • [Quiz] Post-Test (M6) → Deadline: Tidak diketahui
[2026-05-22 18:06:32]      • [Assignment] Laporan Akhir (M6) → Deadline: Saturday, 25 April 2026, 11:59 PM
[2026-05-22 18:06:37]      • [Quiz] Pre-Test (M8) → Deadline: Tidak diketahui
[2026-05-22 18:06:40]      • [Materi] 8.1  Pendahuluan: Implementasi Graph URL → Deadline: -
[2026-05-22 18:06:44]      • [Materi] Link File Praktikum I - family.pl → Deadline: -
[2026-05-22 18:06:49]      • [Materi] Link File Praktikum II - 8-puzzles.ipynb → Deadline: -
[2026-05-22 18:06:53]      • [Materi] Video Tutorial: Mendownload File IPYNB di Virtual Class URL → Deadline: -
[2026-05-22 18:06:58]      • [Quiz] Post-Test (M8) → Deadline: Tidak diketahui
[2026-05-22 18:07:03]      • [Assignment] Laporan Akhir (M8) → Deadline: Saturday, 9 May 2026, 11:59 PM
[2026-05-22 18:07:07]      • [Quiz] Pre-Test (M9) → Deadline: Tidak diketahui
[2026-05-22 18:07:11]      • [Materi] Sesi Hands-on Praktikum URL → Deadline: -
[2026-05-22 18:07:14]      • [Quiz] Post-Test (M9) → Deadline: Tidak diketahui
[2026-05-22 18:07:19]      • [Assignment] Pengumpulan Tugas (M9) → Deadline: Saturday, 16 May 2026, 11:59 PM
[2026-05-22 18:07:24]      • [Quiz] Pre-Test (M3) → Deadline: Saturday, 23 May 2026, 11:59 PM
[2026-05-22 18:07:28]      • [Materi] Sesi Praktikum URL → Deadline: -
[2026-05-22 18:07:33]      • [Materi] Video Tutorial: Menambahkan File pada Mesin DGX URL → Deadline: -
[2026-05-22 18:07:37]      • [Quiz] Post-Test (M3) → Deadline: Saturday, 23 May 2026, 11:59 PM
[2026-05-22 18:07:42]      • [Assignment] Pengumpulan Tugas (M3) → Deadline: Saturday, 23 May 2026, 11:59 PM
[2026-05-22 18:07:46]      • [Quiz] Pre-Test (M7) → Deadline: Saturday, 23 May 2026, 11:59 PM
[2026-05-22 18:07:50]      • [Materi] Link File Praktikum I - 3-Tekrek-Find-Center.ipynb → Deadline: -
[2026-05-22 18:07:55]      • [Materi] Link File Praktikum II - 3-Tekrek-Sortest-Path.ipynb → Deadline: -
[2026-05-22 18:07:59]      • [Materi] Video Tutorial: Mendownload File IPYNB di Virtual Class URL → Deadline: -
[2026-05-22 18:08:03]      • [Quiz] Post-Test (M7) → Deadline: Saturday, 23 May 2026, 11:59 PM
[2026-05-22 18:08:07]      • [Assignment] Laporan Akhir (M7) → Deadline: Saturday, 23 May 2026, 11:59 PM
[2026-05-22 18:08:11] 📦 Total tugas ditemukan: 106
[2026-05-22 18:08:11] 💾 Disimpan ke python/node/tugas.json
