[2026-07-24 09:45:15] 🔐 Login ke V-Class...
[2026-07-24 09:45:21] ✅ Login berhasil
[2026-07-24 09:45:21] 📚 Mengambil mata kuliah ID 108486 ...
[2026-07-24 09:45:21]   ➤ ATA 2025/2026 | 3KB01 | Jaringan Komputer Lanjut | VIVIEN NOVA FITHRIANA
[2026-07-24 09:45:21]      • [Materi] Announcements Forum → Deadline: -
[2026-07-24 09:45:25]      • [Materi] M1 File → Deadline: -
[2026-07-24 09:45:29]      • [Materi] M2 File → Deadline: -
[2026-07-24 09:45:34]      • [Materi] M3 File → Deadline: -
[2026-07-24 09:45:39]      • [Materi] M4 File → Deadline: -
[2026-07-24 09:45:42]      • [Materi] M5 File → Deadline: -
[2026-07-24 09:45:47]      • [Materi] M6 File → Deadline: -
[2026-07-24 09:45:50]      • [Materi] M7 File → Deadline: -
[2026-07-24 09:45:55]      • [Materi] VC-1 : Traffic dan Algoritma Kendali Kemacetan File → Deadline: -
[2026-07-24 09:45:59]      • [Materi] VC-1 : Traffic dan Algoritma Kendali Kemacetan File → Deadline: -
[2026-07-24 09:46:03]      • [Materi] Forum VC-1 : Traffic dan Algoritma Kendali Kemacetan → Deadline: -
[2026-07-24 09:46:07]      • [Quiz] Latihan Soal VC-1 : Traffic dan Algoritma Kendali Kemacetan → Deadline: Tidak diketahui
[2026-07-24 09:46:11]      • [Materi] VC-2 : Traffic dan Algoritma Kendali Kemacetan - Bagian 2 File → Deadline: -
[2026-07-24 09:46:15]      • [Materi] Forum VC-2 : Traffic dan Algoritma Kendali Kemacetan - Bagian 2 → Deadline: -
[2026-07-24 09:46:20]      • [Quiz] Latihan Soal VC-2 : Traffic dan Algoritma Kendali Kemacetan - Bagian 2 → Deadline: Tidak diketahui
[2026-07-24 09:46:23]      • [Materi] VC-3 : Lapisan Transport File → Deadline: -
[2026-07-24 09:46:28]      • [Materi] Forum VC-3 : Lapisan Transport → Deadline: -
[2026-07-24 09:46:34]      • [Quiz] Latihan Soal VC-3 : Lapisan Transport → Deadline: Tidak diketahui
[2026-07-24 09:46:38] 📚 Mengambil mata kuliah ID 108172 ...
[2026-07-24 09:46:38]   ➤ ATA 2025/2026 | 3KB01 | Internet of Things (IoT) | PURNAWARMAN MUSA
[2026-07-24 09:46:38]      • [Materi] Announcements Forum → Deadline: -
[2026-07-24 09:46:42]      • [Materi] M6 File → Deadline: -
[2026-07-24 09:46:48]      • [Quiz] Soal (Tugas Individu) → Deadline: Tidak diketahui
[2026-07-24 09:46:52]      • [Quiz] Soal (Tugas Individu) → Deadline: Tidak diketahui
[2026-07-24 09:46:57] 📚 Mengambil mata kuliah ID 109563 ...
[2026-07-24 09:46:57]   ➤ ATA 2025/2026 | 3KB01 | Sistem Tertanam (Embedded) * | RIDHA ISKANDAR
[2026-07-24 09:46:57]      • [Materi] Selamat Datang di V-Class Sistem Tertanam (Embedded) Forum → Deadline: -
[2026-07-24 09:47:02]      • [Assignment] File 1 → Deadline: Sunday, 26 April 2026, 12:00 AM
[2026-07-24 09:47:06] 📚 Mengambil mata kuliah ID 109970 ...
[2026-07-24 09:47:06]   ➤ ATA 2025/2026 | 2EB10 | Bahasa Indonesia | MELANIAWATI
[2026-07-24 09:47:06] 📚 Mengambil mata kuliah ID 107919 ...
[2026-07-24 09:47:08]   ➤ ATA 2025/2026 | 3KB01 | Sistem Cerdas Lanjut | NUR SULTAN SALAHUDDIN
[2026-07-24 09:47:08]      • [Materi] Announcements Forum → Deadline: -
[2026-07-24 09:47:11]      • [Assignment] Sistem Kesehatan Cerdas → Deadline: Thursday, 21 May 2026, 12:00 AM
[2026-07-24 09:47:17]      • [Quiz] Sistem Kesehatan Cerdas → Deadline: Tidak diketahui
[2026-07-24 09:47:22]      • [Assignment] Sistem Industri Cerdas → Deadline: Monday, 20 July 2026, 12:00 AM
[2026-07-24 09:47:27]      • [Quiz] Sistem Industri Cerdas → Deadline: Tidak diketahui
[2026-07-24 09:47:31] 📚 Mengambil mata kuliah ID 107291 ...
[2026-07-24 09:47:32]   ➤ ATA 2025/2026 | 3KB01 | Pengantarmukaan Perif.Komputer * | FARID THALIB
[2026-07-24 09:47:32]      • [Materi] Announcements Forum → Deadline: -
[2026-07-24 09:47:37] 📚 Mengambil mata kuliah ID 104438 ...
[2026-07-24 09:47:37]   ➤ ATA 2025/2026 | 3-FIKTI | Terapan Teori Graf | TEAM TEACHING
[2026-07-24 09:47:38]      • [Materi] PEMBERITAHUAN UTS SUSULAN File → Deadline: -
[2026-07-24 09:47:42]      • [Materi] PEMBERITAHUAN PELAKSANAAN TEAM TEACHING TERAPAN TEORI GRAF Forum → Deadline: -
[2026-07-24 09:47:46]      • [Materi] M1: Pendahuluan Teori Graf File → Deadline: -
[2026-07-24 09:47:51]      • [Materi] Video Literasi M1: Pendahuluan Teori Graf URL → Deadline: -
[2026-07-24 09:47:55]      • [Quiz] Kuis M1 [kelas PAGI] → Deadline: Tidak diketahui
[2026-07-24 09:48:00]      • [Quiz] Kuis M1 [kelas MALAM] → Deadline: Tidak diketahui
[2026-07-24 09:48:03]      • [Materi] M2: Graf Tidak Berarah dan Graf Berbobot File → Deadline: -
[2026-07-24 09:48:08]      • [Materi] Video Literasi M2 : Graf Tidak Berarah dan Graf Berbobot URL → Deadline: -
[2026-07-24 09:48:13]      • [Quiz] Kuis M2 [KELAS PAGI] : Graf Tidak Berarah dan Graf Berbobot → Deadline: Tidak diketahui
[2026-07-24 09:48:17]      • [Quiz] Kuis M2 [KELAS MALAM] : Graf Tidak Berarah dan Graf Berbobot → Deadline: Tidak diketahui
[2026-07-24 09:48:21]      • [Materi] M4 : Aplikasi Teori Graf di Teknik Elektro File → Deadline: -
[2026-07-24 09:48:25]      • [Materi] Video Literasi M4 : Aplikasi Teori Graf di Teknik Elektro URL → Deadline: -
[2026-07-24 09:48:30]      • [Quiz] Kuis M4 [KELAS PAGI]: Aplikasi Teori Graf di Teknik Elektro → Deadline: Tidak diketahui
[2026-07-24 09:48:35]      • [Quiz] Kuis M4 [KELAS MALAM]: Aplikasi Teori Graf di Teknik Elektro → Deadline: Tidak diketahui
[2026-07-24 09:48:40]      • [Materi] M5 : Knowledge Graph dan Database Graph File → Deadline: -
[2026-07-24 09:48:45]      • [Materi] Video Literasi  M5 : Knowledge Graph dan Database Graph URL → Deadline: -
[2026-07-24 09:48:50]      • [Quiz] Kuis M5 [KELAS PAGI] : nowledge Graph dan Database Graph → Deadline: Tidak diketahui
[2026-07-24 09:48:53]      • [Quiz] Kuis M5 [KELAS MALAM] : Knowledge Graph dan Database Graph → Deadline: Tidak diketahui
[2026-07-24 09:48:57]      • [Materi] M6 : Graf Berarah dan Implementasinya File → Deadline: -
[2026-07-24 09:49:01]      • [Materi] Video Literasi M6 : Graf Berarah dan Implementasinya URL → Deadline: -
[2026-07-24 09:49:06]      • [Quiz] Kuis M6 [KELAS PAGI] : Graf Berarah dan Implementasinya → Deadline: Tidak diketahui
[2026-07-24 09:49:12]      • [Quiz] Kuis M6 [KELAS MALAM] : Graf Berarah dan Implementasinya → Deadline: Tidak diketahui
[2026-07-24 09:49:16]      • [Materi] M8 : Penerapan Teori Graf di Bidang Teknik Sipil File → Deadline: -
[2026-07-24 09:49:21]      • [Materi] Video Literasi M8 : Penerapan Teori Graf di Bidang Teknik Sipil URL → Deadline: -
[2026-07-24 09:49:25]      • [Quiz] Kuis M8 [KELAS PAGI] : Penerapan Teori Graf di Bidang Teknik Sipil → Deadline: Tidak diketahui
[2026-07-24 09:49:30]      • [Quiz] Kuis M8 [KELAS MALAM] : Penerapan Teori Graf di Bidang Teknik Sipil → Deadline: Tidak diketahui
[2026-07-24 09:49:34]      • [Materi] M10 : Penerapan Teori Graf  di Bidang Teknik Industri File → Deadline: -
[2026-07-24 09:49:38]      • [Materi] Video Literasi M10 : Penerapan Teori Graf  di Bidang Teknik Industri URL → Deadline: -
[2026-07-24 09:49:43]      • [Quiz] Kuis M10 [kelas pagi] : Penerapan Teori Graf  di Bidang Teknik Industri → Deadline: Tidak diketahui
[2026-07-24 09:49:47]      • [Quiz] Kuis M10 [kelas malam]: Penerapan Teori Graf  di Bidang Teknik Industri → Deadline: Tidak diketahui
[2026-07-24 09:49:52]      • [Materi] M11 : Program Dinamis dan Permasalahan Tata Letak Fasilitas File → Deadline: -
[2026-07-24 09:49:55]      • [Materi] video literasi : Program Dinamis dan Permasalahan Tata Letak Fasilitas URL → Deadline: -
[2026-07-24 09:50:00]      • [Quiz] Kuis M11 [kelas PAGI]: Program Dinamis dan Permasalahan Tata Letak Fasilitas → Deadline: Tidak diketahui
[2026-07-24 09:50:05]      • [Quiz] Kuis M11 [kelas MALAM]: Program Dinamis dan Permasalahan Tata Letak Fasilitas → Deadline: Tidak diketahui
[2026-07-24 09:50:09]      • [Materi] M12: Algoritma Greedy pada Graf File → Deadline: -
[2026-07-24 09:50:14]      • [Materi] Video literasi M12: Algoritma Greedy pada Graf URL → Deadline: -
[2026-07-24 09:50:18]      • [Quiz] Kuis M12 [kelas PAGI] → Deadline: Tidak diketahui
[2026-07-24 09:50:23]      • [Quiz] Kuis M12 [kelas MALAM] → Deadline: Tidak diketahui
[2026-07-24 09:50:27]      • [Materi] M13 File → Deadline: -
[2026-07-24 09:50:31]      • [Materi] Video Literasi M13 : Graph Theory Implementation in Oil Mining Company URL → Deadline: -
[2026-07-24 09:50:35]      • [Quiz] Kuis M13 [PAGI]: Graph Theory Implementation in Oil Mining Company → Deadline: Tidak diketahui
[2026-07-24 09:50:39]      • [Quiz] Kuis M13 [MALAM]: Graph Theory Implementation in Oil Mining Company → Deadline: Tidak diketahui
[2026-07-24 09:50:44]      • [Materi] M14 : Aplikasi Graf Lengkap sebagai Graf Representasi untuk Model Optimasi Rute Kendaraan File → Deadline: -
[2026-07-24 09:50:49]      • [Materi] Video Literasi : Aplikasi Graf Lengkap sebagai Graf Representasi untuk Model Optimasi Rute Kendaraan URL → Deadline: -
[2026-07-24 09:50:53]      • [Quiz] Kuis M14 [PAGI]: Aplikasi Graf Lengkap sebagai Graf Representasi untuk Model Optimasi Rute Kendaraan → Deadline: Tidak diketahui
[2026-07-24 09:50:58]      • [Quiz] Kuis M14 [MALAM]: Aplikasi Graf Lengkap sebagai Graf Representasi untuk Model Optimasi Rute Kendaraan → Deadline: Tidak diketahui
[2026-07-24 09:51:02] 📚 Mengambil mata kuliah ID 104413 ...
[2026-07-24 09:51:02]   ➤ ATA 2025/2026 | 3-FIKTI | Praktikum Terapan Teori Graf
[2026-07-24 09:51:02]      • [Materi] Panduan Praktikum  Forum → Deadline: -
[2026-07-24 09:51:07]      • [Materi] Panduan Google Collaboratory URL → Deadline: -
[2026-07-24 09:51:12]      • [Materi] Panduan Instalasi Anaconda URL → Deadline: -
[2026-07-24 09:51:16]      • [Quiz] Pre-Test (M1) → Deadline: Tidak diketahui
[2026-07-24 09:51:21]      • [Materi] 1.1  Pengantar: Teori Graf URL → Deadline: -
[2026-07-24 09:51:25]      • [Materi] 1.2  Sesi Hands-on Praktikum URL → Deadline: -
[2026-07-24 09:51:29]      • [Materi] 1.3 Tutorial Menambahkan File pada Mesin DGX URL → Deadline: -
[2026-07-24 09:51:34]      • [Quiz] Post-Test (M1) → Deadline: Tidak diketahui
[2026-07-24 09:51:38]      • [Assignment] Pengumpulan Tugas (M1) → Deadline: Saturday, 7 March 2026, 11:59 PM
[2026-07-24 09:51:43]      • [Quiz] Pre-Test (M2) → Deadline: Tidak diketahui
[2026-07-24 09:51:47]      • [Materi] 2.1  Pengantar: Berbagai Pemecahan Masalah Menggunakan Teori Graf Page → Deadline: -
[2026-07-24 09:51:52]      • [Quiz] Post-Test (M2) → Deadline: Tidak diketahui
[2026-07-24 09:51:56]      • [Assignment] Pengumpulan Tugas (M2) → Deadline: Saturday, 14 March 2026, 11:59 PM
[2026-07-24 09:52:01]      • [Quiz] Pre-Test (M4) → Deadline: Tidak diketahui
[2026-07-24 09:52:05]      • [Materi] 4.1  Pengantar: Breadth First Search URL → Deadline: -
[2026-07-24 09:52:10]      • [Materi] Sesi Praktikum File → Deadline: -
[2026-07-24 09:52:14]      • [Materi] Video Tutorial: Mendownload File IPYNB di Virtual Class URL → Deadline: -
[2026-07-24 09:52:18]      • [Quiz] Post-Test (M4) → Deadline: Tidak diketahui
[2026-07-24 09:52:23]      • [Assignment] Laporan Akhir (M4) → Deadline: Saturday, 11 April 2026, 11:59 PM
[2026-07-24 09:52:27]      • [Quiz] Pre-Test (M5) → Deadline: Tidak diketahui
[2026-07-24 09:52:31]      • [Materi] Sesi Praktikum URL → Deadline: -
[2026-07-24 09:52:35]      • [Quiz] Post-Test (M5) → Deadline: Tidak diketahui
[2026-07-24 09:52:40]      • [Assignment] Laporan Akhir (M5) → Deadline: Saturday, 18 April 2026, 11:59 PM
[2026-07-24 09:52:45]      • [Quiz] Pre-Test (M6) → Deadline: Tidak diketahui
[2026-07-24 09:52:48]      • [Materi] 6.1  Pendahuluan: Algoritma Dasar Tree URL → Deadline: -
[2026-07-24 09:52:53]      • [Materi] Sesi Praktikum File → Deadline: -
[2026-07-24 09:52:56]      • [Quiz] Post-Test (M6) → Deadline: Tidak diketahui
[2026-07-24 09:53:00]      • [Assignment] Laporan Akhir (M6) → Deadline: Saturday, 25 April 2026, 11:59 PM
[2026-07-24 09:53:04]      • [Quiz] Pre-Test (M8) → Deadline: Tidak diketahui
[2026-07-24 09:53:09]      • [Materi] 8.1  Pendahuluan: Implementasi Graph URL → Deadline: -
[2026-07-24 09:53:13]      • [Materi] Link File Praktikum I - family.pl → Deadline: -
[2026-07-24 09:53:18]      • [Materi] Link File Praktikum II - 8-puzzles.ipynb → Deadline: -
[2026-07-24 09:53:23]      • [Materi] Video Tutorial: Mendownload File IPYNB di Virtual Class URL → Deadline: -
[2026-07-24 09:53:27]      • [Quiz] Post-Test (M8) → Deadline: Tidak diketahui
[2026-07-24 09:53:32]      • [Assignment] Laporan Akhir (M8) → Deadline: Saturday, 9 May 2026, 11:59 PM
[2026-07-24 09:53:36]      • [Quiz] Pre-Test (M9) → Deadline: Tidak diketahui
[2026-07-24 09:53:40]      • [Materi] Sesi Hands-on Praktikum URL → Deadline: -
[2026-07-24 09:53:45]      • [Quiz] Post-Test (M9) → Deadline: Tidak diketahui
[2026-07-24 09:53:50]      • [Assignment] Pengumpulan Tugas (M9) → Deadline: Saturday, 16 May 2026, 11:59 PM
[2026-07-24 09:53:55]      • [Quiz] Pre-Test (M3) → Deadline: Tidak diketahui
[2026-07-24 09:53:59]      • [Materi] Sesi Praktikum URL → Deadline: -
[2026-07-24 09:54:03]      • [Materi] Video Tutorial: Menambahkan File pada Mesin DGX URL → Deadline: -
[2026-07-24 09:54:08]      • [Quiz] Post-Test (M3) → Deadline: Tidak diketahui
[2026-07-24 09:54:12]      • [Assignment] Pengumpulan Tugas (M3) → Deadline: Saturday, 23 May 2026, 11:59 PM
[2026-07-24 09:54:16]      • [Quiz] Pre-Test (M7) → Deadline: Tidak diketahui
[2026-07-24 09:54:21]      • [Materi] Link File Praktikum I - 3-Tekrek-Find-Center.ipynb → Deadline: -
[2026-07-24 09:54:24]      • [Materi] Link File Praktikum II - 3-Tekrek-Sortest-Path.ipynb → Deadline: -
[2026-07-24 09:54:29]      • [Materi] Video Tutorial: Mendownload File IPYNB di Virtual Class URL → Deadline: -
[2026-07-24 09:54:34]      • [Quiz] Post-Test (M7) → Deadline: Tidak diketahui
[2026-07-24 09:54:39]      • [Assignment] Laporan Akhir (M7) → Deadline: Saturday, 23 May 2026, 11:59 PM
[2026-07-24 09:54:42] 📦 Total tugas ditemukan: 126
[2026-07-24 09:54:42] 💾 Disimpan ke python/node/tugas.json
[2026-07-24 18:00:42] 🔐 Login ke V-Class...
[2026-07-24 18:00:50] ✅ Login berhasil
[2026-07-24 18:00:50] 📚 Mengambil mata kuliah ID 108486 ...
[2026-07-24 18:00:50]   ➤ ATA 2025/2026 | 3KB01 | Jaringan Komputer Lanjut | VIVIEN NOVA FITHRIANA
[2026-07-24 18:00:50]      • [Materi] Announcements Forum → Deadline: -
[2026-07-24 18:00:54]      • [Materi] M1 File → Deadline: -
[2026-07-24 18:00:59]      • [Materi] M2 File → Deadline: -
[2026-07-24 18:01:03]      • [Materi] M3 File → Deadline: -
[2026-07-24 18:01:07]      • [Materi] M4 File → Deadline: -
[2026-07-24 18:01:11]      • [Materi] M5 File → Deadline: -
[2026-07-24 18:01:15]      • [Materi] M6 File → Deadline: -
[2026-07-24 18:01:19]      • [Materi] M7 File → Deadline: -
[2026-07-24 18:01:23]      • [Materi] VC-1 : Traffic dan Algoritma Kendali Kemacetan File → Deadline: -
[2026-07-24 18:01:27]      • [Materi] VC-1 : Traffic dan Algoritma Kendali Kemacetan File → Deadline: -
[2026-07-24 18:01:32]      • [Materi] Forum VC-1 : Traffic dan Algoritma Kendali Kemacetan → Deadline: -
[2026-07-24 18:01:41]      • [Quiz] Latihan Soal VC-1 : Traffic dan Algoritma Kendali Kemacetan → Deadline: Tidak diketahui
[2026-07-24 18:01:45]      • [Materi] VC-2 : Traffic dan Algoritma Kendali Kemacetan - Bagian 2 File → Deadline: -
[2026-07-24 18:01:49]      • [Materi] Forum VC-2 : Traffic dan Algoritma Kendali Kemacetan - Bagian 2 → Deadline: -
[2026-07-24 18:01:54]      • [Quiz] Latihan Soal VC-2 : Traffic dan Algoritma Kendali Kemacetan - Bagian 2 → Deadline: Tidak diketahui
[2026-07-24 18:01:58]      • [Materi] VC-3 : Lapisan Transport File → Deadline: -
[2026-07-24 18:02:02]      • [Materi] Forum VC-3 : Lapisan Transport → Deadline: -
[2026-07-24 18:02:09]      • [Quiz] Latihan Soal VC-3 : Lapisan Transport → Deadline: Tidak diketahui
[2026-07-24 18:02:13] 📚 Mengambil mata kuliah ID 108172 ...
[2026-07-24 18:02:13]   ➤ ATA 2025/2026 | 3KB01 | Internet of Things (IoT) | PURNAWARMAN MUSA
[2026-07-24 18:02:13]      • [Materi] Announcements Forum → Deadline: -
[2026-07-24 18:02:17]      • [Materi] M6 File → Deadline: -
[2026-07-24 18:02:23]      • [Quiz] Soal (Tugas Individu) → Deadline: Tidak diketahui
[2026-07-24 18:02:27]      • [Quiz] Soal (Tugas Individu) → Deadline: Tidak diketahui
[2026-07-24 18:02:32] 📚 Mengambil mata kuliah ID 109563 ...
[2026-07-24 18:02:33]   ➤ ATA 2025/2026 | 3KB01 | Sistem Tertanam (Embedded) * | RIDHA ISKANDAR
[2026-07-24 18:02:33]      • [Materi] Selamat Datang di V-Class Sistem Tertanam (Embedded) Forum → Deadline: -
[2026-07-24 18:02:38]      • [Assignment] File 1 → Deadline: Sunday, 26 April 2026, 12:00 AM
[2026-07-24 18:02:43] 📚 Mengambil mata kuliah ID 109970 ...
[2026-07-24 18:02:43]   ➤ ATA 2025/2026 | 2EB10 | Bahasa Indonesia | MELANIAWATI
[2026-07-24 18:02:43] 📚 Mengambil mata kuliah ID 107919 ...
[2026-07-24 18:02:44]   ➤ ATA 2025/2026 | 3KB01 | Sistem Cerdas Lanjut | NUR SULTAN SALAHUDDIN
[2026-07-24 18:02:44]      • [Materi] Announcements Forum → Deadline: -
[2026-07-24 18:02:51]      • [Assignment] Sistem Kesehatan Cerdas → Deadline: Thursday, 21 May 2026, 12:00 AM
[2026-07-24 18:02:56]      • [Quiz] Sistem Kesehatan Cerdas → Deadline: Tidak diketahui
[2026-07-24 18:03:00]      • [Assignment] Sistem Industri Cerdas → Deadline: Monday, 20 July 2026, 12:00 AM
[2026-07-24 18:03:06]      • [Quiz] Sistem Industri Cerdas → Deadline: Tidak diketahui
[2026-07-24 18:03:10] 📚 Mengambil mata kuliah ID 107291 ...
[2026-07-24 18:03:12]   ➤ ATA 2025/2026 | 3KB01 | Pengantarmukaan Perif.Komputer * | FARID THALIB
[2026-07-24 18:03:12]      • [Materi] Announcements Forum → Deadline: -
[2026-07-24 18:03:16] 📚 Mengambil mata kuliah ID 104438 ...
[2026-07-24 18:03:16]   ➤ ATA 2025/2026 | 3-FIKTI | Terapan Teori Graf | TEAM TEACHING
[2026-07-24 18:03:16]      • [Materi] PEMBERITAHUAN UTS SUSULAN File → Deadline: -
[2026-07-24 18:03:21]      • [Materi] PEMBERITAHUAN PELAKSANAAN TEAM TEACHING TERAPAN TEORI GRAF Forum → Deadline: -
[2026-07-24 18:03:26]      • [Materi] M1: Pendahuluan Teori Graf File → Deadline: -
[2026-07-24 18:03:30]      • [Materi] Video Literasi M1: Pendahuluan Teori Graf URL → Deadline: -
[2026-07-24 18:03:39]      • [Quiz] Kuis M1 [kelas PAGI] → Deadline: Tidak diketahui
[2026-07-24 18:03:44]      • [Quiz] Kuis M1 [kelas MALAM] → Deadline: Tidak diketahui
[2026-07-24 18:03:49]      • [Materi] M2: Graf Tidak Berarah dan Graf Berbobot File → Deadline: -
[2026-07-24 18:03:52]      • [Materi] Video Literasi M2 : Graf Tidak Berarah dan Graf Berbobot URL → Deadline: -
[2026-07-24 18:04:02]      • [Quiz] Kuis M2 [KELAS PAGI] : Graf Tidak Berarah dan Graf Berbobot → Deadline: Tidak diketahui
[2026-07-24 18:04:12]      • [Quiz] Kuis M2 [KELAS MALAM] : Graf Tidak Berarah dan Graf Berbobot → Deadline: Tidak diketahui
[2026-07-24 18:04:17]      • [Materi] M4 : Aplikasi Teori Graf di Teknik Elektro File → Deadline: -
[2026-07-24 18:04:22]      • [Materi] Video Literasi M4 : Aplikasi Teori Graf di Teknik Elektro URL → Deadline: -
[2026-07-24 18:04:31]      • [Quiz] Kuis M4 [KELAS PAGI]: Aplikasi Teori Graf di Teknik Elektro → Deadline: Tidak diketahui
[2026-07-24 18:04:36]      • [Quiz] Kuis M4 [KELAS MALAM]: Aplikasi Teori Graf di Teknik Elektro → Deadline: Tidak diketahui
[2026-07-24 18:04:40]      • [Materi] M5 : Knowledge Graph dan Database Graph File → Deadline: -
[2026-07-24 18:04:44]      • [Materi] Video Literasi  M5 : Knowledge Graph dan Database Graph URL → Deadline: -
[2026-07-24 18:04:55]      • [Quiz] Kuis M5 [KELAS PAGI] : nowledge Graph dan Database Graph → Deadline: Tidak diketahui
[2026-07-24 18:05:01]      • [Quiz] Kuis M5 [KELAS MALAM] : Knowledge Graph dan Database Graph → Deadline: Tidak diketahui
[2026-07-24 18:05:06]      • [Materi] M6 : Graf Berarah dan Implementasinya File → Deadline: -
[2026-07-24 18:05:09]      • [Materi] Video Literasi M6 : Graf Berarah dan Implementasinya URL → Deadline: -
[2026-07-24 18:05:20]      • [Quiz] Kuis M6 [KELAS PAGI] : Graf Berarah dan Implementasinya → Deadline: Tidak diketahui
[2026-07-24 18:05:32]      • [Quiz] Kuis M6 [KELAS MALAM] : Graf Berarah dan Implementasinya → Deadline: Tidak diketahui
[2026-07-24 18:05:35]      • [Materi] M8 : Penerapan Teori Graf di Bidang Teknik Sipil File → Deadline: -
[2026-07-24 18:05:40]      • [Materi] Video Literasi M8 : Penerapan Teori Graf di Bidang Teknik Sipil URL → Deadline: -
[2026-07-24 18:05:45]      • [Quiz] Kuis M8 [KELAS PAGI] : Penerapan Teori Graf di Bidang Teknik Sipil → Deadline: Tidak diketahui
[2026-07-24 18:05:50]      • [Quiz] Kuis M8 [KELAS MALAM] : Penerapan Teori Graf di Bidang Teknik Sipil → Deadline: Tidak diketahui
[2026-07-24 18:05:55]      • [Materi] M10 : Penerapan Teori Graf  di Bidang Teknik Industri File → Deadline: -
[2026-07-24 18:05:59]      • [Materi] Video Literasi M10 : Penerapan Teori Graf  di Bidang Teknik Industri URL → Deadline: -
[2026-07-24 18:06:04]      • [Quiz] Kuis M10 [kelas pagi] : Penerapan Teori Graf  di Bidang Teknik Industri → Deadline: Tidak diketahui
[2026-07-24 18:06:11]      • [Quiz] Kuis M10 [kelas malam]: Penerapan Teori Graf  di Bidang Teknik Industri → Deadline: Tidak diketahui
[2026-07-24 18:06:15]      • [Materi] M11 : Program Dinamis dan Permasalahan Tata Letak Fasilitas File → Deadline: -
[2026-07-24 18:06:20]      • [Materi] video literasi : Program Dinamis dan Permasalahan Tata Letak Fasilitas URL → Deadline: -
[2026-07-24 18:06:24]      • [Quiz] Kuis M11 [kelas PAGI]: Program Dinamis dan Permasalahan Tata Letak Fasilitas → Deadline: Tidak diketahui
[2026-07-24 18:06:30]      • [Quiz] Kuis M11 [kelas MALAM]: Program Dinamis dan Permasalahan Tata Letak Fasilitas → Deadline: Tidak diketahui
[2026-07-24 18:06:34]      • [Materi] M12: Algoritma Greedy pada Graf File → Deadline: -
[2026-07-24 18:06:39]      • [Materi] Video literasi M12: Algoritma Greedy pada Graf URL → Deadline: -
[2026-07-24 18:06:44]      • [Quiz] Kuis M12 [kelas PAGI] → Deadline: Tidak diketahui
[2026-07-24 18:06:48]      • [Quiz] Kuis M12 [kelas MALAM] → Deadline: Tidak diketahui
[2026-07-24 18:06:53]      • [Materi] M13 File → Deadline: -
[2026-07-24 18:06:58]      • [Materi] Video Literasi M13 : Graph Theory Implementation in Oil Mining Company URL → Deadline: -
[2026-07-24 18:07:08]      • [Quiz] Kuis M13 [PAGI]: Graph Theory Implementation in Oil Mining Company → Deadline: Tidak diketahui
[2026-07-24 18:07:14]      • [Quiz] Kuis M13 [MALAM]: Graph Theory Implementation in Oil Mining Company → Deadline: Tidak diketahui
[2026-07-24 18:07:18]      • [Materi] M14 : Aplikasi Graf Lengkap sebagai Graf Representasi untuk Model Optimasi Rute Kendaraan File → Deadline: -
[2026-07-24 18:07:23]      • [Materi] Video Literasi : Aplikasi Graf Lengkap sebagai Graf Representasi untuk Model Optimasi Rute Kendaraan URL → Deadline: -
[2026-07-24 18:07:41]      • [Quiz] Kuis M14 [PAGI]: Aplikasi Graf Lengkap sebagai Graf Representasi untuk Model Optimasi Rute Kendaraan → Deadline: Tidak diketahui
[2026-07-24 18:07:46]      • [Quiz] Kuis M14 [MALAM]: Aplikasi Graf Lengkap sebagai Graf Representasi untuk Model Optimasi Rute Kendaraan → Deadline: Tidak diketahui
[2026-07-24 18:07:50] 📚 Mengambil mata kuliah ID 104413 ...
[2026-07-24 18:07:50]   ➤ ATA 2025/2026 | 3-FIKTI | Praktikum Terapan Teori Graf
[2026-07-24 18:07:50]      • [Materi] Panduan Praktikum  Forum → Deadline: -
[2026-07-24 18:07:54]      • [Materi] Panduan Google Collaboratory URL → Deadline: -
[2026-07-24 18:07:59]      • [Materi] Panduan Instalasi Anaconda URL → Deadline: -
[2026-07-24 18:08:10]      • [Quiz] Pre-Test (M1) → Deadline: Tidak diketahui
[2026-07-24 18:08:13]      • [Materi] 1.1  Pengantar: Teori Graf URL → Deadline: -
[2026-07-24 18:08:17]      • [Materi] 1.2  Sesi Hands-on Praktikum URL → Deadline: -
[2026-07-24 18:08:21]      • [Materi] 1.3 Tutorial Menambahkan File pada Mesin DGX URL → Deadline: -
[2026-07-24 18:08:26]      • [Quiz] Post-Test (M1) → Deadline: Tidak diketahui
[2026-07-24 18:08:31]      • [Assignment] Pengumpulan Tugas (M1) → Deadline: Saturday, 7 March 2026, 11:59 PM
[2026-07-24 18:08:35]      • [Quiz] Pre-Test (M2) → Deadline: Tidak diketahui
[2026-07-24 18:08:39]      • [Materi] 2.1  Pengantar: Berbagai Pemecahan Masalah Menggunakan Teori Graf Page → Deadline: -
[2026-07-24 18:08:44]      • [Quiz] Post-Test (M2) → Deadline: Tidak diketahui
[2026-07-24 18:08:49]      • [Assignment] Pengumpulan Tugas (M2) → Deadline: Saturday, 14 March 2026, 11:59 PM
[2026-07-24 18:08:55]      • [Quiz] Pre-Test (M4) → Deadline: Tidak diketahui
[2026-07-24 18:08:59]      • [Materi] 4.1  Pengantar: Breadth First Search URL → Deadline: -
[2026-07-24 18:09:03]      • [Materi] Sesi Praktikum File → Deadline: -
[2026-07-24 18:09:08]      • [Materi] Video Tutorial: Mendownload File IPYNB di Virtual Class URL → Deadline: -
[2026-07-24 18:09:14]      • [Quiz] Post-Test (M4) → Deadline: Tidak diketahui
[2026-07-24 18:09:18]      • [Assignment] Laporan Akhir (M4) → Deadline: Saturday, 11 April 2026, 11:59 PM
[2026-07-24 18:09:24]      • [Quiz] Pre-Test (M5) → Deadline: Tidak diketahui
[2026-07-24 18:09:28]      • [Materi] Sesi Praktikum URL → Deadline: -
[2026-07-24 18:09:33]      • [Quiz] Post-Test (M5) → Deadline: Tidak diketahui
[2026-07-24 18:09:38]      • [Assignment] Laporan Akhir (M5) → Deadline: Saturday, 18 April 2026, 11:59 PM
[2026-07-24 18:09:43]      • [Quiz] Pre-Test (M6) → Deadline: Tidak diketahui
[2026-07-24 18:09:48]      • [Materi] 6.1  Pendahuluan: Algoritma Dasar Tree URL → Deadline: -
[2026-07-24 18:09:52]      • [Materi] Sesi Praktikum File → Deadline: -
[2026-07-24 18:10:02]      • [Quiz] Post-Test (M6) → Deadline: Tidak diketahui
[2026-07-24 18:10:06]      • [Assignment] Laporan Akhir (M6) → Deadline: Saturday, 25 April 2026, 11:59 PM
[2026-07-24 18:10:11]      • [Quiz] Pre-Test (M8) → Deadline: Tidak diketahui
[2026-07-24 18:10:16]      • [Materi] 8.1  Pendahuluan: Implementasi Graph URL → Deadline: -
[2026-07-24 18:10:19]      • [Materi] Link File Praktikum I - family.pl → Deadline: -
[2026-07-24 18:10:23]      • [Materi] Link File Praktikum II - 8-puzzles.ipynb → Deadline: -
[2026-07-24 18:10:27]      • [Materi] Video Tutorial: Mendownload File IPYNB di Virtual Class URL → Deadline: -
[2026-07-24 18:10:34]      • [Quiz] Post-Test (M8) → Deadline: Tidak diketahui
[2026-07-24 18:10:38]      • [Assignment] Laporan Akhir (M8) → Deadline: Saturday, 9 May 2026, 11:59 PM
[2026-07-24 18:10:43]      • [Quiz] Pre-Test (M9) → Deadline: Tidak diketahui
[2026-07-24 18:10:48]      • [Materi] Sesi Hands-on Praktikum URL → Deadline: -
[2026-07-24 18:10:53]      • [Quiz] Post-Test (M9) → Deadline: Tidak diketahui
[2026-07-24 18:11:00]      • [Assignment] Pengumpulan Tugas (M9) → Deadline: Saturday, 16 May 2026, 11:59 PM
[2026-07-24 18:11:05]      • [Quiz] Pre-Test (M3) → Deadline: Tidak diketahui
[2026-07-24 18:11:10]      • [Materi] Sesi Praktikum URL → Deadline: -
[2026-07-24 18:11:13]      • [Materi] Video Tutorial: Menambahkan File pada Mesin DGX URL → Deadline: -
[2026-07-24 18:11:24]      • [Quiz] Post-Test (M3) → Deadline: Tidak diketahui
[2026-07-24 18:11:29]      • [Assignment] Pengumpulan Tugas (M3) → Deadline: Saturday, 23 May 2026, 11:59 PM
[2026-07-24 18:11:34]      • [Quiz] Pre-Test (M7) → Deadline: Tidak diketahui
[2026-07-24 18:11:38]      • [Materi] Link File Praktikum I - 3-Tekrek-Find-Center.ipynb → Deadline: -
[2026-07-24 18:11:42]      • [Materi] Link File Praktikum II - 3-Tekrek-Sortest-Path.ipynb → Deadline: -
[2026-07-24 18:11:46]      • [Materi] Video Tutorial: Mendownload File IPYNB di Virtual Class URL → Deadline: -
[2026-07-24 18:11:56]      • [Quiz] Post-Test (M7) → Deadline: Tidak diketahui
[2026-07-24 18:12:02]      • [Assignment] Laporan Akhir (M7) → Deadline: Saturday, 23 May 2026, 11:59 PM
[2026-07-24 18:12:07] 📦 Total tugas ditemukan: 126
[2026-07-24 18:12:07] 💾 Disimpan ke python/node/tugas.json
