[2026-05-30 09:45:33] 🔐 Login ke V-Class...
[2026-05-30 09:45:34] ✅ Login berhasil
[2026-05-30 09:45:34] 📚 Mengambil mata kuliah ID 108486 ...
[2026-05-30 09:45:34]   ➤ ATA 2025/2026 | 3KB01 | Jaringan Komputer Lanjut | VIVIEN NOVA FITHRIANA
[2026-05-30 09:45:34]      • [Materi] Announcements Forum → Deadline: -
[2026-05-30 09:45:39]      • [Materi] M1 File → Deadline: -
[2026-05-30 09:45:44]      • [Materi] M2 File → Deadline: -
[2026-05-30 09:45:48]      • [Materi] M3 File → Deadline: -
[2026-05-30 09:45:52]      • [Materi] M4 File → Deadline: -
[2026-05-30 09:45:57]      • [Materi] M5 File → Deadline: -
[2026-05-30 09:46:01]      • [Materi] M6 File → Deadline: -
[2026-05-30 09:46:06]      • [Materi] M7 File → Deadline: -
[2026-05-30 09:46:11]      • [Materi] VC-1 : Traffic dan Algoritma Kendali Kemacetan File → Deadline: -
[2026-05-30 09:46:15]      • [Materi] VC-1 : Traffic dan Algoritma Kendali Kemacetan File → Deadline: -
[2026-05-30 09:46:19]      • [Materi] Forum VC-1 : Traffic dan Algoritma Kendali Kemacetan → Deadline: -
[2026-05-30 09:46:23]      • [Quiz] Latihan Soal VC-1 : Traffic dan Algoritma Kendali Kemacetan → Deadline: Tidak diketahui
[2026-05-30 09:46:28]      • [Materi] VC-2 : Traffic dan Algoritma Kendali Kemacetan - Bagian 2 File → Deadline: -
[2026-05-30 09:46:32]      • [Materi] Forum VC-2 : Traffic dan Algoritma Kendali Kemacetan - Bagian 2 → Deadline: -
[2026-05-30 09:46:36]      • [Quiz] Latihan Soal VC-2 : Traffic dan Algoritma Kendali Kemacetan - Bagian 2 → Deadline: Tidak diketahui
[2026-05-30 09:46:40]      • [Materi] VC-3 : Lapisan Transport File → Deadline: -
[2026-05-30 09:46:45]      • [Materi] Forum VC-3 : Lapisan Transport → Deadline: -
[2026-05-30 09:46:49]      • [Quiz] Latihan Soal VC-3 : Lapisan Transport → Deadline: Wednesday, 15 July 2026, 11:59 PM
[2026-05-30 09:46:53] 📚 Mengambil mata kuliah ID 108172 ...
[2026-05-30 09:46:54]   ➤ ATA 2025/2026 | 3KB01 | Internet of Things (IoT) | PURNAWARMAN MUSA
[2026-05-30 09:46:54]      • [Materi] Announcements Forum → Deadline: -
[2026-05-30 09:46:57]      • [Materi] M6 File → Deadline: -
[2026-05-30 09:47:02]      • [Quiz] Soal (Tugas Individu) → Deadline: Tidak diketahui
[2026-05-30 09:47:06]      • [Quiz] Soal (Tugas Individu) → Deadline: Tidak diketahui
[2026-05-30 09:47:10] 📚 Mengambil mata kuliah ID 109563 ...
[2026-05-30 09:47:10]   ➤ ATA 2025/2026 | 3KB01 | Sistem Tertanam (Embedded) * | RIDHA ISKANDAR
[2026-05-30 09:47:10]      • [Materi] Selamat Datang di V-Class Sistem Tertanam (Embedded) Forum → Deadline: -
[2026-05-30 09:47:15]      • [Assignment] File 1 → Deadline: Sunday, 26 April 2026, 12:00 AM
[2026-05-30 09:47:20] 📚 Mengambil mata kuliah ID 109970 ...
[2026-05-30 09:47:20]   ➤ ATA 2025/2026 | 2EB10 | Bahasa Indonesia | MELANIAWATI
[2026-05-30 09:47:20] 📚 Mengambil mata kuliah ID 107919 ...
[2026-05-30 09:47:20]   ➤ ATA 2025/2026 | 3KB01 | Sistem Cerdas Lanjut | NUR SULTAN SALAHUDDIN
[2026-05-30 09:47:20]      • [Materi] Announcements Forum → Deadline: -
[2026-05-30 09:47:24]      • [Assignment] Sistem Kesehatan Cerdas → Deadline: Thursday, 21 May 2026, 12:00 AM
[2026-05-30 09:47:29]      • [Quiz] Sistem Kesehatan Cerdas → Deadline: Tidak diketahui
[2026-05-30 09:47:33] 📚 Mengambil mata kuliah ID 107291 ...
[2026-05-30 09:47:33]   ➤ ATA 2025/2026 | 3KB01 | Pengantarmukaan Perif.Komputer * | FARID THALIB
[2026-05-30 09:47:33]      • [Materi] Announcements Forum → Deadline: -
[2026-05-30 09:47:37] 📚 Mengambil mata kuliah ID 104438 ...
[2026-05-30 09:47:37]   ➤ ATA 2025/2026 | 3-FIKTI | Terapan Teori Graf | TEAM TEACHING
[2026-05-30 09:47:37]      • [Materi] PEMBERITAHUAN PELAKSANAAN TEAM TEACHING TERAPAN TEORI GRAF Forum → Deadline: -
[2026-05-30 09:47:41]      • [Materi] M1: Pendahuluan Teori Graf File → Deadline: -
[2026-05-30 09:47:45]      • [Materi] Video Literasi M1: Pendahuluan Teori Graf URL → Deadline: -
[2026-05-30 09:47:50]      • [Quiz] Kuis M1 [kelas PAGI] → Deadline: Tidak diketahui
[2026-05-30 09:47:53]      • [Quiz] Kuis M1 [kelas MALAM] → Deadline: Tidak diketahui
[2026-05-30 09:47:57]      • [Materi] M2: Graf Tidak Berarah dan Graf Berbobot File → Deadline: -
[2026-05-30 09:48:02]      • [Materi] Video Literasi M2 : Graf Tidak Berarah dan Graf Berbobot URL → Deadline: -
[2026-05-30 09:48:06]      • [Quiz] Kuis M2 [KELAS PAGI] : Graf Tidak Berarah dan Graf Berbobot → Deadline: Tidak diketahui
[2026-05-30 09:48:11]      • [Quiz] Kuis M2 [KELAS MALAM] : Graf Tidak Berarah dan Graf Berbobot → Deadline: Tidak diketahui
[2026-05-30 09:48:15]      • [Materi] M4 : Aplikasi Teori Graf di Teknik Elektro File → Deadline: -
[2026-05-30 09:48:19]      • [Materi] Video Literasi M4 : Aplikasi Teori Graf di Teknik Elektro URL → Deadline: -
[2026-05-30 09:48:24]      • [Quiz] Kuis M4 [KELAS PAGI]: Aplikasi Teori Graf di Teknik Elektro → Deadline: Tidak diketahui
[2026-05-30 09:48:28]      • [Quiz] Kuis M4 [KELAS MALAM]: Aplikasi Teori Graf di Teknik Elektro → Deadline: Tidak diketahui
[2026-05-30 09:48:33]      • [Materi] M5 : Knowledge Graph dan Database Graph File → Deadline: -
[2026-05-30 09:48:37]      • [Materi] Video Literasi  M5 : Knowledge Graph dan Database Graph URL → Deadline: -
[2026-05-30 09:48:42]      • [Quiz] Kuis M5 [KELAS PAGI] : nowledge Graph dan Database Graph → Deadline: Tidak diketahui
[2026-05-30 09:48:46]      • [Quiz] Kuis M5 [KELAS MALAM] : Knowledge Graph dan Database Graph → Deadline: Tidak diketahui
[2026-05-30 09:48:50]      • [Materi] M6 : Graf Berarah dan Implementasinya File → Deadline: -
[2026-05-30 09:48:55]      • [Materi] Video Literasi M6 : Graf Berarah dan Implementasinya URL → Deadline: -
[2026-05-30 09:48:59]      • [Quiz] Kuis M6 [KELAS PAGI] : Graf Berarah dan Implementasinya → Deadline: Tidak diketahui
[2026-05-30 09:49:04]      • [Quiz] Kuis M6 [KELAS MALAM] : Graf Berarah dan Implementasinya → Deadline: Tidak diketahui
[2026-05-30 09:49:08]      • [Materi] M8 : Penerapan Teori Graf di Bidang Teknik Sipil File → Deadline: -
[2026-05-30 09:49:13]      • [Materi] Video Literasi M8 : Penerapan Teori Graf di Bidang Teknik Sipil URL → Deadline: -
[2026-05-30 09:49:17]      • [Quiz] Kuis M8 [KELAS PAGI] : Penerapan Teori Graf di Bidang Teknik Sipil → Deadline: Tidak diketahui
[2026-05-30 09:49:21]      • [Quiz] Kuis M8 [KELAS MALAM] : Penerapan Teori Graf di Bidang Teknik Sipil → Deadline: Tidak diketahui
[2026-05-30 09:49:26]      • [Materi] M10 : Penerapan Teori Graf  di Bidang Teknik Industri File → Deadline: -
[2026-05-30 09:49:30]      • [Materi] Video Literasi M10 : Penerapan Teori Graf  di Bidang Teknik Industri URL → Deadline: -
[2026-05-30 09:49:34]      • [Quiz] Kuis M10 [kelas pagi] : Penerapan Teori Graf  di Bidang Teknik Industri → Deadline: Tidak diketahui
[2026-05-30 09:49:38]      • [Quiz] Kuis M10 [kelas malam]: Penerapan Teori Graf  di Bidang Teknik Industri → Deadline: Tidak diketahui
[2026-05-30 09:49:43] 📚 Mengambil mata kuliah ID 104413 ...
[2026-05-30 09:49:43]   ➤ ATA 2025/2026 | 3-FIKTI | Praktikum Terapan Teori Graf
[2026-05-30 09:49:43]      • [Materi] Panduan Praktikum  Forum → Deadline: -
[2026-05-30 09:49:48]      • [Materi] Panduan Google Collaboratory URL → Deadline: -
[2026-05-30 09:49:52]      • [Materi] Panduan Instalasi Anaconda URL → Deadline: -
[2026-05-30 09:49:57]      • [Quiz] Pre-Test (M1) → Deadline: Tidak diketahui
[2026-05-30 09:50:01]      • [Materi] 1.1  Pengantar: Teori Graf URL → Deadline: -
[2026-05-30 09:50:06]      • [Materi] 1.2  Sesi Hands-on Praktikum URL → Deadline: -
[2026-05-30 09:50:10]      • [Materi] 1.3 Tutorial Menambahkan File pada Mesin DGX URL → Deadline: -
[2026-05-30 09:50:15]      • [Quiz] Post-Test (M1) → Deadline: Tidak diketahui
[2026-05-30 09:50:20]      • [Assignment] Pengumpulan Tugas (M1) → Deadline: Saturday, 7 March 2026, 11:59 PM
[2026-05-30 09:50:24]      • [Quiz] Pre-Test (M2) → Deadline: Tidak diketahui
[2026-05-30 09:50:28]      • [Materi] 2.1  Pengantar: Berbagai Pemecahan Masalah Menggunakan Teori Graf Page → Deadline: -
[2026-05-30 09:50:33]      • [Quiz] Post-Test (M2) → Deadline: Tidak diketahui
[2026-05-30 09:50:37]      • [Assignment] Pengumpulan Tugas (M2) → Deadline: Saturday, 14 March 2026, 11:59 PM
[2026-05-30 09:50:41]      • [Quiz] Pre-Test (M4) → Deadline: Tidak diketahui
[2026-05-30 09:50:46]      • [Materi] 4.1  Pengantar: Breadth First Search URL → Deadline: -
[2026-05-30 09:50:51]      • [Materi] Sesi Praktikum File → Deadline: -
[2026-05-30 09:50:56]      • [Materi] Video Tutorial: Mendownload File IPYNB di Virtual Class URL → Deadline: -
[2026-05-30 09:51:00]      • [Quiz] Post-Test (M4) → Deadline: Tidak diketahui
[2026-05-30 09:51:05]      • [Assignment] Laporan Akhir (M4) → Deadline: Saturday, 11 April 2026, 11:59 PM
[2026-05-30 09:51:09]      • [Quiz] Pre-Test (M5) → Deadline: Tidak diketahui
[2026-05-30 09:51:13]      • [Materi] Sesi Praktikum URL → Deadline: -
[2026-05-30 09:51:18]      • [Quiz] Post-Test (M5) → Deadline: Tidak diketahui
[2026-05-30 09:51:22]      • [Assignment] Laporan Akhir (M5) → Deadline: Saturday, 18 April 2026, 11:59 PM
[2026-05-30 09:51:26]      • [Quiz] Pre-Test (M6) → Deadline: Tidak diketahui
[2026-05-30 09:51:31]      • [Materi] 6.1  Pendahuluan: Algoritma Dasar Tree URL → Deadline: -
[2026-05-30 09:51:35]      • [Materi] Sesi Praktikum File → Deadline: -
[2026-05-30 09:51:40]      • [Quiz] Post-Test (M6) → Deadline: Tidak diketahui
[2026-05-30 09:51:45]      • [Assignment] Laporan Akhir (M6) → Deadline: Saturday, 25 April 2026, 11:59 PM
[2026-05-30 09:51:49]      • [Quiz] Pre-Test (M8) → Deadline: Tidak diketahui
[2026-05-30 09:51:53]      • [Materi] 8.1  Pendahuluan: Implementasi Graph URL → Deadline: -
[2026-05-30 09:51:57]      • [Materi] Link File Praktikum I - family.pl → Deadline: -
[2026-05-30 09:52:02]      • [Materi] Link File Praktikum II - 8-puzzles.ipynb → Deadline: -
[2026-05-30 09:52:06]      • [Materi] Video Tutorial: Mendownload File IPYNB di Virtual Class URL → Deadline: -
[2026-05-30 09:52:10]      • [Quiz] Post-Test (M8) → Deadline: Tidak diketahui
[2026-05-30 09:52:16]      • [Assignment] Laporan Akhir (M8) → Deadline: Saturday, 9 May 2026, 11:59 PM
[2026-05-30 09:52:20]      • [Quiz] Pre-Test (M9) → Deadline: Tidak diketahui
[2026-05-30 09:52:25]      • [Materi] Sesi Hands-on Praktikum URL → Deadline: -
[2026-05-30 09:52:29]      • [Quiz] Post-Test (M9) → Deadline: Tidak diketahui
[2026-05-30 09:52:34]      • [Assignment] Pengumpulan Tugas (M9) → Deadline: Saturday, 16 May 2026, 11:59 PM
[2026-05-30 09:52:38]      • [Quiz] Pre-Test (M3) → Deadline: Tidak diketahui
[2026-05-30 09:52:43]      • [Materi] Sesi Praktikum URL → Deadline: -
[2026-05-30 09:52:48]      • [Materi] Video Tutorial: Menambahkan File pada Mesin DGX URL → Deadline: -
[2026-05-30 09:52:52]      • [Quiz] Post-Test (M3) → Deadline: Tidak diketahui
[2026-05-30 09:52:56]      • [Assignment] Pengumpulan Tugas (M3) → Deadline: Saturday, 23 May 2026, 11:59 PM
[2026-05-30 09:53:00]      • [Quiz] Pre-Test (M7) → Deadline: Tidak diketahui
[2026-05-30 09:53:04]      • [Materi] Link File Praktikum I - 3-Tekrek-Find-Center.ipynb → Deadline: -
[2026-05-30 09:53:08]      • [Materi] Link File Praktikum II - 3-Tekrek-Sortest-Path.ipynb → Deadline: -
[2026-05-30 09:53:12]      • [Materi] Video Tutorial: Mendownload File IPYNB di Virtual Class URL → Deadline: -
[2026-05-30 09:53:17]      • [Quiz] Post-Test (M7) → Deadline: Tidak diketahui
[2026-05-30 09:53:22]      • [Assignment] Laporan Akhir (M7) → Deadline: Saturday, 23 May 2026, 11:59 PM
[2026-05-30 09:53:26] 📦 Total tugas ditemukan: 107
[2026-05-30 09:53:26] 💾 Disimpan ke python/node/tugas.json
[2026-05-30 18:00:27] 🔐 Login ke V-Class...
[2026-05-30 18:00:27] ✅ Login berhasil
[2026-05-30 18:00:27] 📚 Mengambil mata kuliah ID 108486 ...
[2026-05-30 18:00:27]   ➤ ATA 2025/2026 | 3KB01 | Jaringan Komputer Lanjut | VIVIEN NOVA FITHRIANA
[2026-05-30 18:00:27]      • [Materi] Announcements Forum → Deadline: -
[2026-05-30 18:00:31]      • [Materi] M1 File → Deadline: -
[2026-05-30 18:00:35]      • [Materi] M2 File → Deadline: -
[2026-05-30 18:00:40]      • [Materi] M3 File → Deadline: -
[2026-05-30 18:00:45]      • [Materi] M4 File → Deadline: -
[2026-05-30 18:00:50]      • [Materi] M5 File → Deadline: -
[2026-05-30 18:00:54]      • [Materi] M6 File → Deadline: -
[2026-05-30 18:00:59]      • [Materi] M7 File → Deadline: -
[2026-05-30 18:01:02]      • [Materi] VC-1 : Traffic dan Algoritma Kendali Kemacetan File → Deadline: -
[2026-05-30 18:01:07]      • [Materi] VC-1 : Traffic dan Algoritma Kendali Kemacetan File → Deadline: -
[2026-05-30 18:01:12]      • [Materi] Forum VC-1 : Traffic dan Algoritma Kendali Kemacetan → Deadline: -
[2026-05-30 18:01:16]      • [Quiz] Latihan Soal VC-1 : Traffic dan Algoritma Kendali Kemacetan → Deadline: Tidak diketahui
[2026-05-30 18:01:20]      • [Materi] VC-2 : Traffic dan Algoritma Kendali Kemacetan - Bagian 2 File → Deadline: -
[2026-05-30 18:01:24]      • [Materi] Forum VC-2 : Traffic dan Algoritma Kendali Kemacetan - Bagian 2 → Deadline: -
[2026-05-30 18:01:29]      • [Quiz] Latihan Soal VC-2 : Traffic dan Algoritma Kendali Kemacetan - Bagian 2 → Deadline: Tidak diketahui
[2026-05-30 18:01:32]      • [Materi] VC-3 : Lapisan Transport File → Deadline: -
[2026-05-30 18:01:36]      • [Materi] Forum VC-3 : Lapisan Transport → Deadline: -
[2026-05-30 18:01:40]      • [Quiz] Latihan Soal VC-3 : Lapisan Transport → Deadline: Wednesday, 15 July 2026, 11:59 PM
[2026-05-30 18:01:45] 📚 Mengambil mata kuliah ID 108172 ...
[2026-05-30 18:01:45]   ➤ ATA 2025/2026 | 3KB01 | Internet of Things (IoT) | PURNAWARMAN MUSA
[2026-05-30 18:01:45]      • [Materi] Announcements Forum → Deadline: -
[2026-05-30 18:01:49]      • [Materi] M6 File → Deadline: -
[2026-05-30 18:01:53]      • [Quiz] Soal (Tugas Individu) → Deadline: Tidak diketahui
[2026-05-30 18:01:58]      • [Quiz] Soal (Tugas Individu) → Deadline: Tidak diketahui
[2026-05-30 18:02:02] 📚 Mengambil mata kuliah ID 109563 ...
[2026-05-30 18:02:02]   ➤ ATA 2025/2026 | 3KB01 | Sistem Tertanam (Embedded) * | RIDHA ISKANDAR
[2026-05-30 18:02:02]      • [Materi] Selamat Datang di V-Class Sistem Tertanam (Embedded) Forum → Deadline: -
[2026-05-30 18:02:06]      • [Assignment] File 1 → Deadline: Sunday, 26 April 2026, 12:00 AM
[2026-05-30 18:02:11] 📚 Mengambil mata kuliah ID 109970 ...
[2026-05-30 18:02:11]   ➤ ATA 2025/2026 | 2EB10 | Bahasa Indonesia | MELANIAWATI
[2026-05-30 18:02:11] 📚 Mengambil mata kuliah ID 107919 ...
[2026-05-30 18:02:11]   ➤ ATA 2025/2026 | 3KB01 | Sistem Cerdas Lanjut | NUR SULTAN SALAHUDDIN
[2026-05-30 18:02:11]      • [Materi] Announcements Forum → Deadline: -
[2026-05-30 18:02:15]      • [Assignment] Sistem Kesehatan Cerdas → Deadline: Thursday, 21 May 2026, 12:00 AM
[2026-05-30 18:02:20]      • [Quiz] Sistem Kesehatan Cerdas → Deadline: Tidak diketahui
[2026-05-30 18:02:24] 📚 Mengambil mata kuliah ID 107291 ...
[2026-05-30 18:02:24]   ➤ ATA 2025/2026 | 3KB01 | Pengantarmukaan Perif.Komputer * | FARID THALIB
[2026-05-30 18:02:24]      • [Materi] Announcements Forum → Deadline: -
[2026-05-30 18:02:27] 📚 Mengambil mata kuliah ID 104438 ...
[2026-05-30 18:02:27]   ➤ ATA 2025/2026 | 3-FIKTI | Terapan Teori Graf | TEAM TEACHING
[2026-05-30 18:02:27]      • [Materi] PEMBERITAHUAN PELAKSANAAN TEAM TEACHING TERAPAN TEORI GRAF Forum → Deadline: -
[2026-05-30 18:02:32]      • [Materi] M1: Pendahuluan Teori Graf File → Deadline: -
[2026-05-30 18:02:36]      • [Materi] Video Literasi M1: Pendahuluan Teori Graf URL → Deadline: -
[2026-05-30 18:02:41]      • [Quiz] Kuis M1 [kelas PAGI] → Deadline: Tidak diketahui
[2026-05-30 18:02:45]      • [Quiz] Kuis M1 [kelas MALAM] → Deadline: Tidak diketahui
[2026-05-30 18:02:48]      • [Materi] M2: Graf Tidak Berarah dan Graf Berbobot File → Deadline: -
[2026-05-30 18:02:52]      • [Materi] Video Literasi M2 : Graf Tidak Berarah dan Graf Berbobot URL → Deadline: -
[2026-05-30 18:02:56]      • [Quiz] Kuis M2 [KELAS PAGI] : Graf Tidak Berarah dan Graf Berbobot → Deadline: Tidak diketahui
[2026-05-30 18:03:00]      • [Quiz] Kuis M2 [KELAS MALAM] : Graf Tidak Berarah dan Graf Berbobot → Deadline: Tidak diketahui
[2026-05-30 18:03:05]      • [Materi] M4 : Aplikasi Teori Graf di Teknik Elektro File → Deadline: -
[2026-05-30 18:03:09]      • [Materi] Video Literasi M4 : Aplikasi Teori Graf di Teknik Elektro URL → Deadline: -
[2026-05-30 18:03:13]      • [Quiz] Kuis M4 [KELAS PAGI]: Aplikasi Teori Graf di Teknik Elektro → Deadline: Tidak diketahui
[2026-05-30 18:03:17]      • [Quiz] Kuis M4 [KELAS MALAM]: Aplikasi Teori Graf di Teknik Elektro → Deadline: Tidak diketahui
[2026-05-30 18:03:22]      • [Materi] M5 : Knowledge Graph dan Database Graph File → Deadline: -
[2026-05-30 18:03:26]      • [Materi] Video Literasi  M5 : Knowledge Graph dan Database Graph URL → Deadline: -
[2026-05-30 18:03:29]      • [Quiz] Kuis M5 [KELAS PAGI] : nowledge Graph dan Database Graph → Deadline: Tidak diketahui
[2026-05-30 18:03:34]      • [Quiz] Kuis M5 [KELAS MALAM] : Knowledge Graph dan Database Graph → Deadline: Tidak diketahui
[2026-05-30 18:03:37]      • [Materi] M6 : Graf Berarah dan Implementasinya File → Deadline: -
[2026-05-30 18:03:41]      • [Materi] Video Literasi M6 : Graf Berarah dan Implementasinya URL → Deadline: -
[2026-05-30 18:03:46]      • [Quiz] Kuis M6 [KELAS PAGI] : Graf Berarah dan Implementasinya → Deadline: Tidak diketahui
[2026-05-30 18:03:51]      • [Quiz] Kuis M6 [KELAS MALAM] : Graf Berarah dan Implementasinya → Deadline: Tidak diketahui
[2026-05-30 18:03:56]      • [Materi] M8 : Penerapan Teori Graf di Bidang Teknik Sipil File → Deadline: -
[2026-05-30 18:04:00]      • [Materi] Video Literasi M8 : Penerapan Teori Graf di Bidang Teknik Sipil URL → Deadline: -
[2026-05-30 18:04:04]      • [Quiz] Kuis M8 [KELAS PAGI] : Penerapan Teori Graf di Bidang Teknik Sipil → Deadline: Tidak diketahui
[2026-05-30 18:04:08]      • [Quiz] Kuis M8 [KELAS MALAM] : Penerapan Teori Graf di Bidang Teknik Sipil → Deadline: Tidak diketahui
[2026-05-30 18:04:13]      • [Materi] M10 : Penerapan Teori Graf  di Bidang Teknik Industri File → Deadline: -
[2026-05-30 18:04:17]      • [Materi] Video Literasi M10 : Penerapan Teori Graf  di Bidang Teknik Industri URL → Deadline: -
[2026-05-30 18:04:22]      • [Quiz] Kuis M10 [kelas pagi] : Penerapan Teori Graf  di Bidang Teknik Industri → Deadline: Tidak diketahui
[2026-05-30 18:04:27]      • [Quiz] Kuis M10 [kelas malam]: Penerapan Teori Graf  di Bidang Teknik Industri → Deadline: Tidak diketahui
[2026-05-30 18:04:32] 📚 Mengambil mata kuliah ID 104413 ...
[2026-05-30 18:04:32]   ➤ ATA 2025/2026 | 3-FIKTI | Praktikum Terapan Teori Graf
[2026-05-30 18:04:32]      • [Materi] Panduan Praktikum  Forum → Deadline: -
[2026-05-30 18:04:36]      • [Materi] Panduan Google Collaboratory URL → Deadline: -
[2026-05-30 18:04:41]      • [Materi] Panduan Instalasi Anaconda URL → Deadline: -
[2026-05-30 18:04:45]      • [Quiz] Pre-Test (M1) → Deadline: Tidak diketahui
[2026-05-30 18:04:49]      • [Materi] 1.1  Pengantar: Teori Graf URL → Deadline: -
[2026-05-30 18:04:53]      • [Materi] 1.2  Sesi Hands-on Praktikum URL → Deadline: -
[2026-05-30 18:04:57]      • [Materi] 1.3 Tutorial Menambahkan File pada Mesin DGX URL → Deadline: -
[2026-05-30 18:05:02]      • [Quiz] Post-Test (M1) → Deadline: Tidak diketahui
[2026-05-30 18:05:06]      • [Assignment] Pengumpulan Tugas (M1) → Deadline: Saturday, 7 March 2026, 11:59 PM
[2026-05-30 18:05:10]      • [Quiz] Pre-Test (M2) → Deadline: Tidak diketahui
[2026-05-30 18:05:14]      • [Materi] 2.1  Pengantar: Berbagai Pemecahan Masalah Menggunakan Teori Graf Page → Deadline: -
[2026-05-30 18:05:19]      • [Quiz] Post-Test (M2) → Deadline: Tidak diketahui
[2026-05-30 18:05:24]      • [Assignment] Pengumpulan Tugas (M2) → Deadline: Saturday, 14 March 2026, 11:59 PM
[2026-05-30 18:05:28]      • [Quiz] Pre-Test (M4) → Deadline: Tidak diketahui
[2026-05-30 18:05:33]      • [Materi] 4.1  Pengantar: Breadth First Search URL → Deadline: -
[2026-05-30 18:05:38]      • [Materi] Sesi Praktikum File → Deadline: -
[2026-05-30 18:05:41]      • [Materi] Video Tutorial: Mendownload File IPYNB di Virtual Class URL → Deadline: -
[2026-05-30 18:05:45]      • [Quiz] Post-Test (M4) → Deadline: Tidak diketahui
[2026-05-30 18:05:49]      • [Assignment] Laporan Akhir (M4) → Deadline: Saturday, 11 April 2026, 11:59 PM
[2026-05-30 18:05:53]      • [Quiz] Pre-Test (M5) → Deadline: Tidak diketahui
[2026-05-30 18:05:57]      • [Materi] Sesi Praktikum URL → Deadline: -
[2026-05-30 18:06:01]      • [Quiz] Post-Test (M5) → Deadline: Tidak diketahui
[2026-05-30 18:06:06]      • [Assignment] Laporan Akhir (M5) → Deadline: Saturday, 18 April 2026, 11:59 PM
[2026-05-30 18:06:11]      • [Quiz] Pre-Test (M6) → Deadline: Tidak diketahui
[2026-05-30 18:06:15]      • [Materi] 6.1  Pendahuluan: Algoritma Dasar Tree URL → Deadline: -
[2026-05-30 18:06:20]      • [Materi] Sesi Praktikum File → Deadline: -
[2026-05-30 18:06:24]      • [Quiz] Post-Test (M6) → Deadline: Tidak diketahui
[2026-05-30 18:06:29]      • [Assignment] Laporan Akhir (M6) → Deadline: Saturday, 25 April 2026, 11:59 PM
[2026-05-30 18:06:34]      • [Quiz] Pre-Test (M8) → Deadline: Tidak diketahui
[2026-05-30 18:06:38]      • [Materi] 8.1  Pendahuluan: Implementasi Graph URL → Deadline: -
[2026-05-30 18:06:42]      • [Materi] Link File Praktikum I - family.pl → Deadline: -
[2026-05-30 18:06:47]      • [Materi] Link File Praktikum II - 8-puzzles.ipynb → Deadline: -
[2026-05-30 18:06:51]      • [Materi] Video Tutorial: Mendownload File IPYNB di Virtual Class URL → Deadline: -
[2026-05-30 18:06:55]      • [Quiz] Post-Test (M8) → Deadline: Tidak diketahui
[2026-05-30 18:07:00]      • [Assignment] Laporan Akhir (M8) → Deadline: Saturday, 9 May 2026, 11:59 PM
[2026-05-30 18:07:05]      • [Quiz] Pre-Test (M9) → Deadline: Tidak diketahui
[2026-05-30 18:07:09]      • [Materi] Sesi Hands-on Praktikum URL → Deadline: -
[2026-05-30 18:07:14]      • [Quiz] Post-Test (M9) → Deadline: Tidak diketahui
[2026-05-30 18:07:19]      • [Assignment] Pengumpulan Tugas (M9) → Deadline: Saturday, 16 May 2026, 11:59 PM
[2026-05-30 18:07:23]      • [Quiz] Pre-Test (M3) → Deadline: Tidak diketahui
[2026-05-30 18:07:27]      • [Materi] Sesi Praktikum URL → Deadline: -
[2026-05-30 18:07:31]      • [Materi] Video Tutorial: Menambahkan File pada Mesin DGX URL → Deadline: -
[2026-05-30 18:07:36]      • [Quiz] Post-Test (M3) → Deadline: Tidak diketahui
[2026-05-30 18:07:40]      • [Assignment] Pengumpulan Tugas (M3) → Deadline: Saturday, 23 May 2026, 11:59 PM
[2026-05-30 18:07:44]      • [Quiz] Pre-Test (M7) → Deadline: Tidak diketahui
[2026-05-30 18:07:49]      • [Materi] Link File Praktikum I - 3-Tekrek-Find-Center.ipynb → Deadline: -
[2026-05-30 18:07:53]      • [Materi] Link File Praktikum II - 3-Tekrek-Sortest-Path.ipynb → Deadline: -
[2026-05-30 18:07:57]      • [Materi] Video Tutorial: Mendownload File IPYNB di Virtual Class URL → Deadline: -
[2026-05-30 18:08:01]      • [Quiz] Post-Test (M7) → Deadline: Tidak diketahui
[2026-05-30 18:08:06]      • [Assignment] Laporan Akhir (M7) → Deadline: Saturday, 23 May 2026, 11:59 PM
[2026-05-30 18:08:11] 📦 Total tugas ditemukan: 107
[2026-05-30 18:08:11] 💾 Disimpan ke python/node/tugas.json
