[2026-08-06 09:45:33] 🔐 Login ke V-Class...
[2026-08-06 09:45:33] ✅ Login berhasil
[2026-08-06 09:45:33] 📚 Mengambil mata kuliah ID 108486 ...
[2026-08-06 09:45:33]   ➤ ATA 2025/2026 | 3KB01 | Jaringan Komputer Lanjut | VIVIEN NOVA FITHRIANA
[2026-08-06 09:45:33]      • [Materi] Announcements Forum → Deadline: -
[2026-08-06 09:45:38]      • [Materi] M1 File → Deadline: -
[2026-08-06 09:45:43]      • [Materi] M2 File → Deadline: -
[2026-08-06 09:45:46]      • [Materi] M3 File → Deadline: -
[2026-08-06 09:45:50]      • [Materi] M4 File → Deadline: -
[2026-08-06 09:45:54]      • [Materi] M5 File → Deadline: -
[2026-08-06 09:45:58]      • [Materi] M6 File → Deadline: -
[2026-08-06 09:46:02]      • [Materi] M7 File → Deadline: -
[2026-08-06 09:46:07]      • [Materi] VC-1 : Traffic dan Algoritma Kendali Kemacetan File → Deadline: -
[2026-08-06 09:46:11]      • [Materi] VC-1 : Traffic dan Algoritma Kendali Kemacetan File → Deadline: -
[2026-08-06 09:46:15]      • [Materi] Forum VC-1 : Traffic dan Algoritma Kendali Kemacetan → Deadline: -
[2026-08-06 09:46:19]      • [Quiz] Latihan Soal VC-1 : Traffic dan Algoritma Kendali Kemacetan → Deadline: Tidak diketahui
[2026-08-06 09:46:24]      • [Materi] VC-2 : Traffic dan Algoritma Kendali Kemacetan - Bagian 2 File → Deadline: -
[2026-08-06 09:46:28]      • [Materi] Forum VC-2 : Traffic dan Algoritma Kendali Kemacetan - Bagian 2 → Deadline: -
[2026-08-06 09:46:33]      • [Quiz] Latihan Soal VC-2 : Traffic dan Algoritma Kendali Kemacetan - Bagian 2 → Deadline: Tidak diketahui
[2026-08-06 09:46:37]      • [Materi] VC-3 : Lapisan Transport File → Deadline: -
[2026-08-06 09:46:42]      • [Materi] Forum VC-3 : Lapisan Transport → Deadline: -
[2026-08-06 09:47:02]      • [Quiz] Latihan Soal VC-3 : Lapisan Transport → Deadline: Tidak diketahui
[2026-08-06 09:47:06] 📚 Mengambil mata kuliah ID 108172 ...
[2026-08-06 09:47:06]   ➤ ATA 2025/2026 | 3KB01 | Internet of Things (IoT) | PURNAWARMAN MUSA
[2026-08-06 09:47:06]      • [Materi] Announcements Forum → Deadline: -
[2026-08-06 09:47:11]      • [Materi] M6 File → Deadline: -
[2026-08-06 09:47:15]      • [Quiz] Soal (Tugas Individu) → Deadline: Tidak diketahui
[2026-08-06 09:47:19]      • [Quiz] Soal (Tugas Individu) → Deadline: Tidak diketahui
[2026-08-06 09:47:23] 📚 Mengambil mata kuliah ID 109563 ...
[2026-08-06 09:47:23]   ➤ ATA 2025/2026 | 3KB01 | Sistem Tertanam (Embedded) * | RIDHA ISKANDAR
[2026-08-06 09:47:23]      • [Materi] Selamat Datang di V-Class Sistem Tertanam (Embedded) Forum → Deadline: -
[2026-08-06 09:47:27]      • [Assignment] File 1 → Deadline: Sunday, 26 April 2026, 12:00 AM
[2026-08-06 09:47:32] 📚 Mengambil mata kuliah ID 109970 ...
[2026-08-06 09:47:32]   ➤ ATA 2025/2026 | 2EB10 | Bahasa Indonesia | MELANIAWATI
[2026-08-06 09:47:32] 📚 Mengambil mata kuliah ID 107919 ...
[2026-08-06 09:47:32]   ➤ ATA 2025/2026 | 3KB01 | Sistem Cerdas Lanjut | NUR SULTAN SALAHUDDIN
[2026-08-06 09:47:32]      • [Materi] Announcements Forum → Deadline: -
[2026-08-06 09:47:36]      • [Assignment] Sistem Kesehatan Cerdas → Deadline: Thursday, 21 May 2026, 12:00 AM
[2026-08-06 09:47:40]      • [Quiz] Sistem Kesehatan Cerdas → Deadline: Tidak diketahui
[2026-08-06 09:47:45]      • [Assignment] Sistem Industri Cerdas → Deadline: Monday, 20 July 2026, 12:00 AM
[2026-08-06 09:47:49]      • [Quiz] Sistem Industri Cerdas → Deadline: Tidak diketahui
[2026-08-06 09:47:53] 📚 Mengambil mata kuliah ID 107291 ...
[2026-08-06 09:47:53]   ➤ ATA 2025/2026 | 3KB01 | Pengantarmukaan Perif.Komputer * | FARID THALIB
[2026-08-06 09:47:53]      • [Materi] Announcements Forum → Deadline: -
[2026-08-06 09:47:57] 📚 Mengambil mata kuliah ID 104438 ...
[2026-08-06 09:47:57]   ➤ ATA 2025/2026 | 3-FIKTI | Terapan Teori Graf | TEAM TEACHING
[2026-08-06 09:47:57]      • [Materi] PEMBERITAHUAN UTS SUSULAN File → Deadline: -
[2026-08-06 09:48:02]      • [Materi] PEMBERITAHUAN PELAKSANAAN TEAM TEACHING TERAPAN TEORI GRAF Forum → Deadline: -
[2026-08-06 09:48:06]      • [Materi] M1: Pendahuluan Teori Graf File → Deadline: -
[2026-08-06 09:48:10]      • [Materi] Video Literasi M1: Pendahuluan Teori Graf URL → Deadline: -
[2026-08-06 09:48:25]      • [Quiz] Kuis M1 [kelas PAGI] → Deadline: Tidak diketahui
[2026-08-06 09:48:29]      • [Quiz] Kuis M1 [kelas MALAM] → Deadline: Tidak diketahui
[2026-08-06 09:48:34]      • [Materi] M2: Graf Tidak Berarah dan Graf Berbobot File → Deadline: -
[2026-08-06 09:48:38]      • [Materi] Video Literasi M2 : Graf Tidak Berarah dan Graf Berbobot URL → Deadline: -
[2026-08-06 09:48:42]      • [Quiz] Kuis M2 [KELAS PAGI] : Graf Tidak Berarah dan Graf Berbobot → Deadline: Tidak diketahui
[2026-08-06 09:48:46]      • [Quiz] Kuis M2 [KELAS MALAM] : Graf Tidak Berarah dan Graf Berbobot → Deadline: Tidak diketahui
[2026-08-06 09:48:51]      • [Materi] M4 : Aplikasi Teori Graf di Teknik Elektro File → Deadline: -
[2026-08-06 09:48:55]      • [Materi] Video Literasi M4 : Aplikasi Teori Graf di Teknik Elektro URL → Deadline: -
[2026-08-06 09:49:05]      • [Quiz] Kuis M4 [KELAS PAGI]: Aplikasi Teori Graf di Teknik Elektro → Deadline: Tidak diketahui
[2026-08-06 09:49:09]      • [Quiz] Kuis M4 [KELAS MALAM]: Aplikasi Teori Graf di Teknik Elektro → Deadline: Tidak diketahui
[2026-08-06 09:49:14]      • [Materi] M5 : Knowledge Graph dan Database Graph File → Deadline: -
[2026-08-06 09:49:18]      • [Materi] Video Literasi  M5 : Knowledge Graph dan Database Graph URL → Deadline: -
[2026-08-06 09:49:23]      • [Quiz] Kuis M5 [KELAS PAGI] : nowledge Graph dan Database Graph → Deadline: Tidak diketahui
[2026-08-06 09:49:27]      • [Quiz] Kuis M5 [KELAS MALAM] : Knowledge Graph dan Database Graph → Deadline: Tidak diketahui
[2026-08-06 09:49:31]      • [Materi] M6 : Graf Berarah dan Implementasinya File → Deadline: -
[2026-08-06 09:49:36]      • [Materi] Video Literasi M6 : Graf Berarah dan Implementasinya URL → Deadline: -
[2026-08-06 09:49:51]      • [Quiz] Kuis M6 [KELAS PAGI] : Graf Berarah dan Implementasinya → Deadline: Tidak diketahui
[2026-08-06 09:49:55]      • [Quiz] Kuis M6 [KELAS MALAM] : Graf Berarah dan Implementasinya → Deadline: Tidak diketahui
[2026-08-06 09:49:59]      • [Materi] M8 : Penerapan Teori Graf di Bidang Teknik Sipil File → Deadline: -
[2026-08-06 09:50:04]      • [Materi] Video Literasi M8 : Penerapan Teori Graf di Bidang Teknik Sipil URL → Deadline: -
[2026-08-06 09:50:08]      • [Quiz] Kuis M8 [KELAS PAGI] : Penerapan Teori Graf di Bidang Teknik Sipil → Deadline: Tidak diketahui
[2026-08-06 09:50:12]      • [Quiz] Kuis M8 [KELAS MALAM] : Penerapan Teori Graf di Bidang Teknik Sipil → Deadline: Tidak diketahui
[2026-08-06 09:50:17]      • [Materi] M10 : Penerapan Teori Graf  di Bidang Teknik Industri File → Deadline: -
[2026-08-06 09:50:21]      • [Materi] Video Literasi M10 : Penerapan Teori Graf  di Bidang Teknik Industri URL → Deadline: -
[2026-08-06 09:50:26]      • [Quiz] Kuis M10 [kelas pagi] : Penerapan Teori Graf  di Bidang Teknik Industri → Deadline: Tidak diketahui
[2026-08-06 09:50:31]      • [Quiz] Kuis M10 [kelas malam]: Penerapan Teori Graf  di Bidang Teknik Industri → Deadline: Tidak diketahui
[2026-08-06 09:50:34]      • [Materi] M11 : Program Dinamis dan Permasalahan Tata Letak Fasilitas File → Deadline: -
[2026-08-06 09:50:39]      • [Materi] video literasi : Program Dinamis dan Permasalahan Tata Letak Fasilitas URL → Deadline: -
[2026-08-06 09:50:44]      • [Quiz] Kuis M11 [kelas PAGI]: Program Dinamis dan Permasalahan Tata Letak Fasilitas → Deadline: Tidak diketahui
[2026-08-06 09:50:48]      • [Quiz] Kuis M11 [kelas MALAM]: Program Dinamis dan Permasalahan Tata Letak Fasilitas → Deadline: Tidak diketahui
[2026-08-06 09:50:53]      • [Materi] M12: Algoritma Greedy pada Graf File → Deadline: -
[2026-08-06 09:50:57]      • [Materi] Video literasi M12: Algoritma Greedy pada Graf URL → Deadline: -
[2026-08-06 09:51:02]      • [Quiz] Kuis M12 [kelas PAGI] → Deadline: Tidak diketahui
[2026-08-06 09:51:07]      • [Quiz] Kuis M12 [kelas MALAM] → Deadline: Tidak diketahui
[2026-08-06 09:51:11]      • [Materi] M13 File → Deadline: -
[2026-08-06 09:51:16]      • [Materi] Video Literasi M13 : Graph Theory Implementation in Oil Mining Company URL → Deadline: -
[2026-08-06 09:51:20]      • [Quiz] Kuis M13 [PAGI]: Graph Theory Implementation in Oil Mining Company → Deadline: Tidak diketahui
[2026-08-06 09:51:25]      • [Quiz] Kuis M13 [MALAM]: Graph Theory Implementation in Oil Mining Company → Deadline: Tidak diketahui
[2026-08-06 09:51:29]      • [Materi] M14 : Aplikasi Graf Lengkap sebagai Graf Representasi untuk Model Optimasi Rute Kendaraan File → Deadline: -
[2026-08-06 09:51:34]      • [Materi] Video Literasi : Aplikasi Graf Lengkap sebagai Graf Representasi untuk Model Optimasi Rute Kendaraan URL → Deadline: -
[2026-08-06 09:51:38]      • [Quiz] Kuis M14 [PAGI]: Aplikasi Graf Lengkap sebagai Graf Representasi untuk Model Optimasi Rute Kendaraan → Deadline: Tidak diketahui
[2026-08-06 09:51:43]      • [Quiz] Kuis M14 [MALAM]: Aplikasi Graf Lengkap sebagai Graf Representasi untuk Model Optimasi Rute Kendaraan → Deadline: Tidak diketahui
[2026-08-06 09:51:48] 📚 Mengambil mata kuliah ID 104413 ...
[2026-08-06 09:51:48]   ➤ ATA 2025/2026 | 3-FIKTI | Praktikum Terapan Teori Graf
[2026-08-06 09:51:48]      • [Materi] Panduan Praktikum  Forum → Deadline: -
[2026-08-06 09:51:51]      • [Materi] Panduan Google Collaboratory URL → Deadline: -
[2026-08-06 09:51:55]      • [Materi] Panduan Instalasi Anaconda URL → Deadline: -
[2026-08-06 09:51:59]      • [Quiz] Pre-Test (M1) → Deadline: Tidak diketahui
[2026-08-06 09:52:03]      • [Materi] 1.1  Pengantar: Teori Graf URL → Deadline: -
[2026-08-06 09:52:08]      • [Materi] 1.2  Sesi Hands-on Praktikum URL → Deadline: -
[2026-08-06 09:52:12]      • [Materi] 1.3 Tutorial Menambahkan File pada Mesin DGX URL → Deadline: -
[2026-08-06 09:52:17]      • [Quiz] Post-Test (M1) → Deadline: Tidak diketahui
[2026-08-06 09:52:21]      • [Assignment] Pengumpulan Tugas (M1) → Deadline: Saturday, 7 March 2026, 11:59 PM
[2026-08-06 09:52:26]      • [Quiz] Pre-Test (M2) → Deadline: Tidak diketahui
[2026-08-06 09:52:30]      • [Materi] 2.1  Pengantar: Berbagai Pemecahan Masalah Menggunakan Teori Graf Page → Deadline: -
[2026-08-06 09:52:34]      • [Quiz] Post-Test (M2) → Deadline: Tidak diketahui
[2026-08-06 09:52:39]      • [Assignment] Pengumpulan Tugas (M2) → Deadline: Saturday, 14 March 2026, 11:59 PM
[2026-08-06 09:52:43]      • [Quiz] Pre-Test (M4) → Deadline: Tidak diketahui
[2026-08-06 09:52:47]      • [Materi] 4.1  Pengantar: Breadth First Search URL → Deadline: -
[2026-08-06 09:52:51]      • [Materi] Sesi Praktikum File → Deadline: -
[2026-08-06 09:52:55]      • [Materi] Video Tutorial: Mendownload File IPYNB di Virtual Class URL → Deadline: -
[2026-08-06 09:53:00]      • [Quiz] Post-Test (M4) → Deadline: Tidak diketahui
[2026-08-06 09:53:03]      • [Assignment] Laporan Akhir (M4) → Deadline: Saturday, 11 April 2026, 11:59 PM
[2026-08-06 09:53:08]      • [Quiz] Pre-Test (M5) → Deadline: Tidak diketahui
[2026-08-06 09:53:12]      • [Materi] Sesi Praktikum URL → Deadline: -
[2026-08-06 09:53:16]      • [Quiz] Post-Test (M5) → Deadline: Tidak diketahui
[2026-08-06 09:53:20]      • [Assignment] Laporan Akhir (M5) → Deadline: Saturday, 18 April 2026, 11:59 PM
[2026-08-06 09:53:25]      • [Quiz] Pre-Test (M6) → Deadline: Tidak diketahui
[2026-08-06 09:53:29]      • [Materi] 6.1  Pendahuluan: Algoritma Dasar Tree URL → Deadline: -
[2026-08-06 09:53:34]      • [Materi] Sesi Praktikum File → Deadline: -
[2026-08-06 09:53:39]      • [Quiz] Post-Test (M6) → Deadline: Tidak diketahui
[2026-08-06 09:53:43]      • [Assignment] Laporan Akhir (M6) → Deadline: Saturday, 25 April 2026, 11:59 PM
[2026-08-06 09:53:48]      • [Quiz] Pre-Test (M8) → Deadline: Tidak diketahui
[2026-08-06 09:53:51]      • [Materi] 8.1  Pendahuluan: Implementasi Graph URL → Deadline: -
[2026-08-06 09:53:56]      • [Materi] Link File Praktikum I - family.pl → Deadline: -
[2026-08-06 09:54:01]      • [Materi] Link File Praktikum II - 8-puzzles.ipynb → Deadline: -
[2026-08-06 09:54:05]      • [Materi] Video Tutorial: Mendownload File IPYNB di Virtual Class URL → Deadline: -
[2026-08-06 09:54:09]      • [Quiz] Post-Test (M8) → Deadline: Tidak diketahui
[2026-08-06 09:54:13]      • [Assignment] Laporan Akhir (M8) → Deadline: Saturday, 9 May 2026, 11:59 PM
[2026-08-06 09:54:17]      • [Quiz] Pre-Test (M9) → Deadline: Tidak diketahui
[2026-08-06 09:54:22]      • [Materi] Sesi Hands-on Praktikum URL → Deadline: -
[2026-08-06 09:54:27]      • [Quiz] Post-Test (M9) → Deadline: Tidak diketahui
[2026-08-06 09:54:32]      • [Assignment] Pengumpulan Tugas (M9) → Deadline: Saturday, 16 May 2026, 11:59 PM
[2026-08-06 09:54:36]      • [Quiz] Pre-Test (M3) → Deadline: Tidak diketahui
[2026-08-06 09:54:40]      • [Materi] Sesi Praktikum URL → Deadline: -
[2026-08-06 09:54:45]      • [Materi] Video Tutorial: Menambahkan File pada Mesin DGX URL → Deadline: -
[2026-08-06 09:54:49]      • [Quiz] Post-Test (M3) → Deadline: Tidak diketahui
[2026-08-06 09:54:54]      • [Assignment] Pengumpulan Tugas (M3) → Deadline: Saturday, 23 May 2026, 11:59 PM
[2026-08-06 09:54:58]      • [Quiz] Pre-Test (M7) → Deadline: Tidak diketahui
[2026-08-06 09:55:02]      • [Materi] Link File Praktikum I - 3-Tekrek-Find-Center.ipynb → Deadline: -
[2026-08-06 09:55:07]      • [Materi] Link File Praktikum II - 3-Tekrek-Sortest-Path.ipynb → Deadline: -
[2026-08-06 09:55:11]      • [Materi] Video Tutorial: Mendownload File IPYNB di Virtual Class URL → Deadline: -
[2026-08-06 09:55:14]      • [Quiz] Post-Test (M7) → Deadline: Tidak diketahui
[2026-08-06 09:55:19]      • [Assignment] Laporan Akhir (M7) → Deadline: Saturday, 23 May 2026, 11:59 PM
[2026-08-06 09:55:23] 📦 Total tugas ditemukan: 126
[2026-08-06 09:55:23] 💾 Disimpan ke python/node/tugas.json
[2026-08-06 18:00:23] 🔐 Login ke V-Class...
[2026-08-06 18:00:24] ✅ Login berhasil
[2026-08-06 18:00:24] 📚 Mengambil mata kuliah ID 108486 ...
[2026-08-06 18:00:24]   ➤ ATA 2025/2026 | 3KB01 | Jaringan Komputer Lanjut | VIVIEN NOVA FITHRIANA
[2026-08-06 18:00:24]      • [Materi] Announcements Forum → Deadline: -
[2026-08-06 18:00:28]      • [Materi] M1 File → Deadline: -
[2026-08-06 18:00:33]      • [Materi] M2 File → Deadline: -
[2026-08-06 18:00:37]      • [Materi] M3 File → Deadline: -
[2026-08-06 18:00:42]      • [Materi] M4 File → Deadline: -
[2026-08-06 18:00:46]      • [Materi] M5 File → Deadline: -
[2026-08-06 18:00:49]      • [Materi] M6 File → Deadline: -
[2026-08-06 18:00:53]      • [Materi] M7 File → Deadline: -
[2026-08-06 18:00:57]      • [Materi] VC-1 : Traffic dan Algoritma Kendali Kemacetan File → Deadline: -
[2026-08-06 18:01:01]      • [Materi] VC-1 : Traffic dan Algoritma Kendali Kemacetan File → Deadline: -
[2026-08-06 18:01:05]      • [Materi] Forum VC-1 : Traffic dan Algoritma Kendali Kemacetan → Deadline: -
[2026-08-06 18:01:10]      • [Quiz] Latihan Soal VC-1 : Traffic dan Algoritma Kendali Kemacetan → Deadline: Tidak diketahui
[2026-08-06 18:01:14]      • [Materi] VC-2 : Traffic dan Algoritma Kendali Kemacetan - Bagian 2 File → Deadline: -
[2026-08-06 18:01:17]      • [Materi] Forum VC-2 : Traffic dan Algoritma Kendali Kemacetan - Bagian 2 → Deadline: -
[2026-08-06 18:01:22]      • [Quiz] Latihan Soal VC-2 : Traffic dan Algoritma Kendali Kemacetan - Bagian 2 → Deadline: Tidak diketahui
[2026-08-06 18:01:25]      • [Materi] VC-3 : Lapisan Transport File → Deadline: -
[2026-08-06 18:01:30]      • [Materi] Forum VC-3 : Lapisan Transport → Deadline: -
[2026-08-06 18:01:35]      • [Quiz] Latihan Soal VC-3 : Lapisan Transport → Deadline: Tidak diketahui
[2026-08-06 18:01:39] 📚 Mengambil mata kuliah ID 108172 ...
[2026-08-06 18:01:39]   ➤ ATA 2025/2026 | 3KB01 | Internet of Things (IoT) | PURNAWARMAN MUSA
[2026-08-06 18:01:39]      • [Materi] Announcements Forum → Deadline: -
[2026-08-06 18:01:43]      • [Materi] M6 File → Deadline: -
[2026-08-06 18:01:48]      • [Quiz] Soal (Tugas Individu) → Deadline: Tidak diketahui
[2026-08-06 18:01:52]      • [Quiz] Soal (Tugas Individu) → Deadline: Tidak diketahui
[2026-08-06 18:01:56] 📚 Mengambil mata kuliah ID 109563 ...
[2026-08-06 18:01:56]   ➤ ATA 2025/2026 | 3KB01 | Sistem Tertanam (Embedded) * | RIDHA ISKANDAR
[2026-08-06 18:01:56]      • [Materi] Selamat Datang di V-Class Sistem Tertanam (Embedded) Forum → Deadline: -
[2026-08-06 18:02:00]      • [Assignment] File 1 → Deadline: Sunday, 26 April 2026, 12:00 AM
[2026-08-06 18:02:03] 📚 Mengambil mata kuliah ID 109970 ...
[2026-08-06 18:02:03]   ➤ ATA 2025/2026 | 2EB10 | Bahasa Indonesia | MELANIAWATI
[2026-08-06 18:02:03] 📚 Mengambil mata kuliah ID 107919 ...
[2026-08-06 18:02:04]   ➤ ATA 2025/2026 | 3KB01 | Sistem Cerdas Lanjut | NUR SULTAN SALAHUDDIN
[2026-08-06 18:02:04]      • [Materi] Announcements Forum → Deadline: -
[2026-08-06 18:02:07]      • [Assignment] Sistem Kesehatan Cerdas → Deadline: Thursday, 21 May 2026, 12:00 AM
[2026-08-06 18:02:12]      • [Quiz] Sistem Kesehatan Cerdas → Deadline: Tidak diketahui
[2026-08-06 18:02:16]      • [Assignment] Sistem Industri Cerdas → Deadline: Monday, 20 July 2026, 12:00 AM
[2026-08-06 18:02:21]      • [Quiz] Sistem Industri Cerdas → Deadline: Tidak diketahui
[2026-08-06 18:02:25] 📚 Mengambil mata kuliah ID 107291 ...
[2026-08-06 18:02:25]   ➤ ATA 2025/2026 | 3KB01 | Pengantarmukaan Perif.Komputer * | FARID THALIB
[2026-08-06 18:02:25]      • [Materi] Announcements Forum → Deadline: -
[2026-08-06 18:02:30] 📚 Mengambil mata kuliah ID 104438 ...
[2026-08-06 18:02:30]   ➤ ATA 2025/2026 | 3-FIKTI | Terapan Teori Graf | TEAM TEACHING
[2026-08-06 18:02:30]      • [Materi] PEMBERITAHUAN UTS SUSULAN File → Deadline: -
[2026-08-06 18:02:34]      • [Materi] PEMBERITAHUAN PELAKSANAAN TEAM TEACHING TERAPAN TEORI GRAF Forum → Deadline: -
[2026-08-06 18:02:38]      • [Materi] M1: Pendahuluan Teori Graf File → Deadline: -
[2026-08-06 18:02:42]      • [Materi] Video Literasi M1: Pendahuluan Teori Graf URL → Deadline: -
[2026-08-06 18:02:46]      • [Quiz] Kuis M1 [kelas PAGI] → Deadline: Tidak diketahui
[2026-08-06 18:02:51]      • [Quiz] Kuis M1 [kelas MALAM] → Deadline: Tidak diketahui
[2026-08-06 18:02:55]      • [Materi] M2: Graf Tidak Berarah dan Graf Berbobot File → Deadline: -
[2026-08-06 18:03:00]      • [Materi] Video Literasi M2 : Graf Tidak Berarah dan Graf Berbobot URL → Deadline: -
[2026-08-06 18:03:04]      • [Quiz] Kuis M2 [KELAS PAGI] : Graf Tidak Berarah dan Graf Berbobot → Deadline: Tidak diketahui
[2026-08-06 18:03:09]      • [Quiz] Kuis M2 [KELAS MALAM] : Graf Tidak Berarah dan Graf Berbobot → Deadline: Tidak diketahui
[2026-08-06 18:03:13]      • [Materi] M4 : Aplikasi Teori Graf di Teknik Elektro File → Deadline: -
[2026-08-06 18:03:18]      • [Materi] Video Literasi M4 : Aplikasi Teori Graf di Teknik Elektro URL → Deadline: -
[2026-08-06 18:03:23]      • [Quiz] Kuis M4 [KELAS PAGI]: Aplikasi Teori Graf di Teknik Elektro → Deadline: Tidak diketahui
[2026-08-06 18:03:27]      • [Quiz] Kuis M4 [KELAS MALAM]: Aplikasi Teori Graf di Teknik Elektro → Deadline: Tidak diketahui
[2026-08-06 18:03:31]      • [Materi] M5 : Knowledge Graph dan Database Graph File → Deadline: -
[2026-08-06 18:03:36]      • [Materi] Video Literasi  M5 : Knowledge Graph dan Database Graph URL → Deadline: -
[2026-08-06 18:03:41]      • [Quiz] Kuis M5 [KELAS PAGI] : nowledge Graph dan Database Graph → Deadline: Tidak diketahui
[2026-08-06 18:03:46]      • [Quiz] Kuis M5 [KELAS MALAM] : Knowledge Graph dan Database Graph → Deadline: Tidak diketahui
[2026-08-06 18:03:50]      • [Materi] M6 : Graf Berarah dan Implementasinya File → Deadline: -
[2026-08-06 18:03:54]      • [Materi] Video Literasi M6 : Graf Berarah dan Implementasinya URL → Deadline: -
[2026-08-06 18:03:58]      • [Quiz] Kuis M6 [KELAS PAGI] : Graf Berarah dan Implementasinya → Deadline: Tidak diketahui
[2026-08-06 18:04:03]      • [Quiz] Kuis M6 [KELAS MALAM] : Graf Berarah dan Implementasinya → Deadline: Tidak diketahui
[2026-08-06 18:04:07]      • [Materi] M8 : Penerapan Teori Graf di Bidang Teknik Sipil File → Deadline: -
[2026-08-06 18:04:11]      • [Materi] Video Literasi M8 : Penerapan Teori Graf di Bidang Teknik Sipil URL → Deadline: -
[2026-08-06 18:04:16]      • [Quiz] Kuis M8 [KELAS PAGI] : Penerapan Teori Graf di Bidang Teknik Sipil → Deadline: Tidak diketahui
[2026-08-06 18:04:21]      • [Quiz] Kuis M8 [KELAS MALAM] : Penerapan Teori Graf di Bidang Teknik Sipil → Deadline: Tidak diketahui
[2026-08-06 18:04:25]      • [Materi] M10 : Penerapan Teori Graf  di Bidang Teknik Industri File → Deadline: -
[2026-08-06 18:04:30]      • [Materi] Video Literasi M10 : Penerapan Teori Graf  di Bidang Teknik Industri URL → Deadline: -
[2026-08-06 18:04:35]      • [Quiz] Kuis M10 [kelas pagi] : Penerapan Teori Graf  di Bidang Teknik Industri → Deadline: Tidak diketahui
[2026-08-06 18:04:40]      • [Quiz] Kuis M10 [kelas malam]: Penerapan Teori Graf  di Bidang Teknik Industri → Deadline: Tidak diketahui
[2026-08-06 18:04:44]      • [Materi] M11 : Program Dinamis dan Permasalahan Tata Letak Fasilitas File → Deadline: -
[2026-08-06 18:04:49]      • [Materi] video literasi : Program Dinamis dan Permasalahan Tata Letak Fasilitas URL → Deadline: -
[2026-08-06 18:04:58]      • [Quiz] Kuis M11 [kelas PAGI]: Program Dinamis dan Permasalahan Tata Letak Fasilitas → Deadline: Tidak diketahui
[2026-08-06 18:05:03]      • [Quiz] Kuis M11 [kelas MALAM]: Program Dinamis dan Permasalahan Tata Letak Fasilitas → Deadline: Tidak diketahui
[2026-08-06 18:05:08]      • [Materi] M12: Algoritma Greedy pada Graf File → Deadline: -
[2026-08-06 18:05:12]      • [Materi] Video literasi M12: Algoritma Greedy pada Graf URL → Deadline: -
[2026-08-06 18:05:22]      • [Quiz] Kuis M12 [kelas PAGI] → Deadline: Tidak diketahui
[2026-08-06 18:05:26]      • [Quiz] Kuis M12 [kelas MALAM] → Deadline: Tidak diketahui
[2026-08-06 18:05:29]      • [Materi] M13 File → Deadline: -
[2026-08-06 18:05:34]      • [Materi] Video Literasi M13 : Graph Theory Implementation in Oil Mining Company URL → Deadline: -
[2026-08-06 18:05:39]      • [Quiz] Kuis M13 [PAGI]: Graph Theory Implementation in Oil Mining Company → Deadline: Tidak diketahui
[2026-08-06 18:05:43]      • [Quiz] Kuis M13 [MALAM]: Graph Theory Implementation in Oil Mining Company → Deadline: Tidak diketahui
[2026-08-06 18:05:47]      • [Materi] M14 : Aplikasi Graf Lengkap sebagai Graf Representasi untuk Model Optimasi Rute Kendaraan File → Deadline: -
[2026-08-06 18:05:51]      • [Materi] Video Literasi : Aplikasi Graf Lengkap sebagai Graf Representasi untuk Model Optimasi Rute Kendaraan URL → Deadline: -
[2026-08-06 18:05:56]      • [Quiz] Kuis M14 [PAGI]: Aplikasi Graf Lengkap sebagai Graf Representasi untuk Model Optimasi Rute Kendaraan → Deadline: Tidak diketahui
[2026-08-06 18:06:01]      • [Quiz] Kuis M14 [MALAM]: Aplikasi Graf Lengkap sebagai Graf Representasi untuk Model Optimasi Rute Kendaraan → Deadline: Tidak diketahui
[2026-08-06 18:06:04] 📚 Mengambil mata kuliah ID 104413 ...
[2026-08-06 18:06:04]   ➤ ATA 2025/2026 | 3-FIKTI | Praktikum Terapan Teori Graf
[2026-08-06 18:06:04]      • [Materi] Panduan Praktikum  Forum → Deadline: -
[2026-08-06 18:06:09]      • [Materi] Panduan Google Collaboratory URL → Deadline: -
[2026-08-06 18:06:14]      • [Materi] Panduan Instalasi Anaconda URL → Deadline: -
[2026-08-06 18:06:18]      • [Quiz] Pre-Test (M1) → Deadline: Tidak diketahui
[2026-08-06 18:06:23]      • [Materi] 1.1  Pengantar: Teori Graf URL → Deadline: -
[2026-08-06 18:06:27]      • [Materi] 1.2  Sesi Hands-on Praktikum URL → Deadline: -
[2026-08-06 18:06:31]      • [Materi] 1.3 Tutorial Menambahkan File pada Mesin DGX URL → Deadline: -
[2026-08-06 18:06:36]      • [Quiz] Post-Test (M1) → Deadline: Tidak diketahui
[2026-08-06 18:06:40]      • [Assignment] Pengumpulan Tugas (M1) → Deadline: Saturday, 7 March 2026, 11:59 PM
[2026-08-06 18:06:45]      • [Quiz] Pre-Test (M2) → Deadline: Tidak diketahui
[2026-08-06 18:06:49]      • [Materi] 2.1  Pengantar: Berbagai Pemecahan Masalah Menggunakan Teori Graf Page → Deadline: -
[2026-08-06 18:06:53]      • [Quiz] Post-Test (M2) → Deadline: Tidak diketahui
[2026-08-06 18:06:57]      • [Assignment] Pengumpulan Tugas (M2) → Deadline: Saturday, 14 March 2026, 11:59 PM
[2026-08-06 18:07:02]      • [Quiz] Pre-Test (M4) → Deadline: Tidak diketahui
[2026-08-06 18:07:06]      • [Materi] 4.1  Pengantar: Breadth First Search URL → Deadline: -
[2026-08-06 18:07:10]      • [Materi] Sesi Praktikum File → Deadline: -
[2026-08-06 18:07:14]      • [Materi] Video Tutorial: Mendownload File IPYNB di Virtual Class URL → Deadline: -
[2026-08-06 18:07:34]      • [Quiz] Post-Test (M4) → Deadline: Tidak diketahui
[2026-08-06 18:07:38]      • [Assignment] Laporan Akhir (M4) → Deadline: Saturday, 11 April 2026, 11:59 PM
[2026-08-06 18:07:42]      • [Quiz] Pre-Test (M5) → Deadline: Tidak diketahui
[2026-08-06 18:07:46]      • [Materi] Sesi Praktikum URL → Deadline: -
[2026-08-06 18:07:50]      • [Quiz] Post-Test (M5) → Deadline: Tidak diketahui
[2026-08-06 18:07:54]      • [Assignment] Laporan Akhir (M5) → Deadline: Saturday, 18 April 2026, 11:59 PM
[2026-08-06 18:07:59]      • [Quiz] Pre-Test (M6) → Deadline: Tidak diketahui
[2026-08-06 18:08:04]      • [Materi] 6.1  Pendahuluan: Algoritma Dasar Tree URL → Deadline: -
[2026-08-06 18:08:08]      • [Materi] Sesi Praktikum File → Deadline: -
[2026-08-06 18:08:23]      • [Quiz] Post-Test (M6) → Deadline: Tidak diketahui
[2026-08-06 18:08:27]      • [Assignment] Laporan Akhir (M6) → Deadline: Saturday, 25 April 2026, 11:59 PM
[2026-08-06 18:08:32]      • [Quiz] Pre-Test (M8) → Deadline: Tidak diketahui
[2026-08-06 18:08:36]      • [Materi] 8.1  Pendahuluan: Implementasi Graph URL → Deadline: -
[2026-08-06 18:08:41]      • [Materi] Link File Praktikum I - family.pl → Deadline: -
[2026-08-06 18:08:45]      • [Materi] Link File Praktikum II - 8-puzzles.ipynb → Deadline: -
[2026-08-06 18:08:49]      • [Materi] Video Tutorial: Mendownload File IPYNB di Virtual Class URL → Deadline: -
[2026-08-06 18:08:59]      • [Quiz] Post-Test (M8) → Deadline: Tidak diketahui
[2026-08-06 18:09:02]      • [Assignment] Laporan Akhir (M8) → Deadline: Saturday, 9 May 2026, 11:59 PM
[2026-08-06 18:09:06]      • [Quiz] Pre-Test (M9) → Deadline: Tidak diketahui
[2026-08-06 18:09:11]      • [Materi] Sesi Hands-on Praktikum URL → Deadline: -
[2026-08-06 18:09:14]      • [Quiz] Post-Test (M9) → Deadline: Tidak diketahui
[2026-08-06 18:09:20]      • [Assignment] Pengumpulan Tugas (M9) → Deadline: Saturday, 16 May 2026, 11:59 PM
[2026-08-06 18:09:24]      • [Quiz] Pre-Test (M3) → Deadline: Tidak diketahui
[2026-08-06 18:09:28]      • [Materi] Sesi Praktikum URL → Deadline: -
[2026-08-06 18:09:32]      • [Materi] Video Tutorial: Menambahkan File pada Mesin DGX URL → Deadline: -
[2026-08-06 18:09:36]      • [Quiz] Post-Test (M3) → Deadline: Tidak diketahui
[2026-08-06 18:09:40]      • [Assignment] Pengumpulan Tugas (M3) → Deadline: Saturday, 23 May 2026, 11:59 PM
[2026-08-06 18:09:44]      • [Quiz] Pre-Test (M7) → Deadline: Tidak diketahui
[2026-08-06 18:09:49]      • [Materi] Link File Praktikum I - 3-Tekrek-Find-Center.ipynb → Deadline: -
[2026-08-06 18:09:53]      • [Materi] Link File Praktikum II - 3-Tekrek-Sortest-Path.ipynb → Deadline: -
[2026-08-06 18:09:57]      • [Materi] Video Tutorial: Mendownload File IPYNB di Virtual Class URL → Deadline: -
[2026-08-06 18:10:02]      • [Quiz] Post-Test (M7) → Deadline: Tidak diketahui
[2026-08-06 18:10:06]      • [Assignment] Laporan Akhir (M7) → Deadline: Saturday, 23 May 2026, 11:59 PM
[2026-08-06 18:10:10] 📦 Total tugas ditemukan: 126
[2026-08-06 18:10:10] 💾 Disimpan ke python/node/tugas.json
