[2026-08-13 09:45:51] 🔐 Login ke V-Class...
[2026-08-13 09:45:51] ✅ Login berhasil
[2026-08-13 09:45:51] 📚 Mengambil mata kuliah ID 108486 ...
[2026-08-13 09:45:52]   ➤ ATA 2025/2026 | 3KB01 | Jaringan Komputer Lanjut | VIVIEN NOVA FITHRIANA
[2026-08-13 09:45:52]      • [Materi] Announcements Forum → Deadline: -
[2026-08-13 09:45:56]      • [Materi] M1 File → Deadline: -
[2026-08-13 09:46:01]      • [Materi] M2 File → Deadline: -
[2026-08-13 09:46:05]      • [Materi] M3 File → Deadline: -
[2026-08-13 09:46:10]      • [Materi] M4 File → Deadline: -
[2026-08-13 09:46:14]      • [Materi] M5 File → Deadline: -
[2026-08-13 09:46:18]      • [Materi] M6 File → Deadline: -
[2026-08-13 09:46:22]      • [Materi] M7 File → Deadline: -
[2026-08-13 09:46:27]      • [Materi] VC-1 : Traffic dan Algoritma Kendali Kemacetan File → Deadline: -
[2026-08-13 09:46:32]      • [Materi] VC-1 : Traffic dan Algoritma Kendali Kemacetan File → Deadline: -
[2026-08-13 09:46:37]      • [Materi] Forum VC-1 : Traffic dan Algoritma Kendali Kemacetan → Deadline: -
[2026-08-13 09:46:51]      • [Quiz] Latihan Soal VC-1 : Traffic dan Algoritma Kendali Kemacetan → Deadline: Tidak diketahui
[2026-08-13 09:46:55]      • [Materi] VC-2 : Traffic dan Algoritma Kendali Kemacetan - Bagian 2 File → Deadline: -
[2026-08-13 09:46:59]      • [Materi] Forum VC-2 : Traffic dan Algoritma Kendali Kemacetan - Bagian 2 → Deadline: -
[2026-08-13 09:47:09]      • [Quiz] Latihan Soal VC-2 : Traffic dan Algoritma Kendali Kemacetan - Bagian 2 → Deadline: Tidak diketahui
[2026-08-13 09:47:14]      • [Materi] VC-3 : Lapisan Transport File → Deadline: -
[2026-08-13 09:47:18]      • [Materi] Forum VC-3 : Lapisan Transport → Deadline: -
[2026-08-13 09:47:33]      • [Quiz] Latihan Soal VC-3 : Lapisan Transport → Deadline: Tidak diketahui
[2026-08-13 09:47:37] 📚 Mengambil mata kuliah ID 108172 ...
[2026-08-13 09:47:37]   ➤ ATA 2025/2026 | 3KB01 | Internet of Things (IoT) | PURNAWARMAN MUSA
[2026-08-13 09:47:37]      • [Materi] Announcements Forum → Deadline: -
[2026-08-13 09:47:41]      • [Materi] M6 File → Deadline: -
[2026-08-13 09:47:45]      • [Quiz] Soal (Tugas Individu) → Deadline: Tidak diketahui
[2026-08-13 09:47:50]      • [Quiz] Soal (Tugas Individu) → Deadline: Tidak diketahui
[2026-08-13 09:47:54] 📚 Mengambil mata kuliah ID 109563 ...
[2026-08-13 09:47:54]   ➤ ATA 2025/2026 | 3KB01 | Sistem Tertanam (Embedded) * | RIDHA ISKANDAR
[2026-08-13 09:47:54]      • [Materi] Selamat Datang di V-Class Sistem Tertanam (Embedded) Forum → Deadline: -
[2026-08-13 09:47:59]      • [Assignment] File 1 → Deadline: Sunday, 26 April 2026, 12:00 AM
[2026-08-13 09:48:03] 📚 Mengambil mata kuliah ID 109970 ...
[2026-08-13 09:48:03]   ➤ ATA 2025/2026 | 2EB10 | Bahasa Indonesia | MELANIAWATI
[2026-08-13 09:48:03] 📚 Mengambil mata kuliah ID 107919 ...
[2026-08-13 09:48:03]   ➤ ATA 2025/2026 | 3KB01 | Sistem Cerdas Lanjut | NUR SULTAN SALAHUDDIN
[2026-08-13 09:48:03]      • [Materi] Announcements Forum → Deadline: -
[2026-08-13 09:48:06]      • [Assignment] Sistem Kesehatan Cerdas → Deadline: Thursday, 21 May 2026, 12:00 AM
[2026-08-13 09:48:11]      • [Quiz] Sistem Kesehatan Cerdas → Deadline: Tidak diketahui
[2026-08-13 09:48:16]      • [Assignment] Sistem Industri Cerdas → Deadline: Monday, 20 July 2026, 12:00 AM
[2026-08-13 09:48:21]      • [Quiz] Sistem Industri Cerdas → Deadline: Tidak diketahui
[2026-08-13 09:48:25] 📚 Mengambil mata kuliah ID 107291 ...
[2026-08-13 09:48:25]   ➤ ATA 2025/2026 | 3KB01 | Pengantarmukaan Perif.Komputer * | FARID THALIB
[2026-08-13 09:48:25]      • [Materi] Announcements Forum → Deadline: -
[2026-08-13 09:48:29] 📚 Mengambil mata kuliah ID 104438 ...
[2026-08-13 09:48:29]   ➤ ATA 2025/2026 | 3-FIKTI | Terapan Teori Graf | TEAM TEACHING
[2026-08-13 09:48:29]      • [Materi] PEMBERITAHUAN UTS SUSULAN File → Deadline: -
[2026-08-13 09:48:34]      • [Materi] PEMBERITAHUAN PELAKSANAAN TEAM TEACHING TERAPAN TEORI GRAF Forum → Deadline: -
[2026-08-13 09:48:39]      • [Materi] M1: Pendahuluan Teori Graf File → Deadline: -
[2026-08-13 09:48:44]      • [Materi] Video Literasi M1: Pendahuluan Teori Graf URL → Deadline: -
[2026-08-13 09:48:53]      • [Quiz] Kuis M1 [kelas PAGI] → Deadline: Tidak diketahui
[2026-08-13 09:48:57]      • [Quiz] Kuis M1 [kelas MALAM] → Deadline: Tidak diketahui
[2026-08-13 09:49:01]      • [Materi] M2: Graf Tidak Berarah dan Graf Berbobot File → Deadline: -
[2026-08-13 09:49:05]      • [Materi] Video Literasi M2 : Graf Tidak Berarah dan Graf Berbobot URL → Deadline: -
[2026-08-13 09:49:10]      • [Quiz] Kuis M2 [KELAS PAGI] : Graf Tidak Berarah dan Graf Berbobot → Deadline: Tidak diketahui
[2026-08-13 09:49:15]      • [Quiz] Kuis M2 [KELAS MALAM] : Graf Tidak Berarah dan Graf Berbobot → Deadline: Tidak diketahui
[2026-08-13 09:49:19]      • [Materi] M4 : Aplikasi Teori Graf di Teknik Elektro File → Deadline: -
[2026-08-13 09:49:23]      • [Materi] Video Literasi M4 : Aplikasi Teori Graf di Teknik Elektro URL → Deadline: -
[2026-08-13 09:49:28]      • [Quiz] Kuis M4 [KELAS PAGI]: Aplikasi Teori Graf di Teknik Elektro → Deadline: Tidak diketahui
[2026-08-13 09:49:32]      • [Quiz] Kuis M4 [KELAS MALAM]: Aplikasi Teori Graf di Teknik Elektro → Deadline: Tidak diketahui
[2026-08-13 09:49:37]      • [Materi] M5 : Knowledge Graph dan Database Graph File → Deadline: -
[2026-08-13 09:49:41]      • [Materi] Video Literasi  M5 : Knowledge Graph dan Database Graph URL → Deadline: -
[2026-08-13 09:49:46]      • [Quiz] Kuis M5 [KELAS PAGI] : nowledge Graph dan Database Graph → Deadline: Tidak diketahui
[2026-08-13 09:49:50]      • [Quiz] Kuis M5 [KELAS MALAM] : Knowledge Graph dan Database Graph → Deadline: Tidak diketahui
[2026-08-13 09:49:55]      • [Materi] M6 : Graf Berarah dan Implementasinya File → Deadline: -
[2026-08-13 09:49:59]      • [Materi] Video Literasi M6 : Graf Berarah dan Implementasinya URL → Deadline: -
[2026-08-13 09:50:03]      • [Quiz] Kuis M6 [KELAS PAGI] : Graf Berarah dan Implementasinya → Deadline: Tidak diketahui
[2026-08-13 09:50:07]      • [Quiz] Kuis M6 [KELAS MALAM] : Graf Berarah dan Implementasinya → Deadline: Tidak diketahui
[2026-08-13 09:50:11]      • [Materi] M8 : Penerapan Teori Graf di Bidang Teknik Sipil File → Deadline: -
[2026-08-13 09:50:16]      • [Materi] Video Literasi M8 : Penerapan Teori Graf di Bidang Teknik Sipil URL → Deadline: -
[2026-08-13 09:50:21]      • [Quiz] Kuis M8 [KELAS PAGI] : Penerapan Teori Graf di Bidang Teknik Sipil → Deadline: Tidak diketahui
[2026-08-13 09:50:24]      • [Quiz] Kuis M8 [KELAS MALAM] : Penerapan Teori Graf di Bidang Teknik Sipil → Deadline: Tidak diketahui
[2026-08-13 09:50:28]      • [Materi] M10 : Penerapan Teori Graf  di Bidang Teknik Industri File → Deadline: -
[2026-08-13 09:50:33]      • [Materi] Video Literasi M10 : Penerapan Teori Graf  di Bidang Teknik Industri URL → Deadline: -
[2026-08-13 09:50:42]      • [Quiz] Kuis M10 [kelas pagi] : Penerapan Teori Graf  di Bidang Teknik Industri → Deadline: Tidak diketahui
[2026-08-13 09:50:46]      • [Quiz] Kuis M10 [kelas malam]: Penerapan Teori Graf  di Bidang Teknik Industri → Deadline: Tidak diketahui
[2026-08-13 09:50:51]      • [Materi] M11 : Program Dinamis dan Permasalahan Tata Letak Fasilitas File → Deadline: -
[2026-08-13 09:50:55]      • [Materi] video literasi : Program Dinamis dan Permasalahan Tata Letak Fasilitas URL → Deadline: -
[2026-08-13 09:51:05]      • [Quiz] Kuis M11 [kelas PAGI]: Program Dinamis dan Permasalahan Tata Letak Fasilitas → Deadline: Tidak diketahui
[2026-08-13 09:51:09]      • [Quiz] Kuis M11 [kelas MALAM]: Program Dinamis dan Permasalahan Tata Letak Fasilitas → Deadline: Tidak diketahui
[2026-08-13 09:51:13]      • [Materi] M12: Algoritma Greedy pada Graf File → Deadline: -
[2026-08-13 09:51:17]      • [Materi] Video literasi M12: Algoritma Greedy pada Graf URL → Deadline: -
[2026-08-13 09:51:28]      • [Quiz] Kuis M12 [kelas PAGI] → Deadline: Tidak diketahui
[2026-08-13 09:51:32]      • [Quiz] Kuis M12 [kelas MALAM] → Deadline: Tidak diketahui
[2026-08-13 09:51:36]      • [Materi] M13 File → Deadline: -
[2026-08-13 09:51:41]      • [Materi] Video Literasi M13 : Graph Theory Implementation in Oil Mining Company URL → Deadline: -
[2026-08-13 09:51:46]      • [Quiz] Kuis M13 [PAGI]: Graph Theory Implementation in Oil Mining Company → Deadline: Tidak diketahui
[2026-08-13 09:51:50]      • [Quiz] Kuis M13 [MALAM]: Graph Theory Implementation in Oil Mining Company → Deadline: Tidak diketahui
[2026-08-13 09:51:55]      • [Materi] M14 : Aplikasi Graf Lengkap sebagai Graf Representasi untuk Model Optimasi Rute Kendaraan File → Deadline: -
[2026-08-13 09:51:59]      • [Materi] Video Literasi : Aplikasi Graf Lengkap sebagai Graf Representasi untuk Model Optimasi Rute Kendaraan URL → Deadline: -
[2026-08-13 09:52:09]      • [Quiz] Kuis M14 [PAGI]: Aplikasi Graf Lengkap sebagai Graf Representasi untuk Model Optimasi Rute Kendaraan → Deadline: Tidak diketahui
[2026-08-13 09:52:14]      • [Quiz] Kuis M14 [MALAM]: Aplikasi Graf Lengkap sebagai Graf Representasi untuk Model Optimasi Rute Kendaraan → Deadline: Tidak diketahui
[2026-08-13 09:52:19] 📚 Mengambil mata kuliah ID 104413 ...
[2026-08-13 09:52:19]   ➤ ATA 2025/2026 | 3-FIKTI | Praktikum Terapan Teori Graf
[2026-08-13 09:52:19]      • [Materi] Panduan Praktikum  Forum → Deadline: -
[2026-08-13 09:52:23]      • [Materi] Panduan Google Collaboratory URL → Deadline: -
[2026-08-13 09:52:28]      • [Materi] Panduan Instalasi Anaconda URL → Deadline: -
[2026-08-13 09:52:33]      • [Quiz] Pre-Test (M1) → Deadline: Tidak diketahui
[2026-08-13 09:52:37]      • [Materi] 1.1  Pengantar: Teori Graf URL → Deadline: -
[2026-08-13 09:52:41]      • [Materi] 1.2  Sesi Hands-on Praktikum URL → Deadline: -
[2026-08-13 09:52:45]      • [Materi] 1.3 Tutorial Menambahkan File pada Mesin DGX URL → Deadline: -
[2026-08-13 09:52:54]      • [Quiz] Post-Test (M1) → Deadline: Tidak diketahui
[2026-08-13 09:52:59]      • [Assignment] Pengumpulan Tugas (M1) → Deadline: Saturday, 7 March 2026, 11:59 PM
[2026-08-13 09:53:03]      • [Quiz] Pre-Test (M2) → Deadline: Tidak diketahui
[2026-08-13 09:53:07]      • [Materi] 2.1  Pengantar: Berbagai Pemecahan Masalah Menggunakan Teori Graf Page → Deadline: -
[2026-08-13 09:53:12]      • [Quiz] Post-Test (M2) → Deadline: Tidak diketahui
[2026-08-13 09:53:17]      • [Assignment] Pengumpulan Tugas (M2) → Deadline: Saturday, 14 March 2026, 11:59 PM
[2026-08-13 09:53:21]      • [Quiz] Pre-Test (M4) → Deadline: Tidak diketahui
[2026-08-13 09:53:25]      • [Materi] 4.1  Pengantar: Breadth First Search URL → Deadline: -
[2026-08-13 09:53:29]      • [Materi] Sesi Praktikum File → Deadline: -
[2026-08-13 09:53:33]      • [Materi] Video Tutorial: Mendownload File IPYNB di Virtual Class URL → Deadline: -
[2026-08-13 09:53:53]      • [Quiz] Post-Test (M4) → Deadline: Tidak diketahui
[2026-08-13 09:53:58]      • [Assignment] Laporan Akhir (M4) → Deadline: Saturday, 11 April 2026, 11:59 PM
[2026-08-13 09:54:03]      • [Quiz] Pre-Test (M5) → Deadline: Tidak diketahui
[2026-08-13 09:54:07]      • [Materi] Sesi Praktikum URL → Deadline: -
[2026-08-13 09:54:10]      • [Quiz] Post-Test (M5) → Deadline: Tidak diketahui
[2026-08-13 09:54:15]      • [Assignment] Laporan Akhir (M5) → Deadline: Saturday, 18 April 2026, 11:59 PM
[2026-08-13 09:54:18]      • [Quiz] Pre-Test (M6) → Deadline: Tidak diketahui
[2026-08-13 09:54:23]      • [Materi] 6.1  Pendahuluan: Algoritma Dasar Tree URL → Deadline: -
[2026-08-13 09:54:27]      • [Materi] Sesi Praktikum File → Deadline: -
[2026-08-13 09:54:46]      • [Quiz] Post-Test (M6) → Deadline: Tidak diketahui
[2026-08-13 09:54:50]      • [Assignment] Laporan Akhir (M6) → Deadline: Saturday, 25 April 2026, 11:59 PM
[2026-08-13 09:54:55]      • [Quiz] Pre-Test (M8) → Deadline: Tidak diketahui
[2026-08-13 09:54:59]      • [Materi] 8.1  Pendahuluan: Implementasi Graph URL → Deadline: -
[2026-08-13 09:55:03]      • [Materi] Link File Praktikum I - family.pl → Deadline: -
[2026-08-13 09:55:07]      • [Materi] Link File Praktikum II - 8-puzzles.ipynb → Deadline: -
[2026-08-13 09:55:11]      • [Materi] Video Tutorial: Mendownload File IPYNB di Virtual Class URL → Deadline: -
[2026-08-13 09:55:21]      • [Quiz] Post-Test (M8) → Deadline: Tidak diketahui
[2026-08-13 09:55:25]      • [Assignment] Laporan Akhir (M8) → Deadline: Saturday, 9 May 2026, 11:59 PM
[2026-08-13 09:55:30]      • [Quiz] Pre-Test (M9) → Deadline: Tidak diketahui
[2026-08-13 09:55:34]      • [Materi] Sesi Hands-on Praktikum URL → Deadline: -
[2026-08-13 09:55:38]      • [Quiz] Post-Test (M9) → Deadline: Tidak diketahui
[2026-08-13 09:55:42]      • [Assignment] Pengumpulan Tugas (M9) → Deadline: Saturday, 16 May 2026, 11:59 PM
[2026-08-13 09:55:47]      • [Quiz] Pre-Test (M3) → Deadline: Tidak diketahui
[2026-08-13 09:55:52]      • [Materi] Sesi Praktikum URL → Deadline: -
[2026-08-13 09:55:56]      • [Materi] Video Tutorial: Menambahkan File pada Mesin DGX URL → Deadline: -
[2026-08-13 09:56:00]      • [Quiz] Post-Test (M3) → Deadline: Tidak diketahui
[2026-08-13 09:56:04]      • [Assignment] Pengumpulan Tugas (M3) → Deadline: Saturday, 23 May 2026, 11:59 PM
[2026-08-13 09:56:09]      • [Quiz] Pre-Test (M7) → Deadline: Tidak diketahui
[2026-08-13 09:56:14]      • [Materi] Link File Praktikum I - 3-Tekrek-Find-Center.ipynb → Deadline: -
[2026-08-13 09:56:19]      • [Materi] Link File Praktikum II - 3-Tekrek-Sortest-Path.ipynb → Deadline: -
[2026-08-13 09:56:23]      • [Materi] Video Tutorial: Mendownload File IPYNB di Virtual Class URL → Deadline: -
[2026-08-13 09:56:27]      • [Quiz] Post-Test (M7) → Deadline: Tidak diketahui
[2026-08-13 09:56:33]      • [Assignment] Laporan Akhir (M7) → Deadline: Saturday, 23 May 2026, 11:59 PM
[2026-08-13 09:56:36] 📦 Total tugas ditemukan: 126
[2026-08-13 09:56:36] 💾 Disimpan ke python/node/tugas.json
