[2026-05-15 09:45:14] 🔐 Login ke V-Class...
[2026-05-15 09:45:14] ✅ Login berhasil
[2026-05-15 09:45:14] 📚 Mengambil mata kuliah ID 108486 ...
[2026-05-15 09:45:15]   ➤ ATA 2025/2026 | 3KB01 | Jaringan Komputer Lanjut | VIVIEN NOVA FITHRIANA
[2026-05-15 09:45:15]      • [Materi] Announcements Forum → Deadline: -
[2026-05-15 09:45:19]      • [Materi] M1 File → Deadline: -
[2026-05-15 09:45:24]      • [Materi] M2 File → Deadline: -
[2026-05-15 09:45:29]      • [Materi] M3 File → Deadline: -
[2026-05-15 09:45:34]      • [Materi] M4 File → Deadline: -
[2026-05-15 09:45:38]      • [Materi] M5 File → Deadline: -
[2026-05-15 09:45:43]      • [Materi] M6 File → Deadline: -
[2026-05-15 09:45:47]      • [Materi] M7 File → Deadline: -
[2026-05-15 09:45:51]      • [Materi] VC-1 : Traffic dan Algoritma Kendali Kemacetan File → Deadline: -
[2026-05-15 09:45:56]      • [Materi] VC-1 : Traffic dan Algoritma Kendali Kemacetan File → Deadline: -
[2026-05-15 09:46:00]      • [Materi] Forum VC-1 : Traffic dan Algoritma Kendali Kemacetan → Deadline: -
[2026-05-15 09:46:05]      • [Quiz] Latihan Soal VC-1 : Traffic dan Algoritma Kendali Kemacetan → Deadline: Tidak diketahui
[2026-05-15 09:46:09]      • [Materi] VC-2 : Traffic dan Algoritma Kendali Kemacetan - Bagian 2 File → Deadline: -
[2026-05-15 09:46:13]      • [Materi] Forum VC-2 : Traffic dan Algoritma Kendali Kemacetan - Bagian 2 → Deadline: -
[2026-05-15 09:46:18]      • [Quiz] Latihan Soal VC-2 : Traffic dan Algoritma Kendali Kemacetan - Bagian 2 → Deadline: Monday, 25 May 2026, 11:59 PM
[2026-05-15 09:46:23] 📚 Mengambil mata kuliah ID 108172 ...
[2026-05-15 09:46:23]   ➤ ATA 2025/2026 | 3KB01 | Internet of Things (IoT) | PURNAWARMAN MUSA
[2026-05-15 09:46:23]      • [Materi] Announcements Forum → Deadline: -
[2026-05-15 09:46:27]      • [Materi] M6 File → Deadline: -
[2026-05-15 09:46:32]      • [Quiz] Soal (Tugas Individu) → Deadline: Tidak diketahui
[2026-05-15 09:46:36]      • [Quiz] Soal (Tugas Individu) → Deadline: Tidak diketahui
[2026-05-15 09:46:41] 📚 Mengambil mata kuliah ID 109563 ...
[2026-05-15 09:46:41]   ➤ ATA 2025/2026 | 3KB01 | Sistem Tertanam (Embedded) * | RIDHA ISKANDAR
[2026-05-15 09:46:41]      • [Materi] Selamat Datang di V-Class Sistem Tertanam (Embedded) Forum → Deadline: -
[2026-05-15 09:46:46]      • [Assignment] File 1 → Deadline: Sunday, 26 April 2026, 12:00 AM
[2026-05-15 09:46:50] 📚 Mengambil mata kuliah ID 109970 ...
[2026-05-15 09:46:50]   ➤ ATA 2025/2026 | 2EB10 | Bahasa Indonesia | MELANIAWATI
[2026-05-15 09:46:50] 📚 Mengambil mata kuliah ID 107919 ...
[2026-05-15 09:46:50]   ➤ ATA 2025/2026 | 3KB01 | Sistem Cerdas Lanjut | NUR SULTAN SALAHUDDIN
[2026-05-15 09:46:50]      • [Materi] Announcements Forum → Deadline: -
[2026-05-15 09:46:53] 📚 Mengambil mata kuliah ID 107291 ...
[2026-05-15 09:46:53]   ➤ ATA 2025/2026 | 3KB01 | Pengantarmukaan Perif.Komputer * | FARID THALIB
[2026-05-15 09:46:53]      • [Materi] Announcements Forum → Deadline: -
[2026-05-15 09:46:57] 📚 Mengambil mata kuliah ID 104438 ...
[2026-05-15 09:46:57]   ➤ ATA 2025/2026 | 3-FIKTI | Terapan Teori Graf | TEAM TEACHING
[2026-05-15 09:46:57]      • [Materi] PEMBERITAHUAN PELAKSANAAN TEAM TEACHING TERAPAN TEORI GRAF Forum → Deadline: -
[2026-05-15 09:47:02]      • [Materi] M1: Pendahuluan Teori Graf File → Deadline: -
[2026-05-15 09:47:07]      • [Materi] Video Literasi M1: Pendahuluan Teori Graf URL → Deadline: -
[2026-05-15 09:47:11]      • [Quiz] Kuis M1 [kelas PAGI] → Deadline: Tidak diketahui
[2026-05-15 09:47:16]      • [Quiz] Kuis M1 [kelas MALAM] → Deadline: Tidak diketahui
[2026-05-15 09:47:20]      • [Materi] M2: Graf Tidak Berarah dan Graf Berbobot File → Deadline: -
[2026-05-15 09:47:24]      • [Materi] Video Literasi M2 : Graf Tidak Berarah dan Graf Berbobot URL → Deadline: -
[2026-05-15 09:47:29]      • [Quiz] Kuis M2 [KELAS PAGI] : Graf Tidak Berarah dan Graf Berbobot → Deadline: Tidak diketahui
[2026-05-15 09:47:32]      • [Quiz] Kuis M2 [KELAS MALAM] : Graf Tidak Berarah dan Graf Berbobot → Deadline: Tidak diketahui
[2026-05-15 09:47:37]      • [Materi] M4 : Aplikasi Teori Graf di Teknik Elektro File → Deadline: -
[2026-05-15 09:47:41]      • [Materi] Video Literasi M4 : Aplikasi Teori Graf di Teknik Elektro URL → Deadline: -
[2026-05-15 09:47:46]      • [Quiz] Kuis M4 [KELAS PAGI]: Aplikasi Teori Graf di Teknik Elektro → Deadline: Tidak diketahui
[2026-05-15 09:47:51]      • [Quiz] Kuis M4 [KELAS MALAM]: Aplikasi Teori Graf di Teknik Elektro → Deadline: Tidak diketahui
[2026-05-15 09:47:55]      • [Materi] M5 : Knowledge Graph dan Database Graph File → Deadline: -
[2026-05-15 09:47:59]      • [Materi] Video Literasi  M5 : Knowledge Graph dan Database Graph URL → Deadline: -
[2026-05-15 09:48:03]      • [Quiz] Kuis M5 [KELAS PAGI] : nowledge Graph dan Database Graph → Deadline: Tidak diketahui
[2026-05-15 09:48:07]      • [Quiz] Kuis M5 [KELAS MALAM] : Knowledge Graph dan Database Graph → Deadline: Tidak diketahui
[2026-05-15 09:48:12]      • [Materi] M6 : Graf Berarah dan Implementasinya File → Deadline: -
[2026-05-15 09:48:16]      • [Materi] Video Literasi M6 : Graf Berarah dan Implementasinya URL → Deadline: -
[2026-05-15 09:48:21]      • [Quiz] Kuis M6 [KELAS PAGI] : Graf Berarah dan Implementasinya → Deadline: Tidak diketahui
[2026-05-15 09:48:26]      • [Quiz] Kuis M6 [KELAS MALAM] : Graf Berarah dan Implementasinya → Deadline: Tidak diketahui
[2026-05-15 09:48:30]      • [Materi] M8 : Penerapan Teori Graf di Bidang Teknik Sipil File → Deadline: -
[2026-05-15 09:48:35]      • [Materi] Video Literasi M8 : Penerapan Teori Graf di Bidang Teknik Sipil URL → Deadline: -
[2026-05-15 09:48:40]      • [Quiz] Kuis M8 [KELAS PAGI] : Penerapan Teori Graf di Bidang Teknik Sipil → Deadline: Tidak diketahui
[2026-05-15 09:48:44]      • [Quiz] Kuis M8 [KELAS MALAM] : Penerapan Teori Graf di Bidang Teknik Sipil → Deadline: Tidak diketahui
[2026-05-15 09:48:48] 📚 Mengambil mata kuliah ID 104413 ...
[2026-05-15 09:48:48]   ➤ ATA 2025/2026 | 3-FIKTI | Praktikum Terapan Teori Graf
[2026-05-15 09:48:48]      • [Materi] Panduan Praktikum  Forum → Deadline: -
[2026-05-15 09:48:52]      • [Materi] Panduan Google Collaboratory URL → Deadline: -
[2026-05-15 09:48:56]      • [Materi] Panduan Instalasi Anaconda URL → Deadline: -
[2026-05-15 09:49:01]      • [Quiz] Pre-Test (M1) → Deadline: Tidak diketahui
[2026-05-15 09:49:05]      • [Materi] 1.1  Pengantar: Teori Graf URL → Deadline: -
[2026-05-15 09:49:09]      • [Materi] 1.2  Sesi Hands-on Praktikum URL → Deadline: -
[2026-05-15 09:49:14]      • [Materi] 1.3 Tutorial Menambahkan File pada Mesin DGX URL → Deadline: -
[2026-05-15 09:49:19]      • [Quiz] Post-Test (M1) → Deadline: Tidak diketahui
[2026-05-15 09:49:23]      • [Assignment] Pengumpulan Tugas (M1) → Deadline: Saturday, 7 March 2026, 11:59 PM
[2026-05-15 09:49:27]      • [Quiz] Pre-Test (M2) → Deadline: Tidak diketahui
[2026-05-15 09:49:30]      • [Materi] 2.1  Pengantar: Berbagai Pemecahan Masalah Menggunakan Teori Graf Page → Deadline: -
[2026-05-15 09:49:34]      • [Quiz] Post-Test (M2) → Deadline: Tidak diketahui
[2026-05-15 09:49:38]      • [Assignment] Pengumpulan Tugas (M2) → Deadline: Saturday, 14 March 2026, 11:59 PM
[2026-05-15 09:49:42]      • [Quiz] Pre-Test (M4) → Deadline: Tidak diketahui
[2026-05-15 09:49:45]      • [Materi] 4.1  Pengantar: Breadth First Search URL → Deadline: -
[2026-05-15 09:49:50]      • [Materi] Sesi Praktikum File → Deadline: -
[2026-05-15 09:49:54]      • [Materi] Video Tutorial: Mendownload File IPYNB di Virtual Class URL → Deadline: -
[2026-05-15 09:49:58]      • [Quiz] Post-Test (M4) → Deadline: Tidak diketahui
[2026-05-15 09:50:03]      • [Assignment] Laporan Akhir (M4) → Deadline: Saturday, 11 April 2026, 11:59 PM
[2026-05-15 09:50:08]      • [Quiz] Pre-Test (M5) → Deadline: Tidak diketahui
[2026-05-15 09:50:13]      • [Materi] Sesi Praktikum URL → Deadline: -
[2026-05-15 09:50:17]      • [Quiz] Post-Test (M5) → Deadline: Tidak diketahui
[2026-05-15 09:50:21]      • [Assignment] Laporan Akhir (M5) → Deadline: Saturday, 18 April 2026, 11:59 PM
[2026-05-15 09:50:26]      • [Quiz] Pre-Test (M6) → Deadline: Tidak diketahui
[2026-05-15 09:50:30]      • [Materi] 6.1  Pendahuluan: Algoritma Dasar Tree URL → Deadline: -
[2026-05-15 09:50:34]      • [Materi] Sesi Praktikum File → Deadline: -
[2026-05-15 09:50:39]      • [Quiz] Post-Test (M6) → Deadline: Tidak diketahui
[2026-05-15 09:50:43]      • [Assignment] Laporan Akhir (M6) → Deadline: Saturday, 25 April 2026, 11:59 PM
[2026-05-15 09:50:48]      • [Quiz] Pre-Test (M8) → Deadline: Tidak diketahui
[2026-05-15 09:50:53]      • [Materi] 8.1  Pendahuluan: Implementasi Graph URL → Deadline: -
[2026-05-15 09:50:57]      • [Materi] Link File Praktikum I - family.pl → Deadline: -
[2026-05-15 09:51:02]      • [Materi] Link File Praktikum II - 8-puzzles.ipynb → Deadline: -
[2026-05-15 09:51:07]      • [Materi] Video Tutorial: Mendownload File IPYNB di Virtual Class URL → Deadline: -
[2026-05-15 09:51:10]      • [Quiz] Post-Test (M8) → Deadline: Tidak diketahui
[2026-05-15 09:51:15]      • [Assignment] Laporan Akhir (M8) → Deadline: Saturday, 9 May 2026, 11:59 PM
[2026-05-15 09:51:19]      • [Quiz] Pre-Test (M9) → Deadline: Saturday, 16 May 2026, 11:59 PM
[2026-05-15 09:51:23]      • [Materi] Sesi Hands-on Praktikum URL → Deadline: -
[2026-05-15 09:51:27]      • [Quiz] Post-Test (M9) → Deadline: Saturday, 16 May 2026, 11:59 PM
[2026-05-15 09:51:31]      • [Assignment] Pengumpulan Tugas (M9) → Deadline: Saturday, 16 May 2026, 11:59 PM
[2026-05-15 09:51:36] 📦 Total tugas ditemukan: 87
[2026-05-15 09:51:36] 💾 Disimpan ke python/node/tugas.json
[2026-05-15 18:00:36] 🔐 Login ke V-Class...
[2026-05-15 18:00:36] ❌ Login gagal: HTTPSConnectionPool(host='v-class.gunadarma.ac.id', port=443): Max retries exceeded with url: /login/index.php (Caused by NewConnectionError("HTTPSConnection(host='v-class.gunadarma.ac.id', port=443): Failed to establish a new connection: [Errno 111] Connection refused"))
