[2026-05-12 09:45:56] 🔐 Login ke V-Class...
[2026-05-12 09:45:57] ✅ Login berhasil
[2026-05-12 09:45:57] 📚 Mengambil mata kuliah ID 108486 ...
[2026-05-12 09:45:57]   ➤ ATA 2025/2026 | 3KB01 | Jaringan Komputer Lanjut | VIVIEN NOVA FITHRIANA
[2026-05-12 09:45:57]      • [Materi] Announcements Forum → Deadline: -
[2026-05-12 09:46:01]      • [Materi] M1 File → Deadline: -
[2026-05-12 09:46:05]      • [Materi] M2 File → Deadline: -
[2026-05-12 09:46:09]      • [Materi] M3 File → Deadline: -
[2026-05-12 09:46:13]      • [Materi] M4 File → Deadline: -
[2026-05-12 09:46:18]      • [Materi] M5 File → Deadline: -
[2026-05-12 09:46:23]      • [Materi] M6 File → Deadline: -
[2026-05-12 09:46:27]      • [Materi] M7 File → Deadline: -
[2026-05-12 09:46:31]      • [Materi] VC-1 : Traffic dan Algoritma Kendali Kemacetan File → Deadline: -
[2026-05-12 09:46:36]      • [Materi] VC-1 : Traffic dan Algoritma Kendali Kemacetan File → Deadline: -
[2026-05-12 09:46:39]      • [Materi] Forum VC-1 : Traffic dan Algoritma Kendali Kemacetan → Deadline: -
[2026-05-12 09:46:44]      • [Quiz] Latihan Soal VC-1 : Traffic dan Algoritma Kendali Kemacetan → Deadline: Tidak diketahui
[2026-05-12 09:46:47] 📚 Mengambil mata kuliah ID 108172 ...
[2026-05-12 09:46:47]   ➤ ATA 2025/2026 | 3KB01 | Internet of Things (IoT) | PURNAWARMAN MUSA
[2026-05-12 09:46:47]      • [Materi] Announcements Forum → Deadline: -
[2026-05-12 09:46:51]      • [Materi] M6 File → Deadline: -
[2026-05-12 09:46:55]      • [Quiz] Soal (Tugas Individu) → Deadline: Tidak diketahui
[2026-05-12 09:46:59]      • [Quiz] Soal (Tugas Individu) → Deadline: Tidak diketahui
[2026-05-12 09:47:04] 📚 Mengambil mata kuliah ID 109563 ...
[2026-05-12 09:47:04]   ➤ ATA 2025/2026 | 3KB01 | Sistem Tertanam (Embedded) * | RIDHA ISKANDAR
[2026-05-12 09:47:04]      • [Materi] Selamat Datang di V-Class Sistem Tertanam (Embedded) Forum → Deadline: -
[2026-05-12 09:47:09]      • [Assignment] File 1 → Deadline: Sunday, 26 April 2026, 12:00 AM
[2026-05-12 09:47:13] 📚 Mengambil mata kuliah ID 109970 ...
[2026-05-12 09:47:13]   ➤ ATA 2025/2026 | 2EB10 | Bahasa Indonesia | MELANIAWATI
[2026-05-12 09:47:13] 📚 Mengambil mata kuliah ID 107919 ...
[2026-05-12 09:47:13]   ➤ ATA 2025/2026 | 3KB01 | Sistem Cerdas Lanjut | NUR SULTAN SALAHUDDIN
[2026-05-12 09:47:13]      • [Materi] Announcements Forum → Deadline: -
[2026-05-12 09:47:18] 📚 Mengambil mata kuliah ID 107291 ...
[2026-05-12 09:47:18]   ➤ ATA 2025/2026 | 3KB01 | Pengantarmukaan Perif.Komputer * | FARID THALIB
[2026-05-12 09:47:18]      • [Materi] Announcements Forum → Deadline: -
[2026-05-12 09:47:23] 📚 Mengambil mata kuliah ID 104438 ...
[2026-05-12 09:47:23]   ➤ ATA 2025/2026 | 3-FIKTI | Terapan Teori Graf | TEAM TEACHING
[2026-05-12 09:47:23]      • [Materi] PEMBERITAHUAN PELAKSANAAN TEAM TEACHING TERAPAN TEORI GRAF Forum → Deadline: -
[2026-05-12 09:47:27]      • [Materi] M1: Pendahuluan Teori Graf File → Deadline: -
[2026-05-12 09:47:31]      • [Materi] Video Literasi M1: Pendahuluan Teori Graf URL → Deadline: -
[2026-05-12 09:47:35]      • [Quiz] Kuis M1 [kelas PAGI] → Deadline: Tidak diketahui
[2026-05-12 09:47:39]      • [Quiz] Kuis M1 [kelas MALAM] → Deadline: Tidak diketahui
[2026-05-12 09:47:44]      • [Materi] M2: Graf Tidak Berarah dan Graf Berbobot File → Deadline: -
[2026-05-12 09:47:49]      • [Materi] Video Literasi M2 : Graf Tidak Berarah dan Graf Berbobot URL → Deadline: -
[2026-05-12 09:47:53]      • [Quiz] Kuis M2 [KELAS PAGI] : Graf Tidak Berarah dan Graf Berbobot → Deadline: Tidak diketahui
[2026-05-12 09:47:58]      • [Quiz] Kuis M2 [KELAS MALAM] : Graf Tidak Berarah dan Graf Berbobot → Deadline: Tidak diketahui
[2026-05-12 09:48:02]      • [Materi] M4 : Aplikasi Teori Graf di Teknik Elektro File → Deadline: -
[2026-05-12 09:48:06]      • [Materi] Video Literasi M4 : Aplikasi Teori Graf di Teknik Elektro URL → Deadline: -
[2026-05-12 09:48:15]      • [Quiz] Kuis M4 [KELAS PAGI]: Aplikasi Teori Graf di Teknik Elektro → Deadline: Tidak diketahui
[2026-05-12 09:48:20]      • [Quiz] Kuis M4 [KELAS MALAM]: Aplikasi Teori Graf di Teknik Elektro → Deadline: Tidak diketahui
[2026-05-12 09:48:25]      • [Materi] M5 : Knowledge Graph dan Database Graph File → Deadline: -
[2026-05-12 09:48:28]      • [Materi] Video Literasi  M5 : Knowledge Graph dan Database Graph URL → Deadline: -
[2026-05-12 09:48:32]      • [Quiz] Kuis M5 [KELAS PAGI] : nowledge Graph dan Database Graph → Deadline: Tidak diketahui
[2026-05-12 09:48:36]      • [Quiz] Kuis M5 [KELAS MALAM] : Knowledge Graph dan Database Graph → Deadline: Tidak diketahui
[2026-05-12 09:48:40]      • [Materi] M6 : Graf Berarah dan Implementasinya File → Deadline: -
[2026-05-12 09:48:45]      • [Materi] Video Literasi M6 : Graf Berarah dan Implementasinya URL → Deadline: -
[2026-05-12 09:48:49]      • [Quiz] Kuis M6 [KELAS PAGI] : Graf Berarah dan Implementasinya → Deadline: Tidak diketahui
[2026-05-12 09:48:53]      • [Quiz] Kuis M6 [KELAS MALAM] : Graf Berarah dan Implementasinya → Deadline: Tidak diketahui
[2026-05-12 09:48:58]      • [Materi] M8 : Penerapan Teori Graf di Bidang Teknik Sipil File → Deadline: -
[2026-05-12 09:49:02]      • [Materi] Video Literasi M8 : Penerapan Teori Graf di Bidang Teknik Sipil URL → Deadline: -
[2026-05-12 09:49:06]      • [Quiz] Kuis M8 [KELAS PAGI] : Penerapan Teori Graf di Bidang Teknik Sipil → Deadline: Tidak diketahui
[2026-05-12 09:49:11]      • [Quiz] Kuis M8 [KELAS MALAM] : Penerapan Teori Graf di Bidang Teknik Sipil → Deadline: Tidak diketahui
[2026-05-12 09:49:15] 📚 Mengambil mata kuliah ID 104413 ...
[2026-05-12 09:49:15]   ➤ ATA 2025/2026 | 3-FIKTI | Praktikum Terapan Teori Graf
[2026-05-12 09:49:15]      • [Materi] Panduan Praktikum  Forum → Deadline: -
[2026-05-12 09:49:19]      • [Materi] Panduan Google Collaboratory URL → Deadline: -
[2026-05-12 09:49:23]      • [Materi] Panduan Instalasi Anaconda URL → Deadline: -
[2026-05-12 09:49:28]      • [Quiz] Pre-Test (M1) → Deadline: Tidak diketahui
[2026-05-12 09:49:33]      • [Materi] 1.1  Pengantar: Teori Graf URL → Deadline: -
[2026-05-12 09:49:37]      • [Materi] 1.2  Sesi Hands-on Praktikum URL → Deadline: -
[2026-05-12 09:49:42]      • [Materi] 1.3 Tutorial Menambahkan File pada Mesin DGX URL → Deadline: -
[2026-05-12 09:49:46]      • [Quiz] Post-Test (M1) → Deadline: Tidak diketahui
[2026-05-12 09:49:51]      • [Assignment] Pengumpulan Tugas (M1) → Deadline: Saturday, 7 March 2026, 11:59 PM
[2026-05-12 09:49:56]      • [Quiz] Pre-Test (M2) → Deadline: Tidak diketahui
[2026-05-12 09:50:00]      • [Materi] 2.1  Pengantar: Berbagai Pemecahan Masalah Menggunakan Teori Graf Page → Deadline: -
[2026-05-12 09:50:05]      • [Quiz] Post-Test (M2) → Deadline: Tidak diketahui
[2026-05-12 09:50:10]      • [Assignment] Pengumpulan Tugas (M2) → Deadline: Saturday, 14 March 2026, 11:59 PM
[2026-05-12 09:50:14]      • [Quiz] Pre-Test (M4) → Deadline: Tidak diketahui
[2026-05-12 09:50:18]      • [Materi] 4.1  Pengantar: Breadth First Search URL → Deadline: -
[2026-05-12 09:50:22]      • [Materi] Sesi Praktikum File → Deadline: -
[2026-05-12 09:50:26]      • [Materi] Video Tutorial: Mendownload File IPYNB di Virtual Class URL → Deadline: -
[2026-05-12 09:50:30]      • [Quiz] Post-Test (M4) → Deadline: Tidak diketahui
[2026-05-12 09:50:34]      • [Assignment] Laporan Akhir (M4) → Deadline: Saturday, 11 April 2026, 11:59 PM
[2026-05-12 09:50:39]      • [Quiz] Pre-Test (M5) → Deadline: Tidak diketahui
[2026-05-12 09:50:43]      • [Materi] Sesi Praktikum URL → Deadline: -
[2026-05-12 09:50:47]      • [Quiz] Post-Test (M5) → Deadline: Tidak diketahui
[2026-05-12 09:50:51]      • [Assignment] Laporan Akhir (M5) → Deadline: Saturday, 18 April 2026, 11:59 PM
[2026-05-12 09:50:55]      • [Quiz] Pre-Test (M6) → Deadline: Tidak diketahui
[2026-05-12 09:50:59]      • [Materi] 6.1  Pendahuluan: Algoritma Dasar Tree URL → Deadline: -
[2026-05-12 09:51:03]      • [Materi] Sesi Praktikum File → Deadline: -
[2026-05-12 09:51:09]      • [Quiz] Post-Test (M6) → Deadline: Tidak diketahui
[2026-05-12 09:51:13]      • [Assignment] Laporan Akhir (M6) → Deadline: Saturday, 25 April 2026, 11:59 PM
[2026-05-12 09:51:17]      • [Quiz] Pre-Test (M8) → Deadline: Tidak diketahui
[2026-05-12 09:51:22]      • [Materi] 8.1  Pendahuluan: Implementasi Graph URL → Deadline: -
[2026-05-12 09:51:26]      • [Materi] Link File Praktikum I - family.pl → Deadline: -
[2026-05-12 09:51:31]      • [Materi] Link File Praktikum II - 8-puzzles.ipynb → Deadline: -
[2026-05-12 09:51:34]      • [Materi] Video Tutorial: Mendownload File IPYNB di Virtual Class URL → Deadline: -
[2026-05-12 09:51:39]      • [Quiz] Post-Test (M8) → Deadline: Tidak diketahui
[2026-05-12 09:51:44]      • [Assignment] Laporan Akhir (M8) → Deadline: Saturday, 9 May 2026, 11:59 PM
[2026-05-12 09:51:49]      • [Quiz] Pre-Test (M9) → Deadline: Saturday, 16 May 2026, 11:59 PM
[2026-05-12 09:51:53]      • [Materi] Sesi Hands-on Praktikum URL → Deadline: -
[2026-05-12 09:51:58]      • [Quiz] Post-Test (M9) → Deadline: Saturday, 16 May 2026, 11:59 PM
[2026-05-12 09:52:03]      • [Assignment] Pengumpulan Tugas (M9) → Deadline: Saturday, 16 May 2026, 11:59 PM
[2026-05-12 09:52:07] 📦 Total tugas ditemukan: 84
[2026-05-12 09:52:07] 💾 Disimpan ke python/node/tugas.json
[2026-05-12 18:00:07] 🔐 Login ke V-Class...
[2026-05-12 18:00:08] ✅ Login berhasil
[2026-05-12 18:00:08] 📚 Mengambil mata kuliah ID 108486 ...
[2026-05-12 18:00:08]   ➤ ATA 2025/2026 | 3KB01 | Jaringan Komputer Lanjut | VIVIEN NOVA FITHRIANA
[2026-05-12 18:00:08]      • [Materi] Announcements Forum → Deadline: -
[2026-05-12 18:00:12]      • [Materi] M1 File → Deadline: -
[2026-05-12 18:00:17]      • [Materi] M2 File → Deadline: -
[2026-05-12 18:00:21]      • [Materi] M3 File → Deadline: -
[2026-05-12 18:00:26]      • [Materi] M4 File → Deadline: -
[2026-05-12 18:00:30]      • [Materi] M5 File → Deadline: -
[2026-05-12 18:00:33]      • [Materi] M6 File → Deadline: -
[2026-05-12 18:00:37]      • [Materi] M7 File → Deadline: -
[2026-05-12 18:00:42]      • [Materi] VC-1 : Traffic dan Algoritma Kendali Kemacetan File → Deadline: -
[2026-05-12 18:00:45]      • [Materi] VC-1 : Traffic dan Algoritma Kendali Kemacetan File → Deadline: -
[2026-05-12 18:00:50]      • [Materi] Forum VC-1 : Traffic dan Algoritma Kendali Kemacetan → Deadline: -
[2026-05-12 18:00:54]      • [Quiz] Latihan Soal VC-1 : Traffic dan Algoritma Kendali Kemacetan → Deadline: Tidak diketahui
[2026-05-12 18:00:59] 📚 Mengambil mata kuliah ID 108172 ...
[2026-05-12 18:00:59]   ➤ ATA 2025/2026 | 3KB01 | Internet of Things (IoT) | PURNAWARMAN MUSA
[2026-05-12 18:00:59]      • [Materi] Announcements Forum → Deadline: -
[2026-05-12 18:01:03]      • [Materi] M6 File → Deadline: -
[2026-05-12 18:01:07]      • [Quiz] Soal (Tugas Individu) → Deadline: Tidak diketahui
[2026-05-12 18:01:12]      • [Quiz] Soal (Tugas Individu) → Deadline: Tidak diketahui
[2026-05-12 18:01:16] 📚 Mengambil mata kuliah ID 109563 ...
[2026-05-12 18:01:16]   ➤ ATA 2025/2026 | 3KB01 | Sistem Tertanam (Embedded) * | RIDHA ISKANDAR
[2026-05-12 18:01:16]      • [Materi] Selamat Datang di V-Class Sistem Tertanam (Embedded) Forum → Deadline: -
[2026-05-12 18:01:20]      • [Assignment] File 1 → Deadline: Sunday, 26 April 2026, 12:00 AM
[2026-05-12 18:01:25] 📚 Mengambil mata kuliah ID 109970 ...
[2026-05-12 18:01:25]   ➤ ATA 2025/2026 | 2EB10 | Bahasa Indonesia | MELANIAWATI
[2026-05-12 18:01:25] 📚 Mengambil mata kuliah ID 107919 ...
[2026-05-12 18:01:25]   ➤ ATA 2025/2026 | 3KB01 | Sistem Cerdas Lanjut | NUR SULTAN SALAHUDDIN
[2026-05-12 18:01:25]      • [Materi] Announcements Forum → Deadline: -
[2026-05-12 18:01:29] 📚 Mengambil mata kuliah ID 107291 ...
[2026-05-12 18:01:29]   ➤ ATA 2025/2026 | 3KB01 | Pengantarmukaan Perif.Komputer * | FARID THALIB
[2026-05-12 18:01:29]      • [Materi] Announcements Forum → Deadline: -
[2026-05-12 18:01:33] 📚 Mengambil mata kuliah ID 104438 ...
[2026-05-12 18:01:33]   ➤ ATA 2025/2026 | 3-FIKTI | Terapan Teori Graf | TEAM TEACHING
[2026-05-12 18:01:33]      • [Materi] PEMBERITAHUAN PELAKSANAAN TEAM TEACHING TERAPAN TEORI GRAF Forum → Deadline: -
[2026-05-12 18:01:37]      • [Materi] M1: Pendahuluan Teori Graf File → Deadline: -
[2026-05-12 18:01:41]      • [Materi] Video Literasi M1: Pendahuluan Teori Graf URL → Deadline: -
[2026-05-12 18:01:44]      • [Quiz] Kuis M1 [kelas PAGI] → Deadline: Tidak diketahui
[2026-05-12 18:01:49]      • [Quiz] Kuis M1 [kelas MALAM] → Deadline: Tidak diketahui
[2026-05-12 18:01:53]      • [Materi] M2: Graf Tidak Berarah dan Graf Berbobot File → Deadline: -
[2026-05-12 18:01:57]      • [Materi] Video Literasi M2 : Graf Tidak Berarah dan Graf Berbobot URL → Deadline: -
[2026-05-12 18:02:02]      • [Quiz] Kuis M2 [KELAS PAGI] : Graf Tidak Berarah dan Graf Berbobot → Deadline: Tidak diketahui
[2026-05-12 18:02:07]      • [Quiz] Kuis M2 [KELAS MALAM] : Graf Tidak Berarah dan Graf Berbobot → Deadline: Tidak diketahui
[2026-05-12 18:02:10]      • [Materi] M4 : Aplikasi Teori Graf di Teknik Elektro File → Deadline: -
[2026-05-12 18:02:15]      • [Materi] Video Literasi M4 : Aplikasi Teori Graf di Teknik Elektro URL → Deadline: -
[2026-05-12 18:02:19]      • [Quiz] Kuis M4 [KELAS PAGI]: Aplikasi Teori Graf di Teknik Elektro → Deadline: Tidak diketahui
[2026-05-12 18:02:23]      • [Quiz] Kuis M4 [KELAS MALAM]: Aplikasi Teori Graf di Teknik Elektro → Deadline: Tidak diketahui
[2026-05-12 18:02:28]      • [Materi] M5 : Knowledge Graph dan Database Graph File → Deadline: -
[2026-05-12 18:02:33]      • [Materi] Video Literasi  M5 : Knowledge Graph dan Database Graph URL → Deadline: -
[2026-05-12 18:02:38]      • [Quiz] Kuis M5 [KELAS PAGI] : nowledge Graph dan Database Graph → Deadline: Tidak diketahui
[2026-05-12 18:02:42]      • [Quiz] Kuis M5 [KELAS MALAM] : Knowledge Graph dan Database Graph → Deadline: Tidak diketahui
[2026-05-12 18:02:45]      • [Materi] M6 : Graf Berarah dan Implementasinya File → Deadline: -
[2026-05-12 18:02:49]      • [Materi] Video Literasi M6 : Graf Berarah dan Implementasinya URL → Deadline: -
[2026-05-12 18:02:53]      • [Quiz] Kuis M6 [KELAS PAGI] : Graf Berarah dan Implementasinya → Deadline: Tidak diketahui
[2026-05-12 18:02:57]      • [Quiz] Kuis M6 [KELAS MALAM] : Graf Berarah dan Implementasinya → Deadline: Tidak diketahui
[2026-05-12 18:03:02]      • [Materi] M8 : Penerapan Teori Graf di Bidang Teknik Sipil File → Deadline: -
[2026-05-12 18:03:07]      • [Materi] Video Literasi M8 : Penerapan Teori Graf di Bidang Teknik Sipil URL → Deadline: -
[2026-05-12 18:03:11]      • [Quiz] Kuis M8 [KELAS PAGI] : Penerapan Teori Graf di Bidang Teknik Sipil → Deadline: Tidak diketahui
[2026-05-12 18:03:15]      • [Quiz] Kuis M8 [KELAS MALAM] : Penerapan Teori Graf di Bidang Teknik Sipil → Deadline: Tidak diketahui
[2026-05-12 18:03:19] 📚 Mengambil mata kuliah ID 104413 ...
[2026-05-12 18:03:19]   ➤ ATA 2025/2026 | 3-FIKTI | Praktikum Terapan Teori Graf
[2026-05-12 18:03:19]      • [Materi] Panduan Praktikum  Forum → Deadline: -
[2026-05-12 18:03:23]      • [Materi] Panduan Google Collaboratory URL → Deadline: -
[2026-05-12 18:03:27]      • [Materi] Panduan Instalasi Anaconda URL → Deadline: -
[2026-05-12 18:03:33]      • [Quiz] Pre-Test (M1) → Deadline: Tidak diketahui
[2026-05-12 18:03:37]      • [Materi] 1.1  Pengantar: Teori Graf URL → Deadline: -
[2026-05-12 18:03:41]      • [Materi] 1.2  Sesi Hands-on Praktikum URL → Deadline: -
[2026-05-12 18:03:45]      • [Materi] 1.3 Tutorial Menambahkan File pada Mesin DGX URL → Deadline: -
[2026-05-12 18:03:49]      • [Quiz] Post-Test (M1) → Deadline: Tidak diketahui
[2026-05-12 18:03:54]      • [Assignment] Pengumpulan Tugas (M1) → Deadline: Saturday, 7 March 2026, 11:59 PM
[2026-05-12 18:03:58]      • [Quiz] Pre-Test (M2) → Deadline: Tidak diketahui
[2026-05-12 18:04:03]      • [Materi] 2.1  Pengantar: Berbagai Pemecahan Masalah Menggunakan Teori Graf Page → Deadline: -
[2026-05-12 18:04:08]      • [Quiz] Post-Test (M2) → Deadline: Tidak diketahui
[2026-05-12 18:04:12]      • [Assignment] Pengumpulan Tugas (M2) → Deadline: Saturday, 14 March 2026, 11:59 PM
[2026-05-12 18:04:16]      • [Quiz] Pre-Test (M4) → Deadline: Tidak diketahui
[2026-05-12 18:04:20]      • [Materi] 4.1  Pengantar: Breadth First Search URL → Deadline: -
[2026-05-12 18:04:25]      • [Materi] Sesi Praktikum File → Deadline: -
[2026-05-12 18:04:30]      • [Materi] Video Tutorial: Mendownload File IPYNB di Virtual Class URL → Deadline: -
[2026-05-12 18:04:34]      • [Quiz] Post-Test (M4) → Deadline: Tidak diketahui
[2026-05-12 18:04:39]      • [Assignment] Laporan Akhir (M4) → Deadline: Saturday, 11 April 2026, 11:59 PM
[2026-05-12 18:04:44]      • [Quiz] Pre-Test (M5) → Deadline: Tidak diketahui
[2026-05-12 18:04:49]      • [Materi] Sesi Praktikum URL → Deadline: -
[2026-05-12 18:04:53]      • [Quiz] Post-Test (M5) → Deadline: Tidak diketahui
[2026-05-12 18:04:57]      • [Assignment] Laporan Akhir (M5) → Deadline: Saturday, 18 April 2026, 11:59 PM
[2026-05-12 18:05:02]      • [Quiz] Pre-Test (M6) → Deadline: Tidak diketahui
[2026-05-12 18:05:06]      • [Materi] 6.1  Pendahuluan: Algoritma Dasar Tree URL → Deadline: -
[2026-05-12 18:05:10]      • [Materi] Sesi Praktikum File → Deadline: -
[2026-05-12 18:05:15]      • [Quiz] Post-Test (M6) → Deadline: Tidak diketahui
[2026-05-12 18:05:19]      • [Assignment] Laporan Akhir (M6) → Deadline: Saturday, 25 April 2026, 11:59 PM
[2026-05-12 18:05:24]      • [Quiz] Pre-Test (M8) → Deadline: Tidak diketahui
[2026-05-12 18:05:29]      • [Materi] 8.1  Pendahuluan: Implementasi Graph URL → Deadline: -
[2026-05-12 18:05:33]      • [Materi] Link File Praktikum I - family.pl → Deadline: -
[2026-05-12 18:05:37]      • [Materi] Link File Praktikum II - 8-puzzles.ipynb → Deadline: -
[2026-05-12 18:05:41]      • [Materi] Video Tutorial: Mendownload File IPYNB di Virtual Class URL → Deadline: -
[2026-05-12 18:05:45]      • [Quiz] Post-Test (M8) → Deadline: Tidak diketahui
[2026-05-12 18:05:49]      • [Assignment] Laporan Akhir (M8) → Deadline: Saturday, 9 May 2026, 11:59 PM
[2026-05-12 18:05:54]      • [Quiz] Pre-Test (M9) → Deadline: Saturday, 16 May 2026, 11:59 PM
[2026-05-12 18:05:58]      • [Materi] Sesi Hands-on Praktikum URL → Deadline: -
[2026-05-12 18:06:03]      • [Quiz] Post-Test (M9) → Deadline: Saturday, 16 May 2026, 11:59 PM
[2026-05-12 18:06:08]      • [Assignment] Pengumpulan Tugas (M9) → Deadline: Saturday, 16 May 2026, 11:59 PM
[2026-05-12 18:06:12] 📦 Total tugas ditemukan: 84
[2026-05-12 18:06:12] 💾 Disimpan ke python/node/tugas.json
