[2026-06-15 09:45:44] 🔐 Login ke V-Class...
[2026-06-15 09:45:44] ✅ Login berhasil
[2026-06-15 09:45:44] 📚 Mengambil mata kuliah ID 108486 ...
[2026-06-15 09:45:44]   ➤ ATA 2025/2026 | 3KB01 | Jaringan Komputer Lanjut | VIVIEN NOVA FITHRIANA
[2026-06-15 09:45:44]      • [Materi] Announcements Forum → Deadline: -
[2026-06-15 09:45:48]      • [Materi] M1 File → Deadline: -
[2026-06-15 09:45:52]      • [Materi] M2 File → Deadline: -
[2026-06-15 09:45:56]      • [Materi] M3 File → Deadline: -
[2026-06-15 09:46:01]      • [Materi] M4 File → Deadline: -
[2026-06-15 09:46:06]      • [Materi] M5 File → Deadline: -
[2026-06-15 09:46:09]      • [Materi] M6 File → Deadline: -
[2026-06-15 09:46:13]      • [Materi] M7 File → Deadline: -
[2026-06-15 09:46:17]      • [Materi] VC-1 : Traffic dan Algoritma Kendali Kemacetan File → Deadline: -
[2026-06-15 09:46:22]      • [Materi] VC-1 : Traffic dan Algoritma Kendali Kemacetan File → Deadline: -
[2026-06-15 09:46:26]      • [Materi] Forum VC-1 : Traffic dan Algoritma Kendali Kemacetan → Deadline: -
[2026-06-15 09:46:31]      • [Quiz] Latihan Soal VC-1 : Traffic dan Algoritma Kendali Kemacetan → Deadline: Tidak diketahui
[2026-06-15 09:46:36]      • [Materi] VC-2 : Traffic dan Algoritma Kendali Kemacetan - Bagian 2 File → Deadline: -
[2026-06-15 09:46:40]      • [Materi] Forum VC-2 : Traffic dan Algoritma Kendali Kemacetan - Bagian 2 → Deadline: -
[2026-06-15 09:46:45]      • [Quiz] Latihan Soal VC-2 : Traffic dan Algoritma Kendali Kemacetan - Bagian 2 → Deadline: Tidak diketahui
[2026-06-15 09:46:48]      • [Materi] VC-3 : Lapisan Transport File → Deadline: -
[2026-06-15 09:46:53]      • [Materi] Forum VC-3 : Lapisan Transport → Deadline: -
[2026-06-15 09:46:58]      • [Quiz] Latihan Soal VC-3 : Lapisan Transport → Deadline: Wednesday, 15 July 2026, 11:59 PM
[2026-06-15 09:47:02] 📚 Mengambil mata kuliah ID 108172 ...
[2026-06-15 09:47:02]   ➤ ATA 2025/2026 | 3KB01 | Internet of Things (IoT) | PURNAWARMAN MUSA
[2026-06-15 09:47:02]      • [Materi] Announcements Forum → Deadline: -
[2026-06-15 09:47:06]      • [Materi] M6 File → Deadline: -
[2026-06-15 09:47:10]      • [Quiz] Soal (Tugas Individu) → Deadline: Tidak diketahui
[2026-06-15 09:47:14]      • [Quiz] Soal (Tugas Individu) → Deadline: Tidak diketahui
[2026-06-15 09:47:18] 📚 Mengambil mata kuliah ID 109563 ...
[2026-06-15 09:47:19]   ➤ ATA 2025/2026 | 3KB01 | Sistem Tertanam (Embedded) * | RIDHA ISKANDAR
[2026-06-15 09:47:19]      • [Materi] Selamat Datang di V-Class Sistem Tertanam (Embedded) Forum → Deadline: -
[2026-06-15 09:47:23]      • [Assignment] File 1 → Deadline: Sunday, 26 April 2026, 12:00 AM
[2026-06-15 09:47:27] 📚 Mengambil mata kuliah ID 109970 ...
[2026-06-15 09:47:27]   ➤ ATA 2025/2026 | 2EB10 | Bahasa Indonesia | MELANIAWATI
[2026-06-15 09:47:27] 📚 Mengambil mata kuliah ID 107919 ...
[2026-06-15 09:47:27]   ➤ ATA 2025/2026 | 3KB01 | Sistem Cerdas Lanjut | NUR SULTAN SALAHUDDIN
[2026-06-15 09:47:27]      • [Materi] Announcements Forum → Deadline: -
[2026-06-15 09:47:32]      • [Assignment] Sistem Kesehatan Cerdas → Deadline: Thursday, 21 May 2026, 12:00 AM
[2026-06-15 09:47:37]      • [Quiz] Sistem Kesehatan Cerdas → Deadline: Tidak diketahui
[2026-06-15 09:47:41] 📚 Mengambil mata kuliah ID 107291 ...
[2026-06-15 09:47:41]   ➤ ATA 2025/2026 | 3KB01 | Pengantarmukaan Perif.Komputer * | FARID THALIB
[2026-06-15 09:47:41]      • [Materi] Announcements Forum → Deadline: -
[2026-06-15 09:47:45] 📚 Mengambil mata kuliah ID 104438 ...
[2026-06-15 09:47:45]   ➤ ATA 2025/2026 | 3-FIKTI | Terapan Teori Graf | TEAM TEACHING
[2026-06-15 09:47:45]      • [Materi] PEMBERITAHUAN PELAKSANAAN TEAM TEACHING TERAPAN TEORI GRAF Forum → Deadline: -
[2026-06-15 09:47:49]      • [Materi] M1: Pendahuluan Teori Graf File → Deadline: -
[2026-06-15 09:47:54]      • [Materi] Video Literasi M1: Pendahuluan Teori Graf URL → Deadline: -
[2026-06-15 09:47:58]      • [Quiz] Kuis M1 [kelas PAGI] → Deadline: Tidak diketahui
[2026-06-15 09:48:03]      • [Quiz] Kuis M1 [kelas MALAM] → Deadline: Tidak diketahui
[2026-06-15 09:48:07]      • [Materi] M2: Graf Tidak Berarah dan Graf Berbobot File → Deadline: -
[2026-06-15 09:48:11]      • [Materi] Video Literasi M2 : Graf Tidak Berarah dan Graf Berbobot URL → Deadline: -
[2026-06-15 09:48:16]      • [Quiz] Kuis M2 [KELAS PAGI] : Graf Tidak Berarah dan Graf Berbobot → Deadline: Tidak diketahui
[2026-06-15 09:48:20]      • [Quiz] Kuis M2 [KELAS MALAM] : Graf Tidak Berarah dan Graf Berbobot → Deadline: Tidak diketahui
[2026-06-15 09:48:24]      • [Materi] M4 : Aplikasi Teori Graf di Teknik Elektro File → Deadline: -
[2026-06-15 09:48:28]      • [Materi] Video Literasi M4 : Aplikasi Teori Graf di Teknik Elektro URL → Deadline: -
[2026-06-15 09:48:33]      • [Quiz] Kuis M4 [KELAS PAGI]: Aplikasi Teori Graf di Teknik Elektro → Deadline: Tidak diketahui
[2026-06-15 09:48:38]      • [Quiz] Kuis M4 [KELAS MALAM]: Aplikasi Teori Graf di Teknik Elektro → Deadline: Tidak diketahui
[2026-06-15 09:48:42]      • [Materi] M5 : Knowledge Graph dan Database Graph File → Deadline: -
[2026-06-15 09:48:47]      • [Materi] Video Literasi  M5 : Knowledge Graph dan Database Graph URL → Deadline: -
[2026-06-15 09:48:51]      • [Quiz] Kuis M5 [KELAS PAGI] : nowledge Graph dan Database Graph → Deadline: Tidak diketahui
[2026-06-15 09:48:55]      • [Quiz] Kuis M5 [KELAS MALAM] : Knowledge Graph dan Database Graph → Deadline: Tidak diketahui
[2026-06-15 09:48:59]      • [Materi] M6 : Graf Berarah dan Implementasinya File → Deadline: -
[2026-06-15 09:49:03]      • [Materi] Video Literasi M6 : Graf Berarah dan Implementasinya URL → Deadline: -
[2026-06-15 09:49:07]      • [Quiz] Kuis M6 [KELAS PAGI] : Graf Berarah dan Implementasinya → Deadline: Tidak diketahui
[2026-06-15 09:49:12]      • [Quiz] Kuis M6 [KELAS MALAM] : Graf Berarah dan Implementasinya → Deadline: Tidak diketahui
[2026-06-15 09:49:17]      • [Materi] M8 : Penerapan Teori Graf di Bidang Teknik Sipil File → Deadline: -
[2026-06-15 09:49:20]      • [Materi] Video Literasi M8 : Penerapan Teori Graf di Bidang Teknik Sipil URL → Deadline: -
[2026-06-15 09:49:24]      • [Quiz] Kuis M8 [KELAS PAGI] : Penerapan Teori Graf di Bidang Teknik Sipil → Deadline: Tidak diketahui
[2026-06-15 09:49:30]      • [Quiz] Kuis M8 [KELAS MALAM] : Penerapan Teori Graf di Bidang Teknik Sipil → Deadline: Tidak diketahui
[2026-06-15 09:49:34]      • [Materi] M10 : Penerapan Teori Graf  di Bidang Teknik Industri File → Deadline: -
[2026-06-15 09:49:39]      • [Materi] Video Literasi M10 : Penerapan Teori Graf  di Bidang Teknik Industri URL → Deadline: -
[2026-06-15 09:49:43]      • [Quiz] Kuis M10 [kelas pagi] : Penerapan Teori Graf  di Bidang Teknik Industri → Deadline: Tidak diketahui
[2026-06-15 09:49:48]      • [Quiz] Kuis M10 [kelas malam]: Penerapan Teori Graf  di Bidang Teknik Industri → Deadline: Tidak diketahui
[2026-06-15 09:49:52] 📚 Mengambil mata kuliah ID 104413 ...
[2026-06-15 09:49:53]   ➤ ATA 2025/2026 | 3-FIKTI | Praktikum Terapan Teori Graf
[2026-06-15 09:49:53]      • [Materi] Panduan Praktikum  Forum → Deadline: -
[2026-06-15 09:49:57]      • [Materi] Panduan Google Collaboratory URL → Deadline: -
[2026-06-15 09:50:01]      • [Materi] Panduan Instalasi Anaconda URL → Deadline: -
[2026-06-15 09:50:05]      • [Quiz] Pre-Test (M1) → Deadline: Tidak diketahui
[2026-06-15 09:50:09]      • [Materi] 1.1  Pengantar: Teori Graf URL → Deadline: -
[2026-06-15 09:50:14]      • [Materi] 1.2  Sesi Hands-on Praktikum URL → Deadline: -
[2026-06-15 09:50:18]      • [Materi] 1.3 Tutorial Menambahkan File pada Mesin DGX URL → Deadline: -
[2026-06-15 09:50:23]      • [Quiz] Post-Test (M1) → Deadline: Tidak diketahui
[2026-06-15 09:50:27]      • [Assignment] Pengumpulan Tugas (M1) → Deadline: Saturday, 7 March 2026, 11:59 PM
[2026-06-15 09:50:32]      • [Quiz] Pre-Test (M2) → Deadline: Tidak diketahui
[2026-06-15 09:50:35]      • [Materi] 2.1  Pengantar: Berbagai Pemecahan Masalah Menggunakan Teori Graf Page → Deadline: -
[2026-06-15 09:50:40]      • [Quiz] Post-Test (M2) → Deadline: Tidak diketahui
[2026-06-15 09:50:44]      • [Assignment] Pengumpulan Tugas (M2) → Deadline: Saturday, 14 March 2026, 11:59 PM
[2026-06-15 09:50:49]      • [Quiz] Pre-Test (M4) → Deadline: Tidak diketahui
[2026-06-15 09:50:52]      • [Materi] 4.1  Pengantar: Breadth First Search URL → Deadline: -
[2026-06-15 09:50:57]      • [Materi] Sesi Praktikum File → Deadline: -
[2026-06-15 09:51:02]      • [Materi] Video Tutorial: Mendownload File IPYNB di Virtual Class URL → Deadline: -
[2026-06-15 09:51:07]      • [Quiz] Post-Test (M4) → Deadline: Tidak diketahui
[2026-06-15 09:51:12]      • [Assignment] Laporan Akhir (M4) → Deadline: Saturday, 11 April 2026, 11:59 PM
[2026-06-15 09:51:16]      • [Quiz] Pre-Test (M5) → Deadline: Tidak diketahui
[2026-06-15 09:51:21]      • [Materi] Sesi Praktikum URL → Deadline: -
[2026-06-15 09:51:25]      • [Quiz] Post-Test (M5) → Deadline: Tidak diketahui
[2026-06-15 09:51:29]      • [Assignment] Laporan Akhir (M5) → Deadline: Saturday, 18 April 2026, 11:59 PM
[2026-06-15 09:51:33]      • [Quiz] Pre-Test (M6) → Deadline: Tidak diketahui
[2026-06-15 09:51:37]      • [Materi] 6.1  Pendahuluan: Algoritma Dasar Tree URL → Deadline: -
[2026-06-15 09:51:42]      • [Materi] Sesi Praktikum File → Deadline: -
[2026-06-15 09:51:47]      • [Quiz] Post-Test (M6) → Deadline: Tidak diketahui
[2026-06-15 09:51:52]      • [Assignment] Laporan Akhir (M6) → Deadline: Saturday, 25 April 2026, 11:59 PM
[2026-06-15 09:51:56]      • [Quiz] Pre-Test (M8) → Deadline: Tidak diketahui
[2026-06-15 09:52:00]      • [Materi] 8.1  Pendahuluan: Implementasi Graph URL → Deadline: -
[2026-06-15 09:52:03]      • [Materi] Link File Praktikum I - family.pl → Deadline: -
[2026-06-15 09:52:07]      • [Materi] Link File Praktikum II - 8-puzzles.ipynb → Deadline: -
[2026-06-15 09:52:11]      • [Materi] Video Tutorial: Mendownload File IPYNB di Virtual Class URL → Deadline: -
[2026-06-15 09:52:16]      • [Quiz] Post-Test (M8) → Deadline: Tidak diketahui
[2026-06-15 09:52:21]      • [Assignment] Laporan Akhir (M8) → Deadline: Saturday, 9 May 2026, 11:59 PM
[2026-06-15 09:52:25]      • [Quiz] Pre-Test (M9) → Deadline: Tidak diketahui
[2026-06-15 09:52:28]      • [Materi] Sesi Hands-on Praktikum URL → Deadline: -
[2026-06-15 09:52:32]      • [Quiz] Post-Test (M9) → Deadline: Tidak diketahui
[2026-06-15 09:52:37]      • [Assignment] Pengumpulan Tugas (M9) → Deadline: Saturday, 16 May 2026, 11:59 PM
[2026-06-15 09:52:41]      • [Quiz] Pre-Test (M3) → Deadline: Tidak diketahui
[2026-06-15 09:52:44]      • [Materi] Sesi Praktikum URL → Deadline: -
[2026-06-15 09:52:49]      • [Materi] Video Tutorial: Menambahkan File pada Mesin DGX URL → Deadline: -
[2026-06-15 09:52:54]      • [Quiz] Post-Test (M3) → Deadline: Tidak diketahui
[2026-06-15 09:52:58]      • [Assignment] Pengumpulan Tugas (M3) → Deadline: Saturday, 23 May 2026, 11:59 PM
[2026-06-15 09:53:02]      • [Quiz] Pre-Test (M7) → Deadline: Tidak diketahui
[2026-06-15 09:53:06]      • [Materi] Link File Praktikum I - 3-Tekrek-Find-Center.ipynb → Deadline: -
[2026-06-15 09:53:11]      • [Materi] Link File Praktikum II - 3-Tekrek-Sortest-Path.ipynb → Deadline: -
[2026-06-15 09:53:16]      • [Materi] Video Tutorial: Mendownload File IPYNB di Virtual Class URL → Deadline: -
[2026-06-15 09:53:20]      • [Quiz] Post-Test (M7) → Deadline: Tidak diketahui
[2026-06-15 09:53:25]      • [Assignment] Laporan Akhir (M7) → Deadline: Saturday, 23 May 2026, 11:59 PM
[2026-06-15 09:53:28] 📦 Total tugas ditemukan: 107
[2026-06-15 09:53:28] 💾 Disimpan ke python/node/tugas.json
[2026-06-15 18:00:29] 🔐 Login ke V-Class...
[2026-06-15 18:00:29] ✅ Login berhasil
[2026-06-15 18:00:29] 📚 Mengambil mata kuliah ID 108486 ...
[2026-06-15 18:00:29]   ➤ ATA 2025/2026 | 3KB01 | Jaringan Komputer Lanjut | VIVIEN NOVA FITHRIANA
[2026-06-15 18:00:29]      • [Materi] Announcements Forum → Deadline: -
[2026-06-15 18:00:34]      • [Materi] M1 File → Deadline: -
[2026-06-15 18:00:38]      • [Materi] M2 File → Deadline: -
[2026-06-15 18:00:43]      • [Materi] M3 File → Deadline: -
[2026-06-15 18:00:48]      • [Materi] M4 File → Deadline: -
[2026-06-15 18:00:52]      • [Materi] M5 File → Deadline: -
[2026-06-15 18:00:56]      • [Materi] M6 File → Deadline: -
[2026-06-15 18:01:01]      • [Materi] M7 File → Deadline: -
[2026-06-15 18:01:06]      • [Materi] VC-1 : Traffic dan Algoritma Kendali Kemacetan File → Deadline: -
[2026-06-15 18:01:09]      • [Materi] VC-1 : Traffic dan Algoritma Kendali Kemacetan File → Deadline: -
[2026-06-15 18:01:14]      • [Materi] Forum VC-1 : Traffic dan Algoritma Kendali Kemacetan → Deadline: -
[2026-06-15 18:01:18]      • [Quiz] Latihan Soal VC-1 : Traffic dan Algoritma Kendali Kemacetan → Deadline: Tidak diketahui
[2026-06-15 18:01:22]      • [Materi] VC-2 : Traffic dan Algoritma Kendali Kemacetan - Bagian 2 File → Deadline: -
[2026-06-15 18:01:25]      • [Materi] Forum VC-2 : Traffic dan Algoritma Kendali Kemacetan - Bagian 2 → Deadline: -
[2026-06-15 18:01:30]      • [Quiz] Latihan Soal VC-2 : Traffic dan Algoritma Kendali Kemacetan - Bagian 2 → Deadline: Tidak diketahui
[2026-06-15 18:01:34]      • [Materi] VC-3 : Lapisan Transport File → Deadline: -
[2026-06-15 18:01:38]      • [Materi] Forum VC-3 : Lapisan Transport → Deadline: -
[2026-06-15 18:01:43]      • [Quiz] Latihan Soal VC-3 : Lapisan Transport → Deadline: Wednesday, 15 July 2026, 11:59 PM
[2026-06-15 18:01:47] 📚 Mengambil mata kuliah ID 108172 ...
[2026-06-15 18:01:47]   ➤ ATA 2025/2026 | 3KB01 | Internet of Things (IoT) | PURNAWARMAN MUSA
[2026-06-15 18:01:47]      • [Materi] Announcements Forum → Deadline: -
[2026-06-15 18:01:51]      • [Materi] M6 File → Deadline: -
[2026-06-15 18:01:55]      • [Quiz] Soal (Tugas Individu) → Deadline: Tidak diketahui
[2026-06-15 18:02:00]      • [Quiz] Soal (Tugas Individu) → Deadline: Tidak diketahui
[2026-06-15 18:02:04] 📚 Mengambil mata kuliah ID 109563 ...
[2026-06-15 18:02:04]   ➤ ATA 2025/2026 | 3KB01 | Sistem Tertanam (Embedded) * | RIDHA ISKANDAR
[2026-06-15 18:02:04]      • [Materi] Selamat Datang di V-Class Sistem Tertanam (Embedded) Forum → Deadline: -
[2026-06-15 18:02:09]      • [Assignment] File 1 → Deadline: Sunday, 26 April 2026, 12:00 AM
[2026-06-15 18:02:14] 📚 Mengambil mata kuliah ID 109970 ...
[2026-06-15 18:02:14]   ➤ ATA 2025/2026 | 2EB10 | Bahasa Indonesia | MELANIAWATI
[2026-06-15 18:02:14] 📚 Mengambil mata kuliah ID 107919 ...
[2026-06-15 18:02:14]   ➤ ATA 2025/2026 | 3KB01 | Sistem Cerdas Lanjut | NUR SULTAN SALAHUDDIN
[2026-06-15 18:02:14]      • [Materi] Announcements Forum → Deadline: -
[2026-06-15 18:02:18]      • [Assignment] Sistem Kesehatan Cerdas → Deadline: Thursday, 21 May 2026, 12:00 AM
[2026-06-15 18:02:23]      • [Quiz] Sistem Kesehatan Cerdas → Deadline: Tidak diketahui
[2026-06-15 18:02:27] 📚 Mengambil mata kuliah ID 107291 ...
[2026-06-15 18:02:28]   ➤ ATA 2025/2026 | 3KB01 | Pengantarmukaan Perif.Komputer * | FARID THALIB
[2026-06-15 18:02:28]      • [Materi] Announcements Forum → Deadline: -
[2026-06-15 18:02:32] 📚 Mengambil mata kuliah ID 104438 ...
[2026-06-15 18:02:32]   ➤ ATA 2025/2026 | 3-FIKTI | Terapan Teori Graf | TEAM TEACHING
[2026-06-15 18:02:32]      • [Materi] PEMBERITAHUAN UTS SUSULAN File → Deadline: -
[2026-06-15 18:02:36]      • [Materi] PEMBERITAHUAN PELAKSANAAN TEAM TEACHING TERAPAN TEORI GRAF Forum → Deadline: -
[2026-06-15 18:02:40]      • [Materi] M1: Pendahuluan Teori Graf File → Deadline: -
[2026-06-15 18:02:45]      • [Materi] Video Literasi M1: Pendahuluan Teori Graf URL → Deadline: -
[2026-06-15 18:02:50]      • [Quiz] Kuis M1 [kelas PAGI] → Deadline: Tidak diketahui
[2026-06-15 18:02:53]      • [Quiz] Kuis M1 [kelas MALAM] → Deadline: Tidak diketahui
[2026-06-15 18:02:58]      • [Materi] M2: Graf Tidak Berarah dan Graf Berbobot File → Deadline: -
[2026-06-15 18:03:02]      • [Materi] Video Literasi M2 : Graf Tidak Berarah dan Graf Berbobot URL → Deadline: -
[2026-06-15 18:03:06]      • [Quiz] Kuis M2 [KELAS PAGI] : Graf Tidak Berarah dan Graf Berbobot → Deadline: Tidak diketahui
[2026-06-15 18:03:10]      • [Quiz] Kuis M2 [KELAS MALAM] : Graf Tidak Berarah dan Graf Berbobot → Deadline: Tidak diketahui
[2026-06-15 18:03:14]      • [Materi] M4 : Aplikasi Teori Graf di Teknik Elektro File → Deadline: -
[2026-06-15 18:03:19]      • [Materi] Video Literasi M4 : Aplikasi Teori Graf di Teknik Elektro URL → Deadline: -
[2026-06-15 18:03:24]      • [Quiz] Kuis M4 [KELAS PAGI]: Aplikasi Teori Graf di Teknik Elektro → Deadline: Tidak diketahui
[2026-06-15 18:03:28]      • [Quiz] Kuis M4 [KELAS MALAM]: Aplikasi Teori Graf di Teknik Elektro → Deadline: Tidak diketahui
[2026-06-15 18:03:32]      • [Materi] M5 : Knowledge Graph dan Database Graph File → Deadline: -
[2026-06-15 18:03:36]      • [Materi] Video Literasi  M5 : Knowledge Graph dan Database Graph URL → Deadline: -
[2026-06-15 18:03:41]      • [Quiz] Kuis M5 [KELAS PAGI] : nowledge Graph dan Database Graph → Deadline: Tidak diketahui
[2026-06-15 18:03:46]      • [Quiz] Kuis M5 [KELAS MALAM] : Knowledge Graph dan Database Graph → Deadline: Tidak diketahui
[2026-06-15 18:03:50]      • [Materi] M6 : Graf Berarah dan Implementasinya File → Deadline: -
[2026-06-15 18:03:54]      • [Materi] Video Literasi M6 : Graf Berarah dan Implementasinya URL → Deadline: -
[2026-06-15 18:03:58]      • [Quiz] Kuis M6 [KELAS PAGI] : Graf Berarah dan Implementasinya → Deadline: Tidak diketahui
[2026-06-15 18:04:03]      • [Quiz] Kuis M6 [KELAS MALAM] : Graf Berarah dan Implementasinya → Deadline: Tidak diketahui
[2026-06-15 18:04:06]      • [Materi] M8 : Penerapan Teori Graf di Bidang Teknik Sipil File → Deadline: -
[2026-06-15 18:04:11]      • [Materi] Video Literasi M8 : Penerapan Teori Graf di Bidang Teknik Sipil URL → Deadline: -
[2026-06-15 18:04:15]      • [Quiz] Kuis M8 [KELAS PAGI] : Penerapan Teori Graf di Bidang Teknik Sipil → Deadline: Tidak diketahui
[2026-06-15 18:04:19]      • [Quiz] Kuis M8 [KELAS MALAM] : Penerapan Teori Graf di Bidang Teknik Sipil → Deadline: Tidak diketahui
[2026-06-15 18:04:23]      • [Materi] M10 : Penerapan Teori Graf  di Bidang Teknik Industri File → Deadline: -
[2026-06-15 18:04:27]      • [Materi] Video Literasi M10 : Penerapan Teori Graf  di Bidang Teknik Industri URL → Deadline: -
[2026-06-15 18:04:32]      • [Quiz] Kuis M10 [kelas pagi] : Penerapan Teori Graf  di Bidang Teknik Industri → Deadline: Tidak diketahui
[2026-06-15 18:04:36]      • [Quiz] Kuis M10 [kelas malam]: Penerapan Teori Graf  di Bidang Teknik Industri → Deadline: Tidak diketahui
[2026-06-15 18:04:40] 📚 Mengambil mata kuliah ID 104413 ...
[2026-06-15 18:04:40]   ➤ ATA 2025/2026 | 3-FIKTI | Praktikum Terapan Teori Graf
[2026-06-15 18:04:40]      • [Materi] Panduan Praktikum  Forum → Deadline: -
[2026-06-15 18:04:45]      • [Materi] Panduan Google Collaboratory URL → Deadline: -
[2026-06-15 18:04:50]      • [Materi] Panduan Instalasi Anaconda URL → Deadline: -
[2026-06-15 18:04:54]      • [Quiz] Pre-Test (M1) → Deadline: Tidak diketahui
[2026-06-15 18:04:59]      • [Materi] 1.1  Pengantar: Teori Graf URL → Deadline: -
[2026-06-15 18:05:03]      • [Materi] 1.2  Sesi Hands-on Praktikum URL → Deadline: -
[2026-06-15 18:05:08]      • [Materi] 1.3 Tutorial Menambahkan File pada Mesin DGX URL → Deadline: -
[2026-06-15 18:05:13]      • [Quiz] Post-Test (M1) → Deadline: Tidak diketahui
[2026-06-15 18:05:17]      • [Assignment] Pengumpulan Tugas (M1) → Deadline: Saturday, 7 March 2026, 11:59 PM
[2026-06-15 18:05:21]      • [Quiz] Pre-Test (M2) → Deadline: Tidak diketahui
[2026-06-15 18:05:25]      • [Materi] 2.1  Pengantar: Berbagai Pemecahan Masalah Menggunakan Teori Graf Page → Deadline: -
[2026-06-15 18:05:30]      • [Quiz] Post-Test (M2) → Deadline: Tidak diketahui
[2026-06-15 18:05:35]      • [Assignment] Pengumpulan Tugas (M2) → Deadline: Saturday, 14 March 2026, 11:59 PM
[2026-06-15 18:05:39]      • [Quiz] Pre-Test (M4) → Deadline: Tidak diketahui
[2026-06-15 18:05:44]      • [Materi] 4.1  Pengantar: Breadth First Search URL → Deadline: -
[2026-06-15 18:05:47]      • [Materi] Sesi Praktikum File → Deadline: -
[2026-06-15 18:05:51]      • [Materi] Video Tutorial: Mendownload File IPYNB di Virtual Class URL → Deadline: -
[2026-06-15 18:05:56]      • [Quiz] Post-Test (M4) → Deadline: Tidak diketahui
[2026-06-15 18:06:00]      • [Assignment] Laporan Akhir (M4) → Deadline: Saturday, 11 April 2026, 11:59 PM
[2026-06-15 18:06:05]      • [Quiz] Pre-Test (M5) → Deadline: Tidak diketahui
[2026-06-15 18:06:09]      • [Materi] Sesi Praktikum URL → Deadline: -
[2026-06-15 18:06:13]      • [Quiz] Post-Test (M5) → Deadline: Tidak diketahui
[2026-06-15 18:06:18]      • [Assignment] Laporan Akhir (M5) → Deadline: Saturday, 18 April 2026, 11:59 PM
[2026-06-15 18:06:22]      • [Quiz] Pre-Test (M6) → Deadline: Tidak diketahui
[2026-06-15 18:06:26]      • [Materi] 6.1  Pendahuluan: Algoritma Dasar Tree URL → Deadline: -
[2026-06-15 18:06:30]      • [Materi] Sesi Praktikum File → Deadline: -
[2026-06-15 18:06:35]      • [Quiz] Post-Test (M6) → Deadline: Tidak diketahui
[2026-06-15 18:06:38]      • [Assignment] Laporan Akhir (M6) → Deadline: Saturday, 25 April 2026, 11:59 PM
[2026-06-15 18:06:43]      • [Quiz] Pre-Test (M8) → Deadline: Tidak diketahui
[2026-06-15 18:06:47]      • [Materi] 8.1  Pendahuluan: Implementasi Graph URL → Deadline: -
[2026-06-15 18:06:52]      • [Materi] Link File Praktikum I - family.pl → Deadline: -
[2026-06-15 18:06:55]      • [Materi] Link File Praktikum II - 8-puzzles.ipynb → Deadline: -
[2026-06-15 18:06:59]      • [Materi] Video Tutorial: Mendownload File IPYNB di Virtual Class URL → Deadline: -
[2026-06-15 18:07:03]      • [Quiz] Post-Test (M8) → Deadline: Tidak diketahui
[2026-06-15 18:07:08]      • [Assignment] Laporan Akhir (M8) → Deadline: Saturday, 9 May 2026, 11:59 PM
[2026-06-15 18:07:13]      • [Quiz] Pre-Test (M9) → Deadline: Tidak diketahui
[2026-06-15 18:07:17]      • [Materi] Sesi Hands-on Praktikum URL → Deadline: -
[2026-06-15 18:07:21]      • [Quiz] Post-Test (M9) → Deadline: Tidak diketahui
[2026-06-15 18:07:25]      • [Assignment] Pengumpulan Tugas (M9) → Deadline: Saturday, 16 May 2026, 11:59 PM
[2026-06-15 18:07:30]      • [Quiz] Pre-Test (M3) → Deadline: Tidak diketahui
[2026-06-15 18:07:34]      • [Materi] Sesi Praktikum URL → Deadline: -
[2026-06-15 18:07:39]      • [Materi] Video Tutorial: Menambahkan File pada Mesin DGX URL → Deadline: -
[2026-06-15 18:07:44]      • [Quiz] Post-Test (M3) → Deadline: Tidak diketahui
[2026-06-15 18:07:49]      • [Assignment] Pengumpulan Tugas (M3) → Deadline: Saturday, 23 May 2026, 11:59 PM
[2026-06-15 18:07:53]      • [Quiz] Pre-Test (M7) → Deadline: Tidak diketahui
[2026-06-15 18:07:58]      • [Materi] Link File Praktikum I - 3-Tekrek-Find-Center.ipynb → Deadline: -
[2026-06-15 18:08:01]      • [Materi] Link File Praktikum II - 3-Tekrek-Sortest-Path.ipynb → Deadline: -
[2026-06-15 18:08:06]      • [Materi] Video Tutorial: Mendownload File IPYNB di Virtual Class URL → Deadline: -
[2026-06-15 18:08:10]      • [Quiz] Post-Test (M7) → Deadline: Tidak diketahui
[2026-06-15 18:08:14]      • [Assignment] Laporan Akhir (M7) → Deadline: Saturday, 23 May 2026, 11:59 PM
[2026-06-15 18:08:18] 📦 Total tugas ditemukan: 108
[2026-06-15 18:08:18] 💾 Disimpan ke python/node/tugas.json
