[2026-07-31 09:45:39] 🔐 Login ke V-Class...
[2026-07-31 09:45:45] ✅ Login berhasil
[2026-07-31 09:45:45] 📚 Mengambil mata kuliah ID 108486 ...
[2026-07-31 09:45:45]   ➤ ATA 2025/2026 | 3KB01 | Jaringan Komputer Lanjut | VIVIEN NOVA FITHRIANA
[2026-07-31 09:45:45]      • [Materi] Announcements Forum → Deadline: -
[2026-07-31 09:45:50]      • [Materi] M1 File → Deadline: -
[2026-07-31 09:45:54]      • [Materi] M2 File → Deadline: -
[2026-07-31 09:45:58]      • [Materi] M3 File → Deadline: -
[2026-07-31 09:46:02]      • [Materi] M4 File → Deadline: -
[2026-07-31 09:46:06]      • [Materi] M5 File → Deadline: -
[2026-07-31 09:46:10]      • [Materi] M6 File → Deadline: -
[2026-07-31 09:46:15]      • [Materi] M7 File → Deadline: -
[2026-07-31 09:46:19]      • [Materi] VC-1 : Traffic dan Algoritma Kendali Kemacetan File → Deadline: -
[2026-07-31 09:46:24]      • [Materi] VC-1 : Traffic dan Algoritma Kendali Kemacetan File → Deadline: -
[2026-07-31 09:46:28]      • [Materi] Forum VC-1 : Traffic dan Algoritma Kendali Kemacetan → Deadline: -
[2026-07-31 09:46:33]      • [Quiz] Latihan Soal VC-1 : Traffic dan Algoritma Kendali Kemacetan → Deadline: Tidak diketahui
[2026-07-31 09:46:37]      • [Materi] VC-2 : Traffic dan Algoritma Kendali Kemacetan - Bagian 2 File → Deadline: -
[2026-07-31 09:46:41]      • [Materi] Forum VC-2 : Traffic dan Algoritma Kendali Kemacetan - Bagian 2 → Deadline: -
[2026-07-31 09:47:01]      • [Quiz] Latihan Soal VC-2 : Traffic dan Algoritma Kendali Kemacetan - Bagian 2 → Deadline: Tidak diketahui
[2026-07-31 09:47:05]      • [Materi] VC-3 : Lapisan Transport File → Deadline: -
[2026-07-31 09:47:10]      • [Materi] Forum VC-3 : Lapisan Transport → Deadline: -
[2026-07-31 09:47:19]      • [Quiz] Latihan Soal VC-3 : Lapisan Transport → Deadline: Tidak diketahui
[2026-07-31 09:47:23] 📚 Mengambil mata kuliah ID 108172 ...
[2026-07-31 09:47:23]   ➤ ATA 2025/2026 | 3KB01 | Internet of Things (IoT) | PURNAWARMAN MUSA
[2026-07-31 09:47:23]      • [Materi] Announcements Forum → Deadline: -
[2026-07-31 09:47:27]      • [Materi] M6 File → Deadline: -
[2026-07-31 09:47:31]      • [Quiz] Soal (Tugas Individu) → Deadline: Tidak diketahui
[2026-07-31 09:47:36]      • [Quiz] Soal (Tugas Individu) → Deadline: Tidak diketahui
[2026-07-31 09:47:39] 📚 Mengambil mata kuliah ID 109563 ...
[2026-07-31 09:47:39]   ➤ ATA 2025/2026 | 3KB01 | Sistem Tertanam (Embedded) * | RIDHA ISKANDAR
[2026-07-31 09:47:39]      • [Materi] Selamat Datang di V-Class Sistem Tertanam (Embedded) Forum → Deadline: -
[2026-07-31 09:47:43]      • [Assignment] File 1 → Deadline: Sunday, 26 April 2026, 12:00 AM
[2026-07-31 09:47:48] 📚 Mengambil mata kuliah ID 109970 ...
[2026-07-31 09:47:48]   ➤ ATA 2025/2026 | 2EB10 | Bahasa Indonesia | MELANIAWATI
[2026-07-31 09:47:48] 📚 Mengambil mata kuliah ID 107919 ...
[2026-07-31 09:47:48]   ➤ ATA 2025/2026 | 3KB01 | Sistem Cerdas Lanjut | NUR SULTAN SALAHUDDIN
[2026-07-31 09:47:48]      • [Materi] Announcements Forum → Deadline: -
[2026-07-31 09:47:52]      • [Assignment] Sistem Kesehatan Cerdas → Deadline: Thursday, 21 May 2026, 12:00 AM
[2026-07-31 09:47:56]      • [Quiz] Sistem Kesehatan Cerdas → Deadline: Tidak diketahui
[2026-07-31 09:48:01]      • [Assignment] Sistem Industri Cerdas → Deadline: Monday, 20 July 2026, 12:00 AM
[2026-07-31 09:48:05]      • [Quiz] Sistem Industri Cerdas → Deadline: Tidak diketahui
[2026-07-31 09:48:09] 📚 Mengambil mata kuliah ID 107291 ...
[2026-07-31 09:48:09]   ➤ ATA 2025/2026 | 3KB01 | Pengantarmukaan Perif.Komputer * | FARID THALIB
[2026-07-31 09:48:09]      • [Materi] Announcements Forum → Deadline: -
[2026-07-31 09:48:13] 📚 Mengambil mata kuliah ID 104438 ...
[2026-07-31 09:48:13]   ➤ ATA 2025/2026 | 3-FIKTI | Terapan Teori Graf | TEAM TEACHING
[2026-07-31 09:48:13]      • [Materi] PEMBERITAHUAN UTS SUSULAN File → Deadline: -
[2026-07-31 09:48:17]      • [Materi] PEMBERITAHUAN PELAKSANAAN TEAM TEACHING TERAPAN TEORI GRAF Forum → Deadline: -
[2026-07-31 09:48:21]      • [Materi] M1: Pendahuluan Teori Graf File → Deadline: -
[2026-07-31 09:48:26]      • [Materi] Video Literasi M1: Pendahuluan Teori Graf URL → Deadline: -
[2026-07-31 09:48:35]      • [Quiz] Kuis M1 [kelas PAGI] → Deadline: Tidak diketahui
[2026-07-31 09:48:39]      • [Quiz] Kuis M1 [kelas MALAM] → Deadline: Tidak diketahui
[2026-07-31 09:48:42]      • [Materi] M2: Graf Tidak Berarah dan Graf Berbobot File → Deadline: -
[2026-07-31 09:48:46]      • [Materi] Video Literasi M2 : Graf Tidak Berarah dan Graf Berbobot URL → Deadline: -
[2026-07-31 09:48:52]      • [Quiz] Kuis M2 [KELAS PAGI] : Graf Tidak Berarah dan Graf Berbobot → Deadline: Tidak diketahui
[2026-07-31 09:48:56]      • [Quiz] Kuis M2 [KELAS MALAM] : Graf Tidak Berarah dan Graf Berbobot → Deadline: Tidak diketahui
[2026-07-31 09:49:00]      • [Materi] M4 : Aplikasi Teori Graf di Teknik Elektro File → Deadline: -
[2026-07-31 09:49:05]      • [Materi] Video Literasi M4 : Aplikasi Teori Graf di Teknik Elektro URL → Deadline: -
[2026-07-31 09:49:14]      • [Quiz] Kuis M4 [KELAS PAGI]: Aplikasi Teori Graf di Teknik Elektro → Deadline: Tidak diketahui
[2026-07-31 09:49:19]      • [Quiz] Kuis M4 [KELAS MALAM]: Aplikasi Teori Graf di Teknik Elektro → Deadline: Tidak diketahui
[2026-07-31 09:49:23]      • [Materi] M5 : Knowledge Graph dan Database Graph File → Deadline: -
[2026-07-31 09:49:28]      • [Materi] Video Literasi  M5 : Knowledge Graph dan Database Graph URL → Deadline: -
[2026-07-31 09:49:47]      • [Quiz] Kuis M5 [KELAS PAGI] : nowledge Graph dan Database Graph → Deadline: Tidak diketahui
[2026-07-31 09:49:50]      • [Quiz] Kuis M5 [KELAS MALAM] : Knowledge Graph dan Database Graph → Deadline: Tidak diketahui
[2026-07-31 09:49:54]      • [Materi] M6 : Graf Berarah dan Implementasinya File → Deadline: -
[2026-07-31 09:49:58]      • [Materi] Video Literasi M6 : Graf Berarah dan Implementasinya URL → Deadline: -
[2026-07-31 09:50:03]      • [Quiz] Kuis M6 [KELAS PAGI] : Graf Berarah dan Implementasinya → Deadline: Tidak diketahui
[2026-07-31 09:50:07]      • [Quiz] Kuis M6 [KELAS MALAM] : Graf Berarah dan Implementasinya → Deadline: Tidak diketahui
[2026-07-31 09:50:10]      • [Materi] M8 : Penerapan Teori Graf di Bidang Teknik Sipil File → Deadline: -
[2026-07-31 09:50:15]      • [Materi] Video Literasi M8 : Penerapan Teori Graf di Bidang Teknik Sipil URL → Deadline: -
[2026-07-31 09:50:19]      • [Quiz] Kuis M8 [KELAS PAGI] : Penerapan Teori Graf di Bidang Teknik Sipil → Deadline: Tidak diketahui
[2026-07-31 09:50:24]      • [Quiz] Kuis M8 [KELAS MALAM] : Penerapan Teori Graf di Bidang Teknik Sipil → Deadline: Tidak diketahui
[2026-07-31 09:50:28]      • [Materi] M10 : Penerapan Teori Graf  di Bidang Teknik Industri File → Deadline: -
[2026-07-31 09:50:33]      • [Materi] Video Literasi M10 : Penerapan Teori Graf  di Bidang Teknik Industri URL → Deadline: -
[2026-07-31 09:50:41]      • [Quiz] Kuis M10 [kelas pagi] : Penerapan Teori Graf  di Bidang Teknik Industri → Deadline: Tidak diketahui
[2026-07-31 09:50:46]      • [Quiz] Kuis M10 [kelas malam]: Penerapan Teori Graf  di Bidang Teknik Industri → Deadline: Tidak diketahui
[2026-07-31 09:50:51]      • [Materi] M11 : Program Dinamis dan Permasalahan Tata Letak Fasilitas File → Deadline: -
[2026-07-31 09:50:55]      • [Materi] video literasi : Program Dinamis dan Permasalahan Tata Letak Fasilitas URL → Deadline: -
[2026-07-31 09:51:10]      • [Quiz] Kuis M11 [kelas PAGI]: Program Dinamis dan Permasalahan Tata Letak Fasilitas → Deadline: Tidak diketahui
[2026-07-31 09:51:13]      • [Quiz] Kuis M11 [kelas MALAM]: Program Dinamis dan Permasalahan Tata Letak Fasilitas → Deadline: Tidak diketahui
[2026-07-31 09:51:18]      • [Materi] M12: Algoritma Greedy pada Graf File → Deadline: -
[2026-07-31 09:51:22]      • [Materi] Video literasi M12: Algoritma Greedy pada Graf URL → Deadline: -
[2026-07-31 09:51:31]      • [Quiz] Kuis M12 [kelas PAGI] → Deadline: Tidak diketahui
[2026-07-31 09:51:36]      • [Quiz] Kuis M12 [kelas MALAM] → Deadline: Tidak diketahui
[2026-07-31 09:51:40]      • [Materi] M13 File → Deadline: -
[2026-07-31 09:51:44]      • [Materi] Video Literasi M13 : Graph Theory Implementation in Oil Mining Company URL → Deadline: -
[2026-07-31 09:51:49]      • [Quiz] Kuis M13 [PAGI]: Graph Theory Implementation in Oil Mining Company → Deadline: Tidak diketahui
[2026-07-31 09:51:53]      • [Quiz] Kuis M13 [MALAM]: Graph Theory Implementation in Oil Mining Company → Deadline: Tidak diketahui
[2026-07-31 09:51:58]      • [Materi] M14 : Aplikasi Graf Lengkap sebagai Graf Representasi untuk Model Optimasi Rute Kendaraan File → Deadline: -
[2026-07-31 09:52:02]      • [Materi] Video Literasi : Aplikasi Graf Lengkap sebagai Graf Representasi untuk Model Optimasi Rute Kendaraan URL → Deadline: -
[2026-07-31 09:52:06]      • [Quiz] Kuis M14 [PAGI]: Aplikasi Graf Lengkap sebagai Graf Representasi untuk Model Optimasi Rute Kendaraan → Deadline: Tidak diketahui
[2026-07-31 09:52:10]      • [Quiz] Kuis M14 [MALAM]: Aplikasi Graf Lengkap sebagai Graf Representasi untuk Model Optimasi Rute Kendaraan → Deadline: Tidak diketahui
[2026-07-31 09:52:15] 📚 Mengambil mata kuliah ID 104413 ...
[2026-07-31 09:52:15]   ➤ ATA 2025/2026 | 3-FIKTI | Praktikum Terapan Teori Graf
[2026-07-31 09:52:15]      • [Materi] Panduan Praktikum  Forum → Deadline: -
[2026-07-31 09:52:20]      • [Materi] Panduan Google Collaboratory URL → Deadline: -
[2026-07-31 09:52:24]      • [Materi] Panduan Instalasi Anaconda URL → Deadline: -
[2026-07-31 09:52:34]      • [Quiz] Pre-Test (M1) → Deadline: Tidak diketahui
[2026-07-31 09:52:38]      • [Materi] 1.1  Pengantar: Teori Graf URL → Deadline: -
[2026-07-31 09:52:42]      • [Materi] 1.2  Sesi Hands-on Praktikum URL → Deadline: -
[2026-07-31 09:52:47]      • [Materi] 1.3 Tutorial Menambahkan File pada Mesin DGX URL → Deadline: -
[2026-07-31 09:52:51]      • [Quiz] Post-Test (M1) → Deadline: Tidak diketahui
[2026-07-31 09:52:55]      • [Assignment] Pengumpulan Tugas (M1) → Deadline: Saturday, 7 March 2026, 11:59 PM
[2026-07-31 09:53:00]      • [Quiz] Pre-Test (M2) → Deadline: Tidak diketahui
[2026-07-31 09:53:04]      • [Materi] 2.1  Pengantar: Berbagai Pemecahan Masalah Menggunakan Teori Graf Page → Deadline: -
[2026-07-31 09:53:08]      • [Quiz] Post-Test (M2) → Deadline: Tidak diketahui
[2026-07-31 09:53:12]      • [Assignment] Pengumpulan Tugas (M2) → Deadline: Saturday, 14 March 2026, 11:59 PM
[2026-07-31 09:53:16]      • [Quiz] Pre-Test (M4) → Deadline: Tidak diketahui
[2026-07-31 09:53:20]      • [Materi] 4.1  Pengantar: Breadth First Search URL → Deadline: -
[2026-07-31 09:53:24]      • [Materi] Sesi Praktikum File → Deadline: -
[2026-07-31 09:53:28]      • [Materi] Video Tutorial: Mendownload File IPYNB di Virtual Class URL → Deadline: -
[2026-07-31 09:53:33]      • [Quiz] Post-Test (M4) → Deadline: Tidak diketahui
[2026-07-31 09:53:37]      • [Assignment] Laporan Akhir (M4) → Deadline: Saturday, 11 April 2026, 11:59 PM
[2026-07-31 09:53:41]      • [Quiz] Pre-Test (M5) → Deadline: Tidak diketahui
[2026-07-31 09:53:45]      • [Materi] Sesi Praktikum URL → Deadline: -
[2026-07-31 09:53:49]      • [Quiz] Post-Test (M5) → Deadline: Tidak diketahui
[2026-07-31 09:53:53]      • [Assignment] Laporan Akhir (M5) → Deadline: Saturday, 18 April 2026, 11:59 PM
[2026-07-31 09:53:58]      • [Quiz] Pre-Test (M6) → Deadline: Tidak diketahui
[2026-07-31 09:54:03]      • [Materi] 6.1  Pendahuluan: Algoritma Dasar Tree URL → Deadline: -
[2026-07-31 09:54:08]      • [Materi] Sesi Praktikum File → Deadline: -
[2026-07-31 09:54:12]      • [Quiz] Post-Test (M6) → Deadline: Tidak diketahui
[2026-07-31 09:54:17]      • [Assignment] Laporan Akhir (M6) → Deadline: Saturday, 25 April 2026, 11:59 PM
[2026-07-31 09:54:21]      • [Quiz] Pre-Test (M8) → Deadline: Tidak diketahui
[2026-07-31 09:54:25]      • [Materi] 8.1  Pendahuluan: Implementasi Graph URL → Deadline: -
[2026-07-31 09:54:30]      • [Materi] Link File Praktikum I - family.pl → Deadline: -
[2026-07-31 09:54:34]      • [Materi] Link File Praktikum II - 8-puzzles.ipynb → Deadline: -
[2026-07-31 09:54:37]      • [Materi] Video Tutorial: Mendownload File IPYNB di Virtual Class URL → Deadline: -
[2026-07-31 09:54:41]      • [Quiz] Post-Test (M8) → Deadline: Tidak diketahui
[2026-07-31 09:54:45]      • [Assignment] Laporan Akhir (M8) → Deadline: Saturday, 9 May 2026, 11:59 PM
[2026-07-31 09:54:49]      • [Quiz] Pre-Test (M9) → Deadline: Tidak diketahui
[2026-07-31 09:54:54]      • [Materi] Sesi Hands-on Praktikum URL → Deadline: -
[2026-07-31 09:54:58]      • [Quiz] Post-Test (M9) → Deadline: Tidak diketahui
[2026-07-31 09:55:03]      • [Assignment] Pengumpulan Tugas (M9) → Deadline: Saturday, 16 May 2026, 11:59 PM
[2026-07-31 09:55:06]      • [Quiz] Pre-Test (M3) → Deadline: Tidak diketahui
[2026-07-31 09:55:10]      • [Materi] Sesi Praktikum URL → Deadline: -
[2026-07-31 09:55:14]      • [Materi] Video Tutorial: Menambahkan File pada Mesin DGX URL → Deadline: -
[2026-07-31 09:55:18]      • [Quiz] Post-Test (M3) → Deadline: Tidak diketahui
[2026-07-31 09:55:22]      • [Assignment] Pengumpulan Tugas (M3) → Deadline: Saturday, 23 May 2026, 11:59 PM
[2026-07-31 09:55:26]      • [Quiz] Pre-Test (M7) → Deadline: Tidak diketahui
[2026-07-31 09:55:31]      • [Materi] Link File Praktikum I - 3-Tekrek-Find-Center.ipynb → Deadline: -
[2026-07-31 09:55:34]      • [Materi] Link File Praktikum II - 3-Tekrek-Sortest-Path.ipynb → Deadline: -
[2026-07-31 09:55:38]      • [Materi] Video Tutorial: Mendownload File IPYNB di Virtual Class URL → Deadline: -
[2026-07-31 09:55:42]      • [Quiz] Post-Test (M7) → Deadline: Tidak diketahui
[2026-07-31 09:55:46]      • [Assignment] Laporan Akhir (M7) → Deadline: Saturday, 23 May 2026, 11:59 PM
[2026-07-31 09:55:50] 📦 Total tugas ditemukan: 126
[2026-07-31 09:55:50] 💾 Disimpan ke python/node/tugas.json
[2026-07-31 18:00:51] 🔐 Login ke V-Class...
[2026-07-31 18:01:07] ✅ Login berhasil
[2026-07-31 18:01:07] 📚 Mengambil mata kuliah ID 108486 ...
[2026-07-31 18:01:07]   ➤ ATA 2025/2026 | 3KB01 | Jaringan Komputer Lanjut | VIVIEN NOVA FITHRIANA
[2026-07-31 18:01:07]      • [Materi] Announcements Forum → Deadline: -
[2026-07-31 18:01:12]      • [Materi] M1 File → Deadline: -
[2026-07-31 18:01:17]      • [Materi] M2 File → Deadline: -
[2026-07-31 18:01:21]      • [Materi] M3 File → Deadline: -
[2026-07-31 18:01:25]      • [Materi] M4 File → Deadline: -
[2026-07-31 18:01:29]      • [Materi] M5 File → Deadline: -
[2026-07-31 18:01:34]      • [Materi] M6 File → Deadline: -
[2026-07-31 18:01:38]      • [Materi] M7 File → Deadline: -
[2026-07-31 18:01:42]      • [Materi] VC-1 : Traffic dan Algoritma Kendali Kemacetan File → Deadline: -
[2026-07-31 18:01:46]      • [Materi] VC-1 : Traffic dan Algoritma Kendali Kemacetan File → Deadline: -
[2026-07-31 18:01:51]      • [Materi] Forum VC-1 : Traffic dan Algoritma Kendali Kemacetan → Deadline: -
[2026-07-31 18:01:55]      • [Quiz] Latihan Soal VC-1 : Traffic dan Algoritma Kendali Kemacetan → Deadline: Tidak diketahui
[2026-07-31 18:01:59]      • [Materi] VC-2 : Traffic dan Algoritma Kendali Kemacetan - Bagian 2 File → Deadline: -
[2026-07-31 18:02:03]      • [Materi] Forum VC-2 : Traffic dan Algoritma Kendali Kemacetan - Bagian 2 → Deadline: -
[2026-07-31 18:02:08]      • [Quiz] Latihan Soal VC-2 : Traffic dan Algoritma Kendali Kemacetan - Bagian 2 → Deadline: Tidak diketahui
[2026-07-31 18:02:11]      • [Materi] VC-3 : Lapisan Transport File → Deadline: -
[2026-07-31 18:02:16]      • [Materi] Forum VC-3 : Lapisan Transport → Deadline: -
[2026-07-31 18:02:21]      • [Quiz] Latihan Soal VC-3 : Lapisan Transport → Deadline: Tidak diketahui
[2026-07-31 18:02:25] 📚 Mengambil mata kuliah ID 108172 ...
[2026-07-31 18:02:25]   ➤ ATA 2025/2026 | 3KB01 | Internet of Things (IoT) | PURNAWARMAN MUSA
[2026-07-31 18:02:25]      • [Materi] Announcements Forum → Deadline: -
[2026-07-31 18:02:29]      • [Materi] M6 File → Deadline: -
[2026-07-31 18:02:33]      • [Quiz] Soal (Tugas Individu) → Deadline: Tidak diketahui
[2026-07-31 18:02:38]      • [Quiz] Soal (Tugas Individu) → Deadline: Tidak diketahui
[2026-07-31 18:02:42] 📚 Mengambil mata kuliah ID 109563 ...
[2026-07-31 18:02:43]   ➤ ATA 2025/2026 | 3KB01 | Sistem Tertanam (Embedded) * | RIDHA ISKANDAR
[2026-07-31 18:02:43]      • [Materi] Selamat Datang di V-Class Sistem Tertanam (Embedded) Forum → Deadline: -
[2026-07-31 18:02:47]      • [Assignment] File 1 → Deadline: Sunday, 26 April 2026, 12:00 AM
[2026-07-31 18:02:51] 📚 Mengambil mata kuliah ID 109970 ...
[2026-07-31 18:02:51]   ➤ ATA 2025/2026 | 2EB10 | Bahasa Indonesia | MELANIAWATI
[2026-07-31 18:02:51] 📚 Mengambil mata kuliah ID 107919 ...
[2026-07-31 18:02:51]   ➤ ATA 2025/2026 | 3KB01 | Sistem Cerdas Lanjut | NUR SULTAN SALAHUDDIN
[2026-07-31 18:02:51]      • [Materi] Announcements Forum → Deadline: -
[2026-07-31 18:02:56]      • [Assignment] Sistem Kesehatan Cerdas → Deadline: Thursday, 21 May 2026, 12:00 AM
[2026-07-31 18:03:00]      • [Quiz] Sistem Kesehatan Cerdas → Deadline: Tidak diketahui
[2026-07-31 18:03:04]      • [Assignment] Sistem Industri Cerdas → Deadline: Monday, 20 July 2026, 12:00 AM
[2026-07-31 18:03:08]      • [Quiz] Sistem Industri Cerdas → Deadline: Tidak diketahui
[2026-07-31 18:03:13] 📚 Mengambil mata kuliah ID 107291 ...
[2026-07-31 18:03:13]   ➤ ATA 2025/2026 | 3KB01 | Pengantarmukaan Perif.Komputer * | FARID THALIB
[2026-07-31 18:03:13]      • [Materi] Announcements Forum → Deadline: -
[2026-07-31 18:03:17] 📚 Mengambil mata kuliah ID 104438 ...
[2026-07-31 18:03:17]   ➤ ATA 2025/2026 | 3-FIKTI | Terapan Teori Graf | TEAM TEACHING
[2026-07-31 18:03:17]      • [Materi] PEMBERITAHUAN UTS SUSULAN File → Deadline: -
[2026-07-31 18:03:21]      • [Materi] PEMBERITAHUAN PELAKSANAAN TEAM TEACHING TERAPAN TEORI GRAF Forum → Deadline: -
[2026-07-31 18:03:26]      • [Materi] M1: Pendahuluan Teori Graf File → Deadline: -
[2026-07-31 18:03:31]      • [Materi] Video Literasi M1: Pendahuluan Teori Graf URL → Deadline: -
[2026-07-31 18:03:40]      • [Quiz] Kuis M1 [kelas PAGI] → Deadline: Tidak diketahui
[2026-07-31 18:03:46]      • [Quiz] Kuis M1 [kelas MALAM] → Deadline: Tidak diketahui
[2026-07-31 18:03:49]      • [Materi] M2: Graf Tidak Berarah dan Graf Berbobot File → Deadline: -
[2026-07-31 18:03:53]      • [Materi] Video Literasi M2 : Graf Tidak Berarah dan Graf Berbobot URL → Deadline: -
[2026-07-31 18:04:12]      • [Quiz] Kuis M2 [KELAS PAGI] : Graf Tidak Berarah dan Graf Berbobot → Deadline: Tidak diketahui
[2026-07-31 18:04:16]      • [Quiz] Kuis M2 [KELAS MALAM] : Graf Tidak Berarah dan Graf Berbobot → Deadline: Tidak diketahui
[2026-07-31 18:04:20]      • [Materi] M4 : Aplikasi Teori Graf di Teknik Elektro File → Deadline: -
[2026-07-31 18:04:24]      • [Materi] Video Literasi M4 : Aplikasi Teori Graf di Teknik Elektro URL → Deadline: -
[2026-07-31 18:04:39]      • [Quiz] Kuis M4 [KELAS PAGI]: Aplikasi Teori Graf di Teknik Elektro → Deadline: Tidak diketahui
[2026-07-31 18:04:44]      • [Quiz] Kuis M4 [KELAS MALAM]: Aplikasi Teori Graf di Teknik Elektro → Deadline: Tidak diketahui
[2026-07-31 18:04:48]      • [Materi] M5 : Knowledge Graph dan Database Graph File → Deadline: -
[2026-07-31 18:04:53]      • [Materi] Video Literasi  M5 : Knowledge Graph dan Database Graph URL → Deadline: -
[2026-07-31 18:04:58]      • [Quiz] Kuis M5 [KELAS PAGI] : nowledge Graph dan Database Graph → Deadline: Tidak diketahui
[2026-07-31 18:05:03]      • [Quiz] Kuis M5 [KELAS MALAM] : Knowledge Graph dan Database Graph → Deadline: Tidak diketahui
[2026-07-31 18:05:07]      • [Materi] M6 : Graf Berarah dan Implementasinya File → Deadline: -
[2026-07-31 18:05:11]      • [Materi] Video Literasi M6 : Graf Berarah dan Implementasinya URL → Deadline: -
[2026-07-31 18:05:16]      • [Quiz] Kuis M6 [KELAS PAGI] : Graf Berarah dan Implementasinya → Deadline: Tidak diketahui
[2026-07-31 18:05:21]      • [Quiz] Kuis M6 [KELAS MALAM] : Graf Berarah dan Implementasinya → Deadline: Tidak diketahui
[2026-07-31 18:05:26]      • [Materi] M8 : Penerapan Teori Graf di Bidang Teknik Sipil File → Deadline: -
[2026-07-31 18:05:29]      • [Materi] Video Literasi M8 : Penerapan Teori Graf di Bidang Teknik Sipil URL → Deadline: -
[2026-07-31 18:05:48]      • [Quiz] Kuis M8 [KELAS PAGI] : Penerapan Teori Graf di Bidang Teknik Sipil → Deadline: Tidak diketahui
[2026-07-31 18:05:53]      • [Quiz] Kuis M8 [KELAS MALAM] : Penerapan Teori Graf di Bidang Teknik Sipil → Deadline: Tidak diketahui
[2026-07-31 18:05:58]      • [Materi] M10 : Penerapan Teori Graf  di Bidang Teknik Industri File → Deadline: -
[2026-07-31 18:06:02]      • [Materi] Video Literasi M10 : Penerapan Teori Graf  di Bidang Teknik Industri URL → Deadline: -
[2026-07-31 18:06:12]      • [Quiz] Kuis M10 [kelas pagi] : Penerapan Teori Graf  di Bidang Teknik Industri → Deadline: Tidak diketahui
[2026-07-31 18:06:16]      • [Quiz] Kuis M10 [kelas malam]: Penerapan Teori Graf  di Bidang Teknik Industri → Deadline: Tidak diketahui
[2026-07-31 18:06:20]      • [Materi] M11 : Program Dinamis dan Permasalahan Tata Letak Fasilitas File → Deadline: -
[2026-07-31 18:06:25]      • [Materi] video literasi : Program Dinamis dan Permasalahan Tata Letak Fasilitas URL → Deadline: -
[2026-07-31 18:06:34]      • [Quiz] Kuis M11 [kelas PAGI]: Program Dinamis dan Permasalahan Tata Letak Fasilitas → Deadline: Tidak diketahui
[2026-07-31 18:06:37]      • [Quiz] Kuis M11 [kelas MALAM]: Program Dinamis dan Permasalahan Tata Letak Fasilitas → Deadline: Tidak diketahui
[2026-07-31 18:06:41]      • [Materi] M12: Algoritma Greedy pada Graf File → Deadline: -
[2026-07-31 18:06:45]      • [Materi] Video literasi M12: Algoritma Greedy pada Graf URL → Deadline: -
[2026-07-31 18:07:08] ⚠️ Gagal mengambil course ID 104438: HTTPSConnectionPool(host='v-class.gunadarma.ac.id', port=443): Max retries exceeded with url: /mod/quiz/view.php?id=1644539 (Caused by NameResolutionError("HTTPSConnection(host='v-class.gunadarma.ac.id', port=443): Failed to resolve 'v-class.gunadarma.ac.id' ([Errno -2] Name or service not known)"))
[2026-07-31 18:07:08] 📚 Mengambil mata kuliah ID 104413 ...
[2026-07-31 18:07:24]   ➤ ATA 2025/2026 | 3-FIKTI | Praktikum Terapan Teori Graf
[2026-07-31 18:07:24]      • [Materi] Panduan Praktikum  Forum → Deadline: -
[2026-07-31 18:07:27]      • [Materi] Panduan Google Collaboratory URL → Deadline: -
[2026-07-31 18:07:31]      • [Materi] Panduan Instalasi Anaconda URL → Deadline: -
[2026-07-31 18:07:37]      • [Quiz] Pre-Test (M1) → Deadline: Tidak diketahui
[2026-07-31 18:07:41]      • [Materi] 1.1  Pengantar: Teori Graf URL → Deadline: -
[2026-07-31 18:07:45]      • [Materi] 1.2  Sesi Hands-on Praktikum URL → Deadline: -
[2026-07-31 18:07:50]      • [Materi] 1.3 Tutorial Menambahkan File pada Mesin DGX URL → Deadline: -
[2026-07-31 18:07:55]      • [Quiz] Post-Test (M1) → Deadline: Tidak diketahui
[2026-07-31 18:08:00]      • [Assignment] Pengumpulan Tugas (M1) → Deadline: Saturday, 7 March 2026, 11:59 PM
[2026-07-31 18:08:04]      • [Quiz] Pre-Test (M2) → Deadline: Tidak diketahui
[2026-07-31 18:08:08]      • [Materi] 2.1  Pengantar: Berbagai Pemecahan Masalah Menggunakan Teori Graf Page → Deadline: -
[2026-07-31 18:08:13]      • [Quiz] Post-Test (M2) → Deadline: Tidak diketahui
[2026-07-31 18:08:17]      • [Assignment] Pengumpulan Tugas (M2) → Deadline: Saturday, 14 March 2026, 11:59 PM
[2026-07-31 18:08:22]      • [Quiz] Pre-Test (M4) → Deadline: Tidak diketahui
[2026-07-31 18:08:26]      • [Materi] 4.1  Pengantar: Breadth First Search URL → Deadline: -
[2026-07-31 18:08:31]      • [Materi] Sesi Praktikum File → Deadline: -
[2026-07-31 18:08:35]      • [Materi] Video Tutorial: Mendownload File IPYNB di Virtual Class URL → Deadline: -
[2026-07-31 18:08:40]      • [Quiz] Post-Test (M4) → Deadline: Tidak diketahui
[2026-07-31 18:08:44]      • [Assignment] Laporan Akhir (M4) → Deadline: Saturday, 11 April 2026, 11:59 PM
[2026-07-31 18:08:49]      • [Quiz] Pre-Test (M5) → Deadline: Tidak diketahui
[2026-07-31 18:08:53]      • [Materi] Sesi Praktikum URL → Deadline: -
[2026-07-31 18:08:57]      • [Quiz] Post-Test (M5) → Deadline: Tidak diketahui
[2026-07-31 18:09:02]      • [Assignment] Laporan Akhir (M5) → Deadline: Saturday, 18 April 2026, 11:59 PM
[2026-07-31 18:09:07]      • [Quiz] Pre-Test (M6) → Deadline: Tidak diketahui
[2026-07-31 18:09:11]      • [Materi] 6.1  Pendahuluan: Algoritma Dasar Tree URL → Deadline: -
[2026-07-31 18:09:15]      • [Materi] Sesi Praktikum File → Deadline: -
[2026-07-31 18:09:19]      • [Quiz] Post-Test (M6) → Deadline: Tidak diketahui
[2026-07-31 18:09:23]      • [Assignment] Laporan Akhir (M6) → Deadline: Saturday, 25 April 2026, 11:59 PM
[2026-07-31 18:09:28]      • [Quiz] Pre-Test (M8) → Deadline: Tidak diketahui
[2026-07-31 18:09:32]      • [Materi] 8.1  Pendahuluan: Implementasi Graph URL → Deadline: -
[2026-07-31 18:09:36]      • [Materi] Link File Praktikum I - family.pl → Deadline: -
[2026-07-31 18:09:40]      • [Materi] Link File Praktikum II - 8-puzzles.ipynb → Deadline: -
[2026-07-31 18:09:45]      • [Materi] Video Tutorial: Mendownload File IPYNB di Virtual Class URL → Deadline: -
[2026-07-31 18:09:49]      • [Quiz] Post-Test (M8) → Deadline: Tidak diketahui
[2026-07-31 18:09:53]      • [Assignment] Laporan Akhir (M8) → Deadline: Saturday, 9 May 2026, 11:59 PM
[2026-07-31 18:09:57]      • [Quiz] Pre-Test (M9) → Deadline: Tidak diketahui
[2026-07-31 18:10:00]      • [Materi] Sesi Hands-on Praktikum URL → Deadline: -
[2026-07-31 18:10:05]      • [Quiz] Post-Test (M9) → Deadline: Tidak diketahui
[2026-07-31 18:10:09]      • [Assignment] Pengumpulan Tugas (M9) → Deadline: Saturday, 16 May 2026, 11:59 PM
[2026-07-31 18:10:13]      • [Quiz] Pre-Test (M3) → Deadline: Tidak diketahui
[2026-07-31 18:10:18]      • [Materi] Sesi Praktikum URL → Deadline: -
[2026-07-31 18:10:22]      • [Materi] Video Tutorial: Menambahkan File pada Mesin DGX URL → Deadline: -
[2026-07-31 18:10:32]      • [Quiz] Post-Test (M3) → Deadline: Tidak diketahui
[2026-07-31 18:10:37]      • [Assignment] Pengumpulan Tugas (M3) → Deadline: Saturday, 23 May 2026, 11:59 PM
[2026-07-31 18:10:41]      • [Quiz] Pre-Test (M7) → Deadline: Tidak diketahui
[2026-07-31 18:10:45]      • [Materi] Link File Praktikum I - 3-Tekrek-Find-Center.ipynb → Deadline: -
[2026-07-31 18:10:50]      • [Materi] Link File Praktikum II - 3-Tekrek-Sortest-Path.ipynb → Deadline: -
[2026-07-31 18:10:54]      • [Materi] Video Tutorial: Mendownload File IPYNB di Virtual Class URL → Deadline: -
[2026-07-31 18:10:58]      • [Quiz] Post-Test (M7) → Deadline: Tidak diketahui
[2026-07-31 18:11:03]      • [Assignment] Laporan Akhir (M7) → Deadline: Saturday, 23 May 2026, 11:59 PM
[2026-07-31 18:11:07] 📦 Total tugas ditemukan: 116
[2026-07-31 18:11:07] 💾 Disimpan ke python/node/tugas.json
