[2026-07-23 09:45:56] 🔐 Login ke V-Class...
[2026-07-23 09:45:56] ✅ Login berhasil
[2026-07-23 09:45:56] 📚 Mengambil mata kuliah ID 108486 ...
[2026-07-23 09:45:57]   ➤ ATA 2025/2026 | 3KB01 | Jaringan Komputer Lanjut | VIVIEN NOVA FITHRIANA
[2026-07-23 09:45:57]      • [Materi] Announcements Forum → Deadline: -
[2026-07-23 09:46:00]      • [Materi] M1 File → Deadline: -
[2026-07-23 09:46:05]      • [Materi] M2 File → Deadline: -
[2026-07-23 09:46:10]      • [Materi] M3 File → Deadline: -
[2026-07-23 09:46:14]      • [Materi] M4 File → Deadline: -
[2026-07-23 09:46:18]      • [Materi] M5 File → Deadline: -
[2026-07-23 09:46:22]      • [Materi] M6 File → Deadline: -
[2026-07-23 09:46:26]      • [Materi] M7 File → Deadline: -
[2026-07-23 09:46:30]      • [Materi] VC-1 : Traffic dan Algoritma Kendali Kemacetan File → Deadline: -
[2026-07-23 09:46:33]      • [Materi] VC-1 : Traffic dan Algoritma Kendali Kemacetan File → Deadline: -
[2026-07-23 09:46:38]      • [Materi] Forum VC-1 : Traffic dan Algoritma Kendali Kemacetan → Deadline: -
[2026-07-23 09:46:42]      • [Quiz] Latihan Soal VC-1 : Traffic dan Algoritma Kendali Kemacetan → Deadline: Tidak diketahui
[2026-07-23 09:46:46]      • [Materi] VC-2 : Traffic dan Algoritma Kendali Kemacetan - Bagian 2 File → Deadline: -
[2026-07-23 09:46:51]      • [Materi] Forum VC-2 : Traffic dan Algoritma Kendali Kemacetan - Bagian 2 → Deadline: -
[2026-07-23 09:46:56]      • [Quiz] Latihan Soal VC-2 : Traffic dan Algoritma Kendali Kemacetan - Bagian 2 → Deadline: Tidak diketahui
[2026-07-23 09:47:00]      • [Materi] VC-3 : Lapisan Transport File → Deadline: -
[2026-07-23 09:47:04]      • [Materi] Forum VC-3 : Lapisan Transport → Deadline: -
[2026-07-23 09:47:09]      • [Quiz] Latihan Soal VC-3 : Lapisan Transport → Deadline: Tidak diketahui
[2026-07-23 09:47:14] 📚 Mengambil mata kuliah ID 108172 ...
[2026-07-23 09:47:14]   ➤ ATA 2025/2026 | 3KB01 | Internet of Things (IoT) | PURNAWARMAN MUSA
[2026-07-23 09:47:14]      • [Materi] Announcements Forum → Deadline: -
[2026-07-23 09:47:19]      • [Materi] M6 File → Deadline: -
[2026-07-23 09:47:23]      • [Quiz] Soal (Tugas Individu) → Deadline: Tidak diketahui
[2026-07-23 09:47:28]      • [Quiz] Soal (Tugas Individu) → Deadline: Tidak diketahui
[2026-07-23 09:47:33] 📚 Mengambil mata kuliah ID 109563 ...
[2026-07-23 09:47:33]   ➤ ATA 2025/2026 | 3KB01 | Sistem Tertanam (Embedded) * | RIDHA ISKANDAR
[2026-07-23 09:47:33]      • [Materi] Selamat Datang di V-Class Sistem Tertanam (Embedded) Forum → Deadline: -
[2026-07-23 09:47:37]      • [Assignment] File 1 → Deadline: Sunday, 26 April 2026, 12:00 AM
[2026-07-23 09:47:42] 📚 Mengambil mata kuliah ID 109970 ...
[2026-07-23 09:47:42]   ➤ ATA 2025/2026 | 2EB10 | Bahasa Indonesia | MELANIAWATI
[2026-07-23 09:47:42] 📚 Mengambil mata kuliah ID 107919 ...
[2026-07-23 09:47:42]   ➤ ATA 2025/2026 | 3KB01 | Sistem Cerdas Lanjut | NUR SULTAN SALAHUDDIN
[2026-07-23 09:47:42]      • [Materi] Announcements Forum → Deadline: -
[2026-07-23 09:47:46]      • [Assignment] Sistem Kesehatan Cerdas → Deadline: Thursday, 21 May 2026, 12:00 AM
[2026-07-23 09:47:51]      • [Quiz] Sistem Kesehatan Cerdas → Deadline: Tidak diketahui
[2026-07-23 09:47:54]      • [Assignment] Sistem Industri Cerdas → Deadline: Monday, 20 July 2026, 12:00 AM
[2026-07-23 09:47:59]      • [Quiz] Sistem Industri Cerdas → Deadline: Tidak diketahui
[2026-07-23 09:48:02] 📚 Mengambil mata kuliah ID 107291 ...
[2026-07-23 09:48:02]   ➤ ATA 2025/2026 | 3KB01 | Pengantarmukaan Perif.Komputer * | FARID THALIB
[2026-07-23 09:48:02]      • [Materi] Announcements Forum → Deadline: -
[2026-07-23 09:48:07] 📚 Mengambil mata kuliah ID 104438 ...
[2026-07-23 09:48:07]   ➤ ATA 2025/2026 | 3-FIKTI | Terapan Teori Graf | TEAM TEACHING
[2026-07-23 09:48:07]      • [Materi] PEMBERITAHUAN UTS SUSULAN File → Deadline: -
[2026-07-23 09:48:11]      • [Materi] PEMBERITAHUAN PELAKSANAAN TEAM TEACHING TERAPAN TEORI GRAF Forum → Deadline: -
[2026-07-23 09:48:14]      • [Materi] M1: Pendahuluan Teori Graf File → Deadline: -
[2026-07-23 09:48:19]      • [Materi] Video Literasi M1: Pendahuluan Teori Graf URL → Deadline: -
[2026-07-23 09:48:23]      • [Quiz] Kuis M1 [kelas PAGI] → Deadline: Tidak diketahui
[2026-07-23 09:48:27]      • [Quiz] Kuis M1 [kelas MALAM] → Deadline: Tidak diketahui
[2026-07-23 09:48:32]      • [Materi] M2: Graf Tidak Berarah dan Graf Berbobot File → Deadline: -
[2026-07-23 09:48:36]      • [Materi] Video Literasi M2 : Graf Tidak Berarah dan Graf Berbobot URL → Deadline: -
[2026-07-23 09:48:41]      • [Quiz] Kuis M2 [KELAS PAGI] : Graf Tidak Berarah dan Graf Berbobot → Deadline: Tidak diketahui
[2026-07-23 09:48:45]      • [Quiz] Kuis M2 [KELAS MALAM] : Graf Tidak Berarah dan Graf Berbobot → Deadline: Tidak diketahui
[2026-07-23 09:48:49]      • [Materi] M4 : Aplikasi Teori Graf di Teknik Elektro File → Deadline: -
[2026-07-23 09:48:54]      • [Materi] Video Literasi M4 : Aplikasi Teori Graf di Teknik Elektro URL → Deadline: -
[2026-07-23 09:48:58]      • [Quiz] Kuis M4 [KELAS PAGI]: Aplikasi Teori Graf di Teknik Elektro → Deadline: Tidak diketahui
[2026-07-23 09:49:02]      • [Quiz] Kuis M4 [KELAS MALAM]: Aplikasi Teori Graf di Teknik Elektro → Deadline: Tidak diketahui
[2026-07-23 09:49:07]      • [Materi] M5 : Knowledge Graph dan Database Graph File → Deadline: -
[2026-07-23 09:49:12]      • [Materi] Video Literasi  M5 : Knowledge Graph dan Database Graph URL → Deadline: -
[2026-07-23 09:49:16]      • [Quiz] Kuis M5 [KELAS PAGI] : nowledge Graph dan Database Graph → Deadline: Tidak diketahui
[2026-07-23 09:49:20]      • [Quiz] Kuis M5 [KELAS MALAM] : Knowledge Graph dan Database Graph → Deadline: Tidak diketahui
[2026-07-23 09:49:24]      • [Materi] M6 : Graf Berarah dan Implementasinya File → Deadline: -
[2026-07-23 09:49:28]      • [Materi] Video Literasi M6 : Graf Berarah dan Implementasinya URL → Deadline: -
[2026-07-23 09:49:33]      • [Quiz] Kuis M6 [KELAS PAGI] : Graf Berarah dan Implementasinya → Deadline: Tidak diketahui
[2026-07-23 09:49:37]      • [Quiz] Kuis M6 [KELAS MALAM] : Graf Berarah dan Implementasinya → Deadline: Tidak diketahui
[2026-07-23 09:49:42]      • [Materi] M8 : Penerapan Teori Graf di Bidang Teknik Sipil File → Deadline: -
[2026-07-23 09:49:46]      • [Materi] Video Literasi M8 : Penerapan Teori Graf di Bidang Teknik Sipil URL → Deadline: -
[2026-07-23 09:49:49]      • [Quiz] Kuis M8 [KELAS PAGI] : Penerapan Teori Graf di Bidang Teknik Sipil → Deadline: Tidak diketahui
[2026-07-23 09:49:53]      • [Quiz] Kuis M8 [KELAS MALAM] : Penerapan Teori Graf di Bidang Teknik Sipil → Deadline: Tidak diketahui
[2026-07-23 09:49:57]      • [Materi] M10 : Penerapan Teori Graf  di Bidang Teknik Industri File → Deadline: -
[2026-07-23 09:50:02]      • [Materi] Video Literasi M10 : Penerapan Teori Graf  di Bidang Teknik Industri URL → Deadline: -
[2026-07-23 09:50:06]      • [Quiz] Kuis M10 [kelas pagi] : Penerapan Teori Graf  di Bidang Teknik Industri → Deadline: Tidak diketahui
[2026-07-23 09:50:10]      • [Quiz] Kuis M10 [kelas malam]: Penerapan Teori Graf  di Bidang Teknik Industri → Deadline: Tidak diketahui
[2026-07-23 09:50:14]      • [Materi] M11 : Program Dinamis dan Permasalahan Tata Letak Fasilitas File → Deadline: -
[2026-07-23 09:50:19]      • [Materi] video literasi : Program Dinamis dan Permasalahan Tata Letak Fasilitas URL → Deadline: -
[2026-07-23 09:50:23]      • [Quiz] Kuis M11 [kelas PAGI]: Program Dinamis dan Permasalahan Tata Letak Fasilitas → Deadline: Tidak diketahui
[2026-07-23 09:50:27]      • [Quiz] Kuis M11 [kelas MALAM]: Program Dinamis dan Permasalahan Tata Letak Fasilitas → Deadline: Tidak diketahui
[2026-07-23 09:50:32]      • [Materi] M12: Algoritma Greedy pada Graf File → Deadline: -
[2026-07-23 09:50:36]      • [Materi] Video literasi M12: Algoritma Greedy pada Graf URL → Deadline: -
[2026-07-23 09:50:41]      • [Quiz] Kuis M12 [kelas PAGI] → Deadline: Tidak diketahui
[2026-07-23 09:50:46]      • [Quiz] Kuis M12 [kelas MALAM] → Deadline: Tidak diketahui
[2026-07-23 09:50:50]      • [Materi] M13 File → Deadline: -
[2026-07-23 09:50:54]      • [Materi] Video Literasi M13 : Graph Theory Implementation in Oil Mining Company URL → Deadline: -
[2026-07-23 09:50:58]      • [Quiz] Kuis M13 [PAGI]: Graph Theory Implementation in Oil Mining Company → Deadline: Tidak diketahui
[2026-07-23 09:51:03]      • [Quiz] Kuis M13 [MALAM]: Graph Theory Implementation in Oil Mining Company → Deadline: Tidak diketahui
[2026-07-23 09:51:08]      • [Materi] M14 : Aplikasi Graf Lengkap sebagai Graf Representasi untuk Model Optimasi Rute Kendaraan File → Deadline: -
[2026-07-23 09:51:12]      • [Materi] Video Literasi : Aplikasi Graf Lengkap sebagai Graf Representasi untuk Model Optimasi Rute Kendaraan URL → Deadline: -
[2026-07-23 09:51:16]      • [Quiz] Kuis M14 [PAGI]: Aplikasi Graf Lengkap sebagai Graf Representasi untuk Model Optimasi Rute Kendaraan → Deadline: Tidak diketahui
[2026-07-23 09:51:21]      • [Quiz] Kuis M14 [MALAM]: Aplikasi Graf Lengkap sebagai Graf Representasi untuk Model Optimasi Rute Kendaraan → Deadline: Tidak diketahui
[2026-07-23 09:51:24] 📚 Mengambil mata kuliah ID 104413 ...
[2026-07-23 09:51:25]   ➤ ATA 2025/2026 | 3-FIKTI | Praktikum Terapan Teori Graf
[2026-07-23 09:51:25]      • [Materi] Panduan Praktikum  Forum → Deadline: -
[2026-07-23 09:51:28]      • [Materi] Panduan Google Collaboratory URL → Deadline: -
[2026-07-23 09:51:33]      • [Materi] Panduan Instalasi Anaconda URL → Deadline: -
[2026-07-23 09:51:38]      • [Quiz] Pre-Test (M1) → Deadline: Tidak diketahui
[2026-07-23 09:51:41]      • [Materi] 1.1  Pengantar: Teori Graf URL → Deadline: -
[2026-07-23 09:51:45]      • [Materi] 1.2  Sesi Hands-on Praktikum URL → Deadline: -
[2026-07-23 09:51:50]      • [Materi] 1.3 Tutorial Menambahkan File pada Mesin DGX URL → Deadline: -
[2026-07-23 09:51:54]      • [Quiz] Post-Test (M1) → Deadline: Tidak diketahui
[2026-07-23 09:51:58]      • [Assignment] Pengumpulan Tugas (M1) → Deadline: Saturday, 7 March 2026, 11:59 PM
[2026-07-23 09:52:01]      • [Quiz] Pre-Test (M2) → Deadline: Tidak diketahui
[2026-07-23 09:52:06]      • [Materi] 2.1  Pengantar: Berbagai Pemecahan Masalah Menggunakan Teori Graf Page → Deadline: -
[2026-07-23 09:52:11]      • [Quiz] Post-Test (M2) → Deadline: Tidak diketahui
[2026-07-23 09:52:16]      • [Assignment] Pengumpulan Tugas (M2) → Deadline: Saturday, 14 March 2026, 11:59 PM
[2026-07-23 09:52:20]      • [Quiz] Pre-Test (M4) → Deadline: Tidak diketahui
[2026-07-23 09:52:25]      • [Materi] 4.1  Pengantar: Breadth First Search URL → Deadline: -
[2026-07-23 09:52:29]      • [Materi] Sesi Praktikum File → Deadline: -
[2026-07-23 09:52:33]      • [Materi] Video Tutorial: Mendownload File IPYNB di Virtual Class URL → Deadline: -
[2026-07-23 09:52:38]      • [Quiz] Post-Test (M4) → Deadline: Tidak diketahui
[2026-07-23 09:52:43]      • [Assignment] Laporan Akhir (M4) → Deadline: Saturday, 11 April 2026, 11:59 PM
[2026-07-23 09:52:47]      • [Quiz] Pre-Test (M5) → Deadline: Tidak diketahui
[2026-07-23 09:52:51]      • [Materi] Sesi Praktikum URL → Deadline: -
[2026-07-23 09:52:55]      • [Quiz] Post-Test (M5) → Deadline: Tidak diketahui
[2026-07-23 09:52:59]      • [Assignment] Laporan Akhir (M5) → Deadline: Saturday, 18 April 2026, 11:59 PM
[2026-07-23 09:53:03]      • [Quiz] Pre-Test (M6) → Deadline: Tidak diketahui
[2026-07-23 09:53:07]      • [Materi] 6.1  Pendahuluan: Algoritma Dasar Tree URL → Deadline: -
[2026-07-23 09:53:10]      • [Materi] Sesi Praktikum File → Deadline: -
[2026-07-23 09:53:14]      • [Quiz] Post-Test (M6) → Deadline: Tidak diketahui
[2026-07-23 09:53:19]      • [Assignment] Laporan Akhir (M6) → Deadline: Saturday, 25 April 2026, 11:59 PM
[2026-07-23 09:53:24]      • [Quiz] Pre-Test (M8) → Deadline: Tidak diketahui
[2026-07-23 09:53:28]      • [Materi] 8.1  Pendahuluan: Implementasi Graph URL → Deadline: -
[2026-07-23 09:53:32]      • [Materi] Link File Praktikum I - family.pl → Deadline: -
[2026-07-23 09:53:35]      • [Materi] Link File Praktikum II - 8-puzzles.ipynb → Deadline: -
[2026-07-23 09:53:39]      • [Materi] Video Tutorial: Mendownload File IPYNB di Virtual Class URL → Deadline: -
[2026-07-23 09:53:44]      • [Quiz] Post-Test (M8) → Deadline: Tidak diketahui
[2026-07-23 09:53:48]      • [Assignment] Laporan Akhir (M8) → Deadline: Saturday, 9 May 2026, 11:59 PM
[2026-07-23 09:53:52]      • [Quiz] Pre-Test (M9) → Deadline: Tidak diketahui
[2026-07-23 09:53:55]      • [Materi] Sesi Hands-on Praktikum URL → Deadline: -
[2026-07-23 09:53:59]      • [Quiz] Post-Test (M9) → Deadline: Tidak diketahui
[2026-07-23 09:54:03]      • [Assignment] Pengumpulan Tugas (M9) → Deadline: Saturday, 16 May 2026, 11:59 PM
[2026-07-23 09:54:07]      • [Quiz] Pre-Test (M3) → Deadline: Tidak diketahui
[2026-07-23 09:54:12]      • [Materi] Sesi Praktikum URL → Deadline: -
[2026-07-23 09:54:17]      • [Materi] Video Tutorial: Menambahkan File pada Mesin DGX URL → Deadline: -
[2026-07-23 09:54:22]      • [Quiz] Post-Test (M3) → Deadline: Tidak diketahui
[2026-07-23 09:54:27]      • [Assignment] Pengumpulan Tugas (M3) → Deadline: Saturday, 23 May 2026, 11:59 PM
[2026-07-23 09:54:32]      • [Quiz] Pre-Test (M7) → Deadline: Tidak diketahui
[2026-07-23 09:54:36]      • [Materi] Link File Praktikum I - 3-Tekrek-Find-Center.ipynb → Deadline: -
[2026-07-23 09:54:41]      • [Materi] Link File Praktikum II - 3-Tekrek-Sortest-Path.ipynb → Deadline: -
[2026-07-23 09:54:45]      • [Materi] Video Tutorial: Mendownload File IPYNB di Virtual Class URL → Deadline: -
[2026-07-23 09:54:49]      • [Quiz] Post-Test (M7) → Deadline: Tidak diketahui
[2026-07-23 09:54:53]      • [Assignment] Laporan Akhir (M7) → Deadline: Saturday, 23 May 2026, 11:59 PM
[2026-07-23 09:54:58] 📦 Total tugas ditemukan: 126
[2026-07-23 09:54:58] 💾 Disimpan ke python/node/tugas.json
[2026-07-23 18:00:58] 🔐 Login ke V-Class...
[2026-07-23 18:00:58] ✅ Login berhasil
[2026-07-23 18:00:58] 📚 Mengambil mata kuliah ID 108486 ...
[2026-07-23 18:00:59]   ➤ ATA 2025/2026 | 3KB01 | Jaringan Komputer Lanjut | VIVIEN NOVA FITHRIANA
[2026-07-23 18:00:59]      • [Materi] Announcements Forum → Deadline: -
[2026-07-23 18:01:03]      • [Materi] M1 File → Deadline: -
[2026-07-23 18:01:07]      • [Materi] M2 File → Deadline: -
[2026-07-23 18:01:11]      • [Materi] M3 File → Deadline: -
[2026-07-23 18:01:15]      • [Materi] M4 File → Deadline: -
[2026-07-23 18:01:20]      • [Materi] M5 File → Deadline: -
[2026-07-23 18:01:23]      • [Materi] M6 File → Deadline: -
[2026-07-23 18:01:28]      • [Materi] M7 File → Deadline: -
[2026-07-23 18:01:32]      • [Materi] VC-1 : Traffic dan Algoritma Kendali Kemacetan File → Deadline: -
[2026-07-23 18:01:36]      • [Materi] VC-1 : Traffic dan Algoritma Kendali Kemacetan File → Deadline: -
[2026-07-23 18:01:40]      • [Materi] Forum VC-1 : Traffic dan Algoritma Kendali Kemacetan → Deadline: -
[2026-07-23 18:01:44]      • [Quiz] Latihan Soal VC-1 : Traffic dan Algoritma Kendali Kemacetan → Deadline: Tidak diketahui
[2026-07-23 18:01:48]      • [Materi] VC-2 : Traffic dan Algoritma Kendali Kemacetan - Bagian 2 File → Deadline: -
[2026-07-23 18:01:52]      • [Materi] Forum VC-2 : Traffic dan Algoritma Kendali Kemacetan - Bagian 2 → Deadline: -
[2026-07-23 18:01:57]      • [Quiz] Latihan Soal VC-2 : Traffic dan Algoritma Kendali Kemacetan - Bagian 2 → Deadline: Tidak diketahui
[2026-07-23 18:02:01]      • [Materi] VC-3 : Lapisan Transport File → Deadline: -
[2026-07-23 18:02:05]      • [Materi] Forum VC-3 : Lapisan Transport → Deadline: -
[2026-07-23 18:02:09]      • [Quiz] Latihan Soal VC-3 : Lapisan Transport → Deadline: Tidak diketahui
[2026-07-23 18:02:13] 📚 Mengambil mata kuliah ID 108172 ...
[2026-07-23 18:02:13]   ➤ ATA 2025/2026 | 3KB01 | Internet of Things (IoT) | PURNAWARMAN MUSA
[2026-07-23 18:02:13]      • [Materi] Announcements Forum → Deadline: -
[2026-07-23 18:02:17]      • [Materi] M6 File → Deadline: -
[2026-07-23 18:02:20]      • [Quiz] Soal (Tugas Individu) → Deadline: Tidak diketahui
[2026-07-23 18:02:25]      • [Quiz] Soal (Tugas Individu) → Deadline: Tidak diketahui
[2026-07-23 18:02:30] 📚 Mengambil mata kuliah ID 109563 ...
[2026-07-23 18:02:30]   ➤ ATA 2025/2026 | 3KB01 | Sistem Tertanam (Embedded) * | RIDHA ISKANDAR
[2026-07-23 18:02:30]      • [Materi] Selamat Datang di V-Class Sistem Tertanam (Embedded) Forum → Deadline: -
[2026-07-23 18:02:34]      • [Assignment] File 1 → Deadline: Sunday, 26 April 2026, 12:00 AM
[2026-07-23 18:02:38] 📚 Mengambil mata kuliah ID 109970 ...
[2026-07-23 18:02:38]   ➤ ATA 2025/2026 | 2EB10 | Bahasa Indonesia | MELANIAWATI
[2026-07-23 18:02:38] 📚 Mengambil mata kuliah ID 107919 ...
[2026-07-23 18:02:38]   ➤ ATA 2025/2026 | 3KB01 | Sistem Cerdas Lanjut | NUR SULTAN SALAHUDDIN
[2026-07-23 18:02:38]      • [Materi] Announcements Forum → Deadline: -
[2026-07-23 18:02:43]      • [Assignment] Sistem Kesehatan Cerdas → Deadline: Thursday, 21 May 2026, 12:00 AM
[2026-07-23 18:02:47]      • [Quiz] Sistem Kesehatan Cerdas → Deadline: Tidak diketahui
[2026-07-23 18:02:52]      • [Assignment] Sistem Industri Cerdas → Deadline: Monday, 20 July 2026, 12:00 AM
[2026-07-23 18:02:57]      • [Quiz] Sistem Industri Cerdas → Deadline: Tidak diketahui
[2026-07-23 18:03:00] 📚 Mengambil mata kuliah ID 107291 ...
[2026-07-23 18:03:00]   ➤ ATA 2025/2026 | 3KB01 | Pengantarmukaan Perif.Komputer * | FARID THALIB
[2026-07-23 18:03:00]      • [Materi] Announcements Forum → Deadline: -
[2026-07-23 18:03:04] 📚 Mengambil mata kuliah ID 104438 ...
[2026-07-23 18:03:04]   ➤ ATA 2025/2026 | 3-FIKTI | Terapan Teori Graf | TEAM TEACHING
[2026-07-23 18:03:04]      • [Materi] PEMBERITAHUAN UTS SUSULAN File → Deadline: -
[2026-07-23 18:03:09]      • [Materi] PEMBERITAHUAN PELAKSANAAN TEAM TEACHING TERAPAN TEORI GRAF Forum → Deadline: -
[2026-07-23 18:03:13]      • [Materi] M1: Pendahuluan Teori Graf File → Deadline: -
[2026-07-23 18:03:17]      • [Materi] Video Literasi M1: Pendahuluan Teori Graf URL → Deadline: -
[2026-07-23 18:03:22]      • [Quiz] Kuis M1 [kelas PAGI] → Deadline: Tidak diketahui
[2026-07-23 18:03:27]      • [Quiz] Kuis M1 [kelas MALAM] → Deadline: Tidak diketahui
[2026-07-23 18:03:31]      • [Materi] M2: Graf Tidak Berarah dan Graf Berbobot File → Deadline: -
[2026-07-23 18:03:36]      • [Materi] Video Literasi M2 : Graf Tidak Berarah dan Graf Berbobot URL → Deadline: -
[2026-07-23 18:03:41]      • [Quiz] Kuis M2 [KELAS PAGI] : Graf Tidak Berarah dan Graf Berbobot → Deadline: Tidak diketahui
[2026-07-23 18:03:45]      • [Quiz] Kuis M2 [KELAS MALAM] : Graf Tidak Berarah dan Graf Berbobot → Deadline: Tidak diketahui
[2026-07-23 18:03:49]      • [Materi] M4 : Aplikasi Teori Graf di Teknik Elektro File → Deadline: -
[2026-07-23 18:03:53]      • [Materi] Video Literasi M4 : Aplikasi Teori Graf di Teknik Elektro URL → Deadline: -
[2026-07-23 18:03:58]      • [Quiz] Kuis M4 [KELAS PAGI]: Aplikasi Teori Graf di Teknik Elektro → Deadline: Tidak diketahui
[2026-07-23 18:04:02]      • [Quiz] Kuis M4 [KELAS MALAM]: Aplikasi Teori Graf di Teknik Elektro → Deadline: Tidak diketahui
[2026-07-23 18:04:07]      • [Materi] M5 : Knowledge Graph dan Database Graph File → Deadline: -
[2026-07-23 18:04:11]      • [Materi] Video Literasi  M5 : Knowledge Graph dan Database Graph URL → Deadline: -
[2026-07-23 18:04:16]      • [Quiz] Kuis M5 [KELAS PAGI] : nowledge Graph dan Database Graph → Deadline: Tidak diketahui
[2026-07-23 18:04:21]      • [Quiz] Kuis M5 [KELAS MALAM] : Knowledge Graph dan Database Graph → Deadline: Tidak diketahui
[2026-07-23 18:04:26]      • [Materi] M6 : Graf Berarah dan Implementasinya File → Deadline: -
[2026-07-23 18:04:29]      • [Materi] Video Literasi M6 : Graf Berarah dan Implementasinya URL → Deadline: -
[2026-07-23 18:04:34]      • [Quiz] Kuis M6 [KELAS PAGI] : Graf Berarah dan Implementasinya → Deadline: Tidak diketahui
[2026-07-23 18:04:39]      • [Quiz] Kuis M6 [KELAS MALAM] : Graf Berarah dan Implementasinya → Deadline: Tidak diketahui
[2026-07-23 18:04:43]      • [Materi] M8 : Penerapan Teori Graf di Bidang Teknik Sipil File → Deadline: -
[2026-07-23 18:04:48]      • [Materi] Video Literasi M8 : Penerapan Teori Graf di Bidang Teknik Sipil URL → Deadline: -
[2026-07-23 18:04:52]      • [Quiz] Kuis M8 [KELAS PAGI] : Penerapan Teori Graf di Bidang Teknik Sipil → Deadline: Tidak diketahui
[2026-07-23 18:04:57]      • [Quiz] Kuis M8 [KELAS MALAM] : Penerapan Teori Graf di Bidang Teknik Sipil → Deadline: Tidak diketahui
[2026-07-23 18:05:02]      • [Materi] M10 : Penerapan Teori Graf  di Bidang Teknik Industri File → Deadline: -
[2026-07-23 18:05:06]      • [Materi] Video Literasi M10 : Penerapan Teori Graf  di Bidang Teknik Industri URL → Deadline: -
[2026-07-23 18:05:11]      • [Quiz] Kuis M10 [kelas pagi] : Penerapan Teori Graf  di Bidang Teknik Industri → Deadline: Tidak diketahui
[2026-07-23 18:05:15]      • [Quiz] Kuis M10 [kelas malam]: Penerapan Teori Graf  di Bidang Teknik Industri → Deadline: Tidak diketahui
[2026-07-23 18:05:20]      • [Materi] M11 : Program Dinamis dan Permasalahan Tata Letak Fasilitas File → Deadline: -
[2026-07-23 18:05:24]      • [Materi] video literasi : Program Dinamis dan Permasalahan Tata Letak Fasilitas URL → Deadline: -
[2026-07-23 18:05:28]      • [Quiz] Kuis M11 [kelas PAGI]: Program Dinamis dan Permasalahan Tata Letak Fasilitas → Deadline: Tidak diketahui
[2026-07-23 18:05:32]      • [Quiz] Kuis M11 [kelas MALAM]: Program Dinamis dan Permasalahan Tata Letak Fasilitas → Deadline: Tidak diketahui
[2026-07-23 18:05:37]      • [Materi] M12: Algoritma Greedy pada Graf File → Deadline: -
[2026-07-23 18:05:41]      • [Materi] Video literasi M12: Algoritma Greedy pada Graf URL → Deadline: -
[2026-07-23 18:05:46]      • [Quiz] Kuis M12 [kelas PAGI] → Deadline: Tidak diketahui
[2026-07-23 18:05:50]      • [Quiz] Kuis M12 [kelas MALAM] → Deadline: Tidak diketahui
[2026-07-23 18:05:55]      • [Materi] M13 File → Deadline: -
[2026-07-23 18:05:59]      • [Materi] Video Literasi M13 : Graph Theory Implementation in Oil Mining Company URL → Deadline: -
[2026-07-23 18:06:03]      • [Quiz] Kuis M13 [PAGI]: Graph Theory Implementation in Oil Mining Company → Deadline: Tidak diketahui
[2026-07-23 18:06:07]      • [Quiz] Kuis M13 [MALAM]: Graph Theory Implementation in Oil Mining Company → Deadline: Tidak diketahui
[2026-07-23 18:06:12]      • [Materi] M14 : Aplikasi Graf Lengkap sebagai Graf Representasi untuk Model Optimasi Rute Kendaraan File → Deadline: -
[2026-07-23 18:06:17]      • [Materi] Video Literasi : Aplikasi Graf Lengkap sebagai Graf Representasi untuk Model Optimasi Rute Kendaraan URL → Deadline: -
[2026-07-23 18:06:21]      • [Quiz] Kuis M14 [PAGI]: Aplikasi Graf Lengkap sebagai Graf Representasi untuk Model Optimasi Rute Kendaraan → Deadline: Tidak diketahui
[2026-07-23 18:06:26]      • [Quiz] Kuis M14 [MALAM]: Aplikasi Graf Lengkap sebagai Graf Representasi untuk Model Optimasi Rute Kendaraan → Deadline: Tidak diketahui
[2026-07-23 18:06:31] 📚 Mengambil mata kuliah ID 104413 ...
[2026-07-23 18:06:31]   ➤ ATA 2025/2026 | 3-FIKTI | Praktikum Terapan Teori Graf
[2026-07-23 18:06:31]      • [Materi] Panduan Praktikum  Forum → Deadline: -
[2026-07-23 18:06:36]      • [Materi] Panduan Google Collaboratory URL → Deadline: -
[2026-07-23 18:06:41]      • [Materi] Panduan Instalasi Anaconda URL → Deadline: -
[2026-07-23 18:06:46]      • [Quiz] Pre-Test (M1) → Deadline: Tidak diketahui
[2026-07-23 18:06:50]      • [Materi] 1.1  Pengantar: Teori Graf URL → Deadline: -
[2026-07-23 18:06:54]      • [Materi] 1.2  Sesi Hands-on Praktikum URL → Deadline: -
[2026-07-23 18:06:58]      • [Materi] 1.3 Tutorial Menambahkan File pada Mesin DGX URL → Deadline: -
[2026-07-23 18:07:02]      • [Quiz] Post-Test (M1) → Deadline: Tidak diketahui
[2026-07-23 18:07:06]      • [Assignment] Pengumpulan Tugas (M1) → Deadline: Saturday, 7 March 2026, 11:59 PM
[2026-07-23 18:07:10]      • [Quiz] Pre-Test (M2) → Deadline: Tidak diketahui
[2026-07-23 18:07:15]      • [Materi] 2.1  Pengantar: Berbagai Pemecahan Masalah Menggunakan Teori Graf Page → Deadline: -
[2026-07-23 18:07:19]      • [Quiz] Post-Test (M2) → Deadline: Tidak diketahui
[2026-07-23 18:07:22]      • [Assignment] Pengumpulan Tugas (M2) → Deadline: Saturday, 14 March 2026, 11:59 PM
[2026-07-23 18:07:27]      • [Quiz] Pre-Test (M4) → Deadline: Tidak diketahui
[2026-07-23 18:07:32]      • [Materi] 4.1  Pengantar: Breadth First Search URL → Deadline: -
[2026-07-23 18:07:36]      • [Materi] Sesi Praktikum File → Deadline: -
[2026-07-23 18:07:41]      • [Materi] Video Tutorial: Mendownload File IPYNB di Virtual Class URL → Deadline: -
[2026-07-23 18:07:46]      • [Quiz] Post-Test (M4) → Deadline: Tidak diketahui
[2026-07-23 18:07:51]      • [Assignment] Laporan Akhir (M4) → Deadline: Saturday, 11 April 2026, 11:59 PM
[2026-07-23 18:07:55]      • [Quiz] Pre-Test (M5) → Deadline: Tidak diketahui
[2026-07-23 18:08:00]      • [Materi] Sesi Praktikum URL → Deadline: -
[2026-07-23 18:08:05]      • [Quiz] Post-Test (M5) → Deadline: Tidak diketahui
[2026-07-23 18:08:10]      • [Assignment] Laporan Akhir (M5) → Deadline: Saturday, 18 April 2026, 11:59 PM
[2026-07-23 18:08:14]      • [Quiz] Pre-Test (M6) → Deadline: Tidak diketahui
[2026-07-23 18:08:19]      • [Materi] 6.1  Pendahuluan: Algoritma Dasar Tree URL → Deadline: -
[2026-07-23 18:08:23]      • [Materi] Sesi Praktikum File → Deadline: -
[2026-07-23 18:08:27]      • [Quiz] Post-Test (M6) → Deadline: Tidak diketahui
[2026-07-23 18:08:32]      • [Assignment] Laporan Akhir (M6) → Deadline: Saturday, 25 April 2026, 11:59 PM
[2026-07-23 18:08:37]      • [Quiz] Pre-Test (M8) → Deadline: Tidak diketahui
[2026-07-23 18:08:42]      • [Materi] 8.1  Pendahuluan: Implementasi Graph URL → Deadline: -
[2026-07-23 18:08:46]      • [Materi] Link File Praktikum I - family.pl → Deadline: -
[2026-07-23 18:08:50]      • [Materi] Link File Praktikum II - 8-puzzles.ipynb → Deadline: -
[2026-07-23 18:08:54]      • [Materi] Video Tutorial: Mendownload File IPYNB di Virtual Class URL → Deadline: -
[2026-07-23 18:08:59]      • [Quiz] Post-Test (M8) → Deadline: Tidak diketahui
[2026-07-23 18:09:04]      • [Assignment] Laporan Akhir (M8) → Deadline: Saturday, 9 May 2026, 11:59 PM
[2026-07-23 18:09:08]      • [Quiz] Pre-Test (M9) → Deadline: Tidak diketahui
[2026-07-23 18:09:13]      • [Materi] Sesi Hands-on Praktikum URL → Deadline: -
[2026-07-23 18:09:17]      • [Quiz] Post-Test (M9) → Deadline: Tidak diketahui
[2026-07-23 18:09:21]      • [Assignment] Pengumpulan Tugas (M9) → Deadline: Saturday, 16 May 2026, 11:59 PM
[2026-07-23 18:09:26]      • [Quiz] Pre-Test (M3) → Deadline: Tidak diketahui
[2026-07-23 18:09:31]      • [Materi] Sesi Praktikum URL → Deadline: -
[2026-07-23 18:09:35]      • [Materi] Video Tutorial: Menambahkan File pada Mesin DGX URL → Deadline: -
[2026-07-23 18:09:39]      • [Quiz] Post-Test (M3) → Deadline: Tidak diketahui
[2026-07-23 18:09:43]      • [Assignment] Pengumpulan Tugas (M3) → Deadline: Saturday, 23 May 2026, 11:59 PM
[2026-07-23 18:09:48]      • [Quiz] Pre-Test (M7) → Deadline: Tidak diketahui
[2026-07-23 18:09:53]      • [Materi] Link File Praktikum I - 3-Tekrek-Find-Center.ipynb → Deadline: -
[2026-07-23 18:09:56]      • [Materi] Link File Praktikum II - 3-Tekrek-Sortest-Path.ipynb → Deadline: -
[2026-07-23 18:10:01]      • [Materi] Video Tutorial: Mendownload File IPYNB di Virtual Class URL → Deadline: -
[2026-07-23 18:10:06]      • [Quiz] Post-Test (M7) → Deadline: Tidak diketahui
[2026-07-23 18:10:10]      • [Assignment] Laporan Akhir (M7) → Deadline: Saturday, 23 May 2026, 11:59 PM
[2026-07-23 18:10:15] 📦 Total tugas ditemukan: 126
[2026-07-23 18:10:15] 💾 Disimpan ke python/node/tugas.json
