[2026-05-25 09:45:04] 🔐 Login ke V-Class...
[2026-05-25 09:45:05] ✅ Login berhasil
[2026-05-25 09:45:05] 📚 Mengambil mata kuliah ID 108486 ...
[2026-05-25 09:45:05]   ➤ ATA 2025/2026 | 3KB01 | Jaringan Komputer Lanjut | VIVIEN NOVA FITHRIANA
[2026-05-25 09:45:05]      • [Materi] Announcements Forum → Deadline: -
[2026-05-25 09:45:09]      • [Materi] M1 File → Deadline: -
[2026-05-25 09:45:13]      • [Materi] M2 File → Deadline: -
[2026-05-25 09:45:18]      • [Materi] M3 File → Deadline: -
[2026-05-25 09:45:22]      • [Materi] M4 File → Deadline: -
[2026-05-25 09:45:26]      • [Materi] M5 File → Deadline: -
[2026-05-25 09:45:30]      • [Materi] M6 File → Deadline: -
[2026-05-25 09:45:34]      • [Materi] M7 File → Deadline: -
[2026-05-25 09:45:38]      • [Materi] VC-1 : Traffic dan Algoritma Kendali Kemacetan File → Deadline: -
[2026-05-25 09:45:43]      • [Materi] VC-1 : Traffic dan Algoritma Kendali Kemacetan File → Deadline: -
[2026-05-25 09:45:47]      • [Materi] Forum VC-1 : Traffic dan Algoritma Kendali Kemacetan → Deadline: -
[2026-05-25 09:45:51]      • [Quiz] Latihan Soal VC-1 : Traffic dan Algoritma Kendali Kemacetan → Deadline: Tidak diketahui
[2026-05-25 09:45:55]      • [Materi] VC-2 : Traffic dan Algoritma Kendali Kemacetan - Bagian 2 File → Deadline: -
[2026-05-25 09:45:59]      • [Materi] Forum VC-2 : Traffic dan Algoritma Kendali Kemacetan - Bagian 2 → Deadline: -
[2026-05-25 09:46:05]      • [Quiz] Latihan Soal VC-2 : Traffic dan Algoritma Kendali Kemacetan - Bagian 2 → Deadline: Monday, 25 May 2026, 11:59 PM
[2026-05-25 09:46:09]      • [Materi] VC-3 : Lapisan Transport File → Deadline: -
[2026-05-25 09:46:14]      • [Materi] Forum VC-3 : Lapisan Transport → Deadline: -
[2026-05-25 09:46:19]      • [Quiz] Latihan Soal VC-3 : Lapisan Transport → Deadline: Wednesday, 15 July 2026, 11:59 PM
[2026-05-25 09:46:23] 📚 Mengambil mata kuliah ID 108172 ...
[2026-05-25 09:46:23]   ➤ ATA 2025/2026 | 3KB01 | Internet of Things (IoT) | PURNAWARMAN MUSA
[2026-05-25 09:46:23]      • [Materi] Announcements Forum → Deadline: -
[2026-05-25 09:46:27]      • [Materi] M6 File → Deadline: -
[2026-05-25 09:46:31]      • [Quiz] Soal (Tugas Individu) → Deadline: Tidak diketahui
[2026-05-25 09:46:35]      • [Quiz] Soal (Tugas Individu) → Deadline: Tidak diketahui
[2026-05-25 09:46:39] 📚 Mengambil mata kuliah ID 109563 ...
[2026-05-25 09:46:39]   ➤ ATA 2025/2026 | 3KB01 | Sistem Tertanam (Embedded) * | RIDHA ISKANDAR
[2026-05-25 09:46:39]      • [Materi] Selamat Datang di V-Class Sistem Tertanam (Embedded) Forum → Deadline: -
[2026-05-25 09:46:43]      • [Assignment] File 1 → Deadline: Sunday, 26 April 2026, 12:00 AM
[2026-05-25 09:46:48] 📚 Mengambil mata kuliah ID 109970 ...
[2026-05-25 09:46:48]   ➤ ATA 2025/2026 | 2EB10 | Bahasa Indonesia | MELANIAWATI
[2026-05-25 09:46:48] 📚 Mengambil mata kuliah ID 107919 ...
[2026-05-25 09:46:48]   ➤ ATA 2025/2026 | 3KB01 | Sistem Cerdas Lanjut | NUR SULTAN SALAHUDDIN
[2026-05-25 09:46:48]      • [Materi] Announcements Forum → Deadline: -
[2026-05-25 09:46:52]      • [Assignment] Sistem Kesehatan Cerdas → Deadline: Thursday, 21 May 2026, 12:00 AM
[2026-05-25 09:46:56]      • [Quiz] Sistem Kesehatan Cerdas → Deadline: Tidak diketahui
[2026-05-25 09:47:00] 📚 Mengambil mata kuliah ID 107291 ...
[2026-05-25 09:47:00]   ➤ ATA 2025/2026 | 3KB01 | Pengantarmukaan Perif.Komputer * | FARID THALIB
[2026-05-25 09:47:00]      • [Materi] Announcements Forum → Deadline: -
[2026-05-25 09:47:05] 📚 Mengambil mata kuliah ID 104438 ...
[2026-05-25 09:47:05]   ➤ ATA 2025/2026 | 3-FIKTI | Terapan Teori Graf | TEAM TEACHING
[2026-05-25 09:47:05]      • [Materi] PEMBERITAHUAN PELAKSANAAN TEAM TEACHING TERAPAN TEORI GRAF Forum → Deadline: -
[2026-05-25 09:47:09]      • [Materi] M1: Pendahuluan Teori Graf File → Deadline: -
[2026-05-25 09:47:14]      • [Materi] Video Literasi M1: Pendahuluan Teori Graf URL → Deadline: -
[2026-05-25 09:47:19]      • [Quiz] Kuis M1 [kelas PAGI] → Deadline: Tidak diketahui
[2026-05-25 09:47:22]      • [Quiz] Kuis M1 [kelas MALAM] → Deadline: Tidak diketahui
[2026-05-25 09:47:27]      • [Materi] M2: Graf Tidak Berarah dan Graf Berbobot File → Deadline: -
[2026-05-25 09:47:32]      • [Materi] Video Literasi M2 : Graf Tidak Berarah dan Graf Berbobot URL → Deadline: -
[2026-05-25 09:47:36]      • [Quiz] Kuis M2 [KELAS PAGI] : Graf Tidak Berarah dan Graf Berbobot → Deadline: Tidak diketahui
[2026-05-25 09:47:40]      • [Quiz] Kuis M2 [KELAS MALAM] : Graf Tidak Berarah dan Graf Berbobot → Deadline: Tidak diketahui
[2026-05-25 09:47:44]      • [Materi] M4 : Aplikasi Teori Graf di Teknik Elektro File → Deadline: -
[2026-05-25 09:47:48]      • [Materi] Video Literasi M4 : Aplikasi Teori Graf di Teknik Elektro URL → Deadline: -
[2026-05-25 09:47:52]      • [Quiz] Kuis M4 [KELAS PAGI]: Aplikasi Teori Graf di Teknik Elektro → Deadline: Tidak diketahui
[2026-05-25 09:47:56]      • [Quiz] Kuis M4 [KELAS MALAM]: Aplikasi Teori Graf di Teknik Elektro → Deadline: Tidak diketahui
[2026-05-25 09:48:00]      • [Materi] M5 : Knowledge Graph dan Database Graph File → Deadline: -
[2026-05-25 09:48:04]      • [Materi] Video Literasi  M5 : Knowledge Graph dan Database Graph URL → Deadline: -
[2026-05-25 09:48:08]      • [Quiz] Kuis M5 [KELAS PAGI] : nowledge Graph dan Database Graph → Deadline: Tidak diketahui
[2026-05-25 09:48:13]      • [Quiz] Kuis M5 [KELAS MALAM] : Knowledge Graph dan Database Graph → Deadline: Tidak diketahui
[2026-05-25 09:48:18]      • [Materi] M6 : Graf Berarah dan Implementasinya File → Deadline: -
[2026-05-25 09:48:21]      • [Materi] Video Literasi M6 : Graf Berarah dan Implementasinya URL → Deadline: -
[2026-05-25 09:48:26]      • [Quiz] Kuis M6 [KELAS PAGI] : Graf Berarah dan Implementasinya → Deadline: Tidak diketahui
[2026-05-25 09:48:31]      • [Quiz] Kuis M6 [KELAS MALAM] : Graf Berarah dan Implementasinya → Deadline: Tidak diketahui
[2026-05-25 09:48:35]      • [Materi] M8 : Penerapan Teori Graf di Bidang Teknik Sipil File → Deadline: -
[2026-05-25 09:48:39]      • [Materi] Video Literasi M8 : Penerapan Teori Graf di Bidang Teknik Sipil URL → Deadline: -
[2026-05-25 09:48:44]      • [Quiz] Kuis M8 [KELAS PAGI] : Penerapan Teori Graf di Bidang Teknik Sipil → Deadline: Tidak diketahui
[2026-05-25 09:48:47]      • [Quiz] Kuis M8 [KELAS MALAM] : Penerapan Teori Graf di Bidang Teknik Sipil → Deadline: Tidak diketahui
[2026-05-25 09:48:51]      • [Materi] M10 : Penerapan Teori Graf  di Bidang Teknik Industri File → Deadline: -
[2026-05-25 09:48:55]      • [Materi] Video Literasi M10 : Penerapan Teori Graf  di Bidang Teknik Industri URL → Deadline: -
[2026-05-25 09:48:59]      • [Quiz] Kuis M10 [kelas pagi] : Penerapan Teori Graf  di Bidang Teknik Industri → Deadline: Tidak diketahui
[2026-05-25 09:49:04]      • [Quiz] Kuis M10 [kelas malam]: Penerapan Teori Graf  di Bidang Teknik Industri → Deadline: Tidak diketahui
[2026-05-25 09:49:08] 📚 Mengambil mata kuliah ID 104413 ...
[2026-05-25 09:49:08]   ➤ ATA 2025/2026 | 3-FIKTI | Praktikum Terapan Teori Graf
[2026-05-25 09:49:08]      • [Materi] Panduan Praktikum  Forum → Deadline: -
[2026-05-25 09:49:12]      • [Materi] Panduan Google Collaboratory URL → Deadline: -
[2026-05-25 09:49:16]      • [Materi] Panduan Instalasi Anaconda URL → Deadline: -
[2026-05-25 09:49:20]      • [Quiz] Pre-Test (M1) → Deadline: Tidak diketahui
[2026-05-25 09:49:25]      • [Materi] 1.1  Pengantar: Teori Graf URL → Deadline: -
[2026-05-25 09:49:29]      • [Materi] 1.2  Sesi Hands-on Praktikum URL → Deadline: -
[2026-05-25 09:49:33]      • [Materi] 1.3 Tutorial Menambahkan File pada Mesin DGX URL → Deadline: -
[2026-05-25 09:49:38]      • [Quiz] Post-Test (M1) → Deadline: Tidak diketahui
[2026-05-25 09:49:42]      • [Assignment] Pengumpulan Tugas (M1) → Deadline: Saturday, 7 March 2026, 11:59 PM
[2026-05-25 09:49:46]      • [Quiz] Pre-Test (M2) → Deadline: Tidak diketahui
[2026-05-25 09:49:51]      • [Materi] 2.1  Pengantar: Berbagai Pemecahan Masalah Menggunakan Teori Graf Page → Deadline: -
[2026-05-25 09:49:55]      • [Quiz] Post-Test (M2) → Deadline: Tidak diketahui
[2026-05-25 09:49:59]      • [Assignment] Pengumpulan Tugas (M2) → Deadline: Saturday, 14 March 2026, 11:59 PM
[2026-05-25 09:50:03]      • [Quiz] Pre-Test (M4) → Deadline: Tidak diketahui
[2026-05-25 09:50:08]      • [Materi] 4.1  Pengantar: Breadth First Search URL → Deadline: -
[2026-05-25 09:50:12]      • [Materi] Sesi Praktikum File → Deadline: -
[2026-05-25 09:50:16]      • [Materi] Video Tutorial: Mendownload File IPYNB di Virtual Class URL → Deadline: -
[2026-05-25 09:50:21]      • [Quiz] Post-Test (M4) → Deadline: Tidak diketahui
[2026-05-25 09:50:26]      • [Assignment] Laporan Akhir (M4) → Deadline: Saturday, 11 April 2026, 11:59 PM
[2026-05-25 09:50:31]      • [Quiz] Pre-Test (M5) → Deadline: Tidak diketahui
[2026-05-25 09:50:35]      • [Materi] Sesi Praktikum URL → Deadline: -
[2026-05-25 09:50:39]      • [Quiz] Post-Test (M5) → Deadline: Tidak diketahui
[2026-05-25 09:50:43]      • [Assignment] Laporan Akhir (M5) → Deadline: Saturday, 18 April 2026, 11:59 PM
[2026-05-25 09:50:46]      • [Quiz] Pre-Test (M6) → Deadline: Tidak diketahui
[2026-05-25 09:50:51]      • [Materi] 6.1  Pendahuluan: Algoritma Dasar Tree URL → Deadline: -
[2026-05-25 09:50:56]      • [Materi] Sesi Praktikum File → Deadline: -
[2026-05-25 09:51:01]      • [Quiz] Post-Test (M6) → Deadline: Tidak diketahui
[2026-05-25 09:51:05]      • [Assignment] Laporan Akhir (M6) → Deadline: Saturday, 25 April 2026, 11:59 PM
[2026-05-25 09:51:09]      • [Quiz] Pre-Test (M8) → Deadline: Tidak diketahui
[2026-05-25 09:51:13]      • [Materi] 8.1  Pendahuluan: Implementasi Graph URL → Deadline: -
[2026-05-25 09:51:18]      • [Materi] Link File Praktikum I - family.pl → Deadline: -
[2026-05-25 09:51:22]      • [Materi] Link File Praktikum II - 8-puzzles.ipynb → Deadline: -
[2026-05-25 09:51:27]      • [Materi] Video Tutorial: Mendownload File IPYNB di Virtual Class URL → Deadline: -
[2026-05-25 09:51:31]      • [Quiz] Post-Test (M8) → Deadline: Tidak diketahui
[2026-05-25 09:51:36]      • [Assignment] Laporan Akhir (M8) → Deadline: Saturday, 9 May 2026, 11:59 PM
[2026-05-25 09:51:41]      • [Quiz] Pre-Test (M9) → Deadline: Tidak diketahui
[2026-05-25 09:51:45]      • [Materi] Sesi Hands-on Praktikum URL → Deadline: -
[2026-05-25 09:51:50]      • [Quiz] Post-Test (M9) → Deadline: Tidak diketahui
[2026-05-25 09:51:54]      • [Assignment] Pengumpulan Tugas (M9) → Deadline: Saturday, 16 May 2026, 11:59 PM
[2026-05-25 09:51:58]      • [Quiz] Pre-Test (M3) → Deadline: Tidak diketahui
[2026-05-25 09:52:02]      • [Materi] Sesi Praktikum URL → Deadline: -
[2026-05-25 09:52:06]      • [Materi] Video Tutorial: Menambahkan File pada Mesin DGX URL → Deadline: -
[2026-05-25 09:52:10]      • [Quiz] Post-Test (M3) → Deadline: Tidak diketahui
[2026-05-25 09:52:15]      • [Assignment] Pengumpulan Tugas (M3) → Deadline: Saturday, 23 May 2026, 11:59 PM
[2026-05-25 09:52:20]      • [Quiz] Pre-Test (M7) → Deadline: Tidak diketahui
[2026-05-25 09:52:24]      • [Materi] Link File Praktikum I - 3-Tekrek-Find-Center.ipynb → Deadline: -
[2026-05-25 09:52:29]      • [Materi] Link File Praktikum II - 3-Tekrek-Sortest-Path.ipynb → Deadline: -
[2026-05-25 09:52:33]      • [Materi] Video Tutorial: Mendownload File IPYNB di Virtual Class URL → Deadline: -
[2026-05-25 09:52:38]      • [Quiz] Post-Test (M7) → Deadline: Tidak diketahui
[2026-05-25 09:52:42]      • [Assignment] Laporan Akhir (M7) → Deadline: Saturday, 23 May 2026, 11:59 PM
[2026-05-25 09:52:45] 📦 Total tugas ditemukan: 107
[2026-05-25 09:52:45] 💾 Disimpan ke python/node/tugas.json
[2026-05-25 18:00:46] 🔐 Login ke V-Class...
[2026-05-25 18:00:46] ✅ Login berhasil
[2026-05-25 18:00:46] 📚 Mengambil mata kuliah ID 108486 ...
[2026-05-25 18:00:46]   ➤ ATA 2025/2026 | 3KB01 | Jaringan Komputer Lanjut | VIVIEN NOVA FITHRIANA
[2026-05-25 18:00:46]      • [Materi] Announcements Forum → Deadline: -
[2026-05-25 18:00:51]      • [Materi] M1 File → Deadline: -
[2026-05-25 18:00:55]      • [Materi] M2 File → Deadline: -
[2026-05-25 18:01:00]      • [Materi] M3 File → Deadline: -
[2026-05-25 18:01:05]      • [Materi] M4 File → Deadline: -
[2026-05-25 18:01:09]      • [Materi] M5 File → Deadline: -
[2026-05-25 18:01:13]      • [Materi] M6 File → Deadline: -
[2026-05-25 18:01:17]      • [Materi] M7 File → Deadline: -
[2026-05-25 18:01:22]      • [Materi] VC-1 : Traffic dan Algoritma Kendali Kemacetan File → Deadline: -
[2026-05-25 18:01:26]      • [Materi] VC-1 : Traffic dan Algoritma Kendali Kemacetan File → Deadline: -
[2026-05-25 18:01:30]      • [Materi] Forum VC-1 : Traffic dan Algoritma Kendali Kemacetan → Deadline: -
[2026-05-25 18:01:34]      • [Quiz] Latihan Soal VC-1 : Traffic dan Algoritma Kendali Kemacetan → Deadline: Tidak diketahui
[2026-05-25 18:01:39]      • [Materi] VC-2 : Traffic dan Algoritma Kendali Kemacetan - Bagian 2 File → Deadline: -
[2026-05-25 18:01:44]      • [Materi] Forum VC-2 : Traffic dan Algoritma Kendali Kemacetan - Bagian 2 → Deadline: -
[2026-05-25 18:01:48]      • [Quiz] Latihan Soal VC-2 : Traffic dan Algoritma Kendali Kemacetan - Bagian 2 → Deadline: Monday, 25 May 2026, 11:59 PM
[2026-05-25 18:01:52]      • [Materi] VC-3 : Lapisan Transport File → Deadline: -
[2026-05-25 18:01:57]      • [Materi] Forum VC-3 : Lapisan Transport → Deadline: -
[2026-05-25 18:02:01]      • [Quiz] Latihan Soal VC-3 : Lapisan Transport → Deadline: Wednesday, 15 July 2026, 11:59 PM
[2026-05-25 18:02:06] 📚 Mengambil mata kuliah ID 108172 ...
[2026-05-25 18:02:06]   ➤ ATA 2025/2026 | 3KB01 | Internet of Things (IoT) | PURNAWARMAN MUSA
[2026-05-25 18:02:06]      • [Materi] Announcements Forum → Deadline: -
[2026-05-25 18:02:10]      • [Materi] M6 File → Deadline: -
[2026-05-25 18:02:14]      • [Quiz] Soal (Tugas Individu) → Deadline: Tidak diketahui
[2026-05-25 18:02:17]      • [Quiz] Soal (Tugas Individu) → Deadline: Tidak diketahui
[2026-05-25 18:02:21] 📚 Mengambil mata kuliah ID 109563 ...
[2026-05-25 18:02:22]   ➤ ATA 2025/2026 | 3KB01 | Sistem Tertanam (Embedded) * | RIDHA ISKANDAR
[2026-05-25 18:02:22]      • [Materi] Selamat Datang di V-Class Sistem Tertanam (Embedded) Forum → Deadline: -
[2026-05-25 18:02:25]      • [Assignment] File 1 → Deadline: Sunday, 26 April 2026, 12:00 AM
[2026-05-25 18:02:30] 📚 Mengambil mata kuliah ID 109970 ...
[2026-05-25 18:02:30]   ➤ ATA 2025/2026 | 2EB10 | Bahasa Indonesia | MELANIAWATI
[2026-05-25 18:02:30] 📚 Mengambil mata kuliah ID 107919 ...
[2026-05-25 18:02:30]   ➤ ATA 2025/2026 | 3KB01 | Sistem Cerdas Lanjut | NUR SULTAN SALAHUDDIN
[2026-05-25 18:02:30]      • [Materi] Announcements Forum → Deadline: -
[2026-05-25 18:02:34]      • [Assignment] Sistem Kesehatan Cerdas → Deadline: Thursday, 21 May 2026, 12:00 AM
[2026-05-25 18:02:40]      • [Quiz] Sistem Kesehatan Cerdas → Deadline: Tidak diketahui
[2026-05-25 18:02:44] 📚 Mengambil mata kuliah ID 107291 ...
[2026-05-25 18:02:44]   ➤ ATA 2025/2026 | 3KB01 | Pengantarmukaan Perif.Komputer * | FARID THALIB
[2026-05-25 18:02:44]      • [Materi] Announcements Forum → Deadline: -
[2026-05-25 18:02:48] 📚 Mengambil mata kuliah ID 104438 ...
[2026-05-25 18:02:48]   ➤ ATA 2025/2026 | 3-FIKTI | Terapan Teori Graf | TEAM TEACHING
[2026-05-25 18:02:48]      • [Materi] PEMBERITAHUAN PELAKSANAAN TEAM TEACHING TERAPAN TEORI GRAF Forum → Deadline: -
[2026-05-25 18:02:52]      • [Materi] M1: Pendahuluan Teori Graf File → Deadline: -
[2026-05-25 18:02:56]      • [Materi] Video Literasi M1: Pendahuluan Teori Graf URL → Deadline: -
[2026-05-25 18:03:00]      • [Quiz] Kuis M1 [kelas PAGI] → Deadline: Tidak diketahui
[2026-05-25 18:03:04]      • [Quiz] Kuis M1 [kelas MALAM] → Deadline: Tidak diketahui
[2026-05-25 18:03:08]      • [Materi] M2: Graf Tidak Berarah dan Graf Berbobot File → Deadline: -
[2026-05-25 18:03:13]      • [Materi] Video Literasi M2 : Graf Tidak Berarah dan Graf Berbobot URL → Deadline: -
[2026-05-25 18:03:17]      • [Quiz] Kuis M2 [KELAS PAGI] : Graf Tidak Berarah dan Graf Berbobot → Deadline: Tidak diketahui
[2026-05-25 18:03:21]      • [Quiz] Kuis M2 [KELAS MALAM] : Graf Tidak Berarah dan Graf Berbobot → Deadline: Tidak diketahui
[2026-05-25 18:03:26]      • [Materi] M4 : Aplikasi Teori Graf di Teknik Elektro File → Deadline: -
[2026-05-25 18:03:30]      • [Materi] Video Literasi M4 : Aplikasi Teori Graf di Teknik Elektro URL → Deadline: -
[2026-05-25 18:03:35]      • [Quiz] Kuis M4 [KELAS PAGI]: Aplikasi Teori Graf di Teknik Elektro → Deadline: Tidak diketahui
[2026-05-25 18:03:39]      • [Quiz] Kuis M4 [KELAS MALAM]: Aplikasi Teori Graf di Teknik Elektro → Deadline: Tidak diketahui
[2026-05-25 18:03:44]      • [Materi] M5 : Knowledge Graph dan Database Graph File → Deadline: -
[2026-05-25 18:03:48]      • [Materi] Video Literasi  M5 : Knowledge Graph dan Database Graph URL → Deadline: -
[2026-05-25 18:03:53]      • [Quiz] Kuis M5 [KELAS PAGI] : nowledge Graph dan Database Graph → Deadline: Tidak diketahui
[2026-05-25 18:03:58]      • [Quiz] Kuis M5 [KELAS MALAM] : Knowledge Graph dan Database Graph → Deadline: Tidak diketahui
[2026-05-25 18:04:02]      • [Materi] M6 : Graf Berarah dan Implementasinya File → Deadline: -
[2026-05-25 18:04:05]      • [Materi] Video Literasi M6 : Graf Berarah dan Implementasinya URL → Deadline: -
[2026-05-25 18:04:09]      • [Quiz] Kuis M6 [KELAS PAGI] : Graf Berarah dan Implementasinya → Deadline: Tidak diketahui
[2026-05-25 18:04:13]      • [Quiz] Kuis M6 [KELAS MALAM] : Graf Berarah dan Implementasinya → Deadline: Tidak diketahui
[2026-05-25 18:04:17]      • [Materi] M8 : Penerapan Teori Graf di Bidang Teknik Sipil File → Deadline: -
[2026-05-25 18:04:21]      • [Materi] Video Literasi M8 : Penerapan Teori Graf di Bidang Teknik Sipil URL → Deadline: -
[2026-05-25 18:04:25]      • [Quiz] Kuis M8 [KELAS PAGI] : Penerapan Teori Graf di Bidang Teknik Sipil → Deadline: Tidak diketahui
[2026-05-25 18:04:29]      • [Quiz] Kuis M8 [KELAS MALAM] : Penerapan Teori Graf di Bidang Teknik Sipil → Deadline: Tidak diketahui
[2026-05-25 18:04:33]      • [Materi] M10 : Penerapan Teori Graf  di Bidang Teknik Industri File → Deadline: -
[2026-05-25 18:04:37]      • [Materi] Video Literasi M10 : Penerapan Teori Graf  di Bidang Teknik Industri URL → Deadline: -
[2026-05-25 18:04:41]      • [Quiz] Kuis M10 [kelas pagi] : Penerapan Teori Graf  di Bidang Teknik Industri → Deadline: Tidak diketahui
[2026-05-25 18:04:46]      • [Quiz] Kuis M10 [kelas malam]: Penerapan Teori Graf  di Bidang Teknik Industri → Deadline: Tidak diketahui
[2026-05-25 18:04:51] 📚 Mengambil mata kuliah ID 104413 ...
[2026-05-25 18:04:51]   ➤ ATA 2025/2026 | 3-FIKTI | Praktikum Terapan Teori Graf
[2026-05-25 18:04:51]      • [Materi] Panduan Praktikum  Forum → Deadline: -
[2026-05-25 18:04:55]      • [Materi] Panduan Google Collaboratory URL → Deadline: -
[2026-05-25 18:05:00]      • [Materi] Panduan Instalasi Anaconda URL → Deadline: -
[2026-05-25 18:05:04]      • [Quiz] Pre-Test (M1) → Deadline: Tidak diketahui
[2026-05-25 18:05:08]      • [Materi] 1.1  Pengantar: Teori Graf URL → Deadline: -
[2026-05-25 18:05:12]      • [Materi] 1.2  Sesi Hands-on Praktikum URL → Deadline: -
[2026-05-25 18:05:16]      • [Materi] 1.3 Tutorial Menambahkan File pada Mesin DGX URL → Deadline: -
[2026-05-25 18:05:20]      • [Quiz] Post-Test (M1) → Deadline: Tidak diketahui
[2026-05-25 18:05:24]      • [Assignment] Pengumpulan Tugas (M1) → Deadline: Saturday, 7 March 2026, 11:59 PM
[2026-05-25 18:05:29]      • [Quiz] Pre-Test (M2) → Deadline: Tidak diketahui
[2026-05-25 18:05:33]      • [Materi] 2.1  Pengantar: Berbagai Pemecahan Masalah Menggunakan Teori Graf Page → Deadline: -
[2026-05-25 18:05:38]      • [Quiz] Post-Test (M2) → Deadline: Tidak diketahui
[2026-05-25 18:05:43]      • [Assignment] Pengumpulan Tugas (M2) → Deadline: Saturday, 14 March 2026, 11:59 PM
[2026-05-25 18:05:47]      • [Quiz] Pre-Test (M4) → Deadline: Tidak diketahui
[2026-05-25 18:05:52]      • [Materi] 4.1  Pengantar: Breadth First Search URL → Deadline: -
[2026-05-25 18:05:55]      • [Materi] Sesi Praktikum File → Deadline: -
[2026-05-25 18:05:59]      • [Materi] Video Tutorial: Mendownload File IPYNB di Virtual Class URL → Deadline: -
[2026-05-25 18:06:03]      • [Quiz] Post-Test (M4) → Deadline: Tidak diketahui
[2026-05-25 18:06:08]      • [Assignment] Laporan Akhir (M4) → Deadline: Saturday, 11 April 2026, 11:59 PM
[2026-05-25 18:06:13]      • [Quiz] Pre-Test (M5) → Deadline: Tidak diketahui
[2026-05-25 18:06:17]      • [Materi] Sesi Praktikum URL → Deadline: -
[2026-05-25 18:06:21]      • [Quiz] Post-Test (M5) → Deadline: Tidak diketahui
[2026-05-25 18:06:26]      • [Assignment] Laporan Akhir (M5) → Deadline: Saturday, 18 April 2026, 11:59 PM
[2026-05-25 18:06:30]      • [Quiz] Pre-Test (M6) → Deadline: Tidak diketahui
[2026-05-25 18:06:35]      • [Materi] 6.1  Pendahuluan: Algoritma Dasar Tree URL → Deadline: -
[2026-05-25 18:06:40]      • [Materi] Sesi Praktikum File → Deadline: -
[2026-05-25 18:06:44]      • [Quiz] Post-Test (M6) → Deadline: Tidak diketahui
[2026-05-25 18:06:48]      • [Assignment] Laporan Akhir (M6) → Deadline: Saturday, 25 April 2026, 11:59 PM
[2026-05-25 18:06:53]      • [Quiz] Pre-Test (M8) → Deadline: Tidak diketahui
[2026-05-25 18:06:57]      • [Materi] 8.1  Pendahuluan: Implementasi Graph URL → Deadline: -
[2026-05-25 18:07:02]      • [Materi] Link File Praktikum I - family.pl → Deadline: -
[2026-05-25 18:07:06]      • [Materi] Link File Praktikum II - 8-puzzles.ipynb → Deadline: -
[2026-05-25 18:07:09]      • [Materi] Video Tutorial: Mendownload File IPYNB di Virtual Class URL → Deadline: -
[2026-05-25 18:07:13]      • [Quiz] Post-Test (M8) → Deadline: Tidak diketahui
[2026-05-25 18:07:17]      • [Assignment] Laporan Akhir (M8) → Deadline: Saturday, 9 May 2026, 11:59 PM
[2026-05-25 18:07:22]      • [Quiz] Pre-Test (M9) → Deadline: Tidak diketahui
[2026-05-25 18:07:26]      • [Materi] Sesi Hands-on Praktikum URL → Deadline: -
[2026-05-25 18:07:31]      • [Quiz] Post-Test (M9) → Deadline: Tidak diketahui
[2026-05-25 18:07:35]      • [Assignment] Pengumpulan Tugas (M9) → Deadline: Saturday, 16 May 2026, 11:59 PM
[2026-05-25 18:07:40]      • [Quiz] Pre-Test (M3) → Deadline: Tidak diketahui
[2026-05-25 18:07:43]      • [Materi] Sesi Praktikum URL → Deadline: -
[2026-05-25 18:07:47]      • [Materi] Video Tutorial: Menambahkan File pada Mesin DGX URL → Deadline: -
[2026-05-25 18:07:52]      • [Quiz] Post-Test (M3) → Deadline: Tidak diketahui
[2026-05-25 18:07:56]      • [Assignment] Pengumpulan Tugas (M3) → Deadline: Saturday, 23 May 2026, 11:59 PM
[2026-05-25 18:07:59]      • [Quiz] Pre-Test (M7) → Deadline: Tidak diketahui
[2026-05-25 18:08:03]      • [Materi] Link File Praktikum I - 3-Tekrek-Find-Center.ipynb → Deadline: -
[2026-05-25 18:08:08]      • [Materi] Link File Praktikum II - 3-Tekrek-Sortest-Path.ipynb → Deadline: -
[2026-05-25 18:08:13]      • [Materi] Video Tutorial: Mendownload File IPYNB di Virtual Class URL → Deadline: -
[2026-05-25 18:08:17]      • [Quiz] Post-Test (M7) → Deadline: Tidak diketahui
[2026-05-25 18:08:22]      • [Assignment] Laporan Akhir (M7) → Deadline: Saturday, 23 May 2026, 11:59 PM
[2026-05-25 18:08:27] 📦 Total tugas ditemukan: 107
[2026-05-25 18:08:27] 💾 Disimpan ke python/node/tugas.json
