[2026-06-17 09:45:05] 🔐 Login ke V-Class...
[2026-06-17 09:45:05] ✅ Login berhasil
[2026-06-17 09:45:05] 📚 Mengambil mata kuliah ID 108486 ...
[2026-06-17 09:45:06]   ➤ ATA 2025/2026 | 3KB01 | Jaringan Komputer Lanjut | VIVIEN NOVA FITHRIANA
[2026-06-17 09:45:06]      • [Materi] Announcements Forum → Deadline: -
[2026-06-17 09:45:10]      • [Materi] M1 File → Deadline: -
[2026-06-17 09:45:15]      • [Materi] M2 File → Deadline: -
[2026-06-17 09:45:19]      • [Materi] M3 File → Deadline: -
[2026-06-17 09:45:24]      • [Materi] M4 File → Deadline: -
[2026-06-17 09:45:28]      • [Materi] M5 File → Deadline: -
[2026-06-17 09:45:32]      • [Materi] M6 File → Deadline: -
[2026-06-17 09:45:36]      • [Materi] M7 File → Deadline: -
[2026-06-17 09:45:41]      • [Materi] VC-1 : Traffic dan Algoritma Kendali Kemacetan File → Deadline: -
[2026-06-17 09:45:44]      • [Materi] VC-1 : Traffic dan Algoritma Kendali Kemacetan File → Deadline: -
[2026-06-17 09:45:49]      • [Materi] Forum VC-1 : Traffic dan Algoritma Kendali Kemacetan → Deadline: -
[2026-06-17 09:45:53]      • [Quiz] Latihan Soal VC-1 : Traffic dan Algoritma Kendali Kemacetan → Deadline: Tidak diketahui
[2026-06-17 09:45:57]      • [Materi] VC-2 : Traffic dan Algoritma Kendali Kemacetan - Bagian 2 File → Deadline: -
[2026-06-17 09:46:01]      • [Materi] Forum VC-2 : Traffic dan Algoritma Kendali Kemacetan - Bagian 2 → Deadline: -
[2026-06-17 09:46:04]      • [Quiz] Latihan Soal VC-2 : Traffic dan Algoritma Kendali Kemacetan - Bagian 2 → Deadline: Tidak diketahui
[2026-06-17 09:46:09]      • [Materi] VC-3 : Lapisan Transport File → Deadline: -
[2026-06-17 09:46:12]      • [Materi] Forum VC-3 : Lapisan Transport → Deadline: -
[2026-06-17 09:46:17]      • [Quiz] Latihan Soal VC-3 : Lapisan Transport → Deadline: Wednesday, 15 July 2026, 11:59 PM
[2026-06-17 09:46:21] 📚 Mengambil mata kuliah ID 108172 ...
[2026-06-17 09:46:21]   ➤ ATA 2025/2026 | 3KB01 | Internet of Things (IoT) | PURNAWARMAN MUSA
[2026-06-17 09:46:21]      • [Materi] Announcements Forum → Deadline: -
[2026-06-17 09:46:25]      • [Materi] M6 File → Deadline: -
[2026-06-17 09:46:30]      • [Quiz] Soal (Tugas Individu) → Deadline: Tidak diketahui
[2026-06-17 09:46:34]      • [Quiz] Soal (Tugas Individu) → Deadline: Tidak diketahui
[2026-06-17 09:46:38] 📚 Mengambil mata kuliah ID 109563 ...
[2026-06-17 09:46:38]   ➤ ATA 2025/2026 | 3KB01 | Sistem Tertanam (Embedded) * | RIDHA ISKANDAR
[2026-06-17 09:46:38]      • [Materi] Selamat Datang di V-Class Sistem Tertanam (Embedded) Forum → Deadline: -
[2026-06-17 09:46:42]      • [Assignment] File 1 → Deadline: Sunday, 26 April 2026, 12:00 AM
[2026-06-17 09:46:46] 📚 Mengambil mata kuliah ID 109970 ...
[2026-06-17 09:46:46]   ➤ ATA 2025/2026 | 2EB10 | Bahasa Indonesia | MELANIAWATI
[2026-06-17 09:46:46] 📚 Mengambil mata kuliah ID 107919 ...
[2026-06-17 09:46:46]   ➤ ATA 2025/2026 | 3KB01 | Sistem Cerdas Lanjut | NUR SULTAN SALAHUDDIN
[2026-06-17 09:46:46]      • [Materi] Announcements Forum → Deadline: -
[2026-06-17 09:46:51]      • [Assignment] Sistem Kesehatan Cerdas → Deadline: Thursday, 21 May 2026, 12:00 AM
[2026-06-17 09:46:55]      • [Quiz] Sistem Kesehatan Cerdas → Deadline: Tidak diketahui
[2026-06-17 09:46:59] 📚 Mengambil mata kuliah ID 107291 ...
[2026-06-17 09:46:59]   ➤ ATA 2025/2026 | 3KB01 | Pengantarmukaan Perif.Komputer * | FARID THALIB
[2026-06-17 09:46:59]      • [Materi] Announcements Forum → Deadline: -
[2026-06-17 09:47:03] 📚 Mengambil mata kuliah ID 104438 ...
[2026-06-17 09:47:03]   ➤ ATA 2025/2026 | 3-FIKTI | Terapan Teori Graf | TEAM TEACHING
[2026-06-17 09:47:03]      • [Materi] PEMBERITAHUAN UTS SUSULAN File → Deadline: -
[2026-06-17 09:47:08]      • [Materi] PEMBERITAHUAN PELAKSANAAN TEAM TEACHING TERAPAN TEORI GRAF Forum → Deadline: -
[2026-06-17 09:47:12]      • [Materi] M1: Pendahuluan Teori Graf File → Deadline: -
[2026-06-17 09:47:17]      • [Materi] Video Literasi M1: Pendahuluan Teori Graf URL → Deadline: -
[2026-06-17 09:47:22]      • [Quiz] Kuis M1 [kelas PAGI] → Deadline: Tidak diketahui
[2026-06-17 09:47:26]      • [Quiz] Kuis M1 [kelas MALAM] → Deadline: Tidak diketahui
[2026-06-17 09:47:31]      • [Materi] M2: Graf Tidak Berarah dan Graf Berbobot File → Deadline: -
[2026-06-17 09:47:35]      • [Materi] Video Literasi M2 : Graf Tidak Berarah dan Graf Berbobot URL → Deadline: -
[2026-06-17 09:47:38]      • [Quiz] Kuis M2 [KELAS PAGI] : Graf Tidak Berarah dan Graf Berbobot → Deadline: Tidak diketahui
[2026-06-17 09:47:42]      • [Quiz] Kuis M2 [KELAS MALAM] : Graf Tidak Berarah dan Graf Berbobot → Deadline: Tidak diketahui
[2026-06-17 09:47:47]      • [Materi] M4 : Aplikasi Teori Graf di Teknik Elektro File → Deadline: -
[2026-06-17 09:47:51]      • [Materi] Video Literasi M4 : Aplikasi Teori Graf di Teknik Elektro URL → Deadline: -
[2026-06-17 09:47:55]      • [Quiz] Kuis M4 [KELAS PAGI]: Aplikasi Teori Graf di Teknik Elektro → Deadline: Tidak diketahui
[2026-06-17 09:48:00]      • [Quiz] Kuis M4 [KELAS MALAM]: Aplikasi Teori Graf di Teknik Elektro → Deadline: Tidak diketahui
[2026-06-17 09:48:03]      • [Materi] M5 : Knowledge Graph dan Database Graph File → Deadline: -
[2026-06-17 09:48:07]      • [Materi] Video Literasi  M5 : Knowledge Graph dan Database Graph URL → Deadline: -
[2026-06-17 09:48:12]      • [Quiz] Kuis M5 [KELAS PAGI] : nowledge Graph dan Database Graph → Deadline: Tidak diketahui
[2026-06-17 09:48:16]      • [Quiz] Kuis M5 [KELAS MALAM] : Knowledge Graph dan Database Graph → Deadline: Tidak diketahui
[2026-06-17 09:48:20]      • [Materi] M6 : Graf Berarah dan Implementasinya File → Deadline: -
[2026-06-17 09:48:23]      • [Materi] Video Literasi M6 : Graf Berarah dan Implementasinya URL → Deadline: -
[2026-06-17 09:48:28]      • [Quiz] Kuis M6 [KELAS PAGI] : Graf Berarah dan Implementasinya → Deadline: Tidak diketahui
[2026-06-17 09:48:33]      • [Quiz] Kuis M6 [KELAS MALAM] : Graf Berarah dan Implementasinya → Deadline: Tidak diketahui
[2026-06-17 09:48:38]      • [Materi] M8 : Penerapan Teori Graf di Bidang Teknik Sipil File → Deadline: -
[2026-06-17 09:48:43]      • [Materi] Video Literasi M8 : Penerapan Teori Graf di Bidang Teknik Sipil URL → Deadline: -
[2026-06-17 09:48:47]      • [Quiz] Kuis M8 [KELAS PAGI] : Penerapan Teori Graf di Bidang Teknik Sipil → Deadline: Tidak diketahui
[2026-06-17 09:48:52]      • [Quiz] Kuis M8 [KELAS MALAM] : Penerapan Teori Graf di Bidang Teknik Sipil → Deadline: Tidak diketahui
[2026-06-17 09:48:57]      • [Materi] M10 : Penerapan Teori Graf  di Bidang Teknik Industri File → Deadline: -
[2026-06-17 09:49:01]      • [Materi] Video Literasi M10 : Penerapan Teori Graf  di Bidang Teknik Industri URL → Deadline: -
[2026-06-17 09:49:05]      • [Quiz] Kuis M10 [kelas pagi] : Penerapan Teori Graf  di Bidang Teknik Industri → Deadline: Tidak diketahui
[2026-06-17 09:49:09]      • [Quiz] Kuis M10 [kelas malam]: Penerapan Teori Graf  di Bidang Teknik Industri → Deadline: Tidak diketahui
[2026-06-17 09:49:13] 📚 Mengambil mata kuliah ID 104413 ...
[2026-06-17 09:49:14]   ➤ ATA 2025/2026 | 3-FIKTI | Praktikum Terapan Teori Graf
[2026-06-17 09:49:14]      • [Materi] Panduan Praktikum  Forum → Deadline: -
[2026-06-17 09:49:18]      • [Materi] Panduan Google Collaboratory URL → Deadline: -
[2026-06-17 09:49:22]      • [Materi] Panduan Instalasi Anaconda URL → Deadline: -
[2026-06-17 09:49:25]      • [Quiz] Pre-Test (M1) → Deadline: Tidak diketahui
[2026-06-17 09:49:30]      • [Materi] 1.1  Pengantar: Teori Graf URL → Deadline: -
[2026-06-17 09:49:34]      • [Materi] 1.2  Sesi Hands-on Praktikum URL → Deadline: -
[2026-06-17 09:49:38]      • [Materi] 1.3 Tutorial Menambahkan File pada Mesin DGX URL → Deadline: -
[2026-06-17 09:49:43]      • [Quiz] Post-Test (M1) → Deadline: Tidak diketahui
[2026-06-17 09:49:47]      • [Assignment] Pengumpulan Tugas (M1) → Deadline: Saturday, 7 March 2026, 11:59 PM
[2026-06-17 09:49:52]      • [Quiz] Pre-Test (M2) → Deadline: Tidak diketahui
[2026-06-17 09:49:56]      • [Materi] 2.1  Pengantar: Berbagai Pemecahan Masalah Menggunakan Teori Graf Page → Deadline: -
[2026-06-17 09:50:01]      • [Quiz] Post-Test (M2) → Deadline: Tidak diketahui
[2026-06-17 09:50:06]      • [Assignment] Pengumpulan Tugas (M2) → Deadline: Saturday, 14 March 2026, 11:59 PM
[2026-06-17 09:50:10]      • [Quiz] Pre-Test (M4) → Deadline: Tidak diketahui
[2026-06-17 09:50:15]      • [Materi] 4.1  Pengantar: Breadth First Search URL → Deadline: -
[2026-06-17 09:50:18]      • [Materi] Sesi Praktikum File → Deadline: -
[2026-06-17 09:50:23]      • [Materi] Video Tutorial: Mendownload File IPYNB di Virtual Class URL → Deadline: -
[2026-06-17 09:50:26]      • [Quiz] Post-Test (M4) → Deadline: Tidak diketahui
[2026-06-17 09:50:31]      • [Assignment] Laporan Akhir (M4) → Deadline: Saturday, 11 April 2026, 11:59 PM
[2026-06-17 09:50:35]      • [Quiz] Pre-Test (M5) → Deadline: Tidak diketahui
[2026-06-17 09:50:39]      • [Materi] Sesi Praktikum URL → Deadline: -
[2026-06-17 09:50:43]      • [Quiz] Post-Test (M5) → Deadline: Tidak diketahui
[2026-06-17 09:50:47]      • [Assignment] Laporan Akhir (M5) → Deadline: Saturday, 18 April 2026, 11:59 PM
[2026-06-17 09:50:52]      • [Quiz] Pre-Test (M6) → Deadline: Tidak diketahui
[2026-06-17 09:50:57]      • [Materi] 6.1  Pendahuluan: Algoritma Dasar Tree URL → Deadline: -
[2026-06-17 09:51:01]      • [Materi] Sesi Praktikum File → Deadline: -
[2026-06-17 09:51:06]      • [Quiz] Post-Test (M6) → Deadline: Tidak diketahui
[2026-06-17 09:51:10]      • [Assignment] Laporan Akhir (M6) → Deadline: Saturday, 25 April 2026, 11:59 PM
[2026-06-17 09:51:14]      • [Quiz] Pre-Test (M8) → Deadline: Tidak diketahui
[2026-06-17 09:51:18]      • [Materi] 8.1  Pendahuluan: Implementasi Graph URL → Deadline: -
[2026-06-17 09:51:22]      • [Materi] Link File Praktikum I - family.pl → Deadline: -
[2026-06-17 09:51:27]      • [Materi] Link File Praktikum II - 8-puzzles.ipynb → Deadline: -
[2026-06-17 09:51:32]      • [Materi] Video Tutorial: Mendownload File IPYNB di Virtual Class URL → Deadline: -
[2026-06-17 09:51:36]      • [Quiz] Post-Test (M8) → Deadline: Tidak diketahui
[2026-06-17 09:51:40]      • [Assignment] Laporan Akhir (M8) → Deadline: Saturday, 9 May 2026, 11:59 PM
[2026-06-17 09:51:44]      • [Quiz] Pre-Test (M9) → Deadline: Tidak diketahui
[2026-06-17 09:51:47]      • [Materi] Sesi Hands-on Praktikum URL → Deadline: -
[2026-06-17 09:51:51]      • [Quiz] Post-Test (M9) → Deadline: Tidak diketahui
[2026-06-17 09:51:56]      • [Assignment] Pengumpulan Tugas (M9) → Deadline: Saturday, 16 May 2026, 11:59 PM
[2026-06-17 09:51:59]      • [Quiz] Pre-Test (M3) → Deadline: Tidak diketahui
[2026-06-17 09:52:03]      • [Materi] Sesi Praktikum URL → Deadline: -
[2026-06-17 09:52:07]      • [Materi] Video Tutorial: Menambahkan File pada Mesin DGX URL → Deadline: -
[2026-06-17 09:52:12]      • [Quiz] Post-Test (M3) → Deadline: Tidak diketahui
[2026-06-17 09:52:17]      • [Assignment] Pengumpulan Tugas (M3) → Deadline: Saturday, 23 May 2026, 11:59 PM
[2026-06-17 09:52:21]      • [Quiz] Pre-Test (M7) → Deadline: Tidak diketahui
[2026-06-17 09:52:26]      • [Materi] Link File Praktikum I - 3-Tekrek-Find-Center.ipynb → Deadline: -
[2026-06-17 09:52:30]      • [Materi] Link File Praktikum II - 3-Tekrek-Sortest-Path.ipynb → Deadline: -
[2026-06-17 09:52:35]      • [Materi] Video Tutorial: Mendownload File IPYNB di Virtual Class URL → Deadline: -
[2026-06-17 09:52:39]      • [Quiz] Post-Test (M7) → Deadline: Tidak diketahui
[2026-06-17 09:52:43]      • [Assignment] Laporan Akhir (M7) → Deadline: Saturday, 23 May 2026, 11:59 PM
[2026-06-17 09:52:48] 📦 Total tugas ditemukan: 108
[2026-06-17 09:52:48] 💾 Disimpan ke python/node/tugas.json
[2026-06-17 15:15:29] 🔐 Login ke V-Class...
[2026-06-17 15:15:39] ✅ Login berhasil
[2026-06-17 15:15:39] 📚 Mengambil mata kuliah ID 108486 ...
[2026-06-17 15:15:39]   ➤ ATA 2025/2026 | 3KB01 | Jaringan Komputer Lanjut | VIVIEN NOVA FITHRIANA
[2026-06-17 15:15:39]      • [Materi] Announcements Forum → Deadline: -
[2026-06-17 15:15:44]      • [Materi] M1 File → Deadline: -
[2026-06-17 15:15:48]      • [Materi] M2 File → Deadline: -
[2026-06-17 15:15:53]      • [Materi] M3 File → Deadline: -
[2026-06-17 15:15:57]      • [Materi] M4 File → Deadline: -
[2026-06-17 15:16:01]      • [Materi] M5 File → Deadline: -
[2026-06-17 15:16:06]      • [Materi] M6 File → Deadline: -
[2026-06-17 15:16:10]      • [Materi] M7 File → Deadline: -
[2026-06-17 15:16:14]      • [Materi] VC-1 : Traffic dan Algoritma Kendali Kemacetan File → Deadline: -
[2026-06-17 15:16:17]      • [Materi] VC-1 : Traffic dan Algoritma Kendali Kemacetan File → Deadline: -
[2026-06-17 15:16:22]      • [Materi] Forum VC-1 : Traffic dan Algoritma Kendali Kemacetan → Deadline: -
[2026-06-17 15:16:26]      • [Quiz] Latihan Soal VC-1 : Traffic dan Algoritma Kendali Kemacetan → Deadline: Tidak diketahui
[2026-06-17 15:16:31]      • [Materi] VC-2 : Traffic dan Algoritma Kendali Kemacetan - Bagian 2 File → Deadline: -
[2026-06-17 15:16:36]      • [Materi] Forum VC-2 : Traffic dan Algoritma Kendali Kemacetan - Bagian 2 → Deadline: -
[2026-06-17 15:16:41]      • [Quiz] Latihan Soal VC-2 : Traffic dan Algoritma Kendali Kemacetan - Bagian 2 → Deadline: Tidak diketahui
[2026-06-17 15:16:45]      • [Materi] VC-3 : Lapisan Transport File → Deadline: -
[2026-06-17 15:16:49]      • [Materi] Forum VC-3 : Lapisan Transport → Deadline: -
[2026-06-17 15:16:52]      • [Quiz] Latihan Soal VC-3 : Lapisan Transport → Deadline: Wednesday, 15 July 2026, 11:59 PM
[2026-06-17 15:16:57] 📚 Mengambil mata kuliah ID 108172 ...
[2026-06-17 15:16:57]   ➤ ATA 2025/2026 | 3KB01 | Internet of Things (IoT) | PURNAWARMAN MUSA
[2026-06-17 15:16:57]      • [Materi] Announcements Forum → Deadline: -
[2026-06-17 15:17:02]      • [Materi] M6 File → Deadline: -
[2026-06-17 15:17:07]      • [Quiz] Soal (Tugas Individu) → Deadline: Tidak diketahui
[2026-06-17 15:17:12]      • [Quiz] Soal (Tugas Individu) → Deadline: Tidak diketahui
[2026-06-17 15:17:16] 📚 Mengambil mata kuliah ID 109563 ...
[2026-06-17 15:17:16]   ➤ ATA 2025/2026 | 3KB01 | Sistem Tertanam (Embedded) * | RIDHA ISKANDAR
[2026-06-17 15:17:16]      • [Materi] Selamat Datang di V-Class Sistem Tertanam (Embedded) Forum → Deadline: -
[2026-06-17 15:17:21]      • [Assignment] File 1 → Deadline: Sunday, 26 April 2026, 12:00 AM
[2026-06-17 15:17:26] 📚 Mengambil mata kuliah ID 109970 ...
[2026-06-17 15:17:26]   ➤ ATA 2025/2026 | 2EB10 | Bahasa Indonesia | MELANIAWATI
[2026-06-17 15:17:26] 📚 Mengambil mata kuliah ID 107919 ...
[2026-06-17 15:17:26]   ➤ ATA 2025/2026 | 3KB01 | Sistem Cerdas Lanjut | NUR SULTAN SALAHUDDIN
[2026-06-17 15:17:26]      • [Materi] Announcements Forum → Deadline: -
[2026-06-17 15:17:31]      • [Assignment] Sistem Kesehatan Cerdas → Deadline: Thursday, 21 May 2026, 12:00 AM
[2026-06-17 15:17:35]      • [Quiz] Sistem Kesehatan Cerdas → Deadline: Tidak diketahui
[2026-06-17 15:17:39] 📚 Mengambil mata kuliah ID 107291 ...
[2026-06-17 15:17:39]   ➤ ATA 2025/2026 | 3KB01 | Pengantarmukaan Perif.Komputer * | FARID THALIB
[2026-06-17 15:17:39]      • [Materi] Announcements Forum → Deadline: -
[2026-06-17 15:17:43] 📚 Mengambil mata kuliah ID 104438 ...
[2026-06-17 15:17:43]   ➤ ATA 2025/2026 | 3-FIKTI | Terapan Teori Graf | TEAM TEACHING
[2026-06-17 15:17:43]      • [Materi] PEMBERITAHUAN UTS SUSULAN File → Deadline: -
[2026-06-17 15:17:48]      • [Materi] PEMBERITAHUAN PELAKSANAAN TEAM TEACHING TERAPAN TEORI GRAF Forum → Deadline: -
[2026-06-17 15:17:53]      • [Materi] M1: Pendahuluan Teori Graf File → Deadline: -
[2026-06-17 15:17:57]      • [Materi] Video Literasi M1: Pendahuluan Teori Graf URL → Deadline: -
[2026-06-17 15:18:01]      • [Quiz] Kuis M1 [kelas PAGI] → Deadline: Tidak diketahui
[2026-06-17 15:18:05]      • [Quiz] Kuis M1 [kelas MALAM] → Deadline: Tidak diketahui
[2026-06-17 15:18:10]      • [Materi] M2: Graf Tidak Berarah dan Graf Berbobot File → Deadline: -
[2026-06-17 15:18:15]      • [Materi] Video Literasi M2 : Graf Tidak Berarah dan Graf Berbobot URL → Deadline: -
[2026-06-17 15:18:18]      • [Quiz] Kuis M2 [KELAS PAGI] : Graf Tidak Berarah dan Graf Berbobot → Deadline: Tidak diketahui
[2026-06-17 15:18:23]      • [Quiz] Kuis M2 [KELAS MALAM] : Graf Tidak Berarah dan Graf Berbobot → Deadline: Tidak diketahui
[2026-06-17 15:18:28]      • [Materi] M4 : Aplikasi Teori Graf di Teknik Elektro File → Deadline: -
[2026-06-17 15:18:32]      • [Materi] Video Literasi M4 : Aplikasi Teori Graf di Teknik Elektro URL → Deadline: -
[2026-06-17 15:18:36]      • [Quiz] Kuis M4 [KELAS PAGI]: Aplikasi Teori Graf di Teknik Elektro → Deadline: Tidak diketahui
[2026-06-17 15:18:40]      • [Quiz] Kuis M4 [KELAS MALAM]: Aplikasi Teori Graf di Teknik Elektro → Deadline: Tidak diketahui
[2026-06-17 15:18:44]      • [Materi] M5 : Knowledge Graph dan Database Graph File → Deadline: -
[2026-06-17 15:18:48]      • [Materi] Video Literasi  M5 : Knowledge Graph dan Database Graph URL → Deadline: -
[2026-06-17 15:18:52]      • [Quiz] Kuis M5 [KELAS PAGI] : nowledge Graph dan Database Graph → Deadline: Tidak diketahui
[2026-06-17 15:18:56]      • [Quiz] Kuis M5 [KELAS MALAM] : Knowledge Graph dan Database Graph → Deadline: Tidak diketahui
[2026-06-17 15:19:01]      • [Materi] M6 : Graf Berarah dan Implementasinya File → Deadline: -
[2026-06-17 15:19:04]      • [Materi] Video Literasi M6 : Graf Berarah dan Implementasinya URL → Deadline: -
[2026-06-17 15:19:08]      • [Quiz] Kuis M6 [KELAS PAGI] : Graf Berarah dan Implementasinya → Deadline: Tidak diketahui
[2026-06-17 15:19:12]      • [Quiz] Kuis M6 [KELAS MALAM] : Graf Berarah dan Implementasinya → Deadline: Tidak diketahui
[2026-06-17 15:19:16]      • [Materi] M8 : Penerapan Teori Graf di Bidang Teknik Sipil File → Deadline: -
[2026-06-17 15:19:21]      • [Materi] Video Literasi M8 : Penerapan Teori Graf di Bidang Teknik Sipil URL → Deadline: -
[2026-06-17 15:19:26]      • [Quiz] Kuis M8 [KELAS PAGI] : Penerapan Teori Graf di Bidang Teknik Sipil → Deadline: Tidak diketahui
[2026-06-17 15:19:30]      • [Quiz] Kuis M8 [KELAS MALAM] : Penerapan Teori Graf di Bidang Teknik Sipil → Deadline: Tidak diketahui
[2026-06-17 15:19:33]      • [Materi] M10 : Penerapan Teori Graf  di Bidang Teknik Industri File → Deadline: -
[2026-06-17 15:19:38]      • [Materi] Video Literasi M10 : Penerapan Teori Graf  di Bidang Teknik Industri URL → Deadline: -
[2026-06-17 15:19:42]      • [Quiz] Kuis M10 [kelas pagi] : Penerapan Teori Graf  di Bidang Teknik Industri → Deadline: Tidak diketahui
[2026-06-17 15:19:47]      • [Quiz] Kuis M10 [kelas malam]: Penerapan Teori Graf  di Bidang Teknik Industri → Deadline: Tidak diketahui
[2026-06-17 15:19:51] 📚 Mengambil mata kuliah ID 104413 ...
[2026-06-17 15:19:51]   ➤ ATA 2025/2026 | 3-FIKTI | Praktikum Terapan Teori Graf
[2026-06-17 15:19:51]      • [Materi] Panduan Praktikum  Forum → Deadline: -
[2026-06-17 15:19:55]      • [Materi] Panduan Google Collaboratory URL → Deadline: -
[2026-06-17 15:19:59]      • [Materi] Panduan Instalasi Anaconda URL → Deadline: -
[2026-06-17 15:20:04]      • [Quiz] Pre-Test (M1) → Deadline: Tidak diketahui
[2026-06-17 15:20:08]      • [Materi] 1.1  Pengantar: Teori Graf URL → Deadline: -
[2026-06-17 15:20:12]      • [Materi] 1.2  Sesi Hands-on Praktikum URL → Deadline: -
[2026-06-17 15:20:15]      • [Materi] 1.3 Tutorial Menambahkan File pada Mesin DGX URL → Deadline: -
[2026-06-17 15:20:20]      • [Quiz] Post-Test (M1) → Deadline: Tidak diketahui
[2026-06-17 15:20:25]      • [Assignment] Pengumpulan Tugas (M1) → Deadline: Saturday, 7 March 2026, 11:59 PM
[2026-06-17 15:20:29]      • [Quiz] Pre-Test (M2) → Deadline: Tidak diketahui
[2026-06-17 15:20:33]      • [Materi] 2.1  Pengantar: Berbagai Pemecahan Masalah Menggunakan Teori Graf Page → Deadline: -
[2026-06-17 15:20:37]      • [Quiz] Post-Test (M2) → Deadline: Tidak diketahui
[2026-06-17 15:20:42]      • [Assignment] Pengumpulan Tugas (M2) → Deadline: Saturday, 14 March 2026, 11:59 PM
[2026-06-17 15:20:46]      • [Quiz] Pre-Test (M4) → Deadline: Tidak diketahui
[2026-06-17 15:20:51]      • [Materi] 4.1  Pengantar: Breadth First Search URL → Deadline: -
[2026-06-17 15:20:55]      • [Materi] Sesi Praktikum File → Deadline: -
[2026-06-17 15:20:59]      • [Materi] Video Tutorial: Mendownload File IPYNB di Virtual Class URL → Deadline: -
[2026-06-17 15:21:03]      • [Quiz] Post-Test (M4) → Deadline: Tidak diketahui
[2026-06-17 15:21:06]      • [Assignment] Laporan Akhir (M4) → Deadline: Saturday, 11 April 2026, 11:59 PM
[2026-06-17 15:21:11]      • [Quiz] Pre-Test (M5) → Deadline: Tidak diketahui
[2026-06-17 15:21:16]      • [Materi] Sesi Praktikum URL → Deadline: -
[2026-06-17 15:21:20]      • [Quiz] Post-Test (M5) → Deadline: Tidak diketahui
[2026-06-17 15:21:25]      • [Assignment] Laporan Akhir (M5) → Deadline: Saturday, 18 April 2026, 11:59 PM
[2026-06-17 15:21:30]      • [Quiz] Pre-Test (M6) → Deadline: Tidak diketahui
[2026-06-17 15:21:34]      • [Materi] 6.1  Pendahuluan: Algoritma Dasar Tree URL → Deadline: -
[2026-06-17 15:21:38]      • [Materi] Sesi Praktikum File → Deadline: -
[2026-06-17 15:21:42]      • [Quiz] Post-Test (M6) → Deadline: Tidak diketahui
[2026-06-17 15:21:46]      • [Assignment] Laporan Akhir (M6) → Deadline: Saturday, 25 April 2026, 11:59 PM
[2026-06-17 15:21:51]      • [Quiz] Pre-Test (M8) → Deadline: Tidak diketahui
[2026-06-17 15:21:56]      • [Materi] 8.1  Pendahuluan: Implementasi Graph URL → Deadline: -
[2026-06-17 15:22:01]      • [Materi] Link File Praktikum I - family.pl → Deadline: -
[2026-06-17 15:22:05]      • [Materi] Link File Praktikum II - 8-puzzles.ipynb → Deadline: -
[2026-06-17 15:22:09]      • [Materi] Video Tutorial: Mendownload File IPYNB di Virtual Class URL → Deadline: -
[2026-06-17 15:22:14]      • [Quiz] Post-Test (M8) → Deadline: Tidak diketahui
[2026-06-17 15:22:19]      • [Assignment] Laporan Akhir (M8) → Deadline: Saturday, 9 May 2026, 11:59 PM
[2026-06-17 15:22:24]      • [Quiz] Pre-Test (M9) → Deadline: Tidak diketahui
[2026-06-17 15:22:28]      • [Materi] Sesi Hands-on Praktikum URL → Deadline: -
[2026-06-17 15:22:33]      • [Quiz] Post-Test (M9) → Deadline: Tidak diketahui
[2026-06-17 15:22:37]      • [Assignment] Pengumpulan Tugas (M9) → Deadline: Saturday, 16 May 2026, 11:59 PM
[2026-06-17 15:22:41]      • [Quiz] Pre-Test (M3) → Deadline: Tidak diketahui
[2026-06-17 15:22:45]      • [Materi] Sesi Praktikum URL → Deadline: -
[2026-06-17 15:22:49]      • [Materi] Video Tutorial: Menambahkan File pada Mesin DGX URL → Deadline: -
[2026-06-17 15:22:54]      • [Quiz] Post-Test (M3) → Deadline: Tidak diketahui
[2026-06-17 15:22:58]      • [Assignment] Pengumpulan Tugas (M3) → Deadline: Saturday, 23 May 2026, 11:59 PM
[2026-06-17 15:23:02]      • [Quiz] Pre-Test (M7) → Deadline: Tidak diketahui
[2026-06-17 15:23:07]      • [Materi] Link File Praktikum I - 3-Tekrek-Find-Center.ipynb → Deadline: -
[2026-06-17 15:23:12]      • [Materi] Link File Praktikum II - 3-Tekrek-Sortest-Path.ipynb → Deadline: -
[2026-06-17 15:23:16]      • [Materi] Video Tutorial: Mendownload File IPYNB di Virtual Class URL → Deadline: -
[2026-06-17 15:23:20]      • [Quiz] Post-Test (M7) → Deadline: Tidak diketahui
[2026-06-17 15:23:25]      • [Assignment] Laporan Akhir (M7) → Deadline: Saturday, 23 May 2026, 11:59 PM
[2026-06-17 15:23:29] 📦 Total tugas ditemukan: 108
[2026-06-17 15:23:29] 💾 Disimpan ke python/node/tugas.json
[2026-06-17 16:28:12] 🔐 Login ke V-Class...
[2026-06-17 16:28:32] ❌ Login gagal: HTTPSConnectionPool(host='v-class.gunadarma.ac.id', port=443): Max retries exceeded with url: /login/index.php (Caused by NameResolutionError("HTTPSConnection(host='v-class.gunadarma.ac.id', port=443): Failed to resolve 'v-class.gunadarma.ac.id' ([Errno -2] Name or service not known)"))
[2026-06-17 18:00:33] 🔐 Login ke V-Class...
[2026-06-17 18:00:33] ✅ Login berhasil
[2026-06-17 18:00:33] 📚 Mengambil mata kuliah ID 108486 ...
[2026-06-17 18:00:33]   ➤ ATA 2025/2026 | 3KB01 | Jaringan Komputer Lanjut | VIVIEN NOVA FITHRIANA
[2026-06-17 18:00:33]      • [Materi] Announcements Forum → Deadline: -
[2026-06-17 18:00:38]      • [Materi] M1 File → Deadline: -
[2026-06-17 18:00:42]      • [Materi] M2 File → Deadline: -
[2026-06-17 18:00:47]      • [Materi] M3 File → Deadline: -
[2026-06-17 18:00:51]      • [Materi] M4 File → Deadline: -
[2026-06-17 18:00:54]      • [Materi] M5 File → Deadline: -
[2026-06-17 18:00:59]      • [Materi] M6 File → Deadline: -
[2026-06-17 18:01:02]      • [Materi] M7 File → Deadline: -
[2026-06-17 18:01:06]      • [Materi] VC-1 : Traffic dan Algoritma Kendali Kemacetan File → Deadline: -
[2026-06-17 18:01:10]      • [Materi] VC-1 : Traffic dan Algoritma Kendali Kemacetan File → Deadline: -
[2026-06-17 18:01:14]      • [Materi] Forum VC-1 : Traffic dan Algoritma Kendali Kemacetan → Deadline: -
[2026-06-17 18:01:18]      • [Quiz] Latihan Soal VC-1 : Traffic dan Algoritma Kendali Kemacetan → Deadline: Tidak diketahui
[2026-06-17 18:01:22]      • [Materi] VC-2 : Traffic dan Algoritma Kendali Kemacetan - Bagian 2 File → Deadline: -
[2026-06-17 18:01:26]      • [Materi] Forum VC-2 : Traffic dan Algoritma Kendali Kemacetan - Bagian 2 → Deadline: -
[2026-06-17 18:01:31]      • [Quiz] Latihan Soal VC-2 : Traffic dan Algoritma Kendali Kemacetan - Bagian 2 → Deadline: Tidak diketahui
[2026-06-17 18:01:35]      • [Materi] VC-3 : Lapisan Transport File → Deadline: -
[2026-06-17 18:01:40]      • [Materi] Forum VC-3 : Lapisan Transport → Deadline: -
[2026-06-17 18:01:45]      • [Quiz] Latihan Soal VC-3 : Lapisan Transport → Deadline: Wednesday, 15 July 2026, 11:59 PM
[2026-06-17 18:01:50] 📚 Mengambil mata kuliah ID 108172 ...
[2026-06-17 18:01:50]   ➤ ATA 2025/2026 | 3KB01 | Internet of Things (IoT) | PURNAWARMAN MUSA
[2026-06-17 18:01:50]      • [Materi] Announcements Forum → Deadline: -
[2026-06-17 18:01:54]      • [Materi] M6 File → Deadline: -
[2026-06-17 18:01:59]      • [Quiz] Soal (Tugas Individu) → Deadline: Tidak diketahui
[2026-06-17 18:02:03]      • [Quiz] Soal (Tugas Individu) → Deadline: Tidak diketahui
[2026-06-17 18:02:07] 📚 Mengambil mata kuliah ID 109563 ...
[2026-06-17 18:02:07]   ➤ ATA 2025/2026 | 3KB01 | Sistem Tertanam (Embedded) * | RIDHA ISKANDAR
[2026-06-17 18:02:07]      • [Materi] Selamat Datang di V-Class Sistem Tertanam (Embedded) Forum → Deadline: -
[2026-06-17 18:02:12]      • [Assignment] File 1 → Deadline: Sunday, 26 April 2026, 12:00 AM
[2026-06-17 18:02:17] 📚 Mengambil mata kuliah ID 109970 ...
[2026-06-17 18:02:17]   ➤ ATA 2025/2026 | 2EB10 | Bahasa Indonesia | MELANIAWATI
[2026-06-17 18:02:17] 📚 Mengambil mata kuliah ID 107919 ...
[2026-06-17 18:02:17]   ➤ ATA 2025/2026 | 3KB01 | Sistem Cerdas Lanjut | NUR SULTAN SALAHUDDIN
[2026-06-17 18:02:17]      • [Materi] Announcements Forum → Deadline: -
[2026-06-17 18:02:21]      • [Assignment] Sistem Kesehatan Cerdas → Deadline: Thursday, 21 May 2026, 12:00 AM
[2026-06-17 18:02:25]      • [Quiz] Sistem Kesehatan Cerdas → Deadline: Tidak diketahui
[2026-06-17 18:02:30] 📚 Mengambil mata kuliah ID 107291 ...
[2026-06-17 18:02:30]   ➤ ATA 2025/2026 | 3KB01 | Pengantarmukaan Perif.Komputer * | FARID THALIB
[2026-06-17 18:02:30]      • [Materi] Announcements Forum → Deadline: -
[2026-06-17 18:02:34] 📚 Mengambil mata kuliah ID 104438 ...
[2026-06-17 18:02:35]   ➤ ATA 2025/2026 | 3-FIKTI | Terapan Teori Graf | TEAM TEACHING
[2026-06-17 18:02:35]      • [Materi] PEMBERITAHUAN UTS SUSULAN File → Deadline: -
[2026-06-17 18:02:39]      • [Materi] PEMBERITAHUAN PELAKSANAAN TEAM TEACHING TERAPAN TEORI GRAF Forum → Deadline: -
[2026-06-17 18:02:42]      • [Materi] M1: Pendahuluan Teori Graf File → Deadline: -
[2026-06-17 18:02:47]      • [Materi] Video Literasi M1: Pendahuluan Teori Graf URL → Deadline: -
[2026-06-17 18:02:51]      • [Quiz] Kuis M1 [kelas PAGI] → Deadline: Tidak diketahui
[2026-06-17 18:02:55]      • [Quiz] Kuis M1 [kelas MALAM] → Deadline: Tidak diketahui
[2026-06-17 18:02:59]      • [Materi] M2: Graf Tidak Berarah dan Graf Berbobot File → Deadline: -
[2026-06-17 18:03:04]      • [Materi] Video Literasi M2 : Graf Tidak Berarah dan Graf Berbobot URL → Deadline: -
[2026-06-17 18:03:07]      • [Quiz] Kuis M2 [KELAS PAGI] : Graf Tidak Berarah dan Graf Berbobot → Deadline: Tidak diketahui
[2026-06-17 18:03:13]      • [Quiz] Kuis M2 [KELAS MALAM] : Graf Tidak Berarah dan Graf Berbobot → Deadline: Tidak diketahui
[2026-06-17 18:03:18]      • [Materi] M4 : Aplikasi Teori Graf di Teknik Elektro File → Deadline: -
[2026-06-17 18:03:22]      • [Materi] Video Literasi M4 : Aplikasi Teori Graf di Teknik Elektro URL → Deadline: -
[2026-06-17 18:03:27]      • [Quiz] Kuis M4 [KELAS PAGI]: Aplikasi Teori Graf di Teknik Elektro → Deadline: Tidak diketahui
[2026-06-17 18:03:32]      • [Quiz] Kuis M4 [KELAS MALAM]: Aplikasi Teori Graf di Teknik Elektro → Deadline: Tidak diketahui
[2026-06-17 18:03:36]      • [Materi] M5 : Knowledge Graph dan Database Graph File → Deadline: -
[2026-06-17 18:03:40]      • [Materi] Video Literasi  M5 : Knowledge Graph dan Database Graph URL → Deadline: -
[2026-06-17 18:03:44]      • [Quiz] Kuis M5 [KELAS PAGI] : nowledge Graph dan Database Graph → Deadline: Tidak diketahui
[2026-06-17 18:03:49]      • [Quiz] Kuis M5 [KELAS MALAM] : Knowledge Graph dan Database Graph → Deadline: Tidak diketahui
[2026-06-17 18:03:53]      • [Materi] M6 : Graf Berarah dan Implementasinya File → Deadline: -
[2026-06-17 18:03:57]      • [Materi] Video Literasi M6 : Graf Berarah dan Implementasinya URL → Deadline: -
[2026-06-17 18:04:02]      • [Quiz] Kuis M6 [KELAS PAGI] : Graf Berarah dan Implementasinya → Deadline: Tidak diketahui
[2026-06-17 18:04:06]      • [Quiz] Kuis M6 [KELAS MALAM] : Graf Berarah dan Implementasinya → Deadline: Tidak diketahui
[2026-06-17 18:04:11]      • [Materi] M8 : Penerapan Teori Graf di Bidang Teknik Sipil File → Deadline: -
[2026-06-17 18:04:15]      • [Materi] Video Literasi M8 : Penerapan Teori Graf di Bidang Teknik Sipil URL → Deadline: -
[2026-06-17 18:04:20]      • [Quiz] Kuis M8 [KELAS PAGI] : Penerapan Teori Graf di Bidang Teknik Sipil → Deadline: Tidak diketahui
[2026-06-17 18:04:23]      • [Quiz] Kuis M8 [KELAS MALAM] : Penerapan Teori Graf di Bidang Teknik Sipil → Deadline: Tidak diketahui
[2026-06-17 18:04:27]      • [Materi] M10 : Penerapan Teori Graf  di Bidang Teknik Industri File → Deadline: -
[2026-06-17 18:04:31]      • [Materi] Video Literasi M10 : Penerapan Teori Graf  di Bidang Teknik Industri URL → Deadline: -
[2026-06-17 18:04:36]      • [Quiz] Kuis M10 [kelas pagi] : Penerapan Teori Graf  di Bidang Teknik Industri → Deadline: Tidak diketahui
[2026-06-17 18:04:40]      • [Quiz] Kuis M10 [kelas malam]: Penerapan Teori Graf  di Bidang Teknik Industri → Deadline: Tidak diketahui
[2026-06-17 18:04:44] 📚 Mengambil mata kuliah ID 104413 ...
[2026-06-17 18:04:44]   ➤ ATA 2025/2026 | 3-FIKTI | Praktikum Terapan Teori Graf
[2026-06-17 18:04:44]      • [Materi] Panduan Praktikum  Forum → Deadline: -
[2026-06-17 18:04:48]      • [Materi] Panduan Google Collaboratory URL → Deadline: -
[2026-06-17 18:04:53]      • [Materi] Panduan Instalasi Anaconda URL → Deadline: -
[2026-06-17 18:04:57]      • [Quiz] Pre-Test (M1) → Deadline: Tidak diketahui
[2026-06-17 18:05:02]      • [Materi] 1.1  Pengantar: Teori Graf URL → Deadline: -
[2026-06-17 18:05:06]      • [Materi] 1.2  Sesi Hands-on Praktikum URL → Deadline: -
[2026-06-17 18:05:11]      • [Materi] 1.3 Tutorial Menambahkan File pada Mesin DGX URL → Deadline: -
[2026-06-17 18:05:16]      • [Quiz] Post-Test (M1) → Deadline: Tidak diketahui
[2026-06-17 18:05:20]      • [Assignment] Pengumpulan Tugas (M1) → Deadline: Saturday, 7 March 2026, 11:59 PM
[2026-06-17 18:05:24]      • [Quiz] Pre-Test (M2) → Deadline: Tidak diketahui
[2026-06-17 18:05:29]      • [Materi] 2.1  Pengantar: Berbagai Pemecahan Masalah Menggunakan Teori Graf Page → Deadline: -
[2026-06-17 18:05:32]      • [Quiz] Post-Test (M2) → Deadline: Tidak diketahui
[2026-06-17 18:05:36]      • [Assignment] Pengumpulan Tugas (M2) → Deadline: Saturday, 14 March 2026, 11:59 PM
[2026-06-17 18:05:40]      • [Quiz] Pre-Test (M4) → Deadline: Tidak diketahui
[2026-06-17 18:05:45]      • [Materi] 4.1  Pengantar: Breadth First Search URL → Deadline: -
[2026-06-17 18:05:49]      • [Materi] Sesi Praktikum File → Deadline: -
[2026-06-17 18:05:53]      • [Materi] Video Tutorial: Mendownload File IPYNB di Virtual Class URL → Deadline: -
[2026-06-17 18:05:56]      • [Quiz] Post-Test (M4) → Deadline: Tidak diketahui
[2026-06-17 18:06:01]      • [Assignment] Laporan Akhir (M4) → Deadline: Saturday, 11 April 2026, 11:59 PM
[2026-06-17 18:06:05]      • [Quiz] Pre-Test (M5) → Deadline: Tidak diketahui
[2026-06-17 18:06:10]      • [Materi] Sesi Praktikum URL → Deadline: -
[2026-06-17 18:06:13]      • [Quiz] Post-Test (M5) → Deadline: Tidak diketahui
[2026-06-17 18:06:18]      • [Assignment] Laporan Akhir (M5) → Deadline: Saturday, 18 April 2026, 11:59 PM
[2026-06-17 18:06:22]      • [Quiz] Pre-Test (M6) → Deadline: Tidak diketahui
[2026-06-17 18:06:26]      • [Materi] 6.1  Pendahuluan: Algoritma Dasar Tree URL → Deadline: -
[2026-06-17 18:06:31]      • [Materi] Sesi Praktikum File → Deadline: -
[2026-06-17 18:06:35]      • [Quiz] Post-Test (M6) → Deadline: Tidak diketahui
[2026-06-17 18:06:40]      • [Assignment] Laporan Akhir (M6) → Deadline: Saturday, 25 April 2026, 11:59 PM
[2026-06-17 18:06:44]      • [Quiz] Pre-Test (M8) → Deadline: Tidak diketahui
[2026-06-17 18:06:48]      • [Materi] 8.1  Pendahuluan: Implementasi Graph URL → Deadline: -
[2026-06-17 18:06:52]      • [Materi] Link File Praktikum I - family.pl → Deadline: -
[2026-06-17 18:06:56]      • [Materi] Link File Praktikum II - 8-puzzles.ipynb → Deadline: -
[2026-06-17 18:07:01]      • [Materi] Video Tutorial: Mendownload File IPYNB di Virtual Class URL → Deadline: -
[2026-06-17 18:07:04]      • [Quiz] Post-Test (M8) → Deadline: Tidak diketahui
[2026-06-17 18:07:08]      • [Assignment] Laporan Akhir (M8) → Deadline: Saturday, 9 May 2026, 11:59 PM
[2026-06-17 18:07:13]      • [Quiz] Pre-Test (M9) → Deadline: Tidak diketahui
[2026-06-17 18:07:17]      • [Materi] Sesi Hands-on Praktikum URL → Deadline: -
[2026-06-17 18:07:22]      • [Quiz] Post-Test (M9) → Deadline: Tidak diketahui
[2026-06-17 18:07:26]      • [Assignment] Pengumpulan Tugas (M9) → Deadline: Saturday, 16 May 2026, 11:59 PM
[2026-06-17 18:07:29]      • [Quiz] Pre-Test (M3) → Deadline: Tidak diketahui
[2026-06-17 18:07:34]      • [Materi] Sesi Praktikum URL → Deadline: -
[2026-06-17 18:07:37]      • [Materi] Video Tutorial: Menambahkan File pada Mesin DGX URL → Deadline: -
[2026-06-17 18:07:41]      • [Quiz] Post-Test (M3) → Deadline: Tidak diketahui
[2026-06-17 18:07:46]      • [Assignment] Pengumpulan Tugas (M3) → Deadline: Saturday, 23 May 2026, 11:59 PM
[2026-06-17 18:07:50]      • [Quiz] Pre-Test (M7) → Deadline: Tidak diketahui
[2026-06-17 18:07:54]      • [Materi] Link File Praktikum I - 3-Tekrek-Find-Center.ipynb → Deadline: -
[2026-06-17 18:07:59]      • [Materi] Link File Praktikum II - 3-Tekrek-Sortest-Path.ipynb → Deadline: -
[2026-06-17 18:08:03]      • [Materi] Video Tutorial: Mendownload File IPYNB di Virtual Class URL → Deadline: -
[2026-06-17 18:08:08]      • [Quiz] Post-Test (M7) → Deadline: Tidak diketahui
[2026-06-17 18:08:12]      • [Assignment] Laporan Akhir (M7) → Deadline: Saturday, 23 May 2026, 11:59 PM
[2026-06-17 18:08:16] 📦 Total tugas ditemukan: 108
[2026-06-17 18:08:16] 💾 Disimpan ke python/node/tugas.json
[2026-06-17 18:14:51] 🔐 Login ke V-Class...
[2026-06-17 18:14:51] ✅ Login berhasil
[2026-06-17 18:14:51] 📚 Mengambil mata kuliah ID 108486 ...
[2026-06-17 18:14:52]   ➤ ATA 2025/2026 | 3KB01 | Jaringan Komputer Lanjut | VIVIEN NOVA FITHRIANA
[2026-06-17 18:14:52]      • [Materi] Announcements Forum → Deadline: -
[2026-06-17 18:14:56]      • [Materi] M1 File → Deadline: -
[2026-06-17 18:15:01]      • [Materi] M2 File → Deadline: -
[2026-06-17 18:15:05]      • [Materi] M3 File → Deadline: -
[2026-06-17 18:15:10]      • [Materi] M4 File → Deadline: -
[2026-06-17 18:15:14]      • [Materi] M5 File → Deadline: -
[2026-06-17 18:15:18]      • [Materi] M6 File → Deadline: -
[2026-06-17 18:15:22]      • [Materi] M7 File → Deadline: -
[2026-06-17 18:15:26]      • [Materi] VC-1 : Traffic dan Algoritma Kendali Kemacetan File → Deadline: -
[2026-06-17 18:15:30]      • [Materi] VC-1 : Traffic dan Algoritma Kendali Kemacetan File → Deadline: -
[2026-06-17 18:15:34]      • [Materi] Forum VC-1 : Traffic dan Algoritma Kendali Kemacetan → Deadline: -
[2026-06-17 18:15:38]      • [Quiz] Latihan Soal VC-1 : Traffic dan Algoritma Kendali Kemacetan → Deadline: Tidak diketahui
[2026-06-17 18:15:42]      • [Materi] VC-2 : Traffic dan Algoritma Kendali Kemacetan - Bagian 2 File → Deadline: -
[2026-06-17 18:15:46]      • [Materi] Forum VC-2 : Traffic dan Algoritma Kendali Kemacetan - Bagian 2 → Deadline: -
[2026-06-17 18:15:51]      • [Quiz] Latihan Soal VC-2 : Traffic dan Algoritma Kendali Kemacetan - Bagian 2 → Deadline: Tidak diketahui
[2026-06-17 18:15:55]      • [Materi] VC-3 : Lapisan Transport File → Deadline: -
[2026-06-17 18:16:00]      • [Materi] Forum VC-3 : Lapisan Transport → Deadline: -
[2026-06-17 18:32:09] ⚠️ Gagal mengambil course ID 108486: ('Connection aborted.', RemoteDisconnected('Remote end closed connection without response'))
[2026-06-17 18:32:09] 📚 Mengambil mata kuliah ID 108172 ...
[2026-06-17 18:32:09]   ➤ ATA 2025/2026 | 3KB01 | Internet of Things (IoT) | PURNAWARMAN MUSA
[2026-06-17 18:32:09]      • [Materi] Announcements Forum → Deadline: -
[2026-06-17 18:32:13]      • [Materi] M6 File → Deadline: -
[2026-06-17 18:32:18]      • [Quiz] Soal (Tugas Individu) → Deadline: Tidak diketahui
[2026-06-17 18:32:22]      • [Quiz] Soal (Tugas Individu) → Deadline: Tidak diketahui
[2026-06-17 18:32:27] 📚 Mengambil mata kuliah ID 109563 ...
[2026-06-17 18:32:27]   ➤ ATA 2025/2026 | 3KB01 | Sistem Tertanam (Embedded) * | RIDHA ISKANDAR
[2026-06-17 18:32:27]      • [Materi] Selamat Datang di V-Class Sistem Tertanam (Embedded) Forum → Deadline: -
[2026-06-17 18:32:32]      • [Assignment] File 1 → Deadline: Sunday, 26 April 2026, 12:00 AM
[2026-06-17 18:32:36] 📚 Mengambil mata kuliah ID 109970 ...
[2026-06-17 18:32:36]   ➤ ATA 2025/2026 | 2EB10 | Bahasa Indonesia | MELANIAWATI
[2026-06-17 18:32:36] 📚 Mengambil mata kuliah ID 107919 ...
[2026-06-17 18:32:36]   ➤ ATA 2025/2026 | 3KB01 | Sistem Cerdas Lanjut | NUR SULTAN SALAHUDDIN
[2026-06-17 18:32:36]      • [Materi] Announcements Forum → Deadline: -
[2026-06-17 18:32:40]      • [Assignment] Sistem Kesehatan Cerdas → Deadline: Thursday, 21 May 2026, 12:00 AM
[2026-06-17 18:32:45]      • [Quiz] Sistem Kesehatan Cerdas → Deadline: Tidak diketahui
[2026-06-17 18:32:49] 📚 Mengambil mata kuliah ID 107291 ...
[2026-06-17 18:32:49]   ➤ ATA 2025/2026 | 3KB01 | Pengantarmukaan Perif.Komputer * | FARID THALIB
[2026-06-17 18:32:49]      • [Materi] Announcements Forum → Deadline: -
[2026-06-17 18:32:53] 📚 Mengambil mata kuliah ID 104438 ...
[2026-06-17 18:32:53]   ➤ ATA 2025/2026 | 3-FIKTI | Terapan Teori Graf | TEAM TEACHING
[2026-06-17 18:32:53]      • [Materi] PEMBERITAHUAN UTS SUSULAN File → Deadline: -
[2026-06-17 18:32:57]      • [Materi] PEMBERITAHUAN PELAKSANAAN TEAM TEACHING TERAPAN TEORI GRAF Forum → Deadline: -
[2026-06-17 18:33:01]      • [Materi] M1: Pendahuluan Teori Graf File → Deadline: -
[2026-06-17 18:33:04]      • [Materi] Video Literasi M1: Pendahuluan Teori Graf URL → Deadline: -
[2026-06-17 18:33:09]      • [Quiz] Kuis M1 [kelas PAGI] → Deadline: Tidak diketahui
[2026-06-17 18:33:14]      • [Quiz] Kuis M1 [kelas MALAM] → Deadline: Tidak diketahui
[2026-06-17 18:33:18]      • [Materi] M2: Graf Tidak Berarah dan Graf Berbobot File → Deadline: -
[2026-06-17 18:33:22]      • [Materi] Video Literasi M2 : Graf Tidak Berarah dan Graf Berbobot URL → Deadline: -
[2026-06-17 18:33:27]      • [Quiz] Kuis M2 [KELAS PAGI] : Graf Tidak Berarah dan Graf Berbobot → Deadline: Tidak diketahui
[2026-06-17 18:33:31]      • [Quiz] Kuis M2 [KELAS MALAM] : Graf Tidak Berarah dan Graf Berbobot → Deadline: Tidak diketahui
[2026-06-17 18:33:35]      • [Materi] M4 : Aplikasi Teori Graf di Teknik Elektro File → Deadline: -
[2026-06-17 18:33:38]      • [Materi] Video Literasi M4 : Aplikasi Teori Graf di Teknik Elektro URL → Deadline: -
[2026-06-17 18:33:43]      • [Quiz] Kuis M4 [KELAS PAGI]: Aplikasi Teori Graf di Teknik Elektro → Deadline: Tidak diketahui
[2026-06-17 18:33:47]      • [Quiz] Kuis M4 [KELAS MALAM]: Aplikasi Teori Graf di Teknik Elektro → Deadline: Tidak diketahui
[2026-06-17 18:33:52]      • [Materi] M5 : Knowledge Graph dan Database Graph File → Deadline: -
[2026-06-17 18:33:56]      • [Materi] Video Literasi  M5 : Knowledge Graph dan Database Graph URL → Deadline: -
[2026-06-17 18:34:01]      • [Quiz] Kuis M5 [KELAS PAGI] : nowledge Graph dan Database Graph → Deadline: Tidak diketahui
[2026-06-17 18:34:06]      • [Quiz] Kuis M5 [KELAS MALAM] : Knowledge Graph dan Database Graph → Deadline: Tidak diketahui
[2026-06-17 18:34:10]      • [Materi] M6 : Graf Berarah dan Implementasinya File → Deadline: -
[2026-06-17 18:34:15]      • [Materi] Video Literasi M6 : Graf Berarah dan Implementasinya URL → Deadline: -
[2026-06-17 18:34:20]      • [Quiz] Kuis M6 [KELAS PAGI] : Graf Berarah dan Implementasinya → Deadline: Tidak diketahui
[2026-06-17 18:34:24]      • [Quiz] Kuis M6 [KELAS MALAM] : Graf Berarah dan Implementasinya → Deadline: Tidak diketahui
[2026-06-17 18:34:28]      • [Materi] M8 : Penerapan Teori Graf di Bidang Teknik Sipil File → Deadline: -
[2026-06-17 18:34:32]      • [Materi] Video Literasi M8 : Penerapan Teori Graf di Bidang Teknik Sipil URL → Deadline: -
[2026-06-17 18:34:36]      • [Quiz] Kuis M8 [KELAS PAGI] : Penerapan Teori Graf di Bidang Teknik Sipil → Deadline: Tidak diketahui
[2026-06-17 18:34:41]      • [Quiz] Kuis M8 [KELAS MALAM] : Penerapan Teori Graf di Bidang Teknik Sipil → Deadline: Tidak diketahui
[2026-06-17 18:34:45]      • [Materi] M10 : Penerapan Teori Graf  di Bidang Teknik Industri File → Deadline: -
[2026-06-17 18:34:49]      • [Materi] Video Literasi M10 : Penerapan Teori Graf  di Bidang Teknik Industri URL → Deadline: -
[2026-06-17 18:34:54]      • [Quiz] Kuis M10 [kelas pagi] : Penerapan Teori Graf  di Bidang Teknik Industri → Deadline: Tidak diketahui
[2026-06-17 18:34:58]      • [Quiz] Kuis M10 [kelas malam]: Penerapan Teori Graf  di Bidang Teknik Industri → Deadline: Tidak diketahui
[2026-06-17 18:35:02] 📚 Mengambil mata kuliah ID 104413 ...
[2026-06-17 18:35:02]   ➤ ATA 2025/2026 | 3-FIKTI | Praktikum Terapan Teori Graf
[2026-06-17 18:35:02]      • [Materi] Panduan Praktikum  Forum → Deadline: -
[2026-06-17 18:35:07]      • [Materi] Panduan Google Collaboratory URL → Deadline: -
[2026-06-17 18:35:11]      • [Materi] Panduan Instalasi Anaconda URL → Deadline: -
[2026-06-17 18:35:15]      • [Quiz] Pre-Test (M1) → Deadline: Tidak diketahui
[2026-06-17 18:35:19]      • [Materi] 1.1  Pengantar: Teori Graf URL → Deadline: -
[2026-06-17 18:35:24]      • [Materi] 1.2  Sesi Hands-on Praktikum URL → Deadline: -
[2026-06-17 18:35:28]      • [Materi] 1.3 Tutorial Menambahkan File pada Mesin DGX URL → Deadline: -
[2026-06-17 18:35:31]      • [Quiz] Post-Test (M1) → Deadline: Tidak diketahui
[2026-06-17 18:35:35]      • [Assignment] Pengumpulan Tugas (M1) → Deadline: Saturday, 7 March 2026, 11:59 PM
[2026-06-17 18:35:40]      • [Quiz] Pre-Test (M2) → Deadline: Tidak diketahui
[2026-06-17 18:35:44]      • [Materi] 2.1  Pengantar: Berbagai Pemecahan Masalah Menggunakan Teori Graf Page → Deadline: -
[2026-06-17 18:35:48]      • [Quiz] Post-Test (M2) → Deadline: Tidak diketahui
[2026-06-17 18:35:53]      • [Assignment] Pengumpulan Tugas (M2) → Deadline: Saturday, 14 March 2026, 11:59 PM
[2026-06-17 18:35:57]      • [Quiz] Pre-Test (M4) → Deadline: Tidak diketahui
[2026-06-17 18:36:02]      • [Materi] 4.1  Pengantar: Breadth First Search URL → Deadline: -
[2026-06-17 18:36:06]      • [Materi] Sesi Praktikum File → Deadline: -
[2026-06-17 18:36:09]      • [Materi] Video Tutorial: Mendownload File IPYNB di Virtual Class URL → Deadline: -
[2026-06-17 18:36:13]      • [Quiz] Post-Test (M4) → Deadline: Tidak diketahui
[2026-06-17 18:36:18]      • [Assignment] Laporan Akhir (M4) → Deadline: Saturday, 11 April 2026, 11:59 PM
[2026-06-17 18:36:23]      • [Quiz] Pre-Test (M5) → Deadline: Tidak diketahui
[2026-06-17 18:36:27]      • [Materi] Sesi Praktikum URL → Deadline: -
[2026-06-17 18:36:32]      • [Quiz] Post-Test (M5) → Deadline: Tidak diketahui
[2026-06-17 18:36:36]      • [Assignment] Laporan Akhir (M5) → Deadline: Saturday, 18 April 2026, 11:59 PM
[2026-06-17 18:36:40]      • [Quiz] Pre-Test (M6) → Deadline: Tidak diketahui
[2026-06-17 18:36:44]      • [Materi] 6.1  Pendahuluan: Algoritma Dasar Tree URL → Deadline: -
[2026-06-17 18:36:48]      • [Materi] Sesi Praktikum File → Deadline: -
[2026-06-17 18:36:53]      • [Quiz] Post-Test (M6) → Deadline: Tidak diketahui
[2026-06-17 18:36:56]      • [Assignment] Laporan Akhir (M6) → Deadline: Saturday, 25 April 2026, 11:59 PM
[2026-06-17 18:37:01]      • [Quiz] Pre-Test (M8) → Deadline: Tidak diketahui
[2026-06-17 18:37:05]      • [Materi] 8.1  Pendahuluan: Implementasi Graph URL → Deadline: -
[2026-06-17 18:37:08]      • [Materi] Link File Praktikum I - family.pl → Deadline: -
[2026-06-17 18:37:13]      • [Materi] Link File Praktikum II - 8-puzzles.ipynb → Deadline: -
[2026-06-17 18:37:17]      • [Materi] Video Tutorial: Mendownload File IPYNB di Virtual Class URL → Deadline: -
[2026-06-17 18:37:22]      • [Quiz] Post-Test (M8) → Deadline: Tidak diketahui
[2026-06-17 18:37:26]      • [Assignment] Laporan Akhir (M8) → Deadline: Saturday, 9 May 2026, 11:59 PM
[2026-06-17 18:37:31]      • [Quiz] Pre-Test (M9) → Deadline: Tidak diketahui
[2026-06-17 18:37:35]      • [Materi] Sesi Hands-on Praktikum URL → Deadline: -
[2026-06-17 18:37:39]      • [Quiz] Post-Test (M9) → Deadline: Tidak diketahui
[2026-06-17 18:37:43]      • [Assignment] Pengumpulan Tugas (M9) → Deadline: Saturday, 16 May 2026, 11:59 PM
[2026-06-17 18:37:47]      • [Quiz] Pre-Test (M3) → Deadline: Tidak diketahui
[2026-06-17 18:37:52]      • [Materi] Sesi Praktikum URL → Deadline: -
[2026-06-17 18:37:55]      • [Materi] Video Tutorial: Menambahkan File pada Mesin DGX URL → Deadline: -
[2026-06-17 18:38:00]      • [Quiz] Post-Test (M3) → Deadline: Tidak diketahui
[2026-06-17 18:38:04]      • [Assignment] Pengumpulan Tugas (M3) → Deadline: Saturday, 23 May 2026, 11:59 PM
[2026-06-17 18:38:09]      • [Quiz] Pre-Test (M7) → Deadline: Tidak diketahui
[2026-06-17 18:38:13]      • [Materi] Link File Praktikum I - 3-Tekrek-Find-Center.ipynb → Deadline: -
[2026-06-17 18:38:17]      • [Materi] Link File Praktikum II - 3-Tekrek-Sortest-Path.ipynb → Deadline: -
[2026-06-17 18:38:21]      • [Materi] Video Tutorial: Mendownload File IPYNB di Virtual Class URL → Deadline: -
[2026-06-17 18:38:25]      • [Quiz] Post-Test (M7) → Deadline: Tidak diketahui
[2026-06-17 18:38:29]      • [Assignment] Laporan Akhir (M7) → Deadline: Saturday, 23 May 2026, 11:59 PM
[2026-06-17 18:38:33] 📦 Total tugas ditemukan: 107
[2026-06-17 18:38:33] 💾 Disimpan ke python/node/tugas.json
