[2026-06-07 09:45:30] 🔐 Login ke V-Class...
[2026-06-07 09:45:31] ✅ Login berhasil
[2026-06-07 09:45:31] 📚 Mengambil mata kuliah ID 108486 ...
[2026-06-07 09:45:31]   ➤ ATA 2025/2026 | 3KB01 | Jaringan Komputer Lanjut | VIVIEN NOVA FITHRIANA
[2026-06-07 09:45:31]      • [Materi] Announcements Forum → Deadline: -
[2026-06-07 09:45:36]      • [Materi] M1 File → Deadline: -
[2026-06-07 09:45:41]      • [Materi] M2 File → Deadline: -
[2026-06-07 09:45:45]      • [Materi] M3 File → Deadline: -
[2026-06-07 09:45:49]      • [Materi] M4 File → Deadline: -
[2026-06-07 09:45:52]      • [Materi] M5 File → Deadline: -
[2026-06-07 09:45:56]      • [Materi] M6 File → Deadline: -
[2026-06-07 09:46:00]      • [Materi] M7 File → Deadline: -
[2026-06-07 09:46:04]      • [Materi] VC-1 : Traffic dan Algoritma Kendali Kemacetan File → Deadline: -
[2026-06-07 09:46:09]      • [Materi] VC-1 : Traffic dan Algoritma Kendali Kemacetan File → Deadline: -
[2026-06-07 09:46:13]      • [Materi] Forum VC-1 : Traffic dan Algoritma Kendali Kemacetan → Deadline: -
[2026-06-07 09:46:18]      • [Quiz] Latihan Soal VC-1 : Traffic dan Algoritma Kendali Kemacetan → Deadline: Tidak diketahui
[2026-06-07 09:46:23]      • [Materi] VC-2 : Traffic dan Algoritma Kendali Kemacetan - Bagian 2 File → Deadline: -
[2026-06-07 09:46:27]      • [Materi] Forum VC-2 : Traffic dan Algoritma Kendali Kemacetan - Bagian 2 → Deadline: -
[2026-06-07 09:46:32]      • [Quiz] Latihan Soal VC-2 : Traffic dan Algoritma Kendali Kemacetan - Bagian 2 → Deadline: Tidak diketahui
[2026-06-07 09:46:37]      • [Materi] VC-3 : Lapisan Transport File → Deadline: -
[2026-06-07 09:46:41]      • [Materi] Forum VC-3 : Lapisan Transport → Deadline: -
[2026-06-07 09:46:44]      • [Quiz] Latihan Soal VC-3 : Lapisan Transport → Deadline: Wednesday, 15 July 2026, 11:59 PM
[2026-06-07 09:46:49] 📚 Mengambil mata kuliah ID 108172 ...
[2026-06-07 09:46:50]   ➤ ATA 2025/2026 | 3KB01 | Internet of Things (IoT) | PURNAWARMAN MUSA
[2026-06-07 09:46:50]      • [Materi] Announcements Forum → Deadline: -
[2026-06-07 09:46:53]      • [Materi] M6 File → Deadline: -
[2026-06-07 09:46:58]      • [Quiz] Soal (Tugas Individu) → Deadline: Tidak diketahui
[2026-06-07 09:47:02]      • [Quiz] Soal (Tugas Individu) → Deadline: Tidak diketahui
[2026-06-07 09:47:06] 📚 Mengambil mata kuliah ID 109563 ...
[2026-06-07 09:47:06]   ➤ ATA 2025/2026 | 3KB01 | Sistem Tertanam (Embedded) * | RIDHA ISKANDAR
[2026-06-07 09:47:06]      • [Materi] Selamat Datang di V-Class Sistem Tertanam (Embedded) Forum → Deadline: -
[2026-06-07 09:47:10]      • [Assignment] File 1 → Deadline: Sunday, 26 April 2026, 12:00 AM
[2026-06-07 09:47:14] 📚 Mengambil mata kuliah ID 109970 ...
[2026-06-07 09:47:14]   ➤ ATA 2025/2026 | 2EB10 | Bahasa Indonesia | MELANIAWATI
[2026-06-07 09:47:14] 📚 Mengambil mata kuliah ID 107919 ...
[2026-06-07 09:47:15]   ➤ ATA 2025/2026 | 3KB01 | Sistem Cerdas Lanjut | NUR SULTAN SALAHUDDIN
[2026-06-07 09:47:15]      • [Materi] Announcements Forum → Deadline: -
[2026-06-07 09:47:19]      • [Assignment] Sistem Kesehatan Cerdas → Deadline: Thursday, 21 May 2026, 12:00 AM
[2026-06-07 09:47:24]      • [Quiz] Sistem Kesehatan Cerdas → Deadline: Tidak diketahui
[2026-06-07 09:47:27] 📚 Mengambil mata kuliah ID 107291 ...
[2026-06-07 09:47:28]   ➤ ATA 2025/2026 | 3KB01 | Pengantarmukaan Perif.Komputer * | FARID THALIB
[2026-06-07 09:47:28]      • [Materi] Announcements Forum → Deadline: -
[2026-06-07 09:47:32] 📚 Mengambil mata kuliah ID 104438 ...
[2026-06-07 09:47:32]   ➤ ATA 2025/2026 | 3-FIKTI | Terapan Teori Graf | TEAM TEACHING
[2026-06-07 09:47:32]      • [Materi] PEMBERITAHUAN PELAKSANAAN TEAM TEACHING TERAPAN TEORI GRAF Forum → Deadline: -
[2026-06-07 09:47:37]      • [Materi] M1: Pendahuluan Teori Graf File → Deadline: -
[2026-06-07 09:47:41]      • [Materi] Video Literasi M1: Pendahuluan Teori Graf URL → Deadline: -
[2026-06-07 09:47:45]      • [Quiz] Kuis M1 [kelas PAGI] → Deadline: Tidak diketahui
[2026-06-07 09:47:49]      • [Quiz] Kuis M1 [kelas MALAM] → Deadline: Tidak diketahui
[2026-06-07 09:47:53]      • [Materi] M2: Graf Tidak Berarah dan Graf Berbobot File → Deadline: -
[2026-06-07 09:47:56]      • [Materi] Video Literasi M2 : Graf Tidak Berarah dan Graf Berbobot URL → Deadline: -
[2026-06-07 09:48:01]      • [Quiz] Kuis M2 [KELAS PAGI] : Graf Tidak Berarah dan Graf Berbobot → Deadline: Tidak diketahui
[2026-06-07 09:48:05]      • [Quiz] Kuis M2 [KELAS MALAM] : Graf Tidak Berarah dan Graf Berbobot → Deadline: Tidak diketahui
[2026-06-07 09:48:09]      • [Materi] M4 : Aplikasi Teori Graf di Teknik Elektro File → Deadline: -
[2026-06-07 09:48:14]      • [Materi] Video Literasi M4 : Aplikasi Teori Graf di Teknik Elektro URL → Deadline: -
[2026-06-07 09:48:18]      • [Quiz] Kuis M4 [KELAS PAGI]: Aplikasi Teori Graf di Teknik Elektro → Deadline: Tidak diketahui
[2026-06-07 09:48:22]      • [Quiz] Kuis M4 [KELAS MALAM]: Aplikasi Teori Graf di Teknik Elektro → Deadline: Tidak diketahui
[2026-06-07 09:48:26]      • [Materi] M5 : Knowledge Graph dan Database Graph File → Deadline: -
[2026-06-07 09:48:30]      • [Materi] Video Literasi  M5 : Knowledge Graph dan Database Graph URL → Deadline: -
[2026-06-07 09:48:34]      • [Quiz] Kuis M5 [KELAS PAGI] : nowledge Graph dan Database Graph → Deadline: Tidak diketahui
[2026-06-07 09:48:38]      • [Quiz] Kuis M5 [KELAS MALAM] : Knowledge Graph dan Database Graph → Deadline: Tidak diketahui
[2026-06-07 09:48:43]      • [Materi] M6 : Graf Berarah dan Implementasinya File → Deadline: -
[2026-06-07 09:48:47]      • [Materi] Video Literasi M6 : Graf Berarah dan Implementasinya URL → Deadline: -
[2026-06-07 09:48:51]      • [Quiz] Kuis M6 [KELAS PAGI] : Graf Berarah dan Implementasinya → Deadline: Tidak diketahui
[2026-06-07 09:48:56]      • [Quiz] Kuis M6 [KELAS MALAM] : Graf Berarah dan Implementasinya → Deadline: Tidak diketahui
[2026-06-07 09:49:00]      • [Materi] M8 : Penerapan Teori Graf di Bidang Teknik Sipil File → Deadline: -
[2026-06-07 09:49:04]      • [Materi] Video Literasi M8 : Penerapan Teori Graf di Bidang Teknik Sipil URL → Deadline: -
[2026-06-07 09:49:08]      • [Quiz] Kuis M8 [KELAS PAGI] : Penerapan Teori Graf di Bidang Teknik Sipil → Deadline: Tidak diketahui
[2026-06-07 09:49:13]      • [Quiz] Kuis M8 [KELAS MALAM] : Penerapan Teori Graf di Bidang Teknik Sipil → Deadline: Tidak diketahui
[2026-06-07 09:49:18]      • [Materi] M10 : Penerapan Teori Graf  di Bidang Teknik Industri File → Deadline: -
[2026-06-07 09:49:23]      • [Materi] Video Literasi M10 : Penerapan Teori Graf  di Bidang Teknik Industri URL → Deadline: -
[2026-06-07 09:49:28]      • [Quiz] Kuis M10 [kelas pagi] : Penerapan Teori Graf  di Bidang Teknik Industri → Deadline: Tidak diketahui
[2026-06-07 09:49:33]      • [Quiz] Kuis M10 [kelas malam]: Penerapan Teori Graf  di Bidang Teknik Industri → Deadline: Tidak diketahui
[2026-06-07 09:49:37] 📚 Mengambil mata kuliah ID 104413 ...
[2026-06-07 09:49:37]   ➤ ATA 2025/2026 | 3-FIKTI | Praktikum Terapan Teori Graf
[2026-06-07 09:49:37]      • [Materi] Panduan Praktikum  Forum → Deadline: -
[2026-06-07 09:49:42]      • [Materi] Panduan Google Collaboratory URL → Deadline: -
[2026-06-07 09:49:46]      • [Materi] Panduan Instalasi Anaconda URL → Deadline: -
[2026-06-07 09:49:50]      • [Quiz] Pre-Test (M1) → Deadline: Tidak diketahui
[2026-06-07 09:49:54]      • [Materi] 1.1  Pengantar: Teori Graf URL → Deadline: -
[2026-06-07 09:49:58]      • [Materi] 1.2  Sesi Hands-on Praktikum URL → Deadline: -
[2026-06-07 09:50:03]      • [Materi] 1.3 Tutorial Menambahkan File pada Mesin DGX URL → Deadline: -
[2026-06-07 09:50:07]      • [Quiz] Post-Test (M1) → Deadline: Tidak diketahui
[2026-06-07 09:50:12]      • [Assignment] Pengumpulan Tugas (M1) → Deadline: Saturday, 7 March 2026, 11:59 PM
[2026-06-07 09:50:17]      • [Quiz] Pre-Test (M2) → Deadline: Tidak diketahui
[2026-06-07 09:50:21]      • [Materi] 2.1  Pengantar: Berbagai Pemecahan Masalah Menggunakan Teori Graf Page → Deadline: -
[2026-06-07 09:50:25]      • [Quiz] Post-Test (M2) → Deadline: Tidak diketahui
[2026-06-07 09:50:29]      • [Assignment] Pengumpulan Tugas (M2) → Deadline: Saturday, 14 March 2026, 11:59 PM
[2026-06-07 09:50:33]      • [Quiz] Pre-Test (M4) → Deadline: Tidak diketahui
[2026-06-07 09:50:38]      • [Materi] 4.1  Pengantar: Breadth First Search URL → Deadline: -
[2026-06-07 09:50:43]      • [Materi] Sesi Praktikum File → Deadline: -
[2026-06-07 09:50:48]      • [Materi] Video Tutorial: Mendownload File IPYNB di Virtual Class URL → Deadline: -
[2026-06-07 09:50:53]      • [Quiz] Post-Test (M4) → Deadline: Tidak diketahui
[2026-06-07 09:50:57]      • [Assignment] Laporan Akhir (M4) → Deadline: Saturday, 11 April 2026, 11:59 PM
[2026-06-07 09:51:02]      • [Quiz] Pre-Test (M5) → Deadline: Tidak diketahui
[2026-06-07 09:51:07]      • [Materi] Sesi Praktikum URL → Deadline: -
[2026-06-07 09:51:11]      • [Quiz] Post-Test (M5) → Deadline: Tidak diketahui
[2026-06-07 09:51:16]      • [Assignment] Laporan Akhir (M5) → Deadline: Saturday, 18 April 2026, 11:59 PM
[2026-06-07 09:51:20]      • [Quiz] Pre-Test (M6) → Deadline: Tidak diketahui
[2026-06-07 09:51:24]      • [Materi] 6.1  Pendahuluan: Algoritma Dasar Tree URL → Deadline: -
[2026-06-07 09:51:28]      • [Materi] Sesi Praktikum File → Deadline: -
[2026-06-07 09:51:33]      • [Quiz] Post-Test (M6) → Deadline: Tidak diketahui
[2026-06-07 09:51:38]      • [Assignment] Laporan Akhir (M6) → Deadline: Saturday, 25 April 2026, 11:59 PM
[2026-06-07 09:51:42]      • [Quiz] Pre-Test (M8) → Deadline: Tidak diketahui
[2026-06-07 09:51:47]      • [Materi] 8.1  Pendahuluan: Implementasi Graph URL → Deadline: -
[2026-06-07 09:51:51]      • [Materi] Link File Praktikum I - family.pl → Deadline: -
[2026-06-07 09:51:55]      • [Materi] Link File Praktikum II - 8-puzzles.ipynb → Deadline: -
[2026-06-07 09:51:59]      • [Materi] Video Tutorial: Mendownload File IPYNB di Virtual Class URL → Deadline: -
[2026-06-07 09:52:04]      • [Quiz] Post-Test (M8) → Deadline: Tidak diketahui
[2026-06-07 09:52:08]      • [Assignment] Laporan Akhir (M8) → Deadline: Saturday, 9 May 2026, 11:59 PM
[2026-06-07 09:52:13]      • [Quiz] Pre-Test (M9) → Deadline: Tidak diketahui
[2026-06-07 09:52:17]      • [Materi] Sesi Hands-on Praktikum URL → Deadline: -
[2026-06-07 09:52:21]      • [Quiz] Post-Test (M9) → Deadline: Tidak diketahui
[2026-06-07 09:52:25]      • [Assignment] Pengumpulan Tugas (M9) → Deadline: Saturday, 16 May 2026, 11:59 PM
[2026-06-07 09:52:29]      • [Quiz] Pre-Test (M3) → Deadline: Tidak diketahui
[2026-06-07 09:52:33]      • [Materi] Sesi Praktikum URL → Deadline: -
[2026-06-07 09:52:37]      • [Materi] Video Tutorial: Menambahkan File pada Mesin DGX URL → Deadline: -
[2026-06-07 09:52:41]      • [Quiz] Post-Test (M3) → Deadline: Tidak diketahui
[2026-06-07 09:52:45]      • [Assignment] Pengumpulan Tugas (M3) → Deadline: Saturday, 23 May 2026, 11:59 PM
[2026-06-07 09:52:50]      • [Quiz] Pre-Test (M7) → Deadline: Tidak diketahui
[2026-06-07 09:52:54]      • [Materi] Link File Praktikum I - 3-Tekrek-Find-Center.ipynb → Deadline: -
[2026-06-07 09:52:58]      • [Materi] Link File Praktikum II - 3-Tekrek-Sortest-Path.ipynb → Deadline: -
[2026-06-07 09:53:02]      • [Materi] Video Tutorial: Mendownload File IPYNB di Virtual Class URL → Deadline: -
[2026-06-07 09:53:06]      • [Quiz] Post-Test (M7) → Deadline: Tidak diketahui
[2026-06-07 09:53:10]      • [Assignment] Laporan Akhir (M7) → Deadline: Saturday, 23 May 2026, 11:59 PM
[2026-06-07 09:53:14] 📦 Total tugas ditemukan: 107
[2026-06-07 09:53:14] 💾 Disimpan ke python/node/tugas.json
[2026-06-07 18:00:14] 🔐 Login ke V-Class...
[2026-06-07 18:00:15] ✅ Login berhasil
[2026-06-07 18:00:15] 📚 Mengambil mata kuliah ID 108486 ...
[2026-06-07 18:00:15]   ➤ ATA 2025/2026 | 3KB01 | Jaringan Komputer Lanjut | VIVIEN NOVA FITHRIANA
[2026-06-07 18:00:15]      • [Materi] Announcements Forum → Deadline: -
[2026-06-07 18:00:20]      • [Materi] M1 File → Deadline: -
[2026-06-07 18:00:23]      • [Materi] M2 File → Deadline: -
[2026-06-07 18:00:27]      • [Materi] M3 File → Deadline: -
[2026-06-07 18:00:31]      • [Materi] M4 File → Deadline: -
[2026-06-07 18:00:35]      • [Materi] M5 File → Deadline: -
[2026-06-07 18:00:40]      • [Materi] M6 File → Deadline: -
[2026-06-07 18:00:45]      • [Materi] M7 File → Deadline: -
[2026-06-07 18:00:49]      • [Materi] VC-1 : Traffic dan Algoritma Kendali Kemacetan File → Deadline: -
[2026-06-07 18:00:53]      • [Materi] VC-1 : Traffic dan Algoritma Kendali Kemacetan File → Deadline: -
[2026-06-07 18:00:57]      • [Materi] Forum VC-1 : Traffic dan Algoritma Kendali Kemacetan → Deadline: -
[2026-06-07 18:01:02]      • [Quiz] Latihan Soal VC-1 : Traffic dan Algoritma Kendali Kemacetan → Deadline: Tidak diketahui
[2026-06-07 18:01:07]      • [Materi] VC-2 : Traffic dan Algoritma Kendali Kemacetan - Bagian 2 File → Deadline: -
[2026-06-07 18:01:12]      • [Materi] Forum VC-2 : Traffic dan Algoritma Kendali Kemacetan - Bagian 2 → Deadline: -
[2026-06-07 18:01:16]      • [Quiz] Latihan Soal VC-2 : Traffic dan Algoritma Kendali Kemacetan - Bagian 2 → Deadline: Tidak diketahui
[2026-06-07 18:01:20]      • [Materi] VC-3 : Lapisan Transport File → Deadline: -
[2026-06-07 18:01:24]      • [Materi] Forum VC-3 : Lapisan Transport → Deadline: -
[2026-06-07 18:01:28]      • [Quiz] Latihan Soal VC-3 : Lapisan Transport → Deadline: Wednesday, 15 July 2026, 11:59 PM
[2026-06-07 18:01:33] 📚 Mengambil mata kuliah ID 108172 ...
[2026-06-07 18:01:33]   ➤ ATA 2025/2026 | 3KB01 | Internet of Things (IoT) | PURNAWARMAN MUSA
[2026-06-07 18:01:33]      • [Materi] Announcements Forum → Deadline: -
[2026-06-07 18:01:38]      • [Materi] M6 File → Deadline: -
[2026-06-07 18:01:43]      • [Quiz] Soal (Tugas Individu) → Deadline: Tidak diketahui
[2026-06-07 18:01:47]      • [Quiz] Soal (Tugas Individu) → Deadline: Tidak diketahui
[2026-06-07 18:01:51] 📚 Mengambil mata kuliah ID 109563 ...
[2026-06-07 18:01:51]   ➤ ATA 2025/2026 | 3KB01 | Sistem Tertanam (Embedded) * | RIDHA ISKANDAR
[2026-06-07 18:01:51]      • [Materi] Selamat Datang di V-Class Sistem Tertanam (Embedded) Forum → Deadline: -
[2026-06-07 18:01:56]      • [Assignment] File 1 → Deadline: Sunday, 26 April 2026, 12:00 AM
[2026-06-07 18:02:00] 📚 Mengambil mata kuliah ID 109970 ...
[2026-06-07 18:02:00]   ➤ ATA 2025/2026 | 2EB10 | Bahasa Indonesia | MELANIAWATI
[2026-06-07 18:02:00] 📚 Mengambil mata kuliah ID 107919 ...
[2026-06-07 18:02:00]   ➤ ATA 2025/2026 | 3KB01 | Sistem Cerdas Lanjut | NUR SULTAN SALAHUDDIN
[2026-06-07 18:02:00]      • [Materi] Announcements Forum → Deadline: -
[2026-06-07 18:02:04]      • [Assignment] Sistem Kesehatan Cerdas → Deadline: Thursday, 21 May 2026, 12:00 AM
[2026-06-07 18:02:09]      • [Quiz] Sistem Kesehatan Cerdas → Deadline: Tidak diketahui
[2026-06-07 18:02:13] 📚 Mengambil mata kuliah ID 107291 ...
[2026-06-07 18:02:14]   ➤ ATA 2025/2026 | 3KB01 | Pengantarmukaan Perif.Komputer * | FARID THALIB
[2026-06-07 18:02:14]      • [Materi] Announcements Forum → Deadline: -
[2026-06-07 18:02:18] 📚 Mengambil mata kuliah ID 104438 ...
[2026-06-07 18:02:18]   ➤ ATA 2025/2026 | 3-FIKTI | Terapan Teori Graf | TEAM TEACHING
[2026-06-07 18:02:18]      • [Materi] PEMBERITAHUAN PELAKSANAAN TEAM TEACHING TERAPAN TEORI GRAF Forum → Deadline: -
[2026-06-07 18:02:23]      • [Materi] M1: Pendahuluan Teori Graf File → Deadline: -
[2026-06-07 18:02:27]      • [Materi] Video Literasi M1: Pendahuluan Teori Graf URL → Deadline: -
[2026-06-07 18:02:32]      • [Quiz] Kuis M1 [kelas PAGI] → Deadline: Tidak diketahui
[2026-06-07 18:02:37]      • [Quiz] Kuis M1 [kelas MALAM] → Deadline: Tidak diketahui
[2026-06-07 18:02:41]      • [Materi] M2: Graf Tidak Berarah dan Graf Berbobot File → Deadline: -
[2026-06-07 18:02:46]      • [Materi] Video Literasi M2 : Graf Tidak Berarah dan Graf Berbobot URL → Deadline: -
[2026-06-07 18:02:51]      • [Quiz] Kuis M2 [KELAS PAGI] : Graf Tidak Berarah dan Graf Berbobot → Deadline: Tidak diketahui
[2026-06-07 18:02:55]      • [Quiz] Kuis M2 [KELAS MALAM] : Graf Tidak Berarah dan Graf Berbobot → Deadline: Tidak diketahui
[2026-06-07 18:03:00]      • [Materi] M4 : Aplikasi Teori Graf di Teknik Elektro File → Deadline: -
[2026-06-07 18:03:04]      • [Materi] Video Literasi M4 : Aplikasi Teori Graf di Teknik Elektro URL → Deadline: -
[2026-06-07 18:03:08]      • [Quiz] Kuis M4 [KELAS PAGI]: Aplikasi Teori Graf di Teknik Elektro → Deadline: Tidak diketahui
[2026-06-07 18:03:13]      • [Quiz] Kuis M4 [KELAS MALAM]: Aplikasi Teori Graf di Teknik Elektro → Deadline: Tidak diketahui
[2026-06-07 18:03:17]      • [Materi] M5 : Knowledge Graph dan Database Graph File → Deadline: -
[2026-06-07 18:03:21]      • [Materi] Video Literasi  M5 : Knowledge Graph dan Database Graph URL → Deadline: -
[2026-06-07 18:03:26]      • [Quiz] Kuis M5 [KELAS PAGI] : nowledge Graph dan Database Graph → Deadline: Tidak diketahui
[2026-06-07 18:03:29]      • [Quiz] Kuis M5 [KELAS MALAM] : Knowledge Graph dan Database Graph → Deadline: Tidak diketahui
[2026-06-07 18:03:33]      • [Materi] M6 : Graf Berarah dan Implementasinya File → Deadline: -
[2026-06-07 18:03:37]      • [Materi] Video Literasi M6 : Graf Berarah dan Implementasinya URL → Deadline: -
[2026-06-07 18:03:43]      • [Quiz] Kuis M6 [KELAS PAGI] : Graf Berarah dan Implementasinya → Deadline: Tidak diketahui
[2026-06-07 18:03:47]      • [Quiz] Kuis M6 [KELAS MALAM] : Graf Berarah dan Implementasinya → Deadline: Tidak diketahui
[2026-06-07 18:03:51]      • [Materi] M8 : Penerapan Teori Graf di Bidang Teknik Sipil File → Deadline: -
[2026-06-07 18:03:56]      • [Materi] Video Literasi M8 : Penerapan Teori Graf di Bidang Teknik Sipil URL → Deadline: -
[2026-06-07 18:04:01]      • [Quiz] Kuis M8 [KELAS PAGI] : Penerapan Teori Graf di Bidang Teknik Sipil → Deadline: Tidak diketahui
[2026-06-07 18:04:06]      • [Quiz] Kuis M8 [KELAS MALAM] : Penerapan Teori Graf di Bidang Teknik Sipil → Deadline: Tidak diketahui
[2026-06-07 18:04:11]      • [Materi] M10 : Penerapan Teori Graf  di Bidang Teknik Industri File → Deadline: -
[2026-06-07 18:04:15]      • [Materi] Video Literasi M10 : Penerapan Teori Graf  di Bidang Teknik Industri URL → Deadline: -
[2026-06-07 18:04:20]      • [Quiz] Kuis M10 [kelas pagi] : Penerapan Teori Graf  di Bidang Teknik Industri → Deadline: Tidak diketahui
[2026-06-07 18:04:24]      • [Quiz] Kuis M10 [kelas malam]: Penerapan Teori Graf  di Bidang Teknik Industri → Deadline: Tidak diketahui
[2026-06-07 18:04:28] 📚 Mengambil mata kuliah ID 104413 ...
[2026-06-07 18:04:29]   ➤ ATA 2025/2026 | 3-FIKTI | Praktikum Terapan Teori Graf
[2026-06-07 18:04:29]      • [Materi] Panduan Praktikum  Forum → Deadline: -
[2026-06-07 18:04:33]      • [Materi] Panduan Google Collaboratory URL → Deadline: -
[2026-06-07 18:04:38]      • [Materi] Panduan Instalasi Anaconda URL → Deadline: -
[2026-06-07 18:04:43]      • [Quiz] Pre-Test (M1) → Deadline: Tidak diketahui
[2026-06-07 18:04:47]      • [Materi] 1.1  Pengantar: Teori Graf URL → Deadline: -
[2026-06-07 18:04:51]      • [Materi] 1.2  Sesi Hands-on Praktikum URL → Deadline: -
[2026-06-07 18:04:55]      • [Materi] 1.3 Tutorial Menambahkan File pada Mesin DGX URL → Deadline: -
[2026-06-07 18:04:59]      • [Quiz] Post-Test (M1) → Deadline: Tidak diketahui
[2026-06-07 18:05:04]      • [Assignment] Pengumpulan Tugas (M1) → Deadline: Saturday, 7 March 2026, 11:59 PM
[2026-06-07 18:05:08]      • [Quiz] Pre-Test (M2) → Deadline: Tidak diketahui
[2026-06-07 18:05:13]      • [Materi] 2.1  Pengantar: Berbagai Pemecahan Masalah Menggunakan Teori Graf Page → Deadline: -
[2026-06-07 18:05:17]      • [Quiz] Post-Test (M2) → Deadline: Tidak diketahui
[2026-06-07 18:05:22]      • [Assignment] Pengumpulan Tugas (M2) → Deadline: Saturday, 14 March 2026, 11:59 PM
[2026-06-07 18:05:26]      • [Quiz] Pre-Test (M4) → Deadline: Tidak diketahui
[2026-06-07 18:05:31]      • [Materi] 4.1  Pengantar: Breadth First Search URL → Deadline: -
[2026-06-07 18:05:35]      • [Materi] Sesi Praktikum File → Deadline: -
[2026-06-07 18:05:39]      • [Materi] Video Tutorial: Mendownload File IPYNB di Virtual Class URL → Deadline: -
[2026-06-07 18:05:42]      • [Quiz] Post-Test (M4) → Deadline: Tidak diketahui
[2026-06-07 18:05:47]      • [Assignment] Laporan Akhir (M4) → Deadline: Saturday, 11 April 2026, 11:59 PM
[2026-06-07 18:05:52]      • [Quiz] Pre-Test (M5) → Deadline: Tidak diketahui
[2026-06-07 18:05:56]      • [Materi] Sesi Praktikum URL → Deadline: -
[2026-06-07 18:06:00]      • [Quiz] Post-Test (M5) → Deadline: Tidak diketahui
[2026-06-07 18:06:04]      • [Assignment] Laporan Akhir (M5) → Deadline: Saturday, 18 April 2026, 11:59 PM
[2026-06-07 18:06:08]      • [Quiz] Pre-Test (M6) → Deadline: Tidak diketahui
[2026-06-07 18:06:12]      • [Materi] 6.1  Pendahuluan: Algoritma Dasar Tree URL → Deadline: -
[2026-06-07 18:06:16]      • [Materi] Sesi Praktikum File → Deadline: -
[2026-06-07 18:06:21]      • [Quiz] Post-Test (M6) → Deadline: Tidak diketahui
[2026-06-07 18:06:25]      • [Assignment] Laporan Akhir (M6) → Deadline: Saturday, 25 April 2026, 11:59 PM
[2026-06-07 18:06:29]      • [Quiz] Pre-Test (M8) → Deadline: Tidak diketahui
[2026-06-07 18:06:33]      • [Materi] 8.1  Pendahuluan: Implementasi Graph URL → Deadline: -
[2026-06-07 18:06:37]      • [Materi] Link File Praktikum I - family.pl → Deadline: -
[2026-06-07 18:06:41]      • [Materi] Link File Praktikum II - 8-puzzles.ipynb → Deadline: -
[2026-06-07 18:06:45]      • [Materi] Video Tutorial: Mendownload File IPYNB di Virtual Class URL → Deadline: -
[2026-06-07 18:06:50]      • [Quiz] Post-Test (M8) → Deadline: Tidak diketahui
[2026-06-07 18:06:55]      • [Assignment] Laporan Akhir (M8) → Deadline: Saturday, 9 May 2026, 11:59 PM
[2026-06-07 18:06:59]      • [Quiz] Pre-Test (M9) → Deadline: Tidak diketahui
[2026-06-07 18:07:03]      • [Materi] Sesi Hands-on Praktikum URL → Deadline: -
[2026-06-07 18:07:08]      • [Quiz] Post-Test (M9) → Deadline: Tidak diketahui
[2026-06-07 18:07:13]      • [Assignment] Pengumpulan Tugas (M9) → Deadline: Saturday, 16 May 2026, 11:59 PM
[2026-06-07 18:07:17]      • [Quiz] Pre-Test (M3) → Deadline: Tidak diketahui
[2026-06-07 18:07:22]      • [Materi] Sesi Praktikum URL → Deadline: -
[2026-06-07 18:07:26]      • [Materi] Video Tutorial: Menambahkan File pada Mesin DGX URL → Deadline: -
[2026-06-07 18:07:31]      • [Quiz] Post-Test (M3) → Deadline: Tidak diketahui
[2026-06-07 18:07:36]      • [Assignment] Pengumpulan Tugas (M3) → Deadline: Saturday, 23 May 2026, 11:59 PM
[2026-06-07 18:07:40]      • [Quiz] Pre-Test (M7) → Deadline: Tidak diketahui
[2026-06-07 18:07:45]      • [Materi] Link File Praktikum I - 3-Tekrek-Find-Center.ipynb → Deadline: -
[2026-06-07 18:07:49]      • [Materi] Link File Praktikum II - 3-Tekrek-Sortest-Path.ipynb → Deadline: -
[2026-06-07 18:07:53]      • [Materi] Video Tutorial: Mendownload File IPYNB di Virtual Class URL → Deadline: -
[2026-06-07 18:07:58]      • [Quiz] Post-Test (M7) → Deadline: Tidak diketahui
[2026-06-07 18:08:02]      • [Assignment] Laporan Akhir (M7) → Deadline: Saturday, 23 May 2026, 11:59 PM
[2026-06-07 18:08:07] 📦 Total tugas ditemukan: 107
[2026-06-07 18:08:07] 💾 Disimpan ke python/node/tugas.json
