[2026-06-25 09:45:56] 🔐 Login ke V-Class...
[2026-06-25 09:45:56] ✅ Login berhasil
[2026-06-25 09:45:56] 📚 Mengambil mata kuliah ID 108486 ...
[2026-06-25 09:45:56]   ➤ ATA 2025/2026 | 3KB01 | Jaringan Komputer Lanjut | VIVIEN NOVA FITHRIANA
[2026-06-25 09:45:56]      • [Materi] Announcements Forum → Deadline: -
[2026-06-25 09:46:01]      • [Materi] M1 File → Deadline: -
[2026-06-25 09:46:05]      • [Materi] M2 File → Deadline: -
[2026-06-25 09:46:10]      • [Materi] M3 File → Deadline: -
[2026-06-25 09:46:14]      • [Materi] M4 File → Deadline: -
[2026-06-25 09:46:19]      • [Materi] M5 File → Deadline: -
[2026-06-25 09:46:23]      • [Materi] M6 File → Deadline: -
[2026-06-25 09:46:28]      • [Materi] M7 File → Deadline: -
[2026-06-25 09:46:33]      • [Materi] VC-1 : Traffic dan Algoritma Kendali Kemacetan File → Deadline: -
[2026-06-25 09:46:37]      • [Materi] VC-1 : Traffic dan Algoritma Kendali Kemacetan File → Deadline: -
[2026-06-25 09:46:41]      • [Materi] Forum VC-1 : Traffic dan Algoritma Kendali Kemacetan → Deadline: -
[2026-06-25 09:46:46]      • [Quiz] Latihan Soal VC-1 : Traffic dan Algoritma Kendali Kemacetan → Deadline: Tidak diketahui
[2026-06-25 09:46:50]      • [Materi] VC-2 : Traffic dan Algoritma Kendali Kemacetan - Bagian 2 File → Deadline: -
[2026-06-25 09:46:54]      • [Materi] Forum VC-2 : Traffic dan Algoritma Kendali Kemacetan - Bagian 2 → Deadline: -
[2026-06-25 09:46:58]      • [Quiz] Latihan Soal VC-2 : Traffic dan Algoritma Kendali Kemacetan - Bagian 2 → Deadline: Tidak diketahui
[2026-06-25 09:47:02]      • [Materi] VC-3 : Lapisan Transport File → Deadline: -
[2026-06-25 09:47:06]      • [Materi] Forum VC-3 : Lapisan Transport → Deadline: -
[2026-06-25 09:47:10]      • [Quiz] Latihan Soal VC-3 : Lapisan Transport → Deadline: Wednesday, 15 July 2026, 11:59 PM
[2026-06-25 09:47:15] 📚 Mengambil mata kuliah ID 108172 ...
[2026-06-25 09:47:15]   ➤ ATA 2025/2026 | 3KB01 | Internet of Things (IoT) | PURNAWARMAN MUSA
[2026-06-25 09:47:15]      • [Materi] Announcements Forum → Deadline: -
[2026-06-25 09:47:19]      • [Materi] M6 File → Deadline: -
[2026-06-25 09:47:24]      • [Quiz] Soal (Tugas Individu) → Deadline: Tidak diketahui
[2026-06-25 09:47:28]      • [Quiz] Soal (Tugas Individu) → Deadline: Tidak diketahui
[2026-06-25 09:47:33] 📚 Mengambil mata kuliah ID 109563 ...
[2026-06-25 09:47:33]   ➤ ATA 2025/2026 | 3KB01 | Sistem Tertanam (Embedded) * | RIDHA ISKANDAR
[2026-06-25 09:47:33]      • [Materi] Selamat Datang di V-Class Sistem Tertanam (Embedded) Forum → Deadline: -
[2026-06-25 09:47:38]      • [Assignment] File 1 → Deadline: Sunday, 26 April 2026, 12:00 AM
[2026-06-25 09:47:43] 📚 Mengambil mata kuliah ID 109970 ...
[2026-06-25 09:47:43]   ➤ ATA 2025/2026 | 2EB10 | Bahasa Indonesia | MELANIAWATI
[2026-06-25 09:47:43] 📚 Mengambil mata kuliah ID 107919 ...
[2026-06-25 09:47:43]   ➤ ATA 2025/2026 | 3KB01 | Sistem Cerdas Lanjut | NUR SULTAN SALAHUDDIN
[2026-06-25 09:47:43]      • [Materi] Announcements Forum → Deadline: -
[2026-06-25 09:47:48]      • [Assignment] Sistem Kesehatan Cerdas → Deadline: Thursday, 21 May 2026, 12:00 AM
[2026-06-25 09:47:52]      • [Quiz] Sistem Kesehatan Cerdas → Deadline: Tidak diketahui
[2026-06-25 09:47:57] 📚 Mengambil mata kuliah ID 107291 ...
[2026-06-25 09:47:57]   ➤ ATA 2025/2026 | 3KB01 | Pengantarmukaan Perif.Komputer * | FARID THALIB
[2026-06-25 09:47:57]      • [Materi] Announcements Forum → Deadline: -
[2026-06-25 09:48:01] 📚 Mengambil mata kuliah ID 104438 ...
[2026-06-25 09:48:01]   ➤ ATA 2025/2026 | 3-FIKTI | Terapan Teori Graf | TEAM TEACHING
[2026-06-25 09:48:01]      • [Materi] PEMBERITAHUAN UTS SUSULAN File → Deadline: -
[2026-06-25 09:48:05]      • [Materi] PEMBERITAHUAN PELAKSANAAN TEAM TEACHING TERAPAN TEORI GRAF Forum → Deadline: -
[2026-06-25 09:48:09]      • [Materi] M1: Pendahuluan Teori Graf File → Deadline: -
[2026-06-25 09:48:13]      • [Materi] Video Literasi M1: Pendahuluan Teori Graf URL → Deadline: -
[2026-06-25 09:48:17]      • [Quiz] Kuis M1 [kelas PAGI] → Deadline: Tidak diketahui
[2026-06-25 09:48:22]      • [Quiz] Kuis M1 [kelas MALAM] → Deadline: Tidak diketahui
[2026-06-25 09:48:26]      • [Materi] M2: Graf Tidak Berarah dan Graf Berbobot File → Deadline: -
[2026-06-25 09:48:30]      • [Materi] Video Literasi M2 : Graf Tidak Berarah dan Graf Berbobot URL → Deadline: -
[2026-06-25 09:48:35]      • [Quiz] Kuis M2 [KELAS PAGI] : Graf Tidak Berarah dan Graf Berbobot → Deadline: Tidak diketahui
[2026-06-25 09:48:40]      • [Quiz] Kuis M2 [KELAS MALAM] : Graf Tidak Berarah dan Graf Berbobot → Deadline: Tidak diketahui
[2026-06-25 09:48:44]      • [Materi] M4 : Aplikasi Teori Graf di Teknik Elektro File → Deadline: -
[2026-06-25 09:48:48]      • [Materi] Video Literasi M4 : Aplikasi Teori Graf di Teknik Elektro URL → Deadline: -
[2026-06-25 09:48:52]      • [Quiz] Kuis M4 [KELAS PAGI]: Aplikasi Teori Graf di Teknik Elektro → Deadline: Tidak diketahui
[2026-06-25 09:48:56]      • [Quiz] Kuis M4 [KELAS MALAM]: Aplikasi Teori Graf di Teknik Elektro → Deadline: Tidak diketahui
[2026-06-25 09:49:01]      • [Materi] M5 : Knowledge Graph dan Database Graph File → Deadline: -
[2026-06-25 09:49:05]      • [Materi] Video Literasi  M5 : Knowledge Graph dan Database Graph URL → Deadline: -
[2026-06-25 09:49:10]      • [Quiz] Kuis M5 [KELAS PAGI] : nowledge Graph dan Database Graph → Deadline: Tidak diketahui
[2026-06-25 09:49:14]      • [Quiz] Kuis M5 [KELAS MALAM] : Knowledge Graph dan Database Graph → Deadline: Tidak diketahui
[2026-06-25 09:49:19]      • [Materi] M6 : Graf Berarah dan Implementasinya File → Deadline: -
[2026-06-25 09:49:23]      • [Materi] Video Literasi M6 : Graf Berarah dan Implementasinya URL → Deadline: -
[2026-06-25 09:49:27]      • [Quiz] Kuis M6 [KELAS PAGI] : Graf Berarah dan Implementasinya → Deadline: Tidak diketahui
[2026-06-25 09:49:32]      • [Quiz] Kuis M6 [KELAS MALAM] : Graf Berarah dan Implementasinya → Deadline: Tidak diketahui
[2026-06-25 09:49:37]      • [Materi] M8 : Penerapan Teori Graf di Bidang Teknik Sipil File → Deadline: -
[2026-06-25 09:49:41]      • [Materi] Video Literasi M8 : Penerapan Teori Graf di Bidang Teknik Sipil URL → Deadline: -
[2026-06-25 09:49:45]      • [Quiz] Kuis M8 [KELAS PAGI] : Penerapan Teori Graf di Bidang Teknik Sipil → Deadline: Tidak diketahui
[2026-06-25 09:49:50]      • [Quiz] Kuis M8 [KELAS MALAM] : Penerapan Teori Graf di Bidang Teknik Sipil → Deadline: Tidak diketahui
[2026-06-25 09:49:55]      • [Materi] M10 : Penerapan Teori Graf  di Bidang Teknik Industri File → Deadline: -
[2026-06-25 09:49:59]      • [Materi] Video Literasi M10 : Penerapan Teori Graf  di Bidang Teknik Industri URL → Deadline: -
[2026-06-25 09:50:03]      • [Quiz] Kuis M10 [kelas pagi] : Penerapan Teori Graf  di Bidang Teknik Industri → Deadline: Tidak diketahui
[2026-06-25 09:50:07]      • [Quiz] Kuis M10 [kelas malam]: Penerapan Teori Graf  di Bidang Teknik Industri → Deadline: Tidak diketahui
[2026-06-25 09:50:12] 📚 Mengambil mata kuliah ID 104413 ...
[2026-06-25 09:50:12]   ➤ ATA 2025/2026 | 3-FIKTI | Praktikum Terapan Teori Graf
[2026-06-25 09:50:12]      • [Materi] Panduan Praktikum  Forum → Deadline: -
[2026-06-25 09:50:17]      • [Materi] Panduan Google Collaboratory URL → Deadline: -
[2026-06-25 09:50:21]      • [Materi] Panduan Instalasi Anaconda URL → Deadline: -
[2026-06-25 09:50:24]      • [Quiz] Pre-Test (M1) → Deadline: Tidak diketahui
[2026-06-25 09:50:28]      • [Materi] 1.1  Pengantar: Teori Graf URL → Deadline: -
[2026-06-25 09:50:32]      • [Materi] 1.2  Sesi Hands-on Praktikum URL → Deadline: -
[2026-06-25 09:50:36]      • [Materi] 1.3 Tutorial Menambahkan File pada Mesin DGX URL → Deadline: -
[2026-06-25 09:50:40]      • [Quiz] Post-Test (M1) → Deadline: Tidak diketahui
[2026-06-25 09:50:45]      • [Assignment] Pengumpulan Tugas (M1) → Deadline: Saturday, 7 March 2026, 11:59 PM
[2026-06-25 09:50:49]      • [Quiz] Pre-Test (M2) → Deadline: Tidak diketahui
[2026-06-25 09:50:54]      • [Materi] 2.1  Pengantar: Berbagai Pemecahan Masalah Menggunakan Teori Graf Page → Deadline: -
[2026-06-25 09:50:59]      • [Quiz] Post-Test (M2) → Deadline: Tidak diketahui
[2026-06-25 09:51:03]      • [Assignment] Pengumpulan Tugas (M2) → Deadline: Saturday, 14 March 2026, 11:59 PM
[2026-06-25 09:51:08]      • [Quiz] Pre-Test (M4) → Deadline: Tidak diketahui
[2026-06-25 09:51:13]      • [Materi] 4.1  Pengantar: Breadth First Search URL → Deadline: -
[2026-06-25 09:51:17]      • [Materi] Sesi Praktikum File → Deadline: -
[2026-06-25 09:51:21]      • [Materi] Video Tutorial: Mendownload File IPYNB di Virtual Class URL → Deadline: -
[2026-06-25 09:51:26]      • [Quiz] Post-Test (M4) → Deadline: Tidak diketahui
[2026-06-25 09:51:30]      • [Assignment] Laporan Akhir (M4) → Deadline: Saturday, 11 April 2026, 11:59 PM
[2026-06-25 09:51:34]      • [Quiz] Pre-Test (M5) → Deadline: Tidak diketahui
[2026-06-25 09:51:38]      • [Materi] Sesi Praktikum URL → Deadline: -
[2026-06-25 09:51:43]      • [Quiz] Post-Test (M5) → Deadline: Tidak diketahui
[2026-06-25 09:51:48]      • [Assignment] Laporan Akhir (M5) → Deadline: Saturday, 18 April 2026, 11:59 PM
[2026-06-25 09:51:53]      • [Quiz] Pre-Test (M6) → Deadline: Tidak diketahui
[2026-06-25 09:51:57]      • [Materi] 6.1  Pendahuluan: Algoritma Dasar Tree URL → Deadline: -
[2026-06-25 09:52:01]      • [Materi] Sesi Praktikum File → Deadline: -
[2026-06-25 09:52:06]      • [Quiz] Post-Test (M6) → Deadline: Tidak diketahui
[2026-06-25 09:52:11]      • [Assignment] Laporan Akhir (M6) → Deadline: Saturday, 25 April 2026, 11:59 PM
[2026-06-25 09:52:15]      • [Quiz] Pre-Test (M8) → Deadline: Tidak diketahui
[2026-06-25 09:52:19]      • [Materi] 8.1  Pendahuluan: Implementasi Graph URL → Deadline: -
[2026-06-25 09:52:24]      • [Materi] Link File Praktikum I - family.pl → Deadline: -
[2026-06-25 09:52:27]      • [Materi] Link File Praktikum II - 8-puzzles.ipynb → Deadline: -
[2026-06-25 09:52:32]      • [Materi] Video Tutorial: Mendownload File IPYNB di Virtual Class URL → Deadline: -
[2026-06-25 09:52:36]      • [Quiz] Post-Test (M8) → Deadline: Tidak diketahui
[2026-06-25 09:52:41]      • [Assignment] Laporan Akhir (M8) → Deadline: Saturday, 9 May 2026, 11:59 PM
[2026-06-25 09:52:46]      • [Quiz] Pre-Test (M9) → Deadline: Tidak diketahui
[2026-06-25 09:52:51]      • [Materi] Sesi Hands-on Praktikum URL → Deadline: -
[2026-06-25 09:52:55]      • [Quiz] Post-Test (M9) → Deadline: Tidak diketahui
[2026-06-25 09:53:00]      • [Assignment] Pengumpulan Tugas (M9) → Deadline: Saturday, 16 May 2026, 11:59 PM
[2026-06-25 09:53:04]      • [Quiz] Pre-Test (M3) → Deadline: Tidak diketahui
[2026-06-25 09:53:08]      • [Materi] Sesi Praktikum URL → Deadline: -
[2026-06-25 09:53:13]      • [Materi] Video Tutorial: Menambahkan File pada Mesin DGX URL → Deadline: -
[2026-06-25 09:53:17]      • [Quiz] Post-Test (M3) → Deadline: Tidak diketahui
[2026-06-25 09:53:21]      • [Assignment] Pengumpulan Tugas (M3) → Deadline: Saturday, 23 May 2026, 11:59 PM
[2026-06-25 09:53:25]      • [Quiz] Pre-Test (M7) → Deadline: Tidak diketahui
[2026-06-25 09:53:29]      • [Materi] Link File Praktikum I - 3-Tekrek-Find-Center.ipynb → Deadline: -
[2026-06-25 09:53:33]      • [Materi] Link File Praktikum II - 3-Tekrek-Sortest-Path.ipynb → Deadline: -
[2026-06-25 09:53:37]      • [Materi] Video Tutorial: Mendownload File IPYNB di Virtual Class URL → Deadline: -
[2026-06-25 09:53:41]      • [Quiz] Post-Test (M7) → Deadline: Tidak diketahui
[2026-06-25 09:53:46]      • [Assignment] Laporan Akhir (M7) → Deadline: Saturday, 23 May 2026, 11:59 PM
[2026-06-25 09:53:51] 📦 Total tugas ditemukan: 108
[2026-06-25 09:53:51] 💾 Disimpan ke python/node/tugas.json
[2026-06-25 18:00:51] 🔐 Login ke V-Class...
[2026-06-25 18:00:52] ✅ Login berhasil
[2026-06-25 18:00:52] 📚 Mengambil mata kuliah ID 108486 ...
[2026-06-25 18:00:52]   ➤ ATA 2025/2026 | 3KB01 | Jaringan Komputer Lanjut | VIVIEN NOVA FITHRIANA
[2026-06-25 18:00:52]      • [Materi] Announcements Forum → Deadline: -
[2026-06-25 18:00:56]      • [Materi] M1 File → Deadline: -
[2026-06-25 18:01:01]      • [Materi] M2 File → Deadline: -
[2026-06-25 18:01:04]      • [Materi] M3 File → Deadline: -
[2026-06-25 18:01:08]      • [Materi] M4 File → Deadline: -
[2026-06-25 18:01:13]      • [Materi] M5 File → Deadline: -
[2026-06-25 18:01:17]      • [Materi] M6 File → Deadline: -
[2026-06-25 18:01:21]      • [Materi] M7 File → Deadline: -
[2026-06-25 18:01:25]      • [Materi] VC-1 : Traffic dan Algoritma Kendali Kemacetan File → Deadline: -
[2026-06-25 18:01:30]      • [Materi] VC-1 : Traffic dan Algoritma Kendali Kemacetan File → Deadline: -
[2026-06-25 18:01:34]      • [Materi] Forum VC-1 : Traffic dan Algoritma Kendali Kemacetan → Deadline: -
[2026-06-25 18:01:39]      • [Quiz] Latihan Soal VC-1 : Traffic dan Algoritma Kendali Kemacetan → Deadline: Tidak diketahui
[2026-06-25 18:01:42]      • [Materi] VC-2 : Traffic dan Algoritma Kendali Kemacetan - Bagian 2 File → Deadline: -
[2026-06-25 18:01:47]      • [Materi] Forum VC-2 : Traffic dan Algoritma Kendali Kemacetan - Bagian 2 → Deadline: -
[2026-06-25 18:01:51]      • [Quiz] Latihan Soal VC-2 : Traffic dan Algoritma Kendali Kemacetan - Bagian 2 → Deadline: Tidak diketahui
[2026-06-25 18:01:55]      • [Materi] VC-3 : Lapisan Transport File → Deadline: -
[2026-06-25 18:01:59]      • [Materi] Forum VC-3 : Lapisan Transport → Deadline: -
[2026-06-25 18:02:04]      • [Quiz] Latihan Soal VC-3 : Lapisan Transport → Deadline: Wednesday, 15 July 2026, 11:59 PM
[2026-06-25 18:02:09] 📚 Mengambil mata kuliah ID 108172 ...
[2026-06-25 18:02:09]   ➤ ATA 2025/2026 | 3KB01 | Internet of Things (IoT) | PURNAWARMAN MUSA
[2026-06-25 18:02:09]      • [Materi] Announcements Forum → Deadline: -
[2026-06-25 18:02:14]      • [Materi] M6 File → Deadline: -
[2026-06-25 18:02:17]      • [Quiz] Soal (Tugas Individu) → Deadline: Tidak diketahui
[2026-06-25 18:02:22]      • [Quiz] Soal (Tugas Individu) → Deadline: Tidak diketahui
[2026-06-25 18:02:26] 📚 Mengambil mata kuliah ID 109563 ...
[2026-06-25 18:02:27]   ➤ ATA 2025/2026 | 3KB01 | Sistem Tertanam (Embedded) * | RIDHA ISKANDAR
[2026-06-25 18:02:27]      • [Materi] Selamat Datang di V-Class Sistem Tertanam (Embedded) Forum → Deadline: -
[2026-06-25 18:02:30]      • [Assignment] File 1 → Deadline: Sunday, 26 April 2026, 12:00 AM
[2026-06-25 18:02:34] 📚 Mengambil mata kuliah ID 109970 ...
[2026-06-25 18:02:34]   ➤ ATA 2025/2026 | 2EB10 | Bahasa Indonesia | MELANIAWATI
[2026-06-25 18:02:34] 📚 Mengambil mata kuliah ID 107919 ...
[2026-06-25 18:02:34]   ➤ ATA 2025/2026 | 3KB01 | Sistem Cerdas Lanjut | NUR SULTAN SALAHUDDIN
[2026-06-25 18:02:34]      • [Materi] Announcements Forum → Deadline: -
[2026-06-25 18:02:38]      • [Assignment] Sistem Kesehatan Cerdas → Deadline: Thursday, 21 May 2026, 12:00 AM
[2026-06-25 18:02:43]      • [Quiz] Sistem Kesehatan Cerdas → Deadline: Tidak diketahui
[2026-06-25 18:02:48] 📚 Mengambil mata kuliah ID 107291 ...
[2026-06-25 18:02:48]   ➤ ATA 2025/2026 | 3KB01 | Pengantarmukaan Perif.Komputer * | FARID THALIB
[2026-06-25 18:02:48]      • [Materi] Announcements Forum → Deadline: -
[2026-06-25 18:02:52] 📚 Mengambil mata kuliah ID 104438 ...
[2026-06-25 18:02:52]   ➤ ATA 2025/2026 | 3-FIKTI | Terapan Teori Graf | TEAM TEACHING
[2026-06-25 18:02:52]      • [Materi] PEMBERITAHUAN UTS SUSULAN File → Deadline: -
[2026-06-25 18:02:56]      • [Materi] PEMBERITAHUAN PELAKSANAAN TEAM TEACHING TERAPAN TEORI GRAF Forum → Deadline: -
[2026-06-25 18:03:01]      • [Materi] M1: Pendahuluan Teori Graf File → Deadline: -
[2026-06-25 18:03:05]      • [Materi] Video Literasi M1: Pendahuluan Teori Graf URL → Deadline: -
[2026-06-25 18:03:09]      • [Quiz] Kuis M1 [kelas PAGI] → Deadline: Tidak diketahui
[2026-06-25 18:03:14]      • [Quiz] Kuis M1 [kelas MALAM] → Deadline: Tidak diketahui
[2026-06-25 18:03:18]      • [Materi] M2: Graf Tidak Berarah dan Graf Berbobot File → Deadline: -
[2026-06-25 18:03:22]      • [Materi] Video Literasi M2 : Graf Tidak Berarah dan Graf Berbobot URL → Deadline: -
[2026-06-25 18:03:27]      • [Quiz] Kuis M2 [KELAS PAGI] : Graf Tidak Berarah dan Graf Berbobot → Deadline: Tidak diketahui
[2026-06-25 18:03:31]      • [Quiz] Kuis M2 [KELAS MALAM] : Graf Tidak Berarah dan Graf Berbobot → Deadline: Tidak diketahui
[2026-06-25 18:03:36]      • [Materi] M4 : Aplikasi Teori Graf di Teknik Elektro File → Deadline: -
[2026-06-25 18:03:40]      • [Materi] Video Literasi M4 : Aplikasi Teori Graf di Teknik Elektro URL → Deadline: -
[2026-06-25 18:03:45]      • [Quiz] Kuis M4 [KELAS PAGI]: Aplikasi Teori Graf di Teknik Elektro → Deadline: Tidak diketahui
[2026-06-25 18:03:49]      • [Quiz] Kuis M4 [KELAS MALAM]: Aplikasi Teori Graf di Teknik Elektro → Deadline: Tidak diketahui
[2026-06-25 18:03:54]      • [Materi] M5 : Knowledge Graph dan Database Graph File → Deadline: -
[2026-06-25 18:03:58]      • [Materi] Video Literasi  M5 : Knowledge Graph dan Database Graph URL → Deadline: -
[2026-06-25 18:04:01]      • [Quiz] Kuis M5 [KELAS PAGI] : nowledge Graph dan Database Graph → Deadline: Tidak diketahui
[2026-06-25 18:04:06]      • [Quiz] Kuis M5 [KELAS MALAM] : Knowledge Graph dan Database Graph → Deadline: Tidak diketahui
[2026-06-25 18:04:10]      • [Materi] M6 : Graf Berarah dan Implementasinya File → Deadline: -
[2026-06-25 18:04:15]      • [Materi] Video Literasi M6 : Graf Berarah dan Implementasinya URL → Deadline: -
[2026-06-25 18:04:20]      • [Quiz] Kuis M6 [KELAS PAGI] : Graf Berarah dan Implementasinya → Deadline: Tidak diketahui
[2026-06-25 18:04:24]      • [Quiz] Kuis M6 [KELAS MALAM] : Graf Berarah dan Implementasinya → Deadline: Tidak diketahui
[2026-06-25 18:04:29]      • [Materi] M8 : Penerapan Teori Graf di Bidang Teknik Sipil File → Deadline: -
[2026-06-25 18:04:32]      • [Materi] Video Literasi M8 : Penerapan Teori Graf di Bidang Teknik Sipil URL → Deadline: -
[2026-06-25 18:04:36]      • [Quiz] Kuis M8 [KELAS PAGI] : Penerapan Teori Graf di Bidang Teknik Sipil → Deadline: Tidak diketahui
[2026-06-25 18:04:41]      • [Quiz] Kuis M8 [KELAS MALAM] : Penerapan Teori Graf di Bidang Teknik Sipil → Deadline: Tidak diketahui
[2026-06-25 18:04:45]      • [Materi] M10 : Penerapan Teori Graf  di Bidang Teknik Industri File → Deadline: -
[2026-06-25 18:04:49]      • [Materi] Video Literasi M10 : Penerapan Teori Graf  di Bidang Teknik Industri URL → Deadline: -
[2026-06-25 18:04:54]      • [Quiz] Kuis M10 [kelas pagi] : Penerapan Teori Graf  di Bidang Teknik Industri → Deadline: Tidak diketahui
[2026-06-25 18:04:58]      • [Quiz] Kuis M10 [kelas malam]: Penerapan Teori Graf  di Bidang Teknik Industri → Deadline: Tidak diketahui
[2026-06-25 18:05:01]      • [Quiz] Kuis M11 [kelas PAGI]: Program Dinamis dan Permasalahan Tata Letak Fasilitas → Deadline: Friday, 26 June 2026, 3:00 PM
[2026-06-25 18:05:05]      • [Quiz] Kuis M11 [kelas MALAM]: Program Dinamis dan Permasalahan Tata Letak Fasilitas → Deadline: Friday, 26 June 2026, 9:00 PM
[2026-06-25 18:05:10] 📚 Mengambil mata kuliah ID 104413 ...
[2026-06-25 18:05:10]   ➤ ATA 2025/2026 | 3-FIKTI | Praktikum Terapan Teori Graf
[2026-06-25 18:05:10]      • [Materi] Panduan Praktikum  Forum → Deadline: -
[2026-06-25 18:05:14]      • [Materi] Panduan Google Collaboratory URL → Deadline: -
[2026-06-25 18:05:18]      • [Materi] Panduan Instalasi Anaconda URL → Deadline: -
[2026-06-25 18:05:22]      • [Quiz] Pre-Test (M1) → Deadline: Tidak diketahui
[2026-06-25 18:05:26]      • [Materi] 1.1  Pengantar: Teori Graf URL → Deadline: -
[2026-06-25 18:05:30]      • [Materi] 1.2  Sesi Hands-on Praktikum URL → Deadline: -
[2026-06-25 18:05:33]      • [Materi] 1.3 Tutorial Menambahkan File pada Mesin DGX URL → Deadline: -
[2026-06-25 18:05:38]      • [Quiz] Post-Test (M1) → Deadline: Tidak diketahui
[2026-06-25 18:05:42]      • [Assignment] Pengumpulan Tugas (M1) → Deadline: Saturday, 7 March 2026, 11:59 PM
[2026-06-25 18:05:46]      • [Quiz] Pre-Test (M2) → Deadline: Tidak diketahui
[2026-06-25 18:05:51]      • [Materi] 2.1  Pengantar: Berbagai Pemecahan Masalah Menggunakan Teori Graf Page → Deadline: -
[2026-06-25 18:05:55]      • [Quiz] Post-Test (M2) → Deadline: Tidak diketahui
[2026-06-25 18:05:59]      • [Assignment] Pengumpulan Tugas (M2) → Deadline: Saturday, 14 March 2026, 11:59 PM
[2026-06-25 18:06:04]      • [Quiz] Pre-Test (M4) → Deadline: Tidak diketahui
[2026-06-25 18:06:08]      • [Materi] 4.1  Pengantar: Breadth First Search URL → Deadline: -
[2026-06-25 18:06:12]      • [Materi] Sesi Praktikum File → Deadline: -
[2026-06-25 18:06:15]      • [Materi] Video Tutorial: Mendownload File IPYNB di Virtual Class URL → Deadline: -
[2026-06-25 18:06:20]      • [Quiz] Post-Test (M4) → Deadline: Tidak diketahui
[2026-06-25 18:06:24]      • [Assignment] Laporan Akhir (M4) → Deadline: Saturday, 11 April 2026, 11:59 PM
[2026-06-25 18:06:28]      • [Quiz] Pre-Test (M5) → Deadline: Tidak diketahui
[2026-06-25 18:06:32]      • [Materi] Sesi Praktikum URL → Deadline: -
[2026-06-25 18:06:37]      • [Quiz] Post-Test (M5) → Deadline: Tidak diketahui
[2026-06-25 18:06:41]      • [Assignment] Laporan Akhir (M5) → Deadline: Saturday, 18 April 2026, 11:59 PM
[2026-06-25 18:06:46]      • [Quiz] Pre-Test (M6) → Deadline: Tidak diketahui
[2026-06-25 18:06:50]      • [Materi] 6.1  Pendahuluan: Algoritma Dasar Tree URL → Deadline: -
[2026-06-25 18:06:54]      • [Materi] Sesi Praktikum File → Deadline: -
[2026-06-25 18:06:59]      • [Quiz] Post-Test (M6) → Deadline: Tidak diketahui
[2026-06-25 18:07:03]      • [Assignment] Laporan Akhir (M6) → Deadline: Saturday, 25 April 2026, 11:59 PM
[2026-06-25 18:07:06]      • [Quiz] Pre-Test (M8) → Deadline: Tidak diketahui
[2026-06-25 18:07:11]      • [Materi] 8.1  Pendahuluan: Implementasi Graph URL → Deadline: -
[2026-06-25 18:07:15]      • [Materi] Link File Praktikum I - family.pl → Deadline: -
[2026-06-25 18:07:19]      • [Materi] Link File Praktikum II - 8-puzzles.ipynb → Deadline: -
[2026-06-25 18:07:23]      • [Materi] Video Tutorial: Mendownload File IPYNB di Virtual Class URL → Deadline: -
[2026-06-25 18:07:28]      • [Quiz] Post-Test (M8) → Deadline: Tidak diketahui
[2026-06-25 18:07:32]      • [Assignment] Laporan Akhir (M8) → Deadline: Saturday, 9 May 2026, 11:59 PM
[2026-06-25 18:07:37]      • [Quiz] Pre-Test (M9) → Deadline: Tidak diketahui
[2026-06-25 18:07:41]      • [Materi] Sesi Hands-on Praktikum URL → Deadline: -
[2026-06-25 18:07:45]      • [Quiz] Post-Test (M9) → Deadline: Tidak diketahui
[2026-06-25 18:07:49]      • [Assignment] Pengumpulan Tugas (M9) → Deadline: Saturday, 16 May 2026, 11:59 PM
[2026-06-25 18:07:53]      • [Quiz] Pre-Test (M3) → Deadline: Tidak diketahui
[2026-06-25 18:07:57]      • [Materi] Sesi Praktikum URL → Deadline: -
[2026-06-25 18:08:01]      • [Materi] Video Tutorial: Menambahkan File pada Mesin DGX URL → Deadline: -
[2026-06-25 18:08:06]      • [Quiz] Post-Test (M3) → Deadline: Tidak diketahui
[2026-06-25 18:08:11]      • [Assignment] Pengumpulan Tugas (M3) → Deadline: Saturday, 23 May 2026, 11:59 PM
[2026-06-25 18:08:15]      • [Quiz] Pre-Test (M7) → Deadline: Tidak diketahui
[2026-06-25 18:08:20]      • [Materi] Link File Praktikum I - 3-Tekrek-Find-Center.ipynb → Deadline: -
[2026-06-25 18:08:25]      • [Materi] Link File Praktikum II - 3-Tekrek-Sortest-Path.ipynb → Deadline: -
[2026-06-25 18:08:29]      • [Materi] Video Tutorial: Mendownload File IPYNB di Virtual Class URL → Deadline: -
[2026-06-25 18:08:33]      • [Quiz] Post-Test (M7) → Deadline: Tidak diketahui
[2026-06-25 18:08:37]      • [Assignment] Laporan Akhir (M7) → Deadline: Saturday, 23 May 2026, 11:59 PM
[2026-06-25 18:08:41] 📦 Total tugas ditemukan: 110
[2026-06-25 18:08:41] 💾 Disimpan ke python/node/tugas.json
