[2026-06-06 09:45:06] 🔐 Login ke V-Class...
[2026-06-06 09:45:06] ✅ Login berhasil
[2026-06-06 09:45:06] 📚 Mengambil mata kuliah ID 108486 ...
[2026-06-06 09:45:06]   ➤ ATA 2025/2026 | 3KB01 | Jaringan Komputer Lanjut | VIVIEN NOVA FITHRIANA
[2026-06-06 09:45:06]      • [Materi] Announcements Forum → Deadline: -
[2026-06-06 09:45:11]      • [Materi] M1 File → Deadline: -
[2026-06-06 09:45:15]      • [Materi] M2 File → Deadline: -
[2026-06-06 09:45:20]      • [Materi] M3 File → Deadline: -
[2026-06-06 09:45:23]      • [Materi] M4 File → Deadline: -
[2026-06-06 09:45:28]      • [Materi] M5 File → Deadline: -
[2026-06-06 09:45:31]      • [Materi] M6 File → Deadline: -
[2026-06-06 09:45:36]      • [Materi] M7 File → Deadline: -
[2026-06-06 09:45:41]      • [Materi] VC-1 : Traffic dan Algoritma Kendali Kemacetan File → Deadline: -
[2026-06-06 09:45:44]      • [Materi] VC-1 : Traffic dan Algoritma Kendali Kemacetan File → Deadline: -
[2026-06-06 09:45:48]      • [Materi] Forum VC-1 : Traffic dan Algoritma Kendali Kemacetan → Deadline: -
[2026-06-06 09:45:52]      • [Quiz] Latihan Soal VC-1 : Traffic dan Algoritma Kendali Kemacetan → Deadline: Tidak diketahui
[2026-06-06 09:45:56]      • [Materi] VC-2 : Traffic dan Algoritma Kendali Kemacetan - Bagian 2 File → Deadline: -
[2026-06-06 09:46:01]      • [Materi] Forum VC-2 : Traffic dan Algoritma Kendali Kemacetan - Bagian 2 → Deadline: -
[2026-06-06 09:46:05]      • [Quiz] Latihan Soal VC-2 : Traffic dan Algoritma Kendali Kemacetan - Bagian 2 → Deadline: Tidak diketahui
[2026-06-06 09:46:10]      • [Materi] VC-3 : Lapisan Transport File → Deadline: -
[2026-06-06 09:46:14]      • [Materi] Forum VC-3 : Lapisan Transport → Deadline: -
[2026-06-06 09:46:18]      • [Quiz] Latihan Soal VC-3 : Lapisan Transport → Deadline: Wednesday, 15 July 2026, 11:59 PM
[2026-06-06 09:46:23] 📚 Mengambil mata kuliah ID 108172 ...
[2026-06-06 09:46:23]   ➤ ATA 2025/2026 | 3KB01 | Internet of Things (IoT) | PURNAWARMAN MUSA
[2026-06-06 09:46:23]      • [Materi] Announcements Forum → Deadline: -
[2026-06-06 09:46:27]      • [Materi] M6 File → Deadline: -
[2026-06-06 09:46:31]      • [Quiz] Soal (Tugas Individu) → Deadline: Tidak diketahui
[2026-06-06 09:46:35]      • [Quiz] Soal (Tugas Individu) → Deadline: Tidak diketahui
[2026-06-06 09:46:40] 📚 Mengambil mata kuliah ID 109563 ...
[2026-06-06 09:46:40]   ➤ ATA 2025/2026 | 3KB01 | Sistem Tertanam (Embedded) * | RIDHA ISKANDAR
[2026-06-06 09:46:40]      • [Materi] Selamat Datang di V-Class Sistem Tertanam (Embedded) Forum → Deadline: -
[2026-06-06 09:46:45]      • [Assignment] File 1 → Deadline: Sunday, 26 April 2026, 12:00 AM
[2026-06-06 09:46:49] 📚 Mengambil mata kuliah ID 109970 ...
[2026-06-06 09:46:49]   ➤ ATA 2025/2026 | 2EB10 | Bahasa Indonesia | MELANIAWATI
[2026-06-06 09:46:49] 📚 Mengambil mata kuliah ID 107919 ...
[2026-06-06 09:46:49]   ➤ ATA 2025/2026 | 3KB01 | Sistem Cerdas Lanjut | NUR SULTAN SALAHUDDIN
[2026-06-06 09:46:49]      • [Materi] Announcements Forum → Deadline: -
[2026-06-06 09:46:53]      • [Assignment] Sistem Kesehatan Cerdas → Deadline: Thursday, 21 May 2026, 12:00 AM
[2026-06-06 09:46:58]      • [Quiz] Sistem Kesehatan Cerdas → Deadline: Tidak diketahui
[2026-06-06 09:47:02] 📚 Mengambil mata kuliah ID 107291 ...
[2026-06-06 09:47:03]   ➤ ATA 2025/2026 | 3KB01 | Pengantarmukaan Perif.Komputer * | FARID THALIB
[2026-06-06 09:47:03]      • [Materi] Announcements Forum → Deadline: -
[2026-06-06 09:47:07] 📚 Mengambil mata kuliah ID 104438 ...
[2026-06-06 09:47:08]   ➤ ATA 2025/2026 | 3-FIKTI | Terapan Teori Graf | TEAM TEACHING
[2026-06-06 09:47:08]      • [Materi] PEMBERITAHUAN PELAKSANAAN TEAM TEACHING TERAPAN TEORI GRAF Forum → Deadline: -
[2026-06-06 09:47:12]      • [Materi] M1: Pendahuluan Teori Graf File → Deadline: -
[2026-06-06 09:47:15]      • [Materi] Video Literasi M1: Pendahuluan Teori Graf URL → Deadline: -
[2026-06-06 09:47:20]      • [Quiz] Kuis M1 [kelas PAGI] → Deadline: Tidak diketahui
[2026-06-06 09:47:24]      • [Quiz] Kuis M1 [kelas MALAM] → Deadline: Tidak diketahui
[2026-06-06 09:47:28]      • [Materi] M2: Graf Tidak Berarah dan Graf Berbobot File → Deadline: -
[2026-06-06 09:47:32]      • [Materi] Video Literasi M2 : Graf Tidak Berarah dan Graf Berbobot URL → Deadline: -
[2026-06-06 09:47:37]      • [Quiz] Kuis M2 [KELAS PAGI] : Graf Tidak Berarah dan Graf Berbobot → Deadline: Tidak diketahui
[2026-06-06 09:47:42]      • [Quiz] Kuis M2 [KELAS MALAM] : Graf Tidak Berarah dan Graf Berbobot → Deadline: Tidak diketahui
[2026-06-06 09:47:46]      • [Materi] M4 : Aplikasi Teori Graf di Teknik Elektro File → Deadline: -
[2026-06-06 09:47:50]      • [Materi] Video Literasi M4 : Aplikasi Teori Graf di Teknik Elektro URL → Deadline: -
[2026-06-06 09:47:54]      • [Quiz] Kuis M4 [KELAS PAGI]: Aplikasi Teori Graf di Teknik Elektro → Deadline: Tidak diketahui
[2026-06-06 09:47:58]      • [Quiz] Kuis M4 [KELAS MALAM]: Aplikasi Teori Graf di Teknik Elektro → Deadline: Tidak diketahui
[2026-06-06 09:48:02]      • [Materi] M5 : Knowledge Graph dan Database Graph File → Deadline: -
[2026-06-06 09:48:05]      • [Materi] Video Literasi  M5 : Knowledge Graph dan Database Graph URL → Deadline: -
[2026-06-06 09:48:10]      • [Quiz] Kuis M5 [KELAS PAGI] : nowledge Graph dan Database Graph → Deadline: Tidak diketahui
[2026-06-06 09:48:15]      • [Quiz] Kuis M5 [KELAS MALAM] : Knowledge Graph dan Database Graph → Deadline: Tidak diketahui
[2026-06-06 09:48:20]      • [Materi] M6 : Graf Berarah dan Implementasinya File → Deadline: -
[2026-06-06 09:48:24]      • [Materi] Video Literasi M6 : Graf Berarah dan Implementasinya URL → Deadline: -
[2026-06-06 09:48:29]      • [Quiz] Kuis M6 [KELAS PAGI] : Graf Berarah dan Implementasinya → Deadline: Tidak diketahui
[2026-06-06 09:48:34]      • [Quiz] Kuis M6 [KELAS MALAM] : Graf Berarah dan Implementasinya → Deadline: Tidak diketahui
[2026-06-06 09:48:37]      • [Materi] M8 : Penerapan Teori Graf di Bidang Teknik Sipil File → Deadline: -
[2026-06-06 09:48:42]      • [Materi] Video Literasi M8 : Penerapan Teori Graf di Bidang Teknik Sipil URL → Deadline: -
[2026-06-06 09:48:45]      • [Quiz] Kuis M8 [KELAS PAGI] : Penerapan Teori Graf di Bidang Teknik Sipil → Deadline: Tidak diketahui
[2026-06-06 09:48:49]      • [Quiz] Kuis M8 [KELAS MALAM] : Penerapan Teori Graf di Bidang Teknik Sipil → Deadline: Tidak diketahui
[2026-06-06 09:48:53]      • [Materi] M10 : Penerapan Teori Graf  di Bidang Teknik Industri File → Deadline: -
[2026-06-06 09:48:57]      • [Materi] Video Literasi M10 : Penerapan Teori Graf  di Bidang Teknik Industri URL → Deadline: -
[2026-06-06 09:49:02]      • [Quiz] Kuis M10 [kelas pagi] : Penerapan Teori Graf  di Bidang Teknik Industri → Deadline: Tidak diketahui
[2026-06-06 09:49:06]      • [Quiz] Kuis M10 [kelas malam]: Penerapan Teori Graf  di Bidang Teknik Industri → Deadline: Tidak diketahui
[2026-06-06 09:49:09] 📚 Mengambil mata kuliah ID 104413 ...
[2026-06-06 09:49:10]   ➤ ATA 2025/2026 | 3-FIKTI | Praktikum Terapan Teori Graf
[2026-06-06 09:49:10]      • [Materi] Panduan Praktikum  Forum → Deadline: -
[2026-06-06 09:49:15]      • [Materi] Panduan Google Collaboratory URL → Deadline: -
[2026-06-06 09:49:19]      • [Materi] Panduan Instalasi Anaconda URL → Deadline: -
[2026-06-06 09:49:23]      • [Quiz] Pre-Test (M1) → Deadline: Tidak diketahui
[2026-06-06 09:49:27]      • [Materi] 1.1  Pengantar: Teori Graf URL → Deadline: -
[2026-06-06 09:49:32]      • [Materi] 1.2  Sesi Hands-on Praktikum URL → Deadline: -
[2026-06-06 09:49:36]      • [Materi] 1.3 Tutorial Menambahkan File pada Mesin DGX URL → Deadline: -
[2026-06-06 09:49:40]      • [Quiz] Post-Test (M1) → Deadline: Tidak diketahui
[2026-06-06 09:49:45]      • [Assignment] Pengumpulan Tugas (M1) → Deadline: Saturday, 7 March 2026, 11:59 PM
[2026-06-06 09:49:49]      • [Quiz] Pre-Test (M2) → Deadline: Tidak diketahui
[2026-06-06 09:49:54]      • [Materi] 2.1  Pengantar: Berbagai Pemecahan Masalah Menggunakan Teori Graf Page → Deadline: -
[2026-06-06 09:49:59]      • [Quiz] Post-Test (M2) → Deadline: Tidak diketahui
[2026-06-06 09:50:03]      • [Assignment] Pengumpulan Tugas (M2) → Deadline: Saturday, 14 March 2026, 11:59 PM
[2026-06-06 09:50:08]      • [Quiz] Pre-Test (M4) → Deadline: Tidak diketahui
[2026-06-06 09:50:12]      • [Materi] 4.1  Pengantar: Breadth First Search URL → Deadline: -
[2026-06-06 09:50:16]      • [Materi] Sesi Praktikum File → Deadline: -
[2026-06-06 09:50:19]      • [Materi] Video Tutorial: Mendownload File IPYNB di Virtual Class URL → Deadline: -
[2026-06-06 09:50:24]      • [Quiz] Post-Test (M4) → Deadline: Tidak diketahui
[2026-06-06 09:50:28]      • [Assignment] Laporan Akhir (M4) → Deadline: Saturday, 11 April 2026, 11:59 PM
[2026-06-06 09:50:32]      • [Quiz] Pre-Test (M5) → Deadline: Tidak diketahui
[2026-06-06 09:50:35]      • [Materi] Sesi Praktikum URL → Deadline: -
[2026-06-06 09:50:39]      • [Quiz] Post-Test (M5) → Deadline: Tidak diketahui
[2026-06-06 09:50:43]      • [Assignment] Laporan Akhir (M5) → Deadline: Saturday, 18 April 2026, 11:59 PM
[2026-06-06 09:50:48]      • [Quiz] Pre-Test (M6) → Deadline: Tidak diketahui
[2026-06-06 09:50:53]      • [Materi] 6.1  Pendahuluan: Algoritma Dasar Tree URL → Deadline: -
[2026-06-06 09:50:57]      • [Materi] Sesi Praktikum File → Deadline: -
[2026-06-06 09:51:02]      • [Quiz] Post-Test (M6) → Deadline: Tidak diketahui
[2026-06-06 09:51:05]      • [Assignment] Laporan Akhir (M6) → Deadline: Saturday, 25 April 2026, 11:59 PM
[2026-06-06 09:51:11]      • [Quiz] Pre-Test (M8) → Deadline: Tidak diketahui
[2026-06-06 09:51:14]      • [Materi] 8.1  Pendahuluan: Implementasi Graph URL → Deadline: -
[2026-06-06 09:51:18]      • [Materi] Link File Praktikum I - family.pl → Deadline: -
[2026-06-06 09:51:23]      • [Materi] Link File Praktikum II - 8-puzzles.ipynb → Deadline: -
[2026-06-06 09:51:27]      • [Materi] Video Tutorial: Mendownload File IPYNB di Virtual Class URL → Deadline: -
[2026-06-06 09:51:32]      • [Quiz] Post-Test (M8) → Deadline: Tidak diketahui
[2026-06-06 09:51:35]      • [Assignment] Laporan Akhir (M8) → Deadline: Saturday, 9 May 2026, 11:59 PM
[2026-06-06 09:51:39]      • [Quiz] Pre-Test (M9) → Deadline: Tidak diketahui
[2026-06-06 09:51:44]      • [Materi] Sesi Hands-on Praktikum URL → Deadline: -
[2026-06-06 09:51:49]      • [Quiz] Post-Test (M9) → Deadline: Tidak diketahui
[2026-06-06 09:51:53]      • [Assignment] Pengumpulan Tugas (M9) → Deadline: Saturday, 16 May 2026, 11:59 PM
[2026-06-06 09:51:57]      • [Quiz] Pre-Test (M3) → Deadline: Tidak diketahui
[2026-06-06 09:52:01]      • [Materi] Sesi Praktikum URL → Deadline: -
[2026-06-06 09:52:05]      • [Materi] Video Tutorial: Menambahkan File pada Mesin DGX URL → Deadline: -
[2026-06-06 09:52:09]      • [Quiz] Post-Test (M3) → Deadline: Tidak diketahui
[2026-06-06 09:52:14]      • [Assignment] Pengumpulan Tugas (M3) → Deadline: Saturday, 23 May 2026, 11:59 PM
[2026-06-06 09:52:18]      • [Quiz] Pre-Test (M7) → Deadline: Tidak diketahui
[2026-06-06 09:52:22]      • [Materi] Link File Praktikum I - 3-Tekrek-Find-Center.ipynb → Deadline: -
[2026-06-06 09:52:26]      • [Materi] Link File Praktikum II - 3-Tekrek-Sortest-Path.ipynb → Deadline: -
[2026-06-06 09:52:30]      • [Materi] Video Tutorial: Mendownload File IPYNB di Virtual Class URL → Deadline: -
[2026-06-06 09:52:34]      • [Quiz] Post-Test (M7) → Deadline: Tidak diketahui
[2026-06-06 09:52:38]      • [Assignment] Laporan Akhir (M7) → Deadline: Saturday, 23 May 2026, 11:59 PM
[2026-06-06 09:52:43] 📦 Total tugas ditemukan: 107
[2026-06-06 09:52:43] 💾 Disimpan ke python/node/tugas.json
[2026-06-06 18:00:43] 🔐 Login ke V-Class...
[2026-06-06 18:00:43] ✅ Login berhasil
[2026-06-06 18:00:43] 📚 Mengambil mata kuliah ID 108486 ...
[2026-06-06 18:00:44]   ➤ ATA 2025/2026 | 3KB01 | Jaringan Komputer Lanjut | VIVIEN NOVA FITHRIANA
[2026-06-06 18:00:44]      • [Materi] Announcements Forum → Deadline: -
[2026-06-06 18:00:47]      • [Materi] M1 File → Deadline: -
[2026-06-06 18:00:52]      • [Materi] M2 File → Deadline: -
[2026-06-06 18:00:56]      • [Materi] M3 File → Deadline: -
[2026-06-06 18:01:00]      • [Materi] M4 File → Deadline: -
[2026-06-06 18:01:04]      • [Materi] M5 File → Deadline: -
[2026-06-06 18:01:09]      • [Materi] M6 File → Deadline: -
[2026-06-06 18:01:13]      • [Materi] M7 File → Deadline: -
[2026-06-06 18:01:18]      • [Materi] VC-1 : Traffic dan Algoritma Kendali Kemacetan File → Deadline: -
[2026-06-06 18:01:22]      • [Materi] VC-1 : Traffic dan Algoritma Kendali Kemacetan File → Deadline: -
[2026-06-06 18:01:26]      • [Materi] Forum VC-1 : Traffic dan Algoritma Kendali Kemacetan → Deadline: -
[2026-06-06 18:01:31]      • [Quiz] Latihan Soal VC-1 : Traffic dan Algoritma Kendali Kemacetan → Deadline: Tidak diketahui
[2026-06-06 18:01:35]      • [Materi] VC-2 : Traffic dan Algoritma Kendali Kemacetan - Bagian 2 File → Deadline: -
[2026-06-06 18:01:39]      • [Materi] Forum VC-2 : Traffic dan Algoritma Kendali Kemacetan - Bagian 2 → Deadline: -
[2026-06-06 18:01:44]      • [Quiz] Latihan Soal VC-2 : Traffic dan Algoritma Kendali Kemacetan - Bagian 2 → Deadline: Tidak diketahui
[2026-06-06 18:01:49]      • [Materi] VC-3 : Lapisan Transport File → Deadline: -
[2026-06-06 18:01:54]      • [Materi] Forum VC-3 : Lapisan Transport → Deadline: -
[2026-06-06 18:01:59]      • [Quiz] Latihan Soal VC-3 : Lapisan Transport → Deadline: Wednesday, 15 July 2026, 11:59 PM
[2026-06-06 18:02:03] 📚 Mengambil mata kuliah ID 108172 ...
[2026-06-06 18:02:03]   ➤ ATA 2025/2026 | 3KB01 | Internet of Things (IoT) | PURNAWARMAN MUSA
[2026-06-06 18:02:03]      • [Materi] Announcements Forum → Deadline: -
[2026-06-06 18:02:08]      • [Materi] M6 File → Deadline: -
[2026-06-06 18:02:13]      • [Quiz] Soal (Tugas Individu) → Deadline: Tidak diketahui
[2026-06-06 18:02:19]      • [Quiz] Soal (Tugas Individu) → Deadline: Tidak diketahui
[2026-06-06 18:02:23] 📚 Mengambil mata kuliah ID 109563 ...
[2026-06-06 18:02:23]   ➤ ATA 2025/2026 | 3KB01 | Sistem Tertanam (Embedded) * | RIDHA ISKANDAR
[2026-06-06 18:02:23]      • [Materi] Selamat Datang di V-Class Sistem Tertanam (Embedded) Forum → Deadline: -
[2026-06-06 18:02:27]      • [Assignment] File 1 → Deadline: Sunday, 26 April 2026, 12:00 AM
[2026-06-06 18:02:31] 📚 Mengambil mata kuliah ID 109970 ...
[2026-06-06 18:02:31]   ➤ ATA 2025/2026 | 2EB10 | Bahasa Indonesia | MELANIAWATI
[2026-06-06 18:02:31] 📚 Mengambil mata kuliah ID 107919 ...
[2026-06-06 18:02:31]   ➤ ATA 2025/2026 | 3KB01 | Sistem Cerdas Lanjut | NUR SULTAN SALAHUDDIN
[2026-06-06 18:02:31]      • [Materi] Announcements Forum → Deadline: -
[2026-06-06 18:02:36]      • [Assignment] Sistem Kesehatan Cerdas → Deadline: Thursday, 21 May 2026, 12:00 AM
[2026-06-06 18:02:40]      • [Quiz] Sistem Kesehatan Cerdas → Deadline: Tidak diketahui
[2026-06-06 18:02:44] 📚 Mengambil mata kuliah ID 107291 ...
[2026-06-06 18:02:44]   ➤ ATA 2025/2026 | 3KB01 | Pengantarmukaan Perif.Komputer * | FARID THALIB
[2026-06-06 18:02:44]      • [Materi] Announcements Forum → Deadline: -
[2026-06-06 18:02:49] 📚 Mengambil mata kuliah ID 104438 ...
[2026-06-06 18:02:49]   ➤ ATA 2025/2026 | 3-FIKTI | Terapan Teori Graf | TEAM TEACHING
[2026-06-06 18:02:49]      • [Materi] PEMBERITAHUAN PELAKSANAAN TEAM TEACHING TERAPAN TEORI GRAF Forum → Deadline: -
[2026-06-06 18:02:52]      • [Materi] M1: Pendahuluan Teori Graf File → Deadline: -
[2026-06-06 18:02:56]      • [Materi] Video Literasi M1: Pendahuluan Teori Graf URL → Deadline: -
[2026-06-06 18:03:01]      • [Quiz] Kuis M1 [kelas PAGI] → Deadline: Tidak diketahui
[2026-06-06 18:03:05]      • [Quiz] Kuis M1 [kelas MALAM] → Deadline: Tidak diketahui
[2026-06-06 18:03:10]      • [Materi] M2: Graf Tidak Berarah dan Graf Berbobot File → Deadline: -
[2026-06-06 18:03:14]      • [Materi] Video Literasi M2 : Graf Tidak Berarah dan Graf Berbobot URL → Deadline: -
[2026-06-06 18:03:19]      • [Quiz] Kuis M2 [KELAS PAGI] : Graf Tidak Berarah dan Graf Berbobot → Deadline: Tidak diketahui
[2026-06-06 18:03:23]      • [Quiz] Kuis M2 [KELAS MALAM] : Graf Tidak Berarah dan Graf Berbobot → Deadline: Tidak diketahui
[2026-06-06 18:03:27]      • [Materi] M4 : Aplikasi Teori Graf di Teknik Elektro File → Deadline: -
[2026-06-06 18:03:31]      • [Materi] Video Literasi M4 : Aplikasi Teori Graf di Teknik Elektro URL → Deadline: -
[2026-06-06 18:03:36]      • [Quiz] Kuis M4 [KELAS PAGI]: Aplikasi Teori Graf di Teknik Elektro → Deadline: Tidak diketahui
[2026-06-06 18:03:40]      • [Quiz] Kuis M4 [KELAS MALAM]: Aplikasi Teori Graf di Teknik Elektro → Deadline: Tidak diketahui
[2026-06-06 18:03:45]      • [Materi] M5 : Knowledge Graph dan Database Graph File → Deadline: -
[2026-06-06 18:03:48]      • [Materi] Video Literasi  M5 : Knowledge Graph dan Database Graph URL → Deadline: -
[2026-06-06 18:03:53]      • [Quiz] Kuis M5 [KELAS PAGI] : nowledge Graph dan Database Graph → Deadline: Tidak diketahui
[2026-06-06 18:03:57]      • [Quiz] Kuis M5 [KELAS MALAM] : Knowledge Graph dan Database Graph → Deadline: Tidak diketahui
[2026-06-06 18:04:02]      • [Materi] M6 : Graf Berarah dan Implementasinya File → Deadline: -
[2026-06-06 18:04:06]      • [Materi] Video Literasi M6 : Graf Berarah dan Implementasinya URL → Deadline: -
[2026-06-06 18:04:10]      • [Quiz] Kuis M6 [KELAS PAGI] : Graf Berarah dan Implementasinya → Deadline: Tidak diketahui
[2026-06-06 18:04:15]      • [Quiz] Kuis M6 [KELAS MALAM] : Graf Berarah dan Implementasinya → Deadline: Tidak diketahui
[2026-06-06 18:04:19]      • [Materi] M8 : Penerapan Teori Graf di Bidang Teknik Sipil File → Deadline: -
[2026-06-06 18:04:23]      • [Materi] Video Literasi M8 : Penerapan Teori Graf di Bidang Teknik Sipil URL → Deadline: -
[2026-06-06 18:04:27]      • [Quiz] Kuis M8 [KELAS PAGI] : Penerapan Teori Graf di Bidang Teknik Sipil → Deadline: Tidak diketahui
[2026-06-06 18:04:31]      • [Quiz] Kuis M8 [KELAS MALAM] : Penerapan Teori Graf di Bidang Teknik Sipil → Deadline: Tidak diketahui
[2026-06-06 18:04:35]      • [Materi] M10 : Penerapan Teori Graf  di Bidang Teknik Industri File → Deadline: -
[2026-06-06 18:04:39]      • [Materi] Video Literasi M10 : Penerapan Teori Graf  di Bidang Teknik Industri URL → Deadline: -
[2026-06-06 18:04:44]      • [Quiz] Kuis M10 [kelas pagi] : Penerapan Teori Graf  di Bidang Teknik Industri → Deadline: Tidak diketahui
[2026-06-06 18:04:48]      • [Quiz] Kuis M10 [kelas malam]: Penerapan Teori Graf  di Bidang Teknik Industri → Deadline: Tidak diketahui
[2026-06-06 18:04:52] 📚 Mengambil mata kuliah ID 104413 ...
[2026-06-06 18:04:52]   ➤ ATA 2025/2026 | 3-FIKTI | Praktikum Terapan Teori Graf
[2026-06-06 18:04:52]      • [Materi] Panduan Praktikum  Forum → Deadline: -
[2026-06-06 18:04:56]      • [Materi] Panduan Google Collaboratory URL → Deadline: -
[2026-06-06 18:05:01]      • [Materi] Panduan Instalasi Anaconda URL → Deadline: -
[2026-06-06 18:05:04]      • [Quiz] Pre-Test (M1) → Deadline: Tidak diketahui
[2026-06-06 18:05:09]      • [Materi] 1.1  Pengantar: Teori Graf URL → Deadline: -
[2026-06-06 18:05:13]      • [Materi] 1.2  Sesi Hands-on Praktikum URL → Deadline: -
[2026-06-06 18:05:18]      • [Materi] 1.3 Tutorial Menambahkan File pada Mesin DGX URL → Deadline: -
[2026-06-06 18:05:23]      • [Quiz] Post-Test (M1) → Deadline: Tidak diketahui
[2026-06-06 18:05:27]      • [Assignment] Pengumpulan Tugas (M1) → Deadline: Saturday, 7 March 2026, 11:59 PM
[2026-06-06 18:05:31]      • [Quiz] Pre-Test (M2) → Deadline: Tidak diketahui
[2026-06-06 18:05:35]      • [Materi] 2.1  Pengantar: Berbagai Pemecahan Masalah Menggunakan Teori Graf Page → Deadline: -
[2026-06-06 18:05:40]      • [Quiz] Post-Test (M2) → Deadline: Tidak diketahui
[2026-06-06 18:05:45]      • [Assignment] Pengumpulan Tugas (M2) → Deadline: Saturday, 14 March 2026, 11:59 PM
[2026-06-06 18:05:49]      • [Quiz] Pre-Test (M4) → Deadline: Tidak diketahui
[2026-06-06 18:05:54]      • [Materi] 4.1  Pengantar: Breadth First Search URL → Deadline: -
[2026-06-06 18:05:59]      • [Materi] Sesi Praktikum File → Deadline: -
[2026-06-06 18:06:02]      • [Materi] Video Tutorial: Mendownload File IPYNB di Virtual Class URL → Deadline: -
[2026-06-06 18:06:06]      • [Quiz] Post-Test (M4) → Deadline: Tidak diketahui
[2026-06-06 18:06:11]      • [Assignment] Laporan Akhir (M4) → Deadline: Saturday, 11 April 2026, 11:59 PM
[2026-06-06 18:06:16]      • [Quiz] Pre-Test (M5) → Deadline: Tidak diketahui
[2026-06-06 18:06:19]      • [Materi] Sesi Praktikum URL → Deadline: -
[2026-06-06 18:06:24]      • [Quiz] Post-Test (M5) → Deadline: Tidak diketahui
[2026-06-06 18:06:28]      • [Assignment] Laporan Akhir (M5) → Deadline: Saturday, 18 April 2026, 11:59 PM
[2026-06-06 18:06:32]      • [Quiz] Pre-Test (M6) → Deadline: Tidak diketahui
[2026-06-06 18:06:36]      • [Materi] 6.1  Pendahuluan: Algoritma Dasar Tree URL → Deadline: -
[2026-06-06 18:06:41]      • [Materi] Sesi Praktikum File → Deadline: -
[2026-06-06 18:06:46]      • [Quiz] Post-Test (M6) → Deadline: Tidak diketahui
[2026-06-06 18:06:50]      • [Assignment] Laporan Akhir (M6) → Deadline: Saturday, 25 April 2026, 11:59 PM
[2026-06-06 18:06:54]      • [Quiz] Pre-Test (M8) → Deadline: Tidak diketahui
[2026-06-06 18:06:59]      • [Materi] 8.1  Pendahuluan: Implementasi Graph URL → Deadline: -
[2026-06-06 18:07:03]      • [Materi] Link File Praktikum I - family.pl → Deadline: -
[2026-06-06 18:07:07]      • [Materi] Link File Praktikum II - 8-puzzles.ipynb → Deadline: -
[2026-06-06 18:07:11]      • [Materi] Video Tutorial: Mendownload File IPYNB di Virtual Class URL → Deadline: -
[2026-06-06 18:07:16]      • [Quiz] Post-Test (M8) → Deadline: Tidak diketahui
[2026-06-06 18:07:21]      • [Assignment] Laporan Akhir (M8) → Deadline: Saturday, 9 May 2026, 11:59 PM
[2026-06-06 18:07:25]      • [Quiz] Pre-Test (M9) → Deadline: Tidak diketahui
[2026-06-06 18:07:29]      • [Materi] Sesi Hands-on Praktikum URL → Deadline: -
[2026-06-06 18:07:34]      • [Quiz] Post-Test (M9) → Deadline: Tidak diketahui
[2026-06-06 18:07:38]      • [Assignment] Pengumpulan Tugas (M9) → Deadline: Saturday, 16 May 2026, 11:59 PM
[2026-06-06 18:07:42]      • [Quiz] Pre-Test (M3) → Deadline: Tidak diketahui
[2026-06-06 18:07:46]      • [Materi] Sesi Praktikum URL → Deadline: -
[2026-06-06 18:07:51]      • [Materi] Video Tutorial: Menambahkan File pada Mesin DGX URL → Deadline: -
[2026-06-06 18:07:55]      • [Quiz] Post-Test (M3) → Deadline: Tidak diketahui
[2026-06-06 18:07:59]      • [Assignment] Pengumpulan Tugas (M3) → Deadline: Saturday, 23 May 2026, 11:59 PM
[2026-06-06 18:08:04]      • [Quiz] Pre-Test (M7) → Deadline: Tidak diketahui
[2026-06-06 18:08:09]      • [Materi] Link File Praktikum I - 3-Tekrek-Find-Center.ipynb → Deadline: -
[2026-06-06 18:08:13]      • [Materi] Link File Praktikum II - 3-Tekrek-Sortest-Path.ipynb → Deadline: -
[2026-06-06 18:08:17]      • [Materi] Video Tutorial: Mendownload File IPYNB di Virtual Class URL → Deadline: -
[2026-06-06 18:08:21]      • [Quiz] Post-Test (M7) → Deadline: Tidak diketahui
[2026-06-06 18:08:25]      • [Assignment] Laporan Akhir (M7) → Deadline: Saturday, 23 May 2026, 11:59 PM
[2026-06-06 18:08:30] 📦 Total tugas ditemukan: 107
[2026-06-06 18:08:30] 💾 Disimpan ke python/node/tugas.json
