[2026-07-09 09:45:02] 🔐 Login ke V-Class...
[2026-07-09 09:45:02] ✅ Login berhasil
[2026-07-09 09:45:02] 📚 Mengambil mata kuliah ID 108486 ...
[2026-07-09 09:45:02]   ➤ ATA 2025/2026 | 3KB01 | Jaringan Komputer Lanjut | VIVIEN NOVA FITHRIANA
[2026-07-09 09:45:02]      • [Materi] Announcements Forum → Deadline: -
[2026-07-09 09:45:07]      • [Materi] M1 File → Deadline: -
[2026-07-09 09:45:11]      • [Materi] M2 File → Deadline: -
[2026-07-09 09:45:15]      • [Materi] M3 File → Deadline: -
[2026-07-09 09:45:19]      • [Materi] M4 File → Deadline: -
[2026-07-09 09:45:23]      • [Materi] M5 File → Deadline: -
[2026-07-09 09:45:27]      • [Materi] M6 File → Deadline: -
[2026-07-09 09:45:31]      • [Materi] M7 File → Deadline: -
[2026-07-09 09:45:35]      • [Materi] VC-1 : Traffic dan Algoritma Kendali Kemacetan File → Deadline: -
[2026-07-09 09:45:40]      • [Materi] VC-1 : Traffic dan Algoritma Kendali Kemacetan File → Deadline: -
[2026-07-09 09:45:44]      • [Materi] Forum VC-1 : Traffic dan Algoritma Kendali Kemacetan → Deadline: -
[2026-07-09 09:45:48]      • [Quiz] Latihan Soal VC-1 : Traffic dan Algoritma Kendali Kemacetan → Deadline: Tidak diketahui
[2026-07-09 09:45:52]      • [Materi] VC-2 : Traffic dan Algoritma Kendali Kemacetan - Bagian 2 File → Deadline: -
[2026-07-09 09:45:57]      • [Materi] Forum VC-2 : Traffic dan Algoritma Kendali Kemacetan - Bagian 2 → Deadline: -
[2026-07-09 09:46:02]      • [Quiz] Latihan Soal VC-2 : Traffic dan Algoritma Kendali Kemacetan - Bagian 2 → Deadline: Tidak diketahui
[2026-07-09 09:46:06]      • [Materi] VC-3 : Lapisan Transport File → Deadline: -
[2026-07-09 09:46:10]      • [Materi] Forum VC-3 : Lapisan Transport → Deadline: -
[2026-07-09 09:46:15]      • [Quiz] Latihan Soal VC-3 : Lapisan Transport → Deadline: Wednesday, 15 July 2026, 11:59 PM
[2026-07-09 09:46:20] 📚 Mengambil mata kuliah ID 108172 ...
[2026-07-09 09:46:20]   ➤ ATA 2025/2026 | 3KB01 | Internet of Things (IoT) | PURNAWARMAN MUSA
[2026-07-09 09:46:20]      • [Materi] Announcements Forum → Deadline: -
[2026-07-09 09:46:25]      • [Materi] M6 File → Deadline: -
[2026-07-09 09:46:30]      • [Quiz] Soal (Tugas Individu) → Deadline: Tidak diketahui
[2026-07-09 09:46:34]      • [Quiz] Soal (Tugas Individu) → Deadline: Tidak diketahui
[2026-07-09 09:46:38] 📚 Mengambil mata kuliah ID 109563 ...
[2026-07-09 09:46:38]   ➤ ATA 2025/2026 | 3KB01 | Sistem Tertanam (Embedded) * | RIDHA ISKANDAR
[2026-07-09 09:46:38]      • [Materi] Selamat Datang di V-Class Sistem Tertanam (Embedded) Forum → Deadline: -
[2026-07-09 09:46:42]      • [Assignment] File 1 → Deadline: Sunday, 26 April 2026, 12:00 AM
[2026-07-09 09:46:46] 📚 Mengambil mata kuliah ID 109970 ...
[2026-07-09 09:46:47]   ➤ ATA 2025/2026 | 2EB10 | Bahasa Indonesia | MELANIAWATI
[2026-07-09 09:46:47] 📚 Mengambil mata kuliah ID 107919 ...
[2026-07-09 09:46:47]   ➤ ATA 2025/2026 | 3KB01 | Sistem Cerdas Lanjut | NUR SULTAN SALAHUDDIN
[2026-07-09 09:46:47]      • [Materi] Announcements Forum → Deadline: -
[2026-07-09 09:46:51]      • [Assignment] Sistem Kesehatan Cerdas → Deadline: Thursday, 21 May 2026, 12:00 AM
[2026-07-09 09:46:55]      • [Quiz] Sistem Kesehatan Cerdas → Deadline: Tidak diketahui
[2026-07-09 09:46:59] 📚 Mengambil mata kuliah ID 107291 ...
[2026-07-09 09:46:59]   ➤ ATA 2025/2026 | 3KB01 | Pengantarmukaan Perif.Komputer * | FARID THALIB
[2026-07-09 09:46:59]      • [Materi] Announcements Forum → Deadline: -
[2026-07-09 09:47:04] 📚 Mengambil mata kuliah ID 104438 ...
[2026-07-09 09:47:04]   ➤ ATA 2025/2026 | 3-FIKTI | Terapan Teori Graf | TEAM TEACHING
[2026-07-09 09:47:04]      • [Materi] PEMBERITAHUAN UTS SUSULAN File → Deadline: -
[2026-07-09 09:47:09]      • [Materi] PEMBERITAHUAN PELAKSANAAN TEAM TEACHING TERAPAN TEORI GRAF Forum → Deadline: -
[2026-07-09 09:47:14]      • [Materi] M1: Pendahuluan Teori Graf File → Deadline: -
[2026-07-09 09:47:18]      • [Materi] Video Literasi M1: Pendahuluan Teori Graf URL → Deadline: -
[2026-07-09 09:47:22]      • [Quiz] Kuis M1 [kelas PAGI] → Deadline: Tidak diketahui
[2026-07-09 09:47:27]      • [Quiz] Kuis M1 [kelas MALAM] → Deadline: Tidak diketahui
[2026-07-09 09:47:31]      • [Materi] M2: Graf Tidak Berarah dan Graf Berbobot File → Deadline: -
[2026-07-09 09:47:36]      • [Materi] Video Literasi M2 : Graf Tidak Berarah dan Graf Berbobot URL → Deadline: -
[2026-07-09 09:47:40]      • [Quiz] Kuis M2 [KELAS PAGI] : Graf Tidak Berarah dan Graf Berbobot → Deadline: Tidak diketahui
[2026-07-09 09:47:45]      • [Quiz] Kuis M2 [KELAS MALAM] : Graf Tidak Berarah dan Graf Berbobot → Deadline: Tidak diketahui
[2026-07-09 09:47:49]      • [Materi] M4 : Aplikasi Teori Graf di Teknik Elektro File → Deadline: -
[2026-07-09 09:47:53]      • [Materi] Video Literasi M4 : Aplikasi Teori Graf di Teknik Elektro URL → Deadline: -
[2026-07-09 09:47:58]      • [Quiz] Kuis M4 [KELAS PAGI]: Aplikasi Teori Graf di Teknik Elektro → Deadline: Tidak diketahui
[2026-07-09 09:48:03]      • [Quiz] Kuis M4 [KELAS MALAM]: Aplikasi Teori Graf di Teknik Elektro → Deadline: Tidak diketahui
[2026-07-09 09:48:06]      • [Materi] M5 : Knowledge Graph dan Database Graph File → Deadline: -
[2026-07-09 09:48:10]      • [Materi] Video Literasi  M5 : Knowledge Graph dan Database Graph URL → Deadline: -
[2026-07-09 09:48:15]      • [Quiz] Kuis M5 [KELAS PAGI] : nowledge Graph dan Database Graph → Deadline: Tidak diketahui
[2026-07-09 09:48:19]      • [Quiz] Kuis M5 [KELAS MALAM] : Knowledge Graph dan Database Graph → Deadline: Tidak diketahui
[2026-07-09 09:48:23]      • [Materi] M6 : Graf Berarah dan Implementasinya File → Deadline: -
[2026-07-09 09:48:27]      • [Materi] Video Literasi M6 : Graf Berarah dan Implementasinya URL → Deadline: -
[2026-07-09 09:48:32]      • [Quiz] Kuis M6 [KELAS PAGI] : Graf Berarah dan Implementasinya → Deadline: Tidak diketahui
[2026-07-09 09:48:36]      • [Quiz] Kuis M6 [KELAS MALAM] : Graf Berarah dan Implementasinya → Deadline: Tidak diketahui
[2026-07-09 09:48:41]      • [Materi] M8 : Penerapan Teori Graf di Bidang Teknik Sipil File → Deadline: -
[2026-07-09 09:48:45]      • [Materi] Video Literasi M8 : Penerapan Teori Graf di Bidang Teknik Sipil URL → Deadline: -
[2026-07-09 09:48:49]      • [Quiz] Kuis M8 [KELAS PAGI] : Penerapan Teori Graf di Bidang Teknik Sipil → Deadline: Tidak diketahui
[2026-07-09 09:48:53]      • [Quiz] Kuis M8 [KELAS MALAM] : Penerapan Teori Graf di Bidang Teknik Sipil → Deadline: Tidak diketahui
[2026-07-09 09:48:56]      • [Materi] M10 : Penerapan Teori Graf  di Bidang Teknik Industri File → Deadline: -
[2026-07-09 09:49:00]      • [Materi] Video Literasi M10 : Penerapan Teori Graf  di Bidang Teknik Industri URL → Deadline: -
[2026-07-09 09:49:05]      • [Quiz] Kuis M10 [kelas pagi] : Penerapan Teori Graf  di Bidang Teknik Industri → Deadline: Tidak diketahui
[2026-07-09 09:49:09]      • [Quiz] Kuis M10 [kelas malam]: Penerapan Teori Graf  di Bidang Teknik Industri → Deadline: Tidak diketahui
[2026-07-09 09:49:13]      • [Materi] M11 : Program Dinamis dan Permasalahan Tata Letak Fasilitas File → Deadline: -
[2026-07-09 09:49:18]      • [Materi] video literasi : Program Dinamis dan Permasalahan Tata Letak Fasilitas URL → Deadline: -
[2026-07-09 09:49:22]      • [Quiz] Kuis M11 [kelas PAGI]: Program Dinamis dan Permasalahan Tata Letak Fasilitas → Deadline: Tidak diketahui
[2026-07-09 09:49:26]      • [Quiz] Kuis M11 [kelas MALAM]: Program Dinamis dan Permasalahan Tata Letak Fasilitas → Deadline: Tidak diketahui
[2026-07-09 09:49:30]      • [Materi] M12: Algoritma Greedy pada Graf File → Deadline: -
[2026-07-09 09:49:34]      • [Materi] Video literasi M12: Algoritma Greedy pada Graf URL → Deadline: -
[2026-07-09 09:49:39]      • [Quiz] Kuis M12 [kelas PAGI] → Deadline: Tidak diketahui
[2026-07-09 09:49:43]      • [Quiz] Kuis M12 [kelas MALAM] → Deadline: Tidak diketahui
[2026-07-09 09:49:47] 📚 Mengambil mata kuliah ID 104413 ...
[2026-07-09 09:49:48]   ➤ ATA 2025/2026 | 3-FIKTI | Praktikum Terapan Teori Graf
[2026-07-09 09:49:48]      • [Materi] Panduan Praktikum  Forum → Deadline: -
[2026-07-09 09:49:52]      • [Materi] Panduan Google Collaboratory URL → Deadline: -
[2026-07-09 09:49:57]      • [Materi] Panduan Instalasi Anaconda URL → Deadline: -
[2026-07-09 09:50:02]      • [Quiz] Pre-Test (M1) → Deadline: Tidak diketahui
[2026-07-09 09:50:06]      • [Materi] 1.1  Pengantar: Teori Graf URL → Deadline: -
[2026-07-09 09:50:10]      • [Materi] 1.2  Sesi Hands-on Praktikum URL → Deadline: -
[2026-07-09 09:50:14]      • [Materi] 1.3 Tutorial Menambahkan File pada Mesin DGX URL → Deadline: -
[2026-07-09 09:50:19]      • [Quiz] Post-Test (M1) → Deadline: Tidak diketahui
[2026-07-09 09:50:24]      • [Assignment] Pengumpulan Tugas (M1) → Deadline: Saturday, 7 March 2026, 11:59 PM
[2026-07-09 09:50:29]      • [Quiz] Pre-Test (M2) → Deadline: Tidak diketahui
[2026-07-09 09:50:33]      • [Materi] 2.1  Pengantar: Berbagai Pemecahan Masalah Menggunakan Teori Graf Page → Deadline: -
[2026-07-09 09:50:37]      • [Quiz] Post-Test (M2) → Deadline: Tidak diketahui
[2026-07-09 09:50:41]      • [Assignment] Pengumpulan Tugas (M2) → Deadline: Saturday, 14 March 2026, 11:59 PM
[2026-07-09 09:50:46]      • [Quiz] Pre-Test (M4) → Deadline: Tidak diketahui
[2026-07-09 09:50:50]      • [Materi] 4.1  Pengantar: Breadth First Search URL → Deadline: -
[2026-07-09 09:50:54]      • [Materi] Sesi Praktikum File → Deadline: -
[2026-07-09 09:50:58]      • [Materi] Video Tutorial: Mendownload File IPYNB di Virtual Class URL → Deadline: -
[2026-07-09 09:51:02]      • [Quiz] Post-Test (M4) → Deadline: Tidak diketahui
[2026-07-09 09:51:07]      • [Assignment] Laporan Akhir (M4) → Deadline: Saturday, 11 April 2026, 11:59 PM
[2026-07-09 09:51:11]      • [Quiz] Pre-Test (M5) → Deadline: Tidak diketahui
[2026-07-09 09:51:15]      • [Materi] Sesi Praktikum URL → Deadline: -
[2026-07-09 09:51:20]      • [Quiz] Post-Test (M5) → Deadline: Tidak diketahui
[2026-07-09 09:51:25]      • [Assignment] Laporan Akhir (M5) → Deadline: Saturday, 18 April 2026, 11:59 PM
[2026-07-09 09:51:29]      • [Quiz] Pre-Test (M6) → Deadline: Tidak diketahui
[2026-07-09 09:51:33]      • [Materi] 6.1  Pendahuluan: Algoritma Dasar Tree URL → Deadline: -
[2026-07-09 09:51:37]      • [Materi] Sesi Praktikum File → Deadline: -
[2026-07-09 09:51:42]      • [Quiz] Post-Test (M6) → Deadline: Tidak diketahui
[2026-07-09 09:51:47]      • [Assignment] Laporan Akhir (M6) → Deadline: Saturday, 25 April 2026, 11:59 PM
[2026-07-09 09:51:52]      • [Quiz] Pre-Test (M8) → Deadline: Tidak diketahui
[2026-07-09 09:51:57]      • [Materi] 8.1  Pendahuluan: Implementasi Graph URL → Deadline: -
[2026-07-09 09:52:00]      • [Materi] Link File Praktikum I - family.pl → Deadline: -
[2026-07-09 09:52:05]      • [Materi] Link File Praktikum II - 8-puzzles.ipynb → Deadline: -
[2026-07-09 09:52:09]      • [Materi] Video Tutorial: Mendownload File IPYNB di Virtual Class URL → Deadline: -
[2026-07-09 09:52:13]      • [Quiz] Post-Test (M8) → Deadline: Tidak diketahui
[2026-07-09 09:52:19]      • [Assignment] Laporan Akhir (M8) → Deadline: Saturday, 9 May 2026, 11:59 PM
[2026-07-09 09:52:23]      • [Quiz] Pre-Test (M9) → Deadline: Tidak diketahui
[2026-07-09 09:52:27]      • [Materi] Sesi Hands-on Praktikum URL → Deadline: -
[2026-07-09 09:52:30]      • [Quiz] Post-Test (M9) → Deadline: Tidak diketahui
[2026-07-09 09:52:34]      • [Assignment] Pengumpulan Tugas (M9) → Deadline: Saturday, 16 May 2026, 11:59 PM
[2026-07-09 09:52:38]      • [Quiz] Pre-Test (M3) → Deadline: Tidak diketahui
[2026-07-09 09:52:43]      • [Materi] Sesi Praktikum URL → Deadline: -
[2026-07-09 09:52:47]      • [Materi] Video Tutorial: Menambahkan File pada Mesin DGX URL → Deadline: -
[2026-07-09 09:52:52]      • [Quiz] Post-Test (M3) → Deadline: Tidak diketahui
[2026-07-09 09:52:57]      • [Assignment] Pengumpulan Tugas (M3) → Deadline: Saturday, 23 May 2026, 11:59 PM
[2026-07-09 09:53:01]      • [Quiz] Pre-Test (M7) → Deadline: Tidak diketahui
[2026-07-09 09:53:05]      • [Materi] Link File Praktikum I - 3-Tekrek-Find-Center.ipynb → Deadline: -
[2026-07-09 09:53:10]      • [Materi] Link File Praktikum II - 3-Tekrek-Sortest-Path.ipynb → Deadline: -
[2026-07-09 09:53:14]      • [Materi] Video Tutorial: Mendownload File IPYNB di Virtual Class URL → Deadline: -
[2026-07-09 09:53:19]      • [Quiz] Post-Test (M7) → Deadline: Tidak diketahui
[2026-07-09 09:53:24]      • [Assignment] Laporan Akhir (M7) → Deadline: Saturday, 23 May 2026, 11:59 PM
[2026-07-09 09:53:27] 📦 Total tugas ditemukan: 116
[2026-07-09 09:53:27] 💾 Disimpan ke python/node/tugas.json
[2026-07-09 18:00:28] 🔐 Login ke V-Class...
[2026-07-09 18:00:28] ✅ Login berhasil
[2026-07-09 18:00:28] 📚 Mengambil mata kuliah ID 108486 ...
[2026-07-09 18:00:28]   ➤ ATA 2025/2026 | 3KB01 | Jaringan Komputer Lanjut | VIVIEN NOVA FITHRIANA
[2026-07-09 18:00:28]      • [Materi] Announcements Forum → Deadline: -
[2026-07-09 18:00:33]      • [Materi] M1 File → Deadline: -
[2026-07-09 18:00:37]      • [Materi] M2 File → Deadline: -
[2026-07-09 18:00:41]      • [Materi] M3 File → Deadline: -
[2026-07-09 18:00:45]      • [Materi] M4 File → Deadline: -
[2026-07-09 18:00:50]      • [Materi] M5 File → Deadline: -
[2026-07-09 18:00:53]      • [Materi] M6 File → Deadline: -
[2026-07-09 18:00:57]      • [Materi] M7 File → Deadline: -
[2026-07-09 18:01:00]      • [Materi] VC-1 : Traffic dan Algoritma Kendali Kemacetan File → Deadline: -
[2026-07-09 18:01:04]      • [Materi] VC-1 : Traffic dan Algoritma Kendali Kemacetan File → Deadline: -
[2026-07-09 18:01:09]      • [Materi] Forum VC-1 : Traffic dan Algoritma Kendali Kemacetan → Deadline: -
[2026-07-09 18:01:14]      • [Quiz] Latihan Soal VC-1 : Traffic dan Algoritma Kendali Kemacetan → Deadline: Tidak diketahui
[2026-07-09 18:01:19]      • [Materi] VC-2 : Traffic dan Algoritma Kendali Kemacetan - Bagian 2 File → Deadline: -
[2026-07-09 18:01:23]      • [Materi] Forum VC-2 : Traffic dan Algoritma Kendali Kemacetan - Bagian 2 → Deadline: -
[2026-07-09 18:01:27]      • [Quiz] Latihan Soal VC-2 : Traffic dan Algoritma Kendali Kemacetan - Bagian 2 → Deadline: Tidak diketahui
[2026-07-09 18:01:32]      • [Materi] VC-3 : Lapisan Transport File → Deadline: -
[2026-07-09 18:01:36]      • [Materi] Forum VC-3 : Lapisan Transport → Deadline: -
[2026-07-09 18:01:40]      • [Quiz] Latihan Soal VC-3 : Lapisan Transport → Deadline: Wednesday, 15 July 2026, 11:59 PM
[2026-07-09 18:01:44] 📚 Mengambil mata kuliah ID 108172 ...
[2026-07-09 18:01:44]   ➤ ATA 2025/2026 | 3KB01 | Internet of Things (IoT) | PURNAWARMAN MUSA
[2026-07-09 18:01:44]      • [Materi] Announcements Forum → Deadline: -
[2026-07-09 18:01:48]      • [Materi] M6 File → Deadline: -
[2026-07-09 18:01:52]      • [Quiz] Soal (Tugas Individu) → Deadline: Tidak diketahui
[2026-07-09 18:01:56]      • [Quiz] Soal (Tugas Individu) → Deadline: Tidak diketahui
[2026-07-09 18:01:59] 📚 Mengambil mata kuliah ID 109563 ...
[2026-07-09 18:01:59]   ➤ ATA 2025/2026 | 3KB01 | Sistem Tertanam (Embedded) * | RIDHA ISKANDAR
[2026-07-09 18:01:59]      • [Materi] Selamat Datang di V-Class Sistem Tertanam (Embedded) Forum → Deadline: -
[2026-07-09 18:02:03]      • [Assignment] File 1 → Deadline: Sunday, 26 April 2026, 12:00 AM
[2026-07-09 18:02:08] 📚 Mengambil mata kuliah ID 109970 ...
[2026-07-09 18:02:08]   ➤ ATA 2025/2026 | 2EB10 | Bahasa Indonesia | MELANIAWATI
[2026-07-09 18:02:08] 📚 Mengambil mata kuliah ID 107919 ...
[2026-07-09 18:02:08]   ➤ ATA 2025/2026 | 3KB01 | Sistem Cerdas Lanjut | NUR SULTAN SALAHUDDIN
[2026-07-09 18:02:08]      • [Materi] Announcements Forum → Deadline: -
[2026-07-09 18:02:13]      • [Assignment] Sistem Kesehatan Cerdas → Deadline: Thursday, 21 May 2026, 12:00 AM
[2026-07-09 18:02:16]      • [Quiz] Sistem Kesehatan Cerdas → Deadline: Tidak diketahui
[2026-07-09 18:02:21] 📚 Mengambil mata kuliah ID 107291 ...
[2026-07-09 18:02:21]   ➤ ATA 2025/2026 | 3KB01 | Pengantarmukaan Perif.Komputer * | FARID THALIB
[2026-07-09 18:02:21]      • [Materi] Announcements Forum → Deadline: -
[2026-07-09 18:02:26] 📚 Mengambil mata kuliah ID 104438 ...
[2026-07-09 18:02:26]   ➤ ATA 2025/2026 | 3-FIKTI | Terapan Teori Graf | TEAM TEACHING
[2026-07-09 18:02:26]      • [Materi] PEMBERITAHUAN UTS SUSULAN File → Deadline: -
[2026-07-09 18:02:30]      • [Materi] PEMBERITAHUAN PELAKSANAAN TEAM TEACHING TERAPAN TEORI GRAF Forum → Deadline: -
[2026-07-09 18:02:35]      • [Materi] M1: Pendahuluan Teori Graf File → Deadline: -
[2026-07-09 18:02:39]      • [Materi] Video Literasi M1: Pendahuluan Teori Graf URL → Deadline: -
[2026-07-09 18:02:44]      • [Quiz] Kuis M1 [kelas PAGI] → Deadline: Tidak diketahui
[2026-07-09 18:02:48]      • [Quiz] Kuis M1 [kelas MALAM] → Deadline: Tidak diketahui
[2026-07-09 18:02:52]      • [Materi] M2: Graf Tidak Berarah dan Graf Berbobot File → Deadline: -
[2026-07-09 18:02:57]      • [Materi] Video Literasi M2 : Graf Tidak Berarah dan Graf Berbobot URL → Deadline: -
[2026-07-09 18:03:00]      • [Quiz] Kuis M2 [KELAS PAGI] : Graf Tidak Berarah dan Graf Berbobot → Deadline: Tidak diketahui
[2026-07-09 18:03:05]      • [Quiz] Kuis M2 [KELAS MALAM] : Graf Tidak Berarah dan Graf Berbobot → Deadline: Tidak diketahui
[2026-07-09 18:03:10]      • [Materi] M4 : Aplikasi Teori Graf di Teknik Elektro File → Deadline: -
[2026-07-09 18:03:13]      • [Materi] Video Literasi M4 : Aplikasi Teori Graf di Teknik Elektro URL → Deadline: -
[2026-07-09 18:03:17]      • [Quiz] Kuis M4 [KELAS PAGI]: Aplikasi Teori Graf di Teknik Elektro → Deadline: Tidak diketahui
[2026-07-09 18:03:21]      • [Quiz] Kuis M4 [KELAS MALAM]: Aplikasi Teori Graf di Teknik Elektro → Deadline: Tidak diketahui
[2026-07-09 18:03:26]      • [Materi] M5 : Knowledge Graph dan Database Graph File → Deadline: -
[2026-07-09 18:03:30]      • [Materi] Video Literasi  M5 : Knowledge Graph dan Database Graph URL → Deadline: -
[2026-07-09 18:03:34]      • [Quiz] Kuis M5 [KELAS PAGI] : nowledge Graph dan Database Graph → Deadline: Tidak diketahui
[2026-07-09 18:03:38]      • [Quiz] Kuis M5 [KELAS MALAM] : Knowledge Graph dan Database Graph → Deadline: Tidak diketahui
[2026-07-09 18:03:43]      • [Materi] M6 : Graf Berarah dan Implementasinya File → Deadline: -
[2026-07-09 18:03:48]      • [Materi] Video Literasi M6 : Graf Berarah dan Implementasinya URL → Deadline: -
[2026-07-09 18:03:52]      • [Quiz] Kuis M6 [KELAS PAGI] : Graf Berarah dan Implementasinya → Deadline: Tidak diketahui
[2026-07-09 18:03:56]      • [Quiz] Kuis M6 [KELAS MALAM] : Graf Berarah dan Implementasinya → Deadline: Tidak diketahui
[2026-07-09 18:04:00]      • [Materi] M8 : Penerapan Teori Graf di Bidang Teknik Sipil File → Deadline: -
[2026-07-09 18:04:04]      • [Materi] Video Literasi M8 : Penerapan Teori Graf di Bidang Teknik Sipil URL → Deadline: -
[2026-07-09 18:04:08]      • [Quiz] Kuis M8 [KELAS PAGI] : Penerapan Teori Graf di Bidang Teknik Sipil → Deadline: Tidak diketahui
[2026-07-09 18:04:13]      • [Quiz] Kuis M8 [KELAS MALAM] : Penerapan Teori Graf di Bidang Teknik Sipil → Deadline: Tidak diketahui
[2026-07-09 18:04:17]      • [Materi] M10 : Penerapan Teori Graf  di Bidang Teknik Industri File → Deadline: -
[2026-07-09 18:04:21]      • [Materi] Video Literasi M10 : Penerapan Teori Graf  di Bidang Teknik Industri URL → Deadline: -
[2026-07-09 18:04:26]      • [Quiz] Kuis M10 [kelas pagi] : Penerapan Teori Graf  di Bidang Teknik Industri → Deadline: Tidak diketahui
[2026-07-09 18:04:29]      • [Quiz] Kuis M10 [kelas malam]: Penerapan Teori Graf  di Bidang Teknik Industri → Deadline: Tidak diketahui
[2026-07-09 18:04:33]      • [Materi] M11 : Program Dinamis dan Permasalahan Tata Letak Fasilitas File → Deadline: -
[2026-07-09 18:04:38]      • [Materi] video literasi : Program Dinamis dan Permasalahan Tata Letak Fasilitas URL → Deadline: -
[2026-07-09 18:04:42]      • [Quiz] Kuis M11 [kelas PAGI]: Program Dinamis dan Permasalahan Tata Letak Fasilitas → Deadline: Tidak diketahui
[2026-07-09 18:04:47]      • [Quiz] Kuis M11 [kelas MALAM]: Program Dinamis dan Permasalahan Tata Letak Fasilitas → Deadline: Tidak diketahui
[2026-07-09 18:04:51]      • [Materi] M12: Algoritma Greedy pada Graf File → Deadline: -
[2026-07-09 18:04:56]      • [Materi] Video literasi M12: Algoritma Greedy pada Graf URL → Deadline: -
[2026-07-09 18:05:00]      • [Quiz] Kuis M12 [kelas PAGI] → Deadline: Tidak diketahui
[2026-07-09 18:05:04]      • [Quiz] Kuis M12 [kelas MALAM] → Deadline: Tidak diketahui
[2026-07-09 18:05:08] 📚 Mengambil mata kuliah ID 104413 ...
[2026-07-09 18:05:09]   ➤ ATA 2025/2026 | 3-FIKTI | Praktikum Terapan Teori Graf
[2026-07-09 18:05:09]      • [Materi] Panduan Praktikum  Forum → Deadline: -
[2026-07-09 18:05:14]      • [Materi] Panduan Google Collaboratory URL → Deadline: -
[2026-07-09 18:05:19]      • [Materi] Panduan Instalasi Anaconda URL → Deadline: -
[2026-07-09 18:05:23]      • [Quiz] Pre-Test (M1) → Deadline: Tidak diketahui
[2026-07-09 18:05:27]      • [Materi] 1.1  Pengantar: Teori Graf URL → Deadline: -
[2026-07-09 18:05:32]      • [Materi] 1.2  Sesi Hands-on Praktikum URL → Deadline: -
[2026-07-09 18:05:36]      • [Materi] 1.3 Tutorial Menambahkan File pada Mesin DGX URL → Deadline: -
[2026-07-09 18:05:40]      • [Quiz] Post-Test (M1) → Deadline: Tidak diketahui
[2026-07-09 18:05:44]      • [Assignment] Pengumpulan Tugas (M1) → Deadline: Saturday, 7 March 2026, 11:59 PM
[2026-07-09 18:05:49]      • [Quiz] Pre-Test (M2) → Deadline: Tidak diketahui
[2026-07-09 18:05:52]      • [Materi] 2.1  Pengantar: Berbagai Pemecahan Masalah Menggunakan Teori Graf Page → Deadline: -
[2026-07-09 18:05:57]      • [Quiz] Post-Test (M2) → Deadline: Tidak diketahui
[2026-07-09 18:06:00]      • [Assignment] Pengumpulan Tugas (M2) → Deadline: Saturday, 14 March 2026, 11:59 PM
[2026-07-09 18:06:05]      • [Quiz] Pre-Test (M4) → Deadline: Tidak diketahui
[2026-07-09 18:06:09]      • [Materi] 4.1  Pengantar: Breadth First Search URL → Deadline: -
[2026-07-09 18:06:14]      • [Materi] Sesi Praktikum File → Deadline: -
[2026-07-09 18:06:18]      • [Materi] Video Tutorial: Mendownload File IPYNB di Virtual Class URL → Deadline: -
[2026-07-09 18:06:22]      • [Quiz] Post-Test (M4) → Deadline: Tidak diketahui
[2026-07-09 18:06:27]      • [Assignment] Laporan Akhir (M4) → Deadline: Saturday, 11 April 2026, 11:59 PM
[2026-07-09 18:06:32]      • [Quiz] Pre-Test (M5) → Deadline: Tidak diketahui
[2026-07-09 18:06:36]      • [Materi] Sesi Praktikum URL → Deadline: -
[2026-07-09 18:06:40]      • [Quiz] Post-Test (M5) → Deadline: Tidak diketahui
[2026-07-09 18:06:44]      • [Assignment] Laporan Akhir (M5) → Deadline: Saturday, 18 April 2026, 11:59 PM
[2026-07-09 18:06:48]      • [Quiz] Pre-Test (M6) → Deadline: Tidak diketahui
[2026-07-09 18:06:53]      • [Materi] 6.1  Pendahuluan: Algoritma Dasar Tree URL → Deadline: -
[2026-07-09 18:06:58]      • [Materi] Sesi Praktikum File → Deadline: -
[2026-07-09 18:07:02]      • [Quiz] Post-Test (M6) → Deadline: Tidak diketahui
[2026-07-09 18:07:07]      • [Assignment] Laporan Akhir (M6) → Deadline: Saturday, 25 April 2026, 11:59 PM
[2026-07-09 18:07:12]      • [Quiz] Pre-Test (M8) → Deadline: Tidak diketahui
[2026-07-09 18:07:16]      • [Materi] 8.1  Pendahuluan: Implementasi Graph URL → Deadline: -
[2026-07-09 18:07:20]      • [Materi] Link File Praktikum I - family.pl → Deadline: -
[2026-07-09 18:07:25]      • [Materi] Link File Praktikum II - 8-puzzles.ipynb → Deadline: -
[2026-07-09 18:07:29]      • [Materi] Video Tutorial: Mendownload File IPYNB di Virtual Class URL → Deadline: -
[2026-07-09 18:07:34]      • [Quiz] Post-Test (M8) → Deadline: Tidak diketahui
[2026-07-09 18:07:39]      • [Assignment] Laporan Akhir (M8) → Deadline: Saturday, 9 May 2026, 11:59 PM
[2026-07-09 18:07:43]      • [Quiz] Pre-Test (M9) → Deadline: Tidak diketahui
[2026-07-09 18:07:47]      • [Materi] Sesi Hands-on Praktikum URL → Deadline: -
[2026-07-09 18:07:51]      • [Quiz] Post-Test (M9) → Deadline: Tidak diketahui
[2026-07-09 18:07:56]      • [Assignment] Pengumpulan Tugas (M9) → Deadline: Saturday, 16 May 2026, 11:59 PM
[2026-07-09 18:08:00]      • [Quiz] Pre-Test (M3) → Deadline: Tidak diketahui
[2026-07-09 18:08:05]      • [Materi] Sesi Praktikum URL → Deadline: -
[2026-07-09 18:08:09]      • [Materi] Video Tutorial: Menambahkan File pada Mesin DGX URL → Deadline: -
[2026-07-09 18:08:14]      • [Quiz] Post-Test (M3) → Deadline: Tidak diketahui
[2026-07-09 18:08:18]      • [Assignment] Pengumpulan Tugas (M3) → Deadline: Saturday, 23 May 2026, 11:59 PM
[2026-07-09 18:08:22]      • [Quiz] Pre-Test (M7) → Deadline: Tidak diketahui
[2026-07-09 18:08:27]      • [Materi] Link File Praktikum I - 3-Tekrek-Find-Center.ipynb → Deadline: -
[2026-07-09 18:08:31]      • [Materi] Link File Praktikum II - 3-Tekrek-Sortest-Path.ipynb → Deadline: -
[2026-07-09 18:08:35]      • [Materi] Video Tutorial: Mendownload File IPYNB di Virtual Class URL → Deadline: -
[2026-07-09 18:08:39]      • [Quiz] Post-Test (M7) → Deadline: Tidak diketahui
[2026-07-09 18:08:43]      • [Assignment] Laporan Akhir (M7) → Deadline: Saturday, 23 May 2026, 11:59 PM
[2026-07-09 18:08:48] 📦 Total tugas ditemukan: 116
[2026-07-09 18:08:48] 💾 Disimpan ke python/node/tugas.json
