[2026-07-01 09:45:37] 🔐 Login ke V-Class...
[2026-07-01 09:45:37] ✅ Login berhasil
[2026-07-01 09:45:37] 📚 Mengambil mata kuliah ID 108486 ...
[2026-07-01 09:45:37]   ➤ ATA 2025/2026 | 3KB01 | Jaringan Komputer Lanjut | VIVIEN NOVA FITHRIANA
[2026-07-01 09:45:37]      • [Materi] Announcements Forum → Deadline: -
[2026-07-01 09:45:42]      • [Materi] M1 File → Deadline: -
[2026-07-01 09:45:45]      • [Materi] M2 File → Deadline: -
[2026-07-01 09:45:49]      • [Materi] M3 File → Deadline: -
[2026-07-01 09:45:53]      • [Materi] M4 File → Deadline: -
[2026-07-01 09:45:57]      • [Materi] M5 File → Deadline: -
[2026-07-01 09:46:01]      • [Materi] M6 File → Deadline: -
[2026-07-01 09:46:05]      • [Materi] M7 File → Deadline: -
[2026-07-01 09:46:09]      • [Materi] VC-1 : Traffic dan Algoritma Kendali Kemacetan File → Deadline: -
[2026-07-01 09:46:13]      • [Materi] VC-1 : Traffic dan Algoritma Kendali Kemacetan File → Deadline: -
[2026-07-01 09:46:17]      • [Materi] Forum VC-1 : Traffic dan Algoritma Kendali Kemacetan → Deadline: -
[2026-07-01 09:46:22]      • [Quiz] Latihan Soal VC-1 : Traffic dan Algoritma Kendali Kemacetan → Deadline: Tidak diketahui
[2026-07-01 09:46:26]      • [Materi] VC-2 : Traffic dan Algoritma Kendali Kemacetan - Bagian 2 File → Deadline: -
[2026-07-01 09:46:31]      • [Materi] Forum VC-2 : Traffic dan Algoritma Kendali Kemacetan - Bagian 2 → Deadline: -
[2026-07-01 09:46:34]      • [Quiz] Latihan Soal VC-2 : Traffic dan Algoritma Kendali Kemacetan - Bagian 2 → Deadline: Tidak diketahui
[2026-07-01 09:46:38]      • [Materi] VC-3 : Lapisan Transport File → Deadline: -
[2026-07-01 09:46:43]      • [Materi] Forum VC-3 : Lapisan Transport → Deadline: -
[2026-07-01 09:46:47]      • [Quiz] Latihan Soal VC-3 : Lapisan Transport → Deadline: Wednesday, 15 July 2026, 11:59 PM
[2026-07-01 09:46:51] 📚 Mengambil mata kuliah ID 108172 ...
[2026-07-01 09:46:51]   ➤ ATA 2025/2026 | 3KB01 | Internet of Things (IoT) | PURNAWARMAN MUSA
[2026-07-01 09:46:51]      • [Materi] Announcements Forum → Deadline: -
[2026-07-01 09:46:56]      • [Materi] M6 File → Deadline: -
[2026-07-01 09:47:01]      • [Quiz] Soal (Tugas Individu) → Deadline: Tidak diketahui
[2026-07-01 09:47:06]      • [Quiz] Soal (Tugas Individu) → Deadline: Tidak diketahui
[2026-07-01 09:47:10] 📚 Mengambil mata kuliah ID 109563 ...
[2026-07-01 09:47:10]   ➤ ATA 2025/2026 | 3KB01 | Sistem Tertanam (Embedded) * | RIDHA ISKANDAR
[2026-07-01 09:47:10]      • [Materi] Selamat Datang di V-Class Sistem Tertanam (Embedded) Forum → Deadline: -
[2026-07-01 09:47:15]      • [Assignment] File 1 → Deadline: Sunday, 26 April 2026, 12:00 AM
[2026-07-01 09:47:19] 📚 Mengambil mata kuliah ID 109970 ...
[2026-07-01 09:47:19]   ➤ ATA 2025/2026 | 2EB10 | Bahasa Indonesia | MELANIAWATI
[2026-07-01 09:47:19] 📚 Mengambil mata kuliah ID 107919 ...
[2026-07-01 09:47:19]   ➤ ATA 2025/2026 | 3KB01 | Sistem Cerdas Lanjut | NUR SULTAN SALAHUDDIN
[2026-07-01 09:47:19]      • [Materi] Announcements Forum → Deadline: -
[2026-07-01 09:47:24]      • [Assignment] Sistem Kesehatan Cerdas → Deadline: Thursday, 21 May 2026, 12:00 AM
[2026-07-01 09:47:28]      • [Quiz] Sistem Kesehatan Cerdas → Deadline: Tidak diketahui
[2026-07-01 09:47:32] 📚 Mengambil mata kuliah ID 107291 ...
[2026-07-01 09:47:32]   ➤ ATA 2025/2026 | 3KB01 | Pengantarmukaan Perif.Komputer * | FARID THALIB
[2026-07-01 09:47:32]      • [Materi] Announcements Forum → Deadline: -
[2026-07-01 09:47:36] 📚 Mengambil mata kuliah ID 104438 ...
[2026-07-01 09:47:37]   ➤ ATA 2025/2026 | 3-FIKTI | Terapan Teori Graf | TEAM TEACHING
[2026-07-01 09:47:37]      • [Materi] PEMBERITAHUAN UTS SUSULAN File → Deadline: -
[2026-07-01 09:47:40]      • [Materi] PEMBERITAHUAN PELAKSANAAN TEAM TEACHING TERAPAN TEORI GRAF Forum → Deadline: -
[2026-07-01 09:47:44]      • [Materi] M1: Pendahuluan Teori Graf File → Deadline: -
[2026-07-01 09:47:49]      • [Materi] Video Literasi M1: Pendahuluan Teori Graf URL → Deadline: -
[2026-07-01 09:47:54]      • [Quiz] Kuis M1 [kelas PAGI] → Deadline: Tidak diketahui
[2026-07-01 09:47:59]      • [Quiz] Kuis M1 [kelas MALAM] → Deadline: Tidak diketahui
[2026-07-01 09:48:03]      • [Materi] M2: Graf Tidak Berarah dan Graf Berbobot File → Deadline: -
[2026-07-01 09:48:07]      • [Materi] Video Literasi M2 : Graf Tidak Berarah dan Graf Berbobot URL → Deadline: -
[2026-07-01 09:48:12]      • [Quiz] Kuis M2 [KELAS PAGI] : Graf Tidak Berarah dan Graf Berbobot → Deadline: Tidak diketahui
[2026-07-01 09:48:17]      • [Quiz] Kuis M2 [KELAS MALAM] : Graf Tidak Berarah dan Graf Berbobot → Deadline: Tidak diketahui
[2026-07-01 09:48:21]      • [Materi] M4 : Aplikasi Teori Graf di Teknik Elektro File → Deadline: -
[2026-07-01 09:48:24]      • [Materi] Video Literasi M4 : Aplikasi Teori Graf di Teknik Elektro URL → Deadline: -
[2026-07-01 09:48:28]      • [Quiz] Kuis M4 [KELAS PAGI]: Aplikasi Teori Graf di Teknik Elektro → Deadline: Tidak diketahui
[2026-07-01 09:48:32]      • [Quiz] Kuis M4 [KELAS MALAM]: Aplikasi Teori Graf di Teknik Elektro → Deadline: Tidak diketahui
[2026-07-01 09:48:37]      • [Materi] M5 : Knowledge Graph dan Database Graph File → Deadline: -
[2026-07-01 09:48:41]      • [Materi] Video Literasi  M5 : Knowledge Graph dan Database Graph URL → Deadline: -
[2026-07-01 09:48:46]      • [Quiz] Kuis M5 [KELAS PAGI] : nowledge Graph dan Database Graph → Deadline: Tidak diketahui
[2026-07-01 09:48:49]      • [Quiz] Kuis M5 [KELAS MALAM] : Knowledge Graph dan Database Graph → Deadline: Tidak diketahui
[2026-07-01 09:48:53]      • [Materi] M6 : Graf Berarah dan Implementasinya File → Deadline: -
[2026-07-01 09:48:58]      • [Materi] Video Literasi M6 : Graf Berarah dan Implementasinya URL → Deadline: -
[2026-07-01 09:49:02]      • [Quiz] Kuis M6 [KELAS PAGI] : Graf Berarah dan Implementasinya → Deadline: Tidak diketahui
[2026-07-01 09:49:07]      • [Quiz] Kuis M6 [KELAS MALAM] : Graf Berarah dan Implementasinya → Deadline: Tidak diketahui
[2026-07-01 09:49:11]      • [Materi] M8 : Penerapan Teori Graf di Bidang Teknik Sipil File → Deadline: -
[2026-07-01 09:49:15]      • [Materi] Video Literasi M8 : Penerapan Teori Graf di Bidang Teknik Sipil URL → Deadline: -
[2026-07-01 09:49:19]      • [Quiz] Kuis M8 [KELAS PAGI] : Penerapan Teori Graf di Bidang Teknik Sipil → Deadline: Tidak diketahui
[2026-07-01 09:49:23]      • [Quiz] Kuis M8 [KELAS MALAM] : Penerapan Teori Graf di Bidang Teknik Sipil → Deadline: Tidak diketahui
[2026-07-01 09:49:27]      • [Materi] M10 : Penerapan Teori Graf  di Bidang Teknik Industri File → Deadline: -
[2026-07-01 09:49:31]      • [Materi] Video Literasi M10 : Penerapan Teori Graf  di Bidang Teknik Industri URL → Deadline: -
[2026-07-01 09:49:35]      • [Quiz] Kuis M10 [kelas pagi] : Penerapan Teori Graf  di Bidang Teknik Industri → Deadline: Tidak diketahui
[2026-07-01 09:49:40]      • [Quiz] Kuis M10 [kelas malam]: Penerapan Teori Graf  di Bidang Teknik Industri → Deadline: Tidak diketahui
[2026-07-01 09:49:44]      • [Materi] M11 : Program Dinamis dan Permasalahan Tata Letak Fasilitas File → Deadline: -
[2026-07-01 09:49:48]      • [Materi] video literasi : Program Dinamis dan Permasalahan Tata Letak Fasilitas URL → Deadline: -
[2026-07-01 09:49:52]      • [Quiz] Kuis M11 [kelas PAGI]: Program Dinamis dan Permasalahan Tata Letak Fasilitas → Deadline: Tidak diketahui
[2026-07-01 09:49:56]      • [Quiz] Kuis M11 [kelas MALAM]: Program Dinamis dan Permasalahan Tata Letak Fasilitas → Deadline: Tidak diketahui
[2026-07-01 09:50:00] 📚 Mengambil mata kuliah ID 104413 ...
[2026-07-01 09:50:00]   ➤ ATA 2025/2026 | 3-FIKTI | Praktikum Terapan Teori Graf
[2026-07-01 09:50:00]      • [Materi] Panduan Praktikum  Forum → Deadline: -
[2026-07-01 09:50:04]      • [Materi] Panduan Google Collaboratory URL → Deadline: -
[2026-07-01 09:50:08]      • [Materi] Panduan Instalasi Anaconda URL → Deadline: -
[2026-07-01 09:50:13]      • [Quiz] Pre-Test (M1) → Deadline: Tidak diketahui
[2026-07-01 09:50:17]      • [Materi] 1.1  Pengantar: Teori Graf URL → Deadline: -
[2026-07-01 09:50:22]      • [Materi] 1.2  Sesi Hands-on Praktikum URL → Deadline: -
[2026-07-01 09:50:26]      • [Materi] 1.3 Tutorial Menambahkan File pada Mesin DGX URL → Deadline: -
[2026-07-01 09:50:31]      • [Quiz] Post-Test (M1) → Deadline: Tidak diketahui
[2026-07-01 09:50:36]      • [Assignment] Pengumpulan Tugas (M1) → Deadline: Saturday, 7 March 2026, 11:59 PM
[2026-07-01 09:50:40]      • [Quiz] Pre-Test (M2) → Deadline: Tidak diketahui
[2026-07-01 09:50:45]      • [Materi] 2.1  Pengantar: Berbagai Pemecahan Masalah Menggunakan Teori Graf Page → Deadline: -
[2026-07-01 09:50:49]      • [Quiz] Post-Test (M2) → Deadline: Tidak diketahui
[2026-07-01 09:50:54]      • [Assignment] Pengumpulan Tugas (M2) → Deadline: Saturday, 14 March 2026, 11:59 PM
[2026-07-01 09:50:58]      • [Quiz] Pre-Test (M4) → Deadline: Tidak diketahui
[2026-07-01 09:51:02]      • [Materi] 4.1  Pengantar: Breadth First Search URL → Deadline: -
[2026-07-01 09:51:07]      • [Materi] Sesi Praktikum File → Deadline: -
[2026-07-01 09:51:11]      • [Materi] Video Tutorial: Mendownload File IPYNB di Virtual Class URL → Deadline: -
[2026-07-01 09:51:16]      • [Quiz] Post-Test (M4) → Deadline: Tidak diketahui
[2026-07-01 09:51:21]      • [Assignment] Laporan Akhir (M4) → Deadline: Saturday, 11 April 2026, 11:59 PM
[2026-07-01 09:51:25]      • [Quiz] Pre-Test (M5) → Deadline: Tidak diketahui
[2026-07-01 09:51:29]      • [Materi] Sesi Praktikum URL → Deadline: -
[2026-07-01 09:51:34]      • [Quiz] Post-Test (M5) → Deadline: Tidak diketahui
[2026-07-01 09:51:38]      • [Assignment] Laporan Akhir (M5) → Deadline: Saturday, 18 April 2026, 11:59 PM
[2026-07-01 09:51:42]      • [Quiz] Pre-Test (M6) → Deadline: Tidak diketahui
[2026-07-01 09:51:46]      • [Materi] 6.1  Pendahuluan: Algoritma Dasar Tree URL → Deadline: -
[2026-07-01 09:51:51]      • [Materi] Sesi Praktikum File → Deadline: -
[2026-07-01 09:51:54]      • [Quiz] Post-Test (M6) → Deadline: Tidak diketahui
[2026-07-01 09:51:59]      • [Assignment] Laporan Akhir (M6) → Deadline: Saturday, 25 April 2026, 11:59 PM
[2026-07-01 09:52:03]      • [Quiz] Pre-Test (M8) → Deadline: Tidak diketahui
[2026-07-01 09:52:07]      • [Materi] 8.1  Pendahuluan: Implementasi Graph URL → Deadline: -
[2026-07-01 09:52:12]      • [Materi] Link File Praktikum I - family.pl → Deadline: -
[2026-07-01 09:52:16]      • [Materi] Link File Praktikum II - 8-puzzles.ipynb → Deadline: -
[2026-07-01 09:52:20]      • [Materi] Video Tutorial: Mendownload File IPYNB di Virtual Class URL → Deadline: -
[2026-07-01 09:52:25]      • [Quiz] Post-Test (M8) → Deadline: Tidak diketahui
[2026-07-01 09:52:28]      • [Assignment] Laporan Akhir (M8) → Deadline: Saturday, 9 May 2026, 11:59 PM
[2026-07-01 09:52:33]      • [Quiz] Pre-Test (M9) → Deadline: Tidak diketahui
[2026-07-01 09:52:37]      • [Materi] Sesi Hands-on Praktikum URL → Deadline: -
[2026-07-01 09:52:41]      • [Quiz] Post-Test (M9) → Deadline: Tidak diketahui
[2026-07-01 09:52:45]      • [Assignment] Pengumpulan Tugas (M9) → Deadline: Saturday, 16 May 2026, 11:59 PM
[2026-07-01 09:52:50]      • [Quiz] Pre-Test (M3) → Deadline: Tidak diketahui
[2026-07-01 09:52:53]      • [Materi] Sesi Praktikum URL → Deadline: -
[2026-07-01 09:52:57]      • [Materi] Video Tutorial: Menambahkan File pada Mesin DGX URL → Deadline: -
[2026-07-01 09:53:03]      • [Quiz] Post-Test (M3) → Deadline: Tidak diketahui
[2026-07-01 09:53:06]      • [Assignment] Pengumpulan Tugas (M3) → Deadline: Saturday, 23 May 2026, 11:59 PM
[2026-07-01 09:53:10]      • [Quiz] Pre-Test (M7) → Deadline: Tidak diketahui
[2026-07-01 09:53:15]      • [Materi] Link File Praktikum I - 3-Tekrek-Find-Center.ipynb → Deadline: -
[2026-07-01 09:53:19]      • [Materi] Link File Praktikum II - 3-Tekrek-Sortest-Path.ipynb → Deadline: -
[2026-07-01 09:53:23]      • [Materi] Video Tutorial: Mendownload File IPYNB di Virtual Class URL → Deadline: -
[2026-07-01 09:53:28]      • [Quiz] Post-Test (M7) → Deadline: Tidak diketahui
[2026-07-01 09:53:33]      • [Assignment] Laporan Akhir (M7) → Deadline: Saturday, 23 May 2026, 11:59 PM
[2026-07-01 09:53:36] 📦 Total tugas ditemukan: 112
[2026-07-01 09:53:36] 💾 Disimpan ke python/node/tugas.json
[2026-07-01 18:00:37] 🔐 Login ke V-Class...
[2026-07-01 18:00:37] ✅ Login berhasil
[2026-07-01 18:00:37] 📚 Mengambil mata kuliah ID 108486 ...
[2026-07-01 18:00:37]   ➤ ATA 2025/2026 | 3KB01 | Jaringan Komputer Lanjut | VIVIEN NOVA FITHRIANA
[2026-07-01 18:00:37]      • [Materi] Announcements Forum → Deadline: -
[2026-07-01 18:00:42]      • [Materi] M1 File → Deadline: -
[2026-07-01 18:00:46]      • [Materi] M2 File → Deadline: -
[2026-07-01 18:00:50]      • [Materi] M3 File → Deadline: -
[2026-07-01 18:00:53]      • [Materi] M4 File → Deadline: -
[2026-07-01 18:00:58]      • [Materi] M5 File → Deadline: -
[2026-07-01 18:01:02]      • [Materi] M6 File → Deadline: -
[2026-07-01 18:01:06]      • [Materi] M7 File → Deadline: -
[2026-07-01 18:01:11]      • [Materi] VC-1 : Traffic dan Algoritma Kendali Kemacetan File → Deadline: -
[2026-07-01 18:01:16]      • [Materi] VC-1 : Traffic dan Algoritma Kendali Kemacetan File → Deadline: -
[2026-07-01 18:01:20]      • [Materi] Forum VC-1 : Traffic dan Algoritma Kendali Kemacetan → Deadline: -
[2026-07-01 18:01:24]      • [Quiz] Latihan Soal VC-1 : Traffic dan Algoritma Kendali Kemacetan → Deadline: Tidak diketahui
[2026-07-01 18:01:28]      • [Materi] VC-2 : Traffic dan Algoritma Kendali Kemacetan - Bagian 2 File → Deadline: -
[2026-07-01 18:01:32]      • [Materi] Forum VC-2 : Traffic dan Algoritma Kendali Kemacetan - Bagian 2 → Deadline: -
[2026-07-01 18:01:37]      • [Quiz] Latihan Soal VC-2 : Traffic dan Algoritma Kendali Kemacetan - Bagian 2 → Deadline: Tidak diketahui
[2026-07-01 18:01:42]      • [Materi] VC-3 : Lapisan Transport File → Deadline: -
[2026-07-01 18:01:46]      • [Materi] Forum VC-3 : Lapisan Transport → Deadline: -
[2026-07-01 18:01:50]      • [Quiz] Latihan Soal VC-3 : Lapisan Transport → Deadline: Wednesday, 15 July 2026, 11:59 PM
[2026-07-01 18:01:54] 📚 Mengambil mata kuliah ID 108172 ...
[2026-07-01 18:01:54]   ➤ ATA 2025/2026 | 3KB01 | Internet of Things (IoT) | PURNAWARMAN MUSA
[2026-07-01 18:01:54]      • [Materi] Announcements Forum → Deadline: -
[2026-07-01 18:01:58]      • [Materi] M6 File → Deadline: -
[2026-07-01 18:02:03]      • [Quiz] Soal (Tugas Individu) → Deadline: Tidak diketahui
[2026-07-01 18:02:08]      • [Quiz] Soal (Tugas Individu) → Deadline: Tidak diketahui
[2026-07-01 18:02:12] 📚 Mengambil mata kuliah ID 109563 ...
[2026-07-01 18:02:12]   ➤ ATA 2025/2026 | 3KB01 | Sistem Tertanam (Embedded) * | RIDHA ISKANDAR
[2026-07-01 18:02:12]      • [Materi] Selamat Datang di V-Class Sistem Tertanam (Embedded) Forum → Deadline: -
[2026-07-01 18:02:16]      • [Assignment] File 1 → Deadline: Sunday, 26 April 2026, 12:00 AM
[2026-07-01 18:02:21] 📚 Mengambil mata kuliah ID 109970 ...
[2026-07-01 18:02:21]   ➤ ATA 2025/2026 | 2EB10 | Bahasa Indonesia | MELANIAWATI
[2026-07-01 18:02:21] 📚 Mengambil mata kuliah ID 107919 ...
[2026-07-01 18:02:21]   ➤ ATA 2025/2026 | 3KB01 | Sistem Cerdas Lanjut | NUR SULTAN SALAHUDDIN
[2026-07-01 18:02:21]      • [Materi] Announcements Forum → Deadline: -
[2026-07-01 18:02:25]      • [Assignment] Sistem Kesehatan Cerdas → Deadline: Thursday, 21 May 2026, 12:00 AM
[2026-07-01 18:02:29]      • [Quiz] Sistem Kesehatan Cerdas → Deadline: Tidak diketahui
[2026-07-01 18:02:33] 📚 Mengambil mata kuliah ID 107291 ...
[2026-07-01 18:02:33]   ➤ ATA 2025/2026 | 3KB01 | Pengantarmukaan Perif.Komputer * | FARID THALIB
[2026-07-01 18:02:33]      • [Materi] Announcements Forum → Deadline: -
[2026-07-01 18:02:37] 📚 Mengambil mata kuliah ID 104438 ...
[2026-07-01 18:02:37]   ➤ ATA 2025/2026 | 3-FIKTI | Terapan Teori Graf | TEAM TEACHING
[2026-07-01 18:02:37]      • [Materi] PEMBERITAHUAN UTS SUSULAN File → Deadline: -
[2026-07-01 18:02:42]      • [Materi] PEMBERITAHUAN PELAKSANAAN TEAM TEACHING TERAPAN TEORI GRAF Forum → Deadline: -
[2026-07-01 18:02:46]      • [Materi] M1: Pendahuluan Teori Graf File → Deadline: -
[2026-07-01 18:02:51]      • [Materi] Video Literasi M1: Pendahuluan Teori Graf URL → Deadline: -
[2026-07-01 18:02:55]      • [Quiz] Kuis M1 [kelas PAGI] → Deadline: Tidak diketahui
[2026-07-01 18:03:00]      • [Quiz] Kuis M1 [kelas MALAM] → Deadline: Tidak diketahui
[2026-07-01 18:03:04]      • [Materi] M2: Graf Tidak Berarah dan Graf Berbobot File → Deadline: -
[2026-07-01 18:03:09]      • [Materi] Video Literasi M2 : Graf Tidak Berarah dan Graf Berbobot URL → Deadline: -
[2026-07-01 18:03:13]      • [Quiz] Kuis M2 [KELAS PAGI] : Graf Tidak Berarah dan Graf Berbobot → Deadline: Tidak diketahui
[2026-07-01 18:03:17]      • [Quiz] Kuis M2 [KELAS MALAM] : Graf Tidak Berarah dan Graf Berbobot → Deadline: Tidak diketahui
[2026-07-01 18:03:22]      • [Materi] M4 : Aplikasi Teori Graf di Teknik Elektro File → Deadline: -
[2026-07-01 18:03:25]      • [Materi] Video Literasi M4 : Aplikasi Teori Graf di Teknik Elektro URL → Deadline: -
[2026-07-01 18:03:30]      • [Quiz] Kuis M4 [KELAS PAGI]: Aplikasi Teori Graf di Teknik Elektro → Deadline: Tidak diketahui
[2026-07-01 18:03:35]      • [Quiz] Kuis M4 [KELAS MALAM]: Aplikasi Teori Graf di Teknik Elektro → Deadline: Tidak diketahui
[2026-07-01 18:03:39]      • [Materi] M5 : Knowledge Graph dan Database Graph File → Deadline: -
[2026-07-01 18:03:42]      • [Materi] Video Literasi  M5 : Knowledge Graph dan Database Graph URL → Deadline: -
[2026-07-01 18:03:46]      • [Quiz] Kuis M5 [KELAS PAGI] : nowledge Graph dan Database Graph → Deadline: Tidak diketahui
[2026-07-01 18:03:50]      • [Quiz] Kuis M5 [KELAS MALAM] : Knowledge Graph dan Database Graph → Deadline: Tidak diketahui
[2026-07-01 18:03:54]      • [Materi] M6 : Graf Berarah dan Implementasinya File → Deadline: -
[2026-07-01 18:03:58]      • [Materi] Video Literasi M6 : Graf Berarah dan Implementasinya URL → Deadline: -
[2026-07-01 18:04:02]      • [Quiz] Kuis M6 [KELAS PAGI] : Graf Berarah dan Implementasinya → Deadline: Tidak diketahui
[2026-07-01 18:04:06]      • [Quiz] Kuis M6 [KELAS MALAM] : Graf Berarah dan Implementasinya → Deadline: Tidak diketahui
[2026-07-01 18:04:10]      • [Materi] M8 : Penerapan Teori Graf di Bidang Teknik Sipil File → Deadline: -
[2026-07-01 18:04:15]      • [Materi] Video Literasi M8 : Penerapan Teori Graf di Bidang Teknik Sipil URL → Deadline: -
[2026-07-01 18:04:19]      • [Quiz] Kuis M8 [KELAS PAGI] : Penerapan Teori Graf di Bidang Teknik Sipil → Deadline: Tidak diketahui
[2026-07-01 18:04:23]      • [Quiz] Kuis M8 [KELAS MALAM] : Penerapan Teori Graf di Bidang Teknik Sipil → Deadline: Tidak diketahui
[2026-07-01 18:04:27]      • [Materi] M10 : Penerapan Teori Graf  di Bidang Teknik Industri File → Deadline: -
[2026-07-01 18:04:31]      • [Materi] Video Literasi M10 : Penerapan Teori Graf  di Bidang Teknik Industri URL → Deadline: -
[2026-07-01 18:04:36]      • [Quiz] Kuis M10 [kelas pagi] : Penerapan Teori Graf  di Bidang Teknik Industri → Deadline: Tidak diketahui
[2026-07-01 18:04:40]      • [Quiz] Kuis M10 [kelas malam]: Penerapan Teori Graf  di Bidang Teknik Industri → Deadline: Tidak diketahui
[2026-07-01 18:04:44]      • [Materi] M11 : Program Dinamis dan Permasalahan Tata Letak Fasilitas File → Deadline: -
[2026-07-01 18:04:48]      • [Materi] video literasi : Program Dinamis dan Permasalahan Tata Letak Fasilitas URL → Deadline: -
[2026-07-01 18:04:52]      • [Quiz] Kuis M11 [kelas PAGI]: Program Dinamis dan Permasalahan Tata Letak Fasilitas → Deadline: Tidak diketahui
[2026-07-01 18:04:56]      • [Quiz] Kuis M11 [kelas MALAM]: Program Dinamis dan Permasalahan Tata Letak Fasilitas → Deadline: Tidak diketahui
[2026-07-01 18:05:01] 📚 Mengambil mata kuliah ID 104413 ...
[2026-07-01 18:05:01]   ➤ ATA 2025/2026 | 3-FIKTI | Praktikum Terapan Teori Graf
[2026-07-01 18:05:01]      • [Materi] Panduan Praktikum  Forum → Deadline: -
[2026-07-01 18:05:05]      • [Materi] Panduan Google Collaboratory URL → Deadline: -
[2026-07-01 18:05:10]      • [Materi] Panduan Instalasi Anaconda URL → Deadline: -
[2026-07-01 18:05:14]      • [Quiz] Pre-Test (M1) → Deadline: Tidak diketahui
[2026-07-01 18:05:18]      • [Materi] 1.1  Pengantar: Teori Graf URL → Deadline: -
[2026-07-01 18:05:22]      • [Materi] 1.2  Sesi Hands-on Praktikum URL → Deadline: -
[2026-07-01 18:05:27]      • [Materi] 1.3 Tutorial Menambahkan File pada Mesin DGX URL → Deadline: -
[2026-07-01 18:05:31]      • [Quiz] Post-Test (M1) → Deadline: Tidak diketahui
[2026-07-01 18:05:36]      • [Assignment] Pengumpulan Tugas (M1) → Deadline: Saturday, 7 March 2026, 11:59 PM
[2026-07-01 18:05:40]      • [Quiz] Pre-Test (M2) → Deadline: Tidak diketahui
[2026-07-01 18:05:45]      • [Materi] 2.1  Pengantar: Berbagai Pemecahan Masalah Menggunakan Teori Graf Page → Deadline: -
[2026-07-01 18:05:49]      • [Quiz] Post-Test (M2) → Deadline: Tidak diketahui
[2026-07-01 18:05:53]      • [Assignment] Pengumpulan Tugas (M2) → Deadline: Saturday, 14 March 2026, 11:59 PM
[2026-07-01 18:05:57]      • [Quiz] Pre-Test (M4) → Deadline: Tidak diketahui
[2026-07-01 18:06:02]      • [Materi] 4.1  Pengantar: Breadth First Search URL → Deadline: -
[2026-07-01 18:06:06]      • [Materi] Sesi Praktikum File → Deadline: -
[2026-07-01 18:06:10]      • [Materi] Video Tutorial: Mendownload File IPYNB di Virtual Class URL → Deadline: -
[2026-07-01 18:06:15]      • [Quiz] Post-Test (M4) → Deadline: Tidak diketahui
[2026-07-01 18:06:20]      • [Assignment] Laporan Akhir (M4) → Deadline: Saturday, 11 April 2026, 11:59 PM
[2026-07-01 18:06:24]      • [Quiz] Pre-Test (M5) → Deadline: Tidak diketahui
[2026-07-01 18:06:28]      • [Materi] Sesi Praktikum URL → Deadline: -
[2026-07-01 18:06:33]      • [Quiz] Post-Test (M5) → Deadline: Tidak diketahui
[2026-07-01 18:06:37]      • [Assignment] Laporan Akhir (M5) → Deadline: Saturday, 18 April 2026, 11:59 PM
[2026-07-01 18:06:42]      • [Quiz] Pre-Test (M6) → Deadline: Tidak diketahui
[2026-07-01 18:06:47]      • [Materi] 6.1  Pendahuluan: Algoritma Dasar Tree URL → Deadline: -
[2026-07-01 18:06:51]      • [Materi] Sesi Praktikum File → Deadline: -
[2026-07-01 18:06:55]      • [Quiz] Post-Test (M6) → Deadline: Tidak diketahui
[2026-07-01 18:06:59]      • [Assignment] Laporan Akhir (M6) → Deadline: Saturday, 25 April 2026, 11:59 PM
[2026-07-01 18:07:04]      • [Quiz] Pre-Test (M8) → Deadline: Tidak diketahui
[2026-07-01 18:07:07]      • [Materi] 8.1  Pendahuluan: Implementasi Graph URL → Deadline: -
[2026-07-01 18:07:11]      • [Materi] Link File Praktikum I - family.pl → Deadline: -
[2026-07-01 18:07:15]      • [Materi] Link File Praktikum II - 8-puzzles.ipynb → Deadline: -
[2026-07-01 18:07:20]      • [Materi] Video Tutorial: Mendownload File IPYNB di Virtual Class URL → Deadline: -
[2026-07-01 18:07:24]      • [Quiz] Post-Test (M8) → Deadline: Tidak diketahui
[2026-07-01 18:07:28]      • [Assignment] Laporan Akhir (M8) → Deadline: Saturday, 9 May 2026, 11:59 PM
[2026-07-01 18:07:33]      • [Quiz] Pre-Test (M9) → Deadline: Tidak diketahui
[2026-07-01 18:07:37]      • [Materi] Sesi Hands-on Praktikum URL → Deadline: -
[2026-07-01 18:07:41]      • [Quiz] Post-Test (M9) → Deadline: Tidak diketahui
[2026-07-01 18:07:45]      • [Assignment] Pengumpulan Tugas (M9) → Deadline: Saturday, 16 May 2026, 11:59 PM
[2026-07-01 18:07:49]      • [Quiz] Pre-Test (M3) → Deadline: Tidak diketahui
[2026-07-01 18:07:53]      • [Materi] Sesi Praktikum URL → Deadline: -
[2026-07-01 18:07:57]      • [Materi] Video Tutorial: Menambahkan File pada Mesin DGX URL → Deadline: -
[2026-07-01 18:08:02]      • [Quiz] Post-Test (M3) → Deadline: Tidak diketahui
[2026-07-01 18:08:06]      • [Assignment] Pengumpulan Tugas (M3) → Deadline: Saturday, 23 May 2026, 11:59 PM
[2026-07-01 18:08:11]      • [Quiz] Pre-Test (M7) → Deadline: Tidak diketahui
[2026-07-01 18:08:15]      • [Materi] Link File Praktikum I - 3-Tekrek-Find-Center.ipynb → Deadline: -
[2026-07-01 18:08:19]      • [Materi] Link File Praktikum II - 3-Tekrek-Sortest-Path.ipynb → Deadline: -
[2026-07-01 18:08:23]      • [Materi] Video Tutorial: Mendownload File IPYNB di Virtual Class URL → Deadline: -
[2026-07-01 18:08:27]      • [Quiz] Post-Test (M7) → Deadline: Tidak diketahui
[2026-07-01 18:08:32]      • [Assignment] Laporan Akhir (M7) → Deadline: Saturday, 23 May 2026, 11:59 PM
[2026-07-01 18:08:37] 📦 Total tugas ditemukan: 112
[2026-07-01 18:08:37] 💾 Disimpan ke python/node/tugas.json
