[2026-08-03 09:45:29] 🔐 Login ke V-Class...
[2026-08-03 09:45:29] ✅ Login berhasil
[2026-08-03 09:45:29] 📚 Mengambil mata kuliah ID 108486 ...
[2026-08-03 09:45:29]   ➤ ATA 2025/2026 | 3KB01 | Jaringan Komputer Lanjut | VIVIEN NOVA FITHRIANA
[2026-08-03 09:45:29]      • [Materi] Announcements Forum → Deadline: -
[2026-08-03 09:45:34]      • [Materi] M1 File → Deadline: -
[2026-08-03 09:45:38]      • [Materi] M2 File → Deadline: -
[2026-08-03 09:45:42]      • [Materi] M3 File → Deadline: -
[2026-08-03 09:45:46]      • [Materi] M4 File → Deadline: -
[2026-08-03 09:45:50]      • [Materi] M5 File → Deadline: -
[2026-08-03 09:45:54]      • [Materi] M6 File → Deadline: -
[2026-08-03 09:45:59]      • [Materi] M7 File → Deadline: -
[2026-08-03 09:46:03]      • [Materi] VC-1 : Traffic dan Algoritma Kendali Kemacetan File → Deadline: -
[2026-08-03 09:46:07]      • [Materi] VC-1 : Traffic dan Algoritma Kendali Kemacetan File → Deadline: -
[2026-08-03 09:46:11]      • [Materi] Forum VC-1 : Traffic dan Algoritma Kendali Kemacetan → Deadline: -
[2026-08-03 09:46:15]      • [Quiz] Latihan Soal VC-1 : Traffic dan Algoritma Kendali Kemacetan → Deadline: Tidak diketahui
[2026-08-03 09:46:19]      • [Materi] VC-2 : Traffic dan Algoritma Kendali Kemacetan - Bagian 2 File → Deadline: -
[2026-08-03 09:46:23]      • [Materi] Forum VC-2 : Traffic dan Algoritma Kendali Kemacetan - Bagian 2 → Deadline: -
[2026-08-03 09:46:28]      • [Quiz] Latihan Soal VC-2 : Traffic dan Algoritma Kendali Kemacetan - Bagian 2 → Deadline: Tidak diketahui
[2026-08-03 09:46:32]      • [Materi] VC-3 : Lapisan Transport File → Deadline: -
[2026-08-03 09:46:35]      • [Materi] Forum VC-3 : Lapisan Transport → Deadline: -
[2026-08-03 09:46:40]      • [Quiz] Latihan Soal VC-3 : Lapisan Transport → Deadline: Tidak diketahui
[2026-08-03 09:46:45] 📚 Mengambil mata kuliah ID 108172 ...
[2026-08-03 09:46:45]   ➤ ATA 2025/2026 | 3KB01 | Internet of Things (IoT) | PURNAWARMAN MUSA
[2026-08-03 09:46:45]      • [Materi] Announcements Forum → Deadline: -
[2026-08-03 09:46:49]      • [Materi] M6 File → Deadline: -
[2026-08-03 09:46:53]      • [Quiz] Soal (Tugas Individu) → Deadline: Tidak diketahui
[2026-08-03 09:46:58]      • [Quiz] Soal (Tugas Individu) → Deadline: Tidak diketahui
[2026-08-03 09:47:01] 📚 Mengambil mata kuliah ID 109563 ...
[2026-08-03 09:47:01]   ➤ ATA 2025/2026 | 3KB01 | Sistem Tertanam (Embedded) * | RIDHA ISKANDAR
[2026-08-03 09:47:01]      • [Materi] Selamat Datang di V-Class Sistem Tertanam (Embedded) Forum → Deadline: -
[2026-08-03 09:47:06]      • [Assignment] File 1 → Deadline: Sunday, 26 April 2026, 12:00 AM
[2026-08-03 09:47:10] 📚 Mengambil mata kuliah ID 109970 ...
[2026-08-03 09:47:10]   ➤ ATA 2025/2026 | 2EB10 | Bahasa Indonesia | MELANIAWATI
[2026-08-03 09:47:10] 📚 Mengambil mata kuliah ID 107919 ...
[2026-08-03 09:47:11]   ➤ ATA 2025/2026 | 3KB01 | Sistem Cerdas Lanjut | NUR SULTAN SALAHUDDIN
[2026-08-03 09:47:11]      • [Materi] Announcements Forum → Deadline: -
[2026-08-03 09:47:15]      • [Assignment] Sistem Kesehatan Cerdas → Deadline: Thursday, 21 May 2026, 12:00 AM
[2026-08-03 09:47:19]      • [Quiz] Sistem Kesehatan Cerdas → Deadline: Tidak diketahui
[2026-08-03 09:47:24]      • [Assignment] Sistem Industri Cerdas → Deadline: Monday, 20 July 2026, 12:00 AM
[2026-08-03 09:47:27]      • [Quiz] Sistem Industri Cerdas → Deadline: Tidak diketahui
[2026-08-03 09:47:31] 📚 Mengambil mata kuliah ID 107291 ...
[2026-08-03 09:47:31]   ➤ ATA 2025/2026 | 3KB01 | Pengantarmukaan Perif.Komputer * | FARID THALIB
[2026-08-03 09:47:31]      • [Materi] Announcements Forum → Deadline: -
[2026-08-03 09:47:35] 📚 Mengambil mata kuliah ID 104438 ...
[2026-08-03 09:47:35]   ➤ ATA 2025/2026 | 3-FIKTI | Terapan Teori Graf | TEAM TEACHING
[2026-08-03 09:47:35]      • [Materi] PEMBERITAHUAN UTS SUSULAN File → Deadline: -
[2026-08-03 09:47:40]      • [Materi] PEMBERITAHUAN PELAKSANAAN TEAM TEACHING TERAPAN TEORI GRAF Forum → Deadline: -
[2026-08-03 09:47:45]      • [Materi] M1: Pendahuluan Teori Graf File → Deadline: -
[2026-08-03 09:47:49]      • [Materi] Video Literasi M1: Pendahuluan Teori Graf URL → Deadline: -
[2026-08-03 09:47:53]      • [Quiz] Kuis M1 [kelas PAGI] → Deadline: Tidak diketahui
[2026-08-03 09:47:57]      • [Quiz] Kuis M1 [kelas MALAM] → Deadline: Tidak diketahui
[2026-08-03 09:48:01]      • [Materi] M2: Graf Tidak Berarah dan Graf Berbobot File → Deadline: -
[2026-08-03 09:48:05]      • [Materi] Video Literasi M2 : Graf Tidak Berarah dan Graf Berbobot URL → Deadline: -
[2026-08-03 09:48:10]      • [Quiz] Kuis M2 [KELAS PAGI] : Graf Tidak Berarah dan Graf Berbobot → Deadline: Tidak diketahui
[2026-08-03 09:48:15]      • [Quiz] Kuis M2 [KELAS MALAM] : Graf Tidak Berarah dan Graf Berbobot → Deadline: Tidak diketahui
[2026-08-03 09:48:19]      • [Materi] M4 : Aplikasi Teori Graf di Teknik Elektro File → Deadline: -
[2026-08-03 09:48:24]      • [Materi] Video Literasi M4 : Aplikasi Teori Graf di Teknik Elektro URL → Deadline: -
[2026-08-03 09:48:28]      • [Quiz] Kuis M4 [KELAS PAGI]: Aplikasi Teori Graf di Teknik Elektro → Deadline: Tidak diketahui
[2026-08-03 09:48:32]      • [Quiz] Kuis M4 [KELAS MALAM]: Aplikasi Teori Graf di Teknik Elektro → Deadline: Tidak diketahui
[2026-08-03 09:48:37]      • [Materi] M5 : Knowledge Graph dan Database Graph File → Deadline: -
[2026-08-03 09:48:41]      • [Materi] Video Literasi  M5 : Knowledge Graph dan Database Graph URL → Deadline: -
[2026-08-03 09:48:45]      • [Quiz] Kuis M5 [KELAS PAGI] : nowledge Graph dan Database Graph → Deadline: Tidak diketahui
[2026-08-03 09:48:50]      • [Quiz] Kuis M5 [KELAS MALAM] : Knowledge Graph dan Database Graph → Deadline: Tidak diketahui
[2026-08-03 09:48:54]      • [Materi] M6 : Graf Berarah dan Implementasinya File → Deadline: -
[2026-08-03 09:48:58]      • [Materi] Video Literasi M6 : Graf Berarah dan Implementasinya URL → Deadline: -
[2026-08-03 09:49:03]      • [Quiz] Kuis M6 [KELAS PAGI] : Graf Berarah dan Implementasinya → Deadline: Tidak diketahui
[2026-08-03 09:49:08]      • [Quiz] Kuis M6 [KELAS MALAM] : Graf Berarah dan Implementasinya → Deadline: Tidak diketahui
[2026-08-03 09:49:12]      • [Materi] M8 : Penerapan Teori Graf di Bidang Teknik Sipil File → Deadline: -
[2026-08-03 09:49:16]      • [Materi] Video Literasi M8 : Penerapan Teori Graf di Bidang Teknik Sipil URL → Deadline: -
[2026-08-03 09:49:20]      • [Quiz] Kuis M8 [KELAS PAGI] : Penerapan Teori Graf di Bidang Teknik Sipil → Deadline: Tidak diketahui
[2026-08-03 09:49:25]      • [Quiz] Kuis M8 [KELAS MALAM] : Penerapan Teori Graf di Bidang Teknik Sipil → Deadline: Tidak diketahui
[2026-08-03 09:49:29]      • [Materi] M10 : Penerapan Teori Graf  di Bidang Teknik Industri File → Deadline: -
[2026-08-03 09:49:33]      • [Materi] Video Literasi M10 : Penerapan Teori Graf  di Bidang Teknik Industri URL → Deadline: -
[2026-08-03 09:49:37]      • [Quiz] Kuis M10 [kelas pagi] : Penerapan Teori Graf  di Bidang Teknik Industri → Deadline: Tidak diketahui
[2026-08-03 09:49:42]      • [Quiz] Kuis M10 [kelas malam]: Penerapan Teori Graf  di Bidang Teknik Industri → Deadline: Tidak diketahui
[2026-08-03 09:49:47]      • [Materi] M11 : Program Dinamis dan Permasalahan Tata Letak Fasilitas File → Deadline: -
[2026-08-03 09:49:51]      • [Materi] video literasi : Program Dinamis dan Permasalahan Tata Letak Fasilitas URL → Deadline: -
[2026-08-03 09:49:56]      • [Quiz] Kuis M11 [kelas PAGI]: Program Dinamis dan Permasalahan Tata Letak Fasilitas → Deadline: Tidak diketahui
[2026-08-03 09:50:00]      • [Quiz] Kuis M11 [kelas MALAM]: Program Dinamis dan Permasalahan Tata Letak Fasilitas → Deadline: Tidak diketahui
[2026-08-03 09:50:05]      • [Materi] M12: Algoritma Greedy pada Graf File → Deadline: -
[2026-08-03 09:50:10]      • [Materi] Video literasi M12: Algoritma Greedy pada Graf URL → Deadline: -
[2026-08-03 09:50:14]      • [Quiz] Kuis M12 [kelas PAGI] → Deadline: Tidak diketahui
[2026-08-03 09:50:17]      • [Quiz] Kuis M12 [kelas MALAM] → Deadline: Tidak diketahui
[2026-08-03 09:50:22]      • [Materi] M13 File → Deadline: -
[2026-08-03 09:50:26]      • [Materi] Video Literasi M13 : Graph Theory Implementation in Oil Mining Company URL → Deadline: -
[2026-08-03 09:50:31]      • [Quiz] Kuis M13 [PAGI]: Graph Theory Implementation in Oil Mining Company → Deadline: Tidak diketahui
[2026-08-03 09:50:35]      • [Quiz] Kuis M13 [MALAM]: Graph Theory Implementation in Oil Mining Company → Deadline: Tidak diketahui
[2026-08-03 09:50:39]      • [Materi] M14 : Aplikasi Graf Lengkap sebagai Graf Representasi untuk Model Optimasi Rute Kendaraan File → Deadline: -
[2026-08-03 09:50:44]      • [Materi] Video Literasi : Aplikasi Graf Lengkap sebagai Graf Representasi untuk Model Optimasi Rute Kendaraan URL → Deadline: -
[2026-08-03 09:50:53]      • [Quiz] Kuis M14 [PAGI]: Aplikasi Graf Lengkap sebagai Graf Representasi untuk Model Optimasi Rute Kendaraan → Deadline: Tidak diketahui
[2026-08-03 09:50:57]      • [Quiz] Kuis M14 [MALAM]: Aplikasi Graf Lengkap sebagai Graf Representasi untuk Model Optimasi Rute Kendaraan → Deadline: Tidak diketahui
[2026-08-03 09:51:02] 📚 Mengambil mata kuliah ID 104413 ...
[2026-08-03 09:51:02]   ➤ ATA 2025/2026 | 3-FIKTI | Praktikum Terapan Teori Graf
[2026-08-03 09:51:02]      • [Materi] Panduan Praktikum  Forum → Deadline: -
[2026-08-03 09:51:06]      • [Materi] Panduan Google Collaboratory URL → Deadline: -
[2026-08-03 09:51:10]      • [Materi] Panduan Instalasi Anaconda URL → Deadline: -
[2026-08-03 09:51:24]      • [Quiz] Pre-Test (M1) → Deadline: Tidak diketahui
[2026-08-03 09:51:29]      • [Materi] 1.1  Pengantar: Teori Graf URL → Deadline: -
[2026-08-03 09:51:32]      • [Materi] 1.2  Sesi Hands-on Praktikum URL → Deadline: -
[2026-08-03 09:51:36]      • [Materi] 1.3 Tutorial Menambahkan File pada Mesin DGX URL → Deadline: -
[2026-08-03 09:51:41]      • [Quiz] Post-Test (M1) → Deadline: Tidak diketahui
[2026-08-03 09:51:45]      • [Assignment] Pengumpulan Tugas (M1) → Deadline: Saturday, 7 March 2026, 11:59 PM
[2026-08-03 09:51:49]      • [Quiz] Pre-Test (M2) → Deadline: Tidak diketahui
[2026-08-03 09:51:53]      • [Materi] 2.1  Pengantar: Berbagai Pemecahan Masalah Menggunakan Teori Graf Page → Deadline: -
[2026-08-03 09:51:57]      • [Quiz] Post-Test (M2) → Deadline: Tidak diketahui
[2026-08-03 09:52:01]      • [Assignment] Pengumpulan Tugas (M2) → Deadline: Saturday, 14 March 2026, 11:59 PM
[2026-08-03 09:52:05]      • [Quiz] Pre-Test (M4) → Deadline: Tidak diketahui
[2026-08-03 09:52:09]      • [Materi] 4.1  Pengantar: Breadth First Search URL → Deadline: -
[2026-08-03 09:52:13]      • [Materi] Sesi Praktikum File → Deadline: -
[2026-08-03 09:52:18]      • [Materi] Video Tutorial: Mendownload File IPYNB di Virtual Class URL → Deadline: -
[2026-08-03 09:52:32]      • [Quiz] Post-Test (M4) → Deadline: Tidak diketahui
[2026-08-03 09:52:37]      • [Assignment] Laporan Akhir (M4) → Deadline: Saturday, 11 April 2026, 11:59 PM
[2026-08-03 09:52:42]      • [Quiz] Pre-Test (M5) → Deadline: Tidak diketahui
[2026-08-03 09:52:47]      • [Materi] Sesi Praktikum URL → Deadline: -
[2026-08-03 09:52:51]      • [Quiz] Post-Test (M5) → Deadline: Tidak diketahui
[2026-08-03 09:52:55]      • [Assignment] Laporan Akhir (M5) → Deadline: Saturday, 18 April 2026, 11:59 PM
[2026-08-03 09:52:59]      • [Quiz] Pre-Test (M6) → Deadline: Tidak diketahui
[2026-08-03 09:53:03]      • [Materi] 6.1  Pendahuluan: Algoritma Dasar Tree URL → Deadline: -
[2026-08-03 09:53:08]      • [Materi] Sesi Praktikum File → Deadline: -
[2026-08-03 09:53:17]      • [Quiz] Post-Test (M6) → Deadline: Tidak diketahui
[2026-08-03 09:53:22]      • [Assignment] Laporan Akhir (M6) → Deadline: Saturday, 25 April 2026, 11:59 PM
[2026-08-03 09:53:28]      • [Quiz] Pre-Test (M8) → Deadline: Tidak diketahui
[2026-08-03 09:53:31]      • [Materi] 8.1  Pendahuluan: Implementasi Graph URL → Deadline: -
[2026-08-03 09:53:35]      • [Materi] Link File Praktikum I - family.pl → Deadline: -
[2026-08-03 09:53:39]      • [Materi] Link File Praktikum II - 8-puzzles.ipynb → Deadline: -
[2026-08-03 09:53:42]      • [Materi] Video Tutorial: Mendownload File IPYNB di Virtual Class URL → Deadline: -
[2026-08-03 09:53:48]      • [Quiz] Post-Test (M8) → Deadline: Tidak diketahui
[2026-08-03 09:53:52]      • [Assignment] Laporan Akhir (M8) → Deadline: Saturday, 9 May 2026, 11:59 PM
[2026-08-03 09:53:57]      • [Quiz] Pre-Test (M9) → Deadline: Tidak diketahui
[2026-08-03 09:54:02]      • [Materi] Sesi Hands-on Praktikum URL → Deadline: -
[2026-08-03 09:54:06]      • [Quiz] Post-Test (M9) → Deadline: Tidak diketahui
[2026-08-03 09:54:10]      • [Assignment] Pengumpulan Tugas (M9) → Deadline: Saturday, 16 May 2026, 11:59 PM
[2026-08-03 09:54:16]      • [Quiz] Pre-Test (M3) → Deadline: Tidak diketahui
[2026-08-03 09:54:21]      • [Materi] Sesi Praktikum URL → Deadline: -
[2026-08-03 09:54:25]      • [Materi] Video Tutorial: Menambahkan File pada Mesin DGX URL → Deadline: -
[2026-08-03 09:54:30]      • [Quiz] Post-Test (M3) → Deadline: Tidak diketahui
[2026-08-03 09:54:34]      • [Assignment] Pengumpulan Tugas (M3) → Deadline: Saturday, 23 May 2026, 11:59 PM
[2026-08-03 09:54:38]      • [Quiz] Pre-Test (M7) → Deadline: Tidak diketahui
[2026-08-03 09:54:43]      • [Materi] Link File Praktikum I - 3-Tekrek-Find-Center.ipynb → Deadline: -
[2026-08-03 09:54:48]      • [Materi] Link File Praktikum II - 3-Tekrek-Sortest-Path.ipynb → Deadline: -
[2026-08-03 09:54:52]      • [Materi] Video Tutorial: Mendownload File IPYNB di Virtual Class URL → Deadline: -
[2026-08-03 09:55:00]      • [Quiz] Post-Test (M7) → Deadline: Tidak diketahui
[2026-08-03 09:55:04]      • [Assignment] Laporan Akhir (M7) → Deadline: Saturday, 23 May 2026, 11:59 PM
[2026-08-03 09:55:09] 📦 Total tugas ditemukan: 126
[2026-08-03 09:55:09] 💾 Disimpan ke python/node/tugas.json
[2026-08-03 12:40:58] 🔐 Login ke V-Class...
[2026-08-03 12:41:04] ✅ Login berhasil
[2026-08-03 12:41:04] 📚 Mengambil mata kuliah ID 108486 ...
[2026-08-03 12:41:04]   ➤ ATA 2025/2026 | 3KB01 | Jaringan Komputer Lanjut | VIVIEN NOVA FITHRIANA
[2026-08-03 12:41:04]      • [Materi] Announcements Forum → Deadline: -
[2026-08-03 12:41:07]      • [Materi] M1 File → Deadline: -
[2026-08-03 12:41:11]      • [Materi] M2 File → Deadline: -
[2026-08-03 12:41:15]      • [Materi] M3 File → Deadline: -
[2026-08-03 12:41:20]      • [Materi] M4 File → Deadline: -
[2026-08-03 12:41:24]      • [Materi] M5 File → Deadline: -
[2026-08-03 12:41:29]      • [Materi] M6 File → Deadline: -
[2026-08-03 12:41:33]      • [Materi] M7 File → Deadline: -
[2026-08-03 12:41:37]      • [Materi] VC-1 : Traffic dan Algoritma Kendali Kemacetan File → Deadline: -
[2026-08-03 12:41:41]      • [Materi] VC-1 : Traffic dan Algoritma Kendali Kemacetan File → Deadline: -
[2026-08-03 12:41:45]      • [Materi] Forum VC-1 : Traffic dan Algoritma Kendali Kemacetan → Deadline: -
[2026-08-03 12:41:50]      • [Quiz] Latihan Soal VC-1 : Traffic dan Algoritma Kendali Kemacetan → Deadline: Tidak diketahui
[2026-08-03 12:41:54]      • [Materi] VC-2 : Traffic dan Algoritma Kendali Kemacetan - Bagian 2 File → Deadline: -
[2026-08-03 12:41:58]      • [Materi] Forum VC-2 : Traffic dan Algoritma Kendali Kemacetan - Bagian 2 → Deadline: -
[2026-08-03 12:42:12]      • [Quiz] Latihan Soal VC-2 : Traffic dan Algoritma Kendali Kemacetan - Bagian 2 → Deadline: Tidak diketahui
[2026-08-03 12:42:17]      • [Materi] VC-3 : Lapisan Transport File → Deadline: -
[2026-08-03 12:42:21]      • [Materi] Forum VC-3 : Lapisan Transport → Deadline: -
[2026-08-03 12:42:25]      • [Quiz] Latihan Soal VC-3 : Lapisan Transport → Deadline: Tidak diketahui
[2026-08-03 12:42:29] 📚 Mengambil mata kuliah ID 108172 ...
[2026-08-03 12:42:29]   ➤ ATA 2025/2026 | 3KB01 | Internet of Things (IoT) | PURNAWARMAN MUSA
[2026-08-03 12:42:29]      • [Materi] Announcements Forum → Deadline: -
[2026-08-03 12:42:34]      • [Materi] M6 File → Deadline: -
[2026-08-03 12:42:38]      • [Quiz] Soal (Tugas Individu) → Deadline: Tidak diketahui
[2026-08-03 12:42:43]      • [Quiz] Soal (Tugas Individu) → Deadline: Tidak diketahui
[2026-08-03 12:42:47] 📚 Mengambil mata kuliah ID 109563 ...
[2026-08-03 12:42:47]   ➤ ATA 2025/2026 | 3KB01 | Sistem Tertanam (Embedded) * | RIDHA ISKANDAR
[2026-08-03 12:42:47]      • [Materi] Selamat Datang di V-Class Sistem Tertanam (Embedded) Forum → Deadline: -
[2026-08-03 12:42:52]      • [Assignment] File 1 → Deadline: Sunday, 26 April 2026, 12:00 AM
[2026-08-03 12:42:56] 📚 Mengambil mata kuliah ID 109970 ...
[2026-08-03 12:42:56]   ➤ ATA 2025/2026 | 2EB10 | Bahasa Indonesia | MELANIAWATI
[2026-08-03 12:42:56] 📚 Mengambil mata kuliah ID 107919 ...
[2026-08-03 12:42:56]   ➤ ATA 2025/2026 | 3KB01 | Sistem Cerdas Lanjut | NUR SULTAN SALAHUDDIN
[2026-08-03 12:42:56]      • [Materi] Announcements Forum → Deadline: -
[2026-08-03 12:43:02]      • [Assignment] Sistem Kesehatan Cerdas → Deadline: Thursday, 21 May 2026, 12:00 AM
[2026-08-03 12:43:06]      • [Quiz] Sistem Kesehatan Cerdas → Deadline: Tidak diketahui
[2026-08-03 12:43:10]      • [Assignment] Sistem Industri Cerdas → Deadline: Monday, 20 July 2026, 12:00 AM
[2026-08-03 12:43:14]      • [Quiz] Sistem Industri Cerdas → Deadline: Tidak diketahui
[2026-08-03 12:43:19] 📚 Mengambil mata kuliah ID 107291 ...
[2026-08-03 12:43:19]   ➤ ATA 2025/2026 | 3KB01 | Pengantarmukaan Perif.Komputer * | FARID THALIB
[2026-08-03 12:43:19]      • [Materi] Announcements Forum → Deadline: -
[2026-08-03 12:43:22] 📚 Mengambil mata kuliah ID 104438 ...
[2026-08-03 12:43:23]   ➤ ATA 2025/2026 | 3-FIKTI | Terapan Teori Graf | TEAM TEACHING
[2026-08-03 12:43:23]      • [Materi] PEMBERITAHUAN UTS SUSULAN File → Deadline: -
[2026-08-03 12:43:27]      • [Materi] PEMBERITAHUAN PELAKSANAAN TEAM TEACHING TERAPAN TEORI GRAF Forum → Deadline: -
[2026-08-03 12:43:31]      • [Materi] M1: Pendahuluan Teori Graf File → Deadline: -
[2026-08-03 12:43:34]      • [Materi] Video Literasi M1: Pendahuluan Teori Graf URL → Deadline: -
[2026-08-03 12:43:39]      • [Quiz] Kuis M1 [kelas PAGI] → Deadline: Tidak diketahui
[2026-08-03 12:43:43]      • [Quiz] Kuis M1 [kelas MALAM] → Deadline: Tidak diketahui
[2026-08-03 12:43:47]      • [Materi] M2: Graf Tidak Berarah dan Graf Berbobot File → Deadline: -
[2026-08-03 12:43:51]      • [Materi] Video Literasi M2 : Graf Tidak Berarah dan Graf Berbobot URL → Deadline: -
[2026-08-03 12:43:55]      • [Quiz] Kuis M2 [KELAS PAGI] : Graf Tidak Berarah dan Graf Berbobot → Deadline: Tidak diketahui
[2026-08-03 12:43:59]      • [Quiz] Kuis M2 [KELAS MALAM] : Graf Tidak Berarah dan Graf Berbobot → Deadline: Tidak diketahui
[2026-08-03 12:44:03]      • [Materi] M4 : Aplikasi Teori Graf di Teknik Elektro File → Deadline: -
[2026-08-03 12:44:07]      • [Materi] Video Literasi M4 : Aplikasi Teori Graf di Teknik Elektro URL → Deadline: -
[2026-08-03 12:44:12]      • [Quiz] Kuis M4 [KELAS PAGI]: Aplikasi Teori Graf di Teknik Elektro → Deadline: Tidak diketahui
[2026-08-03 12:44:17]      • [Quiz] Kuis M4 [KELAS MALAM]: Aplikasi Teori Graf di Teknik Elektro → Deadline: Tidak diketahui
[2026-08-03 12:44:21]      • [Materi] M5 : Knowledge Graph dan Database Graph File → Deadline: -
[2026-08-03 12:44:25]      • [Materi] Video Literasi  M5 : Knowledge Graph dan Database Graph URL → Deadline: -
[2026-08-03 12:44:29]      • [Quiz] Kuis M5 [KELAS PAGI] : nowledge Graph dan Database Graph → Deadline: Tidak diketahui
[2026-08-03 12:44:33]      • [Quiz] Kuis M5 [KELAS MALAM] : Knowledge Graph dan Database Graph → Deadline: Tidak diketahui
[2026-08-03 12:44:37]      • [Materi] M6 : Graf Berarah dan Implementasinya File → Deadline: -
[2026-08-03 12:44:42]      • [Materi] Video Literasi M6 : Graf Berarah dan Implementasinya URL → Deadline: -
[2026-08-03 12:44:46]      • [Quiz] Kuis M6 [KELAS PAGI] : Graf Berarah dan Implementasinya → Deadline: Tidak diketahui
[2026-08-03 12:44:51]      • [Quiz] Kuis M6 [KELAS MALAM] : Graf Berarah dan Implementasinya → Deadline: Tidak diketahui
[2026-08-03 12:44:56]      • [Materi] M8 : Penerapan Teori Graf di Bidang Teknik Sipil File → Deadline: -
[2026-08-03 12:45:00]      • [Materi] Video Literasi M8 : Penerapan Teori Graf di Bidang Teknik Sipil URL → Deadline: -
[2026-08-03 12:45:05]      • [Quiz] Kuis M8 [KELAS PAGI] : Penerapan Teori Graf di Bidang Teknik Sipil → Deadline: Tidak diketahui
[2026-08-03 12:45:10]      • [Quiz] Kuis M8 [KELAS MALAM] : Penerapan Teori Graf di Bidang Teknik Sipil → Deadline: Tidak diketahui
[2026-08-03 12:45:15]      • [Materi] M10 : Penerapan Teori Graf  di Bidang Teknik Industri File → Deadline: -
[2026-08-03 12:45:20]      • [Materi] Video Literasi M10 : Penerapan Teori Graf  di Bidang Teknik Industri URL → Deadline: -
[2026-08-03 12:45:25]      • [Quiz] Kuis M10 [kelas pagi] : Penerapan Teori Graf  di Bidang Teknik Industri → Deadline: Tidak diketahui
[2026-08-03 12:45:29]      • [Quiz] Kuis M10 [kelas malam]: Penerapan Teori Graf  di Bidang Teknik Industri → Deadline: Tidak diketahui
[2026-08-03 12:45:34]      • [Materi] M11 : Program Dinamis dan Permasalahan Tata Letak Fasilitas File → Deadline: -
[2026-08-03 12:45:38]      • [Materi] video literasi : Program Dinamis dan Permasalahan Tata Letak Fasilitas URL → Deadline: -
[2026-08-03 12:45:47]      • [Quiz] Kuis M11 [kelas PAGI]: Program Dinamis dan Permasalahan Tata Letak Fasilitas → Deadline: Tidak diketahui
[2026-08-03 12:45:52]      • [Quiz] Kuis M11 [kelas MALAM]: Program Dinamis dan Permasalahan Tata Letak Fasilitas → Deadline: Tidak diketahui
[2026-08-03 12:45:57]      • [Materi] M12: Algoritma Greedy pada Graf File → Deadline: -
[2026-08-03 12:46:01]      • [Materi] Video literasi M12: Algoritma Greedy pada Graf URL → Deadline: -
[2026-08-03 12:46:25] ⚠️ Gagal mengambil course ID 104438: HTTPSConnectionPool(host='v-class.gunadarma.ac.id', port=443): Max retries exceeded with url: /mod/quiz/view.php?id=1644539 (Caused by NameResolutionError("HTTPSConnection(host='v-class.gunadarma.ac.id', port=443): Failed to resolve 'v-class.gunadarma.ac.id' ([Errno -2] Name or service not known)"))
[2026-08-03 12:46:25] 📚 Mengambil mata kuliah ID 104413 ...
[2026-08-03 12:46:25]   ➤ ATA 2025/2026 | 3-FIKTI | Praktikum Terapan Teori Graf
[2026-08-03 12:46:25]      • [Materi] Panduan Praktikum  Forum → Deadline: -
[2026-08-03 12:46:29]      • [Materi] Panduan Google Collaboratory URL → Deadline: -
[2026-08-03 12:46:33]      • [Materi] Panduan Instalasi Anaconda URL → Deadline: -
[2026-08-03 12:46:42]      • [Quiz] Pre-Test (M1) → Deadline: Tidak diketahui
[2026-08-03 12:46:46]      • [Materi] 1.1  Pengantar: Teori Graf URL → Deadline: -
[2026-08-03 12:46:51]      • [Materi] 1.2  Sesi Hands-on Praktikum URL → Deadline: -
[2026-08-03 12:46:55]      • [Materi] 1.3 Tutorial Menambahkan File pada Mesin DGX URL → Deadline: -
[2026-08-03 12:47:10]      • [Quiz] Post-Test (M1) → Deadline: Tidak diketahui
[2026-08-03 12:47:15]      • [Assignment] Pengumpulan Tugas (M1) → Deadline: Saturday, 7 March 2026, 11:59 PM
[2026-08-03 12:47:19]      • [Quiz] Pre-Test (M2) → Deadline: Tidak diketahui
[2026-08-03 12:47:24]      • [Materi] 2.1  Pengantar: Berbagai Pemecahan Masalah Menggunakan Teori Graf Page → Deadline: -
[2026-08-03 12:47:28]      • [Quiz] Post-Test (M2) → Deadline: Tidak diketahui
[2026-08-03 12:47:33]      • [Assignment] Pengumpulan Tugas (M2) → Deadline: Saturday, 14 March 2026, 11:59 PM
[2026-08-03 12:47:37]      • [Quiz] Pre-Test (M4) → Deadline: Tidak diketahui
[2026-08-03 12:47:42]      • [Materi] 4.1  Pengantar: Breadth First Search URL → Deadline: -
[2026-08-03 12:47:46]      • [Materi] Sesi Praktikum File → Deadline: -
[2026-08-03 12:47:51]      • [Materi] Video Tutorial: Mendownload File IPYNB di Virtual Class URL → Deadline: -
[2026-08-03 12:48:01]      • [Quiz] Post-Test (M4) → Deadline: Tidak diketahui
[2026-08-03 12:48:04]      • [Assignment] Laporan Akhir (M4) → Deadline: Saturday, 11 April 2026, 11:59 PM
[2026-08-03 12:48:09]      • [Quiz] Pre-Test (M5) → Deadline: Tidak diketahui
[2026-08-03 12:48:14]      • [Materi] Sesi Praktikum URL → Deadline: -
[2026-08-03 12:48:18]      • [Quiz] Post-Test (M5) → Deadline: Tidak diketahui
[2026-08-03 12:48:22]      • [Assignment] Laporan Akhir (M5) → Deadline: Saturday, 18 April 2026, 11:59 PM
[2026-08-03 12:48:26]      • [Quiz] Pre-Test (M6) → Deadline: Tidak diketahui
[2026-08-03 12:48:31]      • [Materi] 6.1  Pendahuluan: Algoritma Dasar Tree URL → Deadline: -
[2026-08-03 12:48:35]      • [Materi] Sesi Praktikum File → Deadline: -
[2026-08-03 12:48:49]      • [Quiz] Post-Test (M6) → Deadline: Tidak diketahui
[2026-08-03 12:48:54]      • [Assignment] Laporan Akhir (M6) → Deadline: Saturday, 25 April 2026, 11:59 PM
[2026-08-03 12:48:58]      • [Quiz] Pre-Test (M8) → Deadline: Tidak diketahui
[2026-08-03 12:49:03]      • [Materi] 8.1  Pendahuluan: Implementasi Graph URL → Deadline: -
[2026-08-03 12:49:08]      • [Materi] Link File Praktikum I - family.pl → Deadline: -
[2026-08-03 12:49:12]      • [Materi] Link File Praktikum II - 8-puzzles.ipynb → Deadline: -
[2026-08-03 12:49:17]      • [Materi] Video Tutorial: Mendownload File IPYNB di Virtual Class URL → Deadline: -
[2026-08-03 12:49:22]      • [Quiz] Post-Test (M8) → Deadline: Tidak diketahui
[2026-08-03 12:49:27]      • [Assignment] Laporan Akhir (M8) → Deadline: Saturday, 9 May 2026, 11:59 PM
[2026-08-03 12:49:32]      • [Quiz] Pre-Test (M9) → Deadline: Tidak diketahui
[2026-08-03 12:49:35]      • [Materi] Sesi Hands-on Praktikum URL → Deadline: -
[2026-08-03 12:49:39]      • [Quiz] Post-Test (M9) → Deadline: Tidak diketahui
[2026-08-03 12:49:44]      • [Assignment] Pengumpulan Tugas (M9) → Deadline: Saturday, 16 May 2026, 11:59 PM
[2026-08-03 12:49:48]      • [Quiz] Pre-Test (M3) → Deadline: Tidak diketahui
[2026-08-03 12:49:52]      • [Materi] Sesi Praktikum URL → Deadline: -
[2026-08-03 12:49:56]      • [Materi] Video Tutorial: Menambahkan File pada Mesin DGX URL → Deadline: -
[2026-08-03 12:50:00]      • [Quiz] Post-Test (M3) → Deadline: Tidak diketahui
[2026-08-03 12:50:05]      • [Assignment] Pengumpulan Tugas (M3) → Deadline: Saturday, 23 May 2026, 11:59 PM
[2026-08-03 12:50:09]      • [Quiz] Pre-Test (M7) → Deadline: Tidak diketahui
[2026-08-03 12:50:14]      • [Materi] Link File Praktikum I - 3-Tekrek-Find-Center.ipynb → Deadline: -
[2026-08-03 12:50:18]      • [Materi] Link File Praktikum II - 3-Tekrek-Sortest-Path.ipynb → Deadline: -
[2026-08-03 12:50:22]      • [Materi] Video Tutorial: Mendownload File IPYNB di Virtual Class URL → Deadline: -
[2026-08-03 12:50:27]      • [Quiz] Post-Test (M7) → Deadline: Tidak diketahui
[2026-08-03 12:50:32]      • [Assignment] Laporan Akhir (M7) → Deadline: Saturday, 23 May 2026, 11:59 PM
[2026-08-03 12:50:36] 📦 Total tugas ditemukan: 116
[2026-08-03 12:50:36] 💾 Disimpan ke python/node/tugas.json
[2026-08-03 18:00:37] 🔐 Login ke V-Class...
[2026-08-03 18:00:37] ✅ Login berhasil
[2026-08-03 18:00:37] 📚 Mengambil mata kuliah ID 108486 ...
[2026-08-03 18:00:37]   ➤ ATA 2025/2026 | 3KB01 | Jaringan Komputer Lanjut | VIVIEN NOVA FITHRIANA
[2026-08-03 18:00:37]      • [Materi] Announcements Forum → Deadline: -
[2026-08-03 18:00:42]      • [Materi] M1 File → Deadline: -
[2026-08-03 18:00:46]      • [Materi] M2 File → Deadline: -
[2026-08-03 18:00:51]      • [Materi] M3 File → Deadline: -
[2026-08-03 18:00:55]      • [Materi] M4 File → Deadline: -
[2026-08-03 18:00:59]      • [Materi] M5 File → Deadline: -
[2026-08-03 18:01:04]      • [Materi] M6 File → Deadline: -
[2026-08-03 18:01:08]      • [Materi] M7 File → Deadline: -
[2026-08-03 18:01:12]      • [Materi] VC-1 : Traffic dan Algoritma Kendali Kemacetan File → Deadline: -
[2026-08-03 18:01:17]      • [Materi] VC-1 : Traffic dan Algoritma Kendali Kemacetan File → Deadline: -
[2026-08-03 18:01:21]      • [Materi] Forum VC-1 : Traffic dan Algoritma Kendali Kemacetan → Deadline: -
[2026-08-03 18:01:25]      • [Quiz] Latihan Soal VC-1 : Traffic dan Algoritma Kendali Kemacetan → Deadline: Tidak diketahui
[2026-08-03 18:01:30]      • [Materi] VC-2 : Traffic dan Algoritma Kendali Kemacetan - Bagian 2 File → Deadline: -
[2026-08-03 18:01:34]      • [Materi] Forum VC-2 : Traffic dan Algoritma Kendali Kemacetan - Bagian 2 → Deadline: -
[2026-08-03 18:01:39]      • [Quiz] Latihan Soal VC-2 : Traffic dan Algoritma Kendali Kemacetan - Bagian 2 → Deadline: Tidak diketahui
[2026-08-03 18:01:44]      • [Materi] VC-3 : Lapisan Transport File → Deadline: -
[2026-08-03 18:01:48]      • [Materi] Forum VC-3 : Lapisan Transport → Deadline: -
[2026-08-03 18:01:53]      • [Quiz] Latihan Soal VC-3 : Lapisan Transport → Deadline: Tidak diketahui
[2026-08-03 18:01:57] 📚 Mengambil mata kuliah ID 108172 ...
[2026-08-03 18:01:57]   ➤ ATA 2025/2026 | 3KB01 | Internet of Things (IoT) | PURNAWARMAN MUSA
[2026-08-03 18:01:57]      • [Materi] Announcements Forum → Deadline: -
[2026-08-03 18:02:02]      • [Materi] M6 File → Deadline: -
[2026-08-03 18:02:07]      • [Quiz] Soal (Tugas Individu) → Deadline: Tidak diketahui
[2026-08-03 18:02:12]      • [Quiz] Soal (Tugas Individu) → Deadline: Tidak diketahui
[2026-08-03 18:02:16] 📚 Mengambil mata kuliah ID 109563 ...
[2026-08-03 18:02:16]   ➤ ATA 2025/2026 | 3KB01 | Sistem Tertanam (Embedded) * | RIDHA ISKANDAR
[2026-08-03 18:02:16]      • [Materi] Selamat Datang di V-Class Sistem Tertanam (Embedded) Forum → Deadline: -
[2026-08-03 18:02:20]      • [Assignment] File 1 → Deadline: Sunday, 26 April 2026, 12:00 AM
[2026-08-03 18:02:23] 📚 Mengambil mata kuliah ID 109970 ...
[2026-08-03 18:02:24]   ➤ ATA 2025/2026 | 2EB10 | Bahasa Indonesia | MELANIAWATI
[2026-08-03 18:02:24] 📚 Mengambil mata kuliah ID 107919 ...
[2026-08-03 18:02:24]   ➤ ATA 2025/2026 | 3KB01 | Sistem Cerdas Lanjut | NUR SULTAN SALAHUDDIN
[2026-08-03 18:02:24]      • [Materi] Announcements Forum → Deadline: -
[2026-08-03 18:02:28]      • [Assignment] Sistem Kesehatan Cerdas → Deadline: Thursday, 21 May 2026, 12:00 AM
[2026-08-03 18:02:32]      • [Quiz] Sistem Kesehatan Cerdas → Deadline: Tidak diketahui
[2026-08-03 18:02:36]      • [Assignment] Sistem Industri Cerdas → Deadline: Monday, 20 July 2026, 12:00 AM
[2026-08-03 18:02:42]      • [Quiz] Sistem Industri Cerdas → Deadline: Tidak diketahui
[2026-08-03 18:02:46] 📚 Mengambil mata kuliah ID 107291 ...
[2026-08-03 18:02:46]   ➤ ATA 2025/2026 | 3KB01 | Pengantarmukaan Perif.Komputer * | FARID THALIB
[2026-08-03 18:02:46]      • [Materi] Announcements Forum → Deadline: -
[2026-08-03 18:02:50] 📚 Mengambil mata kuliah ID 104438 ...
[2026-08-03 18:02:51]   ➤ ATA 2025/2026 | 3-FIKTI | Terapan Teori Graf | TEAM TEACHING
[2026-08-03 18:02:51]      • [Materi] PEMBERITAHUAN UTS SUSULAN File → Deadline: -
[2026-08-03 18:02:55]      • [Materi] PEMBERITAHUAN PELAKSANAAN TEAM TEACHING TERAPAN TEORI GRAF Forum → Deadline: -
[2026-08-03 18:02:59]      • [Materi] M1: Pendahuluan Teori Graf File → Deadline: -
[2026-08-03 18:03:03]      • [Materi] Video Literasi M1: Pendahuluan Teori Graf URL → Deadline: -
[2026-08-03 18:03:08]      • [Quiz] Kuis M1 [kelas PAGI] → Deadline: Tidak diketahui
[2026-08-03 18:03:13]      • [Quiz] Kuis M1 [kelas MALAM] → Deadline: Tidak diketahui
[2026-08-03 18:03:17]      • [Materi] M2: Graf Tidak Berarah dan Graf Berbobot File → Deadline: -
[2026-08-03 18:03:21]      • [Materi] Video Literasi M2 : Graf Tidak Berarah dan Graf Berbobot URL → Deadline: -
[2026-08-03 18:03:25]      • [Quiz] Kuis M2 [KELAS PAGI] : Graf Tidak Berarah dan Graf Berbobot → Deadline: Tidak diketahui
[2026-08-03 18:03:29]      • [Quiz] Kuis M2 [KELAS MALAM] : Graf Tidak Berarah dan Graf Berbobot → Deadline: Tidak diketahui
[2026-08-03 18:03:34]      • [Materi] M4 : Aplikasi Teori Graf di Teknik Elektro File → Deadline: -
[2026-08-03 18:03:39]      • [Materi] Video Literasi M4 : Aplikasi Teori Graf di Teknik Elektro URL → Deadline: -
[2026-08-03 18:03:44]      • [Quiz] Kuis M4 [KELAS PAGI]: Aplikasi Teori Graf di Teknik Elektro → Deadline: Tidak diketahui
[2026-08-03 18:03:48]      • [Quiz] Kuis M4 [KELAS MALAM]: Aplikasi Teori Graf di Teknik Elektro → Deadline: Tidak diketahui
[2026-08-03 18:03:53]      • [Materi] M5 : Knowledge Graph dan Database Graph File → Deadline: -
[2026-08-03 18:03:57]      • [Materi] Video Literasi  M5 : Knowledge Graph dan Database Graph URL → Deadline: -
[2026-08-03 18:04:02]      • [Quiz] Kuis M5 [KELAS PAGI] : nowledge Graph dan Database Graph → Deadline: Tidak diketahui
[2026-08-03 18:04:07]      • [Quiz] Kuis M5 [KELAS MALAM] : Knowledge Graph dan Database Graph → Deadline: Tidak diketahui
[2026-08-03 18:04:12]      • [Materi] M6 : Graf Berarah dan Implementasinya File → Deadline: -
[2026-08-03 18:04:16]      • [Materi] Video Literasi M6 : Graf Berarah dan Implementasinya URL → Deadline: -
[2026-08-03 18:04:21]      • [Quiz] Kuis M6 [KELAS PAGI] : Graf Berarah dan Implementasinya → Deadline: Tidak diketahui
[2026-08-03 18:04:24]      • [Quiz] Kuis M6 [KELAS MALAM] : Graf Berarah dan Implementasinya → Deadline: Tidak diketahui
[2026-08-03 18:04:29]      • [Materi] M8 : Penerapan Teori Graf di Bidang Teknik Sipil File → Deadline: -
[2026-08-03 18:04:34]      • [Materi] Video Literasi M8 : Penerapan Teori Graf di Bidang Teknik Sipil URL → Deadline: -
[2026-08-03 18:04:39]      • [Quiz] Kuis M8 [KELAS PAGI] : Penerapan Teori Graf di Bidang Teknik Sipil → Deadline: Tidak diketahui
[2026-08-03 18:04:44]      • [Quiz] Kuis M8 [KELAS MALAM] : Penerapan Teori Graf di Bidang Teknik Sipil → Deadline: Tidak diketahui
[2026-08-03 18:04:48]      • [Materi] M10 : Penerapan Teori Graf  di Bidang Teknik Industri File → Deadline: -
[2026-08-03 18:04:53]      • [Materi] Video Literasi M10 : Penerapan Teori Graf  di Bidang Teknik Industri URL → Deadline: -
[2026-08-03 18:04:56]      • [Quiz] Kuis M10 [kelas pagi] : Penerapan Teori Graf  di Bidang Teknik Industri → Deadline: Tidak diketahui
[2026-08-03 18:05:01]      • [Quiz] Kuis M10 [kelas malam]: Penerapan Teori Graf  di Bidang Teknik Industri → Deadline: Tidak diketahui
[2026-08-03 18:05:05]      • [Materi] M11 : Program Dinamis dan Permasalahan Tata Letak Fasilitas File → Deadline: -
[2026-08-03 18:05:09]      • [Materi] video literasi : Program Dinamis dan Permasalahan Tata Letak Fasilitas URL → Deadline: -
[2026-08-03 18:05:14]      • [Quiz] Kuis M11 [kelas PAGI]: Program Dinamis dan Permasalahan Tata Letak Fasilitas → Deadline: Tidak diketahui
[2026-08-03 18:05:18]      • [Quiz] Kuis M11 [kelas MALAM]: Program Dinamis dan Permasalahan Tata Letak Fasilitas → Deadline: Tidak diketahui
[2026-08-03 18:05:22]      • [Materi] M12: Algoritma Greedy pada Graf File → Deadline: -
[2026-08-03 18:05:26]      • [Materi] Video literasi M12: Algoritma Greedy pada Graf URL → Deadline: -
[2026-08-03 18:05:30]      • [Quiz] Kuis M12 [kelas PAGI] → Deadline: Tidak diketahui
[2026-08-03 18:05:34]      • [Quiz] Kuis M12 [kelas MALAM] → Deadline: Tidak diketahui
[2026-08-03 18:05:38]      • [Materi] M13 File → Deadline: -
[2026-08-03 18:05:42]      • [Materi] Video Literasi M13 : Graph Theory Implementation in Oil Mining Company URL → Deadline: -
[2026-08-03 18:05:47]      • [Quiz] Kuis M13 [PAGI]: Graph Theory Implementation in Oil Mining Company → Deadline: Tidak diketahui
[2026-08-03 18:05:50]      • [Quiz] Kuis M13 [MALAM]: Graph Theory Implementation in Oil Mining Company → Deadline: Tidak diketahui
[2026-08-03 18:05:55]      • [Materi] M14 : Aplikasi Graf Lengkap sebagai Graf Representasi untuk Model Optimasi Rute Kendaraan File → Deadline: -
[2026-08-03 18:06:00]      • [Materi] Video Literasi : Aplikasi Graf Lengkap sebagai Graf Representasi untuk Model Optimasi Rute Kendaraan URL → Deadline: -
[2026-08-03 18:06:05]      • [Quiz] Kuis M14 [PAGI]: Aplikasi Graf Lengkap sebagai Graf Representasi untuk Model Optimasi Rute Kendaraan → Deadline: Tidak diketahui
[2026-08-03 18:06:10]      • [Quiz] Kuis M14 [MALAM]: Aplikasi Graf Lengkap sebagai Graf Representasi untuk Model Optimasi Rute Kendaraan → Deadline: Tidak diketahui
[2026-08-03 18:06:13] 📚 Mengambil mata kuliah ID 104413 ...
[2026-08-03 18:06:13]   ➤ ATA 2025/2026 | 3-FIKTI | Praktikum Terapan Teori Graf
[2026-08-03 18:06:13]      • [Materi] Panduan Praktikum  Forum → Deadline: -
[2026-08-03 18:06:17]      • [Materi] Panduan Google Collaboratory URL → Deadline: -
[2026-08-03 18:06:20]      • [Materi] Panduan Instalasi Anaconda URL → Deadline: -
[2026-08-03 18:06:25]      • [Quiz] Pre-Test (M1) → Deadline: Tidak diketahui
[2026-08-03 18:06:29]      • [Materi] 1.1  Pengantar: Teori Graf URL → Deadline: -
[2026-08-03 18:06:34]      • [Materi] 1.2  Sesi Hands-on Praktikum URL → Deadline: -
[2026-08-03 18:06:38]      • [Materi] 1.3 Tutorial Menambahkan File pada Mesin DGX URL → Deadline: -
[2026-08-03 18:06:43]      • [Quiz] Post-Test (M1) → Deadline: Tidak diketahui
[2026-08-03 18:06:48]      • [Assignment] Pengumpulan Tugas (M1) → Deadline: Saturday, 7 March 2026, 11:59 PM
[2026-08-03 18:06:53]      • [Quiz] Pre-Test (M2) → Deadline: Tidak diketahui
[2026-08-03 18:06:57]      • [Materi] 2.1  Pengantar: Berbagai Pemecahan Masalah Menggunakan Teori Graf Page → Deadline: -
[2026-08-03 18:07:01]      • [Quiz] Post-Test (M2) → Deadline: Tidak diketahui
[2026-08-03 18:07:06]      • [Assignment] Pengumpulan Tugas (M2) → Deadline: Saturday, 14 March 2026, 11:59 PM
[2026-08-03 18:07:10]      • [Quiz] Pre-Test (M4) → Deadline: Tidak diketahui
[2026-08-03 18:07:14]      • [Materi] 4.1  Pengantar: Breadth First Search URL → Deadline: -
[2026-08-03 18:07:19]      • [Materi] Sesi Praktikum File → Deadline: -
[2026-08-03 18:07:24]      • [Materi] Video Tutorial: Mendownload File IPYNB di Virtual Class URL → Deadline: -
[2026-08-03 18:07:28]      • [Quiz] Post-Test (M4) → Deadline: Tidak diketahui
[2026-08-03 18:07:32]      • [Assignment] Laporan Akhir (M4) → Deadline: Saturday, 11 April 2026, 11:59 PM
[2026-08-03 18:07:36]      • [Quiz] Pre-Test (M5) → Deadline: Tidak diketahui
[2026-08-03 18:07:41]      • [Materi] Sesi Praktikum URL → Deadline: -
[2026-08-03 18:07:46]      • [Quiz] Post-Test (M5) → Deadline: Tidak diketahui
[2026-08-03 18:07:50]      • [Assignment] Laporan Akhir (M5) → Deadline: Saturday, 18 April 2026, 11:59 PM
[2026-08-03 18:07:54]      • [Quiz] Pre-Test (M6) → Deadline: Tidak diketahui
[2026-08-03 18:07:59]      • [Materi] 6.1  Pendahuluan: Algoritma Dasar Tree URL → Deadline: -
[2026-08-03 18:08:03]      • [Materi] Sesi Praktikum File → Deadline: -
[2026-08-03 18:08:07]      • [Quiz] Post-Test (M6) → Deadline: Tidak diketahui
[2026-08-03 18:08:12]      • [Assignment] Laporan Akhir (M6) → Deadline: Saturday, 25 April 2026, 11:59 PM
[2026-08-03 18:08:17]      • [Quiz] Pre-Test (M8) → Deadline: Tidak diketahui
[2026-08-03 18:08:21]      • [Materi] 8.1  Pendahuluan: Implementasi Graph URL → Deadline: -
[2026-08-03 18:08:25]      • [Materi] Link File Praktikum I - family.pl → Deadline: -
[2026-08-03 18:08:29]      • [Materi] Link File Praktikum II - 8-puzzles.ipynb → Deadline: -
[2026-08-03 18:08:34]      • [Materi] Video Tutorial: Mendownload File IPYNB di Virtual Class URL → Deadline: -
[2026-08-03 18:08:38]      • [Quiz] Post-Test (M8) → Deadline: Tidak diketahui
[2026-08-03 18:08:41]      • [Assignment] Laporan Akhir (M8) → Deadline: Saturday, 9 May 2026, 11:59 PM
[2026-08-03 18:08:46]      • [Quiz] Pre-Test (M9) → Deadline: Tidak diketahui
[2026-08-03 18:08:50]      • [Materi] Sesi Hands-on Praktikum URL → Deadline: -
[2026-08-03 18:08:54]      • [Quiz] Post-Test (M9) → Deadline: Tidak diketahui
[2026-08-03 18:08:58]      • [Assignment] Pengumpulan Tugas (M9) → Deadline: Saturday, 16 May 2026, 11:59 PM
[2026-08-03 18:09:03]      • [Quiz] Pre-Test (M3) → Deadline: Tidak diketahui
[2026-08-03 18:09:07]      • [Materi] Sesi Praktikum URL → Deadline: -
[2026-08-03 18:09:11]      • [Materi] Video Tutorial: Menambahkan File pada Mesin DGX URL → Deadline: -
[2026-08-03 18:09:15]      • [Quiz] Post-Test (M3) → Deadline: Tidak diketahui
[2026-08-03 18:09:20]      • [Assignment] Pengumpulan Tugas (M3) → Deadline: Saturday, 23 May 2026, 11:59 PM
[2026-08-03 18:09:25]      • [Quiz] Pre-Test (M7) → Deadline: Tidak diketahui
[2026-08-03 18:09:29]      • [Materi] Link File Praktikum I - 3-Tekrek-Find-Center.ipynb → Deadline: -
[2026-08-03 18:09:33]      • [Materi] Link File Praktikum II - 3-Tekrek-Sortest-Path.ipynb → Deadline: -
[2026-08-03 18:09:37]      • [Materi] Video Tutorial: Mendownload File IPYNB di Virtual Class URL → Deadline: -
[2026-08-03 18:09:42]      • [Quiz] Post-Test (M7) → Deadline: Tidak diketahui
[2026-08-03 18:09:47]      • [Assignment] Laporan Akhir (M7) → Deadline: Saturday, 23 May 2026, 11:59 PM
[2026-08-03 18:09:51] 📦 Total tugas ditemukan: 126
[2026-08-03 18:09:51] 💾 Disimpan ke python/node/tugas.json
