[2026-08-05 09:45:19] 🔐 Login ke V-Class...
[2026-08-05 09:45:19] ✅ Login berhasil
[2026-08-05 09:45:19] 📚 Mengambil mata kuliah ID 108486 ...
[2026-08-05 09:45:19]   ➤ ATA 2025/2026 | 3KB01 | Jaringan Komputer Lanjut | VIVIEN NOVA FITHRIANA
[2026-08-05 09:45:19]      • [Materi] Announcements Forum → Deadline: -
[2026-08-05 09:45:23]      • [Materi] M1 File → Deadline: -
[2026-08-05 09:45:27]      • [Materi] M2 File → Deadline: -
[2026-08-05 09:45:31]      • [Materi] M3 File → Deadline: -
[2026-08-05 09:45:35]      • [Materi] M4 File → Deadline: -
[2026-08-05 09:45:38]      • [Materi] M5 File → Deadline: -
[2026-08-05 09:45:42]      • [Materi] M6 File → Deadline: -
[2026-08-05 09:45:46]      • [Materi] M7 File → Deadline: -
[2026-08-05 09:45:50]      • [Materi] VC-1 : Traffic dan Algoritma Kendali Kemacetan File → Deadline: -
[2026-08-05 09:45:54]      • [Materi] VC-1 : Traffic dan Algoritma Kendali Kemacetan File → Deadline: -
[2026-08-05 09:45:58]      • [Materi] Forum VC-1 : Traffic dan Algoritma Kendali Kemacetan → Deadline: -
[2026-08-05 09:46:02]      • [Quiz] Latihan Soal VC-1 : Traffic dan Algoritma Kendali Kemacetan → Deadline: Tidak diketahui
[2026-08-05 09:46:06]      • [Materi] VC-2 : Traffic dan Algoritma Kendali Kemacetan - Bagian 2 File → Deadline: -
[2026-08-05 09:46:11]      • [Materi] Forum VC-2 : Traffic dan Algoritma Kendali Kemacetan - Bagian 2 → Deadline: -
[2026-08-05 09:46:35]      • [Quiz] Latihan Soal VC-2 : Traffic dan Algoritma Kendali Kemacetan - Bagian 2 → Deadline: Tidak diketahui
[2026-08-05 09:46:39]      • [Materi] VC-3 : Lapisan Transport File → Deadline: -
[2026-08-05 09:46:43]      • [Materi] Forum VC-3 : Lapisan Transport → Deadline: -
[2026-08-05 09:46:47]      • [Quiz] Latihan Soal VC-3 : Lapisan Transport → Deadline: Tidak diketahui
[2026-08-05 09:46:51] 📚 Mengambil mata kuliah ID 108172 ...
[2026-08-05 09:46:52]   ➤ ATA 2025/2026 | 3KB01 | Internet of Things (IoT) | PURNAWARMAN MUSA
[2026-08-05 09:46:52]      • [Materi] Announcements Forum → Deadline: -
[2026-08-05 09:46:56]      • [Materi] M6 File → Deadline: -
[2026-08-05 09:47:01]      • [Quiz] Soal (Tugas Individu) → Deadline: Tidak diketahui
[2026-08-05 09:47:05]      • [Quiz] Soal (Tugas Individu) → Deadline: Tidak diketahui
[2026-08-05 09:47:10] 📚 Mengambil mata kuliah ID 109563 ...
[2026-08-05 09:47:10]   ➤ ATA 2025/2026 | 3KB01 | Sistem Tertanam (Embedded) * | RIDHA ISKANDAR
[2026-08-05 09:47:10]      • [Materi] Selamat Datang di V-Class Sistem Tertanam (Embedded) Forum → Deadline: -
[2026-08-05 09:47:15]      • [Assignment] File 1 → Deadline: Sunday, 26 April 2026, 12:00 AM
[2026-08-05 09:47:18] 📚 Mengambil mata kuliah ID 109970 ...
[2026-08-05 09:47:19]   ➤ ATA 2025/2026 | 2EB10 | Bahasa Indonesia | MELANIAWATI
[2026-08-05 09:47:19] 📚 Mengambil mata kuliah ID 107919 ...
[2026-08-05 09:47:19]   ➤ ATA 2025/2026 | 3KB01 | Sistem Cerdas Lanjut | NUR SULTAN SALAHUDDIN
[2026-08-05 09:47:19]      • [Materi] Announcements Forum → Deadline: -
[2026-08-05 09:47:23]      • [Assignment] Sistem Kesehatan Cerdas → Deadline: Thursday, 21 May 2026, 12:00 AM
[2026-08-05 09:47:28]      • [Quiz] Sistem Kesehatan Cerdas → Deadline: Tidak diketahui
[2026-08-05 09:47:33]      • [Assignment] Sistem Industri Cerdas → Deadline: Monday, 20 July 2026, 12:00 AM
[2026-08-05 09:47:37]      • [Quiz] Sistem Industri Cerdas → Deadline: Tidak diketahui
[2026-08-05 09:47:41] 📚 Mengambil mata kuliah ID 107291 ...
[2026-08-05 09:47:41]   ➤ ATA 2025/2026 | 3KB01 | Pengantarmukaan Perif.Komputer * | FARID THALIB
[2026-08-05 09:47:41]      • [Materi] Announcements Forum → Deadline: -
[2026-08-05 09:47:45] 📚 Mengambil mata kuliah ID 104438 ...
[2026-08-05 09:47:46]   ➤ ATA 2025/2026 | 3-FIKTI | Terapan Teori Graf | TEAM TEACHING
[2026-08-05 09:47:46]      • [Materi] PEMBERITAHUAN UTS SUSULAN File → Deadline: -
[2026-08-05 09:47:51]      • [Materi] PEMBERITAHUAN PELAKSANAAN TEAM TEACHING TERAPAN TEORI GRAF Forum → Deadline: -
[2026-08-05 09:47:55]      • [Materi] M1: Pendahuluan Teori Graf File → Deadline: -
[2026-08-05 09:47:59]      • [Materi] Video Literasi M1: Pendahuluan Teori Graf URL → Deadline: -
[2026-08-05 09:48:04]      • [Quiz] Kuis M1 [kelas PAGI] → Deadline: Tidak diketahui
[2026-08-05 09:48:08]      • [Quiz] Kuis M1 [kelas MALAM] → Deadline: Tidak diketahui
[2026-08-05 09:48:11]      • [Materi] M2: Graf Tidak Berarah dan Graf Berbobot File → Deadline: -
[2026-08-05 09:48:16]      • [Materi] Video Literasi M2 : Graf Tidak Berarah dan Graf Berbobot URL → Deadline: -
[2026-08-05 09:48:21]      • [Quiz] Kuis M2 [KELAS PAGI] : Graf Tidak Berarah dan Graf Berbobot → Deadline: Tidak diketahui
[2026-08-05 09:48:25]      • [Quiz] Kuis M2 [KELAS MALAM] : Graf Tidak Berarah dan Graf Berbobot → Deadline: Tidak diketahui
[2026-08-05 09:48:29]      • [Materi] M4 : Aplikasi Teori Graf di Teknik Elektro File → Deadline: -
[2026-08-05 09:48:34]      • [Materi] Video Literasi M4 : Aplikasi Teori Graf di Teknik Elektro URL → Deadline: -
[2026-08-05 09:48:43]      • [Quiz] Kuis M4 [KELAS PAGI]: Aplikasi Teori Graf di Teknik Elektro → Deadline: Tidak diketahui
[2026-08-05 09:48:47]      • [Quiz] Kuis M4 [KELAS MALAM]: Aplikasi Teori Graf di Teknik Elektro → Deadline: Tidak diketahui
[2026-08-05 09:48:51]      • [Materi] M5 : Knowledge Graph dan Database Graph File → Deadline: -
[2026-08-05 09:48:55]      • [Materi] Video Literasi  M5 : Knowledge Graph dan Database Graph URL → Deadline: -
[2026-08-05 09:49:04]      • [Quiz] Kuis M5 [KELAS PAGI] : nowledge Graph dan Database Graph → Deadline: Tidak diketahui
[2026-08-05 09:49:08]      • [Quiz] Kuis M5 [KELAS MALAM] : Knowledge Graph dan Database Graph → Deadline: Tidak diketahui
[2026-08-05 09:49:13]      • [Materi] M6 : Graf Berarah dan Implementasinya File → Deadline: -
[2026-08-05 09:49:18]      • [Materi] Video Literasi M6 : Graf Berarah dan Implementasinya URL → Deadline: -
[2026-08-05 09:49:23]      • [Quiz] Kuis M6 [KELAS PAGI] : Graf Berarah dan Implementasinya → Deadline: Tidak diketahui
[2026-08-05 09:49:27]      • [Quiz] Kuis M6 [KELAS MALAM] : Graf Berarah dan Implementasinya → Deadline: Tidak diketahui
[2026-08-05 09:49:31]      • [Materi] M8 : Penerapan Teori Graf di Bidang Teknik Sipil File → Deadline: -
[2026-08-05 09:49:35]      • [Materi] Video Literasi M8 : Penerapan Teori Graf di Bidang Teknik Sipil URL → Deadline: -
[2026-08-05 09:49:39]      • [Quiz] Kuis M8 [KELAS PAGI] : Penerapan Teori Graf di Bidang Teknik Sipil → Deadline: Tidak diketahui
[2026-08-05 09:49:43]      • [Quiz] Kuis M8 [KELAS MALAM] : Penerapan Teori Graf di Bidang Teknik Sipil → Deadline: Tidak diketahui
[2026-08-05 09:49:48]      • [Materi] M10 : Penerapan Teori Graf  di Bidang Teknik Industri File → Deadline: -
[2026-08-05 09:49:52]      • [Materi] Video Literasi M10 : Penerapan Teori Graf  di Bidang Teknik Industri URL → Deadline: -
[2026-08-05 09:50:12]      • [Quiz] Kuis M10 [kelas pagi] : Penerapan Teori Graf  di Bidang Teknik Industri → Deadline: Tidak diketahui
[2026-08-05 09:50:16]      • [Quiz] Kuis M10 [kelas malam]: Penerapan Teori Graf  di Bidang Teknik Industri → Deadline: Tidak diketahui
[2026-08-05 09:50:21]      • [Materi] M11 : Program Dinamis dan Permasalahan Tata Letak Fasilitas File → Deadline: -
[2026-08-05 09:50:26]      • [Materi] video literasi : Program Dinamis dan Permasalahan Tata Letak Fasilitas URL → Deadline: -
[2026-08-05 09:50:31]      • [Quiz] Kuis M11 [kelas PAGI]: Program Dinamis dan Permasalahan Tata Letak Fasilitas → Deadline: Tidak diketahui
[2026-08-05 09:50:35]      • [Quiz] Kuis M11 [kelas MALAM]: Program Dinamis dan Permasalahan Tata Letak Fasilitas → Deadline: Tidak diketahui
[2026-08-05 09:50:40]      • [Materi] M12: Algoritma Greedy pada Graf File → Deadline: -
[2026-08-05 09:50:44]      • [Materi] Video literasi M12: Algoritma Greedy pada Graf URL → Deadline: -
[2026-08-05 09:50:48]      • [Quiz] Kuis M12 [kelas PAGI] → Deadline: Tidak diketahui
[2026-08-05 09:50:53]      • [Quiz] Kuis M12 [kelas MALAM] → Deadline: Tidak diketahui
[2026-08-05 09:50:57]      • [Materi] M13 File → Deadline: -
[2026-08-05 09:51:01]      • [Materi] Video Literasi M13 : Graph Theory Implementation in Oil Mining Company URL → Deadline: -
[2026-08-05 09:51:06]      • [Quiz] Kuis M13 [PAGI]: Graph Theory Implementation in Oil Mining Company → Deadline: Tidak diketahui
[2026-08-05 09:51:11]      • [Quiz] Kuis M13 [MALAM]: Graph Theory Implementation in Oil Mining Company → Deadline: Tidak diketahui
[2026-08-05 09:51:15]      • [Materi] M14 : Aplikasi Graf Lengkap sebagai Graf Representasi untuk Model Optimasi Rute Kendaraan File → Deadline: -
[2026-08-05 09:51:19]      • [Materi] Video Literasi : Aplikasi Graf Lengkap sebagai Graf Representasi untuk Model Optimasi Rute Kendaraan URL → Deadline: -
[2026-08-05 09:51:24]      • [Quiz] Kuis M14 [PAGI]: Aplikasi Graf Lengkap sebagai Graf Representasi untuk Model Optimasi Rute Kendaraan → Deadline: Tidak diketahui
[2026-08-05 09:51:28]      • [Quiz] Kuis M14 [MALAM]: Aplikasi Graf Lengkap sebagai Graf Representasi untuk Model Optimasi Rute Kendaraan → Deadline: Tidak diketahui
[2026-08-05 09:51:33] 📚 Mengambil mata kuliah ID 104413 ...
[2026-08-05 09:51:33]   ➤ ATA 2025/2026 | 3-FIKTI | Praktikum Terapan Teori Graf
[2026-08-05 09:51:33]      • [Materi] Panduan Praktikum  Forum → Deadline: -
[2026-08-05 09:51:37]      • [Materi] Panduan Google Collaboratory URL → Deadline: -
[2026-08-05 09:51:41]      • [Materi] Panduan Instalasi Anaconda URL → Deadline: -
[2026-08-05 09:51:45]      • [Quiz] Pre-Test (M1) → Deadline: Tidak diketahui
[2026-08-05 09:51:49]      • [Materi] 1.1  Pengantar: Teori Graf URL → Deadline: -
[2026-08-05 09:51:53]      • [Materi] 1.2  Sesi Hands-on Praktikum URL → Deadline: -
[2026-08-05 09:51:57]      • [Materi] 1.3 Tutorial Menambahkan File pada Mesin DGX URL → Deadline: -
[2026-08-05 09:52:02]      • [Quiz] Post-Test (M1) → Deadline: Tidak diketahui
[2026-08-05 09:52:06]      • [Assignment] Pengumpulan Tugas (M1) → Deadline: Saturday, 7 March 2026, 11:59 PM
[2026-08-05 09:52:10]      • [Quiz] Pre-Test (M2) → Deadline: Tidak diketahui
[2026-08-05 09:52:14]      • [Materi] 2.1  Pengantar: Berbagai Pemecahan Masalah Menggunakan Teori Graf Page → Deadline: -
[2026-08-05 09:52:19]      • [Quiz] Post-Test (M2) → Deadline: Tidak diketahui
[2026-08-05 09:52:23]      • [Assignment] Pengumpulan Tugas (M2) → Deadline: Saturday, 14 March 2026, 11:59 PM
[2026-08-05 09:52:27]      • [Quiz] Pre-Test (M4) → Deadline: Tidak diketahui
[2026-08-05 09:52:31]      • [Materi] 4.1  Pengantar: Breadth First Search URL → Deadline: -
[2026-08-05 09:52:35]      • [Materi] Sesi Praktikum File → Deadline: -
[2026-08-05 09:52:39]      • [Materi] Video Tutorial: Mendownload File IPYNB di Virtual Class URL → Deadline: -
[2026-08-05 09:52:43]      • [Quiz] Post-Test (M4) → Deadline: Tidak diketahui
[2026-08-05 09:52:47]      • [Assignment] Laporan Akhir (M4) → Deadline: Saturday, 11 April 2026, 11:59 PM
[2026-08-05 09:52:51]      • [Quiz] Pre-Test (M5) → Deadline: Tidak diketahui
[2026-08-05 09:52:56]      • [Materi] Sesi Praktikum URL → Deadline: -
[2026-08-05 09:53:00]      • [Quiz] Post-Test (M5) → Deadline: Tidak diketahui
[2026-08-05 09:53:04]      • [Assignment] Laporan Akhir (M5) → Deadline: Saturday, 18 April 2026, 11:59 PM
[2026-08-05 09:53:09]      • [Quiz] Pre-Test (M6) → Deadline: Tidak diketahui
[2026-08-05 09:53:13]      • [Materi] 6.1  Pendahuluan: Algoritma Dasar Tree URL → Deadline: -
[2026-08-05 09:53:16]      • [Materi] Sesi Praktikum File → Deadline: -
[2026-08-05 09:53:21]      • [Quiz] Post-Test (M6) → Deadline: Tidak diketahui
[2026-08-05 09:53:25]      • [Assignment] Laporan Akhir (M6) → Deadline: Saturday, 25 April 2026, 11:59 PM
[2026-08-05 09:53:30]      • [Quiz] Pre-Test (M8) → Deadline: Tidak diketahui
[2026-08-05 09:53:34]      • [Materi] 8.1  Pendahuluan: Implementasi Graph URL → Deadline: -
[2026-08-05 09:53:38]      • [Materi] Link File Praktikum I - family.pl → Deadline: -
[2026-08-05 09:53:43]      • [Materi] Link File Praktikum II - 8-puzzles.ipynb → Deadline: -
[2026-08-05 09:53:46]      • [Materi] Video Tutorial: Mendownload File IPYNB di Virtual Class URL → Deadline: -
[2026-08-05 09:53:50]      • [Quiz] Post-Test (M8) → Deadline: Tidak diketahui
[2026-08-05 09:53:55]      • [Assignment] Laporan Akhir (M8) → Deadline: Saturday, 9 May 2026, 11:59 PM
[2026-08-05 09:53:59]      • [Quiz] Pre-Test (M9) → Deadline: Tidak diketahui
[2026-08-05 09:54:03]      • [Materi] Sesi Hands-on Praktikum URL → Deadline: -
[2026-08-05 09:54:07]      • [Quiz] Post-Test (M9) → Deadline: Tidak diketahui
[2026-08-05 09:54:11]      • [Assignment] Pengumpulan Tugas (M9) → Deadline: Saturday, 16 May 2026, 11:59 PM
[2026-08-05 09:54:16]      • [Quiz] Pre-Test (M3) → Deadline: Tidak diketahui
[2026-08-05 09:54:21]      • [Materi] Sesi Praktikum URL → Deadline: -
[2026-08-05 09:54:24]      • [Materi] Video Tutorial: Menambahkan File pada Mesin DGX URL → Deadline: -
[2026-08-05 09:54:29]      • [Quiz] Post-Test (M3) → Deadline: Tidak diketahui
[2026-08-05 09:54:34]      • [Assignment] Pengumpulan Tugas (M3) → Deadline: Saturday, 23 May 2026, 11:59 PM
[2026-08-05 09:54:38]      • [Quiz] Pre-Test (M7) → Deadline: Tidak diketahui
[2026-08-05 09:54:42]      • [Materi] Link File Praktikum I - 3-Tekrek-Find-Center.ipynb → Deadline: -
[2026-08-05 09:54:45]      • [Materi] Link File Praktikum II - 3-Tekrek-Sortest-Path.ipynb → Deadline: -
[2026-08-05 09:54:50]      • [Materi] Video Tutorial: Mendownload File IPYNB di Virtual Class URL → Deadline: -
[2026-08-05 09:54:54]      • [Quiz] Post-Test (M7) → Deadline: Tidak diketahui
[2026-08-05 09:54:59]      • [Assignment] Laporan Akhir (M7) → Deadline: Saturday, 23 May 2026, 11:59 PM
[2026-08-05 09:55:03] 📦 Total tugas ditemukan: 126
[2026-08-05 09:55:03] 💾 Disimpan ke python/node/tugas.json
[2026-08-05 18:00:04] 🔐 Login ke V-Class...
[2026-08-05 18:00:04] ✅ Login berhasil
[2026-08-05 18:00:04] 📚 Mengambil mata kuliah ID 108486 ...
[2026-08-05 18:00:04]   ➤ ATA 2025/2026 | 3KB01 | Jaringan Komputer Lanjut | VIVIEN NOVA FITHRIANA
[2026-08-05 18:00:04]      • [Materi] Announcements Forum → Deadline: -
[2026-08-05 18:00:08]      • [Materi] M1 File → Deadline: -
[2026-08-05 18:00:12]      • [Materi] M2 File → Deadline: -
[2026-08-05 18:00:17]      • [Materi] M3 File → Deadline: -
[2026-08-05 18:00:21]      • [Materi] M4 File → Deadline: -
[2026-08-05 18:00:26]      • [Materi] M5 File → Deadline: -
[2026-08-05 18:00:30]      • [Materi] M6 File → Deadline: -
[2026-08-05 18:00:34]      • [Materi] M7 File → Deadline: -
[2026-08-05 18:00:38]      • [Materi] VC-1 : Traffic dan Algoritma Kendali Kemacetan File → Deadline: -
[2026-08-05 18:00:43]      • [Materi] VC-1 : Traffic dan Algoritma Kendali Kemacetan File → Deadline: -
[2026-08-05 18:00:47]      • [Materi] Forum VC-1 : Traffic dan Algoritma Kendali Kemacetan → Deadline: -
[2026-08-05 18:00:52]      • [Quiz] Latihan Soal VC-1 : Traffic dan Algoritma Kendali Kemacetan → Deadline: Tidak diketahui
[2026-08-05 18:00:56]      • [Materi] VC-2 : Traffic dan Algoritma Kendali Kemacetan - Bagian 2 File → Deadline: -
[2026-08-05 18:01:00]      • [Materi] Forum VC-2 : Traffic dan Algoritma Kendali Kemacetan - Bagian 2 → Deadline: -
[2026-08-05 18:01:05]      • [Quiz] Latihan Soal VC-2 : Traffic dan Algoritma Kendali Kemacetan - Bagian 2 → Deadline: Tidak diketahui
[2026-08-05 18:01:09]      • [Materi] VC-3 : Lapisan Transport File → Deadline: -
[2026-08-05 18:01:14]      • [Materi] Forum VC-3 : Lapisan Transport → Deadline: -
[2026-08-05 18:01:19]      • [Quiz] Latihan Soal VC-3 : Lapisan Transport → Deadline: Tidak diketahui
[2026-08-05 18:01:23] 📚 Mengambil mata kuliah ID 108172 ...
[2026-08-05 18:01:23]   ➤ ATA 2025/2026 | 3KB01 | Internet of Things (IoT) | PURNAWARMAN MUSA
[2026-08-05 18:01:23]      • [Materi] Announcements Forum → Deadline: -
[2026-08-05 18:01:27]      • [Materi] M6 File → Deadline: -
[2026-08-05 18:01:31]      • [Quiz] Soal (Tugas Individu) → Deadline: Tidak diketahui
[2026-08-05 18:01:35]      • [Quiz] Soal (Tugas Individu) → Deadline: Tidak diketahui
[2026-08-05 18:01:40] 📚 Mengambil mata kuliah ID 109563 ...
[2026-08-05 18:01:40]   ➤ ATA 2025/2026 | 3KB01 | Sistem Tertanam (Embedded) * | RIDHA ISKANDAR
[2026-08-05 18:01:40]      • [Materi] Selamat Datang di V-Class Sistem Tertanam (Embedded) Forum → Deadline: -
[2026-08-05 18:01:44]      • [Assignment] File 1 → Deadline: Sunday, 26 April 2026, 12:00 AM
[2026-08-05 18:01:49] 📚 Mengambil mata kuliah ID 109970 ...
[2026-08-05 18:01:49]   ➤ ATA 2025/2026 | 2EB10 | Bahasa Indonesia | MELANIAWATI
[2026-08-05 18:01:49] 📚 Mengambil mata kuliah ID 107919 ...
[2026-08-05 18:01:49]   ➤ ATA 2025/2026 | 3KB01 | Sistem Cerdas Lanjut | NUR SULTAN SALAHUDDIN
[2026-08-05 18:01:49]      • [Materi] Announcements Forum → Deadline: -
[2026-08-05 18:01:53]      • [Assignment] Sistem Kesehatan Cerdas → Deadline: Thursday, 21 May 2026, 12:00 AM
[2026-08-05 18:01:58]      • [Quiz] Sistem Kesehatan Cerdas → Deadline: Tidak diketahui
[2026-08-05 18:02:03]      • [Assignment] Sistem Industri Cerdas → Deadline: Monday, 20 July 2026, 12:00 AM
[2026-08-05 18:02:07]      • [Quiz] Sistem Industri Cerdas → Deadline: Tidak diketahui
[2026-08-05 18:02:12] 📚 Mengambil mata kuliah ID 107291 ...
[2026-08-05 18:02:12]   ➤ ATA 2025/2026 | 3KB01 | Pengantarmukaan Perif.Komputer * | FARID THALIB
[2026-08-05 18:02:12]      • [Materi] Announcements Forum → Deadline: -
[2026-08-05 18:02:17] 📚 Mengambil mata kuliah ID 104438 ...
[2026-08-05 18:02:17]   ➤ ATA 2025/2026 | 3-FIKTI | Terapan Teori Graf | TEAM TEACHING
[2026-08-05 18:02:17]      • [Materi] PEMBERITAHUAN UTS SUSULAN File → Deadline: -
[2026-08-05 18:02:21]      • [Materi] PEMBERITAHUAN PELAKSANAAN TEAM TEACHING TERAPAN TEORI GRAF Forum → Deadline: -
[2026-08-05 18:02:25]      • [Materi] M1: Pendahuluan Teori Graf File → Deadline: -
[2026-08-05 18:02:29]      • [Materi] Video Literasi M1: Pendahuluan Teori Graf URL → Deadline: -
[2026-08-05 18:02:34]      • [Quiz] Kuis M1 [kelas PAGI] → Deadline: Tidak diketahui
[2026-08-05 18:02:39]      • [Quiz] Kuis M1 [kelas MALAM] → Deadline: Tidak diketahui
[2026-08-05 18:02:43]      • [Materi] M2: Graf Tidak Berarah dan Graf Berbobot File → Deadline: -
[2026-08-05 18:02:47]      • [Materi] Video Literasi M2 : Graf Tidak Berarah dan Graf Berbobot URL → Deadline: -
[2026-08-05 18:02:51]      • [Quiz] Kuis M2 [KELAS PAGI] : Graf Tidak Berarah dan Graf Berbobot → Deadline: Tidak diketahui
[2026-08-05 18:02:55]      • [Quiz] Kuis M2 [KELAS MALAM] : Graf Tidak Berarah dan Graf Berbobot → Deadline: Tidak diketahui
[2026-08-05 18:02:59]      • [Materi] M4 : Aplikasi Teori Graf di Teknik Elektro File → Deadline: -
[2026-08-05 18:03:03]      • [Materi] Video Literasi M4 : Aplikasi Teori Graf di Teknik Elektro URL → Deadline: -
[2026-08-05 18:03:07]      • [Quiz] Kuis M4 [KELAS PAGI]: Aplikasi Teori Graf di Teknik Elektro → Deadline: Tidak diketahui
[2026-08-05 18:03:12]      • [Quiz] Kuis M4 [KELAS MALAM]: Aplikasi Teori Graf di Teknik Elektro → Deadline: Tidak diketahui
[2026-08-05 18:03:16]      • [Materi] M5 : Knowledge Graph dan Database Graph File → Deadline: -
[2026-08-05 18:03:20]      • [Materi] Video Literasi  M5 : Knowledge Graph dan Database Graph URL → Deadline: -
[2026-08-05 18:03:24]      • [Quiz] Kuis M5 [KELAS PAGI] : nowledge Graph dan Database Graph → Deadline: Tidak diketahui
[2026-08-05 18:03:28]      • [Quiz] Kuis M5 [KELAS MALAM] : Knowledge Graph dan Database Graph → Deadline: Tidak diketahui
[2026-08-05 18:03:33]      • [Materi] M6 : Graf Berarah dan Implementasinya File → Deadline: -
[2026-08-05 18:03:37]      • [Materi] Video Literasi M6 : Graf Berarah dan Implementasinya URL → Deadline: -
[2026-08-05 18:03:42]      • [Quiz] Kuis M6 [KELAS PAGI] : Graf Berarah dan Implementasinya → Deadline: Tidak diketahui
[2026-08-05 18:03:47]      • [Quiz] Kuis M6 [KELAS MALAM] : Graf Berarah dan Implementasinya → Deadline: Tidak diketahui
[2026-08-05 18:03:51]      • [Materi] M8 : Penerapan Teori Graf di Bidang Teknik Sipil File → Deadline: -
[2026-08-05 18:03:55]      • [Materi] Video Literasi M8 : Penerapan Teori Graf di Bidang Teknik Sipil URL → Deadline: -
[2026-08-05 18:03:59]      • [Quiz] Kuis M8 [KELAS PAGI] : Penerapan Teori Graf di Bidang Teknik Sipil → Deadline: Tidak diketahui
[2026-08-05 18:04:03]      • [Quiz] Kuis M8 [KELAS MALAM] : Penerapan Teori Graf di Bidang Teknik Sipil → Deadline: Tidak diketahui
[2026-08-05 18:04:08]      • [Materi] M10 : Penerapan Teori Graf  di Bidang Teknik Industri File → Deadline: -
[2026-08-05 18:04:12]      • [Materi] Video Literasi M10 : Penerapan Teori Graf  di Bidang Teknik Industri URL → Deadline: -
[2026-08-05 18:04:16]      • [Quiz] Kuis M10 [kelas pagi] : Penerapan Teori Graf  di Bidang Teknik Industri → Deadline: Tidak diketahui
[2026-08-05 18:04:20]      • [Quiz] Kuis M10 [kelas malam]: Penerapan Teori Graf  di Bidang Teknik Industri → Deadline: Tidak diketahui
[2026-08-05 18:04:25]      • [Materi] M11 : Program Dinamis dan Permasalahan Tata Letak Fasilitas File → Deadline: -
[2026-08-05 18:04:30]      • [Materi] video literasi : Program Dinamis dan Permasalahan Tata Letak Fasilitas URL → Deadline: -
[2026-08-05 18:04:34]      • [Quiz] Kuis M11 [kelas PAGI]: Program Dinamis dan Permasalahan Tata Letak Fasilitas → Deadline: Tidak diketahui
[2026-08-05 18:04:39]      • [Quiz] Kuis M11 [kelas MALAM]: Program Dinamis dan Permasalahan Tata Letak Fasilitas → Deadline: Tidak diketahui
[2026-08-05 18:04:43]      • [Materi] M12: Algoritma Greedy pada Graf File → Deadline: -
[2026-08-05 18:04:47]      • [Materi] Video literasi M12: Algoritma Greedy pada Graf URL → Deadline: -
[2026-08-05 18:04:51]      • [Quiz] Kuis M12 [kelas PAGI] → Deadline: Tidak diketahui
[2026-08-05 18:04:57]      • [Quiz] Kuis M12 [kelas MALAM] → Deadline: Tidak diketahui
[2026-08-05 18:05:01]      • [Materi] M13 File → Deadline: -
[2026-08-05 18:05:06]      • [Materi] Video Literasi M13 : Graph Theory Implementation in Oil Mining Company URL → Deadline: -
[2026-08-05 18:05:26]      • [Quiz] Kuis M13 [PAGI]: Graph Theory Implementation in Oil Mining Company → Deadline: Tidak diketahui
[2026-08-05 18:05:31]      • [Quiz] Kuis M13 [MALAM]: Graph Theory Implementation in Oil Mining Company → Deadline: Tidak diketahui
[2026-08-05 18:05:34]      • [Materi] M14 : Aplikasi Graf Lengkap sebagai Graf Representasi untuk Model Optimasi Rute Kendaraan File → Deadline: -
[2026-08-05 18:05:39]      • [Materi] Video Literasi : Aplikasi Graf Lengkap sebagai Graf Representasi untuk Model Optimasi Rute Kendaraan URL → Deadline: -
[2026-08-05 18:05:43]      • [Quiz] Kuis M14 [PAGI]: Aplikasi Graf Lengkap sebagai Graf Representasi untuk Model Optimasi Rute Kendaraan → Deadline: Tidak diketahui
[2026-08-05 18:05:48]      • [Quiz] Kuis M14 [MALAM]: Aplikasi Graf Lengkap sebagai Graf Representasi untuk Model Optimasi Rute Kendaraan → Deadline: Tidak diketahui
[2026-08-05 18:05:52] 📚 Mengambil mata kuliah ID 104413 ...
[2026-08-05 18:05:52]   ➤ ATA 2025/2026 | 3-FIKTI | Praktikum Terapan Teori Graf
[2026-08-05 18:05:52]      • [Materi] Panduan Praktikum  Forum → Deadline: -
[2026-08-05 18:05:57]      • [Materi] Panduan Google Collaboratory URL → Deadline: -
[2026-08-05 18:06:00]      • [Materi] Panduan Instalasi Anaconda URL → Deadline: -
[2026-08-05 18:06:04]      • [Quiz] Pre-Test (M1) → Deadline: Tidak diketahui
[2026-08-05 18:06:09]      • [Materi] 1.1  Pengantar: Teori Graf URL → Deadline: -
[2026-08-05 18:06:13]      • [Materi] 1.2  Sesi Hands-on Praktikum URL → Deadline: -
[2026-08-05 18:06:18]      • [Materi] 1.3 Tutorial Menambahkan File pada Mesin DGX URL → Deadline: -
[2026-08-05 18:06:22]      • [Quiz] Post-Test (M1) → Deadline: Tidak diketahui
[2026-08-05 18:06:27]      • [Assignment] Pengumpulan Tugas (M1) → Deadline: Saturday, 7 March 2026, 11:59 PM
[2026-08-05 18:06:31]      • [Quiz] Pre-Test (M2) → Deadline: Tidak diketahui
[2026-08-05 18:06:36]      • [Materi] 2.1  Pengantar: Berbagai Pemecahan Masalah Menggunakan Teori Graf Page → Deadline: -
[2026-08-05 18:06:40]      • [Quiz] Post-Test (M2) → Deadline: Tidak diketahui
[2026-08-05 18:06:45]      • [Assignment] Pengumpulan Tugas (M2) → Deadline: Saturday, 14 March 2026, 11:59 PM
[2026-08-05 18:06:50]      • [Quiz] Pre-Test (M4) → Deadline: Tidak diketahui
[2026-08-05 18:06:54]      • [Materi] 4.1  Pengantar: Breadth First Search URL → Deadline: -
[2026-08-05 18:06:59]      • [Materi] Sesi Praktikum File → Deadline: -
[2026-08-05 18:07:03]      • [Materi] Video Tutorial: Mendownload File IPYNB di Virtual Class URL → Deadline: -
[2026-08-05 18:07:08]      • [Quiz] Post-Test (M4) → Deadline: Tidak diketahui
[2026-08-05 18:07:12]      • [Assignment] Laporan Akhir (M4) → Deadline: Saturday, 11 April 2026, 11:59 PM
[2026-08-05 18:07:17]      • [Quiz] Pre-Test (M5) → Deadline: Tidak diketahui
[2026-08-05 18:07:21]      • [Materi] Sesi Praktikum URL → Deadline: -
[2026-08-05 18:07:25]      • [Quiz] Post-Test (M5) → Deadline: Tidak diketahui
[2026-08-05 18:07:29]      • [Assignment] Laporan Akhir (M5) → Deadline: Saturday, 18 April 2026, 11:59 PM
[2026-08-05 18:07:34]      • [Quiz] Pre-Test (M6) → Deadline: Tidak diketahui
[2026-08-05 18:07:38]      • [Materi] 6.1  Pendahuluan: Algoritma Dasar Tree URL → Deadline: -
[2026-08-05 18:07:42]      • [Materi] Sesi Praktikum File → Deadline: -
[2026-08-05 18:07:47]      • [Quiz] Post-Test (M6) → Deadline: Tidak diketahui
[2026-08-05 18:07:52]      • [Assignment] Laporan Akhir (M6) → Deadline: Saturday, 25 April 2026, 11:59 PM
[2026-08-05 18:07:57]      • [Quiz] Pre-Test (M8) → Deadline: Tidak diketahui
[2026-08-05 18:08:00]      • [Materi] 8.1  Pendahuluan: Implementasi Graph URL → Deadline: -
[2026-08-05 18:08:05]      • [Materi] Link File Praktikum I - family.pl → Deadline: -
[2026-08-05 18:08:10]      • [Materi] Link File Praktikum II - 8-puzzles.ipynb → Deadline: -
[2026-08-05 18:08:14]      • [Materi] Video Tutorial: Mendownload File IPYNB di Virtual Class URL → Deadline: -
[2026-08-05 18:08:18]      • [Quiz] Post-Test (M8) → Deadline: Tidak diketahui
[2026-08-05 18:08:22]      • [Assignment] Laporan Akhir (M8) → Deadline: Saturday, 9 May 2026, 11:59 PM
[2026-08-05 18:08:27]      • [Quiz] Pre-Test (M9) → Deadline: Tidak diketahui
[2026-08-05 18:08:32]      • [Materi] Sesi Hands-on Praktikum URL → Deadline: -
[2026-08-05 18:08:36]      • [Quiz] Post-Test (M9) → Deadline: Tidak diketahui
[2026-08-05 18:08:40]      • [Assignment] Pengumpulan Tugas (M9) → Deadline: Saturday, 16 May 2026, 11:59 PM
[2026-08-05 18:08:44]      • [Quiz] Pre-Test (M3) → Deadline: Tidak diketahui
[2026-08-05 18:08:47]      • [Materi] Sesi Praktikum URL → Deadline: -
[2026-08-05 18:08:52]      • [Materi] Video Tutorial: Menambahkan File pada Mesin DGX URL → Deadline: -
[2026-08-05 18:08:56]      • [Quiz] Post-Test (M3) → Deadline: Tidak diketahui
[2026-08-05 18:09:01]      • [Assignment] Pengumpulan Tugas (M3) → Deadline: Saturday, 23 May 2026, 11:59 PM
[2026-08-05 18:09:06]      • [Quiz] Pre-Test (M7) → Deadline: Tidak diketahui
[2026-08-05 18:09:11]      • [Materi] Link File Praktikum I - 3-Tekrek-Find-Center.ipynb → Deadline: -
[2026-08-05 18:09:15]      • [Materi] Link File Praktikum II - 3-Tekrek-Sortest-Path.ipynb → Deadline: -
[2026-08-05 18:09:19]      • [Materi] Video Tutorial: Mendownload File IPYNB di Virtual Class URL → Deadline: -
[2026-08-05 18:09:24]      • [Quiz] Post-Test (M7) → Deadline: Tidak diketahui
[2026-08-05 18:09:28]      • [Assignment] Laporan Akhir (M7) → Deadline: Saturday, 23 May 2026, 11:59 PM
[2026-08-05 18:09:33] 📦 Total tugas ditemukan: 126
[2026-08-05 18:09:33] 💾 Disimpan ke python/node/tugas.json
