[2026-07-12 09:45:36] 🔐 Login ke V-Class...
[2026-07-12 09:45:36] ✅ Login berhasil
[2026-07-12 09:45:36] 📚 Mengambil mata kuliah ID 108486 ...
[2026-07-12 09:45:36]   ➤ ATA 2025/2026 | 3KB01 | Jaringan Komputer Lanjut | VIVIEN NOVA FITHRIANA
[2026-07-12 09:45:36]      • [Materi] Announcements Forum → Deadline: -
[2026-07-12 09:45:41]      • [Materi] M1 File → Deadline: -
[2026-07-12 09:45:44]      • [Materi] M2 File → Deadline: -
[2026-07-12 09:45:49]      • [Materi] M3 File → Deadline: -
[2026-07-12 09:45:53]      • [Materi] M4 File → Deadline: -
[2026-07-12 09:45:57]      • [Materi] M5 File → Deadline: -
[2026-07-12 09:46:01]      • [Materi] M6 File → Deadline: -
[2026-07-12 09:46:04]      • [Materi] M7 File → Deadline: -
[2026-07-12 09:46:09]      • [Materi] VC-1 : Traffic dan Algoritma Kendali Kemacetan File → Deadline: -
[2026-07-12 09:46:13]      • [Materi] VC-1 : Traffic dan Algoritma Kendali Kemacetan File → Deadline: -
[2026-07-12 09:46:16]      • [Materi] Forum VC-1 : Traffic dan Algoritma Kendali Kemacetan → Deadline: -
[2026-07-12 09:46:20]      • [Quiz] Latihan Soal VC-1 : Traffic dan Algoritma Kendali Kemacetan → Deadline: Tidak diketahui
[2026-07-12 09:46:25]      • [Materi] VC-2 : Traffic dan Algoritma Kendali Kemacetan - Bagian 2 File → Deadline: -
[2026-07-12 09:46:30]      • [Materi] Forum VC-2 : Traffic dan Algoritma Kendali Kemacetan - Bagian 2 → Deadline: -
[2026-07-12 09:46:34]      • [Quiz] Latihan Soal VC-2 : Traffic dan Algoritma Kendali Kemacetan - Bagian 2 → Deadline: Tidak diketahui
[2026-07-12 09:46:38]      • [Materi] VC-3 : Lapisan Transport File → Deadline: -
[2026-07-12 09:46:42]      • [Materi] Forum VC-3 : Lapisan Transport → Deadline: -
[2026-07-12 09:46:47]      • [Quiz] Latihan Soal VC-3 : Lapisan Transport → Deadline: Wednesday, 15 July 2026, 11:59 PM
[2026-07-12 09:46:51] 📚 Mengambil mata kuliah ID 108172 ...
[2026-07-12 09:46:51]   ➤ ATA 2025/2026 | 3KB01 | Internet of Things (IoT) | PURNAWARMAN MUSA
[2026-07-12 09:46:51]      • [Materi] Announcements Forum → Deadline: -
[2026-07-12 09:46:56]      • [Materi] M6 File → Deadline: -
[2026-07-12 09:47:00]      • [Quiz] Soal (Tugas Individu) → Deadline: Tidak diketahui
[2026-07-12 09:47:05]      • [Quiz] Soal (Tugas Individu) → Deadline: Tidak diketahui
[2026-07-12 09:47:08] 📚 Mengambil mata kuliah ID 109563 ...
[2026-07-12 09:47:08]   ➤ ATA 2025/2026 | 3KB01 | Sistem Tertanam (Embedded) * | RIDHA ISKANDAR
[2026-07-12 09:47:08]      • [Materi] Selamat Datang di V-Class Sistem Tertanam (Embedded) Forum → Deadline: -
[2026-07-12 09:47:13]      • [Assignment] File 1 → Deadline: Sunday, 26 April 2026, 12:00 AM
[2026-07-12 09:47:18] 📚 Mengambil mata kuliah ID 109970 ...
[2026-07-12 09:47:18]   ➤ ATA 2025/2026 | 2EB10 | Bahasa Indonesia | MELANIAWATI
[2026-07-12 09:47:18] 📚 Mengambil mata kuliah ID 107919 ...
[2026-07-12 09:47:18]   ➤ ATA 2025/2026 | 3KB01 | Sistem Cerdas Lanjut | NUR SULTAN SALAHUDDIN
[2026-07-12 09:47:18]      • [Materi] Announcements Forum → Deadline: -
[2026-07-12 09:47:22]      • [Assignment] Sistem Kesehatan Cerdas → Deadline: Thursday, 21 May 2026, 12:00 AM
[2026-07-12 09:47:27]      • [Quiz] Sistem Kesehatan Cerdas → Deadline: Tidak diketahui
[2026-07-12 09:47:31] 📚 Mengambil mata kuliah ID 107291 ...
[2026-07-12 09:47:31]   ➤ ATA 2025/2026 | 3KB01 | Pengantarmukaan Perif.Komputer * | FARID THALIB
[2026-07-12 09:47:31]      • [Materi] Announcements Forum → Deadline: -
[2026-07-12 09:47:35] 📚 Mengambil mata kuliah ID 104438 ...
[2026-07-12 09:47:35]   ➤ ATA 2025/2026 | 3-FIKTI | Terapan Teori Graf | TEAM TEACHING
[2026-07-12 09:47:35]      • [Materi] PEMBERITAHUAN UTS SUSULAN File → Deadline: -
[2026-07-12 09:47:39]      • [Materi] PEMBERITAHUAN PELAKSANAAN TEAM TEACHING TERAPAN TEORI GRAF Forum → Deadline: -
[2026-07-12 09:47:43]      • [Materi] M1: Pendahuluan Teori Graf File → Deadline: -
[2026-07-12 09:47:48]      • [Materi] Video Literasi M1: Pendahuluan Teori Graf URL → Deadline: -
[2026-07-12 09:47:53]      • [Quiz] Kuis M1 [kelas PAGI] → Deadline: Tidak diketahui
[2026-07-12 09:47:57]      • [Quiz] Kuis M1 [kelas MALAM] → Deadline: Tidak diketahui
[2026-07-12 09:48:01]      • [Materi] M2: Graf Tidak Berarah dan Graf Berbobot File → Deadline: -
[2026-07-12 09:48:05]      • [Materi] Video Literasi M2 : Graf Tidak Berarah dan Graf Berbobot URL → Deadline: -
[2026-07-12 09:48:09]      • [Quiz] Kuis M2 [KELAS PAGI] : Graf Tidak Berarah dan Graf Berbobot → Deadline: Tidak diketahui
[2026-07-12 09:48:14]      • [Quiz] Kuis M2 [KELAS MALAM] : Graf Tidak Berarah dan Graf Berbobot → Deadline: Tidak diketahui
[2026-07-12 09:48:18]      • [Materi] M4 : Aplikasi Teori Graf di Teknik Elektro File → Deadline: -
[2026-07-12 09:48:22]      • [Materi] Video Literasi M4 : Aplikasi Teori Graf di Teknik Elektro URL → Deadline: -
[2026-07-12 09:48:27]      • [Quiz] Kuis M4 [KELAS PAGI]: Aplikasi Teori Graf di Teknik Elektro → Deadline: Tidak diketahui
[2026-07-12 09:48:31]      • [Quiz] Kuis M4 [KELAS MALAM]: Aplikasi Teori Graf di Teknik Elektro → Deadline: Tidak diketahui
[2026-07-12 09:48:35]      • [Materi] M5 : Knowledge Graph dan Database Graph File → Deadline: -
[2026-07-12 09:48:38]      • [Materi] Video Literasi  M5 : Knowledge Graph dan Database Graph URL → Deadline: -
[2026-07-12 09:48:42]      • [Quiz] Kuis M5 [KELAS PAGI] : nowledge Graph dan Database Graph → Deadline: Tidak diketahui
[2026-07-12 09:48:47]      • [Quiz] Kuis M5 [KELAS MALAM] : Knowledge Graph dan Database Graph → Deadline: Tidak diketahui
[2026-07-12 09:48:51]      • [Materi] M6 : Graf Berarah dan Implementasinya File → Deadline: -
[2026-07-12 09:48:56]      • [Materi] Video Literasi M6 : Graf Berarah dan Implementasinya URL → Deadline: -
[2026-07-12 09:49:00]      • [Quiz] Kuis M6 [KELAS PAGI] : Graf Berarah dan Implementasinya → Deadline: Tidak diketahui
[2026-07-12 09:49:05]      • [Quiz] Kuis M6 [KELAS MALAM] : Graf Berarah dan Implementasinya → Deadline: Tidak diketahui
[2026-07-12 09:49:09]      • [Materi] M8 : Penerapan Teori Graf di Bidang Teknik Sipil File → Deadline: -
[2026-07-12 09:49:14]      • [Materi] Video Literasi M8 : Penerapan Teori Graf di Bidang Teknik Sipil URL → Deadline: -
[2026-07-12 09:49:18]      • [Quiz] Kuis M8 [KELAS PAGI] : Penerapan Teori Graf di Bidang Teknik Sipil → Deadline: Tidak diketahui
[2026-07-12 09:49:23]      • [Quiz] Kuis M8 [KELAS MALAM] : Penerapan Teori Graf di Bidang Teknik Sipil → Deadline: Tidak diketahui
[2026-07-12 09:49:27]      • [Materi] M10 : Penerapan Teori Graf  di Bidang Teknik Industri File → Deadline: -
[2026-07-12 09:49:31]      • [Materi] Video Literasi M10 : Penerapan Teori Graf  di Bidang Teknik Industri URL → Deadline: -
[2026-07-12 09:49:36]      • [Quiz] Kuis M10 [kelas pagi] : Penerapan Teori Graf  di Bidang Teknik Industri → Deadline: Tidak diketahui
[2026-07-12 09:49:41]      • [Quiz] Kuis M10 [kelas malam]: Penerapan Teori Graf  di Bidang Teknik Industri → Deadline: Tidak diketahui
[2026-07-12 09:49:46]      • [Materi] M11 : Program Dinamis dan Permasalahan Tata Letak Fasilitas File → Deadline: -
[2026-07-12 09:49:50]      • [Materi] video literasi : Program Dinamis dan Permasalahan Tata Letak Fasilitas URL → Deadline: -
[2026-07-12 09:49:54]      • [Quiz] Kuis M11 [kelas PAGI]: Program Dinamis dan Permasalahan Tata Letak Fasilitas → Deadline: Tidak diketahui
[2026-07-12 09:49:58]      • [Quiz] Kuis M11 [kelas MALAM]: Program Dinamis dan Permasalahan Tata Letak Fasilitas → Deadline: Tidak diketahui
[2026-07-12 09:50:02]      • [Materi] M12: Algoritma Greedy pada Graf File → Deadline: -
[2026-07-12 09:50:07]      • [Materi] Video literasi M12: Algoritma Greedy pada Graf URL → Deadline: -
[2026-07-12 09:50:12]      • [Quiz] Kuis M12 [kelas PAGI] → Deadline: Tidak diketahui
[2026-07-12 09:50:16]      • [Quiz] Kuis M12 [kelas MALAM] → Deadline: Tidak diketahui
[2026-07-12 09:50:20]      • [Materi] M13 File → Deadline: -
[2026-07-12 09:50:25]      • [Materi] Video Literasi M13 : Graph Theory Implementation in Oil Mining Company URL → Deadline: -
[2026-07-12 09:50:29]      • [Quiz] Kuis M13 [PAGI]: Graph Theory Implementation in Oil Mining Company → Deadline: Tidak diketahui
[2026-07-12 09:50:33]      • [Quiz] Kuis M13 [MALAM]: Graph Theory Implementation in Oil Mining Company → Deadline: Tidak diketahui
[2026-07-12 09:50:38] 📚 Mengambil mata kuliah ID 104413 ...
[2026-07-12 09:50:38]   ➤ ATA 2025/2026 | 3-FIKTI | Praktikum Terapan Teori Graf
[2026-07-12 09:50:38]      • [Materi] Panduan Praktikum  Forum → Deadline: -
[2026-07-12 09:50:43]      • [Materi] Panduan Google Collaboratory URL → Deadline: -
[2026-07-12 09:50:47]      • [Materi] Panduan Instalasi Anaconda URL → Deadline: -
[2026-07-12 09:50:52]      • [Quiz] Pre-Test (M1) → Deadline: Tidak diketahui
[2026-07-12 09:50:56]      • [Materi] 1.1  Pengantar: Teori Graf URL → Deadline: -
[2026-07-12 09:51:00]      • [Materi] 1.2  Sesi Hands-on Praktikum URL → Deadline: -
[2026-07-12 09:51:05]      • [Materi] 1.3 Tutorial Menambahkan File pada Mesin DGX URL → Deadline: -
[2026-07-12 09:51:09]      • [Quiz] Post-Test (M1) → Deadline: Tidak diketahui
[2026-07-12 09:51:14]      • [Assignment] Pengumpulan Tugas (M1) → Deadline: Saturday, 7 March 2026, 11:59 PM
[2026-07-12 09:51:19]      • [Quiz] Pre-Test (M2) → Deadline: Tidak diketahui
[2026-07-12 09:51:23]      • [Materi] 2.1  Pengantar: Berbagai Pemecahan Masalah Menggunakan Teori Graf Page → Deadline: -
[2026-07-12 09:51:28]      • [Quiz] Post-Test (M2) → Deadline: Tidak diketahui
[2026-07-12 09:51:32]      • [Assignment] Pengumpulan Tugas (M2) → Deadline: Saturday, 14 March 2026, 11:59 PM
[2026-07-12 09:51:36]      • [Quiz] Pre-Test (M4) → Deadline: Tidak diketahui
[2026-07-12 09:51:41]      • [Materi] 4.1  Pengantar: Breadth First Search URL → Deadline: -
[2026-07-12 09:51:45]      • [Materi] Sesi Praktikum File → Deadline: -
[2026-07-12 09:51:50]      • [Materi] Video Tutorial: Mendownload File IPYNB di Virtual Class URL → Deadline: -
[2026-07-12 09:51:54]      • [Quiz] Post-Test (M4) → Deadline: Tidak diketahui
[2026-07-12 09:51:59]      • [Assignment] Laporan Akhir (M4) → Deadline: Saturday, 11 April 2026, 11:59 PM
[2026-07-12 09:52:04]      • [Quiz] Pre-Test (M5) → Deadline: Tidak diketahui
[2026-07-12 09:52:08]      • [Materi] Sesi Praktikum URL → Deadline: -
[2026-07-12 09:52:12]      • [Quiz] Post-Test (M5) → Deadline: Tidak diketahui
[2026-07-12 09:52:16]      • [Assignment] Laporan Akhir (M5) → Deadline: Saturday, 18 April 2026, 11:59 PM
[2026-07-12 09:52:21]      • [Quiz] Pre-Test (M6) → Deadline: Tidak diketahui
[2026-07-12 09:52:26]      • [Materi] 6.1  Pendahuluan: Algoritma Dasar Tree URL → Deadline: -
[2026-07-12 09:52:29]      • [Materi] Sesi Praktikum File → Deadline: -
[2026-07-12 09:52:34]      • [Quiz] Post-Test (M6) → Deadline: Tidak diketahui
[2026-07-12 09:52:38]      • [Assignment] Laporan Akhir (M6) → Deadline: Saturday, 25 April 2026, 11:59 PM
[2026-07-12 09:52:43]      • [Quiz] Pre-Test (M8) → Deadline: Tidak diketahui
[2026-07-12 09:52:47]      • [Materi] 8.1  Pendahuluan: Implementasi Graph URL → Deadline: -
[2026-07-12 09:52:51]      • [Materi] Link File Praktikum I - family.pl → Deadline: -
[2026-07-12 09:52:56]      • [Materi] Link File Praktikum II - 8-puzzles.ipynb → Deadline: -
[2026-07-12 09:53:00]      • [Materi] Video Tutorial: Mendownload File IPYNB di Virtual Class URL → Deadline: -
[2026-07-12 09:53:04]      • [Quiz] Post-Test (M8) → Deadline: Tidak diketahui
[2026-07-12 09:53:08]      • [Assignment] Laporan Akhir (M8) → Deadline: Saturday, 9 May 2026, 11:59 PM
[2026-07-12 09:53:13]      • [Quiz] Pre-Test (M9) → Deadline: Tidak diketahui
[2026-07-12 09:53:17]      • [Materi] Sesi Hands-on Praktikum URL → Deadline: -
[2026-07-12 09:53:22]      • [Quiz] Post-Test (M9) → Deadline: Tidak diketahui
[2026-07-12 09:53:27]      • [Assignment] Pengumpulan Tugas (M9) → Deadline: Saturday, 16 May 2026, 11:59 PM
[2026-07-12 09:53:31]      • [Quiz] Pre-Test (M3) → Deadline: Tidak diketahui
[2026-07-12 09:53:35]      • [Materi] Sesi Praktikum URL → Deadline: -
[2026-07-12 09:53:39]      • [Materi] Video Tutorial: Menambahkan File pada Mesin DGX URL → Deadline: -
[2026-07-12 09:53:44]      • [Quiz] Post-Test (M3) → Deadline: Tidak diketahui
[2026-07-12 09:53:48]      • [Assignment] Pengumpulan Tugas (M3) → Deadline: Saturday, 23 May 2026, 11:59 PM
[2026-07-12 09:53:52]      • [Quiz] Pre-Test (M7) → Deadline: Tidak diketahui
[2026-07-12 09:53:57]      • [Materi] Link File Praktikum I - 3-Tekrek-Find-Center.ipynb → Deadline: -
[2026-07-12 09:54:01]      • [Materi] Link File Praktikum II - 3-Tekrek-Sortest-Path.ipynb → Deadline: -
[2026-07-12 09:54:06]      • [Materi] Video Tutorial: Mendownload File IPYNB di Virtual Class URL → Deadline: -
[2026-07-12 09:54:09]      • [Quiz] Post-Test (M7) → Deadline: Tidak diketahui
[2026-07-12 09:54:14]      • [Assignment] Laporan Akhir (M7) → Deadline: Saturday, 23 May 2026, 11:59 PM
[2026-07-12 09:54:19] 📦 Total tugas ditemukan: 120
[2026-07-12 09:54:19] 💾 Disimpan ke python/node/tugas.json
[2026-07-12 18:00:19] 🔐 Login ke V-Class...
[2026-07-12 18:00:20] ✅ Login berhasil
[2026-07-12 18:00:20] 📚 Mengambil mata kuliah ID 108486 ...
[2026-07-12 18:00:20]   ➤ ATA 2025/2026 | 3KB01 | Jaringan Komputer Lanjut | VIVIEN NOVA FITHRIANA
[2026-07-12 18:00:20]      • [Materi] Announcements Forum → Deadline: -
[2026-07-12 18:00:25]      • [Materi] M1 File → Deadline: -
[2026-07-12 18:00:29]      • [Materi] M2 File → Deadline: -
[2026-07-12 18:00:34]      • [Materi] M3 File → Deadline: -
[2026-07-12 18:00:37]      • [Materi] M4 File → Deadline: -
[2026-07-12 18:00:42]      • [Materi] M5 File → Deadline: -
[2026-07-12 18:00:46]      • [Materi] M6 File → Deadline: -
[2026-07-12 18:00:50]      • [Materi] M7 File → Deadline: -
[2026-07-12 18:00:54]      • [Materi] VC-1 : Traffic dan Algoritma Kendali Kemacetan File → Deadline: -
[2026-07-12 18:00:57]      • [Materi] VC-1 : Traffic dan Algoritma Kendali Kemacetan File → Deadline: -
[2026-07-12 18:01:02]      • [Materi] Forum VC-1 : Traffic dan Algoritma Kendali Kemacetan → Deadline: -
[2026-07-12 18:01:07]      • [Quiz] Latihan Soal VC-1 : Traffic dan Algoritma Kendali Kemacetan → Deadline: Tidak diketahui
[2026-07-12 18:01:11]      • [Materi] VC-2 : Traffic dan Algoritma Kendali Kemacetan - Bagian 2 File → Deadline: -
[2026-07-12 18:01:16]      • [Materi] Forum VC-2 : Traffic dan Algoritma Kendali Kemacetan - Bagian 2 → Deadline: -
[2026-07-12 18:01:21]      • [Quiz] Latihan Soal VC-2 : Traffic dan Algoritma Kendali Kemacetan - Bagian 2 → Deadline: Tidak diketahui
[2026-07-12 18:01:25]      • [Materi] VC-3 : Lapisan Transport File → Deadline: -
[2026-07-12 18:01:29]      • [Materi] Forum VC-3 : Lapisan Transport → Deadline: -
[2026-07-12 18:01:33]      • [Quiz] Latihan Soal VC-3 : Lapisan Transport → Deadline: Wednesday, 15 July 2026, 11:59 PM
[2026-07-12 18:01:38] 📚 Mengambil mata kuliah ID 108172 ...
[2026-07-12 18:01:38]   ➤ ATA 2025/2026 | 3KB01 | Internet of Things (IoT) | PURNAWARMAN MUSA
[2026-07-12 18:01:38]      • [Materi] Announcements Forum → Deadline: -
[2026-07-12 18:01:42]      • [Materi] M6 File → Deadline: -
[2026-07-12 18:01:46]      • [Quiz] Soal (Tugas Individu) → Deadline: Tidak diketahui
[2026-07-12 18:01:51]      • [Quiz] Soal (Tugas Individu) → Deadline: Tidak diketahui
[2026-07-12 18:01:55] 📚 Mengambil mata kuliah ID 109563 ...
[2026-07-12 18:01:55]   ➤ ATA 2025/2026 | 3KB01 | Sistem Tertanam (Embedded) * | RIDHA ISKANDAR
[2026-07-12 18:01:55]      • [Materi] Selamat Datang di V-Class Sistem Tertanam (Embedded) Forum → Deadline: -
[2026-07-12 18:01:59]      • [Assignment] File 1 → Deadline: Sunday, 26 April 2026, 12:00 AM
[2026-07-12 18:02:03] 📚 Mengambil mata kuliah ID 109970 ...
[2026-07-12 18:02:03]   ➤ ATA 2025/2026 | 2EB10 | Bahasa Indonesia | MELANIAWATI
[2026-07-12 18:02:03] 📚 Mengambil mata kuliah ID 107919 ...
[2026-07-12 18:02:03]   ➤ ATA 2025/2026 | 3KB01 | Sistem Cerdas Lanjut | NUR SULTAN SALAHUDDIN
[2026-07-12 18:02:03]      • [Materi] Announcements Forum → Deadline: -
[2026-07-12 18:02:07]      • [Assignment] Sistem Kesehatan Cerdas → Deadline: Thursday, 21 May 2026, 12:00 AM
[2026-07-12 18:02:11]      • [Quiz] Sistem Kesehatan Cerdas → Deadline: Tidak diketahui
[2026-07-12 18:02:15] 📚 Mengambil mata kuliah ID 107291 ...
[2026-07-12 18:02:15]   ➤ ATA 2025/2026 | 3KB01 | Pengantarmukaan Perif.Komputer * | FARID THALIB
[2026-07-12 18:02:15]      • [Materi] Announcements Forum → Deadline: -
[2026-07-12 18:02:20] 📚 Mengambil mata kuliah ID 104438 ...
[2026-07-12 18:02:20]   ➤ ATA 2025/2026 | 3-FIKTI | Terapan Teori Graf | TEAM TEACHING
[2026-07-12 18:02:20]      • [Materi] PEMBERITAHUAN UTS SUSULAN File → Deadline: -
[2026-07-12 18:02:24]      • [Materi] PEMBERITAHUAN PELAKSANAAN TEAM TEACHING TERAPAN TEORI GRAF Forum → Deadline: -
[2026-07-12 18:02:28]      • [Materi] M1: Pendahuluan Teori Graf File → Deadline: -
[2026-07-12 18:02:32]      • [Materi] Video Literasi M1: Pendahuluan Teori Graf URL → Deadline: -
[2026-07-12 18:02:37]      • [Quiz] Kuis M1 [kelas PAGI] → Deadline: Tidak diketahui
[2026-07-12 18:02:41]      • [Quiz] Kuis M1 [kelas MALAM] → Deadline: Tidak diketahui
[2026-07-12 18:02:46]      • [Materi] M2: Graf Tidak Berarah dan Graf Berbobot File → Deadline: -
[2026-07-12 18:02:49]      • [Materi] Video Literasi M2 : Graf Tidak Berarah dan Graf Berbobot URL → Deadline: -
[2026-07-12 18:02:54]      • [Quiz] Kuis M2 [KELAS PAGI] : Graf Tidak Berarah dan Graf Berbobot → Deadline: Tidak diketahui
[2026-07-12 18:02:58]      • [Quiz] Kuis M2 [KELAS MALAM] : Graf Tidak Berarah dan Graf Berbobot → Deadline: Tidak diketahui
[2026-07-12 18:03:01]      • [Materi] M4 : Aplikasi Teori Graf di Teknik Elektro File → Deadline: -
[2026-07-12 18:03:05]      • [Materi] Video Literasi M4 : Aplikasi Teori Graf di Teknik Elektro URL → Deadline: -
[2026-07-12 18:03:09]      • [Quiz] Kuis M4 [KELAS PAGI]: Aplikasi Teori Graf di Teknik Elektro → Deadline: Tidak diketahui
[2026-07-12 18:03:14]      • [Quiz] Kuis M4 [KELAS MALAM]: Aplikasi Teori Graf di Teknik Elektro → Deadline: Tidak diketahui
[2026-07-12 18:03:18]      • [Materi] M5 : Knowledge Graph dan Database Graph File → Deadline: -
[2026-07-12 18:03:22]      • [Materi] Video Literasi  M5 : Knowledge Graph dan Database Graph URL → Deadline: -
[2026-07-12 18:03:26]      • [Quiz] Kuis M5 [KELAS PAGI] : nowledge Graph dan Database Graph → Deadline: Tidak diketahui
[2026-07-12 18:03:31]      • [Quiz] Kuis M5 [KELAS MALAM] : Knowledge Graph dan Database Graph → Deadline: Tidak diketahui
[2026-07-12 18:03:36]      • [Materi] M6 : Graf Berarah dan Implementasinya File → Deadline: -
[2026-07-12 18:03:40]      • [Materi] Video Literasi M6 : Graf Berarah dan Implementasinya URL → Deadline: -
[2026-07-12 18:03:45]      • [Quiz] Kuis M6 [KELAS PAGI] : Graf Berarah dan Implementasinya → Deadline: Tidak diketahui
[2026-07-12 18:03:50]      • [Quiz] Kuis M6 [KELAS MALAM] : Graf Berarah dan Implementasinya → Deadline: Tidak diketahui
[2026-07-12 18:03:55]      • [Materi] M8 : Penerapan Teori Graf di Bidang Teknik Sipil File → Deadline: -
[2026-07-12 18:03:59]      • [Materi] Video Literasi M8 : Penerapan Teori Graf di Bidang Teknik Sipil URL → Deadline: -
[2026-07-12 18:04:04]      • [Quiz] Kuis M8 [KELAS PAGI] : Penerapan Teori Graf di Bidang Teknik Sipil → Deadline: Tidak diketahui
[2026-07-12 18:04:09]      • [Quiz] Kuis M8 [KELAS MALAM] : Penerapan Teori Graf di Bidang Teknik Sipil → Deadline: Tidak diketahui
[2026-07-12 18:04:13]      • [Materi] M10 : Penerapan Teori Graf  di Bidang Teknik Industri File → Deadline: -
[2026-07-12 18:04:17]      • [Materi] Video Literasi M10 : Penerapan Teori Graf  di Bidang Teknik Industri URL → Deadline: -
[2026-07-12 18:04:22]      • [Quiz] Kuis M10 [kelas pagi] : Penerapan Teori Graf  di Bidang Teknik Industri → Deadline: Tidak diketahui
[2026-07-12 18:04:27]      • [Quiz] Kuis M10 [kelas malam]: Penerapan Teori Graf  di Bidang Teknik Industri → Deadline: Tidak diketahui
[2026-07-12 18:04:31]      • [Materi] M11 : Program Dinamis dan Permasalahan Tata Letak Fasilitas File → Deadline: -
[2026-07-12 18:04:36]      • [Materi] video literasi : Program Dinamis dan Permasalahan Tata Letak Fasilitas URL → Deadline: -
[2026-07-12 18:04:40]      • [Quiz] Kuis M11 [kelas PAGI]: Program Dinamis dan Permasalahan Tata Letak Fasilitas → Deadline: Tidak diketahui
[2026-07-12 18:04:45]      • [Quiz] Kuis M11 [kelas MALAM]: Program Dinamis dan Permasalahan Tata Letak Fasilitas → Deadline: Tidak diketahui
[2026-07-12 18:04:48]      • [Materi] M12: Algoritma Greedy pada Graf File → Deadline: -
[2026-07-12 18:04:53]      • [Materi] Video literasi M12: Algoritma Greedy pada Graf URL → Deadline: -
[2026-07-12 18:04:58]      • [Quiz] Kuis M12 [kelas PAGI] → Deadline: Tidak diketahui
[2026-07-12 18:05:02]      • [Quiz] Kuis M12 [kelas MALAM] → Deadline: Tidak diketahui
[2026-07-12 18:05:06]      • [Materi] M13 File → Deadline: -
[2026-07-12 18:05:10]      • [Materi] Video Literasi M13 : Graph Theory Implementation in Oil Mining Company URL → Deadline: -
[2026-07-12 18:05:15]      • [Quiz] Kuis M13 [PAGI]: Graph Theory Implementation in Oil Mining Company → Deadline: Tidak diketahui
[2026-07-12 18:05:20]      • [Quiz] Kuis M13 [MALAM]: Graph Theory Implementation in Oil Mining Company → Deadline: Tidak diketahui
[2026-07-12 18:05:24] 📚 Mengambil mata kuliah ID 104413 ...
[2026-07-12 18:05:24]   ➤ ATA 2025/2026 | 3-FIKTI | Praktikum Terapan Teori Graf
[2026-07-12 18:05:24]      • [Materi] Panduan Praktikum  Forum → Deadline: -
[2026-07-12 18:05:29]      • [Materi] Panduan Google Collaboratory URL → Deadline: -
[2026-07-12 18:05:33]      • [Materi] Panduan Instalasi Anaconda URL → Deadline: -
[2026-07-12 18:05:37]      • [Quiz] Pre-Test (M1) → Deadline: Tidak diketahui
[2026-07-12 18:05:42]      • [Materi] 1.1  Pengantar: Teori Graf URL → Deadline: -
[2026-07-12 18:05:46]      • [Materi] 1.2  Sesi Hands-on Praktikum URL → Deadline: -
[2026-07-12 18:05:50]      • [Materi] 1.3 Tutorial Menambahkan File pada Mesin DGX URL → Deadline: -
[2026-07-12 18:05:54]      • [Quiz] Post-Test (M1) → Deadline: Tidak diketahui
[2026-07-12 18:05:59]      • [Assignment] Pengumpulan Tugas (M1) → Deadline: Saturday, 7 March 2026, 11:59 PM
[2026-07-12 18:06:03]      • [Quiz] Pre-Test (M2) → Deadline: Tidak diketahui
[2026-07-12 18:06:08]      • [Materi] 2.1  Pengantar: Berbagai Pemecahan Masalah Menggunakan Teori Graf Page → Deadline: -
[2026-07-12 18:06:12]      • [Quiz] Post-Test (M2) → Deadline: Tidak diketahui
[2026-07-12 18:06:17]      • [Assignment] Pengumpulan Tugas (M2) → Deadline: Saturday, 14 March 2026, 11:59 PM
[2026-07-12 18:06:21]      • [Quiz] Pre-Test (M4) → Deadline: Tidak diketahui
[2026-07-12 18:06:25]      • [Materi] 4.1  Pengantar: Breadth First Search URL → Deadline: -
[2026-07-12 18:06:29]      • [Materi] Sesi Praktikum File → Deadline: -
[2026-07-12 18:06:33]      • [Materi] Video Tutorial: Mendownload File IPYNB di Virtual Class URL → Deadline: -
[2026-07-12 18:06:37]      • [Quiz] Post-Test (M4) → Deadline: Tidak diketahui
[2026-07-12 18:06:40]      • [Assignment] Laporan Akhir (M4) → Deadline: Saturday, 11 April 2026, 11:59 PM
[2026-07-12 18:06:45]      • [Quiz] Pre-Test (M5) → Deadline: Tidak diketahui
[2026-07-12 18:06:49]      • [Materi] Sesi Praktikum URL → Deadline: -
[2026-07-12 18:06:53]      • [Quiz] Post-Test (M5) → Deadline: Tidak diketahui
[2026-07-12 18:06:57]      • [Assignment] Laporan Akhir (M5) → Deadline: Saturday, 18 April 2026, 11:59 PM
[2026-07-12 18:07:01]      • [Quiz] Pre-Test (M6) → Deadline: Tidak diketahui
[2026-07-12 18:07:05]      • [Materi] 6.1  Pendahuluan: Algoritma Dasar Tree URL → Deadline: -
[2026-07-12 18:07:09]      • [Materi] Sesi Praktikum File → Deadline: -
[2026-07-12 18:07:14]      • [Quiz] Post-Test (M6) → Deadline: Tidak diketahui
[2026-07-12 18:07:18]      • [Assignment] Laporan Akhir (M6) → Deadline: Saturday, 25 April 2026, 11:59 PM
[2026-07-12 18:07:23]      • [Quiz] Pre-Test (M8) → Deadline: Tidak diketahui
[2026-07-12 18:07:28]      • [Materi] 8.1  Pendahuluan: Implementasi Graph URL → Deadline: -
[2026-07-12 18:07:33]      • [Materi] Link File Praktikum I - family.pl → Deadline: -
[2026-07-12 18:07:37]      • [Materi] Link File Praktikum II - 8-puzzles.ipynb → Deadline: -
[2026-07-12 18:07:42]      • [Materi] Video Tutorial: Mendownload File IPYNB di Virtual Class URL → Deadline: -
[2026-07-12 18:07:46]      • [Quiz] Post-Test (M8) → Deadline: Tidak diketahui
[2026-07-12 18:07:50]      • [Assignment] Laporan Akhir (M8) → Deadline: Saturday, 9 May 2026, 11:59 PM
[2026-07-12 18:07:54]      • [Quiz] Pre-Test (M9) → Deadline: Tidak diketahui
[2026-07-12 18:07:58]      • [Materi] Sesi Hands-on Praktikum URL → Deadline: -
[2026-07-12 18:08:03]      • [Quiz] Post-Test (M9) → Deadline: Tidak diketahui
[2026-07-12 18:08:07]      • [Assignment] Pengumpulan Tugas (M9) → Deadline: Saturday, 16 May 2026, 11:59 PM
[2026-07-12 18:08:12]      • [Quiz] Pre-Test (M3) → Deadline: Tidak diketahui
[2026-07-12 18:08:16]      • [Materi] Sesi Praktikum URL → Deadline: -
[2026-07-12 18:08:20]      • [Materi] Video Tutorial: Menambahkan File pada Mesin DGX URL → Deadline: -
[2026-07-12 18:08:25]      • [Quiz] Post-Test (M3) → Deadline: Tidak diketahui
[2026-07-12 18:08:30]      • [Assignment] Pengumpulan Tugas (M3) → Deadline: Saturday, 23 May 2026, 11:59 PM
[2026-07-12 18:08:34]      • [Quiz] Pre-Test (M7) → Deadline: Tidak diketahui
[2026-07-12 18:08:38]      • [Materi] Link File Praktikum I - 3-Tekrek-Find-Center.ipynb → Deadline: -
[2026-07-12 18:08:43]      • [Materi] Link File Praktikum II - 3-Tekrek-Sortest-Path.ipynb → Deadline: -
[2026-07-12 18:08:47]      • [Materi] Video Tutorial: Mendownload File IPYNB di Virtual Class URL → Deadline: -
[2026-07-12 18:08:51]      • [Quiz] Post-Test (M7) → Deadline: Tidak diketahui
[2026-07-12 18:08:56]      • [Assignment] Laporan Akhir (M7) → Deadline: Saturday, 23 May 2026, 11:59 PM
[2026-07-12 18:09:00] 📦 Total tugas ditemukan: 120
[2026-07-12 18:09:00] 💾 Disimpan ke python/node/tugas.json
