[2026-06-11 09:45:47] 🔐 Login ke V-Class...
[2026-06-11 09:45:48] ✅ Login berhasil
[2026-06-11 09:45:48] 📚 Mengambil mata kuliah ID 108486 ...
[2026-06-11 09:45:48]   ➤ ATA 2025/2026 | 3KB01 | Jaringan Komputer Lanjut | VIVIEN NOVA FITHRIANA
[2026-06-11 09:45:48]      • [Materi] Announcements Forum → Deadline: -
[2026-06-11 09:45:52]      • [Materi] M1 File → Deadline: -
[2026-06-11 09:45:57]      • [Materi] M2 File → Deadline: -
[2026-06-11 09:46:02]      • [Materi] M3 File → Deadline: -
[2026-06-11 09:46:06]      • [Materi] M4 File → Deadline: -
[2026-06-11 09:46:10]      • [Materi] M5 File → Deadline: -
[2026-06-11 09:46:14]      • [Materi] M6 File → Deadline: -
[2026-06-11 09:46:18]      • [Materi] M7 File → Deadline: -
[2026-06-11 09:46:22]      • [Materi] VC-1 : Traffic dan Algoritma Kendali Kemacetan File → Deadline: -
[2026-06-11 09:46:27]      • [Materi] VC-1 : Traffic dan Algoritma Kendali Kemacetan File → Deadline: -
[2026-06-11 09:46:31]      • [Materi] Forum VC-1 : Traffic dan Algoritma Kendali Kemacetan → Deadline: -
[2026-06-11 09:46:36]      • [Quiz] Latihan Soal VC-1 : Traffic dan Algoritma Kendali Kemacetan → Deadline: Tidak diketahui
[2026-06-11 09:46:41]      • [Materi] VC-2 : Traffic dan Algoritma Kendali Kemacetan - Bagian 2 File → Deadline: -
[2026-06-11 09:46:46]      • [Materi] Forum VC-2 : Traffic dan Algoritma Kendali Kemacetan - Bagian 2 → Deadline: -
[2026-06-11 09:46:50]      • [Quiz] Latihan Soal VC-2 : Traffic dan Algoritma Kendali Kemacetan - Bagian 2 → Deadline: Tidak diketahui
[2026-06-11 09:46:55]      • [Materi] VC-3 : Lapisan Transport File → Deadline: -
[2026-06-11 09:46:59]      • [Materi] Forum VC-3 : Lapisan Transport → Deadline: -
[2026-06-11 09:47:04]      • [Quiz] Latihan Soal VC-3 : Lapisan Transport → Deadline: Wednesday, 15 July 2026, 11:59 PM
[2026-06-11 09:47:08] 📚 Mengambil mata kuliah ID 108172 ...
[2026-06-11 09:47:08]   ➤ ATA 2025/2026 | 3KB01 | Internet of Things (IoT) | PURNAWARMAN MUSA
[2026-06-11 09:47:08]      • [Materi] Announcements Forum → Deadline: -
[2026-06-11 09:47:12]      • [Materi] M6 File → Deadline: -
[2026-06-11 09:47:16]      • [Quiz] Soal (Tugas Individu) → Deadline: Tidak diketahui
[2026-06-11 09:47:20]      • [Quiz] Soal (Tugas Individu) → Deadline: Tidak diketahui
[2026-06-11 09:47:25] 📚 Mengambil mata kuliah ID 109563 ...
[2026-06-11 09:47:25]   ➤ ATA 2025/2026 | 3KB01 | Sistem Tertanam (Embedded) * | RIDHA ISKANDAR
[2026-06-11 09:47:25]      • [Materi] Selamat Datang di V-Class Sistem Tertanam (Embedded) Forum → Deadline: -
[2026-06-11 09:47:29]      • [Assignment] File 1 → Deadline: Sunday, 26 April 2026, 12:00 AM
[2026-06-11 09:47:34] 📚 Mengambil mata kuliah ID 109970 ...
[2026-06-11 09:47:34]   ➤ ATA 2025/2026 | 2EB10 | Bahasa Indonesia | MELANIAWATI
[2026-06-11 09:47:34] 📚 Mengambil mata kuliah ID 107919 ...
[2026-06-11 09:47:34]   ➤ ATA 2025/2026 | 3KB01 | Sistem Cerdas Lanjut | NUR SULTAN SALAHUDDIN
[2026-06-11 09:47:34]      • [Materi] Announcements Forum → Deadline: -
[2026-06-11 09:47:38]      • [Assignment] Sistem Kesehatan Cerdas → Deadline: Thursday, 21 May 2026, 12:00 AM
[2026-06-11 09:47:43]      • [Quiz] Sistem Kesehatan Cerdas → Deadline: Tidak diketahui
[2026-06-11 09:47:48] 📚 Mengambil mata kuliah ID 107291 ...
[2026-06-11 09:47:48]   ➤ ATA 2025/2026 | 3KB01 | Pengantarmukaan Perif.Komputer * | FARID THALIB
[2026-06-11 09:47:48]      • [Materi] Announcements Forum → Deadline: -
[2026-06-11 09:47:53] 📚 Mengambil mata kuliah ID 104438 ...
[2026-06-11 09:47:53]   ➤ ATA 2025/2026 | 3-FIKTI | Terapan Teori Graf | TEAM TEACHING
[2026-06-11 09:47:53]      • [Materi] PEMBERITAHUAN PELAKSANAAN TEAM TEACHING TERAPAN TEORI GRAF Forum → Deadline: -
[2026-06-11 09:47:58]      • [Materi] M1: Pendahuluan Teori Graf File → Deadline: -
[2026-06-11 09:48:03]      • [Materi] Video Literasi M1: Pendahuluan Teori Graf URL → Deadline: -
[2026-06-11 09:48:06]      • [Quiz] Kuis M1 [kelas PAGI] → Deadline: Tidak diketahui
[2026-06-11 09:48:11]      • [Quiz] Kuis M1 [kelas MALAM] → Deadline: Tidak diketahui
[2026-06-11 09:48:15]      • [Materi] M2: Graf Tidak Berarah dan Graf Berbobot File → Deadline: -
[2026-06-11 09:48:19]      • [Materi] Video Literasi M2 : Graf Tidak Berarah dan Graf Berbobot URL → Deadline: -
[2026-06-11 09:48:24]      • [Quiz] Kuis M2 [KELAS PAGI] : Graf Tidak Berarah dan Graf Berbobot → Deadline: Tidak diketahui
[2026-06-11 09:48:28]      • [Quiz] Kuis M2 [KELAS MALAM] : Graf Tidak Berarah dan Graf Berbobot → Deadline: Tidak diketahui
[2026-06-11 09:48:32]      • [Materi] M4 : Aplikasi Teori Graf di Teknik Elektro File → Deadline: -
[2026-06-11 09:48:36]      • [Materi] Video Literasi M4 : Aplikasi Teori Graf di Teknik Elektro URL → Deadline: -
[2026-06-11 09:48:40]      • [Quiz] Kuis M4 [KELAS PAGI]: Aplikasi Teori Graf di Teknik Elektro → Deadline: Tidak diketahui
[2026-06-11 09:48:44]      • [Quiz] Kuis M4 [KELAS MALAM]: Aplikasi Teori Graf di Teknik Elektro → Deadline: Tidak diketahui
[2026-06-11 09:48:49]      • [Materi] M5 : Knowledge Graph dan Database Graph File → Deadline: -
[2026-06-11 09:48:54]      • [Materi] Video Literasi  M5 : Knowledge Graph dan Database Graph URL → Deadline: -
[2026-06-11 09:48:58]      • [Quiz] Kuis M5 [KELAS PAGI] : nowledge Graph dan Database Graph → Deadline: Tidak diketahui
[2026-06-11 09:49:02]      • [Quiz] Kuis M5 [KELAS MALAM] : Knowledge Graph dan Database Graph → Deadline: Tidak diketahui
[2026-06-11 09:49:07]      • [Materi] M6 : Graf Berarah dan Implementasinya File → Deadline: -
[2026-06-11 09:49:12]      • [Materi] Video Literasi M6 : Graf Berarah dan Implementasinya URL → Deadline: -
[2026-06-11 09:49:16]      • [Quiz] Kuis M6 [KELAS PAGI] : Graf Berarah dan Implementasinya → Deadline: Tidak diketahui
[2026-06-11 09:49:20]      • [Quiz] Kuis M6 [KELAS MALAM] : Graf Berarah dan Implementasinya → Deadline: Tidak diketahui
[2026-06-11 09:49:24]      • [Materi] M8 : Penerapan Teori Graf di Bidang Teknik Sipil File → Deadline: -
[2026-06-11 09:49:29]      • [Materi] Video Literasi M8 : Penerapan Teori Graf di Bidang Teknik Sipil URL → Deadline: -
[2026-06-11 09:49:34]      • [Quiz] Kuis M8 [KELAS PAGI] : Penerapan Teori Graf di Bidang Teknik Sipil → Deadline: Tidak diketahui
[2026-06-11 09:49:39]      • [Quiz] Kuis M8 [KELAS MALAM] : Penerapan Teori Graf di Bidang Teknik Sipil → Deadline: Tidak diketahui
[2026-06-11 09:49:43]      • [Materi] M10 : Penerapan Teori Graf  di Bidang Teknik Industri File → Deadline: -
[2026-06-11 09:49:47]      • [Materi] Video Literasi M10 : Penerapan Teori Graf  di Bidang Teknik Industri URL → Deadline: -
[2026-06-11 09:49:51]      • [Quiz] Kuis M10 [kelas pagi] : Penerapan Teori Graf  di Bidang Teknik Industri → Deadline: Tidak diketahui
[2026-06-11 09:49:55]      • [Quiz] Kuis M10 [kelas malam]: Penerapan Teori Graf  di Bidang Teknik Industri → Deadline: Tidak diketahui
[2026-06-11 09:49:59] 📚 Mengambil mata kuliah ID 104413 ...
[2026-06-11 09:49:59]   ➤ ATA 2025/2026 | 3-FIKTI | Praktikum Terapan Teori Graf
[2026-06-11 09:49:59]      • [Materi] Panduan Praktikum  Forum → Deadline: -
[2026-06-11 09:50:04]      • [Materi] Panduan Google Collaboratory URL → Deadline: -
[2026-06-11 09:50:08]      • [Materi] Panduan Instalasi Anaconda URL → Deadline: -
[2026-06-11 09:50:11]      • [Quiz] Pre-Test (M1) → Deadline: Tidak diketahui
[2026-06-11 09:50:15]      • [Materi] 1.1  Pengantar: Teori Graf URL → Deadline: -
[2026-06-11 09:50:20]      • [Materi] 1.2  Sesi Hands-on Praktikum URL → Deadline: -
[2026-06-11 09:50:24]      • [Materi] 1.3 Tutorial Menambahkan File pada Mesin DGX URL → Deadline: -
[2026-06-11 09:50:28]      • [Quiz] Post-Test (M1) → Deadline: Tidak diketahui
[2026-06-11 09:50:32]      • [Assignment] Pengumpulan Tugas (M1) → Deadline: Saturday, 7 March 2026, 11:59 PM
[2026-06-11 09:50:36]      • [Quiz] Pre-Test (M2) → Deadline: Tidak diketahui
[2026-06-11 09:50:41]      • [Materi] 2.1  Pengantar: Berbagai Pemecahan Masalah Menggunakan Teori Graf Page → Deadline: -
[2026-06-11 09:50:45]      • [Quiz] Post-Test (M2) → Deadline: Tidak diketahui
[2026-06-11 09:50:50]      • [Assignment] Pengumpulan Tugas (M2) → Deadline: Saturday, 14 March 2026, 11:59 PM
[2026-06-11 09:50:55]      • [Quiz] Pre-Test (M4) → Deadline: Tidak diketahui
[2026-06-11 09:51:00]      • [Materi] 4.1  Pengantar: Breadth First Search URL → Deadline: -
[2026-06-11 09:51:03]      • [Materi] Sesi Praktikum File → Deadline: -
[2026-06-11 09:51:08]      • [Materi] Video Tutorial: Mendownload File IPYNB di Virtual Class URL → Deadline: -
[2026-06-11 09:51:13]      • [Quiz] Post-Test (M4) → Deadline: Tidak diketahui
[2026-06-11 09:51:18]      • [Assignment] Laporan Akhir (M4) → Deadline: Saturday, 11 April 2026, 11:59 PM
[2026-06-11 09:51:22]      • [Quiz] Pre-Test (M5) → Deadline: Tidak diketahui
[2026-06-11 09:51:27]      • [Materi] Sesi Praktikum URL → Deadline: -
[2026-06-11 09:51:32]      • [Quiz] Post-Test (M5) → Deadline: Tidak diketahui
[2026-06-11 09:51:37]      • [Assignment] Laporan Akhir (M5) → Deadline: Saturday, 18 April 2026, 11:59 PM
[2026-06-11 09:51:41]      • [Quiz] Pre-Test (M6) → Deadline: Tidak diketahui
[2026-06-11 09:51:46]      • [Materi] 6.1  Pendahuluan: Algoritma Dasar Tree URL → Deadline: -
[2026-06-11 09:51:51]      • [Materi] Sesi Praktikum File → Deadline: -
[2026-06-11 09:51:55]      • [Quiz] Post-Test (M6) → Deadline: Tidak diketahui
[2026-06-11 09:51:59]      • [Assignment] Laporan Akhir (M6) → Deadline: Saturday, 25 April 2026, 11:59 PM
[2026-06-11 09:52:04]      • [Quiz] Pre-Test (M8) → Deadline: Tidak diketahui
[2026-06-11 09:52:08]      • [Materi] 8.1  Pendahuluan: Implementasi Graph URL → Deadline: -
[2026-06-11 09:52:12]      • [Materi] Link File Praktikum I - family.pl → Deadline: -
[2026-06-11 09:52:16]      • [Materi] Link File Praktikum II - 8-puzzles.ipynb → Deadline: -
[2026-06-11 09:52:20]      • [Materi] Video Tutorial: Mendownload File IPYNB di Virtual Class URL → Deadline: -
[2026-06-11 09:52:26]      • [Quiz] Post-Test (M8) → Deadline: Tidak diketahui
[2026-06-11 09:52:31]      • [Assignment] Laporan Akhir (M8) → Deadline: Saturday, 9 May 2026, 11:59 PM
[2026-06-11 09:52:36]      • [Quiz] Pre-Test (M9) → Deadline: Tidak diketahui
[2026-06-11 09:52:41]      • [Materi] Sesi Hands-on Praktikum URL → Deadline: -
[2026-06-11 09:52:45]      • [Quiz] Post-Test (M9) → Deadline: Tidak diketahui
[2026-06-11 09:52:49]      • [Assignment] Pengumpulan Tugas (M9) → Deadline: Saturday, 16 May 2026, 11:59 PM
[2026-06-11 09:52:53]      • [Quiz] Pre-Test (M3) → Deadline: Tidak diketahui
[2026-06-11 09:52:58]      • [Materi] Sesi Praktikum URL → Deadline: -
[2026-06-11 09:53:02]      • [Materi] Video Tutorial: Menambahkan File pada Mesin DGX URL → Deadline: -
[2026-06-11 09:53:05]      • [Quiz] Post-Test (M3) → Deadline: Tidak diketahui
[2026-06-11 09:53:09]      • [Assignment] Pengumpulan Tugas (M3) → Deadline: Saturday, 23 May 2026, 11:59 PM
[2026-06-11 09:53:14]      • [Quiz] Pre-Test (M7) → Deadline: Tidak diketahui
[2026-06-11 09:53:18]      • [Materi] Link File Praktikum I - 3-Tekrek-Find-Center.ipynb → Deadline: -
[2026-06-11 09:53:22]      • [Materi] Link File Praktikum II - 3-Tekrek-Sortest-Path.ipynb → Deadline: -
[2026-06-11 09:53:27]      • [Materi] Video Tutorial: Mendownload File IPYNB di Virtual Class URL → Deadline: -
[2026-06-11 09:53:31]      • [Quiz] Post-Test (M7) → Deadline: Tidak diketahui
[2026-06-11 09:53:36]      • [Assignment] Laporan Akhir (M7) → Deadline: Saturday, 23 May 2026, 11:59 PM
[2026-06-11 09:53:40] 📦 Total tugas ditemukan: 107
[2026-06-11 09:53:40] 💾 Disimpan ke python/node/tugas.json
[2026-06-11 18:00:40] 🔐 Login ke V-Class...
[2026-06-11 18:00:40] ✅ Login berhasil
[2026-06-11 18:00:40] 📚 Mengambil mata kuliah ID 108486 ...
[2026-06-11 18:00:40]   ➤ ATA 2025/2026 | 3KB01 | Jaringan Komputer Lanjut | VIVIEN NOVA FITHRIANA
[2026-06-11 18:00:40]      • [Materi] Announcements Forum → Deadline: -
[2026-06-11 18:00:45]      • [Materi] M1 File → Deadline: -
[2026-06-11 18:00:49]      • [Materi] M2 File → Deadline: -
[2026-06-11 18:00:53]      • [Materi] M3 File → Deadline: -
[2026-06-11 18:00:58]      • [Materi] M4 File → Deadline: -
[2026-06-11 18:01:03]      • [Materi] M5 File → Deadline: -
[2026-06-11 18:01:07]      • [Materi] M6 File → Deadline: -
[2026-06-11 18:01:12]      • [Materi] M7 File → Deadline: -
[2026-06-11 18:01:16]      • [Materi] VC-1 : Traffic dan Algoritma Kendali Kemacetan File → Deadline: -
[2026-06-11 18:01:21]      • [Materi] VC-1 : Traffic dan Algoritma Kendali Kemacetan File → Deadline: -
[2026-06-11 18:01:25]      • [Materi] Forum VC-1 : Traffic dan Algoritma Kendali Kemacetan → Deadline: -
[2026-06-11 18:01:30]      • [Quiz] Latihan Soal VC-1 : Traffic dan Algoritma Kendali Kemacetan → Deadline: Tidak diketahui
[2026-06-11 18:01:35]      • [Materi] VC-2 : Traffic dan Algoritma Kendali Kemacetan - Bagian 2 File → Deadline: -
[2026-06-11 18:01:39]      • [Materi] Forum VC-2 : Traffic dan Algoritma Kendali Kemacetan - Bagian 2 → Deadline: -
[2026-06-11 18:01:44]      • [Quiz] Latihan Soal VC-2 : Traffic dan Algoritma Kendali Kemacetan - Bagian 2 → Deadline: Tidak diketahui
[2026-06-11 18:01:48]      • [Materi] VC-3 : Lapisan Transport File → Deadline: -
[2026-06-11 18:01:53]      • [Materi] Forum VC-3 : Lapisan Transport → Deadline: -
[2026-06-11 18:01:58]      • [Quiz] Latihan Soal VC-3 : Lapisan Transport → Deadline: Wednesday, 15 July 2026, 11:59 PM
[2026-06-11 18:02:02] 📚 Mengambil mata kuliah ID 108172 ...
[2026-06-11 18:02:02]   ➤ ATA 2025/2026 | 3KB01 | Internet of Things (IoT) | PURNAWARMAN MUSA
[2026-06-11 18:02:02]      • [Materi] Announcements Forum → Deadline: -
[2026-06-11 18:02:06]      • [Materi] M6 File → Deadline: -
[2026-06-11 18:02:10]      • [Quiz] Soal (Tugas Individu) → Deadline: Tidak diketahui
[2026-06-11 18:02:15]      • [Quiz] Soal (Tugas Individu) → Deadline: Tidak diketahui
[2026-06-11 18:02:19] 📚 Mengambil mata kuliah ID 109563 ...
[2026-06-11 18:02:19]   ➤ ATA 2025/2026 | 3KB01 | Sistem Tertanam (Embedded) * | RIDHA ISKANDAR
[2026-06-11 18:02:19]      • [Materi] Selamat Datang di V-Class Sistem Tertanam (Embedded) Forum → Deadline: -
[2026-06-11 18:02:23]      • [Assignment] File 1 → Deadline: Sunday, 26 April 2026, 12:00 AM
[2026-06-11 18:02:28] 📚 Mengambil mata kuliah ID 109970 ...
[2026-06-11 18:02:28]   ➤ ATA 2025/2026 | 2EB10 | Bahasa Indonesia | MELANIAWATI
[2026-06-11 18:02:28] 📚 Mengambil mata kuliah ID 107919 ...
[2026-06-11 18:02:29]   ➤ ATA 2025/2026 | 3KB01 | Sistem Cerdas Lanjut | NUR SULTAN SALAHUDDIN
[2026-06-11 18:02:29]      • [Materi] Announcements Forum → Deadline: -
[2026-06-11 18:02:34]      • [Assignment] Sistem Kesehatan Cerdas → Deadline: Thursday, 21 May 2026, 12:00 AM
[2026-06-11 18:02:38]      • [Quiz] Sistem Kesehatan Cerdas → Deadline: Tidak diketahui
[2026-06-11 18:02:42] 📚 Mengambil mata kuliah ID 107291 ...
[2026-06-11 18:02:42]   ➤ ATA 2025/2026 | 3KB01 | Pengantarmukaan Perif.Komputer * | FARID THALIB
[2026-06-11 18:02:42]      • [Materi] Announcements Forum → Deadline: -
[2026-06-11 18:02:46] 📚 Mengambil mata kuliah ID 104438 ...
[2026-06-11 18:02:46]   ➤ ATA 2025/2026 | 3-FIKTI | Terapan Teori Graf | TEAM TEACHING
[2026-06-11 18:02:46]      • [Materi] PEMBERITAHUAN PELAKSANAAN TEAM TEACHING TERAPAN TEORI GRAF Forum → Deadline: -
[2026-06-11 18:02:50]      • [Materi] M1: Pendahuluan Teori Graf File → Deadline: -
[2026-06-11 18:02:54]      • [Materi] Video Literasi M1: Pendahuluan Teori Graf URL → Deadline: -
[2026-06-11 18:02:58]      • [Quiz] Kuis M1 [kelas PAGI] → Deadline: Tidak diketahui
[2026-06-11 18:03:02]      • [Quiz] Kuis M1 [kelas MALAM] → Deadline: Tidak diketahui
[2026-06-11 18:03:06]      • [Materi] M2: Graf Tidak Berarah dan Graf Berbobot File → Deadline: -
[2026-06-11 18:03:10]      • [Materi] Video Literasi M2 : Graf Tidak Berarah dan Graf Berbobot URL → Deadline: -
[2026-06-11 18:03:15]      • [Quiz] Kuis M2 [KELAS PAGI] : Graf Tidak Berarah dan Graf Berbobot → Deadline: Tidak diketahui
[2026-06-11 18:03:20]      • [Quiz] Kuis M2 [KELAS MALAM] : Graf Tidak Berarah dan Graf Berbobot → Deadline: Tidak diketahui
[2026-06-11 18:03:24]      • [Materi] M4 : Aplikasi Teori Graf di Teknik Elektro File → Deadline: -
[2026-06-11 18:03:28]      • [Materi] Video Literasi M4 : Aplikasi Teori Graf di Teknik Elektro URL → Deadline: -
[2026-06-11 18:03:32]      • [Quiz] Kuis M4 [KELAS PAGI]: Aplikasi Teori Graf di Teknik Elektro → Deadline: Tidak diketahui
[2026-06-11 18:03:36]      • [Quiz] Kuis M4 [KELAS MALAM]: Aplikasi Teori Graf di Teknik Elektro → Deadline: Tidak diketahui
[2026-06-11 18:03:41]      • [Materi] M5 : Knowledge Graph dan Database Graph File → Deadline: -
[2026-06-11 18:03:46]      • [Materi] Video Literasi  M5 : Knowledge Graph dan Database Graph URL → Deadline: -
[2026-06-11 18:03:51]      • [Quiz] Kuis M5 [KELAS PAGI] : nowledge Graph dan Database Graph → Deadline: Tidak diketahui
[2026-06-11 18:03:54]      • [Quiz] Kuis M5 [KELAS MALAM] : Knowledge Graph dan Database Graph → Deadline: Tidak diketahui
[2026-06-11 18:03:58]      • [Materi] M6 : Graf Berarah dan Implementasinya File → Deadline: -
[2026-06-11 18:04:03]      • [Materi] Video Literasi M6 : Graf Berarah dan Implementasinya URL → Deadline: -
[2026-06-11 18:04:07]      • [Quiz] Kuis M6 [KELAS PAGI] : Graf Berarah dan Implementasinya → Deadline: Tidak diketahui
[2026-06-11 18:04:11]      • [Quiz] Kuis M6 [KELAS MALAM] : Graf Berarah dan Implementasinya → Deadline: Tidak diketahui
[2026-06-11 18:04:16]      • [Materi] M8 : Penerapan Teori Graf di Bidang Teknik Sipil File → Deadline: -
[2026-06-11 18:04:20]      • [Materi] Video Literasi M8 : Penerapan Teori Graf di Bidang Teknik Sipil URL → Deadline: -
[2026-06-11 18:04:24]      • [Quiz] Kuis M8 [KELAS PAGI] : Penerapan Teori Graf di Bidang Teknik Sipil → Deadline: Tidak diketahui
[2026-06-11 18:04:28]      • [Quiz] Kuis M8 [KELAS MALAM] : Penerapan Teori Graf di Bidang Teknik Sipil → Deadline: Tidak diketahui
[2026-06-11 18:04:32]      • [Materi] M10 : Penerapan Teori Graf  di Bidang Teknik Industri File → Deadline: -
[2026-06-11 18:04:35]      • [Materi] Video Literasi M10 : Penerapan Teori Graf  di Bidang Teknik Industri URL → Deadline: -
[2026-06-11 18:04:40]      • [Quiz] Kuis M10 [kelas pagi] : Penerapan Teori Graf  di Bidang Teknik Industri → Deadline: Tidak diketahui
[2026-06-11 18:04:44]      • [Quiz] Kuis M10 [kelas malam]: Penerapan Teori Graf  di Bidang Teknik Industri → Deadline: Tidak diketahui
[2026-06-11 18:04:48] 📚 Mengambil mata kuliah ID 104413 ...
[2026-06-11 18:04:48]   ➤ ATA 2025/2026 | 3-FIKTI | Praktikum Terapan Teori Graf
[2026-06-11 18:04:48]      • [Materi] Panduan Praktikum  Forum → Deadline: -
[2026-06-11 18:04:53]      • [Materi] Panduan Google Collaboratory URL → Deadline: -
[2026-06-11 18:04:57]      • [Materi] Panduan Instalasi Anaconda URL → Deadline: -
[2026-06-11 18:05:02]      • [Quiz] Pre-Test (M1) → Deadline: Tidak diketahui
[2026-06-11 18:05:06]      • [Materi] 1.1  Pengantar: Teori Graf URL → Deadline: -
[2026-06-11 18:05:11]      • [Materi] 1.2  Sesi Hands-on Praktikum URL → Deadline: -
[2026-06-11 18:05:15]      • [Materi] 1.3 Tutorial Menambahkan File pada Mesin DGX URL → Deadline: -
[2026-06-11 18:05:19]      • [Quiz] Post-Test (M1) → Deadline: Tidak diketahui
[2026-06-11 18:05:23]      • [Assignment] Pengumpulan Tugas (M1) → Deadline: Saturday, 7 March 2026, 11:59 PM
[2026-06-11 18:05:28]      • [Quiz] Pre-Test (M2) → Deadline: Tidak diketahui
[2026-06-11 18:05:32]      • [Materi] 2.1  Pengantar: Berbagai Pemecahan Masalah Menggunakan Teori Graf Page → Deadline: -
[2026-06-11 18:05:36]      • [Quiz] Post-Test (M2) → Deadline: Tidak diketahui
[2026-06-11 18:05:41]      • [Assignment] Pengumpulan Tugas (M2) → Deadline: Saturday, 14 March 2026, 11:59 PM
[2026-06-11 18:05:45]      • [Quiz] Pre-Test (M4) → Deadline: Tidak diketahui
[2026-06-11 18:05:48]      • [Materi] 4.1  Pengantar: Breadth First Search URL → Deadline: -
[2026-06-11 18:05:53]      • [Materi] Sesi Praktikum File → Deadline: -
[2026-06-11 18:05:57]      • [Materi] Video Tutorial: Mendownload File IPYNB di Virtual Class URL → Deadline: -
[2026-06-11 18:06:01]      • [Quiz] Post-Test (M4) → Deadline: Tidak diketahui
[2026-06-11 18:06:05]      • [Assignment] Laporan Akhir (M4) → Deadline: Saturday, 11 April 2026, 11:59 PM
[2026-06-11 18:06:09]      • [Quiz] Pre-Test (M5) → Deadline: Tidak diketahui
[2026-06-11 18:06:13]      • [Materi] Sesi Praktikum URL → Deadline: -
[2026-06-11 18:06:18]      • [Quiz] Post-Test (M5) → Deadline: Tidak diketahui
[2026-06-11 18:06:23]      • [Assignment] Laporan Akhir (M5) → Deadline: Saturday, 18 April 2026, 11:59 PM
[2026-06-11 18:06:27]      • [Quiz] Pre-Test (M6) → Deadline: Tidak diketahui
[2026-06-11 18:06:32]      • [Materi] 6.1  Pendahuluan: Algoritma Dasar Tree URL → Deadline: -
[2026-06-11 18:06:36]      • [Materi] Sesi Praktikum File → Deadline: -
[2026-06-11 18:06:40]      • [Quiz] Post-Test (M6) → Deadline: Tidak diketahui
[2026-06-11 18:06:47]      • [Assignment] Laporan Akhir (M6) → Deadline: Saturday, 25 April 2026, 11:59 PM
[2026-06-11 18:06:53]      • [Quiz] Pre-Test (M8) → Deadline: Tidak diketahui
[2026-06-11 18:06:57]      • [Materi] 8.1  Pendahuluan: Implementasi Graph URL → Deadline: -
[2026-06-11 18:07:01]      • [Materi] Link File Praktikum I - family.pl → Deadline: -
[2026-06-11 18:07:06]      • [Materi] Link File Praktikum II - 8-puzzles.ipynb → Deadline: -
[2026-06-11 18:07:10]      • [Materi] Video Tutorial: Mendownload File IPYNB di Virtual Class URL → Deadline: -
[2026-06-11 18:07:14]      • [Quiz] Post-Test (M8) → Deadline: Tidak diketahui
[2026-06-11 18:07:19]      • [Assignment] Laporan Akhir (M8) → Deadline: Saturday, 9 May 2026, 11:59 PM
[2026-06-11 18:07:22]      • [Quiz] Pre-Test (M9) → Deadline: Tidak diketahui
[2026-06-11 18:07:27]      • [Materi] Sesi Hands-on Praktikum URL → Deadline: -
[2026-06-11 18:07:31]      • [Quiz] Post-Test (M9) → Deadline: Tidak diketahui
[2026-06-11 18:07:35]      • [Assignment] Pengumpulan Tugas (M9) → Deadline: Saturday, 16 May 2026, 11:59 PM
[2026-06-11 18:07:39]      • [Quiz] Pre-Test (M3) → Deadline: Tidak diketahui
[2026-06-11 18:07:43]      • [Materi] Sesi Praktikum URL → Deadline: -
[2026-06-11 18:07:47]      • [Materi] Video Tutorial: Menambahkan File pada Mesin DGX URL → Deadline: -
[2026-06-11 18:07:51]      • [Quiz] Post-Test (M3) → Deadline: Tidak diketahui
[2026-06-11 18:07:56]      • [Assignment] Pengumpulan Tugas (M3) → Deadline: Saturday, 23 May 2026, 11:59 PM
[2026-06-11 18:08:01]      • [Quiz] Pre-Test (M7) → Deadline: Tidak diketahui
[2026-06-11 18:08:05]      • [Materi] Link File Praktikum I - 3-Tekrek-Find-Center.ipynb → Deadline: -
[2026-06-11 18:08:09]      • [Materi] Link File Praktikum II - 3-Tekrek-Sortest-Path.ipynb → Deadline: -
[2026-06-11 18:08:14]      • [Materi] Video Tutorial: Mendownload File IPYNB di Virtual Class URL → Deadline: -
[2026-06-11 18:08:19]      • [Quiz] Post-Test (M7) → Deadline: Tidak diketahui
[2026-06-11 18:08:24]      • [Assignment] Laporan Akhir (M7) → Deadline: Saturday, 23 May 2026, 11:59 PM
[2026-06-11 18:08:28] 📦 Total tugas ditemukan: 107
[2026-06-11 18:08:28] 💾 Disimpan ke python/node/tugas.json
