[2026-07-10 09:45:48] 🔐 Login ke V-Class...
[2026-07-10 09:45:56] ✅ Login berhasil
[2026-07-10 09:45:56] 📚 Mengambil mata kuliah ID 108486 ...
[2026-07-10 09:45:57]   ➤ ATA 2025/2026 | 3KB01 | Jaringan Komputer Lanjut | VIVIEN NOVA FITHRIANA
[2026-07-10 09:45:57]      • [Materi] Announcements Forum → Deadline: -
[2026-07-10 09:46:02]      • [Materi] M1 File → Deadline: -
[2026-07-10 09:46:07]      • [Materi] M2 File → Deadline: -
[2026-07-10 09:46:11]      • [Materi] M3 File → Deadline: -
[2026-07-10 09:46:15]      • [Materi] M4 File → Deadline: -
[2026-07-10 09:46:20]      • [Materi] M5 File → Deadline: -
[2026-07-10 09:46:24]      • [Materi] M6 File → Deadline: -
[2026-07-10 09:46:27]      • [Materi] M7 File → Deadline: -
[2026-07-10 09:46:31]      • [Materi] VC-1 : Traffic dan Algoritma Kendali Kemacetan File → Deadline: -
[2026-07-10 09:46:36]      • [Materi] VC-1 : Traffic dan Algoritma Kendali Kemacetan File → Deadline: -
[2026-07-10 09:46:41]      • [Materi] Forum VC-1 : Traffic dan Algoritma Kendali Kemacetan → Deadline: -
[2026-07-10 09:46:56]      • [Quiz] Latihan Soal VC-1 : Traffic dan Algoritma Kendali Kemacetan → Deadline: Tidak diketahui
[2026-07-10 09:47:01]      • [Materi] VC-2 : Traffic dan Algoritma Kendali Kemacetan - Bagian 2 File → Deadline: -
[2026-07-10 09:47:05]      • [Materi] Forum VC-2 : Traffic dan Algoritma Kendali Kemacetan - Bagian 2 → Deadline: -
[2026-07-10 09:47:13]      • [Quiz] Latihan Soal VC-2 : Traffic dan Algoritma Kendali Kemacetan - Bagian 2 → Deadline: Tidak diketahui
[2026-07-10 09:47:18]      • [Materi] VC-3 : Lapisan Transport File → Deadline: -
[2026-07-10 09:47:22]      • [Materi] Forum VC-3 : Lapisan Transport → Deadline: -
[2026-07-10 09:47:32]      • [Quiz] Latihan Soal VC-3 : Lapisan Transport → Deadline: Wednesday, 15 July 2026, 11:59 PM
[2026-07-10 09:47:37] 📚 Mengambil mata kuliah ID 108172 ...
[2026-07-10 09:47:37]   ➤ ATA 2025/2026 | 3KB01 | Internet of Things (IoT) | PURNAWARMAN MUSA
[2026-07-10 09:47:37]      • [Materi] Announcements Forum → Deadline: -
[2026-07-10 09:47:41]      • [Materi] M6 File → Deadline: -
[2026-07-10 09:47:45]      • [Quiz] Soal (Tugas Individu) → Deadline: Tidak diketahui
[2026-07-10 09:47:51]      • [Quiz] Soal (Tugas Individu) → Deadline: Tidak diketahui
[2026-07-10 09:47:55] 📚 Mengambil mata kuliah ID 109563 ...
[2026-07-10 09:47:55]   ➤ ATA 2025/2026 | 3KB01 | Sistem Tertanam (Embedded) * | RIDHA ISKANDAR
[2026-07-10 09:47:55]      • [Materi] Selamat Datang di V-Class Sistem Tertanam (Embedded) Forum → Deadline: -
[2026-07-10 09:48:00]      • [Assignment] File 1 → Deadline: Sunday, 26 April 2026, 12:00 AM
[2026-07-10 09:48:05] 📚 Mengambil mata kuliah ID 109970 ...
[2026-07-10 09:48:05]   ➤ ATA 2025/2026 | 2EB10 | Bahasa Indonesia | MELANIAWATI
[2026-07-10 09:48:05] 📚 Mengambil mata kuliah ID 107919 ...
[2026-07-10 09:48:09]   ➤ ATA 2025/2026 | 3KB01 | Sistem Cerdas Lanjut | NUR SULTAN SALAHUDDIN
[2026-07-10 09:48:09]      • [Materi] Announcements Forum → Deadline: -
[2026-07-10 09:48:13]      • [Assignment] Sistem Kesehatan Cerdas → Deadline: Thursday, 21 May 2026, 12:00 AM
[2026-07-10 09:48:17]      • [Quiz] Sistem Kesehatan Cerdas → Deadline: Tidak diketahui
[2026-07-10 09:48:22] 📚 Mengambil mata kuliah ID 107291 ...
[2026-07-10 09:48:22]   ➤ ATA 2025/2026 | 3KB01 | Pengantarmukaan Perif.Komputer * | FARID THALIB
[2026-07-10 09:48:22]      • [Materi] Announcements Forum → Deadline: -
[2026-07-10 09:48:26] 📚 Mengambil mata kuliah ID 104438 ...
[2026-07-10 09:48:29]   ➤ ATA 2025/2026 | 3-FIKTI | Terapan Teori Graf | TEAM TEACHING
[2026-07-10 09:48:29]      • [Materi] PEMBERITAHUAN UTS SUSULAN File → Deadline: -
[2026-07-10 09:48:33]      • [Materi] PEMBERITAHUAN PELAKSANAAN TEAM TEACHING TERAPAN TEORI GRAF Forum → Deadline: -
[2026-07-10 09:48:37]      • [Materi] M1: Pendahuluan Teori Graf File → Deadline: -
[2026-07-10 09:48:41]      • [Materi] Video Literasi M1: Pendahuluan Teori Graf URL → Deadline: -
[2026-07-10 09:48:46]      • [Quiz] Kuis M1 [kelas PAGI] → Deadline: Tidak diketahui
[2026-07-10 09:48:51]      • [Quiz] Kuis M1 [kelas MALAM] → Deadline: Tidak diketahui
[2026-07-10 09:48:55]      • [Materi] M2: Graf Tidak Berarah dan Graf Berbobot File → Deadline: -
[2026-07-10 09:48:58]      • [Materi] Video Literasi M2 : Graf Tidak Berarah dan Graf Berbobot URL → Deadline: -
[2026-07-10 09:49:05]      • [Quiz] Kuis M2 [KELAS PAGI] : Graf Tidak Berarah dan Graf Berbobot → Deadline: Tidak diketahui
[2026-07-10 09:49:10]      • [Quiz] Kuis M2 [KELAS MALAM] : Graf Tidak Berarah dan Graf Berbobot → Deadline: Tidak diketahui
[2026-07-10 09:49:14]      • [Materi] M4 : Aplikasi Teori Graf di Teknik Elektro File → Deadline: -
[2026-07-10 09:49:19]      • [Materi] Video Literasi M4 : Aplikasi Teori Graf di Teknik Elektro URL → Deadline: -
[2026-07-10 09:49:25]      • [Quiz] Kuis M4 [KELAS PAGI]: Aplikasi Teori Graf di Teknik Elektro → Deadline: Tidak diketahui
[2026-07-10 09:49:32]      • [Quiz] Kuis M4 [KELAS MALAM]: Aplikasi Teori Graf di Teknik Elektro → Deadline: Tidak diketahui
[2026-07-10 09:49:36]      • [Materi] M5 : Knowledge Graph dan Database Graph File → Deadline: -
[2026-07-10 09:49:41]      • [Materi] Video Literasi  M5 : Knowledge Graph dan Database Graph URL → Deadline: -
[2026-07-10 09:49:48]      • [Quiz] Kuis M5 [KELAS PAGI] : nowledge Graph dan Database Graph → Deadline: Tidak diketahui
[2026-07-10 09:49:53]      • [Quiz] Kuis M5 [KELAS MALAM] : Knowledge Graph dan Database Graph → Deadline: Tidak diketahui
[2026-07-10 09:49:56]      • [Materi] M6 : Graf Berarah dan Implementasinya File → Deadline: -
[2026-07-10 09:50:00]      • [Materi] Video Literasi M6 : Graf Berarah dan Implementasinya URL → Deadline: -
[2026-07-10 09:50:05]      • [Quiz] Kuis M6 [KELAS PAGI] : Graf Berarah dan Implementasinya → Deadline: Tidak diketahui
[2026-07-10 09:50:09]      • [Quiz] Kuis M6 [KELAS MALAM] : Graf Berarah dan Implementasinya → Deadline: Tidak diketahui
[2026-07-10 09:50:14]      • [Materi] M8 : Penerapan Teori Graf di Bidang Teknik Sipil File → Deadline: -
[2026-07-10 09:50:18]      • [Materi] Video Literasi M8 : Penerapan Teori Graf di Bidang Teknik Sipil URL → Deadline: -
[2026-07-10 09:50:25]      • [Quiz] Kuis M8 [KELAS PAGI] : Penerapan Teori Graf di Bidang Teknik Sipil → Deadline: Tidak diketahui
[2026-07-10 09:50:29]      • [Quiz] Kuis M8 [KELAS MALAM] : Penerapan Teori Graf di Bidang Teknik Sipil → Deadline: Tidak diketahui
[2026-07-10 09:50:34]      • [Materi] M10 : Penerapan Teori Graf  di Bidang Teknik Industri File → Deadline: -
[2026-07-10 09:50:38]      • [Materi] Video Literasi M10 : Penerapan Teori Graf  di Bidang Teknik Industri URL → Deadline: -
[2026-07-10 09:50:46]      • [Quiz] Kuis M10 [kelas pagi] : Penerapan Teori Graf  di Bidang Teknik Industri → Deadline: Tidak diketahui
[2026-07-10 09:50:51]      • [Quiz] Kuis M10 [kelas malam]: Penerapan Teori Graf  di Bidang Teknik Industri → Deadline: Tidak diketahui
[2026-07-10 09:50:54]      • [Materi] M11 : Program Dinamis dan Permasalahan Tata Letak Fasilitas File → Deadline: -
[2026-07-10 09:50:59]      • [Materi] video literasi : Program Dinamis dan Permasalahan Tata Letak Fasilitas URL → Deadline: -
[2026-07-10 09:51:10]      • [Quiz] Kuis M11 [kelas PAGI]: Program Dinamis dan Permasalahan Tata Letak Fasilitas → Deadline: Tidak diketahui
[2026-07-10 09:51:16]      • [Quiz] Kuis M11 [kelas MALAM]: Program Dinamis dan Permasalahan Tata Letak Fasilitas → Deadline: Tidak diketahui
[2026-07-10 09:51:20]      • [Materi] M12: Algoritma Greedy pada Graf File → Deadline: -
[2026-07-10 09:51:24]      • [Materi] Video literasi M12: Algoritma Greedy pada Graf URL → Deadline: -
[2026-07-10 09:51:29]      • [Quiz] Kuis M12 [kelas PAGI] → Deadline: Tidak diketahui
[2026-07-10 09:51:35]      • [Quiz] Kuis M12 [kelas MALAM] → Deadline: Tidak diketahui
[2026-07-10 09:51:39]      • [Materi] Video Literasi M13 : Graph Theory Implementation in Oil Mining Company URL → Deadline: -
[2026-07-10 09:51:45]      • [Quiz] Kuis M13 [PAGI]: Graph Theory Implementation in Oil Mining Company → Deadline: Friday, 10 July 2026, 3:00 PM
[2026-07-10 09:51:49]      • [Quiz] Kuis M13 [MALAM]: Graph Theory Implementation in Oil Mining Company → Deadline: Friday, 10 July 2026, 9:00 PM
[2026-07-10 09:51:53] 📚 Mengambil mata kuliah ID 104413 ...
[2026-07-10 09:51:53]   ➤ ATA 2025/2026 | 3-FIKTI | Praktikum Terapan Teori Graf
[2026-07-10 09:51:53]      • [Materi] Panduan Praktikum  Forum → Deadline: -
[2026-07-10 09:51:58]      • [Materi] Panduan Google Collaboratory URL → Deadline: -
[2026-07-10 09:52:03]      • [Materi] Panduan Instalasi Anaconda URL → Deadline: -
[2026-07-10 09:52:13]      • [Quiz] Pre-Test (M1) → Deadline: Tidak diketahui
[2026-07-10 09:52:18]      • [Materi] 1.1  Pengantar: Teori Graf URL → Deadline: -
[2026-07-10 09:52:21]      • [Materi] 1.2  Sesi Hands-on Praktikum URL → Deadline: -
[2026-07-10 09:52:26]      • [Materi] 1.3 Tutorial Menambahkan File pada Mesin DGX URL → Deadline: -
[2026-07-10 09:52:36]      • [Quiz] Post-Test (M1) → Deadline: Tidak diketahui
[2026-07-10 09:52:42]      • [Assignment] Pengumpulan Tugas (M1) → Deadline: Saturday, 7 March 2026, 11:59 PM
[2026-07-10 09:52:48]      • [Quiz] Pre-Test (M2) → Deadline: Tidak diketahui
[2026-07-10 09:52:53]      • [Materi] 2.1  Pengantar: Berbagai Pemecahan Masalah Menggunakan Teori Graf Page → Deadline: -
[2026-07-10 09:52:58]      • [Quiz] Post-Test (M2) → Deadline: Tidak diketahui
[2026-07-10 09:53:03]      • [Assignment] Pengumpulan Tugas (M2) → Deadline: Saturday, 14 March 2026, 11:59 PM
[2026-07-10 09:53:09]      • [Quiz] Pre-Test (M4) → Deadline: Tidak diketahui
[2026-07-10 09:53:13]      • [Materi] 4.1  Pengantar: Breadth First Search URL → Deadline: -
[2026-07-10 09:53:17]      • [Materi] Sesi Praktikum File → Deadline: -
[2026-07-10 09:53:22]      • [Materi] Video Tutorial: Mendownload File IPYNB di Virtual Class URL → Deadline: -
[2026-07-10 09:53:28]      • [Quiz] Post-Test (M4) → Deadline: Tidak diketahui
[2026-07-10 09:53:33]      • [Assignment] Laporan Akhir (M4) → Deadline: Saturday, 11 April 2026, 11:59 PM
[2026-07-10 09:53:38]      • [Quiz] Pre-Test (M5) → Deadline: Tidak diketahui
[2026-07-10 09:53:41]      • [Materi] Sesi Praktikum URL → Deadline: -
[2026-07-10 09:53:46]      • [Quiz] Post-Test (M5) → Deadline: Tidak diketahui
[2026-07-10 09:53:52]      • [Assignment] Laporan Akhir (M5) → Deadline: Saturday, 18 April 2026, 11:59 PM
[2026-07-10 09:53:57]      • [Quiz] Pre-Test (M6) → Deadline: Tidak diketahui
[2026-07-10 09:54:01]      • [Materi] 6.1  Pendahuluan: Algoritma Dasar Tree URL → Deadline: -
[2026-07-10 09:54:05]      • [Materi] Sesi Praktikum File → Deadline: -
[2026-07-10 09:54:09]      • [Quiz] Post-Test (M6) → Deadline: Tidak diketahui
[2026-07-10 09:54:13]      • [Assignment] Laporan Akhir (M6) → Deadline: Saturday, 25 April 2026, 11:59 PM
[2026-07-10 09:54:18]      • [Quiz] Pre-Test (M8) → Deadline: Tidak diketahui
[2026-07-10 09:54:22]      • [Materi] 8.1  Pendahuluan: Implementasi Graph URL → Deadline: -
[2026-07-10 09:54:26]      • [Materi] Link File Praktikum I - family.pl → Deadline: -
[2026-07-10 09:54:30]      • [Materi] Link File Praktikum II - 8-puzzles.ipynb → Deadline: -
[2026-07-10 09:54:33]      • [Materi] Video Tutorial: Mendownload File IPYNB di Virtual Class URL → Deadline: -
[2026-07-10 09:54:37]      • [Quiz] Post-Test (M8) → Deadline: Tidak diketahui
[2026-07-10 09:54:42]      • [Assignment] Laporan Akhir (M8) → Deadline: Saturday, 9 May 2026, 11:59 PM
[2026-07-10 09:54:45]      • [Quiz] Pre-Test (M9) → Deadline: Tidak diketahui
[2026-07-10 09:54:50]      • [Materi] Sesi Hands-on Praktikum URL → Deadline: -
[2026-07-10 09:54:53]      • [Quiz] Post-Test (M9) → Deadline: Tidak diketahui
[2026-07-10 09:54:57]      • [Assignment] Pengumpulan Tugas (M9) → Deadline: Saturday, 16 May 2026, 11:59 PM
[2026-07-10 09:55:02]      • [Quiz] Pre-Test (M3) → Deadline: Tidak diketahui
[2026-07-10 09:55:05]      • [Materi] Sesi Praktikum URL → Deadline: -
[2026-07-10 09:55:09]      • [Materi] Video Tutorial: Menambahkan File pada Mesin DGX URL → Deadline: -
[2026-07-10 09:55:14]      • [Quiz] Post-Test (M3) → Deadline: Tidak diketahui
[2026-07-10 09:55:19]      • [Assignment] Pengumpulan Tugas (M3) → Deadline: Saturday, 23 May 2026, 11:59 PM
[2026-07-10 09:55:24]      • [Quiz] Pre-Test (M7) → Deadline: Tidak diketahui
[2026-07-10 09:55:28]      • [Materi] Link File Praktikum I - 3-Tekrek-Find-Center.ipynb → Deadline: -
[2026-07-10 09:55:33]      • [Materi] Link File Praktikum II - 3-Tekrek-Sortest-Path.ipynb → Deadline: -
[2026-07-10 09:55:37]      • [Materi] Video Tutorial: Mendownload File IPYNB di Virtual Class URL → Deadline: -
[2026-07-10 09:55:41]      • [Quiz] Post-Test (M7) → Deadline: Tidak diketahui
[2026-07-10 09:55:46]      • [Assignment] Laporan Akhir (M7) → Deadline: Saturday, 23 May 2026, 11:59 PM
[2026-07-10 09:55:51] 📦 Total tugas ditemukan: 119
[2026-07-10 09:55:51] 💾 Disimpan ke python/node/tugas.json
[2026-07-10 18:00:52] 🔐 Login ke V-Class...
[2026-07-10 18:00:52] ✅ Login berhasil
[2026-07-10 18:00:52] 📚 Mengambil mata kuliah ID 108486 ...
[2026-07-10 18:00:52]   ➤ ATA 2025/2026 | 3KB01 | Jaringan Komputer Lanjut | VIVIEN NOVA FITHRIANA
[2026-07-10 18:00:52]      • [Materi] Announcements Forum → Deadline: -
[2026-07-10 18:00:56]      • [Materi] M1 File → Deadline: -
[2026-07-10 18:01:00]      • [Materi] M2 File → Deadline: -
[2026-07-10 18:01:04]      • [Materi] M3 File → Deadline: -
[2026-07-10 18:01:08]      • [Materi] M4 File → Deadline: -
[2026-07-10 18:01:12]      • [Materi] M5 File → Deadline: -
[2026-07-10 18:01:16]      • [Materi] M6 File → Deadline: -
[2026-07-10 18:01:20]      • [Materi] M7 File → Deadline: -
[2026-07-10 18:01:24]      • [Materi] VC-1 : Traffic dan Algoritma Kendali Kemacetan File → Deadline: -
[2026-07-10 18:01:28]      • [Materi] VC-1 : Traffic dan Algoritma Kendali Kemacetan File → Deadline: -
[2026-07-10 18:01:32]      • [Materi] Forum VC-1 : Traffic dan Algoritma Kendali Kemacetan → Deadline: -
[2026-07-10 18:01:37]      • [Quiz] Latihan Soal VC-1 : Traffic dan Algoritma Kendali Kemacetan → Deadline: Tidak diketahui
[2026-07-10 18:01:41]      • [Materi] VC-2 : Traffic dan Algoritma Kendali Kemacetan - Bagian 2 File → Deadline: -
[2026-07-10 18:01:45]      • [Materi] Forum VC-2 : Traffic dan Algoritma Kendali Kemacetan - Bagian 2 → Deadline: -
[2026-07-10 18:01:50]      • [Quiz] Latihan Soal VC-2 : Traffic dan Algoritma Kendali Kemacetan - Bagian 2 → Deadline: Tidak diketahui
[2026-07-10 18:01:54]      • [Materi] VC-3 : Lapisan Transport File → Deadline: -
[2026-07-10 18:01:58]      • [Materi] Forum VC-3 : Lapisan Transport → Deadline: -
[2026-07-10 18:02:02]      • [Quiz] Latihan Soal VC-3 : Lapisan Transport → Deadline: Wednesday, 15 July 2026, 11:59 PM
[2026-07-10 18:02:06] 📚 Mengambil mata kuliah ID 108172 ...
[2026-07-10 18:02:07]   ➤ ATA 2025/2026 | 3KB01 | Internet of Things (IoT) | PURNAWARMAN MUSA
[2026-07-10 18:02:07]      • [Materi] Announcements Forum → Deadline: -
[2026-07-10 18:02:11]      • [Materi] M6 File → Deadline: -
[2026-07-10 18:02:16]      • [Quiz] Soal (Tugas Individu) → Deadline: Tidak diketahui
[2026-07-10 18:02:20]      • [Quiz] Soal (Tugas Individu) → Deadline: Tidak diketahui
[2026-07-10 18:02:25] 📚 Mengambil mata kuliah ID 109563 ...
[2026-07-10 18:02:25]   ➤ ATA 2025/2026 | 3KB01 | Sistem Tertanam (Embedded) * | RIDHA ISKANDAR
[2026-07-10 18:02:25]      • [Materi] Selamat Datang di V-Class Sistem Tertanam (Embedded) Forum → Deadline: -
[2026-07-10 18:02:29]      • [Assignment] File 1 → Deadline: Sunday, 26 April 2026, 12:00 AM
[2026-07-10 18:02:33] 📚 Mengambil mata kuliah ID 109970 ...
[2026-07-10 18:02:34]   ➤ ATA 2025/2026 | 2EB10 | Bahasa Indonesia | MELANIAWATI
[2026-07-10 18:02:34] 📚 Mengambil mata kuliah ID 107919 ...
[2026-07-10 18:02:34]   ➤ ATA 2025/2026 | 3KB01 | Sistem Cerdas Lanjut | NUR SULTAN SALAHUDDIN
[2026-07-10 18:02:34]      • [Materi] Announcements Forum → Deadline: -
[2026-07-10 18:02:38]      • [Assignment] Sistem Kesehatan Cerdas → Deadline: Thursday, 21 May 2026, 12:00 AM
[2026-07-10 18:02:42]      • [Quiz] Sistem Kesehatan Cerdas → Deadline: Tidak diketahui
[2026-07-10 18:02:47] 📚 Mengambil mata kuliah ID 107291 ...
[2026-07-10 18:02:47]   ➤ ATA 2025/2026 | 3KB01 | Pengantarmukaan Perif.Komputer * | FARID THALIB
[2026-07-10 18:02:47]      • [Materi] Announcements Forum → Deadline: -
[2026-07-10 18:02:51] 📚 Mengambil mata kuliah ID 104438 ...
[2026-07-10 18:02:52]   ➤ ATA 2025/2026 | 3-FIKTI | Terapan Teori Graf | TEAM TEACHING
[2026-07-10 18:02:52]      • [Materi] PEMBERITAHUAN UTS SUSULAN File → Deadline: -
[2026-07-10 18:02:56]      • [Materi] PEMBERITAHUAN PELAKSANAAN TEAM TEACHING TERAPAN TEORI GRAF Forum → Deadline: -
[2026-07-10 18:03:00]      • [Materi] M1: Pendahuluan Teori Graf File → Deadline: -
[2026-07-10 18:03:05]      • [Materi] Video Literasi M1: Pendahuluan Teori Graf URL → Deadline: -
[2026-07-10 18:03:10]      • [Quiz] Kuis M1 [kelas PAGI] → Deadline: Tidak diketahui
[2026-07-10 18:03:14]      • [Quiz] Kuis M1 [kelas MALAM] → Deadline: Tidak diketahui
[2026-07-10 18:03:19]      • [Materi] M2: Graf Tidak Berarah dan Graf Berbobot File → Deadline: -
[2026-07-10 18:03:24]      • [Materi] Video Literasi M2 : Graf Tidak Berarah dan Graf Berbobot URL → Deadline: -
[2026-07-10 18:03:28]      • [Quiz] Kuis M2 [KELAS PAGI] : Graf Tidak Berarah dan Graf Berbobot → Deadline: Tidak diketahui
[2026-07-10 18:03:31]      • [Quiz] Kuis M2 [KELAS MALAM] : Graf Tidak Berarah dan Graf Berbobot → Deadline: Tidak diketahui
[2026-07-10 18:03:36]      • [Materi] M4 : Aplikasi Teori Graf di Teknik Elektro File → Deadline: -
[2026-07-10 18:03:40]      • [Materi] Video Literasi M4 : Aplikasi Teori Graf di Teknik Elektro URL → Deadline: -
[2026-07-10 18:03:45]      • [Quiz] Kuis M4 [KELAS PAGI]: Aplikasi Teori Graf di Teknik Elektro → Deadline: Tidak diketahui
[2026-07-10 18:03:50]      • [Quiz] Kuis M4 [KELAS MALAM]: Aplikasi Teori Graf di Teknik Elektro → Deadline: Tidak diketahui
[2026-07-10 18:03:55]      • [Materi] M5 : Knowledge Graph dan Database Graph File → Deadline: -
[2026-07-10 18:04:00]      • [Materi] Video Literasi  M5 : Knowledge Graph dan Database Graph URL → Deadline: -
[2026-07-10 18:04:04]      • [Quiz] Kuis M5 [KELAS PAGI] : nowledge Graph dan Database Graph → Deadline: Tidak diketahui
[2026-07-10 18:04:08]      • [Quiz] Kuis M5 [KELAS MALAM] : Knowledge Graph dan Database Graph → Deadline: Tidak diketahui
[2026-07-10 18:04:12]      • [Materi] M6 : Graf Berarah dan Implementasinya File → Deadline: -
[2026-07-10 18:04:16]      • [Materi] Video Literasi M6 : Graf Berarah dan Implementasinya URL → Deadline: -
[2026-07-10 18:04:20]      • [Quiz] Kuis M6 [KELAS PAGI] : Graf Berarah dan Implementasinya → Deadline: Tidak diketahui
[2026-07-10 18:04:25]      • [Quiz] Kuis M6 [KELAS MALAM] : Graf Berarah dan Implementasinya → Deadline: Tidak diketahui
[2026-07-10 18:04:29]      • [Materi] M8 : Penerapan Teori Graf di Bidang Teknik Sipil File → Deadline: -
[2026-07-10 18:04:33]      • [Materi] Video Literasi M8 : Penerapan Teori Graf di Bidang Teknik Sipil URL → Deadline: -
[2026-07-10 18:04:37]      • [Quiz] Kuis M8 [KELAS PAGI] : Penerapan Teori Graf di Bidang Teknik Sipil → Deadline: Tidak diketahui
[2026-07-10 18:04:41]      • [Quiz] Kuis M8 [KELAS MALAM] : Penerapan Teori Graf di Bidang Teknik Sipil → Deadline: Tidak diketahui
[2026-07-10 18:04:46]      • [Materi] M10 : Penerapan Teori Graf  di Bidang Teknik Industri File → Deadline: -
[2026-07-10 18:04:50]      • [Materi] Video Literasi M10 : Penerapan Teori Graf  di Bidang Teknik Industri URL → Deadline: -
[2026-07-10 18:04:55]      • [Quiz] Kuis M10 [kelas pagi] : Penerapan Teori Graf  di Bidang Teknik Industri → Deadline: Tidak diketahui
[2026-07-10 18:04:59]      • [Quiz] Kuis M10 [kelas malam]: Penerapan Teori Graf  di Bidang Teknik Industri → Deadline: Tidak diketahui
[2026-07-10 18:05:03]      • [Materi] M11 : Program Dinamis dan Permasalahan Tata Letak Fasilitas File → Deadline: -
[2026-07-10 18:05:07]      • [Materi] video literasi : Program Dinamis dan Permasalahan Tata Letak Fasilitas URL → Deadline: -
[2026-07-10 18:05:11]      • [Quiz] Kuis M11 [kelas PAGI]: Program Dinamis dan Permasalahan Tata Letak Fasilitas → Deadline: Tidak diketahui
[2026-07-10 18:05:16]      • [Quiz] Kuis M11 [kelas MALAM]: Program Dinamis dan Permasalahan Tata Letak Fasilitas → Deadline: Tidak diketahui
[2026-07-10 18:05:19]      • [Materi] M12: Algoritma Greedy pada Graf File → Deadline: -
[2026-07-10 18:05:24]      • [Materi] Video literasi M12: Algoritma Greedy pada Graf URL → Deadline: -
[2026-07-10 18:05:28]      • [Quiz] Kuis M12 [kelas PAGI] → Deadline: Tidak diketahui
[2026-07-10 18:05:32]      • [Quiz] Kuis M12 [kelas MALAM] → Deadline: Tidak diketahui
[2026-07-10 18:05:37]      • [Materi] Video Literasi M13 : Graph Theory Implementation in Oil Mining Company URL → Deadline: -
[2026-07-10 18:05:41]      • [Quiz] Kuis M13 [PAGI]: Graph Theory Implementation in Oil Mining Company → Deadline: Tidak diketahui
[2026-07-10 18:05:45]      • [Quiz] Kuis M13 [MALAM]: Graph Theory Implementation in Oil Mining Company → Deadline: Friday, 10 July 2026, 9:00 PM
[2026-07-10 18:05:49] 📚 Mengambil mata kuliah ID 104413 ...
[2026-07-10 18:05:50]   ➤ ATA 2025/2026 | 3-FIKTI | Praktikum Terapan Teori Graf
[2026-07-10 18:05:50]      • [Materi] Panduan Praktikum  Forum → Deadline: -
[2026-07-10 18:05:53]      • [Materi] Panduan Google Collaboratory URL → Deadline: -
[2026-07-10 18:05:58]      • [Materi] Panduan Instalasi Anaconda URL → Deadline: -
[2026-07-10 18:06:03]      • [Quiz] Pre-Test (M1) → Deadline: Tidak diketahui
[2026-07-10 18:06:07]      • [Materi] 1.1  Pengantar: Teori Graf URL → Deadline: -
[2026-07-10 18:06:12]      • [Materi] 1.2  Sesi Hands-on Praktikum URL → Deadline: -
[2026-07-10 18:06:16]      • [Materi] 1.3 Tutorial Menambahkan File pada Mesin DGX URL → Deadline: -
[2026-07-10 18:06:21]      • [Quiz] Post-Test (M1) → Deadline: Tidak diketahui
[2026-07-10 18:06:25]      • [Assignment] Pengumpulan Tugas (M1) → Deadline: Saturday, 7 March 2026, 11:59 PM
[2026-07-10 18:06:30]      • [Quiz] Pre-Test (M2) → Deadline: Tidak diketahui
[2026-07-10 18:06:35]      • [Materi] 2.1  Pengantar: Berbagai Pemecahan Masalah Menggunakan Teori Graf Page → Deadline: -
[2026-07-10 18:06:40]      • [Quiz] Post-Test (M2) → Deadline: Tidak diketahui
[2026-07-10 18:06:44]      • [Assignment] Pengumpulan Tugas (M2) → Deadline: Saturday, 14 March 2026, 11:59 PM
[2026-07-10 18:06:48]      • [Quiz] Pre-Test (M4) → Deadline: Tidak diketahui
[2026-07-10 18:06:52]      • [Materi] 4.1  Pengantar: Breadth First Search URL → Deadline: -
[2026-07-10 18:06:56]      • [Materi] Sesi Praktikum File → Deadline: -
[2026-07-10 18:07:00]      • [Materi] Video Tutorial: Mendownload File IPYNB di Virtual Class URL → Deadline: -
[2026-07-10 18:07:04]      • [Quiz] Post-Test (M4) → Deadline: Tidak diketahui
[2026-07-10 18:07:09]      • [Assignment] Laporan Akhir (M4) → Deadline: Saturday, 11 April 2026, 11:59 PM
[2026-07-10 18:07:13]      • [Quiz] Pre-Test (M5) → Deadline: Tidak diketahui
[2026-07-10 18:07:17]      • [Materi] Sesi Praktikum URL → Deadline: -
[2026-07-10 18:07:22]      • [Quiz] Post-Test (M5) → Deadline: Tidak diketahui
[2026-07-10 18:07:26]      • [Assignment] Laporan Akhir (M5) → Deadline: Saturday, 18 April 2026, 11:59 PM
[2026-07-10 18:07:30]      • [Quiz] Pre-Test (M6) → Deadline: Tidak diketahui
[2026-07-10 18:07:35]      • [Materi] 6.1  Pendahuluan: Algoritma Dasar Tree URL → Deadline: -
[2026-07-10 18:07:39]      • [Materi] Sesi Praktikum File → Deadline: -
[2026-07-10 18:07:43]      • [Quiz] Post-Test (M6) → Deadline: Tidak diketahui
[2026-07-10 18:07:48]      • [Assignment] Laporan Akhir (M6) → Deadline: Saturday, 25 April 2026, 11:59 PM
[2026-07-10 18:07:51]      • [Quiz] Pre-Test (M8) → Deadline: Tidak diketahui
[2026-07-10 18:07:56]      • [Materi] 8.1  Pendahuluan: Implementasi Graph URL → Deadline: -
[2026-07-10 18:07:59]      • [Materi] Link File Praktikum I - family.pl → Deadline: -
[2026-07-10 18:08:04]      • [Materi] Link File Praktikum II - 8-puzzles.ipynb → Deadline: -
[2026-07-10 18:08:08]      • [Materi] Video Tutorial: Mendownload File IPYNB di Virtual Class URL → Deadline: -
[2026-07-10 18:08:12]      • [Quiz] Post-Test (M8) → Deadline: Tidak diketahui
[2026-07-10 18:08:16]      • [Assignment] Laporan Akhir (M8) → Deadline: Saturday, 9 May 2026, 11:59 PM
[2026-07-10 18:08:21]      • [Quiz] Pre-Test (M9) → Deadline: Tidak diketahui
[2026-07-10 18:08:26]      • [Materi] Sesi Hands-on Praktikum URL → Deadline: -
[2026-07-10 18:08:30]      • [Quiz] Post-Test (M9) → Deadline: Tidak diketahui
[2026-07-10 18:08:34]      • [Assignment] Pengumpulan Tugas (M9) → Deadline: Saturday, 16 May 2026, 11:59 PM
[2026-07-10 18:08:38]      • [Quiz] Pre-Test (M3) → Deadline: Tidak diketahui
[2026-07-10 18:08:43]      • [Materi] Sesi Praktikum URL → Deadline: -
[2026-07-10 18:08:47]      • [Materi] Video Tutorial: Menambahkan File pada Mesin DGX URL → Deadline: -
[2026-07-10 18:08:50]      • [Quiz] Post-Test (M3) → Deadline: Tidak diketahui
[2026-07-10 18:08:55]      • [Assignment] Pengumpulan Tugas (M3) → Deadline: Saturday, 23 May 2026, 11:59 PM
[2026-07-10 18:08:59]      • [Quiz] Pre-Test (M7) → Deadline: Tidak diketahui
[2026-07-10 18:09:03]      • [Materi] Link File Praktikum I - 3-Tekrek-Find-Center.ipynb → Deadline: -
[2026-07-10 18:09:08]      • [Materi] Link File Praktikum II - 3-Tekrek-Sortest-Path.ipynb → Deadline: -
[2026-07-10 18:09:12]      • [Materi] Video Tutorial: Mendownload File IPYNB di Virtual Class URL → Deadline: -
[2026-07-10 18:09:17]      • [Quiz] Post-Test (M7) → Deadline: Tidak diketahui
[2026-07-10 18:09:22]      • [Assignment] Laporan Akhir (M7) → Deadline: Saturday, 23 May 2026, 11:59 PM
[2026-07-10 18:09:26] 📦 Total tugas ditemukan: 119
[2026-07-10 18:09:26] 💾 Disimpan ke python/node/tugas.json
