[2026-07-29 10:56:02] 🔐 Login ke V-Class...
[2026-07-29 10:56:03] ✅ Login berhasil
[2026-07-29 10:56:03] 📚 Mengambil mata kuliah ID 108486 ...
[2026-07-29 10:56:03]   ➤ ATA 2025/2026 | 3KB01 | Jaringan Komputer Lanjut | VIVIEN NOVA FITHRIANA
[2026-07-29 10:56:03]      • [Materi] Announcements Forum → Deadline: -
[2026-07-29 10:56:07]      • [Materi] M1 File → Deadline: -
[2026-07-29 10:56:11]      • [Materi] M2 File → Deadline: -
[2026-07-29 10:56:15]      • [Materi] M3 File → Deadline: -
[2026-07-29 10:56:18]      • [Materi] M4 File → Deadline: -
[2026-07-29 10:56:23]      • [Materi] M5 File → Deadline: -
[2026-07-29 10:56:27]      • [Materi] M6 File → Deadline: -
[2026-07-29 10:56:32]      • [Materi] M7 File → Deadline: -
[2026-07-29 10:56:36]      • [Materi] VC-1 : Traffic dan Algoritma Kendali Kemacetan File → Deadline: -
[2026-07-29 10:56:40]      • [Materi] VC-1 : Traffic dan Algoritma Kendali Kemacetan File → Deadline: -
[2026-07-29 10:56:44]      • [Materi] Forum VC-1 : Traffic dan Algoritma Kendali Kemacetan → Deadline: -
[2026-07-29 10:56:47]      • [Quiz] Latihan Soal VC-1 : Traffic dan Algoritma Kendali Kemacetan → Deadline: Tidak diketahui
[2026-07-29 10:56:51]      • [Materi] VC-2 : Traffic dan Algoritma Kendali Kemacetan - Bagian 2 File → Deadline: -
[2026-07-29 10:56:56]      • [Materi] Forum VC-2 : Traffic dan Algoritma Kendali Kemacetan - Bagian 2 → Deadline: -
[2026-07-29 10:57:00]      • [Quiz] Latihan Soal VC-2 : Traffic dan Algoritma Kendali Kemacetan - Bagian 2 → Deadline: Tidak diketahui
[2026-07-29 10:57:05]      • [Materi] VC-3 : Lapisan Transport File → Deadline: -
[2026-07-29 10:57:08]      • [Materi] Forum VC-3 : Lapisan Transport → Deadline: -
[2026-07-29 10:57:13]      • [Quiz] Latihan Soal VC-3 : Lapisan Transport → Deadline: Tidak diketahui
[2026-07-29 10:57:18] 📚 Mengambil mata kuliah ID 108172 ...
[2026-07-29 10:57:18]   ➤ ATA 2025/2026 | 3KB01 | Internet of Things (IoT) | PURNAWARMAN MUSA
[2026-07-29 10:57:18]      • [Materi] Announcements Forum → Deadline: -
[2026-07-29 10:57:22]      • [Materi] M6 File → Deadline: -
[2026-07-29 10:57:27]      • [Quiz] Soal (Tugas Individu) → Deadline: Tidak diketahui
[2026-07-29 10:57:31]      • [Quiz] Soal (Tugas Individu) → Deadline: Tidak diketahui
[2026-07-29 10:57:35] 📚 Mengambil mata kuliah ID 109563 ...
[2026-07-29 10:57:35]   ➤ ATA 2025/2026 | 3KB01 | Sistem Tertanam (Embedded) * | RIDHA ISKANDAR
[2026-07-29 10:57:35]      • [Materi] Selamat Datang di V-Class Sistem Tertanam (Embedded) Forum → Deadline: -
[2026-07-29 10:57:40]      • [Assignment] File 1 → Deadline: Sunday, 26 April 2026, 12:00 AM
[2026-07-29 10:57:44] 📚 Mengambil mata kuliah ID 109970 ...
[2026-07-29 10:57:44]   ➤ ATA 2025/2026 | 2EB10 | Bahasa Indonesia | MELANIAWATI
[2026-07-29 10:57:44] 📚 Mengambil mata kuliah ID 107919 ...
[2026-07-29 10:57:44]   ➤ ATA 2025/2026 | 3KB01 | Sistem Cerdas Lanjut | NUR SULTAN SALAHUDDIN
[2026-07-29 10:57:44]      • [Materi] Announcements Forum → Deadline: -
[2026-07-29 10:57:49]      • [Assignment] Sistem Kesehatan Cerdas → Deadline: Thursday, 21 May 2026, 12:00 AM
[2026-07-29 10:57:53]      • [Quiz] Sistem Kesehatan Cerdas → Deadline: Tidak diketahui
[2026-07-29 10:57:57]      • [Assignment] Sistem Industri Cerdas → Deadline: Monday, 20 July 2026, 12:00 AM
[2026-07-29 10:58:01]      • [Quiz] Sistem Industri Cerdas → Deadline: Tidak diketahui
[2026-07-29 10:58:05] 📚 Mengambil mata kuliah ID 107291 ...
[2026-07-29 10:58:05]   ➤ ATA 2025/2026 | 3KB01 | Pengantarmukaan Perif.Komputer * | FARID THALIB
[2026-07-29 10:58:05]      • [Materi] Announcements Forum → Deadline: -
[2026-07-29 10:58:10] 📚 Mengambil mata kuliah ID 104438 ...
[2026-07-29 10:58:10]   ➤ ATA 2025/2026 | 3-FIKTI | Terapan Teori Graf | TEAM TEACHING
[2026-07-29 10:58:10]      • [Materi] PEMBERITAHUAN UTS SUSULAN File → Deadline: -
[2026-07-29 10:58:14]      • [Materi] PEMBERITAHUAN PELAKSANAAN TEAM TEACHING TERAPAN TEORI GRAF Forum → Deadline: -
[2026-07-29 10:58:19]      • [Materi] M1: Pendahuluan Teori Graf File → Deadline: -
[2026-07-29 10:58:23]      • [Materi] Video Literasi M1: Pendahuluan Teori Graf URL → Deadline: -
[2026-07-29 10:58:28]      • [Quiz] Kuis M1 [kelas PAGI] → Deadline: Tidak diketahui
[2026-07-29 10:58:33]      • [Quiz] Kuis M1 [kelas MALAM] → Deadline: Tidak diketahui
[2026-07-29 10:58:36]      • [Materi] M2: Graf Tidak Berarah dan Graf Berbobot File → Deadline: -
[2026-07-29 10:58:41]      • [Materi] Video Literasi M2 : Graf Tidak Berarah dan Graf Berbobot URL → Deadline: -
[2026-07-29 10:58:45]      • [Quiz] Kuis M2 [KELAS PAGI] : Graf Tidak Berarah dan Graf Berbobot → Deadline: Tidak diketahui
[2026-07-29 10:58:49]      • [Quiz] Kuis M2 [KELAS MALAM] : Graf Tidak Berarah dan Graf Berbobot → Deadline: Tidak diketahui
[2026-07-29 10:58:53]      • [Materi] M4 : Aplikasi Teori Graf di Teknik Elektro File → Deadline: -
[2026-07-29 10:58:57]      • [Materi] Video Literasi M4 : Aplikasi Teori Graf di Teknik Elektro URL → Deadline: -
[2026-07-29 10:59:01]      • [Quiz] Kuis M4 [KELAS PAGI]: Aplikasi Teori Graf di Teknik Elektro → Deadline: Tidak diketahui
[2026-07-29 10:59:07]      • [Quiz] Kuis M4 [KELAS MALAM]: Aplikasi Teori Graf di Teknik Elektro → Deadline: Tidak diketahui
[2026-07-29 10:59:11]      • [Materi] M5 : Knowledge Graph dan Database Graph File → Deadline: -
[2026-07-29 10:59:16]      • [Materi] Video Literasi  M5 : Knowledge Graph dan Database Graph URL → Deadline: -
[2026-07-29 10:59:21]      • [Quiz] Kuis M5 [KELAS PAGI] : nowledge Graph dan Database Graph → Deadline: Tidak diketahui
[2026-07-29 10:59:25]      • [Quiz] Kuis M5 [KELAS MALAM] : Knowledge Graph dan Database Graph → Deadline: Tidak diketahui
[2026-07-29 10:59:30]      • [Materi] M6 : Graf Berarah dan Implementasinya File → Deadline: -
[2026-07-29 10:59:34]      • [Materi] Video Literasi M6 : Graf Berarah dan Implementasinya URL → Deadline: -
[2026-07-29 10:59:38]      • [Quiz] Kuis M6 [KELAS PAGI] : Graf Berarah dan Implementasinya → Deadline: Tidak diketahui
[2026-07-29 10:59:43]      • [Quiz] Kuis M6 [KELAS MALAM] : Graf Berarah dan Implementasinya → Deadline: Tidak diketahui
[2026-07-29 10:59:48]      • [Materi] M8 : Penerapan Teori Graf di Bidang Teknik Sipil File → Deadline: -
[2026-07-29 10:59:52]      • [Materi] Video Literasi M8 : Penerapan Teori Graf di Bidang Teknik Sipil URL → Deadline: -
[2026-07-29 10:59:57]      • [Quiz] Kuis M8 [KELAS PAGI] : Penerapan Teori Graf di Bidang Teknik Sipil → Deadline: Tidak diketahui
[2026-07-29 11:00:01]      • [Quiz] Kuis M8 [KELAS MALAM] : Penerapan Teori Graf di Bidang Teknik Sipil → Deadline: Tidak diketahui
[2026-07-29 11:00:05]      • [Materi] M10 : Penerapan Teori Graf  di Bidang Teknik Industri File → Deadline: -
[2026-07-29 11:00:10]      • [Materi] Video Literasi M10 : Penerapan Teori Graf  di Bidang Teknik Industri URL → Deadline: -
[2026-07-29 11:00:14]      • [Quiz] Kuis M10 [kelas pagi] : Penerapan Teori Graf  di Bidang Teknik Industri → Deadline: Tidak diketahui
[2026-07-29 11:00:17]      • [Quiz] Kuis M10 [kelas malam]: Penerapan Teori Graf  di Bidang Teknik Industri → Deadline: Tidak diketahui
[2026-07-29 11:00:22]      • [Materi] M11 : Program Dinamis dan Permasalahan Tata Letak Fasilitas File → Deadline: -
[2026-07-29 11:00:26]      • [Materi] video literasi : Program Dinamis dan Permasalahan Tata Letak Fasilitas URL → Deadline: -
[2026-07-29 11:00:31]      • [Quiz] Kuis M11 [kelas PAGI]: Program Dinamis dan Permasalahan Tata Letak Fasilitas → Deadline: Tidak diketahui
[2026-07-29 11:00:36]      • [Quiz] Kuis M11 [kelas MALAM]: Program Dinamis dan Permasalahan Tata Letak Fasilitas → Deadline: Tidak diketahui
[2026-07-29 11:00:41]      • [Materi] M12: Algoritma Greedy pada Graf File → Deadline: -
[2026-07-29 11:00:45]      • [Materi] Video literasi M12: Algoritma Greedy pada Graf URL → Deadline: -
[2026-07-29 11:00:49]      • [Quiz] Kuis M12 [kelas PAGI] → Deadline: Tidak diketahui
[2026-07-29 11:00:54]      • [Quiz] Kuis M12 [kelas MALAM] → Deadline: Tidak diketahui
[2026-07-29 11:00:59]      • [Materi] M13 File → Deadline: -
[2026-07-29 11:01:04]      • [Materi] Video Literasi M13 : Graph Theory Implementation in Oil Mining Company URL → Deadline: -
[2026-07-29 11:01:09]      • [Quiz] Kuis M13 [PAGI]: Graph Theory Implementation in Oil Mining Company → Deadline: Tidak diketahui
[2026-07-29 11:01:13]      • [Quiz] Kuis M13 [MALAM]: Graph Theory Implementation in Oil Mining Company → Deadline: Tidak diketahui
[2026-07-29 11:01:17]      • [Materi] M14 : Aplikasi Graf Lengkap sebagai Graf Representasi untuk Model Optimasi Rute Kendaraan File → Deadline: -
[2026-07-29 11:01:21]      • [Materi] Video Literasi : Aplikasi Graf Lengkap sebagai Graf Representasi untuk Model Optimasi Rute Kendaraan URL → Deadline: -
[2026-07-29 11:01:25]      • [Quiz] Kuis M14 [PAGI]: Aplikasi Graf Lengkap sebagai Graf Representasi untuk Model Optimasi Rute Kendaraan → Deadline: Tidak diketahui
[2026-07-29 11:01:29]      • [Quiz] Kuis M14 [MALAM]: Aplikasi Graf Lengkap sebagai Graf Representasi untuk Model Optimasi Rute Kendaraan → Deadline: Tidak diketahui
[2026-07-29 11:01:34] 📚 Mengambil mata kuliah ID 104413 ...
[2026-07-29 11:01:34]   ➤ ATA 2025/2026 | 3-FIKTI | Praktikum Terapan Teori Graf
[2026-07-29 11:01:34]      • [Materi] Panduan Praktikum  Forum → Deadline: -
[2026-07-29 11:01:39]      • [Materi] Panduan Google Collaboratory URL → Deadline: -
[2026-07-29 11:01:43]      • [Materi] Panduan Instalasi Anaconda URL → Deadline: -
[2026-07-29 11:01:48]      • [Quiz] Pre-Test (M1) → Deadline: Tidak diketahui
[2026-07-29 11:01:52]      • [Materi] 1.1  Pengantar: Teori Graf URL → Deadline: -
[2026-07-29 11:01:57]      • [Materi] 1.2  Sesi Hands-on Praktikum URL → Deadline: -
[2026-07-29 11:02:01]      • [Materi] 1.3 Tutorial Menambahkan File pada Mesin DGX URL → Deadline: -
[2026-07-29 11:02:04]      • [Quiz] Post-Test (M1) → Deadline: Tidak diketahui
[2026-07-29 11:02:09]      • [Assignment] Pengumpulan Tugas (M1) → Deadline: Saturday, 7 March 2026, 11:59 PM
[2026-07-29 11:02:14]      • [Quiz] Pre-Test (M2) → Deadline: Tidak diketahui
[2026-07-29 11:02:18]      • [Materi] 2.1  Pengantar: Berbagai Pemecahan Masalah Menggunakan Teori Graf Page → Deadline: -
[2026-07-29 11:02:23]      • [Quiz] Post-Test (M2) → Deadline: Tidak diketahui
[2026-07-29 11:02:28]      • [Assignment] Pengumpulan Tugas (M2) → Deadline: Saturday, 14 March 2026, 11:59 PM
[2026-07-29 11:02:33]      • [Quiz] Pre-Test (M4) → Deadline: Tidak diketahui
[2026-07-29 11:02:37]      • [Materi] 4.1  Pengantar: Breadth First Search URL → Deadline: -
[2026-07-29 11:02:41]      • [Materi] Sesi Praktikum File → Deadline: -
[2026-07-29 11:02:44]      • [Materi] Video Tutorial: Mendownload File IPYNB di Virtual Class URL → Deadline: -
[2026-07-29 11:02:48]      • [Quiz] Post-Test (M4) → Deadline: Tidak diketahui
[2026-07-29 11:02:52]      • [Assignment] Laporan Akhir (M4) → Deadline: Saturday, 11 April 2026, 11:59 PM
[2026-07-29 11:02:57]      • [Quiz] Pre-Test (M5) → Deadline: Tidak diketahui
[2026-07-29 11:03:01]      • [Materi] Sesi Praktikum URL → Deadline: -
[2026-07-29 11:03:05]      • [Quiz] Post-Test (M5) → Deadline: Tidak diketahui
[2026-07-29 11:03:10]      • [Assignment] Laporan Akhir (M5) → Deadline: Saturday, 18 April 2026, 11:59 PM
[2026-07-29 11:03:13]      • [Quiz] Pre-Test (M6) → Deadline: Tidak diketahui
[2026-07-29 11:03:18]      • [Materi] 6.1  Pendahuluan: Algoritma Dasar Tree URL → Deadline: -
[2026-07-29 11:03:22]      • [Materi] Sesi Praktikum File → Deadline: -
[2026-07-29 11:03:27]      • [Quiz] Post-Test (M6) → Deadline: Tidak diketahui
[2026-07-29 11:03:31]      • [Assignment] Laporan Akhir (M6) → Deadline: Saturday, 25 April 2026, 11:59 PM
[2026-07-29 11:03:35]      • [Quiz] Pre-Test (M8) → Deadline: Tidak diketahui
[2026-07-29 11:03:39]      • [Materi] 8.1  Pendahuluan: Implementasi Graph URL → Deadline: -
[2026-07-29 11:03:43]      • [Materi] Link File Praktikum I - family.pl → Deadline: -
[2026-07-29 11:03:47]      • [Materi] Link File Praktikum II - 8-puzzles.ipynb → Deadline: -
[2026-07-29 11:03:51]      • [Materi] Video Tutorial: Mendownload File IPYNB di Virtual Class URL → Deadline: -
[2026-07-29 11:03:55]      • [Quiz] Post-Test (M8) → Deadline: Tidak diketahui
[2026-07-29 11:04:00]      • [Assignment] Laporan Akhir (M8) → Deadline: Saturday, 9 May 2026, 11:59 PM
[2026-07-29 11:04:05]      • [Quiz] Pre-Test (M9) → Deadline: Tidak diketahui
[2026-07-29 11:04:09]      • [Materi] Sesi Hands-on Praktikum URL → Deadline: -
[2026-07-29 11:04:12]      • [Quiz] Post-Test (M9) → Deadline: Tidak diketahui
[2026-07-29 11:04:17]      • [Assignment] Pengumpulan Tugas (M9) → Deadline: Saturday, 16 May 2026, 11:59 PM
[2026-07-29 11:04:21]      • [Quiz] Pre-Test (M3) → Deadline: Tidak diketahui
[2026-07-29 11:04:25]      • [Materi] Sesi Praktikum URL → Deadline: -
[2026-07-29 11:04:29]      • [Materi] Video Tutorial: Menambahkan File pada Mesin DGX URL → Deadline: -
[2026-07-29 11:04:33]      • [Quiz] Post-Test (M3) → Deadline: Tidak diketahui
[2026-07-29 11:04:37]      • [Assignment] Pengumpulan Tugas (M3) → Deadline: Saturday, 23 May 2026, 11:59 PM
[2026-07-29 11:04:41]      • [Quiz] Pre-Test (M7) → Deadline: Tidak diketahui
[2026-07-29 11:04:46]      • [Materi] Link File Praktikum I - 3-Tekrek-Find-Center.ipynb → Deadline: -
[2026-07-29 11:04:50]      • [Materi] Link File Praktikum II - 3-Tekrek-Sortest-Path.ipynb → Deadline: -
[2026-07-29 11:04:54]      • [Materi] Video Tutorial: Mendownload File IPYNB di Virtual Class URL → Deadline: -
[2026-07-29 11:04:58]      • [Quiz] Post-Test (M7) → Deadline: Tidak diketahui
[2026-07-29 11:05:02]      • [Assignment] Laporan Akhir (M7) → Deadline: Saturday, 23 May 2026, 11:59 PM
[2026-07-29 11:05:07] 📦 Total tugas ditemukan: 126
[2026-07-29 11:05:07] 💾 Disimpan ke python/node/tugas.json
[2026-07-29 18:00:07] 🔐 Login ke V-Class...
[2026-07-29 18:00:07] ✅ Login berhasil
[2026-07-29 18:00:07] 📚 Mengambil mata kuliah ID 108486 ...
[2026-07-29 18:00:07]   ➤ ATA 2025/2026 | 3KB01 | Jaringan Komputer Lanjut | VIVIEN NOVA FITHRIANA
[2026-07-29 18:00:07]      • [Materi] Announcements Forum → Deadline: -
[2026-07-29 18:00:11]      • [Materi] M1 File → Deadline: -
[2026-07-29 18:00:15]      • [Materi] M2 File → Deadline: -
[2026-07-29 18:00:19]      • [Materi] M3 File → Deadline: -
[2026-07-29 18:00:24]      • [Materi] M4 File → Deadline: -
[2026-07-29 18:00:27]      • [Materi] M5 File → Deadline: -
[2026-07-29 18:00:32]      • [Materi] M6 File → Deadline: -
[2026-07-29 18:00:37]      • [Materi] M7 File → Deadline: -
[2026-07-29 18:00:41]      • [Materi] VC-1 : Traffic dan Algoritma Kendali Kemacetan File → Deadline: -
[2026-07-29 18:00:46]      • [Materi] VC-1 : Traffic dan Algoritma Kendali Kemacetan File → Deadline: -
[2026-07-29 18:00:50]      • [Materi] Forum VC-1 : Traffic dan Algoritma Kendali Kemacetan → Deadline: -
[2026-07-29 18:00:54]      • [Quiz] Latihan Soal VC-1 : Traffic dan Algoritma Kendali Kemacetan → Deadline: Tidak diketahui
[2026-07-29 18:00:59]      • [Materi] VC-2 : Traffic dan Algoritma Kendali Kemacetan - Bagian 2 File → Deadline: -
[2026-07-29 18:01:04]      • [Materi] Forum VC-2 : Traffic dan Algoritma Kendali Kemacetan - Bagian 2 → Deadline: -
[2026-07-29 18:01:08]      • [Quiz] Latihan Soal VC-2 : Traffic dan Algoritma Kendali Kemacetan - Bagian 2 → Deadline: Tidak diketahui
[2026-07-29 18:01:13]      • [Materi] VC-3 : Lapisan Transport File → Deadline: -
[2026-07-29 18:01:18]      • [Materi] Forum VC-3 : Lapisan Transport → Deadline: -
[2026-07-29 18:01:23]      • [Quiz] Latihan Soal VC-3 : Lapisan Transport → Deadline: Tidak diketahui
[2026-07-29 18:01:27] 📚 Mengambil mata kuliah ID 108172 ...
[2026-07-29 18:01:27]   ➤ ATA 2025/2026 | 3KB01 | Internet of Things (IoT) | PURNAWARMAN MUSA
[2026-07-29 18:01:27]      • [Materi] Announcements Forum → Deadline: -
[2026-07-29 18:01:31]      • [Materi] M6 File → Deadline: -
[2026-07-29 18:01:35]      • [Quiz] Soal (Tugas Individu) → Deadline: Tidak diketahui
[2026-07-29 18:01:40]      • [Quiz] Soal (Tugas Individu) → Deadline: Tidak diketahui
[2026-07-29 18:01:44] 📚 Mengambil mata kuliah ID 109563 ...
[2026-07-29 18:01:44]   ➤ ATA 2025/2026 | 3KB01 | Sistem Tertanam (Embedded) * | RIDHA ISKANDAR
[2026-07-29 18:01:44]      • [Materi] Selamat Datang di V-Class Sistem Tertanam (Embedded) Forum → Deadline: -
[2026-07-29 18:01:48]      • [Assignment] File 1 → Deadline: Sunday, 26 April 2026, 12:00 AM
[2026-07-29 18:01:52] 📚 Mengambil mata kuliah ID 109970 ...
[2026-07-29 18:01:52]   ➤ ATA 2025/2026 | 2EB10 | Bahasa Indonesia | MELANIAWATI
[2026-07-29 18:01:52] 📚 Mengambil mata kuliah ID 107919 ...
[2026-07-29 18:01:52]   ➤ ATA 2025/2026 | 3KB01 | Sistem Cerdas Lanjut | NUR SULTAN SALAHUDDIN
[2026-07-29 18:01:52]      • [Materi] Announcements Forum → Deadline: -
[2026-07-29 18:01:57]      • [Assignment] Sistem Kesehatan Cerdas → Deadline: Thursday, 21 May 2026, 12:00 AM
[2026-07-29 18:02:02]      • [Quiz] Sistem Kesehatan Cerdas → Deadline: Tidak diketahui
[2026-07-29 18:02:07]      • [Assignment] Sistem Industri Cerdas → Deadline: Monday, 20 July 2026, 12:00 AM
[2026-07-29 18:02:11]      • [Quiz] Sistem Industri Cerdas → Deadline: Tidak diketahui
[2026-07-29 18:02:15] 📚 Mengambil mata kuliah ID 107291 ...
[2026-07-29 18:02:15]   ➤ ATA 2025/2026 | 3KB01 | Pengantarmukaan Perif.Komputer * | FARID THALIB
[2026-07-29 18:02:15]      • [Materi] Announcements Forum → Deadline: -
[2026-07-29 18:02:19] 📚 Mengambil mata kuliah ID 104438 ...
[2026-07-29 18:02:19]   ➤ ATA 2025/2026 | 3-FIKTI | Terapan Teori Graf | TEAM TEACHING
[2026-07-29 18:02:19]      • [Materi] PEMBERITAHUAN UTS SUSULAN File → Deadline: -
[2026-07-29 18:02:23]      • [Materi] PEMBERITAHUAN PELAKSANAAN TEAM TEACHING TERAPAN TEORI GRAF Forum → Deadline: -
[2026-07-29 18:02:27]      • [Materi] M1: Pendahuluan Teori Graf File → Deadline: -
[2026-07-29 18:02:31]      • [Materi] Video Literasi M1: Pendahuluan Teori Graf URL → Deadline: -
[2026-07-29 18:02:36]      • [Quiz] Kuis M1 [kelas PAGI] → Deadline: Tidak diketahui
[2026-07-29 18:02:41]      • [Quiz] Kuis M1 [kelas MALAM] → Deadline: Tidak diketahui
[2026-07-29 18:02:46]      • [Materi] M2: Graf Tidak Berarah dan Graf Berbobot File → Deadline: -
[2026-07-29 18:02:50]      • [Materi] Video Literasi M2 : Graf Tidak Berarah dan Graf Berbobot URL → Deadline: -
[2026-07-29 18:02:54]      • [Quiz] Kuis M2 [KELAS PAGI] : Graf Tidak Berarah dan Graf Berbobot → Deadline: Tidak diketahui
[2026-07-29 18:02:58]      • [Quiz] Kuis M2 [KELAS MALAM] : Graf Tidak Berarah dan Graf Berbobot → Deadline: Tidak diketahui
[2026-07-29 18:03:02]      • [Materi] M4 : Aplikasi Teori Graf di Teknik Elektro File → Deadline: -
[2026-07-29 18:03:06]      • [Materi] Video Literasi M4 : Aplikasi Teori Graf di Teknik Elektro URL → Deadline: -
[2026-07-29 18:03:10]      • [Quiz] Kuis M4 [KELAS PAGI]: Aplikasi Teori Graf di Teknik Elektro → Deadline: Tidak diketahui
[2026-07-29 18:03:14]      • [Quiz] Kuis M4 [KELAS MALAM]: Aplikasi Teori Graf di Teknik Elektro → Deadline: Tidak diketahui
[2026-07-29 18:03:18]      • [Materi] M5 : Knowledge Graph dan Database Graph File → Deadline: -
[2026-07-29 18:03:23]      • [Materi] Video Literasi  M5 : Knowledge Graph dan Database Graph URL → Deadline: -
[2026-07-29 18:03:28]      • [Quiz] Kuis M5 [KELAS PAGI] : nowledge Graph dan Database Graph → Deadline: Tidak diketahui
[2026-07-29 18:03:32]      • [Quiz] Kuis M5 [KELAS MALAM] : Knowledge Graph dan Database Graph → Deadline: Tidak diketahui
[2026-07-29 18:03:37]      • [Materi] M6 : Graf Berarah dan Implementasinya File → Deadline: -
[2026-07-29 18:03:41]      • [Materi] Video Literasi M6 : Graf Berarah dan Implementasinya URL → Deadline: -
[2026-07-29 18:03:45]      • [Quiz] Kuis M6 [KELAS PAGI] : Graf Berarah dan Implementasinya → Deadline: Tidak diketahui
[2026-07-29 18:03:50]      • [Quiz] Kuis M6 [KELAS MALAM] : Graf Berarah dan Implementasinya → Deadline: Tidak diketahui
[2026-07-29 18:03:54]      • [Materi] M8 : Penerapan Teori Graf di Bidang Teknik Sipil File → Deadline: -
[2026-07-29 18:03:59]      • [Materi] Video Literasi M8 : Penerapan Teori Graf di Bidang Teknik Sipil URL → Deadline: -
[2026-07-29 18:04:03]      • [Quiz] Kuis M8 [KELAS PAGI] : Penerapan Teori Graf di Bidang Teknik Sipil → Deadline: Tidak diketahui
[2026-07-29 18:04:08]      • [Quiz] Kuis M8 [KELAS MALAM] : Penerapan Teori Graf di Bidang Teknik Sipil → Deadline: Tidak diketahui
[2026-07-29 18:04:12]      • [Materi] M10 : Penerapan Teori Graf  di Bidang Teknik Industri File → Deadline: -
[2026-07-29 18:04:16]      • [Materi] Video Literasi M10 : Penerapan Teori Graf  di Bidang Teknik Industri URL → Deadline: -
[2026-07-29 18:04:21]      • [Quiz] Kuis M10 [kelas pagi] : Penerapan Teori Graf  di Bidang Teknik Industri → Deadline: Tidak diketahui
[2026-07-29 18:04:25]      • [Quiz] Kuis M10 [kelas malam]: Penerapan Teori Graf  di Bidang Teknik Industri → Deadline: Tidak diketahui
[2026-07-29 18:04:28]      • [Materi] M11 : Program Dinamis dan Permasalahan Tata Letak Fasilitas File → Deadline: -
[2026-07-29 18:04:33]      • [Materi] video literasi : Program Dinamis dan Permasalahan Tata Letak Fasilitas URL → Deadline: -
[2026-07-29 18:04:38]      • [Quiz] Kuis M11 [kelas PAGI]: Program Dinamis dan Permasalahan Tata Letak Fasilitas → Deadline: Tidak diketahui
[2026-07-29 18:04:43]      • [Quiz] Kuis M11 [kelas MALAM]: Program Dinamis dan Permasalahan Tata Letak Fasilitas → Deadline: Tidak diketahui
[2026-07-29 18:04:48]      • [Materi] M12: Algoritma Greedy pada Graf File → Deadline: -
[2026-07-29 18:04:52]      • [Materi] Video literasi M12: Algoritma Greedy pada Graf URL → Deadline: -
[2026-07-29 18:04:57]      • [Quiz] Kuis M12 [kelas PAGI] → Deadline: Tidak diketahui
[2026-07-29 18:05:01]      • [Quiz] Kuis M12 [kelas MALAM] → Deadline: Tidak diketahui
[2026-07-29 18:05:05]      • [Materi] M13 File → Deadline: -
[2026-07-29 18:05:09]      • [Materi] Video Literasi M13 : Graph Theory Implementation in Oil Mining Company URL → Deadline: -
[2026-07-29 18:05:13]      • [Quiz] Kuis M13 [PAGI]: Graph Theory Implementation in Oil Mining Company → Deadline: Tidak diketahui
[2026-07-29 18:05:18]      • [Quiz] Kuis M13 [MALAM]: Graph Theory Implementation in Oil Mining Company → Deadline: Tidak diketahui
[2026-07-29 18:05:23]      • [Materi] M14 : Aplikasi Graf Lengkap sebagai Graf Representasi untuk Model Optimasi Rute Kendaraan File → Deadline: -
[2026-07-29 18:05:27]      • [Materi] Video Literasi : Aplikasi Graf Lengkap sebagai Graf Representasi untuk Model Optimasi Rute Kendaraan URL → Deadline: -
[2026-07-29 18:05:31]      • [Quiz] Kuis M14 [PAGI]: Aplikasi Graf Lengkap sebagai Graf Representasi untuk Model Optimasi Rute Kendaraan → Deadline: Tidak diketahui
[2026-07-29 18:05:35]      • [Quiz] Kuis M14 [MALAM]: Aplikasi Graf Lengkap sebagai Graf Representasi untuk Model Optimasi Rute Kendaraan → Deadline: Tidak diketahui
[2026-07-29 18:05:40] 📚 Mengambil mata kuliah ID 104413 ...
[2026-07-29 18:05:40]   ➤ ATA 2025/2026 | 3-FIKTI | Praktikum Terapan Teori Graf
[2026-07-29 18:05:40]      • [Materi] Panduan Praktikum  Forum → Deadline: -
[2026-07-29 18:05:43]      • [Materi] Panduan Google Collaboratory URL → Deadline: -
[2026-07-29 18:05:47]      • [Materi] Panduan Instalasi Anaconda URL → Deadline: -
[2026-07-29 18:05:51]      • [Quiz] Pre-Test (M1) → Deadline: Tidak diketahui
[2026-07-29 18:05:55]      • [Materi] 1.1  Pengantar: Teori Graf URL → Deadline: -
[2026-07-29 18:06:00]      • [Materi] 1.2  Sesi Hands-on Praktikum URL → Deadline: -
[2026-07-29 18:06:04]      • [Materi] 1.3 Tutorial Menambahkan File pada Mesin DGX URL → Deadline: -
[2026-07-29 18:06:08]      • [Quiz] Post-Test (M1) → Deadline: Tidak diketahui
[2026-07-29 18:06:12]      • [Assignment] Pengumpulan Tugas (M1) → Deadline: Saturday, 7 March 2026, 11:59 PM
[2026-07-29 18:06:16]      • [Quiz] Pre-Test (M2) → Deadline: Tidak diketahui
[2026-07-29 18:06:20]      • [Materi] 2.1  Pengantar: Berbagai Pemecahan Masalah Menggunakan Teori Graf Page → Deadline: -
[2026-07-29 18:06:25]      • [Quiz] Post-Test (M2) → Deadline: Tidak diketahui
[2026-07-29 18:06:28]      • [Assignment] Pengumpulan Tugas (M2) → Deadline: Saturday, 14 March 2026, 11:59 PM
[2026-07-29 18:06:32]      • [Quiz] Pre-Test (M4) → Deadline: Tidak diketahui
[2026-07-29 18:06:36]      • [Materi] 4.1  Pengantar: Breadth First Search URL → Deadline: -
[2026-07-29 18:06:41]      • [Materi] Sesi Praktikum File → Deadline: -
[2026-07-29 18:06:46]      • [Materi] Video Tutorial: Mendownload File IPYNB di Virtual Class URL → Deadline: -
[2026-07-29 18:06:50]      • [Quiz] Post-Test (M4) → Deadline: Tidak diketahui
[2026-07-29 18:06:54]      • [Assignment] Laporan Akhir (M4) → Deadline: Saturday, 11 April 2026, 11:59 PM
[2026-07-29 18:06:59]      • [Quiz] Pre-Test (M5) → Deadline: Tidak diketahui
[2026-07-29 18:07:04]      • [Materi] Sesi Praktikum URL → Deadline: -
[2026-07-29 18:07:09]      • [Quiz] Post-Test (M5) → Deadline: Tidak diketahui
[2026-07-29 18:07:13]      • [Assignment] Laporan Akhir (M5) → Deadline: Saturday, 18 April 2026, 11:59 PM
[2026-07-29 18:07:18]      • [Quiz] Pre-Test (M6) → Deadline: Tidak diketahui
[2026-07-29 18:07:22]      • [Materi] 6.1  Pendahuluan: Algoritma Dasar Tree URL → Deadline: -
[2026-07-29 18:07:26]      • [Materi] Sesi Praktikum File → Deadline: -
[2026-07-29 18:07:31]      • [Quiz] Post-Test (M6) → Deadline: Tidak diketahui
[2026-07-29 18:07:34]      • [Assignment] Laporan Akhir (M6) → Deadline: Saturday, 25 April 2026, 11:59 PM
[2026-07-29 18:07:38]      • [Quiz] Pre-Test (M8) → Deadline: Tidak diketahui
[2026-07-29 18:07:42]      • [Materi] 8.1  Pendahuluan: Implementasi Graph URL → Deadline: -
[2026-07-29 18:07:46]      • [Materi] Link File Praktikum I - family.pl → Deadline: -
[2026-07-29 18:07:49]      • [Materi] Link File Praktikum II - 8-puzzles.ipynb → Deadline: -
[2026-07-29 18:07:54]      • [Materi] Video Tutorial: Mendownload File IPYNB di Virtual Class URL → Deadline: -
[2026-07-29 18:07:59]      • [Quiz] Post-Test (M8) → Deadline: Tidak diketahui
[2026-07-29 18:08:04]      • [Assignment] Laporan Akhir (M8) → Deadline: Saturday, 9 May 2026, 11:59 PM
[2026-07-29 18:08:08]      • [Quiz] Pre-Test (M9) → Deadline: Tidak diketahui
[2026-07-29 18:08:13]      • [Materi] Sesi Hands-on Praktikum URL → Deadline: -
[2026-07-29 18:08:18]      • [Quiz] Post-Test (M9) → Deadline: Tidak diketahui
[2026-07-29 18:08:22]      • [Assignment] Pengumpulan Tugas (M9) → Deadline: Saturday, 16 May 2026, 11:59 PM
[2026-07-29 18:08:26]      • [Quiz] Pre-Test (M3) → Deadline: Tidak diketahui
[2026-07-29 18:08:30]      • [Materi] Sesi Praktikum URL → Deadline: -
[2026-07-29 18:08:34]      • [Materi] Video Tutorial: Menambahkan File pada Mesin DGX URL → Deadline: -
[2026-07-29 18:08:39]      • [Quiz] Post-Test (M3) → Deadline: Tidak diketahui
[2026-07-29 18:08:44]      • [Assignment] Pengumpulan Tugas (M3) → Deadline: Saturday, 23 May 2026, 11:59 PM
[2026-07-29 18:08:48]      • [Quiz] Pre-Test (M7) → Deadline: Tidak diketahui
[2026-07-29 18:08:52]      • [Materi] Link File Praktikum I - 3-Tekrek-Find-Center.ipynb → Deadline: -
[2026-07-29 18:08:56]      • [Materi] Link File Praktikum II - 3-Tekrek-Sortest-Path.ipynb → Deadline: -
[2026-07-29 18:09:00]      • [Materi] Video Tutorial: Mendownload File IPYNB di Virtual Class URL → Deadline: -
[2026-07-29 18:09:05]      • [Quiz] Post-Test (M7) → Deadline: Tidak diketahui
[2026-07-29 18:09:10]      • [Assignment] Laporan Akhir (M7) → Deadline: Saturday, 23 May 2026, 11:59 PM
[2026-07-29 18:09:15] 📦 Total tugas ditemukan: 126
[2026-07-29 18:09:15] 💾 Disimpan ke python/node/tugas.json
