[2026-07-22 09:45:42] 🔐 Login ke V-Class...
[2026-07-22 09:45:42] ✅ Login berhasil
[2026-07-22 09:45:42] 📚 Mengambil mata kuliah ID 108486 ...
[2026-07-22 09:45:42]   ➤ ATA 2025/2026 | 3KB01 | Jaringan Komputer Lanjut | VIVIEN NOVA FITHRIANA
[2026-07-22 09:45:42]      • [Materi] Announcements Forum → Deadline: -
[2026-07-22 09:45:47]      • [Materi] M1 File → Deadline: -
[2026-07-22 09:45:51]      • [Materi] M2 File → Deadline: -
[2026-07-22 09:45:56]      • [Materi] M3 File → Deadline: -
[2026-07-22 09:45:59]      • [Materi] M4 File → Deadline: -
[2026-07-22 09:46:04]      • [Materi] M5 File → Deadline: -
[2026-07-22 09:46:08]      • [Materi] M6 File → Deadline: -
[2026-07-22 09:46:13]      • [Materi] M7 File → Deadline: -
[2026-07-22 09:46:17]      • [Materi] VC-1 : Traffic dan Algoritma Kendali Kemacetan File → Deadline: -
[2026-07-22 09:46:22]      • [Materi] VC-1 : Traffic dan Algoritma Kendali Kemacetan File → Deadline: -
[2026-07-22 09:46:26]      • [Materi] Forum VC-1 : Traffic dan Algoritma Kendali Kemacetan → Deadline: -
[2026-07-22 09:46:30]      • [Quiz] Latihan Soal VC-1 : Traffic dan Algoritma Kendali Kemacetan → Deadline: Tidak diketahui
[2026-07-22 09:46:34]      • [Materi] VC-2 : Traffic dan Algoritma Kendali Kemacetan - Bagian 2 File → Deadline: -
[2026-07-22 09:46:38]      • [Materi] Forum VC-2 : Traffic dan Algoritma Kendali Kemacetan - Bagian 2 → Deadline: -
[2026-07-22 09:46:42]      • [Quiz] Latihan Soal VC-2 : Traffic dan Algoritma Kendali Kemacetan - Bagian 2 → Deadline: Tidak diketahui
[2026-07-22 09:46:47]      • [Materi] VC-3 : Lapisan Transport File → Deadline: -
[2026-07-22 09:46:50]      • [Materi] Forum VC-3 : Lapisan Transport → Deadline: -
[2026-07-22 09:46:55]      • [Quiz] Latihan Soal VC-3 : Lapisan Transport → Deadline: Tidak diketahui
[2026-07-22 09:47:00] 📚 Mengambil mata kuliah ID 108172 ...
[2026-07-22 09:47:00]   ➤ ATA 2025/2026 | 3KB01 | Internet of Things (IoT) | PURNAWARMAN MUSA
[2026-07-22 09:47:00]      • [Materi] Announcements Forum → Deadline: -
[2026-07-22 09:47:04]      • [Materi] M6 File → Deadline: -
[2026-07-22 09:47:08]      • [Quiz] Soal (Tugas Individu) → Deadline: Tidak diketahui
[2026-07-22 09:47:13]      • [Quiz] Soal (Tugas Individu) → Deadline: Tidak diketahui
[2026-07-22 09:47:17] 📚 Mengambil mata kuliah ID 109563 ...
[2026-07-22 09:47:18]   ➤ ATA 2025/2026 | 3KB01 | Sistem Tertanam (Embedded) * | RIDHA ISKANDAR
[2026-07-22 09:47:18]      • [Materi] Selamat Datang di V-Class Sistem Tertanam (Embedded) Forum → Deadline: -
[2026-07-22 09:47:22]      • [Assignment] File 1 → Deadline: Sunday, 26 April 2026, 12:00 AM
[2026-07-22 09:47:26] 📚 Mengambil mata kuliah ID 109970 ...
[2026-07-22 09:47:26]   ➤ ATA 2025/2026 | 2EB10 | Bahasa Indonesia | MELANIAWATI
[2026-07-22 09:47:26] 📚 Mengambil mata kuliah ID 107919 ...
[2026-07-22 09:47:26]   ➤ ATA 2025/2026 | 3KB01 | Sistem Cerdas Lanjut | NUR SULTAN SALAHUDDIN
[2026-07-22 09:47:26]      • [Materi] Announcements Forum → Deadline: -
[2026-07-22 09:47:30]      • [Assignment] Sistem Kesehatan Cerdas → Deadline: Thursday, 21 May 2026, 12:00 AM
[2026-07-22 09:47:34]      • [Quiz] Sistem Kesehatan Cerdas → Deadline: Tidak diketahui
[2026-07-22 09:47:39]      • [Assignment] Sistem Industri Cerdas → Deadline: Monday, 20 July 2026, 12:00 AM
[2026-07-22 09:47:43]      • [Quiz] Sistem Industri Cerdas → Deadline: Tidak diketahui
[2026-07-22 09:47:48] 📚 Mengambil mata kuliah ID 107291 ...
[2026-07-22 09:47:48]   ➤ ATA 2025/2026 | 3KB01 | Pengantarmukaan Perif.Komputer * | FARID THALIB
[2026-07-22 09:47:48]      • [Materi] Announcements Forum → Deadline: -
[2026-07-22 09:47:52] 📚 Mengambil mata kuliah ID 104438 ...
[2026-07-22 09:47:53]   ➤ ATA 2025/2026 | 3-FIKTI | Terapan Teori Graf | TEAM TEACHING
[2026-07-22 09:47:53]      • [Materi] PEMBERITAHUAN UTS SUSULAN File → Deadline: -
[2026-07-22 09:47:58]      • [Materi] PEMBERITAHUAN PELAKSANAAN TEAM TEACHING TERAPAN TEORI GRAF Forum → Deadline: -
[2026-07-22 09:48:01]      • [Materi] M1: Pendahuluan Teori Graf File → Deadline: -
[2026-07-22 09:48:05]      • [Materi] Video Literasi M1: Pendahuluan Teori Graf URL → Deadline: -
[2026-07-22 09:48:09]      • [Quiz] Kuis M1 [kelas PAGI] → Deadline: Tidak diketahui
[2026-07-22 09:48:14]      • [Quiz] Kuis M1 [kelas MALAM] → Deadline: Tidak diketahui
[2026-07-22 09:48:19]      • [Materi] M2: Graf Tidak Berarah dan Graf Berbobot File → Deadline: -
[2026-07-22 09:48:24]      • [Materi] Video Literasi M2 : Graf Tidak Berarah dan Graf Berbobot URL → Deadline: -
[2026-07-22 09:48:28]      • [Quiz] Kuis M2 [KELAS PAGI] : Graf Tidak Berarah dan Graf Berbobot → Deadline: Tidak diketahui
[2026-07-22 09:48:33]      • [Quiz] Kuis M2 [KELAS MALAM] : Graf Tidak Berarah dan Graf Berbobot → Deadline: Tidak diketahui
[2026-07-22 09:48:37]      • [Materi] M4 : Aplikasi Teori Graf di Teknik Elektro File → Deadline: -
[2026-07-22 09:48:42]      • [Materi] Video Literasi M4 : Aplikasi Teori Graf di Teknik Elektro URL → Deadline: -
[2026-07-22 09:48:47]      • [Quiz] Kuis M4 [KELAS PAGI]: Aplikasi Teori Graf di Teknik Elektro → Deadline: Tidak diketahui
[2026-07-22 09:48:51]      • [Quiz] Kuis M4 [KELAS MALAM]: Aplikasi Teori Graf di Teknik Elektro → Deadline: Tidak diketahui
[2026-07-22 09:48:55]      • [Materi] M5 : Knowledge Graph dan Database Graph File → Deadline: -
[2026-07-22 09:48:59]      • [Materi] Video Literasi  M5 : Knowledge Graph dan Database Graph URL → Deadline: -
[2026-07-22 09:49:04]      • [Quiz] Kuis M5 [KELAS PAGI] : nowledge Graph dan Database Graph → Deadline: Tidak diketahui
[2026-07-22 09:49:08]      • [Quiz] Kuis M5 [KELAS MALAM] : Knowledge Graph dan Database Graph → Deadline: Tidak diketahui
[2026-07-22 09:49:13]      • [Materi] M6 : Graf Berarah dan Implementasinya File → Deadline: -
[2026-07-22 09:49:17]      • [Materi] Video Literasi M6 : Graf Berarah dan Implementasinya URL → Deadline: -
[2026-07-22 09:49:21]      • [Quiz] Kuis M6 [KELAS PAGI] : Graf Berarah dan Implementasinya → Deadline: Tidak diketahui
[2026-07-22 09:49:25]      • [Quiz] Kuis M6 [KELAS MALAM] : Graf Berarah dan Implementasinya → Deadline: Tidak diketahui
[2026-07-22 09:49:30]      • [Materi] M8 : Penerapan Teori Graf di Bidang Teknik Sipil File → Deadline: -
[2026-07-22 09:49:34]      • [Materi] Video Literasi M8 : Penerapan Teori Graf di Bidang Teknik Sipil URL → Deadline: -
[2026-07-22 09:49:39]      • [Quiz] Kuis M8 [KELAS PAGI] : Penerapan Teori Graf di Bidang Teknik Sipil → Deadline: Tidak diketahui
[2026-07-22 09:49:44]      • [Quiz] Kuis M8 [KELAS MALAM] : Penerapan Teori Graf di Bidang Teknik Sipil → Deadline: Tidak diketahui
[2026-07-22 09:49:48]      • [Materi] M10 : Penerapan Teori Graf  di Bidang Teknik Industri File → Deadline: -
[2026-07-22 09:49:53]      • [Materi] Video Literasi M10 : Penerapan Teori Graf  di Bidang Teknik Industri URL → Deadline: -
[2026-07-22 09:49:56]      • [Quiz] Kuis M10 [kelas pagi] : Penerapan Teori Graf  di Bidang Teknik Industri → Deadline: Tidak diketahui
[2026-07-22 09:50:01]      • [Quiz] Kuis M10 [kelas malam]: Penerapan Teori Graf  di Bidang Teknik Industri → Deadline: Tidak diketahui
[2026-07-22 09:50:06]      • [Materi] M11 : Program Dinamis dan Permasalahan Tata Letak Fasilitas File → Deadline: -
[2026-07-22 09:50:10]      • [Materi] video literasi : Program Dinamis dan Permasalahan Tata Letak Fasilitas URL → Deadline: -
[2026-07-22 09:50:15]      • [Quiz] Kuis M11 [kelas PAGI]: Program Dinamis dan Permasalahan Tata Letak Fasilitas → Deadline: Tidak diketahui
[2026-07-22 09:50:20]      • [Quiz] Kuis M11 [kelas MALAM]: Program Dinamis dan Permasalahan Tata Letak Fasilitas → Deadline: Tidak diketahui
[2026-07-22 09:50:25]      • [Materi] M12: Algoritma Greedy pada Graf File → Deadline: -
[2026-07-22 09:50:29]      • [Materi] Video literasi M12: Algoritma Greedy pada Graf URL → Deadline: -
[2026-07-22 09:50:33]      • [Quiz] Kuis M12 [kelas PAGI] → Deadline: Tidak diketahui
[2026-07-22 09:50:38]      • [Quiz] Kuis M12 [kelas MALAM] → Deadline: Tidak diketahui
[2026-07-22 09:50:42]      • [Materi] M13 File → Deadline: -
[2026-07-22 09:50:46]      • [Materi] Video Literasi M13 : Graph Theory Implementation in Oil Mining Company URL → Deadline: -
[2026-07-22 09:50:50]      • [Quiz] Kuis M13 [PAGI]: Graph Theory Implementation in Oil Mining Company → Deadline: Tidak diketahui
[2026-07-22 09:50:55]      • [Quiz] Kuis M13 [MALAM]: Graph Theory Implementation in Oil Mining Company → Deadline: Tidak diketahui
[2026-07-22 09:51:00]      • [Materi] M14 : Aplikasi Graf Lengkap sebagai Graf Representasi untuk Model Optimasi Rute Kendaraan File → Deadline: -
[2026-07-22 09:51:05]      • [Materi] Video Literasi : Aplikasi Graf Lengkap sebagai Graf Representasi untuk Model Optimasi Rute Kendaraan URL → Deadline: -
[2026-07-22 09:51:09]      • [Quiz] Kuis M14 [PAGI]: Aplikasi Graf Lengkap sebagai Graf Representasi untuk Model Optimasi Rute Kendaraan → Deadline: Tidak diketahui
[2026-07-22 09:51:14]      • [Quiz] Kuis M14 [MALAM]: Aplikasi Graf Lengkap sebagai Graf Representasi untuk Model Optimasi Rute Kendaraan → Deadline: Tidak diketahui
[2026-07-22 09:51:18] 📚 Mengambil mata kuliah ID 104413 ...
[2026-07-22 09:51:19]   ➤ ATA 2025/2026 | 3-FIKTI | Praktikum Terapan Teori Graf
[2026-07-22 09:51:19]      • [Materi] Panduan Praktikum  Forum → Deadline: -
[2026-07-22 09:51:22]      • [Materi] Panduan Google Collaboratory URL → Deadline: -
[2026-07-22 09:51:27]      • [Materi] Panduan Instalasi Anaconda URL → Deadline: -
[2026-07-22 09:51:32]      • [Quiz] Pre-Test (M1) → Deadline: Tidak diketahui
[2026-07-22 09:51:36]      • [Materi] 1.1  Pengantar: Teori Graf URL → Deadline: -
[2026-07-22 09:51:40]      • [Materi] 1.2  Sesi Hands-on Praktikum URL → Deadline: -
[2026-07-22 09:51:44]      • [Materi] 1.3 Tutorial Menambahkan File pada Mesin DGX URL → Deadline: -
[2026-07-22 09:51:48]      • [Quiz] Post-Test (M1) → Deadline: Tidak diketahui
[2026-07-22 09:51:52]      • [Assignment] Pengumpulan Tugas (M1) → Deadline: Saturday, 7 March 2026, 11:59 PM
[2026-07-22 09:51:57]      • [Quiz] Pre-Test (M2) → Deadline: Tidak diketahui
[2026-07-22 09:52:01]      • [Materi] 2.1  Pengantar: Berbagai Pemecahan Masalah Menggunakan Teori Graf Page → Deadline: -
[2026-07-22 09:52:06]      • [Quiz] Post-Test (M2) → Deadline: Tidak diketahui
[2026-07-22 09:52:11]      • [Assignment] Pengumpulan Tugas (M2) → Deadline: Saturday, 14 March 2026, 11:59 PM
[2026-07-22 09:52:15]      • [Quiz] Pre-Test (M4) → Deadline: Tidak diketahui
[2026-07-22 09:52:19]      • [Materi] 4.1  Pengantar: Breadth First Search URL → Deadline: -
[2026-07-22 09:52:24]      • [Materi] Sesi Praktikum File → Deadline: -
[2026-07-22 09:52:29]      • [Materi] Video Tutorial: Mendownload File IPYNB di Virtual Class URL → Deadline: -
[2026-07-22 09:52:33]      • [Quiz] Post-Test (M4) → Deadline: Tidak diketahui
[2026-07-22 09:52:37]      • [Assignment] Laporan Akhir (M4) → Deadline: Saturday, 11 April 2026, 11:59 PM
[2026-07-22 09:52:42]      • [Quiz] Pre-Test (M5) → Deadline: Tidak diketahui
[2026-07-22 09:52:46]      • [Materi] Sesi Praktikum URL → Deadline: -
[2026-07-22 09:52:50]      • [Quiz] Post-Test (M5) → Deadline: Tidak diketahui
[2026-07-22 09:52:54]      • [Assignment] Laporan Akhir (M5) → Deadline: Saturday, 18 April 2026, 11:59 PM
[2026-07-22 09:52:58]      • [Quiz] Pre-Test (M6) → Deadline: Tidak diketahui
[2026-07-22 09:53:02]      • [Materi] 6.1  Pendahuluan: Algoritma Dasar Tree URL → Deadline: -
[2026-07-22 09:53:06]      • [Materi] Sesi Praktikum File → Deadline: -
[2026-07-22 09:53:10]      • [Quiz] Post-Test (M6) → Deadline: Tidak diketahui
[2026-07-22 09:53:14]      • [Assignment] Laporan Akhir (M6) → Deadline: Saturday, 25 April 2026, 11:59 PM
[2026-07-22 09:53:19]      • [Quiz] Pre-Test (M8) → Deadline: Tidak diketahui
[2026-07-22 09:53:23]      • [Materi] 8.1  Pendahuluan: Implementasi Graph URL → Deadline: -
[2026-07-22 09:53:26]      • [Materi] Link File Praktikum I - family.pl → Deadline: -
[2026-07-22 09:53:31]      • [Materi] Link File Praktikum II - 8-puzzles.ipynb → Deadline: -
[2026-07-22 09:53:35]      • [Materi] Video Tutorial: Mendownload File IPYNB di Virtual Class URL → Deadline: -
[2026-07-22 09:53:40]      • [Quiz] Post-Test (M8) → Deadline: Tidak diketahui
[2026-07-22 09:53:45]      • [Assignment] Laporan Akhir (M8) → Deadline: Saturday, 9 May 2026, 11:59 PM
[2026-07-22 09:53:49]      • [Quiz] Pre-Test (M9) → Deadline: Tidak diketahui
[2026-07-22 09:53:54]      • [Materi] Sesi Hands-on Praktikum URL → Deadline: -
[2026-07-22 09:53:58]      • [Quiz] Post-Test (M9) → Deadline: Tidak diketahui
[2026-07-22 09:54:02]      • [Assignment] Pengumpulan Tugas (M9) → Deadline: Saturday, 16 May 2026, 11:59 PM
[2026-07-22 09:54:06]      • [Quiz] Pre-Test (M3) → Deadline: Tidak diketahui
[2026-07-22 09:54:10]      • [Materi] Sesi Praktikum URL → Deadline: -
[2026-07-22 09:54:14]      • [Materi] Video Tutorial: Menambahkan File pada Mesin DGX URL → Deadline: -
[2026-07-22 09:54:19]      • [Quiz] Post-Test (M3) → Deadline: Tidak diketahui
[2026-07-22 09:54:23]      • [Assignment] Pengumpulan Tugas (M3) → Deadline: Saturday, 23 May 2026, 11:59 PM
[2026-07-22 09:54:27]      • [Quiz] Pre-Test (M7) → Deadline: Tidak diketahui
[2026-07-22 09:54:32]      • [Materi] Link File Praktikum I - 3-Tekrek-Find-Center.ipynb → Deadline: -
[2026-07-22 09:54:35]      • [Materi] Link File Praktikum II - 3-Tekrek-Sortest-Path.ipynb → Deadline: -
[2026-07-22 09:54:39]      • [Materi] Video Tutorial: Mendownload File IPYNB di Virtual Class URL → Deadline: -
[2026-07-22 09:54:43]      • [Quiz] Post-Test (M7) → Deadline: Tidak diketahui
[2026-07-22 09:54:48]      • [Assignment] Laporan Akhir (M7) → Deadline: Saturday, 23 May 2026, 11:59 PM
[2026-07-22 09:54:52] 📦 Total tugas ditemukan: 126
[2026-07-22 09:54:52] 💾 Disimpan ke python/node/tugas.json
[2026-07-22 18:00:52] 🔐 Login ke V-Class...
[2026-07-22 18:00:53] ✅ Login berhasil
[2026-07-22 18:00:53] 📚 Mengambil mata kuliah ID 108486 ...
[2026-07-22 18:00:53]   ➤ ATA 2025/2026 | 3KB01 | Jaringan Komputer Lanjut | VIVIEN NOVA FITHRIANA
[2026-07-22 18:00:53]      • [Materi] Announcements Forum → Deadline: -
[2026-07-22 18:00:57]      • [Materi] M1 File → Deadline: -
[2026-07-22 18:01:01]      • [Materi] M2 File → Deadline: -
[2026-07-22 18:01:05]      • [Materi] M3 File → Deadline: -
[2026-07-22 18:01:09]      • [Materi] M4 File → Deadline: -
[2026-07-22 18:01:13]      • [Materi] M5 File → Deadline: -
[2026-07-22 18:01:17]      • [Materi] M6 File → Deadline: -
[2026-07-22 18:01:21]      • [Materi] M7 File → Deadline: -
[2026-07-22 18:01:25]      • [Materi] VC-1 : Traffic dan Algoritma Kendali Kemacetan File → Deadline: -
[2026-07-22 18:01:29]      • [Materi] VC-1 : Traffic dan Algoritma Kendali Kemacetan File → Deadline: -
[2026-07-22 18:01:33]      • [Materi] Forum VC-1 : Traffic dan Algoritma Kendali Kemacetan → Deadline: -
[2026-07-22 18:01:37]      • [Quiz] Latihan Soal VC-1 : Traffic dan Algoritma Kendali Kemacetan → Deadline: Tidak diketahui
[2026-07-22 18:01:41]      • [Materi] VC-2 : Traffic dan Algoritma Kendali Kemacetan - Bagian 2 File → Deadline: -
[2026-07-22 18:01:45]      • [Materi] Forum VC-2 : Traffic dan Algoritma Kendali Kemacetan - Bagian 2 → Deadline: -
[2026-07-22 18:01:49]      • [Quiz] Latihan Soal VC-2 : Traffic dan Algoritma Kendali Kemacetan - Bagian 2 → Deadline: Tidak diketahui
[2026-07-22 18:01:54]      • [Materi] VC-3 : Lapisan Transport File → Deadline: -
[2026-07-22 18:01:58]      • [Materi] Forum VC-3 : Lapisan Transport → Deadline: -
[2026-07-22 18:02:03]      • [Quiz] Latihan Soal VC-3 : Lapisan Transport → Deadline: Tidak diketahui
[2026-07-22 18:02:07] 📚 Mengambil mata kuliah ID 108172 ...
[2026-07-22 18:02:07]   ➤ ATA 2025/2026 | 3KB01 | Internet of Things (IoT) | PURNAWARMAN MUSA
[2026-07-22 18:02:07]      • [Materi] Announcements Forum → Deadline: -
[2026-07-22 18:02:12]      • [Materi] M6 File → Deadline: -
[2026-07-22 18:02:16]      • [Quiz] Soal (Tugas Individu) → Deadline: Tidak diketahui
[2026-07-22 18:02:21]      • [Quiz] Soal (Tugas Individu) → Deadline: Tidak diketahui
[2026-07-22 18:02:25] 📚 Mengambil mata kuliah ID 109563 ...
[2026-07-22 18:02:25]   ➤ ATA 2025/2026 | 3KB01 | Sistem Tertanam (Embedded) * | RIDHA ISKANDAR
[2026-07-22 18:02:25]      • [Materi] Selamat Datang di V-Class Sistem Tertanam (Embedded) Forum → Deadline: -
[2026-07-22 18:02:29]      • [Assignment] File 1 → Deadline: Sunday, 26 April 2026, 12:00 AM
[2026-07-22 18:02:34] 📚 Mengambil mata kuliah ID 109970 ...
[2026-07-22 18:02:34]   ➤ ATA 2025/2026 | 2EB10 | Bahasa Indonesia | MELANIAWATI
[2026-07-22 18:02:34] 📚 Mengambil mata kuliah ID 107919 ...
[2026-07-22 18:02:34]   ➤ ATA 2025/2026 | 3KB01 | Sistem Cerdas Lanjut | NUR SULTAN SALAHUDDIN
[2026-07-22 18:02:34]      • [Materi] Announcements Forum → Deadline: -
[2026-07-22 18:02:39]      • [Assignment] Sistem Kesehatan Cerdas → Deadline: Thursday, 21 May 2026, 12:00 AM
[2026-07-22 18:02:43]      • [Quiz] Sistem Kesehatan Cerdas → Deadline: Tidak diketahui
[2026-07-22 18:02:47]      • [Assignment] Sistem Industri Cerdas → Deadline: Monday, 20 July 2026, 12:00 AM
[2026-07-22 18:02:51]      • [Quiz] Sistem Industri Cerdas → Deadline: Tidak diketahui
[2026-07-22 18:02:55] 📚 Mengambil mata kuliah ID 107291 ...
[2026-07-22 18:02:55]   ➤ ATA 2025/2026 | 3KB01 | Pengantarmukaan Perif.Komputer * | FARID THALIB
[2026-07-22 18:02:55]      • [Materi] Announcements Forum → Deadline: -
[2026-07-22 18:02:59] 📚 Mengambil mata kuliah ID 104438 ...
[2026-07-22 18:02:59]   ➤ ATA 2025/2026 | 3-FIKTI | Terapan Teori Graf | TEAM TEACHING
[2026-07-22 18:02:59]      • [Materi] PEMBERITAHUAN UTS SUSULAN File → Deadline: -
[2026-07-22 18:03:03]      • [Materi] PEMBERITAHUAN PELAKSANAAN TEAM TEACHING TERAPAN TEORI GRAF Forum → Deadline: -
[2026-07-22 18:03:07]      • [Materi] M1: Pendahuluan Teori Graf File → Deadline: -
[2026-07-22 18:03:12]      • [Materi] Video Literasi M1: Pendahuluan Teori Graf URL → Deadline: -
[2026-07-22 18:03:16]      • [Quiz] Kuis M1 [kelas PAGI] → Deadline: Tidak diketahui
[2026-07-22 18:03:20]      • [Quiz] Kuis M1 [kelas MALAM] → Deadline: Tidak diketahui
[2026-07-22 18:03:24]      • [Materi] M2: Graf Tidak Berarah dan Graf Berbobot File → Deadline: -
[2026-07-22 18:03:28]      • [Materi] Video Literasi M2 : Graf Tidak Berarah dan Graf Berbobot URL → Deadline: -
[2026-07-22 18:03:33]      • [Quiz] Kuis M2 [KELAS PAGI] : Graf Tidak Berarah dan Graf Berbobot → Deadline: Tidak diketahui
[2026-07-22 18:03:37]      • [Quiz] Kuis M2 [KELAS MALAM] : Graf Tidak Berarah dan Graf Berbobot → Deadline: Tidak diketahui
[2026-07-22 18:03:42]      • [Materi] M4 : Aplikasi Teori Graf di Teknik Elektro File → Deadline: -
[2026-07-22 18:03:46]      • [Materi] Video Literasi M4 : Aplikasi Teori Graf di Teknik Elektro URL → Deadline: -
[2026-07-22 18:03:50]      • [Quiz] Kuis M4 [KELAS PAGI]: Aplikasi Teori Graf di Teknik Elektro → Deadline: Tidak diketahui
[2026-07-22 18:03:54]      • [Quiz] Kuis M4 [KELAS MALAM]: Aplikasi Teori Graf di Teknik Elektro → Deadline: Tidak diketahui
[2026-07-22 18:03:59]      • [Materi] M5 : Knowledge Graph dan Database Graph File → Deadline: -
[2026-07-22 18:04:03]      • [Materi] Video Literasi  M5 : Knowledge Graph dan Database Graph URL → Deadline: -
[2026-07-22 18:04:08]      • [Quiz] Kuis M5 [KELAS PAGI] : nowledge Graph dan Database Graph → Deadline: Tidak diketahui
[2026-07-22 18:04:13]      • [Quiz] Kuis M5 [KELAS MALAM] : Knowledge Graph dan Database Graph → Deadline: Tidak diketahui
[2026-07-22 18:04:17]      • [Materi] M6 : Graf Berarah dan Implementasinya File → Deadline: -
[2026-07-22 18:04:21]      • [Materi] Video Literasi M6 : Graf Berarah dan Implementasinya URL → Deadline: -
[2026-07-22 18:04:26]      • [Quiz] Kuis M6 [KELAS PAGI] : Graf Berarah dan Implementasinya → Deadline: Tidak diketahui
[2026-07-22 18:04:30]      • [Quiz] Kuis M6 [KELAS MALAM] : Graf Berarah dan Implementasinya → Deadline: Tidak diketahui
[2026-07-22 18:04:34]      • [Materi] M8 : Penerapan Teori Graf di Bidang Teknik Sipil File → Deadline: -
[2026-07-22 18:04:38]      • [Materi] Video Literasi M8 : Penerapan Teori Graf di Bidang Teknik Sipil URL → Deadline: -
[2026-07-22 18:04:42]      • [Quiz] Kuis M8 [KELAS PAGI] : Penerapan Teori Graf di Bidang Teknik Sipil → Deadline: Tidak diketahui
[2026-07-22 18:04:46]      • [Quiz] Kuis M8 [KELAS MALAM] : Penerapan Teori Graf di Bidang Teknik Sipil → Deadline: Tidak diketahui
[2026-07-22 18:04:51]      • [Materi] M10 : Penerapan Teori Graf  di Bidang Teknik Industri File → Deadline: -
[2026-07-22 18:04:55]      • [Materi] Video Literasi M10 : Penerapan Teori Graf  di Bidang Teknik Industri URL → Deadline: -
[2026-07-22 18:04:59]      • [Quiz] Kuis M10 [kelas pagi] : Penerapan Teori Graf  di Bidang Teknik Industri → Deadline: Tidak diketahui
[2026-07-22 18:05:03]      • [Quiz] Kuis M10 [kelas malam]: Penerapan Teori Graf  di Bidang Teknik Industri → Deadline: Tidak diketahui
[2026-07-22 18:05:07]      • [Materi] M11 : Program Dinamis dan Permasalahan Tata Letak Fasilitas File → Deadline: -
[2026-07-22 18:05:11]      • [Materi] video literasi : Program Dinamis dan Permasalahan Tata Letak Fasilitas URL → Deadline: -
[2026-07-22 18:05:16]      • [Quiz] Kuis M11 [kelas PAGI]: Program Dinamis dan Permasalahan Tata Letak Fasilitas → Deadline: Tidak diketahui
[2026-07-22 18:05:20]      • [Quiz] Kuis M11 [kelas MALAM]: Program Dinamis dan Permasalahan Tata Letak Fasilitas → Deadline: Tidak diketahui
[2026-07-22 18:05:24]      • [Materi] M12: Algoritma Greedy pada Graf File → Deadline: -
[2026-07-22 18:05:29]      • [Materi] Video literasi M12: Algoritma Greedy pada Graf URL → Deadline: -
[2026-07-22 18:05:33]      • [Quiz] Kuis M12 [kelas PAGI] → Deadline: Tidak diketahui
[2026-07-22 18:05:37]      • [Quiz] Kuis M12 [kelas MALAM] → Deadline: Tidak diketahui
[2026-07-22 18:05:41]      • [Materi] M13 File → Deadline: -
[2026-07-22 18:05:46]      • [Materi] Video Literasi M13 : Graph Theory Implementation in Oil Mining Company URL → Deadline: -
[2026-07-22 18:05:50]      • [Quiz] Kuis M13 [PAGI]: Graph Theory Implementation in Oil Mining Company → Deadline: Tidak diketahui
[2026-07-22 18:05:55]      • [Quiz] Kuis M13 [MALAM]: Graph Theory Implementation in Oil Mining Company → Deadline: Tidak diketahui
[2026-07-22 18:05:59]      • [Materi] M14 : Aplikasi Graf Lengkap sebagai Graf Representasi untuk Model Optimasi Rute Kendaraan File → Deadline: -
[2026-07-22 18:06:03]      • [Materi] Video Literasi : Aplikasi Graf Lengkap sebagai Graf Representasi untuk Model Optimasi Rute Kendaraan URL → Deadline: -
[2026-07-22 18:06:08]      • [Quiz] Kuis M14 [PAGI]: Aplikasi Graf Lengkap sebagai Graf Representasi untuk Model Optimasi Rute Kendaraan → Deadline: Tidak diketahui
[2026-07-22 18:06:12]      • [Quiz] Kuis M14 [MALAM]: Aplikasi Graf Lengkap sebagai Graf Representasi untuk Model Optimasi Rute Kendaraan → Deadline: Tidak diketahui
[2026-07-22 18:06:16] 📚 Mengambil mata kuliah ID 104413 ...
[2026-07-22 18:06:16]   ➤ ATA 2025/2026 | 3-FIKTI | Praktikum Terapan Teori Graf
[2026-07-22 18:06:16]      • [Materi] Panduan Praktikum  Forum → Deadline: -
[2026-07-22 18:06:20]      • [Materi] Panduan Google Collaboratory URL → Deadline: -
[2026-07-22 18:06:24]      • [Materi] Panduan Instalasi Anaconda URL → Deadline: -
[2026-07-22 18:06:29]      • [Quiz] Pre-Test (M1) → Deadline: Tidak diketahui
[2026-07-22 18:06:34]      • [Materi] 1.1  Pengantar: Teori Graf URL → Deadline: -
[2026-07-22 18:06:39]      • [Materi] 1.2  Sesi Hands-on Praktikum URL → Deadline: -
[2026-07-22 18:06:43]      • [Materi] 1.3 Tutorial Menambahkan File pada Mesin DGX URL → Deadline: -
[2026-07-22 18:06:47]      • [Quiz] Post-Test (M1) → Deadline: Tidak diketahui
[2026-07-22 18:06:51]      • [Assignment] Pengumpulan Tugas (M1) → Deadline: Saturday, 7 March 2026, 11:59 PM
[2026-07-22 18:06:55]      • [Quiz] Pre-Test (M2) → Deadline: Tidak diketahui
[2026-07-22 18:06:59]      • [Materi] 2.1  Pengantar: Berbagai Pemecahan Masalah Menggunakan Teori Graf Page → Deadline: -
[2026-07-22 18:07:05]      • [Quiz] Post-Test (M2) → Deadline: Tidak diketahui
[2026-07-22 18:07:09]      • [Assignment] Pengumpulan Tugas (M2) → Deadline: Saturday, 14 March 2026, 11:59 PM
[2026-07-22 18:07:14]      • [Quiz] Pre-Test (M4) → Deadline: Tidak diketahui
[2026-07-22 18:07:17]      • [Materi] 4.1  Pengantar: Breadth First Search URL → Deadline: -
[2026-07-22 18:07:22]      • [Materi] Sesi Praktikum File → Deadline: -
[2026-07-22 18:07:27]      • [Materi] Video Tutorial: Mendownload File IPYNB di Virtual Class URL → Deadline: -
[2026-07-22 18:07:31]      • [Quiz] Post-Test (M4) → Deadline: Tidak diketahui
[2026-07-22 18:07:36]      • [Assignment] Laporan Akhir (M4) → Deadline: Saturday, 11 April 2026, 11:59 PM
[2026-07-22 18:07:41]      • [Quiz] Pre-Test (M5) → Deadline: Tidak diketahui
[2026-07-22 18:07:45]      • [Materi] Sesi Praktikum URL → Deadline: -
[2026-07-22 18:07:50]      • [Quiz] Post-Test (M5) → Deadline: Tidak diketahui
[2026-07-22 18:07:54]      • [Assignment] Laporan Akhir (M5) → Deadline: Saturday, 18 April 2026, 11:59 PM
[2026-07-22 18:07:59]      • [Quiz] Pre-Test (M6) → Deadline: Tidak diketahui
[2026-07-22 18:08:04]      • [Materi] 6.1  Pendahuluan: Algoritma Dasar Tree URL → Deadline: -
[2026-07-22 18:08:07]      • [Materi] Sesi Praktikum File → Deadline: -
[2026-07-22 18:08:12]      • [Quiz] Post-Test (M6) → Deadline: Tidak diketahui
[2026-07-22 18:08:15]      • [Assignment] Laporan Akhir (M6) → Deadline: Saturday, 25 April 2026, 11:59 PM
[2026-07-22 18:08:20]      • [Quiz] Pre-Test (M8) → Deadline: Tidak diketahui
[2026-07-22 18:08:24]      • [Materi] 8.1  Pendahuluan: Implementasi Graph URL → Deadline: -
[2026-07-22 18:08:28]      • [Materi] Link File Praktikum I - family.pl → Deadline: -
[2026-07-22 18:08:31]      • [Materi] Link File Praktikum II - 8-puzzles.ipynb → Deadline: -
[2026-07-22 18:08:36]      • [Materi] Video Tutorial: Mendownload File IPYNB di Virtual Class URL → Deadline: -
[2026-07-22 18:08:40]      • [Quiz] Post-Test (M8) → Deadline: Tidak diketahui
[2026-07-22 18:08:44]      • [Assignment] Laporan Akhir (M8) → Deadline: Saturday, 9 May 2026, 11:59 PM
[2026-07-22 18:08:48]      • [Quiz] Pre-Test (M9) → Deadline: Tidak diketahui
[2026-07-22 18:08:52]      • [Materi] Sesi Hands-on Praktikum URL → Deadline: -
[2026-07-22 18:08:57]      • [Quiz] Post-Test (M9) → Deadline: Tidak diketahui
[2026-07-22 18:09:02]      • [Assignment] Pengumpulan Tugas (M9) → Deadline: Saturday, 16 May 2026, 11:59 PM
[2026-07-22 18:09:06]      • [Quiz] Pre-Test (M3) → Deadline: Tidak diketahui
[2026-07-22 18:09:11]      • [Materi] Sesi Praktikum URL → Deadline: -
[2026-07-22 18:09:16]      • [Materi] Video Tutorial: Menambahkan File pada Mesin DGX URL → Deadline: -
[2026-07-22 18:09:20]      • [Quiz] Post-Test (M3) → Deadline: Tidak diketahui
[2026-07-22 18:09:25]      • [Assignment] Pengumpulan Tugas (M3) → Deadline: Saturday, 23 May 2026, 11:59 PM
[2026-07-22 18:09:29]      • [Quiz] Pre-Test (M7) → Deadline: Tidak diketahui
[2026-07-22 18:09:34]      • [Materi] Link File Praktikum I - 3-Tekrek-Find-Center.ipynb → Deadline: -
[2026-07-22 18:09:38]      • [Materi] Link File Praktikum II - 3-Tekrek-Sortest-Path.ipynb → Deadline: -
[2026-07-22 18:09:43]      • [Materi] Video Tutorial: Mendownload File IPYNB di Virtual Class URL → Deadline: -
[2026-07-22 18:09:47]      • [Quiz] Post-Test (M7) → Deadline: Tidak diketahui
[2026-07-22 18:09:52]      • [Assignment] Laporan Akhir (M7) → Deadline: Saturday, 23 May 2026, 11:59 PM
[2026-07-22 18:09:56] 📦 Total tugas ditemukan: 126
[2026-07-22 18:09:56] 💾 Disimpan ke python/node/tugas.json
