[2026-06-04 09:45:15] 🔐 Login ke V-Class...
[2026-06-04 09:45:15] ✅ Login berhasil
[2026-06-04 09:45:15] 📚 Mengambil mata kuliah ID 108486 ...
[2026-06-04 09:45:15]   ➤ ATA 2025/2026 | 3KB01 | Jaringan Komputer Lanjut | VIVIEN NOVA FITHRIANA
[2026-06-04 09:45:15]      • [Materi] Announcements Forum → Deadline: -
[2026-06-04 09:45:20]      • [Materi] M1 File → Deadline: -
[2026-06-04 09:45:24]      • [Materi] M2 File → Deadline: -
[2026-06-04 09:45:28]      • [Materi] M3 File → Deadline: -
[2026-06-04 09:45:32]      • [Materi] M4 File → Deadline: -
[2026-06-04 09:45:37]      • [Materi] M5 File → Deadline: -
[2026-06-04 09:45:41]      • [Materi] M6 File → Deadline: -
[2026-06-04 09:45:46]      • [Materi] M7 File → Deadline: -
[2026-06-04 09:45:49]      • [Materi] VC-1 : Traffic dan Algoritma Kendali Kemacetan File → Deadline: -
[2026-06-04 09:45:54]      • [Materi] VC-1 : Traffic dan Algoritma Kendali Kemacetan File → Deadline: -
[2026-06-04 09:45:59]      • [Materi] Forum VC-1 : Traffic dan Algoritma Kendali Kemacetan → Deadline: -
[2026-06-04 09:46:03]      • [Quiz] Latihan Soal VC-1 : Traffic dan Algoritma Kendali Kemacetan → Deadline: Tidak diketahui
[2026-06-04 09:46:08]      • [Materi] VC-2 : Traffic dan Algoritma Kendali Kemacetan - Bagian 2 File → Deadline: -
[2026-06-04 09:46:12]      • [Materi] Forum VC-2 : Traffic dan Algoritma Kendali Kemacetan - Bagian 2 → Deadline: -
[2026-06-04 09:46:16]      • [Quiz] Latihan Soal VC-2 : Traffic dan Algoritma Kendali Kemacetan - Bagian 2 → Deadline: Tidak diketahui
[2026-06-04 09:46:21]      • [Materi] VC-3 : Lapisan Transport File → Deadline: -
[2026-06-04 09:46:25]      • [Materi] Forum VC-3 : Lapisan Transport → Deadline: -
[2026-06-04 09:46:29]      • [Quiz] Latihan Soal VC-3 : Lapisan Transport → Deadline: Wednesday, 15 July 2026, 11:59 PM
[2026-06-04 09:46:34] 📚 Mengambil mata kuliah ID 108172 ...
[2026-06-04 09:46:34]   ➤ ATA 2025/2026 | 3KB01 | Internet of Things (IoT) | PURNAWARMAN MUSA
[2026-06-04 09:46:34]      • [Materi] Announcements Forum → Deadline: -
[2026-06-04 09:46:39]      • [Materi] M6 File → Deadline: -
[2026-06-04 09:46:43]      • [Quiz] Soal (Tugas Individu) → Deadline: Tidak diketahui
[2026-06-04 09:46:47]      • [Quiz] Soal (Tugas Individu) → Deadline: Tidak diketahui
[2026-06-04 09:46:51] 📚 Mengambil mata kuliah ID 109563 ...
[2026-06-04 09:46:51]   ➤ ATA 2025/2026 | 3KB01 | Sistem Tertanam (Embedded) * | RIDHA ISKANDAR
[2026-06-04 09:46:51]      • [Materi] Selamat Datang di V-Class Sistem Tertanam (Embedded) Forum → Deadline: -
[2026-06-04 09:46:56]      • [Assignment] File 1 → Deadline: Sunday, 26 April 2026, 12:00 AM
[2026-06-04 09:47:00] 📚 Mengambil mata kuliah ID 109970 ...
[2026-06-04 09:47:00]   ➤ ATA 2025/2026 | 2EB10 | Bahasa Indonesia | MELANIAWATI
[2026-06-04 09:47:00] 📚 Mengambil mata kuliah ID 107919 ...
[2026-06-04 09:47:00]   ➤ ATA 2025/2026 | 3KB01 | Sistem Cerdas Lanjut | NUR SULTAN SALAHUDDIN
[2026-06-04 09:47:00]      • [Materi] Announcements Forum → Deadline: -
[2026-06-04 09:47:04]      • [Assignment] Sistem Kesehatan Cerdas → Deadline: Thursday, 21 May 2026, 12:00 AM
[2026-06-04 09:47:08]      • [Quiz] Sistem Kesehatan Cerdas → Deadline: Tidak diketahui
[2026-06-04 09:47:12] 📚 Mengambil mata kuliah ID 107291 ...
[2026-06-04 09:47:12]   ➤ ATA 2025/2026 | 3KB01 | Pengantarmukaan Perif.Komputer * | FARID THALIB
[2026-06-04 09:47:12]      • [Materi] Announcements Forum → Deadline: -
[2026-06-04 09:47:17] 📚 Mengambil mata kuliah ID 104438 ...
[2026-06-04 09:47:18]   ➤ ATA 2025/2026 | 3-FIKTI | Terapan Teori Graf | TEAM TEACHING
[2026-06-04 09:47:18]      • [Materi] PEMBERITAHUAN PELAKSANAAN TEAM TEACHING TERAPAN TEORI GRAF Forum → Deadline: -
[2026-06-04 09:47:22]      • [Materi] M1: Pendahuluan Teori Graf File → Deadline: -
[2026-06-04 09:47:26]      • [Materi] Video Literasi M1: Pendahuluan Teori Graf URL → Deadline: -
[2026-06-04 09:47:30]      • [Quiz] Kuis M1 [kelas PAGI] → Deadline: Tidak diketahui
[2026-06-04 09:47:34]      • [Quiz] Kuis M1 [kelas MALAM] → Deadline: Tidak diketahui
[2026-06-04 09:47:38]      • [Materi] M2: Graf Tidak Berarah dan Graf Berbobot File → Deadline: -
[2026-06-04 09:47:42]      • [Materi] Video Literasi M2 : Graf Tidak Berarah dan Graf Berbobot URL → Deadline: -
[2026-06-04 09:47:47]      • [Quiz] Kuis M2 [KELAS PAGI] : Graf Tidak Berarah dan Graf Berbobot → Deadline: Tidak diketahui
[2026-06-04 09:47:51]      • [Quiz] Kuis M2 [KELAS MALAM] : Graf Tidak Berarah dan Graf Berbobot → Deadline: Tidak diketahui
[2026-06-04 09:47:55]      • [Materi] M4 : Aplikasi Teori Graf di Teknik Elektro File → Deadline: -
[2026-06-04 09:47:59]      • [Materi] Video Literasi M4 : Aplikasi Teori Graf di Teknik Elektro URL → Deadline: -
[2026-06-04 09:48:03]      • [Quiz] Kuis M4 [KELAS PAGI]: Aplikasi Teori Graf di Teknik Elektro → Deadline: Tidak diketahui
[2026-06-04 09:48:07]      • [Quiz] Kuis M4 [KELAS MALAM]: Aplikasi Teori Graf di Teknik Elektro → Deadline: Tidak diketahui
[2026-06-04 09:48:12]      • [Materi] M5 : Knowledge Graph dan Database Graph File → Deadline: -
[2026-06-04 09:48:16]      • [Materi] Video Literasi  M5 : Knowledge Graph dan Database Graph URL → Deadline: -
[2026-06-04 09:48:21]      • [Quiz] Kuis M5 [KELAS PAGI] : nowledge Graph dan Database Graph → Deadline: Tidak diketahui
[2026-06-04 09:48:25]      • [Quiz] Kuis M5 [KELAS MALAM] : Knowledge Graph dan Database Graph → Deadline: Tidak diketahui
[2026-06-04 09:48:29]      • [Materi] M6 : Graf Berarah dan Implementasinya File → Deadline: -
[2026-06-04 09:48:34]      • [Materi] Video Literasi M6 : Graf Berarah dan Implementasinya URL → Deadline: -
[2026-06-04 09:48:39]      • [Quiz] Kuis M6 [KELAS PAGI] : Graf Berarah dan Implementasinya → Deadline: Tidak diketahui
[2026-06-04 09:48:44]      • [Quiz] Kuis M6 [KELAS MALAM] : Graf Berarah dan Implementasinya → Deadline: Tidak diketahui
[2026-06-04 09:48:47]      • [Materi] M8 : Penerapan Teori Graf di Bidang Teknik Sipil File → Deadline: -
[2026-06-04 09:48:51]      • [Materi] Video Literasi M8 : Penerapan Teori Graf di Bidang Teknik Sipil URL → Deadline: -
[2026-06-04 09:48:55]      • [Quiz] Kuis M8 [KELAS PAGI] : Penerapan Teori Graf di Bidang Teknik Sipil → Deadline: Tidak diketahui
[2026-06-04 09:49:00]      • [Quiz] Kuis M8 [KELAS MALAM] : Penerapan Teori Graf di Bidang Teknik Sipil → Deadline: Tidak diketahui
[2026-06-04 09:49:05]      • [Materi] M10 : Penerapan Teori Graf  di Bidang Teknik Industri File → Deadline: -
[2026-06-04 09:49:09]      • [Materi] Video Literasi M10 : Penerapan Teori Graf  di Bidang Teknik Industri URL → Deadline: -
[2026-06-04 09:49:13]      • [Quiz] Kuis M10 [kelas pagi] : Penerapan Teori Graf  di Bidang Teknik Industri → Deadline: Tidak diketahui
[2026-06-04 09:49:18]      • [Quiz] Kuis M10 [kelas malam]: Penerapan Teori Graf  di Bidang Teknik Industri → Deadline: Tidak diketahui
[2026-06-04 09:49:23] 📚 Mengambil mata kuliah ID 104413 ...
[2026-06-04 09:49:23]   ➤ ATA 2025/2026 | 3-FIKTI | Praktikum Terapan Teori Graf
[2026-06-04 09:49:23]      • [Materi] Panduan Praktikum  Forum → Deadline: -
[2026-06-04 09:49:27]      • [Materi] Panduan Google Collaboratory URL → Deadline: -
[2026-06-04 09:49:32]      • [Materi] Panduan Instalasi Anaconda URL → Deadline: -
[2026-06-04 09:49:37]      • [Quiz] Pre-Test (M1) → Deadline: Tidak diketahui
[2026-06-04 09:49:42]      • [Materi] 1.1  Pengantar: Teori Graf URL → Deadline: -
[2026-06-04 09:49:46]      • [Materi] 1.2  Sesi Hands-on Praktikum URL → Deadline: -
[2026-06-04 09:49:49]      • [Materi] 1.3 Tutorial Menambahkan File pada Mesin DGX URL → Deadline: -
[2026-06-04 09:49:54]      • [Quiz] Post-Test (M1) → Deadline: Tidak diketahui
[2026-06-04 09:49:59]      • [Assignment] Pengumpulan Tugas (M1) → Deadline: Saturday, 7 March 2026, 11:59 PM
[2026-06-04 09:50:03]      • [Quiz] Pre-Test (M2) → Deadline: Tidak diketahui
[2026-06-04 09:50:07]      • [Materi] 2.1  Pengantar: Berbagai Pemecahan Masalah Menggunakan Teori Graf Page → Deadline: -
[2026-06-04 09:50:12]      • [Quiz] Post-Test (M2) → Deadline: Tidak diketahui
[2026-06-04 09:50:16]      • [Assignment] Pengumpulan Tugas (M2) → Deadline: Saturday, 14 March 2026, 11:59 PM
[2026-06-04 09:50:21]      • [Quiz] Pre-Test (M4) → Deadline: Tidak diketahui
[2026-06-04 09:50:24]      • [Materi] 4.1  Pengantar: Breadth First Search URL → Deadline: -
[2026-06-04 09:50:29]      • [Materi] Sesi Praktikum File → Deadline: -
[2026-06-04 09:50:34]      • [Materi] Video Tutorial: Mendownload File IPYNB di Virtual Class URL → Deadline: -
[2026-06-04 09:50:39]      • [Quiz] Post-Test (M4) → Deadline: Tidak diketahui
[2026-06-04 09:50:43]      • [Assignment] Laporan Akhir (M4) → Deadline: Saturday, 11 April 2026, 11:59 PM
[2026-06-04 09:50:48]      • [Quiz] Pre-Test (M5) → Deadline: Tidak diketahui
[2026-06-04 09:50:51]      • [Materi] Sesi Praktikum URL → Deadline: -
[2026-06-04 09:50:55]      • [Quiz] Post-Test (M5) → Deadline: Tidak diketahui
[2026-06-04 09:51:00]      • [Assignment] Laporan Akhir (M5) → Deadline: Saturday, 18 April 2026, 11:59 PM
[2026-06-04 09:51:05]      • [Quiz] Pre-Test (M6) → Deadline: Tidak diketahui
[2026-06-04 09:51:09]      • [Materi] 6.1  Pendahuluan: Algoritma Dasar Tree URL → Deadline: -
[2026-06-04 09:51:13]      • [Materi] Sesi Praktikum File → Deadline: -
[2026-06-04 09:51:17]      • [Quiz] Post-Test (M6) → Deadline: Tidak diketahui
[2026-06-04 09:51:22]      • [Assignment] Laporan Akhir (M6) → Deadline: Saturday, 25 April 2026, 11:59 PM
[2026-06-04 09:51:26]      • [Quiz] Pre-Test (M8) → Deadline: Tidak diketahui
[2026-06-04 09:51:31]      • [Materi] 8.1  Pendahuluan: Implementasi Graph URL → Deadline: -
[2026-06-04 09:51:35]      • [Materi] Link File Praktikum I - family.pl → Deadline: -
[2026-06-04 09:51:39]      • [Materi] Link File Praktikum II - 8-puzzles.ipynb → Deadline: -
[2026-06-04 09:51:43]      • [Materi] Video Tutorial: Mendownload File IPYNB di Virtual Class URL → Deadline: -
[2026-06-04 09:51:48]      • [Quiz] Post-Test (M8) → Deadline: Tidak diketahui
[2026-06-04 09:51:52]      • [Assignment] Laporan Akhir (M8) → Deadline: Saturday, 9 May 2026, 11:59 PM
[2026-06-04 09:51:56]      • [Quiz] Pre-Test (M9) → Deadline: Tidak diketahui
[2026-06-04 09:52:00]      • [Materi] Sesi Hands-on Praktikum URL → Deadline: -
[2026-06-04 09:52:05]      • [Quiz] Post-Test (M9) → Deadline: Tidak diketahui
[2026-06-04 09:52:09]      • [Assignment] Pengumpulan Tugas (M9) → Deadline: Saturday, 16 May 2026, 11:59 PM
[2026-06-04 09:52:13]      • [Quiz] Pre-Test (M3) → Deadline: Tidak diketahui
[2026-06-04 09:52:16]      • [Materi] Sesi Praktikum URL → Deadline: -
[2026-06-04 09:52:20]      • [Materi] Video Tutorial: Menambahkan File pada Mesin DGX URL → Deadline: -
[2026-06-04 09:52:25]      • [Quiz] Post-Test (M3) → Deadline: Tidak diketahui
[2026-06-04 09:52:29]      • [Assignment] Pengumpulan Tugas (M3) → Deadline: Saturday, 23 May 2026, 11:59 PM
[2026-06-04 09:52:33]      • [Quiz] Pre-Test (M7) → Deadline: Tidak diketahui
[2026-06-04 09:52:37]      • [Materi] Link File Praktikum I - 3-Tekrek-Find-Center.ipynb → Deadline: -
[2026-06-04 09:52:41]      • [Materi] Link File Praktikum II - 3-Tekrek-Sortest-Path.ipynb → Deadline: -
[2026-06-04 09:52:45]      • [Materi] Video Tutorial: Mendownload File IPYNB di Virtual Class URL → Deadline: -
[2026-06-04 09:52:49]      • [Quiz] Post-Test (M7) → Deadline: Tidak diketahui
[2026-06-04 09:52:53]      • [Assignment] Laporan Akhir (M7) → Deadline: Saturday, 23 May 2026, 11:59 PM
[2026-06-04 09:52:57] 📦 Total tugas ditemukan: 107
[2026-06-04 09:52:57] 💾 Disimpan ke python/node/tugas.json
[2026-06-04 18:00:57] 🔐 Login ke V-Class...
[2026-06-04 18:00:58] ✅ Login berhasil
[2026-06-04 18:00:58] 📚 Mengambil mata kuliah ID 108486 ...
[2026-06-04 18:00:58]   ➤ ATA 2025/2026 | 3KB01 | Jaringan Komputer Lanjut | VIVIEN NOVA FITHRIANA
[2026-06-04 18:00:58]      • [Materi] Announcements Forum → Deadline: -
[2026-06-04 18:01:01]      • [Materi] M1 File → Deadline: -
[2026-06-04 18:01:06]      • [Materi] M2 File → Deadline: -
[2026-06-04 18:01:11]      • [Materi] M3 File → Deadline: -
[2026-06-04 18:01:15]      • [Materi] M4 File → Deadline: -
[2026-06-04 18:01:20]      • [Materi] M5 File → Deadline: -
[2026-06-04 18:01:25]      • [Materi] M6 File → Deadline: -
[2026-06-04 18:01:29]      • [Materi] M7 File → Deadline: -
[2026-06-04 18:01:33]      • [Materi] VC-1 : Traffic dan Algoritma Kendali Kemacetan File → Deadline: -
[2026-06-04 18:01:38]      • [Materi] VC-1 : Traffic dan Algoritma Kendali Kemacetan File → Deadline: -
[2026-06-04 18:01:42]      • [Materi] Forum VC-1 : Traffic dan Algoritma Kendali Kemacetan → Deadline: -
[2026-06-04 18:01:46]      • [Quiz] Latihan Soal VC-1 : Traffic dan Algoritma Kendali Kemacetan → Deadline: Tidak diketahui
[2026-06-04 18:01:50]      • [Materi] VC-2 : Traffic dan Algoritma Kendali Kemacetan - Bagian 2 File → Deadline: -
[2026-06-04 18:01:54]      • [Materi] Forum VC-2 : Traffic dan Algoritma Kendali Kemacetan - Bagian 2 → Deadline: -
[2026-06-04 18:01:59]      • [Quiz] Latihan Soal VC-2 : Traffic dan Algoritma Kendali Kemacetan - Bagian 2 → Deadline: Tidak diketahui
[2026-06-04 18:02:04]      • [Materi] VC-3 : Lapisan Transport File → Deadline: -
[2026-06-04 18:02:08]      • [Materi] Forum VC-3 : Lapisan Transport → Deadline: -
[2026-06-04 18:02:12]      • [Quiz] Latihan Soal VC-3 : Lapisan Transport → Deadline: Wednesday, 15 July 2026, 11:59 PM
[2026-06-04 18:02:16] 📚 Mengambil mata kuliah ID 108172 ...
[2026-06-04 18:02:16]   ➤ ATA 2025/2026 | 3KB01 | Internet of Things (IoT) | PURNAWARMAN MUSA
[2026-06-04 18:02:16]      • [Materi] Announcements Forum → Deadline: -
[2026-06-04 18:02:20]      • [Materi] M6 File → Deadline: -
[2026-06-04 18:02:24]      • [Quiz] Soal (Tugas Individu) → Deadline: Tidak diketahui
[2026-06-04 18:02:29]      • [Quiz] Soal (Tugas Individu) → Deadline: Tidak diketahui
[2026-06-04 18:02:33] 📚 Mengambil mata kuliah ID 109563 ...
[2026-06-04 18:02:33]   ➤ ATA 2025/2026 | 3KB01 | Sistem Tertanam (Embedded) * | RIDHA ISKANDAR
[2026-06-04 18:02:33]      • [Materi] Selamat Datang di V-Class Sistem Tertanam (Embedded) Forum → Deadline: -
[2026-06-04 18:02:38]      • [Assignment] File 1 → Deadline: Sunday, 26 April 2026, 12:00 AM
[2026-06-04 18:02:42] 📚 Mengambil mata kuliah ID 109970 ...
[2026-06-04 18:02:42]   ➤ ATA 2025/2026 | 2EB10 | Bahasa Indonesia | MELANIAWATI
[2026-06-04 18:02:42] 📚 Mengambil mata kuliah ID 107919 ...
[2026-06-04 18:02:43]   ➤ ATA 2025/2026 | 3KB01 | Sistem Cerdas Lanjut | NUR SULTAN SALAHUDDIN
[2026-06-04 18:02:43]      • [Materi] Announcements Forum → Deadline: -
[2026-06-04 18:02:47]      • [Assignment] Sistem Kesehatan Cerdas → Deadline: Thursday, 21 May 2026, 12:00 AM
[2026-06-04 18:02:52]      • [Quiz] Sistem Kesehatan Cerdas → Deadline: Tidak diketahui
[2026-06-04 18:02:56] 📚 Mengambil mata kuliah ID 107291 ...
[2026-06-04 18:02:56]   ➤ ATA 2025/2026 | 3KB01 | Pengantarmukaan Perif.Komputer * | FARID THALIB
[2026-06-04 18:02:56]      • [Materi] Announcements Forum → Deadline: -
[2026-06-04 18:02:59] 📚 Mengambil mata kuliah ID 104438 ...
[2026-06-04 18:03:00]   ➤ ATA 2025/2026 | 3-FIKTI | Terapan Teori Graf | TEAM TEACHING
[2026-06-04 18:03:00]      • [Materi] PEMBERITAHUAN PELAKSANAAN TEAM TEACHING TERAPAN TEORI GRAF Forum → Deadline: -
[2026-06-04 18:03:04]      • [Materi] M1: Pendahuluan Teori Graf File → Deadline: -
[2026-06-04 18:03:08]      • [Materi] Video Literasi M1: Pendahuluan Teori Graf URL → Deadline: -
[2026-06-04 18:03:12]      • [Quiz] Kuis M1 [kelas PAGI] → Deadline: Tidak diketahui
[2026-06-04 18:03:17]      • [Quiz] Kuis M1 [kelas MALAM] → Deadline: Tidak diketahui
[2026-06-04 18:03:21]      • [Materi] M2: Graf Tidak Berarah dan Graf Berbobot File → Deadline: -
[2026-06-04 18:03:25]      • [Materi] Video Literasi M2 : Graf Tidak Berarah dan Graf Berbobot URL → Deadline: -
[2026-06-04 18:03:30]      • [Quiz] Kuis M2 [KELAS PAGI] : Graf Tidak Berarah dan Graf Berbobot → Deadline: Tidak diketahui
[2026-06-04 18:03:33]      • [Quiz] Kuis M2 [KELAS MALAM] : Graf Tidak Berarah dan Graf Berbobot → Deadline: Tidak diketahui
[2026-06-04 18:03:38]      • [Materi] M4 : Aplikasi Teori Graf di Teknik Elektro File → Deadline: -
[2026-06-04 18:03:42]      • [Materi] Video Literasi M4 : Aplikasi Teori Graf di Teknik Elektro URL → Deadline: -
[2026-06-04 18:03:46]      • [Quiz] Kuis M4 [KELAS PAGI]: Aplikasi Teori Graf di Teknik Elektro → Deadline: Tidak diketahui
[2026-06-04 18:03:50]      • [Quiz] Kuis M4 [KELAS MALAM]: Aplikasi Teori Graf di Teknik Elektro → Deadline: Tidak diketahui
[2026-06-04 18:03:55]      • [Materi] M5 : Knowledge Graph dan Database Graph File → Deadline: -
[2026-06-04 18:03:59]      • [Materi] Video Literasi  M5 : Knowledge Graph dan Database Graph URL → Deadline: -
[2026-06-04 18:04:04]      • [Quiz] Kuis M5 [KELAS PAGI] : nowledge Graph dan Database Graph → Deadline: Tidak diketahui
[2026-06-04 18:04:08]      • [Quiz] Kuis M5 [KELAS MALAM] : Knowledge Graph dan Database Graph → Deadline: Tidak diketahui
[2026-06-04 18:04:12]      • [Materi] M6 : Graf Berarah dan Implementasinya File → Deadline: -
[2026-06-04 18:04:16]      • [Materi] Video Literasi M6 : Graf Berarah dan Implementasinya URL → Deadline: -
[2026-06-04 18:04:20]      • [Quiz] Kuis M6 [KELAS PAGI] : Graf Berarah dan Implementasinya → Deadline: Tidak diketahui
[2026-06-04 18:04:24]      • [Quiz] Kuis M6 [KELAS MALAM] : Graf Berarah dan Implementasinya → Deadline: Tidak diketahui
[2026-06-04 18:04:28]      • [Materi] M8 : Penerapan Teori Graf di Bidang Teknik Sipil File → Deadline: -
[2026-06-04 18:04:33]      • [Materi] Video Literasi M8 : Penerapan Teori Graf di Bidang Teknik Sipil URL → Deadline: -
[2026-06-04 18:04:37]      • [Quiz] Kuis M8 [KELAS PAGI] : Penerapan Teori Graf di Bidang Teknik Sipil → Deadline: Tidak diketahui
[2026-06-04 18:04:41]      • [Quiz] Kuis M8 [KELAS MALAM] : Penerapan Teori Graf di Bidang Teknik Sipil → Deadline: Tidak diketahui
[2026-06-04 18:04:46]      • [Materi] M10 : Penerapan Teori Graf  di Bidang Teknik Industri File → Deadline: -
[2026-06-04 18:04:50]      • [Materi] Video Literasi M10 : Penerapan Teori Graf  di Bidang Teknik Industri URL → Deadline: -
[2026-06-04 18:04:54]      • [Quiz] Kuis M10 [kelas pagi] : Penerapan Teori Graf  di Bidang Teknik Industri → Deadline: Tidak diketahui
[2026-06-04 18:04:58]      • [Quiz] Kuis M10 [kelas malam]: Penerapan Teori Graf  di Bidang Teknik Industri → Deadline: Tidak diketahui
[2026-06-04 18:05:02] 📚 Mengambil mata kuliah ID 104413 ...
[2026-06-04 18:05:02]   ➤ ATA 2025/2026 | 3-FIKTI | Praktikum Terapan Teori Graf
[2026-06-04 18:05:02]      • [Materi] Panduan Praktikum  Forum → Deadline: -
[2026-06-04 18:05:06]      • [Materi] Panduan Google Collaboratory URL → Deadline: -
[2026-06-04 18:05:10]      • [Materi] Panduan Instalasi Anaconda URL → Deadline: -
[2026-06-04 18:05:14]      • [Quiz] Pre-Test (M1) → Deadline: Tidak diketahui
[2026-06-04 18:05:18]      • [Materi] 1.1  Pengantar: Teori Graf URL → Deadline: -
[2026-06-04 18:05:23]      • [Materi] 1.2  Sesi Hands-on Praktikum URL → Deadline: -
[2026-06-04 18:05:27]      • [Materi] 1.3 Tutorial Menambahkan File pada Mesin DGX URL → Deadline: -
[2026-06-04 18:05:32]      • [Quiz] Post-Test (M1) → Deadline: Tidak diketahui
[2026-06-04 18:05:36]      • [Assignment] Pengumpulan Tugas (M1) → Deadline: Saturday, 7 March 2026, 11:59 PM
[2026-06-04 18:05:40]      • [Quiz] Pre-Test (M2) → Deadline: Tidak diketahui
[2026-06-04 18:05:44]      • [Materi] 2.1  Pengantar: Berbagai Pemecahan Masalah Menggunakan Teori Graf Page → Deadline: -
[2026-06-04 18:05:48]      • [Quiz] Post-Test (M2) → Deadline: Tidak diketahui
[2026-06-04 18:05:52]      • [Assignment] Pengumpulan Tugas (M2) → Deadline: Saturday, 14 March 2026, 11:59 PM
[2026-06-04 18:05:57]      • [Quiz] Pre-Test (M4) → Deadline: Tidak diketahui
[2026-06-04 18:06:02]      • [Materi] 4.1  Pengantar: Breadth First Search URL → Deadline: -
[2026-06-04 18:06:06]      • [Materi] Sesi Praktikum File → Deadline: -
[2026-06-04 18:06:10]      • [Materi] Video Tutorial: Mendownload File IPYNB di Virtual Class URL → Deadline: -
[2026-06-04 18:06:16]      • [Quiz] Post-Test (M4) → Deadline: Tidak diketahui
[2026-06-04 18:06:20]      • [Assignment] Laporan Akhir (M4) → Deadline: Saturday, 11 April 2026, 11:59 PM
[2026-06-04 18:06:24]      • [Quiz] Pre-Test (M5) → Deadline: Tidak diketahui
[2026-06-04 18:06:28]      • [Materi] Sesi Praktikum URL → Deadline: -
[2026-06-04 18:06:32]      • [Quiz] Post-Test (M5) → Deadline: Tidak diketahui
[2026-06-04 18:06:37]      • [Assignment] Laporan Akhir (M5) → Deadline: Saturday, 18 April 2026, 11:59 PM
[2026-06-04 18:06:41]      • [Quiz] Pre-Test (M6) → Deadline: Tidak diketahui
[2026-06-04 18:06:45]      • [Materi] 6.1  Pendahuluan: Algoritma Dasar Tree URL → Deadline: -
[2026-06-04 18:06:49]      • [Materi] Sesi Praktikum File → Deadline: -
[2026-06-04 18:06:54]      • [Quiz] Post-Test (M6) → Deadline: Tidak diketahui
[2026-06-04 18:06:59]      • [Assignment] Laporan Akhir (M6) → Deadline: Saturday, 25 April 2026, 11:59 PM
[2026-06-04 18:07:04]      • [Quiz] Pre-Test (M8) → Deadline: Tidak diketahui
[2026-06-04 18:07:08]      • [Materi] 8.1  Pendahuluan: Implementasi Graph URL → Deadline: -
[2026-06-04 18:07:12]      • [Materi] Link File Praktikum I - family.pl → Deadline: -
[2026-06-04 18:07:16]      • [Materi] Link File Praktikum II - 8-puzzles.ipynb → Deadline: -
[2026-06-04 18:07:21]      • [Materi] Video Tutorial: Mendownload File IPYNB di Virtual Class URL → Deadline: -
[2026-06-04 18:07:25]      • [Quiz] Post-Test (M8) → Deadline: Tidak diketahui
[2026-06-04 18:07:30]      • [Assignment] Laporan Akhir (M8) → Deadline: Saturday, 9 May 2026, 11:59 PM
[2026-06-04 18:07:34]      • [Quiz] Pre-Test (M9) → Deadline: Tidak diketahui
[2026-06-04 18:07:37]      • [Materi] Sesi Hands-on Praktikum URL → Deadline: -
[2026-06-04 18:07:42]      • [Quiz] Post-Test (M9) → Deadline: Tidak diketahui
[2026-06-04 18:07:47]      • [Assignment] Pengumpulan Tugas (M9) → Deadline: Saturday, 16 May 2026, 11:59 PM
[2026-06-04 18:07:51]      • [Quiz] Pre-Test (M3) → Deadline: Tidak diketahui
[2026-06-04 18:07:56]      • [Materi] Sesi Praktikum URL → Deadline: -
[2026-06-04 18:08:00]      • [Materi] Video Tutorial: Menambahkan File pada Mesin DGX URL → Deadline: -
[2026-06-04 18:08:05]      • [Quiz] Post-Test (M3) → Deadline: Tidak diketahui
[2026-06-04 18:08:09]      • [Assignment] Pengumpulan Tugas (M3) → Deadline: Saturday, 23 May 2026, 11:59 PM
[2026-06-04 18:08:13]      • [Quiz] Pre-Test (M7) → Deadline: Tidak diketahui
[2026-06-04 18:08:18]      • [Materi] Link File Praktikum I - 3-Tekrek-Find-Center.ipynb → Deadline: -
[2026-06-04 18:08:23]      • [Materi] Link File Praktikum II - 3-Tekrek-Sortest-Path.ipynb → Deadline: -
[2026-06-04 18:08:26]      • [Materi] Video Tutorial: Mendownload File IPYNB di Virtual Class URL → Deadline: -
[2026-06-04 18:08:30]      • [Quiz] Post-Test (M7) → Deadline: Tidak diketahui
[2026-06-04 18:08:34]      • [Assignment] Laporan Akhir (M7) → Deadline: Saturday, 23 May 2026, 11:59 PM
[2026-06-04 18:08:38] 📦 Total tugas ditemukan: 107
[2026-06-04 18:08:38] 💾 Disimpan ke python/node/tugas.json
