[2026-06-22 09:45:48] 🔐 Login ke V-Class...
[2026-06-22 09:45:49] ✅ Login berhasil
[2026-06-22 09:45:49] 📚 Mengambil mata kuliah ID 108486 ...
[2026-06-22 09:45:49]   ➤ ATA 2025/2026 | 3KB01 | Jaringan Komputer Lanjut | VIVIEN NOVA FITHRIANA
[2026-06-22 09:45:49]      • [Materi] Announcements Forum → Deadline: -
[2026-06-22 09:45:52]      • [Materi] M1 File → Deadline: -
[2026-06-22 09:45:57]      • [Materi] M2 File → Deadline: -
[2026-06-22 09:46:02]      • [Materi] M3 File → Deadline: -
[2026-06-22 09:46:05]      • [Materi] M4 File → Deadline: -
[2026-06-22 09:46:10]      • [Materi] M5 File → Deadline: -
[2026-06-22 09:46:14]      • [Materi] M6 File → Deadline: -
[2026-06-22 09:46:19]      • [Materi] M7 File → Deadline: -
[2026-06-22 09:46:23]      • [Materi] VC-1 : Traffic dan Algoritma Kendali Kemacetan File → Deadline: -
[2026-06-22 09:46:28]      • [Materi] VC-1 : Traffic dan Algoritma Kendali Kemacetan File → Deadline: -
[2026-06-22 09:46:32]      • [Materi] Forum VC-1 : Traffic dan Algoritma Kendali Kemacetan → Deadline: -
[2026-06-22 09:46:36]      • [Quiz] Latihan Soal VC-1 : Traffic dan Algoritma Kendali Kemacetan → Deadline: Tidak diketahui
[2026-06-22 09:46:41]      • [Materi] VC-2 : Traffic dan Algoritma Kendali Kemacetan - Bagian 2 File → Deadline: -
[2026-06-22 09:46:46]      • [Materi] Forum VC-2 : Traffic dan Algoritma Kendali Kemacetan - Bagian 2 → Deadline: -
[2026-06-22 09:46:50]      • [Quiz] Latihan Soal VC-2 : Traffic dan Algoritma Kendali Kemacetan - Bagian 2 → Deadline: Tidak diketahui
[2026-06-22 09:46:54]      • [Materi] VC-3 : Lapisan Transport File → Deadline: -
[2026-06-22 09:46:58]      • [Materi] Forum VC-3 : Lapisan Transport → Deadline: -
[2026-06-22 09:47:03]      • [Quiz] Latihan Soal VC-3 : Lapisan Transport → Deadline: Wednesday, 15 July 2026, 11:59 PM
[2026-06-22 09:47:08] 📚 Mengambil mata kuliah ID 108172 ...
[2026-06-22 09:47:08]   ➤ ATA 2025/2026 | 3KB01 | Internet of Things (IoT) | PURNAWARMAN MUSA
[2026-06-22 09:47:08]      • [Materi] Announcements Forum → Deadline: -
[2026-06-22 09:47:13]      • [Materi] M6 File → Deadline: -
[2026-06-22 09:47:18]      • [Quiz] Soal (Tugas Individu) → Deadline: Tidak diketahui
[2026-06-22 09:47:22]      • [Quiz] Soal (Tugas Individu) → Deadline: Tidak diketahui
[2026-06-22 09:47:26] 📚 Mengambil mata kuliah ID 109563 ...
[2026-06-22 09:47:26]   ➤ ATA 2025/2026 | 3KB01 | Sistem Tertanam (Embedded) * | RIDHA ISKANDAR
[2026-06-22 09:47:26]      • [Materi] Selamat Datang di V-Class Sistem Tertanam (Embedded) Forum → Deadline: -
[2026-06-22 09:47:31]      • [Assignment] File 1 → Deadline: Sunday, 26 April 2026, 12:00 AM
[2026-06-22 09:47:34] 📚 Mengambil mata kuliah ID 109970 ...
[2026-06-22 09:47:35]   ➤ ATA 2025/2026 | 2EB10 | Bahasa Indonesia | MELANIAWATI
[2026-06-22 09:47:35] 📚 Mengambil mata kuliah ID 107919 ...
[2026-06-22 09:47:35]   ➤ ATA 2025/2026 | 3KB01 | Sistem Cerdas Lanjut | NUR SULTAN SALAHUDDIN
[2026-06-22 09:47:35]      • [Materi] Announcements Forum → Deadline: -
[2026-06-22 09:47:39]      • [Assignment] Sistem Kesehatan Cerdas → Deadline: Thursday, 21 May 2026, 12:00 AM
[2026-06-22 09:47:44]      • [Quiz] Sistem Kesehatan Cerdas → Deadline: Tidak diketahui
[2026-06-22 09:47:48] 📚 Mengambil mata kuliah ID 107291 ...
[2026-06-22 09:47:48]   ➤ ATA 2025/2026 | 3KB01 | Pengantarmukaan Perif.Komputer * | FARID THALIB
[2026-06-22 09:47:48]      • [Materi] Announcements Forum → Deadline: -
[2026-06-22 09:47:52] 📚 Mengambil mata kuliah ID 104438 ...
[2026-06-22 09:47:53]   ➤ ATA 2025/2026 | 3-FIKTI | Terapan Teori Graf | TEAM TEACHING
[2026-06-22 09:47:53]      • [Materi] PEMBERITAHUAN UTS SUSULAN File → Deadline: -
[2026-06-22 09:47:57]      • [Materi] PEMBERITAHUAN PELAKSANAAN TEAM TEACHING TERAPAN TEORI GRAF Forum → Deadline: -
[2026-06-22 09:48:01]      • [Materi] M1: Pendahuluan Teori Graf File → Deadline: -
[2026-06-22 09:48:05]      • [Materi] Video Literasi M1: Pendahuluan Teori Graf URL → Deadline: -
[2026-06-22 09:48:10]      • [Quiz] Kuis M1 [kelas PAGI] → Deadline: Tidak diketahui
[2026-06-22 09:48:14]      • [Quiz] Kuis M1 [kelas MALAM] → Deadline: Tidak diketahui
[2026-06-22 09:48:19]      • [Materi] M2: Graf Tidak Berarah dan Graf Berbobot File → Deadline: -
[2026-06-22 09:48:22]      • [Materi] Video Literasi M2 : Graf Tidak Berarah dan Graf Berbobot URL → Deadline: -
[2026-06-22 09:48:27]      • [Quiz] Kuis M2 [KELAS PAGI] : Graf Tidak Berarah dan Graf Berbobot → Deadline: Tidak diketahui
[2026-06-22 09:48:31]      • [Quiz] Kuis M2 [KELAS MALAM] : Graf Tidak Berarah dan Graf Berbobot → Deadline: Tidak diketahui
[2026-06-22 09:48:35]      • [Materi] M4 : Aplikasi Teori Graf di Teknik Elektro File → Deadline: -
[2026-06-22 09:48:39]      • [Materi] Video Literasi M4 : Aplikasi Teori Graf di Teknik Elektro URL → Deadline: -
[2026-06-22 09:48:44]      • [Quiz] Kuis M4 [KELAS PAGI]: Aplikasi Teori Graf di Teknik Elektro → Deadline: Tidak diketahui
[2026-06-22 09:48:48]      • [Quiz] Kuis M4 [KELAS MALAM]: Aplikasi Teori Graf di Teknik Elektro → Deadline: Tidak diketahui
[2026-06-22 09:48:51]      • [Materi] M5 : Knowledge Graph dan Database Graph File → Deadline: -
[2026-06-22 09:48:55]      • [Materi] Video Literasi  M5 : Knowledge Graph dan Database Graph URL → Deadline: -
[2026-06-22 09:49:00]      • [Quiz] Kuis M5 [KELAS PAGI] : nowledge Graph dan Database Graph → Deadline: Tidak diketahui
[2026-06-22 09:49:04]      • [Quiz] Kuis M5 [KELAS MALAM] : Knowledge Graph dan Database Graph → Deadline: Tidak diketahui
[2026-06-22 09:49:08]      • [Materi] M6 : Graf Berarah dan Implementasinya File → Deadline: -
[2026-06-22 09:49:12]      • [Materi] Video Literasi M6 : Graf Berarah dan Implementasinya URL → Deadline: -
[2026-06-22 09:49:16]      • [Quiz] Kuis M6 [KELAS PAGI] : Graf Berarah dan Implementasinya → Deadline: Tidak diketahui
[2026-06-22 09:49:21]      • [Quiz] Kuis M6 [KELAS MALAM] : Graf Berarah dan Implementasinya → Deadline: Tidak diketahui
[2026-06-22 09:49:25]      • [Materi] M8 : Penerapan Teori Graf di Bidang Teknik Sipil File → Deadline: -
[2026-06-22 09:49:30]      • [Materi] Video Literasi M8 : Penerapan Teori Graf di Bidang Teknik Sipil URL → Deadline: -
[2026-06-22 09:49:34]      • [Quiz] Kuis M8 [KELAS PAGI] : Penerapan Teori Graf di Bidang Teknik Sipil → Deadline: Tidak diketahui
[2026-06-22 09:49:39]      • [Quiz] Kuis M8 [KELAS MALAM] : Penerapan Teori Graf di Bidang Teknik Sipil → Deadline: Tidak diketahui
[2026-06-22 09:49:43]      • [Materi] M10 : Penerapan Teori Graf  di Bidang Teknik Industri File → Deadline: -
[2026-06-22 09:49:47]      • [Materi] Video Literasi M10 : Penerapan Teori Graf  di Bidang Teknik Industri URL → Deadline: -
[2026-06-22 09:49:51]      • [Quiz] Kuis M10 [kelas pagi] : Penerapan Teori Graf  di Bidang Teknik Industri → Deadline: Tidak diketahui
[2026-06-22 09:49:55]      • [Quiz] Kuis M10 [kelas malam]: Penerapan Teori Graf  di Bidang Teknik Industri → Deadline: Tidak diketahui
[2026-06-22 09:50:00] 📚 Mengambil mata kuliah ID 104413 ...
[2026-06-22 09:50:00]   ➤ ATA 2025/2026 | 3-FIKTI | Praktikum Terapan Teori Graf
[2026-06-22 09:50:00]      • [Materi] Panduan Praktikum  Forum → Deadline: -
[2026-06-22 09:50:05]      • [Materi] Panduan Google Collaboratory URL → Deadline: -
[2026-06-22 09:50:09]      • [Materi] Panduan Instalasi Anaconda URL → Deadline: -
[2026-06-22 09:50:14]      • [Quiz] Pre-Test (M1) → Deadline: Tidak diketahui
[2026-06-22 09:50:18]      • [Materi] 1.1  Pengantar: Teori Graf URL → Deadline: -
[2026-06-22 09:50:21]      • [Materi] 1.2  Sesi Hands-on Praktikum URL → Deadline: -
[2026-06-22 09:50:26]      • [Materi] 1.3 Tutorial Menambahkan File pada Mesin DGX URL → Deadline: -
[2026-06-22 09:50:30]      • [Quiz] Post-Test (M1) → Deadline: Tidak diketahui
[2026-06-22 09:50:34]      • [Assignment] Pengumpulan Tugas (M1) → Deadline: Saturday, 7 March 2026, 11:59 PM
[2026-06-22 09:50:39]      • [Quiz] Pre-Test (M2) → Deadline: Tidak diketahui
[2026-06-22 09:50:43]      • [Materi] 2.1  Pengantar: Berbagai Pemecahan Masalah Menggunakan Teori Graf Page → Deadline: -
[2026-06-22 09:50:47]      • [Quiz] Post-Test (M2) → Deadline: Tidak diketahui
[2026-06-22 09:50:51]      • [Assignment] Pengumpulan Tugas (M2) → Deadline: Saturday, 14 March 2026, 11:59 PM
[2026-06-22 09:50:56]      • [Quiz] Pre-Test (M4) → Deadline: Tidak diketahui
[2026-06-22 09:50:59]      • [Materi] 4.1  Pengantar: Breadth First Search URL → Deadline: -
[2026-06-22 09:51:04]      • [Materi] Sesi Praktikum File → Deadline: -
[2026-06-22 09:51:09]      • [Materi] Video Tutorial: Mendownload File IPYNB di Virtual Class URL → Deadline: -
[2026-06-22 09:51:13]      • [Quiz] Post-Test (M4) → Deadline: Tidak diketahui
[2026-06-22 09:51:18]      • [Assignment] Laporan Akhir (M4) → Deadline: Saturday, 11 April 2026, 11:59 PM
[2026-06-22 09:51:22]      • [Quiz] Pre-Test (M5) → Deadline: Tidak diketahui
[2026-06-22 09:51:26]      • [Materi] Sesi Praktikum URL → Deadline: -
[2026-06-22 09:51:30]      • [Quiz] Post-Test (M5) → Deadline: Tidak diketahui
[2026-06-22 09:51:34]      • [Assignment] Laporan Akhir (M5) → Deadline: Saturday, 18 April 2026, 11:59 PM
[2026-06-22 09:51:38]      • [Quiz] Pre-Test (M6) → Deadline: Tidak diketahui
[2026-06-22 09:51:42]      • [Materi] 6.1  Pendahuluan: Algoritma Dasar Tree URL → Deadline: -
[2026-06-22 09:51:46]      • [Materi] Sesi Praktikum File → Deadline: -
[2026-06-22 09:51:51]      • [Quiz] Post-Test (M6) → Deadline: Tidak diketahui
[2026-06-22 09:51:55]      • [Assignment] Laporan Akhir (M6) → Deadline: Saturday, 25 April 2026, 11:59 PM
[2026-06-22 09:52:01]      • [Quiz] Pre-Test (M8) → Deadline: Tidak diketahui
[2026-06-22 09:52:05]      • [Materi] 8.1  Pendahuluan: Implementasi Graph URL → Deadline: -
[2026-06-22 09:52:09]      • [Materi] Link File Praktikum I - family.pl → Deadline: -
[2026-06-22 09:52:13]      • [Materi] Link File Praktikum II - 8-puzzles.ipynb → Deadline: -
[2026-06-22 09:52:17]      • [Materi] Video Tutorial: Mendownload File IPYNB di Virtual Class URL → Deadline: -
[2026-06-22 09:52:21]      • [Quiz] Post-Test (M8) → Deadline: Tidak diketahui
[2026-06-22 09:52:26]      • [Assignment] Laporan Akhir (M8) → Deadline: Saturday, 9 May 2026, 11:59 PM
[2026-06-22 09:52:30]      • [Quiz] Pre-Test (M9) → Deadline: Tidak diketahui
[2026-06-22 09:52:35]      • [Materi] Sesi Hands-on Praktikum URL → Deadline: -
[2026-06-22 09:52:39]      • [Quiz] Post-Test (M9) → Deadline: Tidak diketahui
[2026-06-22 09:52:44]      • [Assignment] Pengumpulan Tugas (M9) → Deadline: Saturday, 16 May 2026, 11:59 PM
[2026-06-22 09:52:48]      • [Quiz] Pre-Test (M3) → Deadline: Tidak diketahui
[2026-06-22 09:52:53]      • [Materi] Sesi Praktikum URL → Deadline: -
[2026-06-22 09:52:57]      • [Materi] Video Tutorial: Menambahkan File pada Mesin DGX URL → Deadline: -
[2026-06-22 09:53:02]      • [Quiz] Post-Test (M3) → Deadline: Tidak diketahui
[2026-06-22 09:53:06]      • [Assignment] Pengumpulan Tugas (M3) → Deadline: Saturday, 23 May 2026, 11:59 PM
[2026-06-22 09:53:11]      • [Quiz] Pre-Test (M7) → Deadline: Tidak diketahui
[2026-06-22 09:53:15]      • [Materi] Link File Praktikum I - 3-Tekrek-Find-Center.ipynb → Deadline: -
[2026-06-22 09:53:19]      • [Materi] Link File Praktikum II - 3-Tekrek-Sortest-Path.ipynb → Deadline: -
[2026-06-22 09:53:23]      • [Materi] Video Tutorial: Mendownload File IPYNB di Virtual Class URL → Deadline: -
[2026-06-22 09:53:28]      • [Quiz] Post-Test (M7) → Deadline: Tidak diketahui
[2026-06-22 09:53:33]      • [Assignment] Laporan Akhir (M7) → Deadline: Saturday, 23 May 2026, 11:59 PM
[2026-06-22 09:53:37] 📦 Total tugas ditemukan: 108
[2026-06-22 09:53:37] 💾 Disimpan ke python/node/tugas.json
[2026-06-22 18:00:37] 🔐 Login ke V-Class...
[2026-06-22 18:00:38] ✅ Login berhasil
[2026-06-22 18:00:38] 📚 Mengambil mata kuliah ID 108486 ...
[2026-06-22 18:00:38]   ➤ ATA 2025/2026 | 3KB01 | Jaringan Komputer Lanjut | VIVIEN NOVA FITHRIANA
[2026-06-22 18:00:38]      • [Materi] Announcements Forum → Deadline: -
[2026-06-22 18:00:42]      • [Materi] M1 File → Deadline: -
[2026-06-22 18:00:46]      • [Materi] M2 File → Deadline: -
[2026-06-22 18:00:50]      • [Materi] M3 File → Deadline: -
[2026-06-22 18:00:54]      • [Materi] M4 File → Deadline: -
[2026-06-22 18:00:59]      • [Materi] M5 File → Deadline: -
[2026-06-22 18:01:04]      • [Materi] M6 File → Deadline: -
[2026-06-22 18:01:08]      • [Materi] M7 File → Deadline: -
[2026-06-22 18:01:13]      • [Materi] VC-1 : Traffic dan Algoritma Kendali Kemacetan File → Deadline: -
[2026-06-22 18:01:17]      • [Materi] VC-1 : Traffic dan Algoritma Kendali Kemacetan File → Deadline: -
[2026-06-22 18:01:21]      • [Materi] Forum VC-1 : Traffic dan Algoritma Kendali Kemacetan → Deadline: -
[2026-06-22 18:01:26]      • [Quiz] Latihan Soal VC-1 : Traffic dan Algoritma Kendali Kemacetan → Deadline: Tidak diketahui
[2026-06-22 18:01:31]      • [Materi] VC-2 : Traffic dan Algoritma Kendali Kemacetan - Bagian 2 File → Deadline: -
[2026-06-22 18:01:35]      • [Materi] Forum VC-2 : Traffic dan Algoritma Kendali Kemacetan - Bagian 2 → Deadline: -
[2026-06-22 18:01:39]      • [Quiz] Latihan Soal VC-2 : Traffic dan Algoritma Kendali Kemacetan - Bagian 2 → Deadline: Tidak diketahui
[2026-06-22 18:01:43]      • [Materi] VC-3 : Lapisan Transport File → Deadline: -
[2026-06-22 18:01:48]      • [Materi] Forum VC-3 : Lapisan Transport → Deadline: -
[2026-06-22 18:01:52]      • [Quiz] Latihan Soal VC-3 : Lapisan Transport → Deadline: Wednesday, 15 July 2026, 11:59 PM
[2026-06-22 18:01:56] 📚 Mengambil mata kuliah ID 108172 ...
[2026-06-22 18:01:56]   ➤ ATA 2025/2026 | 3KB01 | Internet of Things (IoT) | PURNAWARMAN MUSA
[2026-06-22 18:01:56]      • [Materi] Announcements Forum → Deadline: -
[2026-06-22 18:02:00]      • [Materi] M6 File → Deadline: -
[2026-06-22 18:02:05]      • [Quiz] Soal (Tugas Individu) → Deadline: Tidak diketahui
[2026-06-22 18:02:08]      • [Quiz] Soal (Tugas Individu) → Deadline: Tidak diketahui
[2026-06-22 18:02:12] 📚 Mengambil mata kuliah ID 109563 ...
[2026-06-22 18:02:12]   ➤ ATA 2025/2026 | 3KB01 | Sistem Tertanam (Embedded) * | RIDHA ISKANDAR
[2026-06-22 18:02:12]      • [Materi] Selamat Datang di V-Class Sistem Tertanam (Embedded) Forum → Deadline: -
[2026-06-22 18:02:17]      • [Assignment] File 1 → Deadline: Sunday, 26 April 2026, 12:00 AM
[2026-06-22 18:02:21] 📚 Mengambil mata kuliah ID 109970 ...
[2026-06-22 18:02:21]   ➤ ATA 2025/2026 | 2EB10 | Bahasa Indonesia | MELANIAWATI
[2026-06-22 18:02:21] 📚 Mengambil mata kuliah ID 107919 ...
[2026-06-22 18:02:21]   ➤ ATA 2025/2026 | 3KB01 | Sistem Cerdas Lanjut | NUR SULTAN SALAHUDDIN
[2026-06-22 18:02:21]      • [Materi] Announcements Forum → Deadline: -
[2026-06-22 18:02:25]      • [Assignment] Sistem Kesehatan Cerdas → Deadline: Thursday, 21 May 2026, 12:00 AM
[2026-06-22 18:02:29]      • [Quiz] Sistem Kesehatan Cerdas → Deadline: Tidak diketahui
[2026-06-22 18:02:33] 📚 Mengambil mata kuliah ID 107291 ...
[2026-06-22 18:02:33]   ➤ ATA 2025/2026 | 3KB01 | Pengantarmukaan Perif.Komputer * | FARID THALIB
[2026-06-22 18:02:33]      • [Materi] Announcements Forum → Deadline: -
[2026-06-22 18:02:38] 📚 Mengambil mata kuliah ID 104438 ...
[2026-06-22 18:02:38]   ➤ ATA 2025/2026 | 3-FIKTI | Terapan Teori Graf | TEAM TEACHING
[2026-06-22 18:02:38]      • [Materi] PEMBERITAHUAN UTS SUSULAN File → Deadline: -
[2026-06-22 18:02:43]      • [Materi] PEMBERITAHUAN PELAKSANAAN TEAM TEACHING TERAPAN TEORI GRAF Forum → Deadline: -
[2026-06-22 18:02:48]      • [Materi] M1: Pendahuluan Teori Graf File → Deadline: -
[2026-06-22 18:02:52]      • [Materi] Video Literasi M1: Pendahuluan Teori Graf URL → Deadline: -
[2026-06-22 18:02:56]      • [Quiz] Kuis M1 [kelas PAGI] → Deadline: Tidak diketahui
[2026-06-22 18:03:01]      • [Quiz] Kuis M1 [kelas MALAM] → Deadline: Tidak diketahui
[2026-06-22 18:03:05]      • [Materi] M2: Graf Tidak Berarah dan Graf Berbobot File → Deadline: -
[2026-06-22 18:03:10]      • [Materi] Video Literasi M2 : Graf Tidak Berarah dan Graf Berbobot URL → Deadline: -
[2026-06-22 18:03:15]      • [Quiz] Kuis M2 [KELAS PAGI] : Graf Tidak Berarah dan Graf Berbobot → Deadline: Tidak diketahui
[2026-06-22 18:03:19]      • [Quiz] Kuis M2 [KELAS MALAM] : Graf Tidak Berarah dan Graf Berbobot → Deadline: Tidak diketahui
[2026-06-22 18:03:23]      • [Materi] M4 : Aplikasi Teori Graf di Teknik Elektro File → Deadline: -
[2026-06-22 18:03:28]      • [Materi] Video Literasi M4 : Aplikasi Teori Graf di Teknik Elektro URL → Deadline: -
[2026-06-22 18:03:33]      • [Quiz] Kuis M4 [KELAS PAGI]: Aplikasi Teori Graf di Teknik Elektro → Deadline: Tidak diketahui
[2026-06-22 18:03:37]      • [Quiz] Kuis M4 [KELAS MALAM]: Aplikasi Teori Graf di Teknik Elektro → Deadline: Tidak diketahui
[2026-06-22 18:03:40]      • [Materi] M5 : Knowledge Graph dan Database Graph File → Deadline: -
[2026-06-22 18:03:45]      • [Materi] Video Literasi  M5 : Knowledge Graph dan Database Graph URL → Deadline: -
[2026-06-22 18:03:49]      • [Quiz] Kuis M5 [KELAS PAGI] : nowledge Graph dan Database Graph → Deadline: Tidak diketahui
[2026-06-22 18:03:54]      • [Quiz] Kuis M5 [KELAS MALAM] : Knowledge Graph dan Database Graph → Deadline: Tidak diketahui
[2026-06-22 18:03:58]      • [Materi] M6 : Graf Berarah dan Implementasinya File → Deadline: -
[2026-06-22 18:04:03]      • [Materi] Video Literasi M6 : Graf Berarah dan Implementasinya URL → Deadline: -
[2026-06-22 18:04:08]      • [Quiz] Kuis M6 [KELAS PAGI] : Graf Berarah dan Implementasinya → Deadline: Tidak diketahui
[2026-06-22 18:04:12]      • [Quiz] Kuis M6 [KELAS MALAM] : Graf Berarah dan Implementasinya → Deadline: Tidak diketahui
[2026-06-22 18:04:16]      • [Materi] M8 : Penerapan Teori Graf di Bidang Teknik Sipil File → Deadline: -
[2026-06-22 18:04:20]      • [Materi] Video Literasi M8 : Penerapan Teori Graf di Bidang Teknik Sipil URL → Deadline: -
[2026-06-22 18:04:25]      • [Quiz] Kuis M8 [KELAS PAGI] : Penerapan Teori Graf di Bidang Teknik Sipil → Deadline: Tidak diketahui
[2026-06-22 18:04:30]      • [Quiz] Kuis M8 [KELAS MALAM] : Penerapan Teori Graf di Bidang Teknik Sipil → Deadline: Tidak diketahui
[2026-06-22 18:04:34]      • [Materi] M10 : Penerapan Teori Graf  di Bidang Teknik Industri File → Deadline: -
[2026-06-22 18:04:39]      • [Materi] Video Literasi M10 : Penerapan Teori Graf  di Bidang Teknik Industri URL → Deadline: -
[2026-06-22 18:04:43]      • [Quiz] Kuis M10 [kelas pagi] : Penerapan Teori Graf  di Bidang Teknik Industri → Deadline: Tidak diketahui
[2026-06-22 18:04:48]      • [Quiz] Kuis M10 [kelas malam]: Penerapan Teori Graf  di Bidang Teknik Industri → Deadline: Tidak diketahui
[2026-06-22 18:04:52] 📚 Mengambil mata kuliah ID 104413 ...
[2026-06-22 18:04:52]   ➤ ATA 2025/2026 | 3-FIKTI | Praktikum Terapan Teori Graf
[2026-06-22 18:04:52]      • [Materi] Panduan Praktikum  Forum → Deadline: -
[2026-06-22 18:04:57]      • [Materi] Panduan Google Collaboratory URL → Deadline: -
[2026-06-22 18:05:00]      • [Materi] Panduan Instalasi Anaconda URL → Deadline: -
[2026-06-22 18:05:05]      • [Quiz] Pre-Test (M1) → Deadline: Tidak diketahui
[2026-06-22 18:05:09]      • [Materi] 1.1  Pengantar: Teori Graf URL → Deadline: -
[2026-06-22 18:05:14]      • [Materi] 1.2  Sesi Hands-on Praktikum URL → Deadline: -
[2026-06-22 18:05:18]      • [Materi] 1.3 Tutorial Menambahkan File pada Mesin DGX URL → Deadline: -
[2026-06-22 18:05:23]      • [Quiz] Post-Test (M1) → Deadline: Tidak diketahui
[2026-06-22 18:05:27]      • [Assignment] Pengumpulan Tugas (M1) → Deadline: Saturday, 7 March 2026, 11:59 PM
[2026-06-22 18:05:31]      • [Quiz] Pre-Test (M2) → Deadline: Tidak diketahui
[2026-06-22 18:05:35]      • [Materi] 2.1  Pengantar: Berbagai Pemecahan Masalah Menggunakan Teori Graf Page → Deadline: -
[2026-06-22 18:05:40]      • [Quiz] Post-Test (M2) → Deadline: Tidak diketahui
[2026-06-22 18:05:44]      • [Assignment] Pengumpulan Tugas (M2) → Deadline: Saturday, 14 March 2026, 11:59 PM
[2026-06-22 18:05:48]      • [Quiz] Pre-Test (M4) → Deadline: Tidak diketahui
[2026-06-22 18:05:52]      • [Materi] 4.1  Pengantar: Breadth First Search URL → Deadline: -
[2026-06-22 18:05:57]      • [Materi] Sesi Praktikum File → Deadline: -
[2026-06-22 18:06:01]      • [Materi] Video Tutorial: Mendownload File IPYNB di Virtual Class URL → Deadline: -
[2026-06-22 18:06:06]      • [Quiz] Post-Test (M4) → Deadline: Tidak diketahui
[2026-06-22 18:06:11]      • [Assignment] Laporan Akhir (M4) → Deadline: Saturday, 11 April 2026, 11:59 PM
[2026-06-22 18:06:16]      • [Quiz] Pre-Test (M5) → Deadline: Tidak diketahui
[2026-06-22 18:06:21]      • [Materi] Sesi Praktikum URL → Deadline: -
[2026-06-22 18:06:26]      • [Quiz] Post-Test (M5) → Deadline: Tidak diketahui
[2026-06-22 18:06:30]      • [Assignment] Laporan Akhir (M5) → Deadline: Saturday, 18 April 2026, 11:59 PM
[2026-06-22 18:06:34]      • [Quiz] Pre-Test (M6) → Deadline: Tidak diketahui
[2026-06-22 18:06:39]      • [Materi] 6.1  Pendahuluan: Algoritma Dasar Tree URL → Deadline: -
[2026-06-22 18:06:43]      • [Materi] Sesi Praktikum File → Deadline: -
[2026-06-22 18:06:47]      • [Quiz] Post-Test (M6) → Deadline: Tidak diketahui
[2026-06-22 18:06:51]      • [Assignment] Laporan Akhir (M6) → Deadline: Saturday, 25 April 2026, 11:59 PM
[2026-06-22 18:06:55]      • [Quiz] Pre-Test (M8) → Deadline: Tidak diketahui
[2026-06-22 18:06:59]      • [Materi] 8.1  Pendahuluan: Implementasi Graph URL → Deadline: -
[2026-06-22 18:07:03]      • [Materi] Link File Praktikum I - family.pl → Deadline: -
[2026-06-22 18:07:08]      • [Materi] Link File Praktikum II - 8-puzzles.ipynb → Deadline: -
[2026-06-22 18:07:12]      • [Materi] Video Tutorial: Mendownload File IPYNB di Virtual Class URL → Deadline: -
[2026-06-22 18:07:16]      • [Quiz] Post-Test (M8) → Deadline: Tidak diketahui
[2026-06-22 18:07:21]      • [Assignment] Laporan Akhir (M8) → Deadline: Saturday, 9 May 2026, 11:59 PM
[2026-06-22 18:07:25]      • [Quiz] Pre-Test (M9) → Deadline: Tidak diketahui
[2026-06-22 18:07:30]      • [Materi] Sesi Hands-on Praktikum URL → Deadline: -
[2026-06-22 18:07:34]      • [Quiz] Post-Test (M9) → Deadline: Tidak diketahui
[2026-06-22 18:07:38]      • [Assignment] Pengumpulan Tugas (M9) → Deadline: Saturday, 16 May 2026, 11:59 PM
[2026-06-22 18:07:42]      • [Quiz] Pre-Test (M3) → Deadline: Tidak diketahui
[2026-06-22 18:07:47]      • [Materi] Sesi Praktikum URL → Deadline: -
[2026-06-22 18:07:51]      • [Materi] Video Tutorial: Menambahkan File pada Mesin DGX URL → Deadline: -
[2026-06-22 18:07:55]      • [Quiz] Post-Test (M3) → Deadline: Tidak diketahui
[2026-06-22 18:08:01]      • [Assignment] Pengumpulan Tugas (M3) → Deadline: Saturday, 23 May 2026, 11:59 PM
[2026-06-22 18:08:05]      • [Quiz] Pre-Test (M7) → Deadline: Tidak diketahui
[2026-06-22 18:08:09]      • [Materi] Link File Praktikum I - 3-Tekrek-Find-Center.ipynb → Deadline: -
[2026-06-22 18:08:14]      • [Materi] Link File Praktikum II - 3-Tekrek-Sortest-Path.ipynb → Deadline: -
[2026-06-22 18:08:18]      • [Materi] Video Tutorial: Mendownload File IPYNB di Virtual Class URL → Deadline: -
[2026-06-22 18:08:22]      • [Quiz] Post-Test (M7) → Deadline: Tidak diketahui
[2026-06-22 18:08:26]      • [Assignment] Laporan Akhir (M7) → Deadline: Saturday, 23 May 2026, 11:59 PM
[2026-06-22 18:08:30] 📦 Total tugas ditemukan: 108
[2026-06-22 18:08:30] 💾 Disimpan ke python/node/tugas.json
