[2026-07-02 09:45:37] 🔐 Login ke V-Class...
[2026-07-02 09:45:37] ✅ Login berhasil
[2026-07-02 09:45:37] 📚 Mengambil mata kuliah ID 108486 ...
[2026-07-02 09:45:38]   ➤ ATA 2025/2026 | 3KB01 | Jaringan Komputer Lanjut | VIVIEN NOVA FITHRIANA
[2026-07-02 09:45:38]      • [Materi] Announcements Forum → Deadline: -
[2026-07-02 09:45:42]      • [Materi] M1 File → Deadline: -
[2026-07-02 09:45:46]      • [Materi] M2 File → Deadline: -
[2026-07-02 09:45:50]      • [Materi] M3 File → Deadline: -
[2026-07-02 09:45:54]      • [Materi] M4 File → Deadline: -
[2026-07-02 09:45:58]      • [Materi] M5 File → Deadline: -
[2026-07-02 09:46:02]      • [Materi] M6 File → Deadline: -
[2026-07-02 09:46:06]      • [Materi] M7 File → Deadline: -
[2026-07-02 09:46:10]      • [Materi] VC-1 : Traffic dan Algoritma Kendali Kemacetan File → Deadline: -
[2026-07-02 09:46:15]      • [Materi] VC-1 : Traffic dan Algoritma Kendali Kemacetan File → Deadline: -
[2026-07-02 09:46:19]      • [Materi] Forum VC-1 : Traffic dan Algoritma Kendali Kemacetan → Deadline: -
[2026-07-02 09:46:24]      • [Quiz] Latihan Soal VC-1 : Traffic dan Algoritma Kendali Kemacetan → Deadline: Tidak diketahui
[2026-07-02 09:46:28]      • [Materi] VC-2 : Traffic dan Algoritma Kendali Kemacetan - Bagian 2 File → Deadline: -
[2026-07-02 09:46:32]      • [Materi] Forum VC-2 : Traffic dan Algoritma Kendali Kemacetan - Bagian 2 → Deadline: -
[2026-07-02 09:46:37]      • [Quiz] Latihan Soal VC-2 : Traffic dan Algoritma Kendali Kemacetan - Bagian 2 → Deadline: Tidak diketahui
[2026-07-02 09:46:41]      • [Materi] VC-3 : Lapisan Transport File → Deadline: -
[2026-07-02 09:46:46]      • [Materi] Forum VC-3 : Lapisan Transport → Deadline: -
[2026-07-02 09:46:50]      • [Quiz] Latihan Soal VC-3 : Lapisan Transport → Deadline: Wednesday, 15 July 2026, 11:59 PM
[2026-07-02 09:46:55] 📚 Mengambil mata kuliah ID 108172 ...
[2026-07-02 09:46:55]   ➤ ATA 2025/2026 | 3KB01 | Internet of Things (IoT) | PURNAWARMAN MUSA
[2026-07-02 09:46:55]      • [Materi] Announcements Forum → Deadline: -
[2026-07-02 09:47:00]      • [Materi] M6 File → Deadline: -
[2026-07-02 09:47:04]      • [Quiz] Soal (Tugas Individu) → Deadline: Tidak diketahui
[2026-07-02 09:47:08]      • [Quiz] Soal (Tugas Individu) → Deadline: Tidak diketahui
[2026-07-02 09:47:13] 📚 Mengambil mata kuliah ID 109563 ...
[2026-07-02 09:47:13]   ➤ ATA 2025/2026 | 3KB01 | Sistem Tertanam (Embedded) * | RIDHA ISKANDAR
[2026-07-02 09:47:13]      • [Materi] Selamat Datang di V-Class Sistem Tertanam (Embedded) Forum → Deadline: -
[2026-07-02 09:47:17]      • [Assignment] File 1 → Deadline: Sunday, 26 April 2026, 12:00 AM
[2026-07-02 09:47:21] 📚 Mengambil mata kuliah ID 109970 ...
[2026-07-02 09:47:21]   ➤ ATA 2025/2026 | 2EB10 | Bahasa Indonesia | MELANIAWATI
[2026-07-02 09:47:21] 📚 Mengambil mata kuliah ID 107919 ...
[2026-07-02 09:47:21]   ➤ ATA 2025/2026 | 3KB01 | Sistem Cerdas Lanjut | NUR SULTAN SALAHUDDIN
[2026-07-02 09:47:21]      • [Materi] Announcements Forum → Deadline: -
[2026-07-02 09:47:25]      • [Assignment] Sistem Kesehatan Cerdas → Deadline: Thursday, 21 May 2026, 12:00 AM
[2026-07-02 09:47:29]      • [Quiz] Sistem Kesehatan Cerdas → Deadline: Tidak diketahui
[2026-07-02 09:47:33] 📚 Mengambil mata kuliah ID 107291 ...
[2026-07-02 09:47:33]   ➤ ATA 2025/2026 | 3KB01 | Pengantarmukaan Perif.Komputer * | FARID THALIB
[2026-07-02 09:47:33]      • [Materi] Announcements Forum → Deadline: -
[2026-07-02 09:47:38] 📚 Mengambil mata kuliah ID 104438 ...
[2026-07-02 09:47:38]   ➤ ATA 2025/2026 | 3-FIKTI | Terapan Teori Graf | TEAM TEACHING
[2026-07-02 09:47:38]      • [Materi] PEMBERITAHUAN UTS SUSULAN File → Deadline: -
[2026-07-02 09:47:43]      • [Materi] PEMBERITAHUAN PELAKSANAAN TEAM TEACHING TERAPAN TEORI GRAF Forum → Deadline: -
[2026-07-02 09:47:47]      • [Materi] M1: Pendahuluan Teori Graf File → Deadline: -
[2026-07-02 09:47:52]      • [Materi] Video Literasi M1: Pendahuluan Teori Graf URL → Deadline: -
[2026-07-02 09:47:57]      • [Quiz] Kuis M1 [kelas PAGI] → Deadline: Tidak diketahui
[2026-07-02 09:48:02]      • [Quiz] Kuis M1 [kelas MALAM] → Deadline: Tidak diketahui
[2026-07-02 09:48:05]      • [Materi] M2: Graf Tidak Berarah dan Graf Berbobot File → Deadline: -
[2026-07-02 09:48:10]      • [Materi] Video Literasi M2 : Graf Tidak Berarah dan Graf Berbobot URL → Deadline: -
[2026-07-02 09:48:14]      • [Quiz] Kuis M2 [KELAS PAGI] : Graf Tidak Berarah dan Graf Berbobot → Deadline: Tidak diketahui
[2026-07-02 09:48:18]      • [Quiz] Kuis M2 [KELAS MALAM] : Graf Tidak Berarah dan Graf Berbobot → Deadline: Tidak diketahui
[2026-07-02 09:48:23]      • [Materi] M4 : Aplikasi Teori Graf di Teknik Elektro File → Deadline: -
[2026-07-02 09:48:27]      • [Materi] Video Literasi M4 : Aplikasi Teori Graf di Teknik Elektro URL → Deadline: -
[2026-07-02 09:48:32]      • [Quiz] Kuis M4 [KELAS PAGI]: Aplikasi Teori Graf di Teknik Elektro → Deadline: Tidak diketahui
[2026-07-02 09:48:37]      • [Quiz] Kuis M4 [KELAS MALAM]: Aplikasi Teori Graf di Teknik Elektro → Deadline: Tidak diketahui
[2026-07-02 09:48:41]      • [Materi] M5 : Knowledge Graph dan Database Graph File → Deadline: -
[2026-07-02 09:48:44]      • [Materi] Video Literasi  M5 : Knowledge Graph dan Database Graph URL → Deadline: -
[2026-07-02 09:48:49]      • [Quiz] Kuis M5 [KELAS PAGI] : nowledge Graph dan Database Graph → Deadline: Tidak diketahui
[2026-07-02 09:48:53]      • [Quiz] Kuis M5 [KELAS MALAM] : Knowledge Graph dan Database Graph → Deadline: Tidak diketahui
[2026-07-02 09:48:57]      • [Materi] M6 : Graf Berarah dan Implementasinya File → Deadline: -
[2026-07-02 09:49:02]      • [Materi] Video Literasi M6 : Graf Berarah dan Implementasinya URL → Deadline: -
[2026-07-02 09:49:06]      • [Quiz] Kuis M6 [KELAS PAGI] : Graf Berarah dan Implementasinya → Deadline: Tidak diketahui
[2026-07-02 09:49:10]      • [Quiz] Kuis M6 [KELAS MALAM] : Graf Berarah dan Implementasinya → Deadline: Tidak diketahui
[2026-07-02 09:49:14]      • [Materi] M8 : Penerapan Teori Graf di Bidang Teknik Sipil File → Deadline: -
[2026-07-02 09:49:18]      • [Materi] Video Literasi M8 : Penerapan Teori Graf di Bidang Teknik Sipil URL → Deadline: -
[2026-07-02 09:49:22]      • [Quiz] Kuis M8 [KELAS PAGI] : Penerapan Teori Graf di Bidang Teknik Sipil → Deadline: Tidak diketahui
[2026-07-02 09:49:27]      • [Quiz] Kuis M8 [KELAS MALAM] : Penerapan Teori Graf di Bidang Teknik Sipil → Deadline: Tidak diketahui
[2026-07-02 09:49:32]      • [Materi] M10 : Penerapan Teori Graf  di Bidang Teknik Industri File → Deadline: -
[2026-07-02 09:49:36]      • [Materi] Video Literasi M10 : Penerapan Teori Graf  di Bidang Teknik Industri URL → Deadline: -
[2026-07-02 09:49:40]      • [Quiz] Kuis M10 [kelas pagi] : Penerapan Teori Graf  di Bidang Teknik Industri → Deadline: Tidak diketahui
[2026-07-02 09:49:45]      • [Quiz] Kuis M10 [kelas malam]: Penerapan Teori Graf  di Bidang Teknik Industri → Deadline: Tidak diketahui
[2026-07-02 09:49:48]      • [Materi] M11 : Program Dinamis dan Permasalahan Tata Letak Fasilitas File → Deadline: -
[2026-07-02 09:49:53]      • [Materi] video literasi : Program Dinamis dan Permasalahan Tata Letak Fasilitas URL → Deadline: -
[2026-07-02 09:49:57]      • [Quiz] Kuis M11 [kelas PAGI]: Program Dinamis dan Permasalahan Tata Letak Fasilitas → Deadline: Tidak diketahui
[2026-07-02 09:50:02]      • [Quiz] Kuis M11 [kelas MALAM]: Program Dinamis dan Permasalahan Tata Letak Fasilitas → Deadline: Tidak diketahui
[2026-07-02 09:50:06] 📚 Mengambil mata kuliah ID 104413 ...
[2026-07-02 09:50:06]   ➤ ATA 2025/2026 | 3-FIKTI | Praktikum Terapan Teori Graf
[2026-07-02 09:50:06]      • [Materi] Panduan Praktikum  Forum → Deadline: -
[2026-07-02 09:50:11]      • [Materi] Panduan Google Collaboratory URL → Deadline: -
[2026-07-02 09:50:15]      • [Materi] Panduan Instalasi Anaconda URL → Deadline: -
[2026-07-02 09:50:20]      • [Quiz] Pre-Test (M1) → Deadline: Tidak diketahui
[2026-07-02 09:50:24]      • [Materi] 1.1  Pengantar: Teori Graf URL → Deadline: -
[2026-07-02 09:50:28]      • [Materi] 1.2  Sesi Hands-on Praktikum URL → Deadline: -
[2026-07-02 09:50:32]      • [Materi] 1.3 Tutorial Menambahkan File pada Mesin DGX URL → Deadline: -
[2026-07-02 09:50:37]      • [Quiz] Post-Test (M1) → Deadline: Tidak diketahui
[2026-07-02 09:50:41]      • [Assignment] Pengumpulan Tugas (M1) → Deadline: Saturday, 7 March 2026, 11:59 PM
[2026-07-02 09:50:45]      • [Quiz] Pre-Test (M2) → Deadline: Tidak diketahui
[2026-07-02 09:50:49]      • [Materi] 2.1  Pengantar: Berbagai Pemecahan Masalah Menggunakan Teori Graf Page → Deadline: -
[2026-07-02 09:50:53]      • [Quiz] Post-Test (M2) → Deadline: Tidak diketahui
[2026-07-02 09:50:57]      • [Assignment] Pengumpulan Tugas (M2) → Deadline: Saturday, 14 March 2026, 11:59 PM
[2026-07-02 09:51:01]      • [Quiz] Pre-Test (M4) → Deadline: Tidak diketahui
[2026-07-02 09:51:06]      • [Materi] 4.1  Pengantar: Breadth First Search URL → Deadline: -
[2026-07-02 09:51:10]      • [Materi] Sesi Praktikum File → Deadline: -
[2026-07-02 09:51:15]      • [Materi] Video Tutorial: Mendownload File IPYNB di Virtual Class URL → Deadline: -
[2026-07-02 09:51:19]      • [Quiz] Post-Test (M4) → Deadline: Tidak diketahui
[2026-07-02 09:51:24]      • [Assignment] Laporan Akhir (M4) → Deadline: Saturday, 11 April 2026, 11:59 PM
[2026-07-02 09:51:29]      • [Quiz] Pre-Test (M5) → Deadline: Tidak diketahui
[2026-07-02 09:51:33]      • [Materi] Sesi Praktikum URL → Deadline: -
[2026-07-02 09:51:37]      • [Quiz] Post-Test (M5) → Deadline: Tidak diketahui
[2026-07-02 09:51:41]      • [Assignment] Laporan Akhir (M5) → Deadline: Saturday, 18 April 2026, 11:59 PM
[2026-07-02 09:51:46]      • [Quiz] Pre-Test (M6) → Deadline: Tidak diketahui
[2026-07-02 09:51:50]      • [Materi] 6.1  Pendahuluan: Algoritma Dasar Tree URL → Deadline: -
[2026-07-02 09:51:54]      • [Materi] Sesi Praktikum File → Deadline: -
[2026-07-02 09:51:59]      • [Quiz] Post-Test (M6) → Deadline: Tidak diketahui
[2026-07-02 09:52:03]      • [Assignment] Laporan Akhir (M6) → Deadline: Saturday, 25 April 2026, 11:59 PM
[2026-07-02 09:52:07]      • [Quiz] Pre-Test (M8) → Deadline: Tidak diketahui
[2026-07-02 09:52:11]      • [Materi] 8.1  Pendahuluan: Implementasi Graph URL → Deadline: -
[2026-07-02 09:52:15]      • [Materi] Link File Praktikum I - family.pl → Deadline: -
[2026-07-02 09:52:20]      • [Materi] Link File Praktikum II - 8-puzzles.ipynb → Deadline: -
[2026-07-02 09:52:24]      • [Materi] Video Tutorial: Mendownload File IPYNB di Virtual Class URL → Deadline: -
[2026-07-02 09:52:28]      • [Quiz] Post-Test (M8) → Deadline: Tidak diketahui
[2026-07-02 09:52:32]      • [Assignment] Laporan Akhir (M8) → Deadline: Saturday, 9 May 2026, 11:59 PM
[2026-07-02 09:52:37]      • [Quiz] Pre-Test (M9) → Deadline: Tidak diketahui
[2026-07-02 09:52:42]      • [Materi] Sesi Hands-on Praktikum URL → Deadline: -
[2026-07-02 09:52:46]      • [Quiz] Post-Test (M9) → Deadline: Tidak diketahui
[2026-07-02 09:52:50]      • [Assignment] Pengumpulan Tugas (M9) → Deadline: Saturday, 16 May 2026, 11:59 PM
[2026-07-02 09:52:55]      • [Quiz] Pre-Test (M3) → Deadline: Tidak diketahui
[2026-07-02 09:52:59]      • [Materi] Sesi Praktikum URL → Deadline: -
[2026-07-02 09:53:04]      • [Materi] Video Tutorial: Menambahkan File pada Mesin DGX URL → Deadline: -
[2026-07-02 09:53:09]      • [Quiz] Post-Test (M3) → Deadline: Tidak diketahui
[2026-07-02 09:53:13]      • [Assignment] Pengumpulan Tugas (M3) → Deadline: Saturday, 23 May 2026, 11:59 PM
[2026-07-02 09:53:16]      • [Quiz] Pre-Test (M7) → Deadline: Tidak diketahui
[2026-07-02 09:53:21]      • [Materi] Link File Praktikum I - 3-Tekrek-Find-Center.ipynb → Deadline: -
[2026-07-02 09:53:25]      • [Materi] Link File Praktikum II - 3-Tekrek-Sortest-Path.ipynb → Deadline: -
[2026-07-02 09:53:30]      • [Materi] Video Tutorial: Mendownload File IPYNB di Virtual Class URL → Deadline: -
[2026-07-02 09:53:34]      • [Quiz] Post-Test (M7) → Deadline: Tidak diketahui
[2026-07-02 09:53:39]      • [Assignment] Laporan Akhir (M7) → Deadline: Saturday, 23 May 2026, 11:59 PM
[2026-07-02 09:53:43] 📦 Total tugas ditemukan: 112
[2026-07-02 09:53:43] 💾 Disimpan ke python/node/tugas.json
[2026-07-02 18:00:44] 🔐 Login ke V-Class...
[2026-07-02 18:00:44] ✅ Login berhasil
[2026-07-02 18:00:44] 📚 Mengambil mata kuliah ID 108486 ...
[2026-07-02 18:00:44]   ➤ ATA 2025/2026 | 3KB01 | Jaringan Komputer Lanjut | VIVIEN NOVA FITHRIANA
[2026-07-02 18:00:44]      • [Materi] Announcements Forum → Deadline: -
[2026-07-02 18:00:48]      • [Materi] M1 File → Deadline: -
[2026-07-02 18:00:53]      • [Materi] M2 File → Deadline: -
[2026-07-02 18:00:56]      • [Materi] M3 File → Deadline: -
[2026-07-02 18:01:00]      • [Materi] M4 File → Deadline: -
[2026-07-02 18:01:04]      • [Materi] M5 File → Deadline: -
[2026-07-02 18:01:09]      • [Materi] M6 File → Deadline: -
[2026-07-02 18:01:13]      • [Materi] M7 File → Deadline: -
[2026-07-02 18:01:17]      • [Materi] VC-1 : Traffic dan Algoritma Kendali Kemacetan File → Deadline: -
[2026-07-02 18:01:21]      • [Materi] VC-1 : Traffic dan Algoritma Kendali Kemacetan File → Deadline: -
[2026-07-02 18:01:25]      • [Materi] Forum VC-1 : Traffic dan Algoritma Kendali Kemacetan → Deadline: -
[2026-07-02 18:01:30]      • [Quiz] Latihan Soal VC-1 : Traffic dan Algoritma Kendali Kemacetan → Deadline: Tidak diketahui
[2026-07-02 18:01:34]      • [Materi] VC-2 : Traffic dan Algoritma Kendali Kemacetan - Bagian 2 File → Deadline: -
[2026-07-02 18:01:39]      • [Materi] Forum VC-2 : Traffic dan Algoritma Kendali Kemacetan - Bagian 2 → Deadline: -
[2026-07-02 18:01:44]      • [Quiz] Latihan Soal VC-2 : Traffic dan Algoritma Kendali Kemacetan - Bagian 2 → Deadline: Tidak diketahui
[2026-07-02 18:01:48]      • [Materi] VC-3 : Lapisan Transport File → Deadline: -
[2026-07-02 18:01:52]      • [Materi] Forum VC-3 : Lapisan Transport → Deadline: -
[2026-07-02 18:01:57]      • [Quiz] Latihan Soal VC-3 : Lapisan Transport → Deadline: Wednesday, 15 July 2026, 11:59 PM
[2026-07-02 18:02:02] 📚 Mengambil mata kuliah ID 108172 ...
[2026-07-02 18:02:02]   ➤ ATA 2025/2026 | 3KB01 | Internet of Things (IoT) | PURNAWARMAN MUSA
[2026-07-02 18:02:02]      • [Materi] Announcements Forum → Deadline: -
[2026-07-02 18:02:06]      • [Materi] M6 File → Deadline: -
[2026-07-02 18:02:10]      • [Quiz] Soal (Tugas Individu) → Deadline: Tidak diketahui
[2026-07-02 18:02:15]      • [Quiz] Soal (Tugas Individu) → Deadline: Tidak diketahui
[2026-07-02 18:02:20] 📚 Mengambil mata kuliah ID 109563 ...
[2026-07-02 18:02:20]   ➤ ATA 2025/2026 | 3KB01 | Sistem Tertanam (Embedded) * | RIDHA ISKANDAR
[2026-07-02 18:02:20]      • [Materi] Selamat Datang di V-Class Sistem Tertanam (Embedded) Forum → Deadline: -
[2026-07-02 18:02:24]      • [Assignment] File 1 → Deadline: Sunday, 26 April 2026, 12:00 AM
[2026-07-02 18:02:29] 📚 Mengambil mata kuliah ID 109970 ...
[2026-07-02 18:02:29]   ➤ ATA 2025/2026 | 2EB10 | Bahasa Indonesia | MELANIAWATI
[2026-07-02 18:02:29] 📚 Mengambil mata kuliah ID 107919 ...
[2026-07-02 18:02:29]   ➤ ATA 2025/2026 | 3KB01 | Sistem Cerdas Lanjut | NUR SULTAN SALAHUDDIN
[2026-07-02 18:02:29]      • [Materi] Announcements Forum → Deadline: -
[2026-07-02 18:02:34]      • [Assignment] Sistem Kesehatan Cerdas → Deadline: Thursday, 21 May 2026, 12:00 AM
[2026-07-02 18:02:39]      • [Quiz] Sistem Kesehatan Cerdas → Deadline: Tidak diketahui
[2026-07-02 18:02:42] 📚 Mengambil mata kuliah ID 107291 ...
[2026-07-02 18:02:43]   ➤ ATA 2025/2026 | 3KB01 | Pengantarmukaan Perif.Komputer * | FARID THALIB
[2026-07-02 18:02:43]      • [Materi] Announcements Forum → Deadline: -
[2026-07-02 18:02:46] 📚 Mengambil mata kuliah ID 104438 ...
[2026-07-02 18:02:47]   ➤ ATA 2025/2026 | 3-FIKTI | Terapan Teori Graf | TEAM TEACHING
[2026-07-02 18:02:47]      • [Materi] PEMBERITAHUAN UTS SUSULAN File → Deadline: -
[2026-07-02 18:02:51]      • [Materi] PEMBERITAHUAN PELAKSANAAN TEAM TEACHING TERAPAN TEORI GRAF Forum → Deadline: -
[2026-07-02 18:02:55]      • [Materi] M1: Pendahuluan Teori Graf File → Deadline: -
[2026-07-02 18:02:59]      • [Materi] Video Literasi M1: Pendahuluan Teori Graf URL → Deadline: -
[2026-07-02 18:03:04]      • [Quiz] Kuis M1 [kelas PAGI] → Deadline: Tidak diketahui
[2026-07-02 18:03:08]      • [Quiz] Kuis M1 [kelas MALAM] → Deadline: Tidak diketahui
[2026-07-02 18:03:13]      • [Materi] M2: Graf Tidak Berarah dan Graf Berbobot File → Deadline: -
[2026-07-02 18:03:18]      • [Materi] Video Literasi M2 : Graf Tidak Berarah dan Graf Berbobot URL → Deadline: -
[2026-07-02 18:03:23]      • [Quiz] Kuis M2 [KELAS PAGI] : Graf Tidak Berarah dan Graf Berbobot → Deadline: Tidak diketahui
[2026-07-02 18:03:27]      • [Quiz] Kuis M2 [KELAS MALAM] : Graf Tidak Berarah dan Graf Berbobot → Deadline: Tidak diketahui
[2026-07-02 18:03:31]      • [Materi] M4 : Aplikasi Teori Graf di Teknik Elektro File → Deadline: -
[2026-07-02 18:03:35]      • [Materi] Video Literasi M4 : Aplikasi Teori Graf di Teknik Elektro URL → Deadline: -
[2026-07-02 18:03:39]      • [Quiz] Kuis M4 [KELAS PAGI]: Aplikasi Teori Graf di Teknik Elektro → Deadline: Tidak diketahui
[2026-07-02 18:03:44]      • [Quiz] Kuis M4 [KELAS MALAM]: Aplikasi Teori Graf di Teknik Elektro → Deadline: Tidak diketahui
[2026-07-02 18:03:48]      • [Materi] M5 : Knowledge Graph dan Database Graph File → Deadline: -
[2026-07-02 18:03:52]      • [Materi] Video Literasi  M5 : Knowledge Graph dan Database Graph URL → Deadline: -
[2026-07-02 18:03:57]      • [Quiz] Kuis M5 [KELAS PAGI] : nowledge Graph dan Database Graph → Deadline: Tidak diketahui
[2026-07-02 18:04:01]      • [Quiz] Kuis M5 [KELAS MALAM] : Knowledge Graph dan Database Graph → Deadline: Tidak diketahui
[2026-07-02 18:04:04]      • [Materi] M6 : Graf Berarah dan Implementasinya File → Deadline: -
[2026-07-02 18:04:09]      • [Materi] Video Literasi M6 : Graf Berarah dan Implementasinya URL → Deadline: -
[2026-07-02 18:04:13]      • [Quiz] Kuis M6 [KELAS PAGI] : Graf Berarah dan Implementasinya → Deadline: Tidak diketahui
[2026-07-02 18:04:18]      • [Quiz] Kuis M6 [KELAS MALAM] : Graf Berarah dan Implementasinya → Deadline: Tidak diketahui
[2026-07-02 18:04:21]      • [Materi] M8 : Penerapan Teori Graf di Bidang Teknik Sipil File → Deadline: -
[2026-07-02 18:04:25]      • [Materi] Video Literasi M8 : Penerapan Teori Graf di Bidang Teknik Sipil URL → Deadline: -
[2026-07-02 18:04:30]      • [Quiz] Kuis M8 [KELAS PAGI] : Penerapan Teori Graf di Bidang Teknik Sipil → Deadline: Tidak diketahui
[2026-07-02 18:04:35]      • [Quiz] Kuis M8 [KELAS MALAM] : Penerapan Teori Graf di Bidang Teknik Sipil → Deadline: Tidak diketahui
[2026-07-02 18:04:39]      • [Materi] M10 : Penerapan Teori Graf  di Bidang Teknik Industri File → Deadline: -
[2026-07-02 18:04:44]      • [Materi] Video Literasi M10 : Penerapan Teori Graf  di Bidang Teknik Industri URL → Deadline: -
[2026-07-02 18:04:48]      • [Quiz] Kuis M10 [kelas pagi] : Penerapan Teori Graf  di Bidang Teknik Industri → Deadline: Tidak diketahui
[2026-07-02 18:04:52]      • [Quiz] Kuis M10 [kelas malam]: Penerapan Teori Graf  di Bidang Teknik Industri → Deadline: Tidak diketahui
[2026-07-02 18:04:56]      • [Materi] M11 : Program Dinamis dan Permasalahan Tata Letak Fasilitas File → Deadline: -
[2026-07-02 18:05:01]      • [Materi] video literasi : Program Dinamis dan Permasalahan Tata Letak Fasilitas URL → Deadline: -
[2026-07-02 18:05:05]      • [Quiz] Kuis M11 [kelas PAGI]: Program Dinamis dan Permasalahan Tata Letak Fasilitas → Deadline: Tidak diketahui
[2026-07-02 18:05:09]      • [Quiz] Kuis M11 [kelas MALAM]: Program Dinamis dan Permasalahan Tata Letak Fasilitas → Deadline: Tidak diketahui
[2026-07-02 18:05:14] 📚 Mengambil mata kuliah ID 104413 ...
[2026-07-02 18:05:14]   ➤ ATA 2025/2026 | 3-FIKTI | Praktikum Terapan Teori Graf
[2026-07-02 18:05:14]      • [Materi] Panduan Praktikum  Forum → Deadline: -
[2026-07-02 18:05:18]      • [Materi] Panduan Google Collaboratory URL → Deadline: -
[2026-07-02 18:05:22]      • [Materi] Panduan Instalasi Anaconda URL → Deadline: -
[2026-07-02 18:05:26]      • [Quiz] Pre-Test (M1) → Deadline: Tidak diketahui
[2026-07-02 18:05:30]      • [Materi] 1.1  Pengantar: Teori Graf URL → Deadline: -
[2026-07-02 18:05:34]      • [Materi] 1.2  Sesi Hands-on Praktikum URL → Deadline: -
[2026-07-02 18:05:38]      • [Materi] 1.3 Tutorial Menambahkan File pada Mesin DGX URL → Deadline: -
[2026-07-02 18:05:42]      • [Quiz] Post-Test (M1) → Deadline: Tidak diketahui
[2026-07-02 18:05:47]      • [Assignment] Pengumpulan Tugas (M1) → Deadline: Saturday, 7 March 2026, 11:59 PM
[2026-07-02 18:05:52]      • [Quiz] Pre-Test (M2) → Deadline: Tidak diketahui
[2026-07-02 18:05:56]      • [Materi] 2.1  Pengantar: Berbagai Pemecahan Masalah Menggunakan Teori Graf Page → Deadline: -
[2026-07-02 18:06:00]      • [Quiz] Post-Test (M2) → Deadline: Tidak diketahui
[2026-07-02 18:06:04]      • [Assignment] Pengumpulan Tugas (M2) → Deadline: Saturday, 14 March 2026, 11:59 PM
[2026-07-02 18:06:09]      • [Quiz] Pre-Test (M4) → Deadline: Tidak diketahui
[2026-07-02 18:06:12]      • [Materi] 4.1  Pengantar: Breadth First Search URL → Deadline: -
[2026-07-02 18:06:16]      • [Materi] Sesi Praktikum File → Deadline: -
[2026-07-02 18:06:20]      • [Materi] Video Tutorial: Mendownload File IPYNB di Virtual Class URL → Deadline: -
[2026-07-02 18:06:25]      • [Quiz] Post-Test (M4) → Deadline: Tidak diketahui
[2026-07-02 18:06:30]      • [Assignment] Laporan Akhir (M4) → Deadline: Saturday, 11 April 2026, 11:59 PM
[2026-07-02 18:06:35]      • [Quiz] Pre-Test (M5) → Deadline: Tidak diketahui
[2026-07-02 18:06:38]      • [Materi] Sesi Praktikum URL → Deadline: -
[2026-07-02 18:06:43]      • [Quiz] Post-Test (M5) → Deadline: Tidak diketahui
[2026-07-02 18:06:47]      • [Assignment] Laporan Akhir (M5) → Deadline: Saturday, 18 April 2026, 11:59 PM
[2026-07-02 18:06:50]      • [Quiz] Pre-Test (M6) → Deadline: Tidak diketahui
[2026-07-02 18:06:55]      • [Materi] 6.1  Pendahuluan: Algoritma Dasar Tree URL → Deadline: -
[2026-07-02 18:06:58]      • [Materi] Sesi Praktikum File → Deadline: -
[2026-07-02 18:07:03]      • [Quiz] Post-Test (M6) → Deadline: Tidak diketahui
[2026-07-02 18:07:08]      • [Assignment] Laporan Akhir (M6) → Deadline: Saturday, 25 April 2026, 11:59 PM
[2026-07-02 18:07:13]      • [Quiz] Pre-Test (M8) → Deadline: Tidak diketahui
[2026-07-02 18:07:16]      • [Materi] 8.1  Pendahuluan: Implementasi Graph URL → Deadline: -
[2026-07-02 18:07:21]      • [Materi] Link File Praktikum I - family.pl → Deadline: -
[2026-07-02 18:07:24]      • [Materi] Link File Praktikum II - 8-puzzles.ipynb → Deadline: -
[2026-07-02 18:07:28]      • [Materi] Video Tutorial: Mendownload File IPYNB di Virtual Class URL → Deadline: -
[2026-07-02 18:07:33]      • [Quiz] Post-Test (M8) → Deadline: Tidak diketahui
[2026-07-02 18:07:37]      • [Assignment] Laporan Akhir (M8) → Deadline: Saturday, 9 May 2026, 11:59 PM
[2026-07-02 18:07:41]      • [Quiz] Pre-Test (M9) → Deadline: Tidak diketahui
[2026-07-02 18:07:45]      • [Materi] Sesi Hands-on Praktikum URL → Deadline: -
[2026-07-02 18:07:49]      • [Quiz] Post-Test (M9) → Deadline: Tidak diketahui
[2026-07-02 18:07:53]      • [Assignment] Pengumpulan Tugas (M9) → Deadline: Saturday, 16 May 2026, 11:59 PM
[2026-07-02 18:07:57]      • [Quiz] Pre-Test (M3) → Deadline: Tidak diketahui
[2026-07-02 18:08:01]      • [Materi] Sesi Praktikum URL → Deadline: -
[2026-07-02 18:08:05]      • [Materi] Video Tutorial: Menambahkan File pada Mesin DGX URL → Deadline: -
[2026-07-02 18:08:10]      • [Quiz] Post-Test (M3) → Deadline: Tidak diketahui
[2026-07-02 18:08:15]      • [Assignment] Pengumpulan Tugas (M3) → Deadline: Saturday, 23 May 2026, 11:59 PM
[2026-07-02 18:08:19]      • [Quiz] Pre-Test (M7) → Deadline: Tidak diketahui
[2026-07-02 18:08:23]      • [Materi] Link File Praktikum I - 3-Tekrek-Find-Center.ipynb → Deadline: -
[2026-07-02 18:08:27]      • [Materi] Link File Praktikum II - 3-Tekrek-Sortest-Path.ipynb → Deadline: -
[2026-07-02 18:08:32]      • [Materi] Video Tutorial: Mendownload File IPYNB di Virtual Class URL → Deadline: -
[2026-07-02 18:08:36]      • [Quiz] Post-Test (M7) → Deadline: Tidak diketahui
[2026-07-02 18:08:40]      • [Assignment] Laporan Akhir (M7) → Deadline: Saturday, 23 May 2026, 11:59 PM
[2026-07-02 18:08:44] 📦 Total tugas ditemukan: 112
[2026-07-02 18:08:44] 💾 Disimpan ke python/node/tugas.json
