[2026-05-24 09:45:40] 🔐 Login ke V-Class...
[2026-05-24 09:45:40] ✅ Login berhasil
[2026-05-24 09:45:40] 📚 Mengambil mata kuliah ID 108486 ...
[2026-05-24 09:45:40]   ➤ ATA 2025/2026 | 3KB01 | Jaringan Komputer Lanjut | VIVIEN NOVA FITHRIANA
[2026-05-24 09:45:40]      • [Materi] Announcements Forum → Deadline: -
[2026-05-24 09:45:44]      • [Materi] M1 File → Deadline: -
[2026-05-24 09:45:48]      • [Materi] M2 File → Deadline: -
[2026-05-24 09:45:52]      • [Materi] M3 File → Deadline: -
[2026-05-24 09:45:56]      • [Materi] M4 File → Deadline: -
[2026-05-24 09:46:01]      • [Materi] M5 File → Deadline: -
[2026-05-24 09:46:05]      • [Materi] M6 File → Deadline: -
[2026-05-24 09:46:10]      • [Materi] M7 File → Deadline: -
[2026-05-24 09:46:14]      • [Materi] VC-1 : Traffic dan Algoritma Kendali Kemacetan File → Deadline: -
[2026-05-24 09:46:18]      • [Materi] VC-1 : Traffic dan Algoritma Kendali Kemacetan File → Deadline: -
[2026-05-24 09:46:22]      • [Materi] Forum VC-1 : Traffic dan Algoritma Kendali Kemacetan → Deadline: -
[2026-05-24 09:46:26]      • [Quiz] Latihan Soal VC-1 : Traffic dan Algoritma Kendali Kemacetan → Deadline: Tidak diketahui
[2026-05-24 09:46:29]      • [Materi] VC-2 : Traffic dan Algoritma Kendali Kemacetan - Bagian 2 File → Deadline: -
[2026-05-24 09:46:33]      • [Materi] Forum VC-2 : Traffic dan Algoritma Kendali Kemacetan - Bagian 2 → Deadline: -
[2026-05-24 09:46:38]      • [Quiz] Latihan Soal VC-2 : Traffic dan Algoritma Kendali Kemacetan - Bagian 2 → Deadline: Monday, 25 May 2026, 11:59 PM
[2026-05-24 09:46:42]      • [Materi] VC-3 : Lapisan Transport File → Deadline: -
[2026-05-24 09:46:46]      • [Materi] Forum VC-3 : Lapisan Transport → Deadline: -
[2026-05-24 09:46:50]      • [Quiz] Latihan Soal VC-3 : Lapisan Transport → Deadline: Wednesday, 15 July 2026, 11:59 PM
[2026-05-24 09:46:55] 📚 Mengambil mata kuliah ID 108172 ...
[2026-05-24 09:46:55]   ➤ ATA 2025/2026 | 3KB01 | Internet of Things (IoT) | PURNAWARMAN MUSA
[2026-05-24 09:46:55]      • [Materi] Announcements Forum → Deadline: -
[2026-05-24 09:46:59]      • [Materi] M6 File → Deadline: -
[2026-05-24 09:47:04]      • [Quiz] Soal (Tugas Individu) → Deadline: Tidak diketahui
[2026-05-24 09:47:09]      • [Quiz] Soal (Tugas Individu) → Deadline: Tidak diketahui
[2026-05-24 09:47:12] 📚 Mengambil mata kuliah ID 109563 ...
[2026-05-24 09:47:13]   ➤ ATA 2025/2026 | 3KB01 | Sistem Tertanam (Embedded) * | RIDHA ISKANDAR
[2026-05-24 09:47:13]      • [Materi] Selamat Datang di V-Class Sistem Tertanam (Embedded) Forum → Deadline: -
[2026-05-24 09:47:16]      • [Assignment] File 1 → Deadline: Sunday, 26 April 2026, 12:00 AM
[2026-05-24 09:47:21] 📚 Mengambil mata kuliah ID 109970 ...
[2026-05-24 09:47:21]   ➤ ATA 2025/2026 | 2EB10 | Bahasa Indonesia | MELANIAWATI
[2026-05-24 09:47:21] 📚 Mengambil mata kuliah ID 107919 ...
[2026-05-24 09:47:21]   ➤ ATA 2025/2026 | 3KB01 | Sistem Cerdas Lanjut | NUR SULTAN SALAHUDDIN
[2026-05-24 09:47:21]      • [Materi] Announcements Forum → Deadline: -
[2026-05-24 09:47:26]      • [Assignment] Sistem Kesehatan Cerdas → Deadline: Thursday, 21 May 2026, 12:00 AM
[2026-05-24 09:47:30]      • [Quiz] Sistem Kesehatan Cerdas → Deadline: Tidak diketahui
[2026-05-24 09:47:34] 📚 Mengambil mata kuliah ID 107291 ...
[2026-05-24 09:47:34]   ➤ ATA 2025/2026 | 3KB01 | Pengantarmukaan Perif.Komputer * | FARID THALIB
[2026-05-24 09:47:34]      • [Materi] Announcements Forum → Deadline: -
[2026-05-24 09:47:38] 📚 Mengambil mata kuliah ID 104438 ...
[2026-05-24 09:47:38]   ➤ ATA 2025/2026 | 3-FIKTI | Terapan Teori Graf | TEAM TEACHING
[2026-05-24 09:47:38]      • [Materi] PEMBERITAHUAN PELAKSANAAN TEAM TEACHING TERAPAN TEORI GRAF Forum → Deadline: -
[2026-05-24 09:47:42]      • [Materi] M1: Pendahuluan Teori Graf File → Deadline: -
[2026-05-24 09:47:46]      • [Materi] Video Literasi M1: Pendahuluan Teori Graf URL → Deadline: -
[2026-05-24 09:47:50]      • [Quiz] Kuis M1 [kelas PAGI] → Deadline: Tidak diketahui
[2026-05-24 09:47:55]      • [Quiz] Kuis M1 [kelas MALAM] → Deadline: Tidak diketahui
[2026-05-24 09:48:00]      • [Materi] M2: Graf Tidak Berarah dan Graf Berbobot File → Deadline: -
[2026-05-24 09:48:05]      • [Materi] Video Literasi M2 : Graf Tidak Berarah dan Graf Berbobot URL → Deadline: -
[2026-05-24 09:48:09]      • [Quiz] Kuis M2 [KELAS PAGI] : Graf Tidak Berarah dan Graf Berbobot → Deadline: Tidak diketahui
[2026-05-24 09:48:14]      • [Quiz] Kuis M2 [KELAS MALAM] : Graf Tidak Berarah dan Graf Berbobot → Deadline: Tidak diketahui
[2026-05-24 09:48:18]      • [Materi] M4 : Aplikasi Teori Graf di Teknik Elektro File → Deadline: -
[2026-05-24 09:48:22]      • [Materi] Video Literasi M4 : Aplikasi Teori Graf di Teknik Elektro URL → Deadline: -
[2026-05-24 09:48:27]      • [Quiz] Kuis M4 [KELAS PAGI]: Aplikasi Teori Graf di Teknik Elektro → Deadline: Tidak diketahui
[2026-05-24 09:48:31]      • [Quiz] Kuis M4 [KELAS MALAM]: Aplikasi Teori Graf di Teknik Elektro → Deadline: Tidak diketahui
[2026-05-24 09:48:35]      • [Materi] M5 : Knowledge Graph dan Database Graph File → Deadline: -
[2026-05-24 09:48:40]      • [Materi] Video Literasi  M5 : Knowledge Graph dan Database Graph URL → Deadline: -
[2026-05-24 09:48:45]      • [Quiz] Kuis M5 [KELAS PAGI] : nowledge Graph dan Database Graph → Deadline: Tidak diketahui
[2026-05-24 09:48:50]      • [Quiz] Kuis M5 [KELAS MALAM] : Knowledge Graph dan Database Graph → Deadline: Tidak diketahui
[2026-05-24 09:48:54]      • [Materi] M6 : Graf Berarah dan Implementasinya File → Deadline: -
[2026-05-24 09:48:59]      • [Materi] Video Literasi M6 : Graf Berarah dan Implementasinya URL → Deadline: -
[2026-05-24 09:49:03]      • [Quiz] Kuis M6 [KELAS PAGI] : Graf Berarah dan Implementasinya → Deadline: Tidak diketahui
[2026-05-24 09:49:07]      • [Quiz] Kuis M6 [KELAS MALAM] : Graf Berarah dan Implementasinya → Deadline: Tidak diketahui
[2026-05-24 09:49:11]      • [Materi] M8 : Penerapan Teori Graf di Bidang Teknik Sipil File → Deadline: -
[2026-05-24 09:49:15]      • [Materi] Video Literasi M8 : Penerapan Teori Graf di Bidang Teknik Sipil URL → Deadline: -
[2026-05-24 09:49:19]      • [Quiz] Kuis M8 [KELAS PAGI] : Penerapan Teori Graf di Bidang Teknik Sipil → Deadline: Tidak diketahui
[2026-05-24 09:49:24]      • [Quiz] Kuis M8 [KELAS MALAM] : Penerapan Teori Graf di Bidang Teknik Sipil → Deadline: Tidak diketahui
[2026-05-24 09:49:28]      • [Materi] M10 : Penerapan Teori Graf  di Bidang Teknik Industri File → Deadline: -
[2026-05-24 09:49:33]      • [Materi] Video Literasi M10 : Penerapan Teori Graf  di Bidang Teknik Industri URL → Deadline: -
[2026-05-24 09:49:37]      • [Quiz] Kuis M10 [kelas pagi] : Penerapan Teori Graf  di Bidang Teknik Industri → Deadline: Tidak diketahui
[2026-05-24 09:49:42]      • [Quiz] Kuis M10 [kelas malam]: Penerapan Teori Graf  di Bidang Teknik Industri → Deadline: Tidak diketahui
[2026-05-24 09:49:46] 📚 Mengambil mata kuliah ID 104413 ...
[2026-05-24 09:49:46]   ➤ ATA 2025/2026 | 3-FIKTI | Praktikum Terapan Teori Graf
[2026-05-24 09:49:46]      • [Materi] Panduan Praktikum  Forum → Deadline: -
[2026-05-24 09:49:51]      • [Materi] Panduan Google Collaboratory URL → Deadline: -
[2026-05-24 09:49:55]      • [Materi] Panduan Instalasi Anaconda URL → Deadline: -
[2026-05-24 09:49:59]      • [Quiz] Pre-Test (M1) → Deadline: Tidak diketahui
[2026-05-24 09:50:03]      • [Materi] 1.1  Pengantar: Teori Graf URL → Deadline: -
[2026-05-24 09:50:07]      • [Materi] 1.2  Sesi Hands-on Praktikum URL → Deadline: -
[2026-05-24 09:50:10]      • [Materi] 1.3 Tutorial Menambahkan File pada Mesin DGX URL → Deadline: -
[2026-05-24 09:50:15]      • [Quiz] Post-Test (M1) → Deadline: Tidak diketahui
[2026-05-24 09:50:19]      • [Assignment] Pengumpulan Tugas (M1) → Deadline: Saturday, 7 March 2026, 11:59 PM
[2026-05-24 09:50:23]      • [Quiz] Pre-Test (M2) → Deadline: Tidak diketahui
[2026-05-24 09:50:28]      • [Materi] 2.1  Pengantar: Berbagai Pemecahan Masalah Menggunakan Teori Graf Page → Deadline: -
[2026-05-24 09:50:33]      • [Quiz] Post-Test (M2) → Deadline: Tidak diketahui
[2026-05-24 09:50:36]      • [Assignment] Pengumpulan Tugas (M2) → Deadline: Saturday, 14 March 2026, 11:59 PM
[2026-05-24 09:50:41]      • [Quiz] Pre-Test (M4) → Deadline: Tidak diketahui
[2026-05-24 09:50:46]      • [Materi] 4.1  Pengantar: Breadth First Search URL → Deadline: -
[2026-05-24 09:50:50]      • [Materi] Sesi Praktikum File → Deadline: -
[2026-05-24 09:50:54]      • [Materi] Video Tutorial: Mendownload File IPYNB di Virtual Class URL → Deadline: -
[2026-05-24 09:50:59]      • [Quiz] Post-Test (M4) → Deadline: Tidak diketahui
[2026-05-24 09:51:03]      • [Assignment] Laporan Akhir (M4) → Deadline: Saturday, 11 April 2026, 11:59 PM
[2026-05-24 09:51:07]      • [Quiz] Pre-Test (M5) → Deadline: Tidak diketahui
[2026-05-24 09:51:10]      • [Materi] Sesi Praktikum URL → Deadline: -
[2026-05-24 09:51:14]      • [Quiz] Post-Test (M5) → Deadline: Tidak diketahui
[2026-05-24 09:51:18]      • [Assignment] Laporan Akhir (M5) → Deadline: Saturday, 18 April 2026, 11:59 PM
[2026-05-24 09:51:22]      • [Quiz] Pre-Test (M6) → Deadline: Tidak diketahui
[2026-05-24 09:51:25]      • [Materi] 6.1  Pendahuluan: Algoritma Dasar Tree URL → Deadline: -
[2026-05-24 09:51:30]      • [Materi] Sesi Praktikum File → Deadline: -
[2026-05-24 09:51:35]      • [Quiz] Post-Test (M6) → Deadline: Tidak diketahui
[2026-05-24 09:51:38]      • [Assignment] Laporan Akhir (M6) → Deadline: Saturday, 25 April 2026, 11:59 PM
[2026-05-24 09:51:43]      • [Quiz] Pre-Test (M8) → Deadline: Tidak diketahui
[2026-05-24 09:51:47]      • [Materi] 8.1  Pendahuluan: Implementasi Graph URL → Deadline: -
[2026-05-24 09:51:51]      • [Materi] Link File Praktikum I - family.pl → Deadline: -
[2026-05-24 09:51:55]      • [Materi] Link File Praktikum II - 8-puzzles.ipynb → Deadline: -
[2026-05-24 09:51:59]      • [Materi] Video Tutorial: Mendownload File IPYNB di Virtual Class URL → Deadline: -
[2026-05-24 09:52:03]      • [Quiz] Post-Test (M8) → Deadline: Tidak diketahui
[2026-05-24 09:52:07]      • [Assignment] Laporan Akhir (M8) → Deadline: Saturday, 9 May 2026, 11:59 PM
[2026-05-24 09:52:12]      • [Quiz] Pre-Test (M9) → Deadline: Tidak diketahui
[2026-05-24 09:52:16]      • [Materi] Sesi Hands-on Praktikum URL → Deadline: -
[2026-05-24 09:52:20]      • [Quiz] Post-Test (M9) → Deadline: Tidak diketahui
[2026-05-24 09:52:24]      • [Assignment] Pengumpulan Tugas (M9) → Deadline: Saturday, 16 May 2026, 11:59 PM
[2026-05-24 09:52:28]      • [Quiz] Pre-Test (M3) → Deadline: Tidak diketahui
[2026-05-24 09:52:33]      • [Materi] Sesi Praktikum URL → Deadline: -
[2026-05-24 09:52:37]      • [Materi] Video Tutorial: Menambahkan File pada Mesin DGX URL → Deadline: -
[2026-05-24 09:52:42]      • [Quiz] Post-Test (M3) → Deadline: Tidak diketahui
[2026-05-24 09:52:46]      • [Assignment] Pengumpulan Tugas (M3) → Deadline: Saturday, 23 May 2026, 11:59 PM
[2026-05-24 09:52:50]      • [Quiz] Pre-Test (M7) → Deadline: Tidak diketahui
[2026-05-24 09:52:54]      • [Materi] Link File Praktikum I - 3-Tekrek-Find-Center.ipynb → Deadline: -
[2026-05-24 09:52:58]      • [Materi] Link File Praktikum II - 3-Tekrek-Sortest-Path.ipynb → Deadline: -
[2026-05-24 09:53:03]      • [Materi] Video Tutorial: Mendownload File IPYNB di Virtual Class URL → Deadline: -
[2026-05-24 09:53:08]      • [Quiz] Post-Test (M7) → Deadline: Tidak diketahui
[2026-05-24 09:53:12]      • [Assignment] Laporan Akhir (M7) → Deadline: Saturday, 23 May 2026, 11:59 PM
[2026-05-24 09:53:17] 📦 Total tugas ditemukan: 107
[2026-05-24 09:53:17] 💾 Disimpan ke python/node/tugas.json
[2026-05-24 18:00:17] 🔐 Login ke V-Class...
[2026-05-24 18:00:17] ✅ Login berhasil
[2026-05-24 18:00:17] 📚 Mengambil mata kuliah ID 108486 ...
[2026-05-24 18:00:17]   ➤ ATA 2025/2026 | 3KB01 | Jaringan Komputer Lanjut | VIVIEN NOVA FITHRIANA
[2026-05-24 18:00:17]      • [Materi] Announcements Forum → Deadline: -
[2026-05-24 18:00:22]      • [Materi] M1 File → Deadline: -
[2026-05-24 18:00:26]      • [Materi] M2 File → Deadline: -
[2026-05-24 18:00:30]      • [Materi] M3 File → Deadline: -
[2026-05-24 18:00:35]      • [Materi] M4 File → Deadline: -
[2026-05-24 18:00:39]      • [Materi] M5 File → Deadline: -
[2026-05-24 18:00:43]      • [Materi] M6 File → Deadline: -
[2026-05-24 18:00:47]      • [Materi] M7 File → Deadline: -
[2026-05-24 18:00:52]      • [Materi] VC-1 : Traffic dan Algoritma Kendali Kemacetan File → Deadline: -
[2026-05-24 18:00:56]      • [Materi] VC-1 : Traffic dan Algoritma Kendali Kemacetan File → Deadline: -
[2026-05-24 18:01:00]      • [Materi] Forum VC-1 : Traffic dan Algoritma Kendali Kemacetan → Deadline: -
[2026-05-24 18:01:05]      • [Quiz] Latihan Soal VC-1 : Traffic dan Algoritma Kendali Kemacetan → Deadline: Tidak diketahui
[2026-05-24 18:01:08]      • [Materi] VC-2 : Traffic dan Algoritma Kendali Kemacetan - Bagian 2 File → Deadline: -
[2026-05-24 18:01:12]      • [Materi] Forum VC-2 : Traffic dan Algoritma Kendali Kemacetan - Bagian 2 → Deadline: -
[2026-05-24 18:01:17]      • [Quiz] Latihan Soal VC-2 : Traffic dan Algoritma Kendali Kemacetan - Bagian 2 → Deadline: Monday, 25 May 2026, 11:59 PM
[2026-05-24 18:01:22]      • [Materi] VC-3 : Lapisan Transport File → Deadline: -
[2026-05-24 18:01:26]      • [Materi] Forum VC-3 : Lapisan Transport → Deadline: -
[2026-05-24 18:01:31]      • [Quiz] Latihan Soal VC-3 : Lapisan Transport → Deadline: Wednesday, 15 July 2026, 11:59 PM
[2026-05-24 18:01:35] 📚 Mengambil mata kuliah ID 108172 ...
[2026-05-24 18:01:36]   ➤ ATA 2025/2026 | 3KB01 | Internet of Things (IoT) | PURNAWARMAN MUSA
[2026-05-24 18:01:36]      • [Materi] Announcements Forum → Deadline: -
[2026-05-24 18:01:40]      • [Materi] M6 File → Deadline: -
[2026-05-24 18:01:44]      • [Quiz] Soal (Tugas Individu) → Deadline: Tidak diketahui
[2026-05-24 18:01:48]      • [Quiz] Soal (Tugas Individu) → Deadline: Tidak diketahui
[2026-05-24 18:01:52] 📚 Mengambil mata kuliah ID 109563 ...
[2026-05-24 18:01:52]   ➤ ATA 2025/2026 | 3KB01 | Sistem Tertanam (Embedded) * | RIDHA ISKANDAR
[2026-05-24 18:01:52]      • [Materi] Selamat Datang di V-Class Sistem Tertanam (Embedded) Forum → Deadline: -
[2026-05-24 18:01:57]      • [Assignment] File 1 → Deadline: Sunday, 26 April 2026, 12:00 AM
[2026-05-24 18:02:01] 📚 Mengambil mata kuliah ID 109970 ...
[2026-05-24 18:02:01]   ➤ ATA 2025/2026 | 2EB10 | Bahasa Indonesia | MELANIAWATI
[2026-05-24 18:02:01] 📚 Mengambil mata kuliah ID 107919 ...
[2026-05-24 18:02:01]   ➤ ATA 2025/2026 | 3KB01 | Sistem Cerdas Lanjut | NUR SULTAN SALAHUDDIN
[2026-05-24 18:02:01]      • [Materi] Announcements Forum → Deadline: -
[2026-05-24 18:02:06]      • [Assignment] Sistem Kesehatan Cerdas → Deadline: Thursday, 21 May 2026, 12:00 AM
[2026-05-24 18:02:10]      • [Quiz] Sistem Kesehatan Cerdas → Deadline: Tidak diketahui
[2026-05-24 18:02:14] 📚 Mengambil mata kuliah ID 107291 ...
[2026-05-24 18:02:14]   ➤ ATA 2025/2026 | 3KB01 | Pengantarmukaan Perif.Komputer * | FARID THALIB
[2026-05-24 18:02:14]      • [Materi] Announcements Forum → Deadline: -
[2026-05-24 18:02:19] 📚 Mengambil mata kuliah ID 104438 ...
[2026-05-24 18:02:19]   ➤ ATA 2025/2026 | 3-FIKTI | Terapan Teori Graf | TEAM TEACHING
[2026-05-24 18:02:19]      • [Materi] PEMBERITAHUAN PELAKSANAAN TEAM TEACHING TERAPAN TEORI GRAF Forum → Deadline: -
[2026-05-24 18:02:24]      • [Materi] M1: Pendahuluan Teori Graf File → Deadline: -
[2026-05-24 18:02:28]      • [Materi] Video Literasi M1: Pendahuluan Teori Graf URL → Deadline: -
[2026-05-24 18:02:32]      • [Quiz] Kuis M1 [kelas PAGI] → Deadline: Tidak diketahui
[2026-05-24 18:02:36]      • [Quiz] Kuis M1 [kelas MALAM] → Deadline: Tidak diketahui
[2026-05-24 18:02:40]      • [Materi] M2: Graf Tidak Berarah dan Graf Berbobot File → Deadline: -
[2026-05-24 18:02:45]      • [Materi] Video Literasi M2 : Graf Tidak Berarah dan Graf Berbobot URL → Deadline: -
[2026-05-24 18:02:50]      • [Quiz] Kuis M2 [KELAS PAGI] : Graf Tidak Berarah dan Graf Berbobot → Deadline: Tidak diketahui
[2026-05-24 18:02:55]      • [Quiz] Kuis M2 [KELAS MALAM] : Graf Tidak Berarah dan Graf Berbobot → Deadline: Tidak diketahui
[2026-05-24 18:02:59]      • [Materi] M4 : Aplikasi Teori Graf di Teknik Elektro File → Deadline: -
[2026-05-24 18:03:04]      • [Materi] Video Literasi M4 : Aplikasi Teori Graf di Teknik Elektro URL → Deadline: -
[2026-05-24 18:03:08]      • [Quiz] Kuis M4 [KELAS PAGI]: Aplikasi Teori Graf di Teknik Elektro → Deadline: Tidak diketahui
[2026-05-24 18:03:12]      • [Quiz] Kuis M4 [KELAS MALAM]: Aplikasi Teori Graf di Teknik Elektro → Deadline: Tidak diketahui
[2026-05-24 18:03:17]      • [Materi] M5 : Knowledge Graph dan Database Graph File → Deadline: -
[2026-05-24 18:03:21]      • [Materi] Video Literasi  M5 : Knowledge Graph dan Database Graph URL → Deadline: -
[2026-05-24 18:03:25]      • [Quiz] Kuis M5 [KELAS PAGI] : nowledge Graph dan Database Graph → Deadline: Tidak diketahui
[2026-05-24 18:03:30]      • [Quiz] Kuis M5 [KELAS MALAM] : Knowledge Graph dan Database Graph → Deadline: Tidak diketahui
[2026-05-24 18:03:35]      • [Materi] M6 : Graf Berarah dan Implementasinya File → Deadline: -
[2026-05-24 18:03:39]      • [Materi] Video Literasi M6 : Graf Berarah dan Implementasinya URL → Deadline: -
[2026-05-24 18:03:43]      • [Quiz] Kuis M6 [KELAS PAGI] : Graf Berarah dan Implementasinya → Deadline: Tidak diketahui
[2026-05-24 18:03:48]      • [Quiz] Kuis M6 [KELAS MALAM] : Graf Berarah dan Implementasinya → Deadline: Tidak diketahui
[2026-05-24 18:03:52]      • [Materi] M8 : Penerapan Teori Graf di Bidang Teknik Sipil File → Deadline: -
[2026-05-24 18:03:55]      • [Materi] Video Literasi M8 : Penerapan Teori Graf di Bidang Teknik Sipil URL → Deadline: -
[2026-05-24 18:04:00]      • [Quiz] Kuis M8 [KELAS PAGI] : Penerapan Teori Graf di Bidang Teknik Sipil → Deadline: Tidak diketahui
[2026-05-24 18:04:05]      • [Quiz] Kuis M8 [KELAS MALAM] : Penerapan Teori Graf di Bidang Teknik Sipil → Deadline: Tidak diketahui
[2026-05-24 18:04:08]      • [Materi] M10 : Penerapan Teori Graf  di Bidang Teknik Industri File → Deadline: -
[2026-05-24 18:04:13]      • [Materi] Video Literasi M10 : Penerapan Teori Graf  di Bidang Teknik Industri URL → Deadline: -
[2026-05-24 18:04:17]      • [Quiz] Kuis M10 [kelas pagi] : Penerapan Teori Graf  di Bidang Teknik Industri → Deadline: Tidak diketahui
[2026-05-24 18:04:22]      • [Quiz] Kuis M10 [kelas malam]: Penerapan Teori Graf  di Bidang Teknik Industri → Deadline: Tidak diketahui
[2026-05-24 18:04:26] 📚 Mengambil mata kuliah ID 104413 ...
[2026-05-24 18:04:26]   ➤ ATA 2025/2026 | 3-FIKTI | Praktikum Terapan Teori Graf
[2026-05-24 18:04:26]      • [Materi] Panduan Praktikum  Forum → Deadline: -
[2026-05-24 18:04:31]      • [Materi] Panduan Google Collaboratory URL → Deadline: -
[2026-05-24 18:04:35]      • [Materi] Panduan Instalasi Anaconda URL → Deadline: -
[2026-05-24 18:04:39]      • [Quiz] Pre-Test (M1) → Deadline: Tidak diketahui
[2026-05-24 18:04:43]      • [Materi] 1.1  Pengantar: Teori Graf URL → Deadline: -
[2026-05-24 18:04:48]      • [Materi] 1.2  Sesi Hands-on Praktikum URL → Deadline: -
[2026-05-24 18:04:52]      • [Materi] 1.3 Tutorial Menambahkan File pada Mesin DGX URL → Deadline: -
[2026-05-24 18:04:57]      • [Quiz] Post-Test (M1) → Deadline: Tidak diketahui
[2026-05-24 18:05:01]      • [Assignment] Pengumpulan Tugas (M1) → Deadline: Saturday, 7 March 2026, 11:59 PM
[2026-05-24 18:05:05]      • [Quiz] Pre-Test (M2) → Deadline: Tidak diketahui
[2026-05-24 18:05:10]      • [Materi] 2.1  Pengantar: Berbagai Pemecahan Masalah Menggunakan Teori Graf Page → Deadline: -
[2026-05-24 18:05:14]      • [Quiz] Post-Test (M2) → Deadline: Tidak diketahui
[2026-05-24 18:05:18]      • [Assignment] Pengumpulan Tugas (M2) → Deadline: Saturday, 14 March 2026, 11:59 PM
[2026-05-24 18:05:23]      • [Quiz] Pre-Test (M4) → Deadline: Tidak diketahui
[2026-05-24 18:05:28]      • [Materi] 4.1  Pengantar: Breadth First Search URL → Deadline: -
[2026-05-24 18:05:33]      • [Materi] Sesi Praktikum File → Deadline: -
[2026-05-24 18:05:36]      • [Materi] Video Tutorial: Mendownload File IPYNB di Virtual Class URL → Deadline: -
[2026-05-24 18:05:41]      • [Quiz] Post-Test (M4) → Deadline: Tidak diketahui
[2026-05-24 18:05:45]      • [Assignment] Laporan Akhir (M4) → Deadline: Saturday, 11 April 2026, 11:59 PM
[2026-05-24 18:05:50]      • [Quiz] Pre-Test (M5) → Deadline: Tidak diketahui
[2026-05-24 18:05:54]      • [Materi] Sesi Praktikum URL → Deadline: -
[2026-05-24 18:05:58]      • [Quiz] Post-Test (M5) → Deadline: Tidak diketahui
[2026-05-24 18:06:03]      • [Assignment] Laporan Akhir (M5) → Deadline: Saturday, 18 April 2026, 11:59 PM
[2026-05-24 18:06:08]      • [Quiz] Pre-Test (M6) → Deadline: Tidak diketahui
[2026-05-24 18:06:12]      • [Materi] 6.1  Pendahuluan: Algoritma Dasar Tree URL → Deadline: -
[2026-05-24 18:06:17]      • [Materi] Sesi Praktikum File → Deadline: -
[2026-05-24 18:06:22]      • [Quiz] Post-Test (M6) → Deadline: Tidak diketahui
[2026-05-24 18:06:26]      • [Assignment] Laporan Akhir (M6) → Deadline: Saturday, 25 April 2026, 11:59 PM
[2026-05-24 18:06:30]      • [Quiz] Pre-Test (M8) → Deadline: Tidak diketahui
[2026-05-24 18:06:35]      • [Materi] 8.1  Pendahuluan: Implementasi Graph URL → Deadline: -
[2026-05-24 18:06:39]      • [Materi] Link File Praktikum I - family.pl → Deadline: -
[2026-05-24 18:06:44]      • [Materi] Link File Praktikum II - 8-puzzles.ipynb → Deadline: -
[2026-05-24 18:06:48]      • [Materi] Video Tutorial: Mendownload File IPYNB di Virtual Class URL → Deadline: -
[2026-05-24 18:06:52]      • [Quiz] Post-Test (M8) → Deadline: Tidak diketahui
[2026-05-24 18:06:56]      • [Assignment] Laporan Akhir (M8) → Deadline: Saturday, 9 May 2026, 11:59 PM
[2026-05-24 18:07:01]      • [Quiz] Pre-Test (M9) → Deadline: Tidak diketahui
[2026-05-24 18:07:05]      • [Materi] Sesi Hands-on Praktikum URL → Deadline: -
[2026-05-24 18:07:09]      • [Quiz] Post-Test (M9) → Deadline: Tidak diketahui
[2026-05-24 18:07:14]      • [Assignment] Pengumpulan Tugas (M9) → Deadline: Saturday, 16 May 2026, 11:59 PM
[2026-05-24 18:07:19]      • [Quiz] Pre-Test (M3) → Deadline: Tidak diketahui
[2026-05-24 18:07:23]      • [Materi] Sesi Praktikum URL → Deadline: -
[2026-05-24 18:07:26]      • [Materi] Video Tutorial: Menambahkan File pada Mesin DGX URL → Deadline: -
[2026-05-24 18:07:31]      • [Quiz] Post-Test (M3) → Deadline: Tidak diketahui
[2026-05-24 18:07:35]      • [Assignment] Pengumpulan Tugas (M3) → Deadline: Saturday, 23 May 2026, 11:59 PM
[2026-05-24 18:07:40]      • [Quiz] Pre-Test (M7) → Deadline: Tidak diketahui
[2026-05-24 18:07:44]      • [Materi] Link File Praktikum I - 3-Tekrek-Find-Center.ipynb → Deadline: -
[2026-05-24 18:07:49]      • [Materi] Link File Praktikum II - 3-Tekrek-Sortest-Path.ipynb → Deadline: -
[2026-05-24 18:07:52]      • [Materi] Video Tutorial: Mendownload File IPYNB di Virtual Class URL → Deadline: -
[2026-05-24 18:07:56]      • [Quiz] Post-Test (M7) → Deadline: Tidak diketahui
[2026-05-24 18:08:00]      • [Assignment] Laporan Akhir (M7) → Deadline: Saturday, 23 May 2026, 11:59 PM
[2026-05-24 18:08:04] 📦 Total tugas ditemukan: 107
[2026-05-24 18:08:04] 💾 Disimpan ke python/node/tugas.json
