[2026-07-16 09:45:25] 🔐 Login ke V-Class...
[2026-07-16 09:45:25] ✅ Login berhasil
[2026-07-16 09:45:25] 📚 Mengambil mata kuliah ID 108486 ...
[2026-07-16 09:45:25]   ➤ ATA 2025/2026 | 3KB01 | Jaringan Komputer Lanjut | VIVIEN NOVA FITHRIANA
[2026-07-16 09:45:25]      • [Materi] Announcements Forum → Deadline: -
[2026-07-16 09:45:29]      • [Materi] M1 File → Deadline: -
[2026-07-16 09:45:33]      • [Materi] M2 File → Deadline: -
[2026-07-16 09:45:37]      • [Materi] M3 File → Deadline: -
[2026-07-16 09:45:41]      • [Materi] M4 File → Deadline: -
[2026-07-16 09:45:45]      • [Materi] M5 File → Deadline: -
[2026-07-16 09:45:50]      • [Materi] M6 File → Deadline: -
[2026-07-16 09:45:54]      • [Materi] M7 File → Deadline: -
[2026-07-16 09:45:58]      • [Materi] VC-1 : Traffic dan Algoritma Kendali Kemacetan File → Deadline: -
[2026-07-16 09:46:03]      • [Materi] VC-1 : Traffic dan Algoritma Kendali Kemacetan File → Deadline: -
[2026-07-16 09:46:07]      • [Materi] Forum VC-1 : Traffic dan Algoritma Kendali Kemacetan → Deadline: -
[2026-07-16 09:46:11]      • [Quiz] Latihan Soal VC-1 : Traffic dan Algoritma Kendali Kemacetan → Deadline: Tidak diketahui
[2026-07-16 09:46:15]      • [Materi] VC-2 : Traffic dan Algoritma Kendali Kemacetan - Bagian 2 File → Deadline: -
[2026-07-16 09:46:19]      • [Materi] Forum VC-2 : Traffic dan Algoritma Kendali Kemacetan - Bagian 2 → Deadline: -
[2026-07-16 09:46:24]      • [Quiz] Latihan Soal VC-2 : Traffic dan Algoritma Kendali Kemacetan - Bagian 2 → Deadline: Tidak diketahui
[2026-07-16 09:46:29]      • [Materi] VC-3 : Lapisan Transport File → Deadline: -
[2026-07-16 09:46:33]      • [Materi] Forum VC-3 : Lapisan Transport → Deadline: -
[2026-07-16 09:46:38]      • [Quiz] Latihan Soal VC-3 : Lapisan Transport → Deadline: Tidak diketahui
[2026-07-16 09:46:41] 📚 Mengambil mata kuliah ID 108172 ...
[2026-07-16 09:46:41]   ➤ ATA 2025/2026 | 3KB01 | Internet of Things (IoT) | PURNAWARMAN MUSA
[2026-07-16 09:46:41]      • [Materi] Announcements Forum → Deadline: -
[2026-07-16 09:46:45]      • [Materi] M6 File → Deadline: -
[2026-07-16 09:46:50]      • [Quiz] Soal (Tugas Individu) → Deadline: Tidak diketahui
[2026-07-16 09:46:54]      • [Quiz] Soal (Tugas Individu) → Deadline: Tidak diketahui
[2026-07-16 09:46:59] 📚 Mengambil mata kuliah ID 109563 ...
[2026-07-16 09:46:59]   ➤ ATA 2025/2026 | 3KB01 | Sistem Tertanam (Embedded) * | RIDHA ISKANDAR
[2026-07-16 09:46:59]      • [Materi] Selamat Datang di V-Class Sistem Tertanam (Embedded) Forum → Deadline: -
[2026-07-16 09:47:03]      • [Assignment] File 1 → Deadline: Sunday, 26 April 2026, 12:00 AM
[2026-07-16 09:47:07] 📚 Mengambil mata kuliah ID 109970 ...
[2026-07-16 09:47:07]   ➤ ATA 2025/2026 | 2EB10 | Bahasa Indonesia | MELANIAWATI
[2026-07-16 09:47:07] 📚 Mengambil mata kuliah ID 107919 ...
[2026-07-16 09:47:07]   ➤ ATA 2025/2026 | 3KB01 | Sistem Cerdas Lanjut | NUR SULTAN SALAHUDDIN
[2026-07-16 09:47:07]      • [Materi] Announcements Forum → Deadline: -
[2026-07-16 09:47:11]      • [Assignment] Sistem Kesehatan Cerdas → Deadline: Thursday, 21 May 2026, 12:00 AM
[2026-07-16 09:47:15]      • [Quiz] Sistem Kesehatan Cerdas → Deadline: Tidak diketahui
[2026-07-16 09:47:20]      • [Assignment] Sistem Industri Cerdas → Deadline: Monday, 20 July 2026, 12:00 AM
[2026-07-16 09:47:24]      • [Quiz] Sistem Industri Cerdas → Deadline: Monday, 20 July 2026, 10:54 AM
[2026-07-16 09:47:28] 📚 Mengambil mata kuliah ID 107291 ...
[2026-07-16 09:47:28]   ➤ ATA 2025/2026 | 3KB01 | Pengantarmukaan Perif.Komputer * | FARID THALIB
[2026-07-16 09:47:28]      • [Materi] Announcements Forum → Deadline: -
[2026-07-16 09:47:33] 📚 Mengambil mata kuliah ID 104438 ...
[2026-07-16 09:47:33]   ➤ ATA 2025/2026 | 3-FIKTI | Terapan Teori Graf | TEAM TEACHING
[2026-07-16 09:47:33]      • [Materi] PEMBERITAHUAN UTS SUSULAN File → Deadline: -
[2026-07-16 09:47:37]      • [Materi] PEMBERITAHUAN PELAKSANAAN TEAM TEACHING TERAPAN TEORI GRAF Forum → Deadline: -
[2026-07-16 09:47:41]      • [Materi] M1: Pendahuluan Teori Graf File → Deadline: -
[2026-07-16 09:47:45]      • [Materi] Video Literasi M1: Pendahuluan Teori Graf URL → Deadline: -
[2026-07-16 09:47:50]      • [Quiz] Kuis M1 [kelas PAGI] → Deadline: Tidak diketahui
[2026-07-16 09:47:54]      • [Quiz] Kuis M1 [kelas MALAM] → Deadline: Tidak diketahui
[2026-07-16 09:47:58]      • [Materi] M2: Graf Tidak Berarah dan Graf Berbobot File → Deadline: -
[2026-07-16 09:48:02]      • [Materi] Video Literasi M2 : Graf Tidak Berarah dan Graf Berbobot URL → Deadline: -
[2026-07-16 09:48:07]      • [Quiz] Kuis M2 [KELAS PAGI] : Graf Tidak Berarah dan Graf Berbobot → Deadline: Tidak diketahui
[2026-07-16 09:48:11]      • [Quiz] Kuis M2 [KELAS MALAM] : Graf Tidak Berarah dan Graf Berbobot → Deadline: Tidak diketahui
[2026-07-16 09:48:15]      • [Materi] M4 : Aplikasi Teori Graf di Teknik Elektro File → Deadline: -
[2026-07-16 09:48:19]      • [Materi] Video Literasi M4 : Aplikasi Teori Graf di Teknik Elektro URL → Deadline: -
[2026-07-16 09:48:24]      • [Quiz] Kuis M4 [KELAS PAGI]: Aplikasi Teori Graf di Teknik Elektro → Deadline: Tidak diketahui
[2026-07-16 09:48:29]      • [Quiz] Kuis M4 [KELAS MALAM]: Aplikasi Teori Graf di Teknik Elektro → Deadline: Tidak diketahui
[2026-07-16 09:48:33]      • [Materi] M5 : Knowledge Graph dan Database Graph File → Deadline: -
[2026-07-16 09:48:37]      • [Materi] Video Literasi  M5 : Knowledge Graph dan Database Graph URL → Deadline: -
[2026-07-16 09:48:42]      • [Quiz] Kuis M5 [KELAS PAGI] : nowledge Graph dan Database Graph → Deadline: Tidak diketahui
[2026-07-16 09:48:46]      • [Quiz] Kuis M5 [KELAS MALAM] : Knowledge Graph dan Database Graph → Deadline: Tidak diketahui
[2026-07-16 09:48:51]      • [Materi] M6 : Graf Berarah dan Implementasinya File → Deadline: -
[2026-07-16 09:48:55]      • [Materi] Video Literasi M6 : Graf Berarah dan Implementasinya URL → Deadline: -
[2026-07-16 09:49:00]      • [Quiz] Kuis M6 [KELAS PAGI] : Graf Berarah dan Implementasinya → Deadline: Tidak diketahui
[2026-07-16 09:49:04]      • [Quiz] Kuis M6 [KELAS MALAM] : Graf Berarah dan Implementasinya → Deadline: Tidak diketahui
[2026-07-16 09:49:08]      • [Materi] M8 : Penerapan Teori Graf di Bidang Teknik Sipil File → Deadline: -
[2026-07-16 09:49:13]      • [Materi] Video Literasi M8 : Penerapan Teori Graf di Bidang Teknik Sipil URL → Deadline: -
[2026-07-16 09:49:18]      • [Quiz] Kuis M8 [KELAS PAGI] : Penerapan Teori Graf di Bidang Teknik Sipil → Deadline: Tidak diketahui
[2026-07-16 09:49:22]      • [Quiz] Kuis M8 [KELAS MALAM] : Penerapan Teori Graf di Bidang Teknik Sipil → Deadline: Tidak diketahui
[2026-07-16 09:49:26]      • [Materi] M10 : Penerapan Teori Graf  di Bidang Teknik Industri File → Deadline: -
[2026-07-16 09:49:31]      • [Materi] Video Literasi M10 : Penerapan Teori Graf  di Bidang Teknik Industri URL → Deadline: -
[2026-07-16 09:49:35]      • [Quiz] Kuis M10 [kelas pagi] : Penerapan Teori Graf  di Bidang Teknik Industri → Deadline: Tidak diketahui
[2026-07-16 09:49:40]      • [Quiz] Kuis M10 [kelas malam]: Penerapan Teori Graf  di Bidang Teknik Industri → Deadline: Tidak diketahui
[2026-07-16 09:49:45]      • [Materi] M11 : Program Dinamis dan Permasalahan Tata Letak Fasilitas File → Deadline: -
[2026-07-16 09:49:50]      • [Materi] video literasi : Program Dinamis dan Permasalahan Tata Letak Fasilitas URL → Deadline: -
[2026-07-16 09:49:54]      • [Quiz] Kuis M11 [kelas PAGI]: Program Dinamis dan Permasalahan Tata Letak Fasilitas → Deadline: Tidak diketahui
[2026-07-16 09:49:57]      • [Quiz] Kuis M11 [kelas MALAM]: Program Dinamis dan Permasalahan Tata Letak Fasilitas → Deadline: Tidak diketahui
[2026-07-16 09:50:02]      • [Materi] M12: Algoritma Greedy pada Graf File → Deadline: -
[2026-07-16 09:50:05]      • [Materi] Video literasi M12: Algoritma Greedy pada Graf URL → Deadline: -
[2026-07-16 09:50:10]      • [Quiz] Kuis M12 [kelas PAGI] → Deadline: Tidak diketahui
[2026-07-16 09:50:14]      • [Quiz] Kuis M12 [kelas MALAM] → Deadline: Tidak diketahui
[2026-07-16 09:50:18]      • [Materi] M13 File → Deadline: -
[2026-07-16 09:50:22]      • [Materi] Video Literasi M13 : Graph Theory Implementation in Oil Mining Company URL → Deadline: -
[2026-07-16 09:50:27]      • [Quiz] Kuis M13 [PAGI]: Graph Theory Implementation in Oil Mining Company → Deadline: Tidak diketahui
[2026-07-16 09:50:32]      • [Quiz] Kuis M13 [MALAM]: Graph Theory Implementation in Oil Mining Company → Deadline: Tidak diketahui
[2026-07-16 09:50:35] 📚 Mengambil mata kuliah ID 104413 ...
[2026-07-16 09:50:36]   ➤ ATA 2025/2026 | 3-FIKTI | Praktikum Terapan Teori Graf
[2026-07-16 09:50:36]      • [Materi] Panduan Praktikum  Forum → Deadline: -
[2026-07-16 09:50:39]      • [Materi] Panduan Google Collaboratory URL → Deadline: -
[2026-07-16 09:50:44]      • [Materi] Panduan Instalasi Anaconda URL → Deadline: -
[2026-07-16 09:50:48]      • [Quiz] Pre-Test (M1) → Deadline: Tidak diketahui
[2026-07-16 09:50:53]      • [Materi] 1.1  Pengantar: Teori Graf URL → Deadline: -
[2026-07-16 09:50:56]      • [Materi] 1.2  Sesi Hands-on Praktikum URL → Deadline: -
[2026-07-16 09:51:01]      • [Materi] 1.3 Tutorial Menambahkan File pada Mesin DGX URL → Deadline: -
[2026-07-16 09:51:06]      • [Quiz] Post-Test (M1) → Deadline: Tidak diketahui
[2026-07-16 09:51:10]      • [Assignment] Pengumpulan Tugas (M1) → Deadline: Saturday, 7 March 2026, 11:59 PM
[2026-07-16 09:51:14]      • [Quiz] Pre-Test (M2) → Deadline: Tidak diketahui
[2026-07-16 09:51:19]      • [Materi] 2.1  Pengantar: Berbagai Pemecahan Masalah Menggunakan Teori Graf Page → Deadline: -
[2026-07-16 09:51:24]      • [Quiz] Post-Test (M2) → Deadline: Tidak diketahui
[2026-07-16 09:51:28]      • [Assignment] Pengumpulan Tugas (M2) → Deadline: Saturday, 14 March 2026, 11:59 PM
[2026-07-16 09:51:33]      • [Quiz] Pre-Test (M4) → Deadline: Tidak diketahui
[2026-07-16 09:51:37]      • [Materi] 4.1  Pengantar: Breadth First Search URL → Deadline: -
[2026-07-16 09:51:41]      • [Materi] Sesi Praktikum File → Deadline: -
[2026-07-16 09:51:46]      • [Materi] Video Tutorial: Mendownload File IPYNB di Virtual Class URL → Deadline: -
[2026-07-16 09:51:50]      • [Quiz] Post-Test (M4) → Deadline: Tidak diketahui
[2026-07-16 09:51:54]      • [Assignment] Laporan Akhir (M4) → Deadline: Saturday, 11 April 2026, 11:59 PM
[2026-07-16 09:51:58]      • [Quiz] Pre-Test (M5) → Deadline: Tidak diketahui
[2026-07-16 09:52:03]      • [Materi] Sesi Praktikum URL → Deadline: -
[2026-07-16 09:52:07]      • [Quiz] Post-Test (M5) → Deadline: Tidak diketahui
[2026-07-16 09:52:12]      • [Assignment] Laporan Akhir (M5) → Deadline: Saturday, 18 April 2026, 11:59 PM
[2026-07-16 09:52:16]      • [Quiz] Pre-Test (M6) → Deadline: Tidak diketahui
[2026-07-16 09:52:20]      • [Materi] 6.1  Pendahuluan: Algoritma Dasar Tree URL → Deadline: -
[2026-07-16 09:52:25]      • [Materi] Sesi Praktikum File → Deadline: -
[2026-07-16 09:52:29]      • [Quiz] Post-Test (M6) → Deadline: Tidak diketahui
[2026-07-16 09:52:33]      • [Assignment] Laporan Akhir (M6) → Deadline: Saturday, 25 April 2026, 11:59 PM
[2026-07-16 09:52:37]      • [Quiz] Pre-Test (M8) → Deadline: Tidak diketahui
[2026-07-16 09:52:41]      • [Materi] 8.1  Pendahuluan: Implementasi Graph URL → Deadline: -
[2026-07-16 09:52:45]      • [Materi] Link File Praktikum I - family.pl → Deadline: -
[2026-07-16 09:52:49]      • [Materi] Link File Praktikum II - 8-puzzles.ipynb → Deadline: -
[2026-07-16 09:52:54]      • [Materi] Video Tutorial: Mendownload File IPYNB di Virtual Class URL → Deadline: -
[2026-07-16 09:52:59]      • [Quiz] Post-Test (M8) → Deadline: Tidak diketahui
[2026-07-16 09:53:03]      • [Assignment] Laporan Akhir (M8) → Deadline: Saturday, 9 May 2026, 11:59 PM
[2026-07-16 09:53:07]      • [Quiz] Pre-Test (M9) → Deadline: Tidak diketahui
[2026-07-16 09:53:11]      • [Materi] Sesi Hands-on Praktikum URL → Deadline: -
[2026-07-16 09:53:16]      • [Quiz] Post-Test (M9) → Deadline: Tidak diketahui
[2026-07-16 09:53:20]      • [Assignment] Pengumpulan Tugas (M9) → Deadline: Saturday, 16 May 2026, 11:59 PM
[2026-07-16 09:53:24]      • [Quiz] Pre-Test (M3) → Deadline: Tidak diketahui
[2026-07-16 09:53:28]      • [Materi] Sesi Praktikum URL → Deadline: -
[2026-07-16 09:53:32]      • [Materi] Video Tutorial: Menambahkan File pada Mesin DGX URL → Deadline: -
[2026-07-16 09:53:36]      • [Quiz] Post-Test (M3) → Deadline: Tidak diketahui
[2026-07-16 09:53:42]      • [Assignment] Pengumpulan Tugas (M3) → Deadline: Saturday, 23 May 2026, 11:59 PM
[2026-07-16 09:53:46]      • [Quiz] Pre-Test (M7) → Deadline: Tidak diketahui
[2026-07-16 09:53:49]      • [Materi] Link File Praktikum I - 3-Tekrek-Find-Center.ipynb → Deadline: -
[2026-07-16 09:53:54]      • [Materi] Link File Praktikum II - 3-Tekrek-Sortest-Path.ipynb → Deadline: -
[2026-07-16 09:53:58]      • [Materi] Video Tutorial: Mendownload File IPYNB di Virtual Class URL → Deadline: -
[2026-07-16 09:54:03]      • [Quiz] Post-Test (M7) → Deadline: Tidak diketahui
[2026-07-16 09:54:08]      • [Assignment] Laporan Akhir (M7) → Deadline: Saturday, 23 May 2026, 11:59 PM
[2026-07-16 09:54:12] 📦 Total tugas ditemukan: 122
[2026-07-16 09:54:12] 💾 Disimpan ke python/node/tugas.json
[2026-07-16 18:00:12] 🔐 Login ke V-Class...
[2026-07-16 18:00:13] ✅ Login berhasil
[2026-07-16 18:00:13] 📚 Mengambil mata kuliah ID 108486 ...
[2026-07-16 18:00:13]   ➤ ATA 2025/2026 | 3KB01 | Jaringan Komputer Lanjut | VIVIEN NOVA FITHRIANA
[2026-07-16 18:00:13]      • [Materi] Announcements Forum → Deadline: -
[2026-07-16 18:00:18]      • [Materi] M1 File → Deadline: -
[2026-07-16 18:00:22]      • [Materi] M2 File → Deadline: -
[2026-07-16 18:00:26]      • [Materi] M3 File → Deadline: -
[2026-07-16 18:00:31]      • [Materi] M4 File → Deadline: -
[2026-07-16 18:00:35]      • [Materi] M5 File → Deadline: -
[2026-07-16 18:00:39]      • [Materi] M6 File → Deadline: -
[2026-07-16 18:00:43]      • [Materi] M7 File → Deadline: -
[2026-07-16 18:00:47]      • [Materi] VC-1 : Traffic dan Algoritma Kendali Kemacetan File → Deadline: -
[2026-07-16 18:00:52]      • [Materi] VC-1 : Traffic dan Algoritma Kendali Kemacetan File → Deadline: -
[2026-07-16 18:00:55]      • [Materi] Forum VC-1 : Traffic dan Algoritma Kendali Kemacetan → Deadline: -
[2026-07-16 18:01:00]      • [Quiz] Latihan Soal VC-1 : Traffic dan Algoritma Kendali Kemacetan → Deadline: Tidak diketahui
[2026-07-16 18:01:04]      • [Materi] VC-2 : Traffic dan Algoritma Kendali Kemacetan - Bagian 2 File → Deadline: -
[2026-07-16 18:01:09]      • [Materi] Forum VC-2 : Traffic dan Algoritma Kendali Kemacetan - Bagian 2 → Deadline: -
[2026-07-16 18:01:13]      • [Quiz] Latihan Soal VC-2 : Traffic dan Algoritma Kendali Kemacetan - Bagian 2 → Deadline: Tidak diketahui
[2026-07-16 18:01:18]      • [Materi] VC-3 : Lapisan Transport File → Deadline: -
[2026-07-16 18:01:22]      • [Materi] Forum VC-3 : Lapisan Transport → Deadline: -
[2026-07-16 18:01:27]      • [Quiz] Latihan Soal VC-3 : Lapisan Transport → Deadline: Tidak diketahui
[2026-07-16 18:01:31] 📚 Mengambil mata kuliah ID 108172 ...
[2026-07-16 18:01:31]   ➤ ATA 2025/2026 | 3KB01 | Internet of Things (IoT) | PURNAWARMAN MUSA
[2026-07-16 18:01:31]      • [Materi] Announcements Forum → Deadline: -
[2026-07-16 18:01:35]      • [Materi] M6 File → Deadline: -
[2026-07-16 18:01:40]      • [Quiz] Soal (Tugas Individu) → Deadline: Tidak diketahui
[2026-07-16 18:01:44]      • [Quiz] Soal (Tugas Individu) → Deadline: Tidak diketahui
[2026-07-16 18:01:48] 📚 Mengambil mata kuliah ID 109563 ...
[2026-07-16 18:01:48]   ➤ ATA 2025/2026 | 3KB01 | Sistem Tertanam (Embedded) * | RIDHA ISKANDAR
[2026-07-16 18:01:48]      • [Materi] Selamat Datang di V-Class Sistem Tertanam (Embedded) Forum → Deadline: -
[2026-07-16 18:01:53]      • [Assignment] File 1 → Deadline: Sunday, 26 April 2026, 12:00 AM
[2026-07-16 18:01:58] 📚 Mengambil mata kuliah ID 109970 ...
[2026-07-16 18:01:58]   ➤ ATA 2025/2026 | 2EB10 | Bahasa Indonesia | MELANIAWATI
[2026-07-16 18:01:58] 📚 Mengambil mata kuliah ID 107919 ...
[2026-07-16 18:01:58]   ➤ ATA 2025/2026 | 3KB01 | Sistem Cerdas Lanjut | NUR SULTAN SALAHUDDIN
[2026-07-16 18:01:58]      • [Materi] Announcements Forum → Deadline: -
[2026-07-16 18:02:03]      • [Assignment] Sistem Kesehatan Cerdas → Deadline: Thursday, 21 May 2026, 12:00 AM
[2026-07-16 18:02:07]      • [Quiz] Sistem Kesehatan Cerdas → Deadline: Tidak diketahui
[2026-07-16 18:02:11]      • [Assignment] Sistem Industri Cerdas → Deadline: Monday, 20 July 2026, 12:00 AM
[2026-07-16 18:02:15]      • [Quiz] Sistem Industri Cerdas → Deadline: Monday, 20 July 2026, 10:54 AM
[2026-07-16 18:02:19] 📚 Mengambil mata kuliah ID 107291 ...
[2026-07-16 18:02:19]   ➤ ATA 2025/2026 | 3KB01 | Pengantarmukaan Perif.Komputer * | FARID THALIB
[2026-07-16 18:02:19]      • [Materi] Announcements Forum → Deadline: -
[2026-07-16 18:02:24] 📚 Mengambil mata kuliah ID 104438 ...
[2026-07-16 18:02:24]   ➤ ATA 2025/2026 | 3-FIKTI | Terapan Teori Graf | TEAM TEACHING
[2026-07-16 18:02:24]      • [Materi] PEMBERITAHUAN UTS SUSULAN File → Deadline: -
[2026-07-16 18:02:29]      • [Materi] PEMBERITAHUAN PELAKSANAAN TEAM TEACHING TERAPAN TEORI GRAF Forum → Deadline: -
[2026-07-16 18:02:33]      • [Materi] M1: Pendahuluan Teori Graf File → Deadline: -
[2026-07-16 18:02:37]      • [Materi] Video Literasi M1: Pendahuluan Teori Graf URL → Deadline: -
[2026-07-16 18:02:42]      • [Quiz] Kuis M1 [kelas PAGI] → Deadline: Tidak diketahui
[2026-07-16 18:02:47]      • [Quiz] Kuis M1 [kelas MALAM] → Deadline: Tidak diketahui
[2026-07-16 18:02:51]      • [Materi] M2: Graf Tidak Berarah dan Graf Berbobot File → Deadline: -
[2026-07-16 18:02:56]      • [Materi] Video Literasi M2 : Graf Tidak Berarah dan Graf Berbobot URL → Deadline: -
[2026-07-16 18:03:00]      • [Quiz] Kuis M2 [KELAS PAGI] : Graf Tidak Berarah dan Graf Berbobot → Deadline: Tidak diketahui
[2026-07-16 18:03:04]      • [Quiz] Kuis M2 [KELAS MALAM] : Graf Tidak Berarah dan Graf Berbobot → Deadline: Tidak diketahui
[2026-07-16 18:03:08]      • [Materi] M4 : Aplikasi Teori Graf di Teknik Elektro File → Deadline: -
[2026-07-16 18:03:12]      • [Materi] Video Literasi M4 : Aplikasi Teori Graf di Teknik Elektro URL → Deadline: -
[2026-07-16 18:03:17]      • [Quiz] Kuis M4 [KELAS PAGI]: Aplikasi Teori Graf di Teknik Elektro → Deadline: Tidak diketahui
[2026-07-16 18:03:21]      • [Quiz] Kuis M4 [KELAS MALAM]: Aplikasi Teori Graf di Teknik Elektro → Deadline: Tidak diketahui
[2026-07-16 18:03:25]      • [Materi] M5 : Knowledge Graph dan Database Graph File → Deadline: -
[2026-07-16 18:03:29]      • [Materi] Video Literasi  M5 : Knowledge Graph dan Database Graph URL → Deadline: -
[2026-07-16 18:03:32]      • [Quiz] Kuis M5 [KELAS PAGI] : nowledge Graph dan Database Graph → Deadline: Tidak diketahui
[2026-07-16 18:03:37]      • [Quiz] Kuis M5 [KELAS MALAM] : Knowledge Graph dan Database Graph → Deadline: Tidak diketahui
[2026-07-16 18:03:41]      • [Materi] M6 : Graf Berarah dan Implementasinya File → Deadline: -
[2026-07-16 18:03:44]      • [Materi] Video Literasi M6 : Graf Berarah dan Implementasinya URL → Deadline: -
[2026-07-16 18:03:49]      • [Quiz] Kuis M6 [KELAS PAGI] : Graf Berarah dan Implementasinya → Deadline: Tidak diketahui
[2026-07-16 18:03:54]      • [Quiz] Kuis M6 [KELAS MALAM] : Graf Berarah dan Implementasinya → Deadline: Tidak diketahui
[2026-07-16 18:03:58]      • [Materi] M8 : Penerapan Teori Graf di Bidang Teknik Sipil File → Deadline: -
[2026-07-16 18:04:03]      • [Materi] Video Literasi M8 : Penerapan Teori Graf di Bidang Teknik Sipil URL → Deadline: -
[2026-07-16 18:04:07]      • [Quiz] Kuis M8 [KELAS PAGI] : Penerapan Teori Graf di Bidang Teknik Sipil → Deadline: Tidak diketahui
[2026-07-16 18:04:11]      • [Quiz] Kuis M8 [KELAS MALAM] : Penerapan Teori Graf di Bidang Teknik Sipil → Deadline: Tidak diketahui
[2026-07-16 18:04:14]      • [Materi] M10 : Penerapan Teori Graf  di Bidang Teknik Industri File → Deadline: -
[2026-07-16 18:04:19]      • [Materi] Video Literasi M10 : Penerapan Teori Graf  di Bidang Teknik Industri URL → Deadline: -
[2026-07-16 18:04:24]      • [Quiz] Kuis M10 [kelas pagi] : Penerapan Teori Graf  di Bidang Teknik Industri → Deadline: Tidak diketahui
[2026-07-16 18:04:27]      • [Quiz] Kuis M10 [kelas malam]: Penerapan Teori Graf  di Bidang Teknik Industri → Deadline: Tidak diketahui
[2026-07-16 18:04:31]      • [Materi] M11 : Program Dinamis dan Permasalahan Tata Letak Fasilitas File → Deadline: -
[2026-07-16 18:04:35]      • [Materi] video literasi : Program Dinamis dan Permasalahan Tata Letak Fasilitas URL → Deadline: -
[2026-07-16 18:04:40]      • [Quiz] Kuis M11 [kelas PAGI]: Program Dinamis dan Permasalahan Tata Letak Fasilitas → Deadline: Tidak diketahui
[2026-07-16 18:04:44]      • [Quiz] Kuis M11 [kelas MALAM]: Program Dinamis dan Permasalahan Tata Letak Fasilitas → Deadline: Tidak diketahui
[2026-07-16 18:04:48]      • [Materi] M12: Algoritma Greedy pada Graf File → Deadline: -
[2026-07-16 18:04:52]      • [Materi] Video literasi M12: Algoritma Greedy pada Graf URL → Deadline: -
[2026-07-16 18:04:57]      • [Quiz] Kuis M12 [kelas PAGI] → Deadline: Tidak diketahui
[2026-07-16 18:05:01]      • [Quiz] Kuis M12 [kelas MALAM] → Deadline: Tidak diketahui
[2026-07-16 18:05:05]      • [Materi] M13 File → Deadline: -
[2026-07-16 18:05:10]      • [Materi] Video Literasi M13 : Graph Theory Implementation in Oil Mining Company URL → Deadline: -
[2026-07-16 18:05:15]      • [Quiz] Kuis M13 [PAGI]: Graph Theory Implementation in Oil Mining Company → Deadline: Tidak diketahui
[2026-07-16 18:05:19]      • [Quiz] Kuis M13 [MALAM]: Graph Theory Implementation in Oil Mining Company → Deadline: Tidak diketahui
[2026-07-16 18:05:23]      • [Materi] Video Literasi : Aplikasi Graf Lengkap sebagai Graf Representasi untuk Model Optimasi Rute Kendaraan URL → Deadline: -
[2026-07-16 18:05:28]      • [Quiz] Kuis M14 [PAGI]: Aplikasi Graf Lengkap sebagai Graf Representasi untuk Model Optimasi Rute Kendaraan → Deadline: Friday, 17 July 2026, 3:00 PM
[2026-07-16 18:05:32]      • [Quiz] Kuis M14 [MALAM]: Aplikasi Graf Lengkap sebagai Graf Representasi untuk Model Optimasi Rute Kendaraan → Deadline: Friday, 17 July 2026, 9:00 PM
[2026-07-16 18:05:36] 📚 Mengambil mata kuliah ID 104413 ...
[2026-07-16 18:05:36]   ➤ ATA 2025/2026 | 3-FIKTI | Praktikum Terapan Teori Graf
[2026-07-16 18:05:36]      • [Materi] Panduan Praktikum  Forum → Deadline: -
[2026-07-16 18:05:39]      • [Materi] Panduan Google Collaboratory URL → Deadline: -
[2026-07-16 18:05:44]      • [Materi] Panduan Instalasi Anaconda URL → Deadline: -
[2026-07-16 18:05:49]      • [Quiz] Pre-Test (M1) → Deadline: Tidak diketahui
[2026-07-16 18:05:54]      • [Materi] 1.1  Pengantar: Teori Graf URL → Deadline: -
[2026-07-16 18:05:58]      • [Materi] 1.2  Sesi Hands-on Praktikum URL → Deadline: -
[2026-07-16 18:06:02]      • [Materi] 1.3 Tutorial Menambahkan File pada Mesin DGX URL → Deadline: -
[2026-07-16 18:06:07]      • [Quiz] Post-Test (M1) → Deadline: Tidak diketahui
[2026-07-16 18:06:11]      • [Assignment] Pengumpulan Tugas (M1) → Deadline: Saturday, 7 March 2026, 11:59 PM
[2026-07-16 18:06:16]      • [Quiz] Pre-Test (M2) → Deadline: Tidak diketahui
[2026-07-16 18:06:21]      • [Materi] 2.1  Pengantar: Berbagai Pemecahan Masalah Menggunakan Teori Graf Page → Deadline: -
[2026-07-16 18:06:26]      • [Quiz] Post-Test (M2) → Deadline: Tidak diketahui
[2026-07-16 18:06:30]      • [Assignment] Pengumpulan Tugas (M2) → Deadline: Saturday, 14 March 2026, 11:59 PM
[2026-07-16 18:06:34]      • [Quiz] Pre-Test (M4) → Deadline: Tidak diketahui
[2026-07-16 18:06:38]      • [Materi] 4.1  Pengantar: Breadth First Search URL → Deadline: -
[2026-07-16 18:06:43]      • [Materi] Sesi Praktikum File → Deadline: -
[2026-07-16 18:06:47]      • [Materi] Video Tutorial: Mendownload File IPYNB di Virtual Class URL → Deadline: -
[2026-07-16 18:06:51]      • [Quiz] Post-Test (M4) → Deadline: Tidak diketahui
[2026-07-16 18:06:55]      • [Assignment] Laporan Akhir (M4) → Deadline: Saturday, 11 April 2026, 11:59 PM
[2026-07-16 18:06:59]      • [Quiz] Pre-Test (M5) → Deadline: Tidak diketahui
[2026-07-16 18:07:03]      • [Materi] Sesi Praktikum URL → Deadline: -
[2026-07-16 18:07:08]      • [Quiz] Post-Test (M5) → Deadline: Tidak diketahui
[2026-07-16 18:07:13]      • [Assignment] Laporan Akhir (M5) → Deadline: Saturday, 18 April 2026, 11:59 PM
[2026-07-16 18:07:17]      • [Quiz] Pre-Test (M6) → Deadline: Tidak diketahui
[2026-07-16 18:07:21]      • [Materi] 6.1  Pendahuluan: Algoritma Dasar Tree URL → Deadline: -
[2026-07-16 18:07:25]      • [Materi] Sesi Praktikum File → Deadline: -
[2026-07-16 18:07:29]      • [Quiz] Post-Test (M6) → Deadline: Tidak diketahui
[2026-07-16 18:07:33]      • [Assignment] Laporan Akhir (M6) → Deadline: Saturday, 25 April 2026, 11:59 PM
[2026-07-16 18:07:38]      • [Quiz] Pre-Test (M8) → Deadline: Tidak diketahui
[2026-07-16 18:07:42]      • [Materi] 8.1  Pendahuluan: Implementasi Graph URL → Deadline: -
[2026-07-16 18:07:46]      • [Materi] Link File Praktikum I - family.pl → Deadline: -
[2026-07-16 18:07:50]      • [Materi] Link File Praktikum II - 8-puzzles.ipynb → Deadline: -
[2026-07-16 18:07:53]      • [Materi] Video Tutorial: Mendownload File IPYNB di Virtual Class URL → Deadline: -
[2026-07-16 18:07:58]      • [Quiz] Post-Test (M8) → Deadline: Tidak diketahui
[2026-07-16 18:08:03]      • [Assignment] Laporan Akhir (M8) → Deadline: Saturday, 9 May 2026, 11:59 PM
[2026-07-16 18:08:07]      • [Quiz] Pre-Test (M9) → Deadline: Tidak diketahui
[2026-07-16 18:08:12]      • [Materi] Sesi Hands-on Praktikum URL → Deadline: -
[2026-07-16 18:08:16]      • [Quiz] Post-Test (M9) → Deadline: Tidak diketahui
[2026-07-16 18:08:20]      • [Assignment] Pengumpulan Tugas (M9) → Deadline: Saturday, 16 May 2026, 11:59 PM
[2026-07-16 18:08:25]      • [Quiz] Pre-Test (M3) → Deadline: Tidak diketahui
[2026-07-16 18:08:30]      • [Materi] Sesi Praktikum URL → Deadline: -
[2026-07-16 18:08:33]      • [Materi] Video Tutorial: Menambahkan File pada Mesin DGX URL → Deadline: -
[2026-07-16 18:08:38]      • [Quiz] Post-Test (M3) → Deadline: Tidak diketahui
[2026-07-16 18:08:43]      • [Assignment] Pengumpulan Tugas (M3) → Deadline: Saturday, 23 May 2026, 11:59 PM
[2026-07-16 18:08:48]      • [Quiz] Pre-Test (M7) → Deadline: Tidak diketahui
[2026-07-16 18:08:53]      • [Materi] Link File Praktikum I - 3-Tekrek-Find-Center.ipynb → Deadline: -
[2026-07-16 18:08:57]      • [Materi] Link File Praktikum II - 3-Tekrek-Sortest-Path.ipynb → Deadline: -
[2026-07-16 18:09:01]      • [Materi] Video Tutorial: Mendownload File IPYNB di Virtual Class URL → Deadline: -
[2026-07-16 18:09:06]      • [Quiz] Post-Test (M7) → Deadline: Tidak diketahui
[2026-07-16 18:09:09]      • [Assignment] Laporan Akhir (M7) → Deadline: Saturday, 23 May 2026, 11:59 PM
[2026-07-16 18:09:13] 📦 Total tugas ditemukan: 125
[2026-07-16 18:09:13] 💾 Disimpan ke python/node/tugas.json
