[2026-07-13 09:45:01] 🔐 Login ke V-Class...
[2026-07-13 09:45:01] ✅ Login berhasil
[2026-07-13 09:45:01] 📚 Mengambil mata kuliah ID 108486 ...
[2026-07-13 09:45:01]   ➤ ATA 2025/2026 | 3KB01 | Jaringan Komputer Lanjut | VIVIEN NOVA FITHRIANA
[2026-07-13 09:45:01]      • [Materi] Announcements Forum → Deadline: -
[2026-07-13 09:45:06]      • [Materi] M1 File → Deadline: -
[2026-07-13 09:45:10]      • [Materi] M2 File → Deadline: -
[2026-07-13 09:45:14]      • [Materi] M3 File → Deadline: -
[2026-07-13 09:45:18]      • [Materi] M4 File → Deadline: -
[2026-07-13 09:45:22]      • [Materi] M5 File → Deadline: -
[2026-07-13 09:45:27]      • [Materi] M6 File → Deadline: -
[2026-07-13 09:45:32]      • [Materi] M7 File → Deadline: -
[2026-07-13 09:45:36]      • [Materi] VC-1 : Traffic dan Algoritma Kendali Kemacetan File → Deadline: -
[2026-07-13 09:45:40]      • [Materi] VC-1 : Traffic dan Algoritma Kendali Kemacetan File → Deadline: -
[2026-07-13 09:45:45]      • [Materi] Forum VC-1 : Traffic dan Algoritma Kendali Kemacetan → Deadline: -
[2026-07-13 09:45:49]      • [Quiz] Latihan Soal VC-1 : Traffic dan Algoritma Kendali Kemacetan → Deadline: Tidak diketahui
[2026-07-13 09:45:53]      • [Materi] VC-2 : Traffic dan Algoritma Kendali Kemacetan - Bagian 2 File → Deadline: -
[2026-07-13 09:45:58]      • [Materi] Forum VC-2 : Traffic dan Algoritma Kendali Kemacetan - Bagian 2 → Deadline: -
[2026-07-13 09:46:03]      • [Quiz] Latihan Soal VC-2 : Traffic dan Algoritma Kendali Kemacetan - Bagian 2 → Deadline: Tidak diketahui
[2026-07-13 09:46:08]      • [Materi] VC-3 : Lapisan Transport File → Deadline: -
[2026-07-13 09:46:12]      • [Materi] Forum VC-3 : Lapisan Transport → Deadline: -
[2026-07-13 09:46:16]      • [Quiz] Latihan Soal VC-3 : Lapisan Transport → Deadline: Wednesday, 15 July 2026, 11:59 PM
[2026-07-13 09:46:20] 📚 Mengambil mata kuliah ID 108172 ...
[2026-07-13 09:46:21]   ➤ ATA 2025/2026 | 3KB01 | Internet of Things (IoT) | PURNAWARMAN MUSA
[2026-07-13 09:46:21]      • [Materi] Announcements Forum → Deadline: -
[2026-07-13 09:46:24]      • [Materi] M6 File → Deadline: -
[2026-07-13 09:46:29]      • [Quiz] Soal (Tugas Individu) → Deadline: Tidak diketahui
[2026-07-13 09:46:34]      • [Quiz] Soal (Tugas Individu) → Deadline: Tidak diketahui
[2026-07-13 09:46:38] 📚 Mengambil mata kuliah ID 109563 ...
[2026-07-13 09:46:38]   ➤ ATA 2025/2026 | 3KB01 | Sistem Tertanam (Embedded) * | RIDHA ISKANDAR
[2026-07-13 09:46:38]      • [Materi] Selamat Datang di V-Class Sistem Tertanam (Embedded) Forum → Deadline: -
[2026-07-13 09:46:42]      • [Assignment] File 1 → Deadline: Sunday, 26 April 2026, 12:00 AM
[2026-07-13 09:46:47] 📚 Mengambil mata kuliah ID 109970 ...
[2026-07-13 09:46:47]   ➤ ATA 2025/2026 | 2EB10 | Bahasa Indonesia | MELANIAWATI
[2026-07-13 09:46:47] 📚 Mengambil mata kuliah ID 107919 ...
[2026-07-13 09:46:47]   ➤ ATA 2025/2026 | 3KB01 | Sistem Cerdas Lanjut | NUR SULTAN SALAHUDDIN
[2026-07-13 09:46:47]      • [Materi] Announcements Forum → Deadline: -
[2026-07-13 09:46:51]      • [Assignment] Sistem Kesehatan Cerdas → Deadline: Thursday, 21 May 2026, 12:00 AM
[2026-07-13 09:46:56]      • [Quiz] Sistem Kesehatan Cerdas → Deadline: Tidak diketahui
[2026-07-13 09:47:00] 📚 Mengambil mata kuliah ID 107291 ...
[2026-07-13 09:47:00]   ➤ ATA 2025/2026 | 3KB01 | Pengantarmukaan Perif.Komputer * | FARID THALIB
[2026-07-13 09:47:00]      • [Materi] Announcements Forum → Deadline: -
[2026-07-13 09:47:04] 📚 Mengambil mata kuliah ID 104438 ...
[2026-07-13 09:47:04]   ➤ ATA 2025/2026 | 3-FIKTI | Terapan Teori Graf | TEAM TEACHING
[2026-07-13 09:47:04]      • [Materi] PEMBERITAHUAN UTS SUSULAN File → Deadline: -
[2026-07-13 09:47:09]      • [Materi] PEMBERITAHUAN PELAKSANAAN TEAM TEACHING TERAPAN TEORI GRAF Forum → Deadline: -
[2026-07-13 09:47:13]      • [Materi] M1: Pendahuluan Teori Graf File → Deadline: -
[2026-07-13 09:47:17]      • [Materi] Video Literasi M1: Pendahuluan Teori Graf URL → Deadline: -
[2026-07-13 09:47:22]      • [Quiz] Kuis M1 [kelas PAGI] → Deadline: Tidak diketahui
[2026-07-13 09:47:26]      • [Quiz] Kuis M1 [kelas MALAM] → Deadline: Tidak diketahui
[2026-07-13 09:47:29]      • [Materi] M2: Graf Tidak Berarah dan Graf Berbobot File → Deadline: -
[2026-07-13 09:47:33]      • [Materi] Video Literasi M2 : Graf Tidak Berarah dan Graf Berbobot URL → Deadline: -
[2026-07-13 09:47:38]      • [Quiz] Kuis M2 [KELAS PAGI] : Graf Tidak Berarah dan Graf Berbobot → Deadline: Tidak diketahui
[2026-07-13 09:47:41]      • [Quiz] Kuis M2 [KELAS MALAM] : Graf Tidak Berarah dan Graf Berbobot → Deadline: Tidak diketahui
[2026-07-13 09:47:46]      • [Materi] M4 : Aplikasi Teori Graf di Teknik Elektro File → Deadline: -
[2026-07-13 09:47:50]      • [Materi] Video Literasi M4 : Aplikasi Teori Graf di Teknik Elektro URL → Deadline: -
[2026-07-13 09:47:54]      • [Quiz] Kuis M4 [KELAS PAGI]: Aplikasi Teori Graf di Teknik Elektro → Deadline: Tidak diketahui
[2026-07-13 09:47:59]      • [Quiz] Kuis M4 [KELAS MALAM]: Aplikasi Teori Graf di Teknik Elektro → Deadline: Tidak diketahui
[2026-07-13 09:48:03]      • [Materi] M5 : Knowledge Graph dan Database Graph File → Deadline: -
[2026-07-13 09:48:07]      • [Materi] Video Literasi  M5 : Knowledge Graph dan Database Graph URL → Deadline: -
[2026-07-13 09:48:11]      • [Quiz] Kuis M5 [KELAS PAGI] : nowledge Graph dan Database Graph → Deadline: Tidak diketahui
[2026-07-13 09:48:15]      • [Quiz] Kuis M5 [KELAS MALAM] : Knowledge Graph dan Database Graph → Deadline: Tidak diketahui
[2026-07-13 09:48:19]      • [Materi] M6 : Graf Berarah dan Implementasinya File → Deadline: -
[2026-07-13 09:48:23]      • [Materi] Video Literasi M6 : Graf Berarah dan Implementasinya URL → Deadline: -
[2026-07-13 09:48:29]      • [Quiz] Kuis M6 [KELAS PAGI] : Graf Berarah dan Implementasinya → Deadline: Tidak diketahui
[2026-07-13 09:48:33]      • [Quiz] Kuis M6 [KELAS MALAM] : Graf Berarah dan Implementasinya → Deadline: Tidak diketahui
[2026-07-13 09:48:38]      • [Materi] M8 : Penerapan Teori Graf di Bidang Teknik Sipil File → Deadline: -
[2026-07-13 09:48:43]      • [Materi] Video Literasi M8 : Penerapan Teori Graf di Bidang Teknik Sipil URL → Deadline: -
[2026-07-13 09:48:47]      • [Quiz] Kuis M8 [KELAS PAGI] : Penerapan Teori Graf di Bidang Teknik Sipil → Deadline: Tidak diketahui
[2026-07-13 09:48:51]      • [Quiz] Kuis M8 [KELAS MALAM] : Penerapan Teori Graf di Bidang Teknik Sipil → Deadline: Tidak diketahui
[2026-07-13 09:48:54]      • [Materi] M10 : Penerapan Teori Graf  di Bidang Teknik Industri File → Deadline: -
[2026-07-13 09:48:58]      • [Materi] Video Literasi M10 : Penerapan Teori Graf  di Bidang Teknik Industri URL → Deadline: -
[2026-07-13 09:49:03]      • [Quiz] Kuis M10 [kelas pagi] : Penerapan Teori Graf  di Bidang Teknik Industri → Deadline: Tidak diketahui
[2026-07-13 09:49:07]      • [Quiz] Kuis M10 [kelas malam]: Penerapan Teori Graf  di Bidang Teknik Industri → Deadline: Tidak diketahui
[2026-07-13 09:49:12]      • [Materi] M11 : Program Dinamis dan Permasalahan Tata Letak Fasilitas File → Deadline: -
[2026-07-13 09:49:16]      • [Materi] video literasi : Program Dinamis dan Permasalahan Tata Letak Fasilitas URL → Deadline: -
[2026-07-13 09:49:20]      • [Quiz] Kuis M11 [kelas PAGI]: Program Dinamis dan Permasalahan Tata Letak Fasilitas → Deadline: Tidak diketahui
[2026-07-13 09:49:24]      • [Quiz] Kuis M11 [kelas MALAM]: Program Dinamis dan Permasalahan Tata Letak Fasilitas → Deadline: Tidak diketahui
[2026-07-13 09:49:27]      • [Materi] M12: Algoritma Greedy pada Graf File → Deadline: -
[2026-07-13 09:49:31]      • [Materi] Video literasi M12: Algoritma Greedy pada Graf URL → Deadline: -
[2026-07-13 09:49:36]      • [Quiz] Kuis M12 [kelas PAGI] → Deadline: Tidak diketahui
[2026-07-13 09:49:41]      • [Quiz] Kuis M12 [kelas MALAM] → Deadline: Tidak diketahui
[2026-07-13 09:49:45]      • [Materi] M13 File → Deadline: -
[2026-07-13 09:49:49]      • [Materi] Video Literasi M13 : Graph Theory Implementation in Oil Mining Company URL → Deadline: -
[2026-07-13 09:49:53]      • [Quiz] Kuis M13 [PAGI]: Graph Theory Implementation in Oil Mining Company → Deadline: Tidak diketahui
[2026-07-13 09:49:58]      • [Quiz] Kuis M13 [MALAM]: Graph Theory Implementation in Oil Mining Company → Deadline: Tidak diketahui
[2026-07-13 09:50:03] 📚 Mengambil mata kuliah ID 104413 ...
[2026-07-13 09:50:03]   ➤ ATA 2025/2026 | 3-FIKTI | Praktikum Terapan Teori Graf
[2026-07-13 09:50:03]      • [Materi] Panduan Praktikum  Forum → Deadline: -
[2026-07-13 09:50:07]      • [Materi] Panduan Google Collaboratory URL → Deadline: -
[2026-07-13 09:50:11]      • [Materi] Panduan Instalasi Anaconda URL → Deadline: -
[2026-07-13 09:50:15]      • [Quiz] Pre-Test (M1) → Deadline: Tidak diketahui
[2026-07-13 09:50:19]      • [Materi] 1.1  Pengantar: Teori Graf URL → Deadline: -
[2026-07-13 09:50:24]      • [Materi] 1.2  Sesi Hands-on Praktikum URL → Deadline: -
[2026-07-13 09:50:28]      • [Materi] 1.3 Tutorial Menambahkan File pada Mesin DGX URL → Deadline: -
[2026-07-13 09:50:33]      • [Quiz] Post-Test (M1) → Deadline: Tidak diketahui
[2026-07-13 09:50:38]      • [Assignment] Pengumpulan Tugas (M1) → Deadline: Saturday, 7 March 2026, 11:59 PM
[2026-07-13 09:50:42]      • [Quiz] Pre-Test (M2) → Deadline: Tidak diketahui
[2026-07-13 09:50:47]      • [Materi] 2.1  Pengantar: Berbagai Pemecahan Masalah Menggunakan Teori Graf Page → Deadline: -
[2026-07-13 09:50:51]      • [Quiz] Post-Test (M2) → Deadline: Tidak diketahui
[2026-07-13 09:50:55]      • [Assignment] Pengumpulan Tugas (M2) → Deadline: Saturday, 14 March 2026, 11:59 PM
[2026-07-13 09:51:00]      • [Quiz] Pre-Test (M4) → Deadline: Tidak diketahui
[2026-07-13 09:51:05]      • [Materi] 4.1  Pengantar: Breadth First Search URL → Deadline: -
[2026-07-13 09:51:09]      • [Materi] Sesi Praktikum File → Deadline: -
[2026-07-13 09:51:13]      • [Materi] Video Tutorial: Mendownload File IPYNB di Virtual Class URL → Deadline: -
[2026-07-13 09:51:19]      • [Quiz] Post-Test (M4) → Deadline: Tidak diketahui
[2026-07-13 09:51:23]      • [Assignment] Laporan Akhir (M4) → Deadline: Saturday, 11 April 2026, 11:59 PM
[2026-07-13 09:51:27]      • [Quiz] Pre-Test (M5) → Deadline: Tidak diketahui
[2026-07-13 09:51:30]      • [Materi] Sesi Praktikum URL → Deadline: -
[2026-07-13 09:51:35]      • [Quiz] Post-Test (M5) → Deadline: Tidak diketahui
[2026-07-13 09:51:40]      • [Assignment] Laporan Akhir (M5) → Deadline: Saturday, 18 April 2026, 11:59 PM
[2026-07-13 09:51:44]      • [Quiz] Pre-Test (M6) → Deadline: Tidak diketahui
[2026-07-13 09:51:49]      • [Materi] 6.1  Pendahuluan: Algoritma Dasar Tree URL → Deadline: -
[2026-07-13 09:51:53]      • [Materi] Sesi Praktikum File → Deadline: -
[2026-07-13 09:51:57]      • [Quiz] Post-Test (M6) → Deadline: Tidak diketahui
[2026-07-13 09:52:01]      • [Assignment] Laporan Akhir (M6) → Deadline: Saturday, 25 April 2026, 11:59 PM
[2026-07-13 09:52:06]      • [Quiz] Pre-Test (M8) → Deadline: Tidak diketahui
[2026-07-13 09:52:10]      • [Materi] 8.1  Pendahuluan: Implementasi Graph URL → Deadline: -
[2026-07-13 09:52:14]      • [Materi] Link File Praktikum I - family.pl → Deadline: -
[2026-07-13 09:52:18]      • [Materi] Link File Praktikum II - 8-puzzles.ipynb → Deadline: -
[2026-07-13 09:52:22]      • [Materi] Video Tutorial: Mendownload File IPYNB di Virtual Class URL → Deadline: -
[2026-07-13 09:52:26]      • [Quiz] Post-Test (M8) → Deadline: Tidak diketahui
[2026-07-13 09:52:30]      • [Assignment] Laporan Akhir (M8) → Deadline: Saturday, 9 May 2026, 11:59 PM
[2026-07-13 09:52:35]      • [Quiz] Pre-Test (M9) → Deadline: Tidak diketahui
[2026-07-13 09:52:39]      • [Materi] Sesi Hands-on Praktikum URL → Deadline: -
[2026-07-13 09:52:43]      • [Quiz] Post-Test (M9) → Deadline: Tidak diketahui
[2026-07-13 09:52:48]      • [Assignment] Pengumpulan Tugas (M9) → Deadline: Saturday, 16 May 2026, 11:59 PM
[2026-07-13 09:52:53]      • [Quiz] Pre-Test (M3) → Deadline: Tidak diketahui
[2026-07-13 09:52:56]      • [Materi] Sesi Praktikum URL → Deadline: -
[2026-07-13 09:53:00]      • [Materi] Video Tutorial: Menambahkan File pada Mesin DGX URL → Deadline: -
[2026-07-13 09:53:05]      • [Quiz] Post-Test (M3) → Deadline: Tidak diketahui
[2026-07-13 09:53:09]      • [Assignment] Pengumpulan Tugas (M3) → Deadline: Saturday, 23 May 2026, 11:59 PM
[2026-07-13 09:53:14]      • [Quiz] Pre-Test (M7) → Deadline: Tidak diketahui
[2026-07-13 09:53:18]      • [Materi] Link File Praktikum I - 3-Tekrek-Find-Center.ipynb → Deadline: -
[2026-07-13 09:53:23]      • [Materi] Link File Praktikum II - 3-Tekrek-Sortest-Path.ipynb → Deadline: -
[2026-07-13 09:53:28]      • [Materi] Video Tutorial: Mendownload File IPYNB di Virtual Class URL → Deadline: -
[2026-07-13 09:53:33]      • [Quiz] Post-Test (M7) → Deadline: Tidak diketahui
[2026-07-13 09:53:37]      • [Assignment] Laporan Akhir (M7) → Deadline: Saturday, 23 May 2026, 11:59 PM
[2026-07-13 09:53:41] 📦 Total tugas ditemukan: 120
[2026-07-13 09:53:41] 💾 Disimpan ke python/node/tugas.json
[2026-07-13 18:00:41] 🔐 Login ke V-Class...
[2026-07-13 18:00:42] ✅ Login berhasil
[2026-07-13 18:00:42] 📚 Mengambil mata kuliah ID 108486 ...
[2026-07-13 18:00:42]   ➤ ATA 2025/2026 | 3KB01 | Jaringan Komputer Lanjut | VIVIEN NOVA FITHRIANA
[2026-07-13 18:00:42]      • [Materi] Announcements Forum → Deadline: -
[2026-07-13 18:00:47]      • [Materi] M1 File → Deadline: -
[2026-07-13 18:00:51]      • [Materi] M2 File → Deadline: -
[2026-07-13 18:00:55]      • [Materi] M3 File → Deadline: -
[2026-07-13 18:01:00]      • [Materi] M4 File → Deadline: -
[2026-07-13 18:01:04]      • [Materi] M5 File → Deadline: -
[2026-07-13 18:01:08]      • [Materi] M6 File → Deadline: -
[2026-07-13 18:01:12]      • [Materi] M7 File → Deadline: -
[2026-07-13 18:01:16]      • [Materi] VC-1 : Traffic dan Algoritma Kendali Kemacetan File → Deadline: -
[2026-07-13 18:01:21]      • [Materi] VC-1 : Traffic dan Algoritma Kendali Kemacetan File → Deadline: -
[2026-07-13 18:01:24]      • [Materi] Forum VC-1 : Traffic dan Algoritma Kendali Kemacetan → Deadline: -
[2026-07-13 18:01:29]      • [Quiz] Latihan Soal VC-1 : Traffic dan Algoritma Kendali Kemacetan → Deadline: Tidak diketahui
[2026-07-13 18:01:34]      • [Materi] VC-2 : Traffic dan Algoritma Kendali Kemacetan - Bagian 2 File → Deadline: -
[2026-07-13 18:01:38]      • [Materi] Forum VC-2 : Traffic dan Algoritma Kendali Kemacetan - Bagian 2 → Deadline: -
[2026-07-13 18:01:43]      • [Quiz] Latihan Soal VC-2 : Traffic dan Algoritma Kendali Kemacetan - Bagian 2 → Deadline: Tidak diketahui
[2026-07-13 18:01:47]      • [Materi] VC-3 : Lapisan Transport File → Deadline: -
[2026-07-13 18:01:51]      • [Materi] Forum VC-3 : Lapisan Transport → Deadline: -
[2026-07-13 18:01:55]      • [Quiz] Latihan Soal VC-3 : Lapisan Transport → Deadline: Wednesday, 15 July 2026, 11:59 PM
[2026-07-13 18:02:00] 📚 Mengambil mata kuliah ID 108172 ...
[2026-07-13 18:02:01]   ➤ ATA 2025/2026 | 3KB01 | Internet of Things (IoT) | PURNAWARMAN MUSA
[2026-07-13 18:02:01]      • [Materi] Announcements Forum → Deadline: -
[2026-07-13 18:02:05]      • [Materi] M6 File → Deadline: -
[2026-07-13 18:02:09]      • [Quiz] Soal (Tugas Individu) → Deadline: Tidak diketahui
[2026-07-13 18:02:12]      • [Quiz] Soal (Tugas Individu) → Deadline: Tidak diketahui
[2026-07-13 18:02:17] 📚 Mengambil mata kuliah ID 109563 ...
[2026-07-13 18:02:17]   ➤ ATA 2025/2026 | 3KB01 | Sistem Tertanam (Embedded) * | RIDHA ISKANDAR
[2026-07-13 18:02:17]      • [Materi] Selamat Datang di V-Class Sistem Tertanam (Embedded) Forum → Deadline: -
[2026-07-13 18:02:22]      • [Assignment] File 1 → Deadline: Sunday, 26 April 2026, 12:00 AM
[2026-07-13 18:02:26] 📚 Mengambil mata kuliah ID 109970 ...
[2026-07-13 18:02:27]   ➤ ATA 2025/2026 | 2EB10 | Bahasa Indonesia | MELANIAWATI
[2026-07-13 18:02:27] 📚 Mengambil mata kuliah ID 107919 ...
[2026-07-13 18:02:27]   ➤ ATA 2025/2026 | 3KB01 | Sistem Cerdas Lanjut | NUR SULTAN SALAHUDDIN
[2026-07-13 18:02:27]      • [Materi] Announcements Forum → Deadline: -
[2026-07-13 18:02:31]      • [Assignment] Sistem Kesehatan Cerdas → Deadline: Thursday, 21 May 2026, 12:00 AM
[2026-07-13 18:02:36]      • [Quiz] Sistem Kesehatan Cerdas → Deadline: Tidak diketahui
[2026-07-13 18:02:41] 📚 Mengambil mata kuliah ID 107291 ...
[2026-07-13 18:02:41]   ➤ ATA 2025/2026 | 3KB01 | Pengantarmukaan Perif.Komputer * | FARID THALIB
[2026-07-13 18:02:41]      • [Materi] Announcements Forum → Deadline: -
[2026-07-13 18:02:45] 📚 Mengambil mata kuliah ID 104438 ...
[2026-07-13 18:02:45]   ➤ ATA 2025/2026 | 3-FIKTI | Terapan Teori Graf | TEAM TEACHING
[2026-07-13 18:02:45]      • [Materi] PEMBERITAHUAN UTS SUSULAN File → Deadline: -
[2026-07-13 18:02:49]      • [Materi] PEMBERITAHUAN PELAKSANAAN TEAM TEACHING TERAPAN TEORI GRAF Forum → Deadline: -
[2026-07-13 18:02:53]      • [Materi] M1: Pendahuluan Teori Graf File → Deadline: -
[2026-07-13 18:02:57]      • [Materi] Video Literasi M1: Pendahuluan Teori Graf URL → Deadline: -
[2026-07-13 18:03:01]      • [Quiz] Kuis M1 [kelas PAGI] → Deadline: Tidak diketahui
[2026-07-13 18:03:06]      • [Quiz] Kuis M1 [kelas MALAM] → Deadline: Tidak diketahui
[2026-07-13 18:03:10]      • [Materi] M2: Graf Tidak Berarah dan Graf Berbobot File → Deadline: -
[2026-07-13 18:03:15]      • [Materi] Video Literasi M2 : Graf Tidak Berarah dan Graf Berbobot URL → Deadline: -
[2026-07-13 18:03:20]      • [Quiz] Kuis M2 [KELAS PAGI] : Graf Tidak Berarah dan Graf Berbobot → Deadline: Tidak diketahui
[2026-07-13 18:03:24]      • [Quiz] Kuis M2 [KELAS MALAM] : Graf Tidak Berarah dan Graf Berbobot → Deadline: Tidak diketahui
[2026-07-13 18:03:28]      • [Materi] M4 : Aplikasi Teori Graf di Teknik Elektro File → Deadline: -
[2026-07-13 18:03:32]      • [Materi] Video Literasi M4 : Aplikasi Teori Graf di Teknik Elektro URL → Deadline: -
[2026-07-13 18:03:36]      • [Quiz] Kuis M4 [KELAS PAGI]: Aplikasi Teori Graf di Teknik Elektro → Deadline: Tidak diketahui
[2026-07-13 18:03:42]      • [Quiz] Kuis M4 [KELAS MALAM]: Aplikasi Teori Graf di Teknik Elektro → Deadline: Tidak diketahui
[2026-07-13 18:03:46]      • [Materi] M5 : Knowledge Graph dan Database Graph File → Deadline: -
[2026-07-13 18:03:50]      • [Materi] Video Literasi  M5 : Knowledge Graph dan Database Graph URL → Deadline: -
[2026-07-13 18:03:54]      • [Quiz] Kuis M5 [KELAS PAGI] : nowledge Graph dan Database Graph → Deadline: Tidak diketahui
[2026-07-13 18:03:58]      • [Quiz] Kuis M5 [KELAS MALAM] : Knowledge Graph dan Database Graph → Deadline: Tidak diketahui
[2026-07-13 18:04:02]      • [Materi] M6 : Graf Berarah dan Implementasinya File → Deadline: -
[2026-07-13 18:04:05]      • [Materi] Video Literasi M6 : Graf Berarah dan Implementasinya URL → Deadline: -
[2026-07-13 18:04:10]      • [Quiz] Kuis M6 [KELAS PAGI] : Graf Berarah dan Implementasinya → Deadline: Tidak diketahui
[2026-07-13 18:04:15]      • [Quiz] Kuis M6 [KELAS MALAM] : Graf Berarah dan Implementasinya → Deadline: Tidak diketahui
[2026-07-13 18:04:20]      • [Materi] M8 : Penerapan Teori Graf di Bidang Teknik Sipil File → Deadline: -
[2026-07-13 18:04:25]      • [Materi] Video Literasi M8 : Penerapan Teori Graf di Bidang Teknik Sipil URL → Deadline: -
[2026-07-13 18:04:29]      • [Quiz] Kuis M8 [KELAS PAGI] : Penerapan Teori Graf di Bidang Teknik Sipil → Deadline: Tidak diketahui
[2026-07-13 18:04:33]      • [Quiz] Kuis M8 [KELAS MALAM] : Penerapan Teori Graf di Bidang Teknik Sipil → Deadline: Tidak diketahui
[2026-07-13 18:04:37]      • [Materi] M10 : Penerapan Teori Graf  di Bidang Teknik Industri File → Deadline: -
[2026-07-13 18:04:41]      • [Materi] Video Literasi M10 : Penerapan Teori Graf  di Bidang Teknik Industri URL → Deadline: -
[2026-07-13 18:04:45]      • [Quiz] Kuis M10 [kelas pagi] : Penerapan Teori Graf  di Bidang Teknik Industri → Deadline: Tidak diketahui
[2026-07-13 18:04:49]      • [Quiz] Kuis M10 [kelas malam]: Penerapan Teori Graf  di Bidang Teknik Industri → Deadline: Tidak diketahui
[2026-07-13 18:04:53]      • [Materi] M11 : Program Dinamis dan Permasalahan Tata Letak Fasilitas File → Deadline: -
[2026-07-13 18:04:57]      • [Materi] video literasi : Program Dinamis dan Permasalahan Tata Letak Fasilitas URL → Deadline: -
[2026-07-13 18:05:02]      • [Quiz] Kuis M11 [kelas PAGI]: Program Dinamis dan Permasalahan Tata Letak Fasilitas → Deadline: Tidak diketahui
[2026-07-13 18:05:06]      • [Quiz] Kuis M11 [kelas MALAM]: Program Dinamis dan Permasalahan Tata Letak Fasilitas → Deadline: Tidak diketahui
[2026-07-13 18:05:10]      • [Materi] M12: Algoritma Greedy pada Graf File → Deadline: -
[2026-07-13 18:05:15]      • [Materi] Video literasi M12: Algoritma Greedy pada Graf URL → Deadline: -
[2026-07-13 18:05:19]      • [Quiz] Kuis M12 [kelas PAGI] → Deadline: Tidak diketahui
[2026-07-13 18:05:24]      • [Quiz] Kuis M12 [kelas MALAM] → Deadline: Tidak diketahui
[2026-07-13 18:05:28]      • [Materi] M13 File → Deadline: -
[2026-07-13 18:05:33]      • [Materi] Video Literasi M13 : Graph Theory Implementation in Oil Mining Company URL → Deadline: -
[2026-07-13 18:05:37]      • [Quiz] Kuis M13 [PAGI]: Graph Theory Implementation in Oil Mining Company → Deadline: Tidak diketahui
[2026-07-13 18:05:41]      • [Quiz] Kuis M13 [MALAM]: Graph Theory Implementation in Oil Mining Company → Deadline: Tidak diketahui
[2026-07-13 18:05:45] 📚 Mengambil mata kuliah ID 104413 ...
[2026-07-13 18:05:45]   ➤ ATA 2025/2026 | 3-FIKTI | Praktikum Terapan Teori Graf
[2026-07-13 18:05:45]      • [Materi] Panduan Praktikum  Forum → Deadline: -
[2026-07-13 18:05:49]      • [Materi] Panduan Google Collaboratory URL → Deadline: -
[2026-07-13 18:05:53]      • [Materi] Panduan Instalasi Anaconda URL → Deadline: -
[2026-07-13 18:05:58]      • [Quiz] Pre-Test (M1) → Deadline: Tidak diketahui
[2026-07-13 18:06:02]      • [Materi] 1.1  Pengantar: Teori Graf URL → Deadline: -
[2026-07-13 18:06:06]      • [Materi] 1.2  Sesi Hands-on Praktikum URL → Deadline: -
[2026-07-13 18:06:11]      • [Materi] 1.3 Tutorial Menambahkan File pada Mesin DGX URL → Deadline: -
[2026-07-13 18:06:15]      • [Quiz] Post-Test (M1) → Deadline: Tidak diketahui
[2026-07-13 18:06:20]      • [Assignment] Pengumpulan Tugas (M1) → Deadline: Saturday, 7 March 2026, 11:59 PM
[2026-07-13 18:06:24]      • [Quiz] Pre-Test (M2) → Deadline: Tidak diketahui
[2026-07-13 18:06:27]      • [Materi] 2.1  Pengantar: Berbagai Pemecahan Masalah Menggunakan Teori Graf Page → Deadline: -
[2026-07-13 18:06:32]      • [Quiz] Post-Test (M2) → Deadline: Tidak diketahui
[2026-07-13 18:06:37]      • [Assignment] Pengumpulan Tugas (M2) → Deadline: Saturday, 14 March 2026, 11:59 PM
[2026-07-13 18:06:41]      • [Quiz] Pre-Test (M4) → Deadline: Tidak diketahui
[2026-07-13 18:06:46]      • [Materi] 4.1  Pengantar: Breadth First Search URL → Deadline: -
[2026-07-13 18:06:49]      • [Materi] Sesi Praktikum File → Deadline: -
[2026-07-13 18:06:53]      • [Materi] Video Tutorial: Mendownload File IPYNB di Virtual Class URL → Deadline: -
[2026-07-13 18:06:58]      • [Quiz] Post-Test (M4) → Deadline: Tidak diketahui
[2026-07-13 18:07:03]      • [Assignment] Laporan Akhir (M4) → Deadline: Saturday, 11 April 2026, 11:59 PM
[2026-07-13 18:07:07]      • [Quiz] Pre-Test (M5) → Deadline: Tidak diketahui
[2026-07-13 18:07:12]      • [Materi] Sesi Praktikum URL → Deadline: -
[2026-07-13 18:07:16]      • [Quiz] Post-Test (M5) → Deadline: Tidak diketahui
[2026-07-13 18:07:20]      • [Assignment] Laporan Akhir (M5) → Deadline: Saturday, 18 April 2026, 11:59 PM
[2026-07-13 18:07:24]      • [Quiz] Pre-Test (M6) → Deadline: Tidak diketahui
[2026-07-13 18:07:28]      • [Materi] 6.1  Pendahuluan: Algoritma Dasar Tree URL → Deadline: -
[2026-07-13 18:07:33]      • [Materi] Sesi Praktikum File → Deadline: -
[2026-07-13 18:07:37]      • [Quiz] Post-Test (M6) → Deadline: Tidak diketahui
[2026-07-13 18:07:41]      • [Assignment] Laporan Akhir (M6) → Deadline: Saturday, 25 April 2026, 11:59 PM
[2026-07-13 18:07:46]      • [Quiz] Pre-Test (M8) → Deadline: Tidak diketahui
[2026-07-13 18:07:51]      • [Materi] 8.1  Pendahuluan: Implementasi Graph URL → Deadline: -
[2026-07-13 18:07:56]      • [Materi] Link File Praktikum I - family.pl → Deadline: -
[2026-07-13 18:08:00]      • [Materi] Link File Praktikum II - 8-puzzles.ipynb → Deadline: -
[2026-07-13 18:08:05]      • [Materi] Video Tutorial: Mendownload File IPYNB di Virtual Class URL → Deadline: -
[2026-07-13 18:08:09]      • [Quiz] Post-Test (M8) → Deadline: Tidak diketahui
[2026-07-13 18:08:14]      • [Assignment] Laporan Akhir (M8) → Deadline: Saturday, 9 May 2026, 11:59 PM
[2026-07-13 18:08:17]      • [Quiz] Pre-Test (M9) → Deadline: Tidak diketahui
[2026-07-13 18:08:22]      • [Materi] Sesi Hands-on Praktikum URL → Deadline: -
[2026-07-13 18:08:27]      • [Quiz] Post-Test (M9) → Deadline: Tidak diketahui
[2026-07-13 18:08:31]      • [Assignment] Pengumpulan Tugas (M9) → Deadline: Saturday, 16 May 2026, 11:59 PM
[2026-07-13 18:08:36]      • [Quiz] Pre-Test (M3) → Deadline: Tidak diketahui
[2026-07-13 18:08:41]      • [Materi] Sesi Praktikum URL → Deadline: -
[2026-07-13 18:08:45]      • [Materi] Video Tutorial: Menambahkan File pada Mesin DGX URL → Deadline: -
[2026-07-13 18:08:49]      • [Quiz] Post-Test (M3) → Deadline: Tidak diketahui
[2026-07-13 18:08:54]      • [Assignment] Pengumpulan Tugas (M3) → Deadline: Saturday, 23 May 2026, 11:59 PM
[2026-07-13 18:08:59]      • [Quiz] Pre-Test (M7) → Deadline: Tidak diketahui
[2026-07-13 18:09:03]      • [Materi] Link File Praktikum I - 3-Tekrek-Find-Center.ipynb → Deadline: -
[2026-07-13 18:09:07]      • [Materi] Link File Praktikum II - 3-Tekrek-Sortest-Path.ipynb → Deadline: -
[2026-07-13 18:09:12]      • [Materi] Video Tutorial: Mendownload File IPYNB di Virtual Class URL → Deadline: -
[2026-07-13 18:09:17]      • [Quiz] Post-Test (M7) → Deadline: Tidak diketahui
[2026-07-13 18:09:21]      • [Assignment] Laporan Akhir (M7) → Deadline: Saturday, 23 May 2026, 11:59 PM
[2026-07-13 18:09:26] 📦 Total tugas ditemukan: 120
[2026-07-13 18:09:26] 💾 Disimpan ke python/node/tugas.json
