[2026-06-23 09:45:30] 🔐 Login ke V-Class...
[2026-06-23 09:45:31] ✅ Login berhasil
[2026-06-23 09:45:31] 📚 Mengambil mata kuliah ID 108486 ...
[2026-06-23 09:45:31]   ➤ ATA 2025/2026 | 3KB01 | Jaringan Komputer Lanjut | VIVIEN NOVA FITHRIANA
[2026-06-23 09:45:31]      • [Materi] Announcements Forum → Deadline: -
[2026-06-23 09:45:34]      • [Materi] M1 File → Deadline: -
[2026-06-23 09:45:38]      • [Materi] M2 File → Deadline: -
[2026-06-23 09:45:42]      • [Materi] M3 File → Deadline: -
[2026-06-23 09:45:46]      • [Materi] M4 File → Deadline: -
[2026-06-23 09:45:50]      • [Materi] M5 File → Deadline: -
[2026-06-23 09:45:54]      • [Materi] M6 File → Deadline: -
[2026-06-23 09:45:58]      • [Materi] M7 File → Deadline: -
[2026-06-23 09:46:02]      • [Materi] VC-1 : Traffic dan Algoritma Kendali Kemacetan File → Deadline: -
[2026-06-23 09:46:07]      • [Materi] VC-1 : Traffic dan Algoritma Kendali Kemacetan File → Deadline: -
[2026-06-23 09:46:11]      • [Materi] Forum VC-1 : Traffic dan Algoritma Kendali Kemacetan → Deadline: -
[2026-06-23 09:46:15]      • [Quiz] Latihan Soal VC-1 : Traffic dan Algoritma Kendali Kemacetan → Deadline: Tidak diketahui
[2026-06-23 09:46:18]      • [Materi] VC-2 : Traffic dan Algoritma Kendali Kemacetan - Bagian 2 File → Deadline: -
[2026-06-23 09:46:23]      • [Materi] Forum VC-2 : Traffic dan Algoritma Kendali Kemacetan - Bagian 2 → Deadline: -
[2026-06-23 09:46:28]      • [Quiz] Latihan Soal VC-2 : Traffic dan Algoritma Kendali Kemacetan - Bagian 2 → Deadline: Tidak diketahui
[2026-06-23 09:46:32]      • [Materi] VC-3 : Lapisan Transport File → Deadline: -
[2026-06-23 09:46:36]      • [Materi] Forum VC-3 : Lapisan Transport → Deadline: -
[2026-06-23 09:46:40]      • [Quiz] Latihan Soal VC-3 : Lapisan Transport → Deadline: Wednesday, 15 July 2026, 11:59 PM
[2026-06-23 09:46:44] 📚 Mengambil mata kuliah ID 108172 ...
[2026-06-23 09:46:45]   ➤ ATA 2025/2026 | 3KB01 | Internet of Things (IoT) | PURNAWARMAN MUSA
[2026-06-23 09:46:45]      • [Materi] Announcements Forum → Deadline: -
[2026-06-23 09:46:48]      • [Materi] M6 File → Deadline: -
[2026-06-23 09:46:52]      • [Quiz] Soal (Tugas Individu) → Deadline: Tidak diketahui
[2026-06-23 09:46:56]      • [Quiz] Soal (Tugas Individu) → Deadline: Tidak diketahui
[2026-06-23 09:47:00] 📚 Mengambil mata kuliah ID 109563 ...
[2026-06-23 09:47:00]   ➤ ATA 2025/2026 | 3KB01 | Sistem Tertanam (Embedded) * | RIDHA ISKANDAR
[2026-06-23 09:47:00]      • [Materi] Selamat Datang di V-Class Sistem Tertanam (Embedded) Forum → Deadline: -
[2026-06-23 09:47:04]      • [Assignment] File 1 → Deadline: Sunday, 26 April 2026, 12:00 AM
[2026-06-23 09:47:09] 📚 Mengambil mata kuliah ID 109970 ...
[2026-06-23 09:47:09]   ➤ ATA 2025/2026 | 2EB10 | Bahasa Indonesia | MELANIAWATI
[2026-06-23 09:47:09] 📚 Mengambil mata kuliah ID 107919 ...
[2026-06-23 09:47:09]   ➤ ATA 2025/2026 | 3KB01 | Sistem Cerdas Lanjut | NUR SULTAN SALAHUDDIN
[2026-06-23 09:47:09]      • [Materi] Announcements Forum → Deadline: -
[2026-06-23 09:47:14]      • [Assignment] Sistem Kesehatan Cerdas → Deadline: Thursday, 21 May 2026, 12:00 AM
[2026-06-23 09:47:18]      • [Quiz] Sistem Kesehatan Cerdas → Deadline: Tidak diketahui
[2026-06-23 09:47:22] 📚 Mengambil mata kuliah ID 107291 ...
[2026-06-23 09:47:23]   ➤ ATA 2025/2026 | 3KB01 | Pengantarmukaan Perif.Komputer * | FARID THALIB
[2026-06-23 09:47:23]      • [Materi] Announcements Forum → Deadline: -
[2026-06-23 09:47:27] 📚 Mengambil mata kuliah ID 104438 ...
[2026-06-23 09:47:27]   ➤ ATA 2025/2026 | 3-FIKTI | Terapan Teori Graf | TEAM TEACHING
[2026-06-23 09:47:27]      • [Materi] PEMBERITAHUAN UTS SUSULAN File → Deadline: -
[2026-06-23 09:47:32]      • [Materi] PEMBERITAHUAN PELAKSANAAN TEAM TEACHING TERAPAN TEORI GRAF Forum → Deadline: -
[2026-06-23 09:47:35]      • [Materi] M1: Pendahuluan Teori Graf File → Deadline: -
[2026-06-23 09:47:39]      • [Materi] Video Literasi M1: Pendahuluan Teori Graf URL → Deadline: -
[2026-06-23 09:47:44]      • [Quiz] Kuis M1 [kelas PAGI] → Deadline: Tidak diketahui
[2026-06-23 09:47:48]      • [Quiz] Kuis M1 [kelas MALAM] → Deadline: Tidak diketahui
[2026-06-23 09:47:52]      • [Materi] M2: Graf Tidak Berarah dan Graf Berbobot File → Deadline: -
[2026-06-23 09:47:56]      • [Materi] Video Literasi M2 : Graf Tidak Berarah dan Graf Berbobot URL → Deadline: -
[2026-06-23 09:47:59]      • [Quiz] Kuis M2 [KELAS PAGI] : Graf Tidak Berarah dan Graf Berbobot → Deadline: Tidak diketahui
[2026-06-23 09:48:04]      • [Quiz] Kuis M2 [KELAS MALAM] : Graf Tidak Berarah dan Graf Berbobot → Deadline: Tidak diketahui
[2026-06-23 09:48:08]      • [Materi] M4 : Aplikasi Teori Graf di Teknik Elektro File → Deadline: -
[2026-06-23 09:48:12]      • [Materi] Video Literasi M4 : Aplikasi Teori Graf di Teknik Elektro URL → Deadline: -
[2026-06-23 09:48:17]      • [Quiz] Kuis M4 [KELAS PAGI]: Aplikasi Teori Graf di Teknik Elektro → Deadline: Tidak diketahui
[2026-06-23 09:48:21]      • [Quiz] Kuis M4 [KELAS MALAM]: Aplikasi Teori Graf di Teknik Elektro → Deadline: Tidak diketahui
[2026-06-23 09:48:25]      • [Materi] M5 : Knowledge Graph dan Database Graph File → Deadline: -
[2026-06-23 09:48:29]      • [Materi] Video Literasi  M5 : Knowledge Graph dan Database Graph URL → Deadline: -
[2026-06-23 09:48:34]      • [Quiz] Kuis M5 [KELAS PAGI] : nowledge Graph dan Database Graph → Deadline: Tidak diketahui
[2026-06-23 09:48:39]      • [Quiz] Kuis M5 [KELAS MALAM] : Knowledge Graph dan Database Graph → Deadline: Tidak diketahui
[2026-06-23 09:48:43]      • [Materi] M6 : Graf Berarah dan Implementasinya File → Deadline: -
[2026-06-23 09:48:47]      • [Materi] Video Literasi M6 : Graf Berarah dan Implementasinya URL → Deadline: -
[2026-06-23 09:48:51]      • [Quiz] Kuis M6 [KELAS PAGI] : Graf Berarah dan Implementasinya → Deadline: Tidak diketahui
[2026-06-23 09:48:55]      • [Quiz] Kuis M6 [KELAS MALAM] : Graf Berarah dan Implementasinya → Deadline: Tidak diketahui
[2026-06-23 09:48:58]      • [Materi] M8 : Penerapan Teori Graf di Bidang Teknik Sipil File → Deadline: -
[2026-06-23 09:49:03]      • [Materi] Video Literasi M8 : Penerapan Teori Graf di Bidang Teknik Sipil URL → Deadline: -
[2026-06-23 09:49:07]      • [Quiz] Kuis M8 [KELAS PAGI] : Penerapan Teori Graf di Bidang Teknik Sipil → Deadline: Tidak diketahui
[2026-06-23 09:49:11]      • [Quiz] Kuis M8 [KELAS MALAM] : Penerapan Teori Graf di Bidang Teknik Sipil → Deadline: Tidak diketahui
[2026-06-23 09:49:16]      • [Materi] M10 : Penerapan Teori Graf  di Bidang Teknik Industri File → Deadline: -
[2026-06-23 09:49:20]      • [Materi] Video Literasi M10 : Penerapan Teori Graf  di Bidang Teknik Industri URL → Deadline: -
[2026-06-23 09:49:24]      • [Quiz] Kuis M10 [kelas pagi] : Penerapan Teori Graf  di Bidang Teknik Industri → Deadline: Tidak diketahui
[2026-06-23 09:49:29]      • [Quiz] Kuis M10 [kelas malam]: Penerapan Teori Graf  di Bidang Teknik Industri → Deadline: Tidak diketahui
[2026-06-23 09:49:33] 📚 Mengambil mata kuliah ID 104413 ...
[2026-06-23 09:49:34]   ➤ ATA 2025/2026 | 3-FIKTI | Praktikum Terapan Teori Graf
[2026-06-23 09:49:34]      • [Materi] Panduan Praktikum  Forum → Deadline: -
[2026-06-23 09:49:37]      • [Materi] Panduan Google Collaboratory URL → Deadline: -
[2026-06-23 09:49:42]      • [Materi] Panduan Instalasi Anaconda URL → Deadline: -
[2026-06-23 09:49:46]      • [Quiz] Pre-Test (M1) → Deadline: Tidak diketahui
[2026-06-23 09:49:51]      • [Materi] 1.1  Pengantar: Teori Graf URL → Deadline: -
[2026-06-23 09:49:56]      • [Materi] 1.2  Sesi Hands-on Praktikum URL → Deadline: -
[2026-06-23 09:49:59]      • [Materi] 1.3 Tutorial Menambahkan File pada Mesin DGX URL → Deadline: -
[2026-06-23 09:50:04]      • [Quiz] Post-Test (M1) → Deadline: Tidak diketahui
[2026-06-23 09:50:09]      • [Assignment] Pengumpulan Tugas (M1) → Deadline: Saturday, 7 March 2026, 11:59 PM
[2026-06-23 09:50:13]      • [Quiz] Pre-Test (M2) → Deadline: Tidak diketahui
[2026-06-23 09:50:18]      • [Materi] 2.1  Pengantar: Berbagai Pemecahan Masalah Menggunakan Teori Graf Page → Deadline: -
[2026-06-23 09:50:22]      • [Quiz] Post-Test (M2) → Deadline: Tidak diketahui
[2026-06-23 09:50:26]      • [Assignment] Pengumpulan Tugas (M2) → Deadline: Saturday, 14 March 2026, 11:59 PM
[2026-06-23 09:50:30]      • [Quiz] Pre-Test (M4) → Deadline: Tidak diketahui
[2026-06-23 09:50:35]      • [Materi] 4.1  Pengantar: Breadth First Search URL → Deadline: -
[2026-06-23 09:50:39]      • [Materi] Sesi Praktikum File → Deadline: -
[2026-06-23 09:50:44]      • [Materi] Video Tutorial: Mendownload File IPYNB di Virtual Class URL → Deadline: -
[2026-06-23 09:50:49]      • [Quiz] Post-Test (M4) → Deadline: Tidak diketahui
[2026-06-23 09:50:54]      • [Assignment] Laporan Akhir (M4) → Deadline: Saturday, 11 April 2026, 11:59 PM
[2026-06-23 09:50:58]      • [Quiz] Pre-Test (M5) → Deadline: Tidak diketahui
[2026-06-23 09:51:02]      • [Materi] Sesi Praktikum URL → Deadline: -
[2026-06-23 09:51:06]      • [Quiz] Post-Test (M5) → Deadline: Tidak diketahui
[2026-06-23 09:51:11]      • [Assignment] Laporan Akhir (M5) → Deadline: Saturday, 18 April 2026, 11:59 PM
[2026-06-23 09:51:15]      • [Quiz] Pre-Test (M6) → Deadline: Tidak diketahui
[2026-06-23 09:51:19]      • [Materi] 6.1  Pendahuluan: Algoritma Dasar Tree URL → Deadline: -
[2026-06-23 09:51:23]      • [Materi] Sesi Praktikum File → Deadline: -
[2026-06-23 09:51:28]      • [Quiz] Post-Test (M6) → Deadline: Tidak diketahui
[2026-06-23 09:51:33]      • [Assignment] Laporan Akhir (M6) → Deadline: Saturday, 25 April 2026, 11:59 PM
[2026-06-23 09:51:39]      • [Quiz] Pre-Test (M8) → Deadline: Tidak diketahui
[2026-06-23 09:51:44]      • [Materi] 8.1  Pendahuluan: Implementasi Graph URL → Deadline: -
[2026-06-23 09:51:48]      • [Materi] Link File Praktikum I - family.pl → Deadline: -
[2026-06-23 09:51:52]      • [Materi] Link File Praktikum II - 8-puzzles.ipynb → Deadline: -
[2026-06-23 09:51:56]      • [Materi] Video Tutorial: Mendownload File IPYNB di Virtual Class URL → Deadline: -
[2026-06-23 09:52:00]      • [Quiz] Post-Test (M8) → Deadline: Tidak diketahui
[2026-06-23 09:52:05]      • [Assignment] Laporan Akhir (M8) → Deadline: Saturday, 9 May 2026, 11:59 PM
[2026-06-23 09:52:10]      • [Quiz] Pre-Test (M9) → Deadline: Tidak diketahui
[2026-06-23 09:52:15]      • [Materi] Sesi Hands-on Praktikum URL → Deadline: -
[2026-06-23 09:52:20]      • [Quiz] Post-Test (M9) → Deadline: Tidak diketahui
[2026-06-23 09:52:24]      • [Assignment] Pengumpulan Tugas (M9) → Deadline: Saturday, 16 May 2026, 11:59 PM
[2026-06-23 09:52:29]      • [Quiz] Pre-Test (M3) → Deadline: Tidak diketahui
[2026-06-23 09:52:33]      • [Materi] Sesi Praktikum URL → Deadline: -
[2026-06-23 09:52:38]      • [Materi] Video Tutorial: Menambahkan File pada Mesin DGX URL → Deadline: -
[2026-06-23 09:52:43]      • [Quiz] Post-Test (M3) → Deadline: Tidak diketahui
[2026-06-23 09:52:47]      • [Assignment] Pengumpulan Tugas (M3) → Deadline: Saturday, 23 May 2026, 11:59 PM
[2026-06-23 09:52:52]      • [Quiz] Pre-Test (M7) → Deadline: Tidak diketahui
[2026-06-23 09:52:56]      • [Materi] Link File Praktikum I - 3-Tekrek-Find-Center.ipynb → Deadline: -
[2026-06-23 09:53:01]      • [Materi] Link File Praktikum II - 3-Tekrek-Sortest-Path.ipynb → Deadline: -
[2026-06-23 09:53:05]      • [Materi] Video Tutorial: Mendownload File IPYNB di Virtual Class URL → Deadline: -
[2026-06-23 09:53:09]      • [Quiz] Post-Test (M7) → Deadline: Tidak diketahui
[2026-06-23 09:53:13]      • [Assignment] Laporan Akhir (M7) → Deadline: Saturday, 23 May 2026, 11:59 PM
[2026-06-23 09:53:17] 📦 Total tugas ditemukan: 108
[2026-06-23 09:53:17] 💾 Disimpan ke python/node/tugas.json
[2026-06-23 18:00:17] 🔐 Login ke V-Class...
[2026-06-23 18:00:17] ✅ Login berhasil
[2026-06-23 18:00:17] 📚 Mengambil mata kuliah ID 108486 ...
[2026-06-23 18:00:17]   ➤ ATA 2025/2026 | 3KB01 | Jaringan Komputer Lanjut | VIVIEN NOVA FITHRIANA
[2026-06-23 18:00:17]      • [Materi] Announcements Forum → Deadline: -
[2026-06-23 18:00:22]      • [Materi] M1 File → Deadline: -
[2026-06-23 18:00:25]      • [Materi] M2 File → Deadline: -
[2026-06-23 18:00:30]      • [Materi] M3 File → Deadline: -
[2026-06-23 18:00:34]      • [Materi] M4 File → Deadline: -
[2026-06-23 18:00:39]      • [Materi] M5 File → Deadline: -
[2026-06-23 18:00:43]      • [Materi] M6 File → Deadline: -
[2026-06-23 18:00:48]      • [Materi] M7 File → Deadline: -
[2026-06-23 18:00:53]      • [Materi] VC-1 : Traffic dan Algoritma Kendali Kemacetan File → Deadline: -
[2026-06-23 18:00:58]      • [Materi] VC-1 : Traffic dan Algoritma Kendali Kemacetan File → Deadline: -
[2026-06-23 18:01:02]      • [Materi] Forum VC-1 : Traffic dan Algoritma Kendali Kemacetan → Deadline: -
[2026-06-23 18:01:06]      • [Quiz] Latihan Soal VC-1 : Traffic dan Algoritma Kendali Kemacetan → Deadline: Tidak diketahui
[2026-06-23 18:01:11]      • [Materi] VC-2 : Traffic dan Algoritma Kendali Kemacetan - Bagian 2 File → Deadline: -
[2026-06-23 18:01:15]      • [Materi] Forum VC-2 : Traffic dan Algoritma Kendali Kemacetan - Bagian 2 → Deadline: -
[2026-06-23 18:01:20]      • [Quiz] Latihan Soal VC-2 : Traffic dan Algoritma Kendali Kemacetan - Bagian 2 → Deadline: Tidak diketahui
[2026-06-23 18:01:24]      • [Materi] VC-3 : Lapisan Transport File → Deadline: -
[2026-06-23 18:01:28]      • [Materi] Forum VC-3 : Lapisan Transport → Deadline: -
[2026-06-23 18:01:33]      • [Quiz] Latihan Soal VC-3 : Lapisan Transport → Deadline: Wednesday, 15 July 2026, 11:59 PM
[2026-06-23 18:01:37] 📚 Mengambil mata kuliah ID 108172 ...
[2026-06-23 18:01:37]   ➤ ATA 2025/2026 | 3KB01 | Internet of Things (IoT) | PURNAWARMAN MUSA
[2026-06-23 18:01:37]      • [Materi] Announcements Forum → Deadline: -
[2026-06-23 18:01:42]      • [Materi] M6 File → Deadline: -
[2026-06-23 18:01:46]      • [Quiz] Soal (Tugas Individu) → Deadline: Tidak diketahui
[2026-06-23 18:01:50]      • [Quiz] Soal (Tugas Individu) → Deadline: Tidak diketahui
[2026-06-23 18:01:55] 📚 Mengambil mata kuliah ID 109563 ...
[2026-06-23 18:01:55]   ➤ ATA 2025/2026 | 3KB01 | Sistem Tertanam (Embedded) * | RIDHA ISKANDAR
[2026-06-23 18:01:55]      • [Materi] Selamat Datang di V-Class Sistem Tertanam (Embedded) Forum → Deadline: -
[2026-06-23 18:01:59]      • [Assignment] File 1 → Deadline: Sunday, 26 April 2026, 12:00 AM
[2026-06-23 18:02:04] 📚 Mengambil mata kuliah ID 109970 ...
[2026-06-23 18:02:04]   ➤ ATA 2025/2026 | 2EB10 | Bahasa Indonesia | MELANIAWATI
[2026-06-23 18:02:04] 📚 Mengambil mata kuliah ID 107919 ...
[2026-06-23 18:02:04]   ➤ ATA 2025/2026 | 3KB01 | Sistem Cerdas Lanjut | NUR SULTAN SALAHUDDIN
[2026-06-23 18:02:04]      • [Materi] Announcements Forum → Deadline: -
[2026-06-23 18:02:09]      • [Assignment] Sistem Kesehatan Cerdas → Deadline: Thursday, 21 May 2026, 12:00 AM
[2026-06-23 18:02:13]      • [Quiz] Sistem Kesehatan Cerdas → Deadline: Tidak diketahui
[2026-06-23 18:02:18] 📚 Mengambil mata kuliah ID 107291 ...
[2026-06-23 18:02:18]   ➤ ATA 2025/2026 | 3KB01 | Pengantarmukaan Perif.Komputer * | FARID THALIB
[2026-06-23 18:02:18]      • [Materi] Announcements Forum → Deadline: -
[2026-06-23 18:02:22] 📚 Mengambil mata kuliah ID 104438 ...
[2026-06-23 18:02:22]   ➤ ATA 2025/2026 | 3-FIKTI | Terapan Teori Graf | TEAM TEACHING
[2026-06-23 18:02:22]      • [Materi] PEMBERITAHUAN UTS SUSULAN File → Deadline: -
[2026-06-23 18:02:27]      • [Materi] PEMBERITAHUAN PELAKSANAAN TEAM TEACHING TERAPAN TEORI GRAF Forum → Deadline: -
[2026-06-23 18:02:31]      • [Materi] M1: Pendahuluan Teori Graf File → Deadline: -
[2026-06-23 18:02:36]      • [Materi] Video Literasi M1: Pendahuluan Teori Graf URL → Deadline: -
[2026-06-23 18:02:40]      • [Quiz] Kuis M1 [kelas PAGI] → Deadline: Tidak diketahui
[2026-06-23 18:02:45]      • [Quiz] Kuis M1 [kelas MALAM] → Deadline: Tidak diketahui
[2026-06-23 18:02:50]      • [Materi] M2: Graf Tidak Berarah dan Graf Berbobot File → Deadline: -
[2026-06-23 18:02:54]      • [Materi] Video Literasi M2 : Graf Tidak Berarah dan Graf Berbobot URL → Deadline: -
[2026-06-23 18:02:59]      • [Quiz] Kuis M2 [KELAS PAGI] : Graf Tidak Berarah dan Graf Berbobot → Deadline: Tidak diketahui
[2026-06-23 18:03:04]      • [Quiz] Kuis M2 [KELAS MALAM] : Graf Tidak Berarah dan Graf Berbobot → Deadline: Tidak diketahui
[2026-06-23 18:03:09]      • [Materi] M4 : Aplikasi Teori Graf di Teknik Elektro File → Deadline: -
[2026-06-23 18:03:13]      • [Materi] Video Literasi M4 : Aplikasi Teori Graf di Teknik Elektro URL → Deadline: -
[2026-06-23 18:03:17]      • [Quiz] Kuis M4 [KELAS PAGI]: Aplikasi Teori Graf di Teknik Elektro → Deadline: Tidak diketahui
[2026-06-23 18:03:22]      • [Quiz] Kuis M4 [KELAS MALAM]: Aplikasi Teori Graf di Teknik Elektro → Deadline: Tidak diketahui
[2026-06-23 18:03:26]      • [Materi] M5 : Knowledge Graph dan Database Graph File → Deadline: -
[2026-06-23 18:03:30]      • [Materi] Video Literasi  M5 : Knowledge Graph dan Database Graph URL → Deadline: -
[2026-06-23 18:03:34]      • [Quiz] Kuis M5 [KELAS PAGI] : nowledge Graph dan Database Graph → Deadline: Tidak diketahui
[2026-06-23 18:03:39]      • [Quiz] Kuis M5 [KELAS MALAM] : Knowledge Graph dan Database Graph → Deadline: Tidak diketahui
[2026-06-23 18:03:43]      • [Materi] M6 : Graf Berarah dan Implementasinya File → Deadline: -
[2026-06-23 18:03:47]      • [Materi] Video Literasi M6 : Graf Berarah dan Implementasinya URL → Deadline: -
[2026-06-23 18:03:52]      • [Quiz] Kuis M6 [KELAS PAGI] : Graf Berarah dan Implementasinya → Deadline: Tidak diketahui
[2026-06-23 18:03:56]      • [Quiz] Kuis M6 [KELAS MALAM] : Graf Berarah dan Implementasinya → Deadline: Tidak diketahui
[2026-06-23 18:04:00]      • [Materi] M8 : Penerapan Teori Graf di Bidang Teknik Sipil File → Deadline: -
[2026-06-23 18:04:04]      • [Materi] Video Literasi M8 : Penerapan Teori Graf di Bidang Teknik Sipil URL → Deadline: -
[2026-06-23 18:04:08]      • [Quiz] Kuis M8 [KELAS PAGI] : Penerapan Teori Graf di Bidang Teknik Sipil → Deadline: Tidak diketahui
[2026-06-23 18:04:12]      • [Quiz] Kuis M8 [KELAS MALAM] : Penerapan Teori Graf di Bidang Teknik Sipil → Deadline: Tidak diketahui
[2026-06-23 18:04:17]      • [Materi] M10 : Penerapan Teori Graf  di Bidang Teknik Industri File → Deadline: -
[2026-06-23 18:04:22]      • [Materi] Video Literasi M10 : Penerapan Teori Graf  di Bidang Teknik Industri URL → Deadline: -
[2026-06-23 18:04:26]      • [Quiz] Kuis M10 [kelas pagi] : Penerapan Teori Graf  di Bidang Teknik Industri → Deadline: Tidak diketahui
[2026-06-23 18:04:31]      • [Quiz] Kuis M10 [kelas malam]: Penerapan Teori Graf  di Bidang Teknik Industri → Deadline: Tidak diketahui
[2026-06-23 18:04:36] 📚 Mengambil mata kuliah ID 104413 ...
[2026-06-23 18:04:36]   ➤ ATA 2025/2026 | 3-FIKTI | Praktikum Terapan Teori Graf
[2026-06-23 18:04:36]      • [Materi] Panduan Praktikum  Forum → Deadline: -
[2026-06-23 18:04:40]      • [Materi] Panduan Google Collaboratory URL → Deadline: -
[2026-06-23 18:04:44]      • [Materi] Panduan Instalasi Anaconda URL → Deadline: -
[2026-06-23 18:04:48]      • [Quiz] Pre-Test (M1) → Deadline: Tidak diketahui
[2026-06-23 18:04:52]      • [Materi] 1.1  Pengantar: Teori Graf URL → Deadline: -
[2026-06-23 18:04:56]      • [Materi] 1.2  Sesi Hands-on Praktikum URL → Deadline: -
[2026-06-23 18:05:00]      • [Materi] 1.3 Tutorial Menambahkan File pada Mesin DGX URL → Deadline: -
[2026-06-23 18:05:04]      • [Quiz] Post-Test (M1) → Deadline: Tidak diketahui
[2026-06-23 18:05:08]      • [Assignment] Pengumpulan Tugas (M1) → Deadline: Saturday, 7 March 2026, 11:59 PM
[2026-06-23 18:05:13]      • [Quiz] Pre-Test (M2) → Deadline: Tidak diketahui
[2026-06-23 18:05:18]      • [Materi] 2.1  Pengantar: Berbagai Pemecahan Masalah Menggunakan Teori Graf Page → Deadline: -
[2026-06-23 18:05:22]      • [Quiz] Post-Test (M2) → Deadline: Tidak diketahui
[2026-06-23 18:05:26]      • [Assignment] Pengumpulan Tugas (M2) → Deadline: Saturday, 14 March 2026, 11:59 PM
[2026-06-23 18:05:30]      • [Quiz] Pre-Test (M4) → Deadline: Tidak diketahui
[2026-06-23 18:05:34]      • [Materi] 4.1  Pengantar: Breadth First Search URL → Deadline: -
[2026-06-23 18:05:37]      • [Materi] Sesi Praktikum File → Deadline: -
[2026-06-23 18:05:41]      • [Materi] Video Tutorial: Mendownload File IPYNB di Virtual Class URL → Deadline: -
[2026-06-23 18:05:46]      • [Quiz] Post-Test (M4) → Deadline: Tidak diketahui
[2026-06-23 18:05:50]      • [Assignment] Laporan Akhir (M4) → Deadline: Saturday, 11 April 2026, 11:59 PM
[2026-06-23 18:05:54]      • [Quiz] Pre-Test (M5) → Deadline: Tidak diketahui
[2026-06-23 18:05:58]      • [Materi] Sesi Praktikum URL → Deadline: -
[2026-06-23 18:06:03]      • [Quiz] Post-Test (M5) → Deadline: Tidak diketahui
[2026-06-23 18:06:08]      • [Assignment] Laporan Akhir (M5) → Deadline: Saturday, 18 April 2026, 11:59 PM
[2026-06-23 18:06:13]      • [Quiz] Pre-Test (M6) → Deadline: Tidak diketahui
[2026-06-23 18:06:17]      • [Materi] 6.1  Pendahuluan: Algoritma Dasar Tree URL → Deadline: -
[2026-06-23 18:06:21]      • [Materi] Sesi Praktikum File → Deadline: -
[2026-06-23 18:06:25]      • [Quiz] Post-Test (M6) → Deadline: Tidak diketahui
[2026-06-23 18:06:30]      • [Assignment] Laporan Akhir (M6) → Deadline: Saturday, 25 April 2026, 11:59 PM
[2026-06-23 18:06:35]      • [Quiz] Pre-Test (M8) → Deadline: Tidak diketahui
[2026-06-23 18:06:40]      • [Materi] 8.1  Pendahuluan: Implementasi Graph URL → Deadline: -
[2026-06-23 18:06:44]      • [Materi] Link File Praktikum I - family.pl → Deadline: -
[2026-06-23 18:06:48]      • [Materi] Link File Praktikum II - 8-puzzles.ipynb → Deadline: -
[2026-06-23 18:06:52]      • [Materi] Video Tutorial: Mendownload File IPYNB di Virtual Class URL → Deadline: -
[2026-06-23 18:06:57]      • [Quiz] Post-Test (M8) → Deadline: Tidak diketahui
[2026-06-23 18:07:02]      • [Assignment] Laporan Akhir (M8) → Deadline: Saturday, 9 May 2026, 11:59 PM
[2026-06-23 18:07:06]      • [Quiz] Pre-Test (M9) → Deadline: Tidak diketahui
[2026-06-23 18:07:11]      • [Materi] Sesi Hands-on Praktikum URL → Deadline: -
[2026-06-23 18:07:15]      • [Quiz] Post-Test (M9) → Deadline: Tidak diketahui
[2026-06-23 18:07:20]      • [Assignment] Pengumpulan Tugas (M9) → Deadline: Saturday, 16 May 2026, 11:59 PM
[2026-06-23 18:07:24]      • [Quiz] Pre-Test (M3) → Deadline: Tidak diketahui
[2026-06-23 18:07:28]      • [Materi] Sesi Praktikum URL → Deadline: -
[2026-06-23 18:07:33]      • [Materi] Video Tutorial: Menambahkan File pada Mesin DGX URL → Deadline: -
[2026-06-23 18:07:37]      • [Quiz] Post-Test (M3) → Deadline: Tidak diketahui
[2026-06-23 18:07:41]      • [Assignment] Pengumpulan Tugas (M3) → Deadline: Saturday, 23 May 2026, 11:59 PM
[2026-06-23 18:07:46]      • [Quiz] Pre-Test (M7) → Deadline: Tidak diketahui
[2026-06-23 18:07:51]      • [Materi] Link File Praktikum I - 3-Tekrek-Find-Center.ipynb → Deadline: -
[2026-06-23 18:07:55]      • [Materi] Link File Praktikum II - 3-Tekrek-Sortest-Path.ipynb → Deadline: -
[2026-06-23 18:07:59]      • [Materi] Video Tutorial: Mendownload File IPYNB di Virtual Class URL → Deadline: -
[2026-06-23 18:08:04]      • [Quiz] Post-Test (M7) → Deadline: Tidak diketahui
[2026-06-23 18:08:08]      • [Assignment] Laporan Akhir (M7) → Deadline: Saturday, 23 May 2026, 11:59 PM
[2026-06-23 18:08:13] 📦 Total tugas ditemukan: 108
[2026-06-23 18:08:13] 💾 Disimpan ke python/node/tugas.json
