[2026-08-09 09:45:44] 🔐 Login ke V-Class...
[2026-08-09 09:45:44] ✅ Login berhasil
[2026-08-09 09:45:44] 📚 Mengambil mata kuliah ID 108486 ...
[2026-08-09 09:45:44]   ➤ ATA 2025/2026 | 3KB01 | Jaringan Komputer Lanjut | VIVIEN NOVA FITHRIANA
[2026-08-09 09:45:44]      • [Materi] Announcements Forum → Deadline: -
[2026-08-09 09:45:49]      • [Materi] M1 File → Deadline: -
[2026-08-09 09:45:54]      • [Materi] M2 File → Deadline: -
[2026-08-09 09:45:59]      • [Materi] M3 File → Deadline: -
[2026-08-09 09:46:03]      • [Materi] M4 File → Deadline: -
[2026-08-09 09:46:08]      • [Materi] M5 File → Deadline: -
[2026-08-09 09:46:12]      • [Materi] M6 File → Deadline: -
[2026-08-09 09:46:17]      • [Materi] M7 File → Deadline: -
[2026-08-09 09:46:21]      • [Materi] VC-1 : Traffic dan Algoritma Kendali Kemacetan File → Deadline: -
[2026-08-09 09:46:26]      • [Materi] VC-1 : Traffic dan Algoritma Kendali Kemacetan File → Deadline: -
[2026-08-09 09:46:30]      • [Materi] Forum VC-1 : Traffic dan Algoritma Kendali Kemacetan → Deadline: -
[2026-08-09 09:46:34]      • [Quiz] Latihan Soal VC-1 : Traffic dan Algoritma Kendali Kemacetan → Deadline: Tidak diketahui
[2026-08-09 09:46:38]      • [Materi] VC-2 : Traffic dan Algoritma Kendali Kemacetan - Bagian 2 File → Deadline: -
[2026-08-09 09:46:42]      • [Materi] Forum VC-2 : Traffic dan Algoritma Kendali Kemacetan - Bagian 2 → Deadline: -
[2026-08-09 09:46:46]      • [Quiz] Latihan Soal VC-2 : Traffic dan Algoritma Kendali Kemacetan - Bagian 2 → Deadline: Tidak diketahui
[2026-08-09 09:46:50]      • [Materi] VC-3 : Lapisan Transport File → Deadline: -
[2026-08-09 09:46:54]      • [Materi] Forum VC-3 : Lapisan Transport → Deadline: -
[2026-08-09 09:46:59]      • [Quiz] Latihan Soal VC-3 : Lapisan Transport → Deadline: Tidak diketahui
[2026-08-09 09:47:03] 📚 Mengambil mata kuliah ID 108172 ...
[2026-08-09 09:47:03]   ➤ ATA 2025/2026 | 3KB01 | Internet of Things (IoT) | PURNAWARMAN MUSA
[2026-08-09 09:47:03]      • [Materi] Announcements Forum → Deadline: -
[2026-08-09 09:47:08]      • [Materi] M6 File → Deadline: -
[2026-08-09 09:47:11]      • [Quiz] Soal (Tugas Individu) → Deadline: Tidak diketahui
[2026-08-09 09:47:15]      • [Quiz] Soal (Tugas Individu) → Deadline: Tidak diketahui
[2026-08-09 09:47:19] 📚 Mengambil mata kuliah ID 109563 ...
[2026-08-09 09:47:19]   ➤ ATA 2025/2026 | 3KB01 | Sistem Tertanam (Embedded) * | RIDHA ISKANDAR
[2026-08-09 09:47:19]      • [Materi] Selamat Datang di V-Class Sistem Tertanam (Embedded) Forum → Deadline: -
[2026-08-09 09:47:23]      • [Assignment] File 1 → Deadline: Sunday, 26 April 2026, 12:00 AM
[2026-08-09 09:47:27] 📚 Mengambil mata kuliah ID 109970 ...
[2026-08-09 09:47:28]   ➤ ATA 2025/2026 | 2EB10 | Bahasa Indonesia | MELANIAWATI
[2026-08-09 09:47:28] 📚 Mengambil mata kuliah ID 107919 ...
[2026-08-09 09:47:28]   ➤ ATA 2025/2026 | 3KB01 | Sistem Cerdas Lanjut | NUR SULTAN SALAHUDDIN
[2026-08-09 09:47:28]      • [Materi] Announcements Forum → Deadline: -
[2026-08-09 09:47:32]      • [Assignment] Sistem Kesehatan Cerdas → Deadline: Thursday, 21 May 2026, 12:00 AM
[2026-08-09 09:47:36]      • [Quiz] Sistem Kesehatan Cerdas → Deadline: Tidak diketahui
[2026-08-09 09:47:40]      • [Assignment] Sistem Industri Cerdas → Deadline: Monday, 20 July 2026, 12:00 AM
[2026-08-09 09:47:44]      • [Quiz] Sistem Industri Cerdas → Deadline: Tidak diketahui
[2026-08-09 09:47:48] 📚 Mengambil mata kuliah ID 107291 ...
[2026-08-09 09:47:48]   ➤ ATA 2025/2026 | 3KB01 | Pengantarmukaan Perif.Komputer * | FARID THALIB
[2026-08-09 09:47:48]      • [Materi] Announcements Forum → Deadline: -
[2026-08-09 09:47:53] 📚 Mengambil mata kuliah ID 104438 ...
[2026-08-09 09:47:53]   ➤ ATA 2025/2026 | 3-FIKTI | Terapan Teori Graf | TEAM TEACHING
[2026-08-09 09:47:53]      • [Materi] PEMBERITAHUAN UTS SUSULAN File → Deadline: -
[2026-08-09 09:47:57]      • [Materi] PEMBERITAHUAN PELAKSANAAN TEAM TEACHING TERAPAN TEORI GRAF Forum → Deadline: -
[2026-08-09 09:48:01]      • [Materi] M1: Pendahuluan Teori Graf File → Deadline: -
[2026-08-09 09:48:05]      • [Materi] Video Literasi M1: Pendahuluan Teori Graf URL → Deadline: -
[2026-08-09 09:48:08]      • [Quiz] Kuis M1 [kelas PAGI] → Deadline: Tidak diketahui
[2026-08-09 09:48:12]      • [Quiz] Kuis M1 [kelas MALAM] → Deadline: Tidak diketahui
[2026-08-09 09:48:16]      • [Materi] M2: Graf Tidak Berarah dan Graf Berbobot File → Deadline: -
[2026-08-09 09:48:21]      • [Materi] Video Literasi M2 : Graf Tidak Berarah dan Graf Berbobot URL → Deadline: -
[2026-08-09 09:48:25]      • [Quiz] Kuis M2 [KELAS PAGI] : Graf Tidak Berarah dan Graf Berbobot → Deadline: Tidak diketahui
[2026-08-09 09:48:30]      • [Quiz] Kuis M2 [KELAS MALAM] : Graf Tidak Berarah dan Graf Berbobot → Deadline: Tidak diketahui
[2026-08-09 09:48:34]      • [Materi] M4 : Aplikasi Teori Graf di Teknik Elektro File → Deadline: -
[2026-08-09 09:48:38]      • [Materi] Video Literasi M4 : Aplikasi Teori Graf di Teknik Elektro URL → Deadline: -
[2026-08-09 09:48:42]      • [Quiz] Kuis M4 [KELAS PAGI]: Aplikasi Teori Graf di Teknik Elektro → Deadline: Tidak diketahui
[2026-08-09 09:48:46]      • [Quiz] Kuis M4 [KELAS MALAM]: Aplikasi Teori Graf di Teknik Elektro → Deadline: Tidak diketahui
[2026-08-09 09:48:51]      • [Materi] M5 : Knowledge Graph dan Database Graph File → Deadline: -
[2026-08-09 09:48:55]      • [Materi] Video Literasi  M5 : Knowledge Graph dan Database Graph URL → Deadline: -
[2026-08-09 09:49:00]      • [Quiz] Kuis M5 [KELAS PAGI] : nowledge Graph dan Database Graph → Deadline: Tidak diketahui
[2026-08-09 09:49:05]      • [Quiz] Kuis M5 [KELAS MALAM] : Knowledge Graph dan Database Graph → Deadline: Tidak diketahui
[2026-08-09 09:49:09]      • [Materi] M6 : Graf Berarah dan Implementasinya File → Deadline: -
[2026-08-09 09:49:13]      • [Materi] Video Literasi M6 : Graf Berarah dan Implementasinya URL → Deadline: -
[2026-08-09 09:49:17]      • [Quiz] Kuis M6 [KELAS PAGI] : Graf Berarah dan Implementasinya → Deadline: Tidak diketahui
[2026-08-09 09:49:21]      • [Quiz] Kuis M6 [KELAS MALAM] : Graf Berarah dan Implementasinya → Deadline: Tidak diketahui
[2026-08-09 09:49:26]      • [Materi] M8 : Penerapan Teori Graf di Bidang Teknik Sipil File → Deadline: -
[2026-08-09 09:49:30]      • [Materi] Video Literasi M8 : Penerapan Teori Graf di Bidang Teknik Sipil URL → Deadline: -
[2026-08-09 09:49:34]      • [Quiz] Kuis M8 [KELAS PAGI] : Penerapan Teori Graf di Bidang Teknik Sipil → Deadline: Tidak diketahui
[2026-08-09 09:49:39]      • [Quiz] Kuis M8 [KELAS MALAM] : Penerapan Teori Graf di Bidang Teknik Sipil → Deadline: Tidak diketahui
[2026-08-09 09:49:43]      • [Materi] M10 : Penerapan Teori Graf  di Bidang Teknik Industri File → Deadline: -
[2026-08-09 09:49:47]      • [Materi] Video Literasi M10 : Penerapan Teori Graf  di Bidang Teknik Industri URL → Deadline: -
[2026-08-09 09:49:51]      • [Quiz] Kuis M10 [kelas pagi] : Penerapan Teori Graf  di Bidang Teknik Industri → Deadline: Tidak diketahui
[2026-08-09 09:49:56]      • [Quiz] Kuis M10 [kelas malam]: Penerapan Teori Graf  di Bidang Teknik Industri → Deadline: Tidak diketahui
[2026-08-09 09:50:00]      • [Materi] M11 : Program Dinamis dan Permasalahan Tata Letak Fasilitas File → Deadline: -
[2026-08-09 09:50:05]      • [Materi] video literasi : Program Dinamis dan Permasalahan Tata Letak Fasilitas URL → Deadline: -
[2026-08-09 09:50:10]      • [Quiz] Kuis M11 [kelas PAGI]: Program Dinamis dan Permasalahan Tata Letak Fasilitas → Deadline: Tidak diketahui
[2026-08-09 09:50:15]      • [Quiz] Kuis M11 [kelas MALAM]: Program Dinamis dan Permasalahan Tata Letak Fasilitas → Deadline: Tidak diketahui
[2026-08-09 09:50:18]      • [Materi] M12: Algoritma Greedy pada Graf File → Deadline: -
[2026-08-09 09:50:22]      • [Materi] Video literasi M12: Algoritma Greedy pada Graf URL → Deadline: -
[2026-08-09 09:50:27]      • [Quiz] Kuis M12 [kelas PAGI] → Deadline: Tidak diketahui
[2026-08-09 09:50:32]      • [Quiz] Kuis M12 [kelas MALAM] → Deadline: Tidak diketahui
[2026-08-09 09:50:36]      • [Materi] M13 File → Deadline: -
[2026-08-09 09:50:41]      • [Materi] Video Literasi M13 : Graph Theory Implementation in Oil Mining Company URL → Deadline: -
[2026-08-09 09:50:45]      • [Quiz] Kuis M13 [PAGI]: Graph Theory Implementation in Oil Mining Company → Deadline: Tidak diketahui
[2026-08-09 09:50:50]      • [Quiz] Kuis M13 [MALAM]: Graph Theory Implementation in Oil Mining Company → Deadline: Tidak diketahui
[2026-08-09 09:50:54]      • [Materi] M14 : Aplikasi Graf Lengkap sebagai Graf Representasi untuk Model Optimasi Rute Kendaraan File → Deadline: -
[2026-08-09 09:50:58]      • [Materi] Video Literasi : Aplikasi Graf Lengkap sebagai Graf Representasi untuk Model Optimasi Rute Kendaraan URL → Deadline: -
[2026-08-09 09:51:03]      • [Quiz] Kuis M14 [PAGI]: Aplikasi Graf Lengkap sebagai Graf Representasi untuk Model Optimasi Rute Kendaraan → Deadline: Tidak diketahui
[2026-08-09 09:51:07]      • [Quiz] Kuis M14 [MALAM]: Aplikasi Graf Lengkap sebagai Graf Representasi untuk Model Optimasi Rute Kendaraan → Deadline: Tidak diketahui
[2026-08-09 09:51:12] 📚 Mengambil mata kuliah ID 104413 ...
[2026-08-09 09:51:12]   ➤ ATA 2025/2026 | 3-FIKTI | Praktikum Terapan Teori Graf
[2026-08-09 09:51:12]      • [Materi] Panduan Praktikum  Forum → Deadline: -
[2026-08-09 09:51:15]      • [Materi] Panduan Google Collaboratory URL → Deadline: -
[2026-08-09 09:51:20]      • [Materi] Panduan Instalasi Anaconda URL → Deadline: -
[2026-08-09 09:51:25]      • [Quiz] Pre-Test (M1) → Deadline: Tidak diketahui
[2026-08-09 09:51:29]      • [Materi] 1.1  Pengantar: Teori Graf URL → Deadline: -
[2026-08-09 09:51:33]      • [Materi] 1.2  Sesi Hands-on Praktikum URL → Deadline: -
[2026-08-09 09:51:37]      • [Materi] 1.3 Tutorial Menambahkan File pada Mesin DGX URL → Deadline: -
[2026-08-09 09:51:41]      • [Quiz] Post-Test (M1) → Deadline: Tidak diketahui
[2026-08-09 09:51:46]      • [Assignment] Pengumpulan Tugas (M1) → Deadline: Saturday, 7 March 2026, 11:59 PM
[2026-08-09 09:51:50]      • [Quiz] Pre-Test (M2) → Deadline: Tidak diketahui
[2026-08-09 09:51:55]      • [Materi] 2.1  Pengantar: Berbagai Pemecahan Masalah Menggunakan Teori Graf Page → Deadline: -
[2026-08-09 09:51:58]      • [Quiz] Post-Test (M2) → Deadline: Tidak diketahui
[2026-08-09 09:52:03]      • [Assignment] Pengumpulan Tugas (M2) → Deadline: Saturday, 14 March 2026, 11:59 PM
[2026-08-09 09:52:07]      • [Quiz] Pre-Test (M4) → Deadline: Tidak diketahui
[2026-08-09 09:52:11]      • [Materi] 4.1  Pengantar: Breadth First Search URL → Deadline: -
[2026-08-09 09:52:15]      • [Materi] Sesi Praktikum File → Deadline: -
[2026-08-09 09:52:18]      • [Materi] Video Tutorial: Mendownload File IPYNB di Virtual Class URL → Deadline: -
[2026-08-09 09:52:22]      • [Quiz] Post-Test (M4) → Deadline: Tidak diketahui
[2026-08-09 09:52:27]      • [Assignment] Laporan Akhir (M4) → Deadline: Saturday, 11 April 2026, 11:59 PM
[2026-08-09 09:52:31]      • [Quiz] Pre-Test (M5) → Deadline: Tidak diketahui
[2026-08-09 09:52:35]      • [Materi] Sesi Praktikum URL → Deadline: -
[2026-08-09 09:52:40]      • [Quiz] Post-Test (M5) → Deadline: Tidak diketahui
[2026-08-09 09:52:44]      • [Assignment] Laporan Akhir (M5) → Deadline: Saturday, 18 April 2026, 11:59 PM
[2026-08-09 09:52:48]      • [Quiz] Pre-Test (M6) → Deadline: Tidak diketahui
[2026-08-09 09:52:52]      • [Materi] 6.1  Pendahuluan: Algoritma Dasar Tree URL → Deadline: -
[2026-08-09 09:52:57]      • [Materi] Sesi Praktikum File → Deadline: -
[2026-08-09 09:53:01]      • [Quiz] Post-Test (M6) → Deadline: Tidak diketahui
[2026-08-09 09:53:06]      • [Assignment] Laporan Akhir (M6) → Deadline: Saturday, 25 April 2026, 11:59 PM
[2026-08-09 09:53:11]      • [Quiz] Pre-Test (M8) → Deadline: Tidak diketahui
[2026-08-09 09:53:16]      • [Materi] 8.1  Pendahuluan: Implementasi Graph URL → Deadline: -
[2026-08-09 09:53:20]      • [Materi] Link File Praktikum I - family.pl → Deadline: -
[2026-08-09 09:53:24]      • [Materi] Link File Praktikum II - 8-puzzles.ipynb → Deadline: -
[2026-08-09 09:53:28]      • [Materi] Video Tutorial: Mendownload File IPYNB di Virtual Class URL → Deadline: -
[2026-08-09 09:53:32]      • [Quiz] Post-Test (M8) → Deadline: Tidak diketahui
[2026-08-09 09:53:36]      • [Assignment] Laporan Akhir (M8) → Deadline: Saturday, 9 May 2026, 11:59 PM
[2026-08-09 09:53:40]      • [Quiz] Pre-Test (M9) → Deadline: Tidak diketahui
[2026-08-09 09:53:44]      • [Materi] Sesi Hands-on Praktikum URL → Deadline: -
[2026-08-09 09:53:48]      • [Quiz] Post-Test (M9) → Deadline: Tidak diketahui
[2026-08-09 09:53:52]      • [Assignment] Pengumpulan Tugas (M9) → Deadline: Saturday, 16 May 2026, 11:59 PM
[2026-08-09 09:53:56]      • [Quiz] Pre-Test (M3) → Deadline: Tidak diketahui
[2026-08-09 09:54:01]      • [Materi] Sesi Praktikum URL → Deadline: -
[2026-08-09 09:54:05]      • [Materi] Video Tutorial: Menambahkan File pada Mesin DGX URL → Deadline: -
[2026-08-09 09:54:10]      • [Quiz] Post-Test (M3) → Deadline: Tidak diketahui
[2026-08-09 09:54:15]      • [Assignment] Pengumpulan Tugas (M3) → Deadline: Saturday, 23 May 2026, 11:59 PM
[2026-08-09 09:54:18]      • [Quiz] Pre-Test (M7) → Deadline: Tidak diketahui
[2026-08-09 09:54:23]      • [Materi] Link File Praktikum I - 3-Tekrek-Find-Center.ipynb → Deadline: -
[2026-08-09 09:54:27]      • [Materi] Link File Praktikum II - 3-Tekrek-Sortest-Path.ipynb → Deadline: -
[2026-08-09 09:54:31]      • [Materi] Video Tutorial: Mendownload File IPYNB di Virtual Class URL → Deadline: -
[2026-08-09 09:54:35]      • [Quiz] Post-Test (M7) → Deadline: Tidak diketahui
[2026-08-09 09:54:40]      • [Assignment] Laporan Akhir (M7) → Deadline: Saturday, 23 May 2026, 11:59 PM
[2026-08-09 09:54:44] 📦 Total tugas ditemukan: 126
[2026-08-09 09:54:44] 💾 Disimpan ke python/node/tugas.json
[2026-08-09 18:00:45] 🔐 Login ke V-Class...
[2026-08-09 18:00:45] ✅ Login berhasil
[2026-08-09 18:00:45] 📚 Mengambil mata kuliah ID 108486 ...
[2026-08-09 18:00:45]   ➤ ATA 2025/2026 | 3KB01 | Jaringan Komputer Lanjut | VIVIEN NOVA FITHRIANA
[2026-08-09 18:00:45]      • [Materi] Announcements Forum → Deadline: -
[2026-08-09 18:00:50]      • [Materi] M1 File → Deadline: -
[2026-08-09 18:00:54]      • [Materi] M2 File → Deadline: -
[2026-08-09 18:00:58]      • [Materi] M3 File → Deadline: -
[2026-08-09 18:01:03]      • [Materi] M4 File → Deadline: -
[2026-08-09 18:01:07]      • [Materi] M5 File → Deadline: -
[2026-08-09 18:01:11]      • [Materi] M6 File → Deadline: -
[2026-08-09 18:01:15]      • [Materi] M7 File → Deadline: -
[2026-08-09 18:01:18]      • [Materi] VC-1 : Traffic dan Algoritma Kendali Kemacetan File → Deadline: -
[2026-08-09 18:01:23]      • [Materi] VC-1 : Traffic dan Algoritma Kendali Kemacetan File → Deadline: -
[2026-08-09 18:01:27]      • [Materi] Forum VC-1 : Traffic dan Algoritma Kendali Kemacetan → Deadline: -
[2026-08-09 18:01:31]      • [Quiz] Latihan Soal VC-1 : Traffic dan Algoritma Kendali Kemacetan → Deadline: Tidak diketahui
[2026-08-09 18:01:35]      • [Materi] VC-2 : Traffic dan Algoritma Kendali Kemacetan - Bagian 2 File → Deadline: -
[2026-08-09 18:01:39]      • [Materi] Forum VC-2 : Traffic dan Algoritma Kendali Kemacetan - Bagian 2 → Deadline: -
[2026-08-09 18:01:43]      • [Quiz] Latihan Soal VC-2 : Traffic dan Algoritma Kendali Kemacetan - Bagian 2 → Deadline: Tidak diketahui
[2026-08-09 18:01:47]      • [Materi] VC-3 : Lapisan Transport File → Deadline: -
[2026-08-09 18:01:51]      • [Materi] Forum VC-3 : Lapisan Transport → Deadline: -
[2026-08-09 18:01:56]      • [Quiz] Latihan Soal VC-3 : Lapisan Transport → Deadline: Tidak diketahui
[2026-08-09 18:02:00] 📚 Mengambil mata kuliah ID 108172 ...
[2026-08-09 18:02:00]   ➤ ATA 2025/2026 | 3KB01 | Internet of Things (IoT) | PURNAWARMAN MUSA
[2026-08-09 18:02:00]      • [Materi] Announcements Forum → Deadline: -
[2026-08-09 18:02:04]      • [Materi] M6 File → Deadline: -
[2026-08-09 18:02:09]      • [Quiz] Soal (Tugas Individu) → Deadline: Tidak diketahui
[2026-08-09 18:02:14]      • [Quiz] Soal (Tugas Individu) → Deadline: Tidak diketahui
[2026-08-09 18:02:18] 📚 Mengambil mata kuliah ID 109563 ...
[2026-08-09 18:02:19]   ➤ ATA 2025/2026 | 3KB01 | Sistem Tertanam (Embedded) * | RIDHA ISKANDAR
[2026-08-09 18:02:19]      • [Materi] Selamat Datang di V-Class Sistem Tertanam (Embedded) Forum → Deadline: -
[2026-08-09 18:02:24]      • [Assignment] File 1 → Deadline: Sunday, 26 April 2026, 12:00 AM
[2026-08-09 18:02:28] 📚 Mengambil mata kuliah ID 109970 ...
[2026-08-09 18:02:29]   ➤ ATA 2025/2026 | 2EB10 | Bahasa Indonesia | MELANIAWATI
[2026-08-09 18:02:29] 📚 Mengambil mata kuliah ID 107919 ...
[2026-08-09 18:02:29]   ➤ ATA 2025/2026 | 3KB01 | Sistem Cerdas Lanjut | NUR SULTAN SALAHUDDIN
[2026-08-09 18:02:29]      • [Materi] Announcements Forum → Deadline: -
[2026-08-09 18:02:34]      • [Assignment] Sistem Kesehatan Cerdas → Deadline: Thursday, 21 May 2026, 12:00 AM
[2026-08-09 18:02:38]      • [Quiz] Sistem Kesehatan Cerdas → Deadline: Tidak diketahui
[2026-08-09 18:02:42]      • [Assignment] Sistem Industri Cerdas → Deadline: Monday, 20 July 2026, 12:00 AM
[2026-08-09 18:02:46]      • [Quiz] Sistem Industri Cerdas → Deadline: Tidak diketahui
[2026-08-09 18:02:50] 📚 Mengambil mata kuliah ID 107291 ...
[2026-08-09 18:02:50]   ➤ ATA 2025/2026 | 3KB01 | Pengantarmukaan Perif.Komputer * | FARID THALIB
[2026-08-09 18:02:50]      • [Materi] Announcements Forum → Deadline: -
[2026-08-09 18:02:55] 📚 Mengambil mata kuliah ID 104438 ...
[2026-08-09 18:02:55]   ➤ ATA 2025/2026 | 3-FIKTI | Terapan Teori Graf | TEAM TEACHING
[2026-08-09 18:02:55]      • [Materi] PEMBERITAHUAN UTS SUSULAN File → Deadline: -
[2026-08-09 18:03:00]      • [Materi] PEMBERITAHUAN PELAKSANAAN TEAM TEACHING TERAPAN TEORI GRAF Forum → Deadline: -
[2026-08-09 18:03:03]      • [Materi] M1: Pendahuluan Teori Graf File → Deadline: -
[2026-08-09 18:03:07]      • [Materi] Video Literasi M1: Pendahuluan Teori Graf URL → Deadline: -
[2026-08-09 18:03:11]      • [Quiz] Kuis M1 [kelas PAGI] → Deadline: Tidak diketahui
[2026-08-09 18:03:16]      • [Quiz] Kuis M1 [kelas MALAM] → Deadline: Tidak diketahui
[2026-08-09 18:03:21]      • [Materi] M2: Graf Tidak Berarah dan Graf Berbobot File → Deadline: -
[2026-08-09 18:03:25]      • [Materi] Video Literasi M2 : Graf Tidak Berarah dan Graf Berbobot URL → Deadline: -
[2026-08-09 18:03:30]      • [Quiz] Kuis M2 [KELAS PAGI] : Graf Tidak Berarah dan Graf Berbobot → Deadline: Tidak diketahui
[2026-08-09 18:03:35]      • [Quiz] Kuis M2 [KELAS MALAM] : Graf Tidak Berarah dan Graf Berbobot → Deadline: Tidak diketahui
[2026-08-09 18:03:39]      • [Materi] M4 : Aplikasi Teori Graf di Teknik Elektro File → Deadline: -
[2026-08-09 18:03:43]      • [Materi] Video Literasi M4 : Aplikasi Teori Graf di Teknik Elektro URL → Deadline: -
[2026-08-09 18:03:48]      • [Quiz] Kuis M4 [KELAS PAGI]: Aplikasi Teori Graf di Teknik Elektro → Deadline: Tidak diketahui
[2026-08-09 18:03:53]      • [Quiz] Kuis M4 [KELAS MALAM]: Aplikasi Teori Graf di Teknik Elektro → Deadline: Tidak diketahui
[2026-08-09 18:03:58]      • [Materi] M5 : Knowledge Graph dan Database Graph File → Deadline: -
[2026-08-09 18:04:02]      • [Materi] Video Literasi  M5 : Knowledge Graph dan Database Graph URL → Deadline: -
[2026-08-09 18:04:07]      • [Quiz] Kuis M5 [KELAS PAGI] : nowledge Graph dan Database Graph → Deadline: Tidak diketahui
[2026-08-09 18:04:11]      • [Quiz] Kuis M5 [KELAS MALAM] : Knowledge Graph dan Database Graph → Deadline: Tidak diketahui
[2026-08-09 18:04:15]      • [Materi] M6 : Graf Berarah dan Implementasinya File → Deadline: -
[2026-08-09 18:04:20]      • [Materi] Video Literasi M6 : Graf Berarah dan Implementasinya URL → Deadline: -
[2026-08-09 18:04:24]      • [Quiz] Kuis M6 [KELAS PAGI] : Graf Berarah dan Implementasinya → Deadline: Tidak diketahui
[2026-08-09 18:04:28]      • [Quiz] Kuis M6 [KELAS MALAM] : Graf Berarah dan Implementasinya → Deadline: Tidak diketahui
[2026-08-09 18:04:33]      • [Materi] M8 : Penerapan Teori Graf di Bidang Teknik Sipil File → Deadline: -
[2026-08-09 18:04:38]      • [Materi] Video Literasi M8 : Penerapan Teori Graf di Bidang Teknik Sipil URL → Deadline: -
[2026-08-09 18:04:43]      • [Quiz] Kuis M8 [KELAS PAGI] : Penerapan Teori Graf di Bidang Teknik Sipil → Deadline: Tidak diketahui
[2026-08-09 18:04:46]      • [Quiz] Kuis M8 [KELAS MALAM] : Penerapan Teori Graf di Bidang Teknik Sipil → Deadline: Tidak diketahui
[2026-08-09 18:04:51]      • [Materi] M10 : Penerapan Teori Graf  di Bidang Teknik Industri File → Deadline: -
[2026-08-09 18:04:55]      • [Materi] Video Literasi M10 : Penerapan Teori Graf  di Bidang Teknik Industri URL → Deadline: -
[2026-08-09 18:04:59]      • [Quiz] Kuis M10 [kelas pagi] : Penerapan Teori Graf  di Bidang Teknik Industri → Deadline: Tidak diketahui
[2026-08-09 18:05:03]      • [Quiz] Kuis M10 [kelas malam]: Penerapan Teori Graf  di Bidang Teknik Industri → Deadline: Tidak diketahui
[2026-08-09 18:05:07]      • [Materi] M11 : Program Dinamis dan Permasalahan Tata Letak Fasilitas File → Deadline: -
[2026-08-09 18:05:12]      • [Materi] video literasi : Program Dinamis dan Permasalahan Tata Letak Fasilitas URL → Deadline: -
[2026-08-09 18:05:17]      • [Quiz] Kuis M11 [kelas PAGI]: Program Dinamis dan Permasalahan Tata Letak Fasilitas → Deadline: Tidak diketahui
[2026-08-09 18:05:22]      • [Quiz] Kuis M11 [kelas MALAM]: Program Dinamis dan Permasalahan Tata Letak Fasilitas → Deadline: Tidak diketahui
[2026-08-09 18:05:26]      • [Materi] M12: Algoritma Greedy pada Graf File → Deadline: -
[2026-08-09 18:05:30]      • [Materi] Video literasi M12: Algoritma Greedy pada Graf URL → Deadline: -
[2026-08-09 18:05:34]      • [Quiz] Kuis M12 [kelas PAGI] → Deadline: Tidak diketahui
[2026-08-09 18:05:39]      • [Quiz] Kuis M12 [kelas MALAM] → Deadline: Tidak diketahui
[2026-08-09 18:05:42]      • [Materi] M13 File → Deadline: -
[2026-08-09 18:05:47]      • [Materi] Video Literasi M13 : Graph Theory Implementation in Oil Mining Company URL → Deadline: -
[2026-08-09 18:05:52]      • [Quiz] Kuis M13 [PAGI]: Graph Theory Implementation in Oil Mining Company → Deadline: Tidak diketahui
[2026-08-09 18:05:56]      • [Quiz] Kuis M13 [MALAM]: Graph Theory Implementation in Oil Mining Company → Deadline: Tidak diketahui
[2026-08-09 18:06:01]      • [Materi] M14 : Aplikasi Graf Lengkap sebagai Graf Representasi untuk Model Optimasi Rute Kendaraan File → Deadline: -
[2026-08-09 18:06:06]      • [Materi] Video Literasi : Aplikasi Graf Lengkap sebagai Graf Representasi untuk Model Optimasi Rute Kendaraan URL → Deadline: -
[2026-08-09 18:06:10]      • [Quiz] Kuis M14 [PAGI]: Aplikasi Graf Lengkap sebagai Graf Representasi untuk Model Optimasi Rute Kendaraan → Deadline: Tidak diketahui
[2026-08-09 18:06:14]      • [Quiz] Kuis M14 [MALAM]: Aplikasi Graf Lengkap sebagai Graf Representasi untuk Model Optimasi Rute Kendaraan → Deadline: Tidak diketahui
[2026-08-09 18:06:18] 📚 Mengambil mata kuliah ID 104413 ...
[2026-08-09 18:06:19]   ➤ ATA 2025/2026 | 3-FIKTI | Praktikum Terapan Teori Graf
[2026-08-09 18:06:19]      • [Materi] Panduan Praktikum  Forum → Deadline: -
[2026-08-09 18:06:23]      • [Materi] Panduan Google Collaboratory URL → Deadline: -
[2026-08-09 18:06:27]      • [Materi] Panduan Instalasi Anaconda URL → Deadline: -
[2026-08-09 18:06:31]      • [Quiz] Pre-Test (M1) → Deadline: Tidak diketahui
[2026-08-09 18:06:35]      • [Materi] 1.1  Pengantar: Teori Graf URL → Deadline: -
[2026-08-09 18:06:38]      • [Materi] 1.2  Sesi Hands-on Praktikum URL → Deadline: -
[2026-08-09 18:06:43]      • [Materi] 1.3 Tutorial Menambahkan File pada Mesin DGX URL → Deadline: -
[2026-08-09 18:06:47]      • [Quiz] Post-Test (M1) → Deadline: Tidak diketahui
[2026-08-09 18:06:52]      • [Assignment] Pengumpulan Tugas (M1) → Deadline: Saturday, 7 March 2026, 11:59 PM
[2026-08-09 18:06:57]      • [Quiz] Pre-Test (M2) → Deadline: Tidak diketahui
[2026-08-09 18:07:01]      • [Materi] 2.1  Pengantar: Berbagai Pemecahan Masalah Menggunakan Teori Graf Page → Deadline: -
[2026-08-09 18:07:05]      • [Quiz] Post-Test (M2) → Deadline: Tidak diketahui
[2026-08-09 18:07:10]      • [Assignment] Pengumpulan Tugas (M2) → Deadline: Saturday, 14 March 2026, 11:59 PM
[2026-08-09 18:07:14]      • [Quiz] Pre-Test (M4) → Deadline: Tidak diketahui
[2026-08-09 18:07:19]      • [Materi] 4.1  Pengantar: Breadth First Search URL → Deadline: -
[2026-08-09 18:07:23]      • [Materi] Sesi Praktikum File → Deadline: -
[2026-08-09 18:07:27]      • [Materi] Video Tutorial: Mendownload File IPYNB di Virtual Class URL → Deadline: -
[2026-08-09 18:07:32]      • [Quiz] Post-Test (M4) → Deadline: Tidak diketahui
[2026-08-09 18:07:36]      • [Assignment] Laporan Akhir (M4) → Deadline: Saturday, 11 April 2026, 11:59 PM
[2026-08-09 18:07:40]      • [Quiz] Pre-Test (M5) → Deadline: Tidak diketahui
[2026-08-09 18:07:45]      • [Materi] Sesi Praktikum URL → Deadline: -
[2026-08-09 18:07:49]      • [Quiz] Post-Test (M5) → Deadline: Tidak diketahui
[2026-08-09 18:07:53]      • [Assignment] Laporan Akhir (M5) → Deadline: Saturday, 18 April 2026, 11:59 PM
[2026-08-09 18:07:58]      • [Quiz] Pre-Test (M6) → Deadline: Tidak diketahui
[2026-08-09 18:08:01]      • [Materi] 6.1  Pendahuluan: Algoritma Dasar Tree URL → Deadline: -
[2026-08-09 18:08:05]      • [Materi] Sesi Praktikum File → Deadline: -
[2026-08-09 18:08:10]      • [Quiz] Post-Test (M6) → Deadline: Tidak diketahui
[2026-08-09 18:08:15]      • [Assignment] Laporan Akhir (M6) → Deadline: Saturday, 25 April 2026, 11:59 PM
[2026-08-09 18:08:20]      • [Quiz] Pre-Test (M8) → Deadline: Tidak diketahui
[2026-08-09 18:08:25]      • [Materi] 8.1  Pendahuluan: Implementasi Graph URL → Deadline: -
[2026-08-09 18:08:29]      • [Materi] Link File Praktikum I - family.pl → Deadline: -
[2026-08-09 18:08:34]      • [Materi] Link File Praktikum II - 8-puzzles.ipynb → Deadline: -
[2026-08-09 18:08:38]      • [Materi] Video Tutorial: Mendownload File IPYNB di Virtual Class URL → Deadline: -
[2026-08-09 18:08:43]      • [Quiz] Post-Test (M8) → Deadline: Tidak diketahui
[2026-08-09 18:08:47]      • [Assignment] Laporan Akhir (M8) → Deadline: Saturday, 9 May 2026, 11:59 PM
[2026-08-09 18:08:51]      • [Quiz] Pre-Test (M9) → Deadline: Tidak diketahui
[2026-08-09 18:08:55]      • [Materi] Sesi Hands-on Praktikum URL → Deadline: -
[2026-08-09 18:08:59]      • [Quiz] Post-Test (M9) → Deadline: Tidak diketahui
[2026-08-09 18:09:03]      • [Assignment] Pengumpulan Tugas (M9) → Deadline: Saturday, 16 May 2026, 11:59 PM
[2026-08-09 18:09:08]      • [Quiz] Pre-Test (M3) → Deadline: Tidak diketahui
[2026-08-09 18:09:12]      • [Materi] Sesi Praktikum URL → Deadline: -
[2026-08-09 18:09:16]      • [Materi] Video Tutorial: Menambahkan File pada Mesin DGX URL → Deadline: -
[2026-08-09 18:09:20]      • [Quiz] Post-Test (M3) → Deadline: Tidak diketahui
[2026-08-09 18:09:25]      • [Assignment] Pengumpulan Tugas (M3) → Deadline: Saturday, 23 May 2026, 11:59 PM
[2026-08-09 18:09:29]      • [Quiz] Pre-Test (M7) → Deadline: Tidak diketahui
[2026-08-09 18:09:33]      • [Materi] Link File Praktikum I - 3-Tekrek-Find-Center.ipynb → Deadline: -
[2026-08-09 18:09:37]      • [Materi] Link File Praktikum II - 3-Tekrek-Sortest-Path.ipynb → Deadline: -
[2026-08-09 18:09:41]      • [Materi] Video Tutorial: Mendownload File IPYNB di Virtual Class URL → Deadline: -
[2026-08-09 18:09:45]      • [Quiz] Post-Test (M7) → Deadline: Tidak diketahui
[2026-08-09 18:09:50]      • [Assignment] Laporan Akhir (M7) → Deadline: Saturday, 23 May 2026, 11:59 PM
[2026-08-09 18:09:54] 📦 Total tugas ditemukan: 126
[2026-08-09 18:09:54] 💾 Disimpan ke python/node/tugas.json
