[2026-07-03 09:45:44] 🔐 Login ke V-Class...
[2026-07-03 09:45:44] ✅ Login berhasil
[2026-07-03 09:45:44] 📚 Mengambil mata kuliah ID 108486 ...
[2026-07-03 09:45:44]   ➤ ATA 2025/2026 | 3KB01 | Jaringan Komputer Lanjut | VIVIEN NOVA FITHRIANA
[2026-07-03 09:45:44]      • [Materi] Announcements Forum → Deadline: -
[2026-07-03 09:45:49]      • [Materi] M1 File → Deadline: -
[2026-07-03 09:45:53]      • [Materi] M2 File → Deadline: -
[2026-07-03 09:45:57]      • [Materi] M3 File → Deadline: -
[2026-07-03 09:46:01]      • [Materi] M4 File → Deadline: -
[2026-07-03 09:46:06]      • [Materi] M5 File → Deadline: -
[2026-07-03 09:46:10]      • [Materi] M6 File → Deadline: -
[2026-07-03 09:46:14]      • [Materi] M7 File → Deadline: -
[2026-07-03 09:46:19]      • [Materi] VC-1 : Traffic dan Algoritma Kendali Kemacetan File → Deadline: -
[2026-07-03 09:46:22]      • [Materi] VC-1 : Traffic dan Algoritma Kendali Kemacetan File → Deadline: -
[2026-07-03 09:46:26]      • [Materi] Forum VC-1 : Traffic dan Algoritma Kendali Kemacetan → Deadline: -
[2026-07-03 09:46:30]      • [Quiz] Latihan Soal VC-1 : Traffic dan Algoritma Kendali Kemacetan → Deadline: Tidak diketahui
[2026-07-03 09:46:35]      • [Materi] VC-2 : Traffic dan Algoritma Kendali Kemacetan - Bagian 2 File → Deadline: -
[2026-07-03 09:46:39]      • [Materi] Forum VC-2 : Traffic dan Algoritma Kendali Kemacetan - Bagian 2 → Deadline: -
[2026-07-03 09:46:44]      • [Quiz] Latihan Soal VC-2 : Traffic dan Algoritma Kendali Kemacetan - Bagian 2 → Deadline: Tidak diketahui
[2026-07-03 09:46:48]      • [Materi] VC-3 : Lapisan Transport File → Deadline: -
[2026-07-03 09:46:52]      • [Materi] Forum VC-3 : Lapisan Transport → Deadline: -
[2026-07-03 09:46:57]      • [Quiz] Latihan Soal VC-3 : Lapisan Transport → Deadline: Wednesday, 15 July 2026, 11:59 PM
[2026-07-03 09:47:00] 📚 Mengambil mata kuliah ID 108172 ...
[2026-07-03 09:47:00]   ➤ ATA 2025/2026 | 3KB01 | Internet of Things (IoT) | PURNAWARMAN MUSA
[2026-07-03 09:47:00]      • [Materi] Announcements Forum → Deadline: -
[2026-07-03 09:47:05]      • [Materi] M6 File → Deadline: -
[2026-07-03 09:47:09]      • [Quiz] Soal (Tugas Individu) → Deadline: Tidak diketahui
[2026-07-03 09:47:13]      • [Quiz] Soal (Tugas Individu) → Deadline: Tidak diketahui
[2026-07-03 09:47:18] 📚 Mengambil mata kuliah ID 109563 ...
[2026-07-03 09:47:18]   ➤ ATA 2025/2026 | 3KB01 | Sistem Tertanam (Embedded) * | RIDHA ISKANDAR
[2026-07-03 09:47:18]      • [Materi] Selamat Datang di V-Class Sistem Tertanam (Embedded) Forum → Deadline: -
[2026-07-03 09:47:23]      • [Assignment] File 1 → Deadline: Sunday, 26 April 2026, 12:00 AM
[2026-07-03 09:47:26] 📚 Mengambil mata kuliah ID 109970 ...
[2026-07-03 09:47:26]   ➤ ATA 2025/2026 | 2EB10 | Bahasa Indonesia | MELANIAWATI
[2026-07-03 09:47:26] 📚 Mengambil mata kuliah ID 107919 ...
[2026-07-03 09:47:27]   ➤ ATA 2025/2026 | 3KB01 | Sistem Cerdas Lanjut | NUR SULTAN SALAHUDDIN
[2026-07-03 09:47:27]      • [Materi] Announcements Forum → Deadline: -
[2026-07-03 09:47:30]      • [Assignment] Sistem Kesehatan Cerdas → Deadline: Thursday, 21 May 2026, 12:00 AM
[2026-07-03 09:47:35]      • [Quiz] Sistem Kesehatan Cerdas → Deadline: Tidak diketahui
[2026-07-03 09:47:39] 📚 Mengambil mata kuliah ID 107291 ...
[2026-07-03 09:47:39]   ➤ ATA 2025/2026 | 3KB01 | Pengantarmukaan Perif.Komputer * | FARID THALIB
[2026-07-03 09:47:39]      • [Materi] Announcements Forum → Deadline: -
[2026-07-03 09:47:44] 📚 Mengambil mata kuliah ID 104438 ...
[2026-07-03 09:47:44]   ➤ ATA 2025/2026 | 3-FIKTI | Terapan Teori Graf | TEAM TEACHING
[2026-07-03 09:47:44]      • [Materi] PEMBERITAHUAN UTS SUSULAN File → Deadline: -
[2026-07-03 09:47:49]      • [Materi] PEMBERITAHUAN PELAKSANAAN TEAM TEACHING TERAPAN TEORI GRAF Forum → Deadline: -
[2026-07-03 09:47:52]      • [Materi] M1: Pendahuluan Teori Graf File → Deadline: -
[2026-07-03 09:47:56]      • [Materi] Video Literasi M1: Pendahuluan Teori Graf URL → Deadline: -
[2026-07-03 09:48:01]      • [Quiz] Kuis M1 [kelas PAGI] → Deadline: Tidak diketahui
[2026-07-03 09:48:05]      • [Quiz] Kuis M1 [kelas MALAM] → Deadline: Tidak diketahui
[2026-07-03 09:48:10]      • [Materi] M2: Graf Tidak Berarah dan Graf Berbobot File → Deadline: -
[2026-07-03 09:48:14]      • [Materi] Video Literasi M2 : Graf Tidak Berarah dan Graf Berbobot URL → Deadline: -
[2026-07-03 09:48:19]      • [Quiz] Kuis M2 [KELAS PAGI] : Graf Tidak Berarah dan Graf Berbobot → Deadline: Tidak diketahui
[2026-07-03 09:48:24]      • [Quiz] Kuis M2 [KELAS MALAM] : Graf Tidak Berarah dan Graf Berbobot → Deadline: Tidak diketahui
[2026-07-03 09:48:29]      • [Materi] M4 : Aplikasi Teori Graf di Teknik Elektro File → Deadline: -
[2026-07-03 09:48:33]      • [Materi] Video Literasi M4 : Aplikasi Teori Graf di Teknik Elektro URL → Deadline: -
[2026-07-03 09:48:38]      • [Quiz] Kuis M4 [KELAS PAGI]: Aplikasi Teori Graf di Teknik Elektro → Deadline: Tidak diketahui
[2026-07-03 09:48:42]      • [Quiz] Kuis M4 [KELAS MALAM]: Aplikasi Teori Graf di Teknik Elektro → Deadline: Tidak diketahui
[2026-07-03 09:48:46]      • [Materi] M5 : Knowledge Graph dan Database Graph File → Deadline: -
[2026-07-03 09:48:51]      • [Materi] Video Literasi  M5 : Knowledge Graph dan Database Graph URL → Deadline: -
[2026-07-03 09:48:54]      • [Quiz] Kuis M5 [KELAS PAGI] : nowledge Graph dan Database Graph → Deadline: Tidak diketahui
[2026-07-03 09:48:58]      • [Quiz] Kuis M5 [KELAS MALAM] : Knowledge Graph dan Database Graph → Deadline: Tidak diketahui
[2026-07-03 09:49:03]      • [Materi] M6 : Graf Berarah dan Implementasinya File → Deadline: -
[2026-07-03 09:49:07]      • [Materi] Video Literasi M6 : Graf Berarah dan Implementasinya URL → Deadline: -
[2026-07-03 09:49:11]      • [Quiz] Kuis M6 [KELAS PAGI] : Graf Berarah dan Implementasinya → Deadline: Tidak diketahui
[2026-07-03 09:49:15]      • [Quiz] Kuis M6 [KELAS MALAM] : Graf Berarah dan Implementasinya → Deadline: Tidak diketahui
[2026-07-03 09:49:19]      • [Materi] M8 : Penerapan Teori Graf di Bidang Teknik Sipil File → Deadline: -
[2026-07-03 09:49:23]      • [Materi] Video Literasi M8 : Penerapan Teori Graf di Bidang Teknik Sipil URL → Deadline: -
[2026-07-03 09:49:28]      • [Quiz] Kuis M8 [KELAS PAGI] : Penerapan Teori Graf di Bidang Teknik Sipil → Deadline: Tidak diketahui
[2026-07-03 09:49:33]      • [Quiz] Kuis M8 [KELAS MALAM] : Penerapan Teori Graf di Bidang Teknik Sipil → Deadline: Tidak diketahui
[2026-07-03 09:49:38]      • [Materi] M10 : Penerapan Teori Graf  di Bidang Teknik Industri File → Deadline: -
[2026-07-03 09:49:42]      • [Materi] Video Literasi M10 : Penerapan Teori Graf  di Bidang Teknik Industri URL → Deadline: -
[2026-07-03 09:49:47]      • [Quiz] Kuis M10 [kelas pagi] : Penerapan Teori Graf  di Bidang Teknik Industri → Deadline: Tidak diketahui
[2026-07-03 09:49:51]      • [Quiz] Kuis M10 [kelas malam]: Penerapan Teori Graf  di Bidang Teknik Industri → Deadline: Tidak diketahui
[2026-07-03 09:49:56]      • [Materi] M11 : Program Dinamis dan Permasalahan Tata Letak Fasilitas File → Deadline: -
[2026-07-03 09:50:01]      • [Materi] video literasi : Program Dinamis dan Permasalahan Tata Letak Fasilitas URL → Deadline: -
[2026-07-03 09:50:05]      • [Quiz] Kuis M11 [kelas PAGI]: Program Dinamis dan Permasalahan Tata Letak Fasilitas → Deadline: Tidak diketahui
[2026-07-03 09:50:09]      • [Quiz] Kuis M11 [kelas MALAM]: Program Dinamis dan Permasalahan Tata Letak Fasilitas → Deadline: Tidak diketahui
[2026-07-03 09:50:13]      • [Materi] Video literasi M12: Algoritma Greedy pada Graf URL → Deadline: -
[2026-07-03 09:50:17]      • [Quiz] Kuis M12 [kelas PAGI] → Deadline: Friday, 3 July 2026, 3:00 PM
[2026-07-03 09:50:22]      • [Quiz] Kuis M12 [kelas MALAM] → Deadline: Friday, 3 July 2026, 9:00 PM
[2026-07-03 09:50:26] 📚 Mengambil mata kuliah ID 104413 ...
[2026-07-03 09:50:26]   ➤ ATA 2025/2026 | 3-FIKTI | Praktikum Terapan Teori Graf
[2026-07-03 09:50:26]      • [Materi] Panduan Praktikum  Forum → Deadline: -
[2026-07-03 09:50:31]      • [Materi] Panduan Google Collaboratory URL → Deadline: -
[2026-07-03 09:50:36]      • [Materi] Panduan Instalasi Anaconda URL → Deadline: -
[2026-07-03 09:50:40]      • [Quiz] Pre-Test (M1) → Deadline: Tidak diketahui
[2026-07-03 09:50:45]      • [Materi] 1.1  Pengantar: Teori Graf URL → Deadline: -
[2026-07-03 09:50:49]      • [Materi] 1.2  Sesi Hands-on Praktikum URL → Deadline: -
[2026-07-03 09:50:53]      • [Materi] 1.3 Tutorial Menambahkan File pada Mesin DGX URL → Deadline: -
[2026-07-03 09:50:57]      • [Quiz] Post-Test (M1) → Deadline: Tidak diketahui
[2026-07-03 09:51:02]      • [Assignment] Pengumpulan Tugas (M1) → Deadline: Saturday, 7 March 2026, 11:59 PM
[2026-07-03 09:51:07]      • [Quiz] Pre-Test (M2) → Deadline: Tidak diketahui
[2026-07-03 09:51:10]      • [Materi] 2.1  Pengantar: Berbagai Pemecahan Masalah Menggunakan Teori Graf Page → Deadline: -
[2026-07-03 09:51:15]      • [Quiz] Post-Test (M2) → Deadline: Tidak diketahui
[2026-07-03 09:51:19]      • [Assignment] Pengumpulan Tugas (M2) → Deadline: Saturday, 14 March 2026, 11:59 PM
[2026-07-03 09:51:23]      • [Quiz] Pre-Test (M4) → Deadline: Tidak diketahui
[2026-07-03 09:51:27]      • [Materi] 4.1  Pengantar: Breadth First Search URL → Deadline: -
[2026-07-03 09:51:31]      • [Materi] Sesi Praktikum File → Deadline: -
[2026-07-03 09:51:36]      • [Materi] Video Tutorial: Mendownload File IPYNB di Virtual Class URL → Deadline: -
[2026-07-03 09:51:40]      • [Quiz] Post-Test (M4) → Deadline: Tidak diketahui
[2026-07-03 09:51:44]      • [Assignment] Laporan Akhir (M4) → Deadline: Saturday, 11 April 2026, 11:59 PM
[2026-07-03 09:51:48]      • [Quiz] Pre-Test (M5) → Deadline: Tidak diketahui
[2026-07-03 09:51:52]      • [Materi] Sesi Praktikum URL → Deadline: -
[2026-07-03 09:51:56]      • [Quiz] Post-Test (M5) → Deadline: Tidak diketahui
[2026-07-03 09:52:00]      • [Assignment] Laporan Akhir (M5) → Deadline: Saturday, 18 April 2026, 11:59 PM
[2026-07-03 09:52:04]      • [Quiz] Pre-Test (M6) → Deadline: Tidak diketahui
[2026-07-03 09:52:09]      • [Materi] 6.1  Pendahuluan: Algoritma Dasar Tree URL → Deadline: -
[2026-07-03 09:52:13]      • [Materi] Sesi Praktikum File → Deadline: -
[2026-07-03 09:52:17]      • [Quiz] Post-Test (M6) → Deadline: Tidak diketahui
[2026-07-03 09:52:22]      • [Assignment] Laporan Akhir (M6) → Deadline: Saturday, 25 April 2026, 11:59 PM
[2026-07-03 09:52:26]      • [Quiz] Pre-Test (M8) → Deadline: Tidak diketahui
[2026-07-03 09:52:30]      • [Materi] 8.1  Pendahuluan: Implementasi Graph URL → Deadline: -
[2026-07-03 09:52:34]      • [Materi] Link File Praktikum I - family.pl → Deadline: -
[2026-07-03 09:52:38]      • [Materi] Link File Praktikum II - 8-puzzles.ipynb → Deadline: -
[2026-07-03 09:52:42]      • [Materi] Video Tutorial: Mendownload File IPYNB di Virtual Class URL → Deadline: -
[2026-07-03 09:52:46]      • [Quiz] Post-Test (M8) → Deadline: Tidak diketahui
[2026-07-03 09:52:50]      • [Assignment] Laporan Akhir (M8) → Deadline: Saturday, 9 May 2026, 11:59 PM
[2026-07-03 09:52:55]      • [Quiz] Pre-Test (M9) → Deadline: Tidak diketahui
[2026-07-03 09:52:59]      • [Materi] Sesi Hands-on Praktikum URL → Deadline: -
[2026-07-03 09:53:03]      • [Quiz] Post-Test (M9) → Deadline: Tidak diketahui
[2026-07-03 09:53:08]      • [Assignment] Pengumpulan Tugas (M9) → Deadline: Saturday, 16 May 2026, 11:59 PM
[2026-07-03 09:53:13]      • [Quiz] Pre-Test (M3) → Deadline: Tidak diketahui
[2026-07-03 09:53:17]      • [Materi] Sesi Praktikum URL → Deadline: -
[2026-07-03 09:53:21]      • [Materi] Video Tutorial: Menambahkan File pada Mesin DGX URL → Deadline: -
[2026-07-03 09:53:25]      • [Quiz] Post-Test (M3) → Deadline: Tidak diketahui
[2026-07-03 09:53:29]      • [Assignment] Pengumpulan Tugas (M3) → Deadline: Saturday, 23 May 2026, 11:59 PM
[2026-07-03 09:53:34]      • [Quiz] Pre-Test (M7) → Deadline: Tidak diketahui
[2026-07-03 09:53:39]      • [Materi] Link File Praktikum I - 3-Tekrek-Find-Center.ipynb → Deadline: -
[2026-07-03 09:53:43]      • [Materi] Link File Praktikum II - 3-Tekrek-Sortest-Path.ipynb → Deadline: -
[2026-07-03 09:53:47]      • [Materi] Video Tutorial: Mendownload File IPYNB di Virtual Class URL → Deadline: -
[2026-07-03 09:53:51]      • [Quiz] Post-Test (M7) → Deadline: Tidak diketahui
[2026-07-03 09:53:56]      • [Assignment] Laporan Akhir (M7) → Deadline: Saturday, 23 May 2026, 11:59 PM
[2026-07-03 09:54:01] 📦 Total tugas ditemukan: 115
[2026-07-03 09:54:01] 💾 Disimpan ke python/node/tugas.json
[2026-07-03 18:00:01] 🔐 Login ke V-Class...
[2026-07-03 18:00:02] ✅ Login berhasil
[2026-07-03 18:00:02] 📚 Mengambil mata kuliah ID 108486 ...
[2026-07-03 18:00:02]   ➤ ATA 2025/2026 | 3KB01 | Jaringan Komputer Lanjut | VIVIEN NOVA FITHRIANA
[2026-07-03 18:00:02]      • [Materi] Announcements Forum → Deadline: -
[2026-07-03 18:00:06]      • [Materi] M1 File → Deadline: -
[2026-07-03 18:00:10]      • [Materi] M2 File → Deadline: -
[2026-07-03 18:00:15]      • [Materi] M3 File → Deadline: -
[2026-07-03 18:00:19]      • [Materi] M4 File → Deadline: -
[2026-07-03 18:00:23]      • [Materi] M5 File → Deadline: -
[2026-07-03 18:00:28]      • [Materi] M6 File → Deadline: -
[2026-07-03 18:00:32]      • [Materi] M7 File → Deadline: -
[2026-07-03 18:00:36]      • [Materi] VC-1 : Traffic dan Algoritma Kendali Kemacetan File → Deadline: -
[2026-07-03 18:00:40]      • [Materi] VC-1 : Traffic dan Algoritma Kendali Kemacetan File → Deadline: -
[2026-07-03 18:00:45]      • [Materi] Forum VC-1 : Traffic dan Algoritma Kendali Kemacetan → Deadline: -
[2026-07-03 18:00:50]      • [Quiz] Latihan Soal VC-1 : Traffic dan Algoritma Kendali Kemacetan → Deadline: Tidak diketahui
[2026-07-03 18:00:55]      • [Materi] VC-2 : Traffic dan Algoritma Kendali Kemacetan - Bagian 2 File → Deadline: -
[2026-07-03 18:00:58]      • [Materi] Forum VC-2 : Traffic dan Algoritma Kendali Kemacetan - Bagian 2 → Deadline: -
[2026-07-03 18:01:03]      • [Quiz] Latihan Soal VC-2 : Traffic dan Algoritma Kendali Kemacetan - Bagian 2 → Deadline: Tidak diketahui
[2026-07-03 18:01:08]      • [Materi] VC-3 : Lapisan Transport File → Deadline: -
[2026-07-03 18:01:12]      • [Materi] Forum VC-3 : Lapisan Transport → Deadline: -
[2026-07-03 18:01:17]      • [Quiz] Latihan Soal VC-3 : Lapisan Transport → Deadline: Wednesday, 15 July 2026, 11:59 PM
[2026-07-03 18:01:21] 📚 Mengambil mata kuliah ID 108172 ...
[2026-07-03 18:01:21]   ➤ ATA 2025/2026 | 3KB01 | Internet of Things (IoT) | PURNAWARMAN MUSA
[2026-07-03 18:01:21]      • [Materi] Announcements Forum → Deadline: -
[2026-07-03 18:01:25]      • [Materi] M6 File → Deadline: -
[2026-07-03 18:01:29]      • [Quiz] Soal (Tugas Individu) → Deadline: Tidak diketahui
[2026-07-03 18:01:33]      • [Quiz] Soal (Tugas Individu) → Deadline: Tidak diketahui
[2026-07-03 18:01:38] 📚 Mengambil mata kuliah ID 109563 ...
[2026-07-03 18:01:38]   ➤ ATA 2025/2026 | 3KB01 | Sistem Tertanam (Embedded) * | RIDHA ISKANDAR
[2026-07-03 18:01:38]      • [Materi] Selamat Datang di V-Class Sistem Tertanam (Embedded) Forum → Deadline: -
[2026-07-03 18:01:43]      • [Assignment] File 1 → Deadline: Sunday, 26 April 2026, 12:00 AM
[2026-07-03 18:01:47] 📚 Mengambil mata kuliah ID 109970 ...
[2026-07-03 18:01:47]   ➤ ATA 2025/2026 | 2EB10 | Bahasa Indonesia | MELANIAWATI
[2026-07-03 18:01:47] 📚 Mengambil mata kuliah ID 107919 ...
[2026-07-03 18:01:47]   ➤ ATA 2025/2026 | 3KB01 | Sistem Cerdas Lanjut | NUR SULTAN SALAHUDDIN
[2026-07-03 18:01:47]      • [Materi] Announcements Forum → Deadline: -
[2026-07-03 18:01:51]      • [Assignment] Sistem Kesehatan Cerdas → Deadline: Thursday, 21 May 2026, 12:00 AM
[2026-07-03 18:01:55]      • [Quiz] Sistem Kesehatan Cerdas → Deadline: Tidak diketahui
[2026-07-03 18:01:59] 📚 Mengambil mata kuliah ID 107291 ...
[2026-07-03 18:01:59]   ➤ ATA 2025/2026 | 3KB01 | Pengantarmukaan Perif.Komputer * | FARID THALIB
[2026-07-03 18:01:59]      • [Materi] Announcements Forum → Deadline: -
[2026-07-03 18:02:03] 📚 Mengambil mata kuliah ID 104438 ...
[2026-07-03 18:02:03]   ➤ ATA 2025/2026 | 3-FIKTI | Terapan Teori Graf | TEAM TEACHING
[2026-07-03 18:02:03]      • [Materi] PEMBERITAHUAN UTS SUSULAN File → Deadline: -
[2026-07-03 18:02:08]      • [Materi] PEMBERITAHUAN PELAKSANAAN TEAM TEACHING TERAPAN TEORI GRAF Forum → Deadline: -
[2026-07-03 18:02:13]      • [Materi] M1: Pendahuluan Teori Graf File → Deadline: -
[2026-07-03 18:02:17]      • [Materi] Video Literasi M1: Pendahuluan Teori Graf URL → Deadline: -
[2026-07-03 18:02:21]      • [Quiz] Kuis M1 [kelas PAGI] → Deadline: Tidak diketahui
[2026-07-03 18:02:26]      • [Quiz] Kuis M1 [kelas MALAM] → Deadline: Tidak diketahui
[2026-07-03 18:02:30]      • [Materi] M2: Graf Tidak Berarah dan Graf Berbobot File → Deadline: -
[2026-07-03 18:02:34]      • [Materi] Video Literasi M2 : Graf Tidak Berarah dan Graf Berbobot URL → Deadline: -
[2026-07-03 18:02:39]      • [Quiz] Kuis M2 [KELAS PAGI] : Graf Tidak Berarah dan Graf Berbobot → Deadline: Tidak diketahui
[2026-07-03 18:02:44]      • [Quiz] Kuis M2 [KELAS MALAM] : Graf Tidak Berarah dan Graf Berbobot → Deadline: Tidak diketahui
[2026-07-03 18:02:48]      • [Materi] M4 : Aplikasi Teori Graf di Teknik Elektro File → Deadline: -
[2026-07-03 18:02:52]      • [Materi] Video Literasi M4 : Aplikasi Teori Graf di Teknik Elektro URL → Deadline: -
[2026-07-03 18:02:56]      • [Quiz] Kuis M4 [KELAS PAGI]: Aplikasi Teori Graf di Teknik Elektro → Deadline: Tidak diketahui
[2026-07-03 18:02:59]      • [Quiz] Kuis M4 [KELAS MALAM]: Aplikasi Teori Graf di Teknik Elektro → Deadline: Tidak diketahui
[2026-07-03 18:03:03]      • [Materi] M5 : Knowledge Graph dan Database Graph File → Deadline: -
[2026-07-03 18:03:07]      • [Materi] Video Literasi  M5 : Knowledge Graph dan Database Graph URL → Deadline: -
[2026-07-03 18:03:11]      • [Quiz] Kuis M5 [KELAS PAGI] : nowledge Graph dan Database Graph → Deadline: Tidak diketahui
[2026-07-03 18:03:16]      • [Quiz] Kuis M5 [KELAS MALAM] : Knowledge Graph dan Database Graph → Deadline: Tidak diketahui
[2026-07-03 18:03:20]      • [Materi] M6 : Graf Berarah dan Implementasinya File → Deadline: -
[2026-07-03 18:03:24]      • [Materi] Video Literasi M6 : Graf Berarah dan Implementasinya URL → Deadline: -
[2026-07-03 18:03:28]      • [Quiz] Kuis M6 [KELAS PAGI] : Graf Berarah dan Implementasinya → Deadline: Tidak diketahui
[2026-07-03 18:03:32]      • [Quiz] Kuis M6 [KELAS MALAM] : Graf Berarah dan Implementasinya → Deadline: Tidak diketahui
[2026-07-03 18:03:37]      • [Materi] M8 : Penerapan Teori Graf di Bidang Teknik Sipil File → Deadline: -
[2026-07-03 18:03:41]      • [Materi] Video Literasi M8 : Penerapan Teori Graf di Bidang Teknik Sipil URL → Deadline: -
[2026-07-03 18:03:46]      • [Quiz] Kuis M8 [KELAS PAGI] : Penerapan Teori Graf di Bidang Teknik Sipil → Deadline: Tidak diketahui
[2026-07-03 18:03:50]      • [Quiz] Kuis M8 [KELAS MALAM] : Penerapan Teori Graf di Bidang Teknik Sipil → Deadline: Tidak diketahui
[2026-07-03 18:03:54]      • [Materi] M10 : Penerapan Teori Graf  di Bidang Teknik Industri File → Deadline: -
[2026-07-03 18:03:59]      • [Materi] Video Literasi M10 : Penerapan Teori Graf  di Bidang Teknik Industri URL → Deadline: -
[2026-07-03 18:04:04]      • [Quiz] Kuis M10 [kelas pagi] : Penerapan Teori Graf  di Bidang Teknik Industri → Deadline: Tidak diketahui
[2026-07-03 18:04:08]      • [Quiz] Kuis M10 [kelas malam]: Penerapan Teori Graf  di Bidang Teknik Industri → Deadline: Tidak diketahui
[2026-07-03 18:04:12]      • [Materi] M11 : Program Dinamis dan Permasalahan Tata Letak Fasilitas File → Deadline: -
[2026-07-03 18:04:16]      • [Materi] video literasi : Program Dinamis dan Permasalahan Tata Letak Fasilitas URL → Deadline: -
[2026-07-03 18:04:20]      • [Quiz] Kuis M11 [kelas PAGI]: Program Dinamis dan Permasalahan Tata Letak Fasilitas → Deadline: Tidak diketahui
[2026-07-03 18:04:25]      • [Quiz] Kuis M11 [kelas MALAM]: Program Dinamis dan Permasalahan Tata Letak Fasilitas → Deadline: Tidak diketahui
[2026-07-03 18:04:30]      • [Materi] Video literasi M12: Algoritma Greedy pada Graf URL → Deadline: -
[2026-07-03 18:04:34]      • [Quiz] Kuis M12 [kelas PAGI] → Deadline: Tidak diketahui
[2026-07-03 18:04:38]      • [Quiz] Kuis M12 [kelas MALAM] → Deadline: Friday, 3 July 2026, 9:00 PM
[2026-07-03 18:04:43] 📚 Mengambil mata kuliah ID 104413 ...
[2026-07-03 18:04:43]   ➤ ATA 2025/2026 | 3-FIKTI | Praktikum Terapan Teori Graf
[2026-07-03 18:04:43]      • [Materi] Panduan Praktikum  Forum → Deadline: -
[2026-07-03 18:04:48]      • [Materi] Panduan Google Collaboratory URL → Deadline: -
[2026-07-03 18:04:52]      • [Materi] Panduan Instalasi Anaconda URL → Deadline: -
[2026-07-03 18:04:57]      • [Quiz] Pre-Test (M1) → Deadline: Tidak diketahui
[2026-07-03 18:05:02]      • [Materi] 1.1  Pengantar: Teori Graf URL → Deadline: -
[2026-07-03 18:05:06]      • [Materi] 1.2  Sesi Hands-on Praktikum URL → Deadline: -
[2026-07-03 18:05:11]      • [Materi] 1.3 Tutorial Menambahkan File pada Mesin DGX URL → Deadline: -
[2026-07-03 18:05:15]      • [Quiz] Post-Test (M1) → Deadline: Tidak diketahui
[2026-07-03 18:05:20]      • [Assignment] Pengumpulan Tugas (M1) → Deadline: Saturday, 7 March 2026, 11:59 PM
[2026-07-03 18:05:25]      • [Quiz] Pre-Test (M2) → Deadline: Tidak diketahui
[2026-07-03 18:05:29]      • [Materi] 2.1  Pengantar: Berbagai Pemecahan Masalah Menggunakan Teori Graf Page → Deadline: -
[2026-07-03 18:05:34]      • [Quiz] Post-Test (M2) → Deadline: Tidak diketahui
[2026-07-03 18:05:39]      • [Assignment] Pengumpulan Tugas (M2) → Deadline: Saturday, 14 March 2026, 11:59 PM
[2026-07-03 18:05:43]      • [Quiz] Pre-Test (M4) → Deadline: Tidak diketahui
[2026-07-03 18:05:47]      • [Materi] 4.1  Pengantar: Breadth First Search URL → Deadline: -
[2026-07-03 18:05:51]      • [Materi] Sesi Praktikum File → Deadline: -
[2026-07-03 18:05:55]      • [Materi] Video Tutorial: Mendownload File IPYNB di Virtual Class URL → Deadline: -
[2026-07-03 18:06:00]      • [Quiz] Post-Test (M4) → Deadline: Tidak diketahui
[2026-07-03 18:06:05]      • [Assignment] Laporan Akhir (M4) → Deadline: Saturday, 11 April 2026, 11:59 PM
[2026-07-03 18:06:09]      • [Quiz] Pre-Test (M5) → Deadline: Tidak diketahui
[2026-07-03 18:06:13]      • [Materi] Sesi Praktikum URL → Deadline: -
[2026-07-03 18:06:17]      • [Quiz] Post-Test (M5) → Deadline: Tidak diketahui
[2026-07-03 18:06:21]      • [Assignment] Laporan Akhir (M5) → Deadline: Saturday, 18 April 2026, 11:59 PM
[2026-07-03 18:06:26]      • [Quiz] Pre-Test (M6) → Deadline: Tidak diketahui
[2026-07-03 18:06:30]      • [Materi] 6.1  Pendahuluan: Algoritma Dasar Tree URL → Deadline: -
[2026-07-03 18:06:34]      • [Materi] Sesi Praktikum File → Deadline: -
[2026-07-03 18:06:38]      • [Quiz] Post-Test (M6) → Deadline: Tidak diketahui
[2026-07-03 18:06:43]      • [Assignment] Laporan Akhir (M6) → Deadline: Saturday, 25 April 2026, 11:59 PM
[2026-07-03 18:06:46]      • [Quiz] Pre-Test (M8) → Deadline: Tidak diketahui
[2026-07-03 18:06:50]      • [Materi] 8.1  Pendahuluan: Implementasi Graph URL → Deadline: -
[2026-07-03 18:06:55]      • [Materi] Link File Praktikum I - family.pl → Deadline: -
[2026-07-03 18:06:59]      • [Materi] Link File Praktikum II - 8-puzzles.ipynb → Deadline: -
[2026-07-03 18:07:03]      • [Materi] Video Tutorial: Mendownload File IPYNB di Virtual Class URL → Deadline: -
[2026-07-03 18:07:08]      • [Quiz] Post-Test (M8) → Deadline: Tidak diketahui
[2026-07-03 18:07:12]      • [Assignment] Laporan Akhir (M8) → Deadline: Saturday, 9 May 2026, 11:59 PM
[2026-07-03 18:07:16]      • [Quiz] Pre-Test (M9) → Deadline: Tidak diketahui
[2026-07-03 18:07:20]      • [Materi] Sesi Hands-on Praktikum URL → Deadline: -
[2026-07-03 18:07:24]      • [Quiz] Post-Test (M9) → Deadline: Tidak diketahui
[2026-07-03 18:07:29]      • [Assignment] Pengumpulan Tugas (M9) → Deadline: Saturday, 16 May 2026, 11:59 PM
[2026-07-03 18:07:34]      • [Quiz] Pre-Test (M3) → Deadline: Tidak diketahui
[2026-07-03 18:07:38]      • [Materi] Sesi Praktikum URL → Deadline: -
[2026-07-03 18:07:42]      • [Materi] Video Tutorial: Menambahkan File pada Mesin DGX URL → Deadline: -
[2026-07-03 18:07:46]      • [Quiz] Post-Test (M3) → Deadline: Tidak diketahui
[2026-07-03 18:07:51]      • [Assignment] Pengumpulan Tugas (M3) → Deadline: Saturday, 23 May 2026, 11:59 PM
[2026-07-03 18:07:55]      • [Quiz] Pre-Test (M7) → Deadline: Tidak diketahui
[2026-07-03 18:07:59]      • [Materi] Link File Praktikum I - 3-Tekrek-Find-Center.ipynb → Deadline: -
[2026-07-03 18:08:03]      • [Materi] Link File Praktikum II - 3-Tekrek-Sortest-Path.ipynb → Deadline: -
[2026-07-03 18:08:08]      • [Materi] Video Tutorial: Mendownload File IPYNB di Virtual Class URL → Deadline: -
[2026-07-03 18:08:12]      • [Quiz] Post-Test (M7) → Deadline: Tidak diketahui
[2026-07-03 18:08:15]      • [Assignment] Laporan Akhir (M7) → Deadline: Saturday, 23 May 2026, 11:59 PM
[2026-07-03 18:08:20] 📦 Total tugas ditemukan: 115
[2026-07-03 18:08:20] 💾 Disimpan ke python/node/tugas.json
