[2026-05-18 09:45:19] 🔐 Login ke V-Class...
[2026-05-18 09:45:19] ✅ Login berhasil
[2026-05-18 09:45:19] 📚 Mengambil mata kuliah ID 108486 ...
[2026-05-18 09:45:20]   ➤ ATA 2025/2026 | 3KB01 | Jaringan Komputer Lanjut | VIVIEN NOVA FITHRIANA
[2026-05-18 09:45:20]      • [Materi] Announcements Forum → Deadline: -
[2026-05-18 09:45:24]      • [Materi] M1 File → Deadline: -
[2026-05-18 09:45:29]      • [Materi] M2 File → Deadline: -
[2026-05-18 09:45:32]      • [Materi] M3 File → Deadline: -
[2026-05-18 09:45:37]      • [Materi] M4 File → Deadline: -
[2026-05-18 09:45:41]      • [Materi] M5 File → Deadline: -
[2026-05-18 09:45:45]      • [Materi] M6 File → Deadline: -
[2026-05-18 09:45:49]      • [Materi] M7 File → Deadline: -
[2026-05-18 09:45:54]      • [Materi] VC-1 : Traffic dan Algoritma Kendali Kemacetan File → Deadline: -
[2026-05-18 09:45:58]      • [Materi] VC-1 : Traffic dan Algoritma Kendali Kemacetan File → Deadline: -
[2026-05-18 09:46:03]      • [Materi] Forum VC-1 : Traffic dan Algoritma Kendali Kemacetan → Deadline: -
[2026-05-18 09:46:08]      • [Quiz] Latihan Soal VC-1 : Traffic dan Algoritma Kendali Kemacetan → Deadline: Tidak diketahui
[2026-05-18 09:46:12]      • [Materi] VC-2 : Traffic dan Algoritma Kendali Kemacetan - Bagian 2 File → Deadline: -
[2026-05-18 09:46:16]      • [Materi] Forum VC-2 : Traffic dan Algoritma Kendali Kemacetan - Bagian 2 → Deadline: -
[2026-05-18 09:46:20]      • [Quiz] Latihan Soal VC-2 : Traffic dan Algoritma Kendali Kemacetan - Bagian 2 → Deadline: Monday, 25 May 2026, 11:59 PM
[2026-05-18 09:46:25] 📚 Mengambil mata kuliah ID 108172 ...
[2026-05-18 09:46:25]   ➤ ATA 2025/2026 | 3KB01 | Internet of Things (IoT) | PURNAWARMAN MUSA
[2026-05-18 09:46:25]      • [Materi] Announcements Forum → Deadline: -
[2026-05-18 09:46:29]      • [Materi] M6 File → Deadline: -
[2026-05-18 09:46:33]      • [Quiz] Soal (Tugas Individu) → Deadline: Tidak diketahui
[2026-05-18 09:46:38]      • [Quiz] Soal (Tugas Individu) → Deadline: Tidak diketahui
[2026-05-18 09:46:42]      • [Quiz] Soal Latihan → Deadline: Monday, 18 May 2026, 11:30 AM
[2026-05-18 09:46:45] 📚 Mengambil mata kuliah ID 109563 ...
[2026-05-18 09:46:46]   ➤ ATA 2025/2026 | 3KB01 | Sistem Tertanam (Embedded) * | RIDHA ISKANDAR
[2026-05-18 09:46:46]      • [Materi] Selamat Datang di V-Class Sistem Tertanam (Embedded) Forum → Deadline: -
[2026-05-18 09:46:50]      • [Assignment] File 1 → Deadline: Sunday, 26 April 2026, 12:00 AM
[2026-05-18 09:46:55] 📚 Mengambil mata kuliah ID 109970 ...
[2026-05-18 09:46:55]   ➤ ATA 2025/2026 | 2EB10 | Bahasa Indonesia | MELANIAWATI
[2026-05-18 09:46:55] 📚 Mengambil mata kuliah ID 107919 ...
[2026-05-18 09:46:56]   ➤ ATA 2025/2026 | 3KB01 | Sistem Cerdas Lanjut | NUR SULTAN SALAHUDDIN
[2026-05-18 09:46:56]      • [Materi] Announcements Forum → Deadline: -
[2026-05-18 09:47:01]      • [Assignment] Sistem Kesehatan Cerdas → Deadline: Thursday, 21 May 2026, 12:00 AM
[2026-05-18 09:47:04]      • [Quiz] Sistem Kesehatan Cerdas → Deadline: Thursday, 21 May 2026, 9:26 PM
[2026-05-18 09:47:08] 📚 Mengambil mata kuliah ID 107291 ...
[2026-05-18 09:47:08]   ➤ ATA 2025/2026 | 3KB01 | Pengantarmukaan Perif.Komputer * | FARID THALIB
[2026-05-18 09:47:08]      • [Materi] Announcements Forum → Deadline: -
[2026-05-18 09:47:13] 📚 Mengambil mata kuliah ID 104438 ...
[2026-05-18 09:47:13]   ➤ ATA 2025/2026 | 3-FIKTI | Terapan Teori Graf | TEAM TEACHING
[2026-05-18 09:47:13]      • [Materi] PEMBERITAHUAN PELAKSANAAN TEAM TEACHING TERAPAN TEORI GRAF Forum → Deadline: -
[2026-05-18 09:47:17]      • [Materi] M1: Pendahuluan Teori Graf File → Deadline: -
[2026-05-18 09:47:21]      • [Materi] Video Literasi M1: Pendahuluan Teori Graf URL → Deadline: -
[2026-05-18 09:47:25]      • [Quiz] Kuis M1 [kelas PAGI] → Deadline: Tidak diketahui
[2026-05-18 09:47:30]      • [Quiz] Kuis M1 [kelas MALAM] → Deadline: Tidak diketahui
[2026-05-18 09:47:34]      • [Materi] M2: Graf Tidak Berarah dan Graf Berbobot File → Deadline: -
[2026-05-18 09:47:38]      • [Materi] Video Literasi M2 : Graf Tidak Berarah dan Graf Berbobot URL → Deadline: -
[2026-05-18 09:47:42]      • [Quiz] Kuis M2 [KELAS PAGI] : Graf Tidak Berarah dan Graf Berbobot → Deadline: Tidak diketahui
[2026-05-18 09:47:45]      • [Quiz] Kuis M2 [KELAS MALAM] : Graf Tidak Berarah dan Graf Berbobot → Deadline: Tidak diketahui
[2026-05-18 09:47:50]      • [Materi] M4 : Aplikasi Teori Graf di Teknik Elektro File → Deadline: -
[2026-05-18 09:47:54]      • [Materi] Video Literasi M4 : Aplikasi Teori Graf di Teknik Elektro URL → Deadline: -
[2026-05-18 09:47:58]      • [Quiz] Kuis M4 [KELAS PAGI]: Aplikasi Teori Graf di Teknik Elektro → Deadline: Tidak diketahui
[2026-05-18 09:48:02]      • [Quiz] Kuis M4 [KELAS MALAM]: Aplikasi Teori Graf di Teknik Elektro → Deadline: Tidak diketahui
[2026-05-18 09:48:07]      • [Materi] M5 : Knowledge Graph dan Database Graph File → Deadline: -
[2026-05-18 09:48:12]      • [Materi] Video Literasi  M5 : Knowledge Graph dan Database Graph URL → Deadline: -
[2026-05-18 09:48:16]      • [Quiz] Kuis M5 [KELAS PAGI] : nowledge Graph dan Database Graph → Deadline: Tidak diketahui
[2026-05-18 09:48:21]      • [Quiz] Kuis M5 [KELAS MALAM] : Knowledge Graph dan Database Graph → Deadline: Tidak diketahui
[2026-05-18 09:48:25]      • [Materi] M6 : Graf Berarah dan Implementasinya File → Deadline: -
[2026-05-18 09:48:30]      • [Materi] Video Literasi M6 : Graf Berarah dan Implementasinya URL → Deadline: -
[2026-05-18 09:48:34]      • [Quiz] Kuis M6 [KELAS PAGI] : Graf Berarah dan Implementasinya → Deadline: Tidak diketahui
[2026-05-18 09:48:38]      • [Quiz] Kuis M6 [KELAS MALAM] : Graf Berarah dan Implementasinya → Deadline: Tidak diketahui
[2026-05-18 09:48:42]      • [Materi] M8 : Penerapan Teori Graf di Bidang Teknik Sipil File → Deadline: -
[2026-05-18 09:48:47]      • [Materi] Video Literasi M8 : Penerapan Teori Graf di Bidang Teknik Sipil URL → Deadline: -
[2026-05-18 09:48:52]      • [Quiz] Kuis M8 [KELAS PAGI] : Penerapan Teori Graf di Bidang Teknik Sipil → Deadline: Tidak diketahui
[2026-05-18 09:48:55]      • [Quiz] Kuis M8 [KELAS MALAM] : Penerapan Teori Graf di Bidang Teknik Sipil → Deadline: Tidak diketahui
[2026-05-18 09:48:59] 📚 Mengambil mata kuliah ID 104413 ...
[2026-05-18 09:48:59]   ➤ ATA 2025/2026 | 3-FIKTI | Praktikum Terapan Teori Graf
[2026-05-18 09:48:59]      • [Materi] Panduan Praktikum  Forum → Deadline: -
[2026-05-18 09:49:04]      • [Materi] Panduan Google Collaboratory URL → Deadline: -
[2026-05-18 09:49:08]      • [Materi] Panduan Instalasi Anaconda URL → Deadline: -
[2026-05-18 09:49:13]      • [Quiz] Pre-Test (M1) → Deadline: Tidak diketahui
[2026-05-18 09:49:17]      • [Materi] 1.1  Pengantar: Teori Graf URL → Deadline: -
[2026-05-18 09:49:21]      • [Materi] 1.2  Sesi Hands-on Praktikum URL → Deadline: -
[2026-05-18 09:49:26]      • [Materi] 1.3 Tutorial Menambahkan File pada Mesin DGX URL → Deadline: -
[2026-05-18 09:49:30]      • [Quiz] Post-Test (M1) → Deadline: Tidak diketahui
[2026-05-18 09:49:34]      • [Assignment] Pengumpulan Tugas (M1) → Deadline: Saturday, 7 March 2026, 11:59 PM
[2026-05-18 09:49:39]      • [Quiz] Pre-Test (M2) → Deadline: Tidak diketahui
[2026-05-18 09:49:43]      • [Materi] 2.1  Pengantar: Berbagai Pemecahan Masalah Menggunakan Teori Graf Page → Deadline: -
[2026-05-18 09:49:47]      • [Quiz] Post-Test (M2) → Deadline: Tidak diketahui
[2026-05-18 09:49:52]      • [Assignment] Pengumpulan Tugas (M2) → Deadline: Saturday, 14 March 2026, 11:59 PM
[2026-05-18 09:49:56]      • [Quiz] Pre-Test (M4) → Deadline: Tidak diketahui
[2026-05-18 09:50:00]      • [Materi] 4.1  Pengantar: Breadth First Search URL → Deadline: -
[2026-05-18 09:50:05]      • [Materi] Sesi Praktikum File → Deadline: -
[2026-05-18 09:50:09]      • [Materi] Video Tutorial: Mendownload File IPYNB di Virtual Class URL → Deadline: -
[2026-05-18 09:50:14]      • [Quiz] Post-Test (M4) → Deadline: Tidak diketahui
[2026-05-18 09:50:18]      • [Assignment] Laporan Akhir (M4) → Deadline: Saturday, 11 April 2026, 11:59 PM
[2026-05-18 09:50:22]      • [Quiz] Pre-Test (M5) → Deadline: Tidak diketahui
[2026-05-18 09:50:27]      • [Materi] Sesi Praktikum URL → Deadline: -
[2026-05-18 09:50:31]      • [Quiz] Post-Test (M5) → Deadline: Tidak diketahui
[2026-05-18 09:50:36]      • [Assignment] Laporan Akhir (M5) → Deadline: Saturday, 18 April 2026, 11:59 PM
[2026-05-18 09:50:40]      • [Quiz] Pre-Test (M6) → Deadline: Tidak diketahui
[2026-05-18 09:50:44]      • [Materi] 6.1  Pendahuluan: Algoritma Dasar Tree URL → Deadline: -
[2026-05-18 09:50:49]      • [Materi] Sesi Praktikum File → Deadline: -
[2026-05-18 09:50:53]      • [Quiz] Post-Test (M6) → Deadline: Tidak diketahui
[2026-05-18 09:50:58]      • [Assignment] Laporan Akhir (M6) → Deadline: Saturday, 25 April 2026, 11:59 PM
[2026-05-18 09:51:02]      • [Quiz] Pre-Test (M8) → Deadline: Tidak diketahui
[2026-05-18 09:51:06]      • [Materi] 8.1  Pendahuluan: Implementasi Graph URL → Deadline: -
[2026-05-18 09:51:10]      • [Materi] Link File Praktikum I - family.pl → Deadline: -
[2026-05-18 09:51:14]      • [Materi] Link File Praktikum II - 8-puzzles.ipynb → Deadline: -
[2026-05-18 09:51:18]      • [Materi] Video Tutorial: Mendownload File IPYNB di Virtual Class URL → Deadline: -
[2026-05-18 09:51:25]      • [Quiz] Post-Test (M8) → Deadline: Tidak diketahui
[2026-05-18 09:51:30]      • [Assignment] Laporan Akhir (M8) → Deadline: Saturday, 9 May 2026, 11:59 PM
[2026-05-18 09:51:33]      • [Quiz] Pre-Test (M9) → Deadline: Tidak diketahui
[2026-05-18 09:51:38]      • [Materi] Sesi Hands-on Praktikum URL → Deadline: -
[2026-05-18 09:51:42]      • [Quiz] Post-Test (M9) → Deadline: Tidak diketahui
[2026-05-18 09:51:47]      • [Assignment] Pengumpulan Tugas (M9) → Deadline: Saturday, 16 May 2026, 11:59 PM
[2026-05-18 09:51:52]      • [Quiz] Pre-Test (M3) → Deadline: Saturday, 23 May 2026, 11:59 PM
[2026-05-18 09:51:56]      • [Materi] Sesi Praktikum URL → Deadline: -
[2026-05-18 09:52:01]      • [Materi] Video Tutorial: Menambahkan File pada Mesin DGX URL → Deadline: -
[2026-05-18 09:52:05]      • [Quiz] Post-Test (M3) → Deadline: Saturday, 23 May 2026, 11:59 PM
[2026-05-18 09:52:09]      • [Assignment] Pengumpulan Tugas (M3) → Deadline: Saturday, 23 May 2026, 11:59 PM
[2026-05-18 09:52:14]      • [Quiz] Pre-Test (M7) → Deadline: Saturday, 23 May 2026, 11:59 PM
[2026-05-18 09:52:17]      • [Materi] Link File Praktikum I - 3-Tekrek-Find-Center.ipynb → Deadline: -
[2026-05-18 09:52:22]      • [Materi] Link File Praktikum II - 3-Tekrek-Sortest-Path.ipynb → Deadline: -
[2026-05-18 09:52:26]      • [Materi] Video Tutorial: Mendownload File IPYNB di Virtual Class URL → Deadline: -
[2026-05-18 09:52:32]      • [Quiz] Post-Test (M7) → Deadline: Saturday, 23 May 2026, 11:59 PM
[2026-05-18 09:52:36]      • [Assignment] Laporan Akhir (M7) → Deadline: Saturday, 23 May 2026, 11:59 PM
[2026-05-18 09:52:41] 📦 Total tugas ditemukan: 101
[2026-05-18 09:52:41] 💾 Disimpan ke python/node/tugas.json
[2026-05-18 18:00:41] 🔐 Login ke V-Class...
[2026-05-18 18:00:42] ✅ Login berhasil
[2026-05-18 18:00:42] 📚 Mengambil mata kuliah ID 108486 ...
[2026-05-18 18:00:42]   ➤ ATA 2025/2026 | 3KB01 | Jaringan Komputer Lanjut | VIVIEN NOVA FITHRIANA
[2026-05-18 18:00:42]      • [Materi] Announcements Forum → Deadline: -
[2026-05-18 18:00:47]      • [Materi] M1 File → Deadline: -
[2026-05-18 18:00:50]      • [Materi] M2 File → Deadline: -
[2026-05-18 18:00:54]      • [Materi] M3 File → Deadline: -
[2026-05-18 18:00:58]      • [Materi] M4 File → Deadline: -
[2026-05-18 18:01:02]      • [Materi] M5 File → Deadline: -
[2026-05-18 18:01:06]      • [Materi] M6 File → Deadline: -
[2026-05-18 18:01:09]      • [Materi] M7 File → Deadline: -
[2026-05-18 18:01:14]      • [Materi] VC-1 : Traffic dan Algoritma Kendali Kemacetan File → Deadline: -
[2026-05-18 18:01:18]      • [Materi] VC-1 : Traffic dan Algoritma Kendali Kemacetan File → Deadline: -
[2026-05-18 18:01:23]      • [Materi] Forum VC-1 : Traffic dan Algoritma Kendali Kemacetan → Deadline: -
[2026-05-18 18:01:27]      • [Quiz] Latihan Soal VC-1 : Traffic dan Algoritma Kendali Kemacetan → Deadline: Tidak diketahui
[2026-05-18 18:01:31]      • [Materi] VC-2 : Traffic dan Algoritma Kendali Kemacetan - Bagian 2 File → Deadline: -
[2026-05-18 18:01:36]      • [Materi] Forum VC-2 : Traffic dan Algoritma Kendali Kemacetan - Bagian 2 → Deadline: -
[2026-05-18 18:01:41]      • [Quiz] Latihan Soal VC-2 : Traffic dan Algoritma Kendali Kemacetan - Bagian 2 → Deadline: Monday, 25 May 2026, 11:59 PM
[2026-05-18 18:01:46]      • [Materi] VC-3 : Lapisan Transport File → Deadline: -
[2026-05-18 18:01:50]      • [Materi] Forum VC-3 : Lapisan Transport → Deadline: -
[2026-05-18 18:01:55]      • [Quiz] Latihan Soal VC-3 : Lapisan Transport → Deadline: Wednesday, 15 July 2026, 11:59 PM
[2026-05-18 18:01:59] 📚 Mengambil mata kuliah ID 108172 ...
[2026-05-18 18:01:59]   ➤ ATA 2025/2026 | 3KB01 | Internet of Things (IoT) | PURNAWARMAN MUSA
[2026-05-18 18:01:59]      • [Materi] Announcements Forum → Deadline: -
[2026-05-18 18:02:04]      • [Materi] M6 File → Deadline: -
[2026-05-18 18:02:09]      • [Quiz] Soal (Tugas Individu) → Deadline: Tidak diketahui
[2026-05-18 18:02:13]      • [Quiz] Soal (Tugas Individu) → Deadline: Tidak diketahui
[2026-05-18 18:02:17] 📚 Mengambil mata kuliah ID 109563 ...
[2026-05-18 18:02:17]   ➤ ATA 2025/2026 | 3KB01 | Sistem Tertanam (Embedded) * | RIDHA ISKANDAR
[2026-05-18 18:02:17]      • [Materi] Selamat Datang di V-Class Sistem Tertanam (Embedded) Forum → Deadline: -
[2026-05-18 18:02:21]      • [Assignment] File 1 → Deadline: Sunday, 26 April 2026, 12:00 AM
[2026-05-18 18:02:26] 📚 Mengambil mata kuliah ID 109970 ...
[2026-05-18 18:02:26]   ➤ ATA 2025/2026 | 2EB10 | Bahasa Indonesia | MELANIAWATI
[2026-05-18 18:02:26] 📚 Mengambil mata kuliah ID 107919 ...
[2026-05-18 18:02:26]   ➤ ATA 2025/2026 | 3KB01 | Sistem Cerdas Lanjut | NUR SULTAN SALAHUDDIN
[2026-05-18 18:02:26]      • [Materi] Announcements Forum → Deadline: -
[2026-05-18 18:02:30]      • [Assignment] Sistem Kesehatan Cerdas → Deadline: Thursday, 21 May 2026, 12:00 AM
[2026-05-18 18:02:34]      • [Quiz] Sistem Kesehatan Cerdas → Deadline: Thursday, 21 May 2026, 9:26 PM
[2026-05-18 18:02:39] 📚 Mengambil mata kuliah ID 107291 ...
[2026-05-18 18:02:39]   ➤ ATA 2025/2026 | 3KB01 | Pengantarmukaan Perif.Komputer * | FARID THALIB
[2026-05-18 18:02:39]      • [Materi] Announcements Forum → Deadline: -
[2026-05-18 18:02:43] 📚 Mengambil mata kuliah ID 104438 ...
[2026-05-18 18:02:43]   ➤ ATA 2025/2026 | 3-FIKTI | Terapan Teori Graf | TEAM TEACHING
[2026-05-18 18:02:43]      • [Materi] PEMBERITAHUAN PELAKSANAAN TEAM TEACHING TERAPAN TEORI GRAF Forum → Deadline: -
[2026-05-18 18:02:47]      • [Materi] M1: Pendahuluan Teori Graf File → Deadline: -
[2026-05-18 18:02:51]      • [Materi] Video Literasi M1: Pendahuluan Teori Graf URL → Deadline: -
[2026-05-18 18:02:55]      • [Quiz] Kuis M1 [kelas PAGI] → Deadline: Tidak diketahui
[2026-05-18 18:03:00]      • [Quiz] Kuis M1 [kelas MALAM] → Deadline: Tidak diketahui
[2026-05-18 18:03:05]      • [Materi] M2: Graf Tidak Berarah dan Graf Berbobot File → Deadline: -
[2026-05-18 18:03:09]      • [Materi] Video Literasi M2 : Graf Tidak Berarah dan Graf Berbobot URL → Deadline: -
[2026-05-18 18:03:14]      • [Quiz] Kuis M2 [KELAS PAGI] : Graf Tidak Berarah dan Graf Berbobot → Deadline: Tidak diketahui
[2026-05-18 18:03:19]      • [Quiz] Kuis M2 [KELAS MALAM] : Graf Tidak Berarah dan Graf Berbobot → Deadline: Tidak diketahui
[2026-05-18 18:03:24]      • [Materi] M4 : Aplikasi Teori Graf di Teknik Elektro File → Deadline: -
[2026-05-18 18:03:28]      • [Materi] Video Literasi M4 : Aplikasi Teori Graf di Teknik Elektro URL → Deadline: -
[2026-05-18 18:03:33]      • [Quiz] Kuis M4 [KELAS PAGI]: Aplikasi Teori Graf di Teknik Elektro → Deadline: Tidak diketahui
[2026-05-18 18:03:38]      • [Quiz] Kuis M4 [KELAS MALAM]: Aplikasi Teori Graf di Teknik Elektro → Deadline: Tidak diketahui
[2026-05-18 18:03:42]      • [Materi] M5 : Knowledge Graph dan Database Graph File → Deadline: -
[2026-05-18 18:03:46]      • [Materi] Video Literasi  M5 : Knowledge Graph dan Database Graph URL → Deadline: -
[2026-05-18 18:03:50]      • [Quiz] Kuis M5 [KELAS PAGI] : nowledge Graph dan Database Graph → Deadline: Tidak diketahui
[2026-05-18 18:03:54]      • [Quiz] Kuis M5 [KELAS MALAM] : Knowledge Graph dan Database Graph → Deadline: Tidak diketahui
[2026-05-18 18:03:58]      • [Materi] M6 : Graf Berarah dan Implementasinya File → Deadline: -
[2026-05-18 18:04:02]      • [Materi] Video Literasi M6 : Graf Berarah dan Implementasinya URL → Deadline: -
[2026-05-18 18:04:07]      • [Quiz] Kuis M6 [KELAS PAGI] : Graf Berarah dan Implementasinya → Deadline: Tidak diketahui
[2026-05-18 18:04:12]      • [Quiz] Kuis M6 [KELAS MALAM] : Graf Berarah dan Implementasinya → Deadline: Tidak diketahui
[2026-05-18 18:04:16]      • [Materi] M8 : Penerapan Teori Graf di Bidang Teknik Sipil File → Deadline: -
[2026-05-18 18:04:20]      • [Materi] Video Literasi M8 : Penerapan Teori Graf di Bidang Teknik Sipil URL → Deadline: -
[2026-05-18 18:04:24]      • [Quiz] Kuis M8 [KELAS PAGI] : Penerapan Teori Graf di Bidang Teknik Sipil → Deadline: Tidak diketahui
[2026-05-18 18:04:29]      • [Quiz] Kuis M8 [KELAS MALAM] : Penerapan Teori Graf di Bidang Teknik Sipil → Deadline: Tidak diketahui
[2026-05-18 18:04:33] 📚 Mengambil mata kuliah ID 104413 ...
[2026-05-18 18:04:33]   ➤ ATA 2025/2026 | 3-FIKTI | Praktikum Terapan Teori Graf
[2026-05-18 18:04:33]      • [Materi] Panduan Praktikum  Forum → Deadline: -
[2026-05-18 18:04:38]      • [Materi] Panduan Google Collaboratory URL → Deadline: -
[2026-05-18 18:04:42]      • [Materi] Panduan Instalasi Anaconda URL → Deadline: -
[2026-05-18 18:04:46]      • [Quiz] Pre-Test (M1) → Deadline: Tidak diketahui
[2026-05-18 18:04:50]      • [Materi] 1.1  Pengantar: Teori Graf URL → Deadline: -
[2026-05-18 18:04:55]      • [Materi] 1.2  Sesi Hands-on Praktikum URL → Deadline: -
[2026-05-18 18:04:59]      • [Materi] 1.3 Tutorial Menambahkan File pada Mesin DGX URL → Deadline: -
[2026-05-18 18:05:03]      • [Quiz] Post-Test (M1) → Deadline: Tidak diketahui
[2026-05-18 18:05:07]      • [Assignment] Pengumpulan Tugas (M1) → Deadline: Saturday, 7 March 2026, 11:59 PM
[2026-05-18 18:05:12]      • [Quiz] Pre-Test (M2) → Deadline: Tidak diketahui
[2026-05-18 18:05:16]      • [Materi] 2.1  Pengantar: Berbagai Pemecahan Masalah Menggunakan Teori Graf Page → Deadline: -
[2026-05-18 18:05:20]      • [Quiz] Post-Test (M2) → Deadline: Tidak diketahui
[2026-05-18 18:05:24]      • [Assignment] Pengumpulan Tugas (M2) → Deadline: Saturday, 14 March 2026, 11:59 PM
[2026-05-18 18:05:29]      • [Quiz] Pre-Test (M4) → Deadline: Tidak diketahui
[2026-05-18 18:05:33]      • [Materi] 4.1  Pengantar: Breadth First Search URL → Deadline: -
[2026-05-18 18:05:38]      • [Materi] Sesi Praktikum File → Deadline: -
[2026-05-18 18:05:42]      • [Materi] Video Tutorial: Mendownload File IPYNB di Virtual Class URL → Deadline: -
[2026-05-18 18:05:47]      • [Quiz] Post-Test (M4) → Deadline: Tidak diketahui
[2026-05-18 18:05:51]      • [Assignment] Laporan Akhir (M4) → Deadline: Saturday, 11 April 2026, 11:59 PM
[2026-05-18 18:05:55]      • [Quiz] Pre-Test (M5) → Deadline: Tidak diketahui
[2026-05-18 18:05:59]      • [Materi] Sesi Praktikum URL → Deadline: -
[2026-05-18 18:06:03]      • [Quiz] Post-Test (M5) → Deadline: Tidak diketahui
[2026-05-18 18:06:07]      • [Assignment] Laporan Akhir (M5) → Deadline: Saturday, 18 April 2026, 11:59 PM
[2026-05-18 18:06:13]      • [Quiz] Pre-Test (M6) → Deadline: Tidak diketahui
[2026-05-18 18:06:16]      • [Materi] 6.1  Pendahuluan: Algoritma Dasar Tree URL → Deadline: -
[2026-05-18 18:06:20]      • [Materi] Sesi Praktikum File → Deadline: -
[2026-05-18 18:06:24]      • [Quiz] Post-Test (M6) → Deadline: Tidak diketahui
[2026-05-18 18:06:29]      • [Assignment] Laporan Akhir (M6) → Deadline: Saturday, 25 April 2026, 11:59 PM
[2026-05-18 18:06:33]      • [Quiz] Pre-Test (M8) → Deadline: Tidak diketahui
[2026-05-18 18:06:37]      • [Materi] 8.1  Pendahuluan: Implementasi Graph URL → Deadline: -
[2026-05-18 18:06:42]      • [Materi] Link File Praktikum I - family.pl → Deadline: -
[2026-05-18 18:06:46]      • [Materi] Link File Praktikum II - 8-puzzles.ipynb → Deadline: -
[2026-05-18 18:06:50]      • [Materi] Video Tutorial: Mendownload File IPYNB di Virtual Class URL → Deadline: -
[2026-05-18 18:06:54]      • [Quiz] Post-Test (M8) → Deadline: Tidak diketahui
[2026-05-18 18:06:58]      • [Assignment] Laporan Akhir (M8) → Deadline: Saturday, 9 May 2026, 11:59 PM
[2026-05-18 18:07:03]      • [Quiz] Pre-Test (M9) → Deadline: Tidak diketahui
[2026-05-18 18:07:08]      • [Materi] Sesi Hands-on Praktikum URL → Deadline: -
[2026-05-18 18:07:12]      • [Quiz] Post-Test (M9) → Deadline: Tidak diketahui
[2026-05-18 18:07:16]      • [Assignment] Pengumpulan Tugas (M9) → Deadline: Saturday, 16 May 2026, 11:59 PM
[2026-05-18 18:07:20]      • [Quiz] Pre-Test (M3) → Deadline: Saturday, 23 May 2026, 11:59 PM
[2026-05-18 18:07:24]      • [Materi] Sesi Praktikum URL → Deadline: -
[2026-05-18 18:07:29]      • [Materi] Video Tutorial: Menambahkan File pada Mesin DGX URL → Deadline: -
[2026-05-18 18:07:33]      • [Quiz] Post-Test (M3) → Deadline: Saturday, 23 May 2026, 11:59 PM
[2026-05-18 18:07:37]      • [Assignment] Pengumpulan Tugas (M3) → Deadline: Saturday, 23 May 2026, 11:59 PM
[2026-05-18 18:07:41]      • [Quiz] Pre-Test (M7) → Deadline: Saturday, 23 May 2026, 11:59 PM
[2026-05-18 18:07:45]      • [Materi] Link File Praktikum I - 3-Tekrek-Find-Center.ipynb → Deadline: -
[2026-05-18 18:07:49]      • [Materi] Link File Praktikum II - 3-Tekrek-Sortest-Path.ipynb → Deadline: -
[2026-05-18 18:07:52]      • [Materi] Video Tutorial: Mendownload File IPYNB di Virtual Class URL → Deadline: -
[2026-05-18 18:07:56]      • [Quiz] Post-Test (M7) → Deadline: Saturday, 23 May 2026, 11:59 PM
[2026-05-18 18:08:01]      • [Assignment] Laporan Akhir (M7) → Deadline: Saturday, 23 May 2026, 11:59 PM
[2026-05-18 18:08:05] 📦 Total tugas ditemukan: 103
[2026-05-18 18:08:05] 💾 Disimpan ke python/node/tugas.json
