[2026-08-02 09:45:16] 🔐 Login ke V-Class...
[2026-08-02 09:45:16] ✅ Login berhasil
[2026-08-02 09:45:16] 📚 Mengambil mata kuliah ID 108486 ...
[2026-08-02 09:45:16]   ➤ ATA 2025/2026 | 3KB01 | Jaringan Komputer Lanjut | VIVIEN NOVA FITHRIANA
[2026-08-02 09:45:16]      • [Materi] Announcements Forum → Deadline: -
[2026-08-02 09:45:21]      • [Materi] M1 File → Deadline: -
[2026-08-02 09:45:26]      • [Materi] M2 File → Deadline: -
[2026-08-02 09:45:30]      • [Materi] M3 File → Deadline: -
[2026-08-02 09:45:33]      • [Materi] M4 File → Deadline: -
[2026-08-02 09:45:38]      • [Materi] M5 File → Deadline: -
[2026-08-02 09:45:42]      • [Materi] M6 File → Deadline: -
[2026-08-02 09:45:46]      • [Materi] M7 File → Deadline: -
[2026-08-02 09:45:49]      • [Materi] VC-1 : Traffic dan Algoritma Kendali Kemacetan File → Deadline: -
[2026-08-02 09:45:54]      • [Materi] VC-1 : Traffic dan Algoritma Kendali Kemacetan File → Deadline: -
[2026-08-02 09:45:58]      • [Materi] Forum VC-1 : Traffic dan Algoritma Kendali Kemacetan → Deadline: -
[2026-08-02 09:46:03]      • [Quiz] Latihan Soal VC-1 : Traffic dan Algoritma Kendali Kemacetan → Deadline: Tidak diketahui
[2026-08-02 09:46:06]      • [Materi] VC-2 : Traffic dan Algoritma Kendali Kemacetan - Bagian 2 File → Deadline: -
[2026-08-02 09:46:11]      • [Materi] Forum VC-2 : Traffic dan Algoritma Kendali Kemacetan - Bagian 2 → Deadline: -
[2026-08-02 09:46:16]      • [Quiz] Latihan Soal VC-2 : Traffic dan Algoritma Kendali Kemacetan - Bagian 2 → Deadline: Tidak diketahui
[2026-08-02 09:46:20]      • [Materi] VC-3 : Lapisan Transport File → Deadline: -
[2026-08-02 09:46:25]      • [Materi] Forum VC-3 : Lapisan Transport → Deadline: -
[2026-08-02 09:46:29]      • [Quiz] Latihan Soal VC-3 : Lapisan Transport → Deadline: Tidak diketahui
[2026-08-02 09:46:33] 📚 Mengambil mata kuliah ID 108172 ...
[2026-08-02 09:46:33]   ➤ ATA 2025/2026 | 3KB01 | Internet of Things (IoT) | PURNAWARMAN MUSA
[2026-08-02 09:46:33]      • [Materi] Announcements Forum → Deadline: -
[2026-08-02 09:46:38]      • [Materi] M6 File → Deadline: -
[2026-08-02 09:46:42]      • [Quiz] Soal (Tugas Individu) → Deadline: Tidak diketahui
[2026-08-02 09:46:46]      • [Quiz] Soal (Tugas Individu) → Deadline: Tidak diketahui
[2026-08-02 09:46:51] 📚 Mengambil mata kuliah ID 109563 ...
[2026-08-02 09:46:51]   ➤ ATA 2025/2026 | 3KB01 | Sistem Tertanam (Embedded) * | RIDHA ISKANDAR
[2026-08-02 09:46:51]      • [Materi] Selamat Datang di V-Class Sistem Tertanam (Embedded) Forum → Deadline: -
[2026-08-02 09:46:56]      • [Assignment] File 1 → Deadline: Sunday, 26 April 2026, 12:00 AM
[2026-08-02 09:47:01] 📚 Mengambil mata kuliah ID 109970 ...
[2026-08-02 09:47:01]   ➤ ATA 2025/2026 | 2EB10 | Bahasa Indonesia | MELANIAWATI
[2026-08-02 09:47:01] 📚 Mengambil mata kuliah ID 107919 ...
[2026-08-02 09:47:01]   ➤ ATA 2025/2026 | 3KB01 | Sistem Cerdas Lanjut | NUR SULTAN SALAHUDDIN
[2026-08-02 09:47:01]      • [Materi] Announcements Forum → Deadline: -
[2026-08-02 09:47:06]      • [Assignment] Sistem Kesehatan Cerdas → Deadline: Thursday, 21 May 2026, 12:00 AM
[2026-08-02 09:47:10]      • [Quiz] Sistem Kesehatan Cerdas → Deadline: Tidak diketahui
[2026-08-02 09:47:15]      • [Assignment] Sistem Industri Cerdas → Deadline: Monday, 20 July 2026, 12:00 AM
[2026-08-02 09:47:19]      • [Quiz] Sistem Industri Cerdas → Deadline: Tidak diketahui
[2026-08-02 09:47:23] 📚 Mengambil mata kuliah ID 107291 ...
[2026-08-02 09:47:23]   ➤ ATA 2025/2026 | 3KB01 | Pengantarmukaan Perif.Komputer * | FARID THALIB
[2026-08-02 09:47:23]      • [Materi] Announcements Forum → Deadline: -
[2026-08-02 09:47:27] 📚 Mengambil mata kuliah ID 104438 ...
[2026-08-02 09:47:27]   ➤ ATA 2025/2026 | 3-FIKTI | Terapan Teori Graf | TEAM TEACHING
[2026-08-02 09:47:27]      • [Materi] PEMBERITAHUAN UTS SUSULAN File → Deadline: -
[2026-08-02 09:47:31]      • [Materi] PEMBERITAHUAN PELAKSANAAN TEAM TEACHING TERAPAN TEORI GRAF Forum → Deadline: -
[2026-08-02 09:47:36]      • [Materi] M1: Pendahuluan Teori Graf File → Deadline: -
[2026-08-02 09:47:40]      • [Materi] Video Literasi M1: Pendahuluan Teori Graf URL → Deadline: -
[2026-08-02 09:47:44]      • [Quiz] Kuis M1 [kelas PAGI] → Deadline: Tidak diketahui
[2026-08-02 09:47:48]      • [Quiz] Kuis M1 [kelas MALAM] → Deadline: Tidak diketahui
[2026-08-02 09:47:52]      • [Materi] M2: Graf Tidak Berarah dan Graf Berbobot File → Deadline: -
[2026-08-02 09:47:57]      • [Materi] Video Literasi M2 : Graf Tidak Berarah dan Graf Berbobot URL → Deadline: -
[2026-08-02 09:48:02]      • [Quiz] Kuis M2 [KELAS PAGI] : Graf Tidak Berarah dan Graf Berbobot → Deadline: Tidak diketahui
[2026-08-02 09:48:07]      • [Quiz] Kuis M2 [KELAS MALAM] : Graf Tidak Berarah dan Graf Berbobot → Deadline: Tidak diketahui
[2026-08-02 09:48:12]      • [Materi] M4 : Aplikasi Teori Graf di Teknik Elektro File → Deadline: -
[2026-08-02 09:48:16]      • [Materi] Video Literasi M4 : Aplikasi Teori Graf di Teknik Elektro URL → Deadline: -
[2026-08-02 09:48:20]      • [Quiz] Kuis M4 [KELAS PAGI]: Aplikasi Teori Graf di Teknik Elektro → Deadline: Tidak diketahui
[2026-08-02 09:48:25]      • [Quiz] Kuis M4 [KELAS MALAM]: Aplikasi Teori Graf di Teknik Elektro → Deadline: Tidak diketahui
[2026-08-02 09:48:29]      • [Materi] M5 : Knowledge Graph dan Database Graph File → Deadline: -
[2026-08-02 09:48:33]      • [Materi] Video Literasi  M5 : Knowledge Graph dan Database Graph URL → Deadline: -
[2026-08-02 09:48:37]      • [Quiz] Kuis M5 [KELAS PAGI] : nowledge Graph dan Database Graph → Deadline: Tidak diketahui
[2026-08-02 09:48:42]      • [Quiz] Kuis M5 [KELAS MALAM] : Knowledge Graph dan Database Graph → Deadline: Tidak diketahui
[2026-08-02 09:48:46]      • [Materi] M6 : Graf Berarah dan Implementasinya File → Deadline: -
[2026-08-02 09:48:51]      • [Materi] Video Literasi M6 : Graf Berarah dan Implementasinya URL → Deadline: -
[2026-08-02 09:48:55]      • [Quiz] Kuis M6 [KELAS PAGI] : Graf Berarah dan Implementasinya → Deadline: Tidak diketahui
[2026-08-02 09:48:59]      • [Quiz] Kuis M6 [KELAS MALAM] : Graf Berarah dan Implementasinya → Deadline: Tidak diketahui
[2026-08-02 09:49:04]      • [Materi] M8 : Penerapan Teori Graf di Bidang Teknik Sipil File → Deadline: -
[2026-08-02 09:49:07]      • [Materi] Video Literasi M8 : Penerapan Teori Graf di Bidang Teknik Sipil URL → Deadline: -
[2026-08-02 09:49:11]      • [Quiz] Kuis M8 [KELAS PAGI] : Penerapan Teori Graf di Bidang Teknik Sipil → Deadline: Tidak diketahui
[2026-08-02 09:49:16]      • [Quiz] Kuis M8 [KELAS MALAM] : Penerapan Teori Graf di Bidang Teknik Sipil → Deadline: Tidak diketahui
[2026-08-02 09:49:21]      • [Materi] M10 : Penerapan Teori Graf  di Bidang Teknik Industri File → Deadline: -
[2026-08-02 09:49:25]      • [Materi] Video Literasi M10 : Penerapan Teori Graf  di Bidang Teknik Industri URL → Deadline: -
[2026-08-02 09:49:31]      • [Quiz] Kuis M10 [kelas pagi] : Penerapan Teori Graf  di Bidang Teknik Industri → Deadline: Tidak diketahui
[2026-08-02 09:49:35]      • [Quiz] Kuis M10 [kelas malam]: Penerapan Teori Graf  di Bidang Teknik Industri → Deadline: Tidak diketahui
[2026-08-02 09:49:39]      • [Materi] M11 : Program Dinamis dan Permasalahan Tata Letak Fasilitas File → Deadline: -
[2026-08-02 09:49:43]      • [Materi] video literasi : Program Dinamis dan Permasalahan Tata Letak Fasilitas URL → Deadline: -
[2026-08-02 09:49:48]      • [Quiz] Kuis M11 [kelas PAGI]: Program Dinamis dan Permasalahan Tata Letak Fasilitas → Deadline: Tidak diketahui
[2026-08-02 09:49:52]      • [Quiz] Kuis M11 [kelas MALAM]: Program Dinamis dan Permasalahan Tata Letak Fasilitas → Deadline: Tidak diketahui
[2026-08-02 09:49:57]      • [Materi] M12: Algoritma Greedy pada Graf File → Deadline: -
[2026-08-02 09:50:01]      • [Materi] Video literasi M12: Algoritma Greedy pada Graf URL → Deadline: -
[2026-08-02 09:50:05]      • [Quiz] Kuis M12 [kelas PAGI] → Deadline: Tidak diketahui
[2026-08-02 09:50:09]      • [Quiz] Kuis M12 [kelas MALAM] → Deadline: Tidak diketahui
[2026-08-02 09:50:14]      • [Materi] M13 File → Deadline: -
[2026-08-02 09:50:19]      • [Materi] Video Literasi M13 : Graph Theory Implementation in Oil Mining Company URL → Deadline: -
[2026-08-02 09:50:24]      • [Quiz] Kuis M13 [PAGI]: Graph Theory Implementation in Oil Mining Company → Deadline: Tidak diketahui
[2026-08-02 09:50:28]      • [Quiz] Kuis M13 [MALAM]: Graph Theory Implementation in Oil Mining Company → Deadline: Tidak diketahui
[2026-08-02 09:50:32]      • [Materi] M14 : Aplikasi Graf Lengkap sebagai Graf Representasi untuk Model Optimasi Rute Kendaraan File → Deadline: -
[2026-08-02 09:50:35]      • [Materi] Video Literasi : Aplikasi Graf Lengkap sebagai Graf Representasi untuk Model Optimasi Rute Kendaraan URL → Deadline: -
[2026-08-02 09:50:40]      • [Quiz] Kuis M14 [PAGI]: Aplikasi Graf Lengkap sebagai Graf Representasi untuk Model Optimasi Rute Kendaraan → Deadline: Tidak diketahui
[2026-08-02 09:50:45]      • [Quiz] Kuis M14 [MALAM]: Aplikasi Graf Lengkap sebagai Graf Representasi untuk Model Optimasi Rute Kendaraan → Deadline: Tidak diketahui
[2026-08-02 09:50:49] 📚 Mengambil mata kuliah ID 104413 ...
[2026-08-02 09:50:50]   ➤ ATA 2025/2026 | 3-FIKTI | Praktikum Terapan Teori Graf
[2026-08-02 09:50:50]      • [Materi] Panduan Praktikum  Forum → Deadline: -
[2026-08-02 09:50:54]      • [Materi] Panduan Google Collaboratory URL → Deadline: -
[2026-08-02 09:50:59]      • [Materi] Panduan Instalasi Anaconda URL → Deadline: -
[2026-08-02 09:51:04]      • [Quiz] Pre-Test (M1) → Deadline: Tidak diketahui
[2026-08-02 09:51:08]      • [Materi] 1.1  Pengantar: Teori Graf URL → Deadline: -
[2026-08-02 09:51:11]      • [Materi] 1.2  Sesi Hands-on Praktikum URL → Deadline: -
[2026-08-02 09:51:15]      • [Materi] 1.3 Tutorial Menambahkan File pada Mesin DGX URL → Deadline: -
[2026-08-02 09:51:19]      • [Quiz] Post-Test (M1) → Deadline: Tidak diketahui
[2026-08-02 09:51:24]      • [Assignment] Pengumpulan Tugas (M1) → Deadline: Saturday, 7 March 2026, 11:59 PM
[2026-08-02 09:51:28]      • [Quiz] Pre-Test (M2) → Deadline: Tidak diketahui
[2026-08-02 09:51:33]      • [Materi] 2.1  Pengantar: Berbagai Pemecahan Masalah Menggunakan Teori Graf Page → Deadline: -
[2026-08-02 09:51:37]      • [Quiz] Post-Test (M2) → Deadline: Tidak diketahui
[2026-08-02 09:51:42]      • [Assignment] Pengumpulan Tugas (M2) → Deadline: Saturday, 14 March 2026, 11:59 PM
[2026-08-02 09:51:46]      • [Quiz] Pre-Test (M4) → Deadline: Tidak diketahui
[2026-08-02 09:51:51]      • [Materi] 4.1  Pengantar: Breadth First Search URL → Deadline: -
[2026-08-02 09:51:55]      • [Materi] Sesi Praktikum File → Deadline: -
[2026-08-02 09:51:59]      • [Materi] Video Tutorial: Mendownload File IPYNB di Virtual Class URL → Deadline: -
[2026-08-02 09:52:04]      • [Quiz] Post-Test (M4) → Deadline: Tidak diketahui
[2026-08-02 09:52:09]      • [Assignment] Laporan Akhir (M4) → Deadline: Saturday, 11 April 2026, 11:59 PM
[2026-08-02 09:52:15]      • [Quiz] Pre-Test (M5) → Deadline: Tidak diketahui
[2026-08-02 09:52:19]      • [Materi] Sesi Praktikum URL → Deadline: -
[2026-08-02 09:52:23]      • [Quiz] Post-Test (M5) → Deadline: Tidak diketahui
[2026-08-02 09:52:27]      • [Assignment] Laporan Akhir (M5) → Deadline: Saturday, 18 April 2026, 11:59 PM
[2026-08-02 09:52:32]      • [Quiz] Pre-Test (M6) → Deadline: Tidak diketahui
[2026-08-02 09:52:37]      • [Materi] 6.1  Pendahuluan: Algoritma Dasar Tree URL → Deadline: -
[2026-08-02 09:52:40]      • [Materi] Sesi Praktikum File → Deadline: -
[2026-08-02 09:52:45]      • [Quiz] Post-Test (M6) → Deadline: Tidak diketahui
[2026-08-02 09:52:49]      • [Assignment] Laporan Akhir (M6) → Deadline: Saturday, 25 April 2026, 11:59 PM
[2026-08-02 09:52:53]      • [Quiz] Pre-Test (M8) → Deadline: Tidak diketahui
[2026-08-02 09:52:57]      • [Materi] 8.1  Pendahuluan: Implementasi Graph URL → Deadline: -
[2026-08-02 09:53:01]      • [Materi] Link File Praktikum I - family.pl → Deadline: -
[2026-08-02 09:53:06]      • [Materi] Link File Praktikum II - 8-puzzles.ipynb → Deadline: -
[2026-08-02 09:53:11]      • [Materi] Video Tutorial: Mendownload File IPYNB di Virtual Class URL → Deadline: -
[2026-08-02 09:53:15]      • [Quiz] Post-Test (M8) → Deadline: Tidak diketahui
[2026-08-02 09:53:20]      • [Assignment] Laporan Akhir (M8) → Deadline: Saturday, 9 May 2026, 11:59 PM
[2026-08-02 09:53:24]      • [Quiz] Pre-Test (M9) → Deadline: Tidak diketahui
[2026-08-02 09:53:28]      • [Materi] Sesi Hands-on Praktikum URL → Deadline: -
[2026-08-02 09:53:33]      • [Quiz] Post-Test (M9) → Deadline: Tidak diketahui
[2026-08-02 09:53:37]      • [Assignment] Pengumpulan Tugas (M9) → Deadline: Saturday, 16 May 2026, 11:59 PM
[2026-08-02 09:53:41]      • [Quiz] Pre-Test (M3) → Deadline: Tidak diketahui
[2026-08-02 09:53:46]      • [Materi] Sesi Praktikum URL → Deadline: -
[2026-08-02 09:53:50]      • [Materi] Video Tutorial: Menambahkan File pada Mesin DGX URL → Deadline: -
[2026-08-02 09:53:54]      • [Quiz] Post-Test (M3) → Deadline: Tidak diketahui
[2026-08-02 09:53:59]      • [Assignment] Pengumpulan Tugas (M3) → Deadline: Saturday, 23 May 2026, 11:59 PM
[2026-08-02 09:54:03]      • [Quiz] Pre-Test (M7) → Deadline: Tidak diketahui
[2026-08-02 09:54:07]      • [Materi] Link File Praktikum I - 3-Tekrek-Find-Center.ipynb → Deadline: -
[2026-08-02 09:54:11]      • [Materi] Link File Praktikum II - 3-Tekrek-Sortest-Path.ipynb → Deadline: -
[2026-08-02 09:54:15]      • [Materi] Video Tutorial: Mendownload File IPYNB di Virtual Class URL → Deadline: -
[2026-08-02 09:54:20]      • [Quiz] Post-Test (M7) → Deadline: Tidak diketahui
[2026-08-02 09:54:25]      • [Assignment] Laporan Akhir (M7) → Deadline: Saturday, 23 May 2026, 11:59 PM
[2026-08-02 09:54:29] 📦 Total tugas ditemukan: 126
[2026-08-02 09:54:29] 💾 Disimpan ke python/node/tugas.json
[2026-08-02 18:00:30] 🔐 Login ke V-Class...
[2026-08-02 18:00:30] ✅ Login berhasil
[2026-08-02 18:00:30] 📚 Mengambil mata kuliah ID 108486 ...
[2026-08-02 18:00:30]   ➤ ATA 2025/2026 | 3KB01 | Jaringan Komputer Lanjut | VIVIEN NOVA FITHRIANA
[2026-08-02 18:00:30]      • [Materi] Announcements Forum → Deadline: -
[2026-08-02 18:00:34]      • [Materi] M1 File → Deadline: -
[2026-08-02 18:00:39]      • [Materi] M2 File → Deadline: -
[2026-08-02 18:00:43]      • [Materi] M3 File → Deadline: -
[2026-08-02 18:00:47]      • [Materi] M4 File → Deadline: -
[2026-08-02 18:00:51]      • [Materi] M5 File → Deadline: -
[2026-08-02 18:00:56]      • [Materi] M6 File → Deadline: -
[2026-08-02 18:01:00]      • [Materi] M7 File → Deadline: -
[2026-08-02 18:01:04]      • [Materi] VC-1 : Traffic dan Algoritma Kendali Kemacetan File → Deadline: -
[2026-08-02 18:01:09]      • [Materi] VC-1 : Traffic dan Algoritma Kendali Kemacetan File → Deadline: -
[2026-08-02 18:01:13]      • [Materi] Forum VC-1 : Traffic dan Algoritma Kendali Kemacetan → Deadline: -
[2026-08-02 18:01:17]      • [Quiz] Latihan Soal VC-1 : Traffic dan Algoritma Kendali Kemacetan → Deadline: Tidak diketahui
[2026-08-02 18:01:21]      • [Materi] VC-2 : Traffic dan Algoritma Kendali Kemacetan - Bagian 2 File → Deadline: -
[2026-08-02 18:01:26]      • [Materi] Forum VC-2 : Traffic dan Algoritma Kendali Kemacetan - Bagian 2 → Deadline: -
[2026-08-02 18:01:30]      • [Quiz] Latihan Soal VC-2 : Traffic dan Algoritma Kendali Kemacetan - Bagian 2 → Deadline: Tidak diketahui
[2026-08-02 18:01:35]      • [Materi] VC-3 : Lapisan Transport File → Deadline: -
[2026-08-02 18:01:38]      • [Materi] Forum VC-3 : Lapisan Transport → Deadline: -
[2026-08-02 18:01:43]      • [Quiz] Latihan Soal VC-3 : Lapisan Transport → Deadline: Tidak diketahui
[2026-08-02 18:01:47] 📚 Mengambil mata kuliah ID 108172 ...
[2026-08-02 18:01:47]   ➤ ATA 2025/2026 | 3KB01 | Internet of Things (IoT) | PURNAWARMAN MUSA
[2026-08-02 18:01:47]      • [Materi] Announcements Forum → Deadline: -
[2026-08-02 18:01:51]      • [Materi] M6 File → Deadline: -
[2026-08-02 18:01:56]      • [Quiz] Soal (Tugas Individu) → Deadline: Tidak diketahui
[2026-08-02 18:02:01]      • [Quiz] Soal (Tugas Individu) → Deadline: Tidak diketahui
[2026-08-02 18:02:04] 📚 Mengambil mata kuliah ID 109563 ...
[2026-08-02 18:02:05]   ➤ ATA 2025/2026 | 3KB01 | Sistem Tertanam (Embedded) * | RIDHA ISKANDAR
[2026-08-02 18:02:05]      • [Materi] Selamat Datang di V-Class Sistem Tertanam (Embedded) Forum → Deadline: -
[2026-08-02 18:02:08]      • [Assignment] File 1 → Deadline: Sunday, 26 April 2026, 12:00 AM
[2026-08-02 18:02:13] 📚 Mengambil mata kuliah ID 109970 ...
[2026-08-02 18:02:13]   ➤ ATA 2025/2026 | 2EB10 | Bahasa Indonesia | MELANIAWATI
[2026-08-02 18:02:13] 📚 Mengambil mata kuliah ID 107919 ...
[2026-08-02 18:02:13]   ➤ ATA 2025/2026 | 3KB01 | Sistem Cerdas Lanjut | NUR SULTAN SALAHUDDIN
[2026-08-02 18:02:13]      • [Materi] Announcements Forum → Deadline: -
[2026-08-02 18:02:18]      • [Assignment] Sistem Kesehatan Cerdas → Deadline: Thursday, 21 May 2026, 12:00 AM
[2026-08-02 18:02:22]      • [Quiz] Sistem Kesehatan Cerdas → Deadline: Tidak diketahui
[2026-08-02 18:02:27]      • [Assignment] Sistem Industri Cerdas → Deadline: Monday, 20 July 2026, 12:00 AM
[2026-08-02 18:02:31]      • [Quiz] Sistem Industri Cerdas → Deadline: Tidak diketahui
[2026-08-02 18:02:35] 📚 Mengambil mata kuliah ID 107291 ...
[2026-08-02 18:02:35]   ➤ ATA 2025/2026 | 3KB01 | Pengantarmukaan Perif.Komputer * | FARID THALIB
[2026-08-02 18:02:35]      • [Materi] Announcements Forum → Deadline: -
[2026-08-02 18:02:39] 📚 Mengambil mata kuliah ID 104438 ...
[2026-08-02 18:02:39]   ➤ ATA 2025/2026 | 3-FIKTI | Terapan Teori Graf | TEAM TEACHING
[2026-08-02 18:02:39]      • [Materi] PEMBERITAHUAN UTS SUSULAN File → Deadline: -
[2026-08-02 18:02:42]      • [Materi] PEMBERITAHUAN PELAKSANAAN TEAM TEACHING TERAPAN TEORI GRAF Forum → Deadline: -
[2026-08-02 18:02:46]      • [Materi] M1: Pendahuluan Teori Graf File → Deadline: -
[2026-08-02 18:02:51]      • [Materi] Video Literasi M1: Pendahuluan Teori Graf URL → Deadline: -
[2026-08-02 18:02:55]      • [Quiz] Kuis M1 [kelas PAGI] → Deadline: Tidak diketahui
[2026-08-02 18:02:59]      • [Quiz] Kuis M1 [kelas MALAM] → Deadline: Tidak diketahui
[2026-08-02 18:03:03]      • [Materi] M2: Graf Tidak Berarah dan Graf Berbobot File → Deadline: -
[2026-08-02 18:03:07]      • [Materi] Video Literasi M2 : Graf Tidak Berarah dan Graf Berbobot URL → Deadline: -
[2026-08-02 18:03:12]      • [Quiz] Kuis M2 [KELAS PAGI] : Graf Tidak Berarah dan Graf Berbobot → Deadline: Tidak diketahui
[2026-08-02 18:03:16]      • [Quiz] Kuis M2 [KELAS MALAM] : Graf Tidak Berarah dan Graf Berbobot → Deadline: Tidak diketahui
[2026-08-02 18:03:20]      • [Materi] M4 : Aplikasi Teori Graf di Teknik Elektro File → Deadline: -
[2026-08-02 18:03:25]      • [Materi] Video Literasi M4 : Aplikasi Teori Graf di Teknik Elektro URL → Deadline: -
[2026-08-02 18:03:28]      • [Quiz] Kuis M4 [KELAS PAGI]: Aplikasi Teori Graf di Teknik Elektro → Deadline: Tidak diketahui
[2026-08-02 18:03:32]      • [Quiz] Kuis M4 [KELAS MALAM]: Aplikasi Teori Graf di Teknik Elektro → Deadline: Tidak diketahui
[2026-08-02 18:03:36]      • [Materi] M5 : Knowledge Graph dan Database Graph File → Deadline: -
[2026-08-02 18:03:41]      • [Materi] Video Literasi  M5 : Knowledge Graph dan Database Graph URL → Deadline: -
[2026-08-02 18:03:46]      • [Quiz] Kuis M5 [KELAS PAGI] : nowledge Graph dan Database Graph → Deadline: Tidak diketahui
[2026-08-02 18:03:50]      • [Quiz] Kuis M5 [KELAS MALAM] : Knowledge Graph dan Database Graph → Deadline: Tidak diketahui
[2026-08-02 18:03:54]      • [Materi] M6 : Graf Berarah dan Implementasinya File → Deadline: -
[2026-08-02 18:03:59]      • [Materi] Video Literasi M6 : Graf Berarah dan Implementasinya URL → Deadline: -
[2026-08-02 18:04:04]      • [Quiz] Kuis M6 [KELAS PAGI] : Graf Berarah dan Implementasinya → Deadline: Tidak diketahui
[2026-08-02 18:04:08]      • [Quiz] Kuis M6 [KELAS MALAM] : Graf Berarah dan Implementasinya → Deadline: Tidak diketahui
[2026-08-02 18:04:12]      • [Materi] M8 : Penerapan Teori Graf di Bidang Teknik Sipil File → Deadline: -
[2026-08-02 18:04:16]      • [Materi] Video Literasi M8 : Penerapan Teori Graf di Bidang Teknik Sipil URL → Deadline: -
[2026-08-02 18:04:21]      • [Quiz] Kuis M8 [KELAS PAGI] : Penerapan Teori Graf di Bidang Teknik Sipil → Deadline: Tidak diketahui
[2026-08-02 18:04:24]      • [Quiz] Kuis M8 [KELAS MALAM] : Penerapan Teori Graf di Bidang Teknik Sipil → Deadline: Tidak diketahui
[2026-08-02 18:04:29]      • [Materi] M10 : Penerapan Teori Graf  di Bidang Teknik Industri File → Deadline: -
[2026-08-02 18:04:34]      • [Materi] Video Literasi M10 : Penerapan Teori Graf  di Bidang Teknik Industri URL → Deadline: -
[2026-08-02 18:04:38]      • [Quiz] Kuis M10 [kelas pagi] : Penerapan Teori Graf  di Bidang Teknik Industri → Deadline: Tidak diketahui
[2026-08-02 18:04:42]      • [Quiz] Kuis M10 [kelas malam]: Penerapan Teori Graf  di Bidang Teknik Industri → Deadline: Tidak diketahui
[2026-08-02 18:04:46]      • [Materi] M11 : Program Dinamis dan Permasalahan Tata Letak Fasilitas File → Deadline: -
[2026-08-02 18:04:51]      • [Materi] video literasi : Program Dinamis dan Permasalahan Tata Letak Fasilitas URL → Deadline: -
[2026-08-02 18:04:55]      • [Quiz] Kuis M11 [kelas PAGI]: Program Dinamis dan Permasalahan Tata Letak Fasilitas → Deadline: Tidak diketahui
[2026-08-02 18:05:00]      • [Quiz] Kuis M11 [kelas MALAM]: Program Dinamis dan Permasalahan Tata Letak Fasilitas → Deadline: Tidak diketahui
[2026-08-02 18:05:04]      • [Materi] M12: Algoritma Greedy pada Graf File → Deadline: -
[2026-08-02 18:05:08]      • [Materi] Video literasi M12: Algoritma Greedy pada Graf URL → Deadline: -
[2026-08-02 18:05:13]      • [Quiz] Kuis M12 [kelas PAGI] → Deadline: Tidak diketahui
[2026-08-02 18:05:17]      • [Quiz] Kuis M12 [kelas MALAM] → Deadline: Tidak diketahui
[2026-08-02 18:05:22]      • [Materi] M13 File → Deadline: -
[2026-08-02 18:05:26]      • [Materi] Video Literasi M13 : Graph Theory Implementation in Oil Mining Company URL → Deadline: -
[2026-08-02 18:05:31]      • [Quiz] Kuis M13 [PAGI]: Graph Theory Implementation in Oil Mining Company → Deadline: Tidak diketahui
[2026-08-02 18:05:35]      • [Quiz] Kuis M13 [MALAM]: Graph Theory Implementation in Oil Mining Company → Deadline: Tidak diketahui
[2026-08-02 18:05:39]      • [Materi] M14 : Aplikasi Graf Lengkap sebagai Graf Representasi untuk Model Optimasi Rute Kendaraan File → Deadline: -
[2026-08-02 18:05:43]      • [Materi] Video Literasi : Aplikasi Graf Lengkap sebagai Graf Representasi untuk Model Optimasi Rute Kendaraan URL → Deadline: -
[2026-08-02 18:05:48]      • [Quiz] Kuis M14 [PAGI]: Aplikasi Graf Lengkap sebagai Graf Representasi untuk Model Optimasi Rute Kendaraan → Deadline: Tidak diketahui
[2026-08-02 18:05:52]      • [Quiz] Kuis M14 [MALAM]: Aplikasi Graf Lengkap sebagai Graf Representasi untuk Model Optimasi Rute Kendaraan → Deadline: Tidak diketahui
[2026-08-02 18:05:55] 📚 Mengambil mata kuliah ID 104413 ...
[2026-08-02 18:05:55]   ➤ ATA 2025/2026 | 3-FIKTI | Praktikum Terapan Teori Graf
[2026-08-02 18:05:55]      • [Materi] Panduan Praktikum  Forum → Deadline: -
[2026-08-02 18:06:00]      • [Materi] Panduan Google Collaboratory URL → Deadline: -
[2026-08-02 18:06:04]      • [Materi] Panduan Instalasi Anaconda URL → Deadline: -
[2026-08-02 18:06:08]      • [Quiz] Pre-Test (M1) → Deadline: Tidak diketahui
[2026-08-02 18:06:12]      • [Materi] 1.1  Pengantar: Teori Graf URL → Deadline: -
[2026-08-02 18:06:16]      • [Materi] 1.2  Sesi Hands-on Praktikum URL → Deadline: -
[2026-08-02 18:06:21]      • [Materi] 1.3 Tutorial Menambahkan File pada Mesin DGX URL → Deadline: -
[2026-08-02 18:06:26]      • [Quiz] Post-Test (M1) → Deadline: Tidak diketahui
[2026-08-02 18:06:30]      • [Assignment] Pengumpulan Tugas (M1) → Deadline: Saturday, 7 March 2026, 11:59 PM
[2026-08-02 18:06:34]      • [Quiz] Pre-Test (M2) → Deadline: Tidak diketahui
[2026-08-02 18:06:38]      • [Materi] 2.1  Pengantar: Berbagai Pemecahan Masalah Menggunakan Teori Graf Page → Deadline: -
[2026-08-02 18:06:42]      • [Quiz] Post-Test (M2) → Deadline: Tidak diketahui
[2026-08-02 18:06:47]      • [Assignment] Pengumpulan Tugas (M2) → Deadline: Saturday, 14 March 2026, 11:59 PM
[2026-08-02 18:06:50]      • [Quiz] Pre-Test (M4) → Deadline: Tidak diketahui
[2026-08-02 18:06:54]      • [Materi] 4.1  Pengantar: Breadth First Search URL → Deadline: -
[2026-08-02 18:06:59]      • [Materi] Sesi Praktikum File → Deadline: -
[2026-08-02 18:07:03]      • [Materi] Video Tutorial: Mendownload File IPYNB di Virtual Class URL → Deadline: -
[2026-08-02 18:07:06]      • [Quiz] Post-Test (M4) → Deadline: Tidak diketahui
[2026-08-02 18:07:11]      • [Assignment] Laporan Akhir (M4) → Deadline: Saturday, 11 April 2026, 11:59 PM
[2026-08-02 18:07:16]      • [Quiz] Pre-Test (M5) → Deadline: Tidak diketahui
[2026-08-02 18:07:20]      • [Materi] Sesi Praktikum URL → Deadline: -
[2026-08-02 18:07:25]      • [Quiz] Post-Test (M5) → Deadline: Tidak diketahui
[2026-08-02 18:07:29]      • [Assignment] Laporan Akhir (M5) → Deadline: Saturday, 18 April 2026, 11:59 PM
[2026-08-02 18:07:33]      • [Quiz] Pre-Test (M6) → Deadline: Tidak diketahui
[2026-08-02 18:07:37]      • [Materi] 6.1  Pendahuluan: Algoritma Dasar Tree URL → Deadline: -
[2026-08-02 18:07:42]      • [Materi] Sesi Praktikum File → Deadline: -
[2026-08-02 18:07:46]      • [Quiz] Post-Test (M6) → Deadline: Tidak diketahui
[2026-08-02 18:07:51]      • [Assignment] Laporan Akhir (M6) → Deadline: Saturday, 25 April 2026, 11:59 PM
[2026-08-02 18:07:55]      • [Quiz] Pre-Test (M8) → Deadline: Tidak diketahui
[2026-08-02 18:07:59]      • [Materi] 8.1  Pendahuluan: Implementasi Graph URL → Deadline: -
[2026-08-02 18:08:04]      • [Materi] Link File Praktikum I - family.pl → Deadline: -
[2026-08-02 18:08:08]      • [Materi] Link File Praktikum II - 8-puzzles.ipynb → Deadline: -
[2026-08-02 18:08:12]      • [Materi] Video Tutorial: Mendownload File IPYNB di Virtual Class URL → Deadline: -
[2026-08-02 18:08:16]      • [Quiz] Post-Test (M8) → Deadline: Tidak diketahui
[2026-08-02 18:08:20]      • [Assignment] Laporan Akhir (M8) → Deadline: Saturday, 9 May 2026, 11:59 PM
[2026-08-02 18:08:25]      • [Quiz] Pre-Test (M9) → Deadline: Tidak diketahui
[2026-08-02 18:08:29]      • [Materi] Sesi Hands-on Praktikum URL → Deadline: -
[2026-08-02 18:08:33]      • [Quiz] Post-Test (M9) → Deadline: Tidak diketahui
[2026-08-02 18:08:38]      • [Assignment] Pengumpulan Tugas (M9) → Deadline: Saturday, 16 May 2026, 11:59 PM
[2026-08-02 18:08:42]      • [Quiz] Pre-Test (M3) → Deadline: Tidak diketahui
[2026-08-02 18:08:47]      • [Materi] Sesi Praktikum URL → Deadline: -
[2026-08-02 18:08:50]      • [Materi] Video Tutorial: Menambahkan File pada Mesin DGX URL → Deadline: -
[2026-08-02 18:08:54]      • [Quiz] Post-Test (M3) → Deadline: Tidak diketahui
[2026-08-02 18:08:59]      • [Assignment] Pengumpulan Tugas (M3) → Deadline: Saturday, 23 May 2026, 11:59 PM
[2026-08-02 18:09:03]      • [Quiz] Pre-Test (M7) → Deadline: Tidak diketahui
[2026-08-02 18:09:07]      • [Materi] Link File Praktikum I - 3-Tekrek-Find-Center.ipynb → Deadline: -
[2026-08-02 18:09:12]      • [Materi] Link File Praktikum II - 3-Tekrek-Sortest-Path.ipynb → Deadline: -
[2026-08-02 18:09:16]      • [Materi] Video Tutorial: Mendownload File IPYNB di Virtual Class URL → Deadline: -
[2026-08-02 18:09:21]      • [Quiz] Post-Test (M7) → Deadline: Tidak diketahui
[2026-08-02 18:09:25]      • [Assignment] Laporan Akhir (M7) → Deadline: Saturday, 23 May 2026, 11:59 PM
[2026-08-02 18:09:29] 📦 Total tugas ditemukan: 126
[2026-08-02 18:09:29] 💾 Disimpan ke python/node/tugas.json
