[2026-08-01 09:45:08] 🔐 Login ke V-Class...
[2026-08-01 09:45:08] ✅ Login berhasil
[2026-08-01 09:45:08] 📚 Mengambil mata kuliah ID 108486 ...
[2026-08-01 09:45:08]   ➤ ATA 2025/2026 | 3KB01 | Jaringan Komputer Lanjut | VIVIEN NOVA FITHRIANA
[2026-08-01 09:45:08]      • [Materi] Announcements Forum → Deadline: -
[2026-08-01 09:45:13]      • [Materi] M1 File → Deadline: -
[2026-08-01 09:45:17]      • [Materi] M2 File → Deadline: -
[2026-08-01 09:45:22]      • [Materi] M3 File → Deadline: -
[2026-08-01 09:45:26]      • [Materi] M4 File → Deadline: -
[2026-08-01 09:45:30]      • [Materi] M5 File → Deadline: -
[2026-08-01 09:45:35]      • [Materi] M6 File → Deadline: -
[2026-08-01 09:45:39]      • [Materi] M7 File → Deadline: -
[2026-08-01 09:45:44]      • [Materi] VC-1 : Traffic dan Algoritma Kendali Kemacetan File → Deadline: -
[2026-08-01 09:45:47]      • [Materi] VC-1 : Traffic dan Algoritma Kendali Kemacetan File → Deadline: -
[2026-08-01 09:45:51]      • [Materi] Forum VC-1 : Traffic dan Algoritma Kendali Kemacetan → Deadline: -
[2026-08-01 09:45:56]      • [Quiz] Latihan Soal VC-1 : Traffic dan Algoritma Kendali Kemacetan → Deadline: Tidak diketahui
[2026-08-01 09:46:01]      • [Materi] VC-2 : Traffic dan Algoritma Kendali Kemacetan - Bagian 2 File → Deadline: -
[2026-08-01 09:46:05]      • [Materi] Forum VC-2 : Traffic dan Algoritma Kendali Kemacetan - Bagian 2 → Deadline: -
[2026-08-01 09:46:10]      • [Quiz] Latihan Soal VC-2 : Traffic dan Algoritma Kendali Kemacetan - Bagian 2 → Deadline: Tidak diketahui
[2026-08-01 09:46:14]      • [Materi] VC-3 : Lapisan Transport File → Deadline: -
[2026-08-01 09:46:18]      • [Materi] Forum VC-3 : Lapisan Transport → Deadline: -
[2026-08-01 09:46:22]      • [Quiz] Latihan Soal VC-3 : Lapisan Transport → Deadline: Tidak diketahui
[2026-08-01 09:46:26] 📚 Mengambil mata kuliah ID 108172 ...
[2026-08-01 09:46:27]   ➤ ATA 2025/2026 | 3KB01 | Internet of Things (IoT) | PURNAWARMAN MUSA
[2026-08-01 09:46:27]      • [Materi] Announcements Forum → Deadline: -
[2026-08-01 09:46:31]      • [Materi] M6 File → Deadline: -
[2026-08-01 09:46:35]      • [Quiz] Soal (Tugas Individu) → Deadline: Tidak diketahui
[2026-08-01 09:46:40]      • [Quiz] Soal (Tugas Individu) → Deadline: Tidak diketahui
[2026-08-01 09:46:43] 📚 Mengambil mata kuliah ID 109563 ...
[2026-08-01 09:46:43]   ➤ ATA 2025/2026 | 3KB01 | Sistem Tertanam (Embedded) * | RIDHA ISKANDAR
[2026-08-01 09:46:43]      • [Materi] Selamat Datang di V-Class Sistem Tertanam (Embedded) Forum → Deadline: -
[2026-08-01 09:46:47]      • [Assignment] File 1 → Deadline: Sunday, 26 April 2026, 12:00 AM
[2026-08-01 09:46:51] 📚 Mengambil mata kuliah ID 109970 ...
[2026-08-01 09:46:51]   ➤ ATA 2025/2026 | 2EB10 | Bahasa Indonesia | MELANIAWATI
[2026-08-01 09:46:51] 📚 Mengambil mata kuliah ID 107919 ...
[2026-08-01 09:46:51]   ➤ ATA 2025/2026 | 3KB01 | Sistem Cerdas Lanjut | NUR SULTAN SALAHUDDIN
[2026-08-01 09:46:51]      • [Materi] Announcements Forum → Deadline: -
[2026-08-01 09:46:56]      • [Assignment] Sistem Kesehatan Cerdas → Deadline: Thursday, 21 May 2026, 12:00 AM
[2026-08-01 09:47:00]      • [Quiz] Sistem Kesehatan Cerdas → Deadline: Tidak diketahui
[2026-08-01 09:47:05]      • [Assignment] Sistem Industri Cerdas → Deadline: Monday, 20 July 2026, 12:00 AM
[2026-08-01 09:47:09]      • [Quiz] Sistem Industri Cerdas → Deadline: Tidak diketahui
[2026-08-01 09:47:13] 📚 Mengambil mata kuliah ID 107291 ...
[2026-08-01 09:47:13]   ➤ ATA 2025/2026 | 3KB01 | Pengantarmukaan Perif.Komputer * | FARID THALIB
[2026-08-01 09:47:13]      • [Materi] Announcements Forum → Deadline: -
[2026-08-01 09:47:17] 📚 Mengambil mata kuliah ID 104438 ...
[2026-08-01 09:47:17]   ➤ ATA 2025/2026 | 3-FIKTI | Terapan Teori Graf | TEAM TEACHING
[2026-08-01 09:47:17]      • [Materi] PEMBERITAHUAN UTS SUSULAN File → Deadline: -
[2026-08-01 09:47:21]      • [Materi] PEMBERITAHUAN PELAKSANAAN TEAM TEACHING TERAPAN TEORI GRAF Forum → Deadline: -
[2026-08-01 09:47:26]      • [Materi] M1: Pendahuluan Teori Graf File → Deadline: -
[2026-08-01 09:47:31]      • [Materi] Video Literasi M1: Pendahuluan Teori Graf URL → Deadline: -
[2026-08-01 09:47:35]      • [Quiz] Kuis M1 [kelas PAGI] → Deadline: Tidak diketahui
[2026-08-01 09:47:39]      • [Quiz] Kuis M1 [kelas MALAM] → Deadline: Tidak diketahui
[2026-08-01 09:47:44]      • [Materi] M2: Graf Tidak Berarah dan Graf Berbobot File → Deadline: -
[2026-08-01 09:47:48]      • [Materi] Video Literasi M2 : Graf Tidak Berarah dan Graf Berbobot URL → Deadline: -
[2026-08-01 09:47:53]      • [Quiz] Kuis M2 [KELAS PAGI] : Graf Tidak Berarah dan Graf Berbobot → Deadline: Tidak diketahui
[2026-08-01 09:47:57]      • [Quiz] Kuis M2 [KELAS MALAM] : Graf Tidak Berarah dan Graf Berbobot → Deadline: Tidak diketahui
[2026-08-01 09:48:02]      • [Materi] M4 : Aplikasi Teori Graf di Teknik Elektro File → Deadline: -
[2026-08-01 09:48:06]      • [Materi] Video Literasi M4 : Aplikasi Teori Graf di Teknik Elektro URL → Deadline: -
[2026-08-01 09:48:11]      • [Quiz] Kuis M4 [KELAS PAGI]: Aplikasi Teori Graf di Teknik Elektro → Deadline: Tidak diketahui
[2026-08-01 09:48:16]      • [Quiz] Kuis M4 [KELAS MALAM]: Aplikasi Teori Graf di Teknik Elektro → Deadline: Tidak diketahui
[2026-08-01 09:48:21]      • [Materi] M5 : Knowledge Graph dan Database Graph File → Deadline: -
[2026-08-01 09:48:26]      • [Materi] Video Literasi  M5 : Knowledge Graph dan Database Graph URL → Deadline: -
[2026-08-01 09:48:30]      • [Quiz] Kuis M5 [KELAS PAGI] : nowledge Graph dan Database Graph → Deadline: Tidak diketahui
[2026-08-01 09:48:36]      • [Quiz] Kuis M5 [KELAS MALAM] : Knowledge Graph dan Database Graph → Deadline: Tidak diketahui
[2026-08-01 09:48:40]      • [Materi] M6 : Graf Berarah dan Implementasinya File → Deadline: -
[2026-08-01 09:48:45]      • [Materi] Video Literasi M6 : Graf Berarah dan Implementasinya URL → Deadline: -
[2026-08-01 09:48:49]      • [Quiz] Kuis M6 [KELAS PAGI] : Graf Berarah dan Implementasinya → Deadline: Tidak diketahui
[2026-08-01 09:48:53]      • [Quiz] Kuis M6 [KELAS MALAM] : Graf Berarah dan Implementasinya → Deadline: Tidak diketahui
[2026-08-01 09:48:56]      • [Materi] M8 : Penerapan Teori Graf di Bidang Teknik Sipil File → Deadline: -
[2026-08-01 09:49:01]      • [Materi] Video Literasi M8 : Penerapan Teori Graf di Bidang Teknik Sipil URL → Deadline: -
[2026-08-01 09:49:05]      • [Quiz] Kuis M8 [KELAS PAGI] : Penerapan Teori Graf di Bidang Teknik Sipil → Deadline: Tidak diketahui
[2026-08-01 09:49:09]      • [Quiz] Kuis M8 [KELAS MALAM] : Penerapan Teori Graf di Bidang Teknik Sipil → Deadline: Tidak diketahui
[2026-08-01 09:49:13]      • [Materi] M10 : Penerapan Teori Graf  di Bidang Teknik Industri File → Deadline: -
[2026-08-01 09:49:16]      • [Materi] Video Literasi M10 : Penerapan Teori Graf  di Bidang Teknik Industri URL → Deadline: -
[2026-08-01 09:49:21]      • [Quiz] Kuis M10 [kelas pagi] : Penerapan Teori Graf  di Bidang Teknik Industri → Deadline: Tidak diketahui
[2026-08-01 09:49:25]      • [Quiz] Kuis M10 [kelas malam]: Penerapan Teori Graf  di Bidang Teknik Industri → Deadline: Tidak diketahui
[2026-08-01 09:49:30]      • [Materi] M11 : Program Dinamis dan Permasalahan Tata Letak Fasilitas File → Deadline: -
[2026-08-01 09:49:34]      • [Materi] video literasi : Program Dinamis dan Permasalahan Tata Letak Fasilitas URL → Deadline: -
[2026-08-01 09:49:38]      • [Quiz] Kuis M11 [kelas PAGI]: Program Dinamis dan Permasalahan Tata Letak Fasilitas → Deadline: Tidak diketahui
[2026-08-01 09:49:42]      • [Quiz] Kuis M11 [kelas MALAM]: Program Dinamis dan Permasalahan Tata Letak Fasilitas → Deadline: Tidak diketahui
[2026-08-01 09:49:47]      • [Materi] M12: Algoritma Greedy pada Graf File → Deadline: -
[2026-08-01 09:49:51]      • [Materi] Video literasi M12: Algoritma Greedy pada Graf URL → Deadline: -
[2026-08-01 09:49:55]      • [Quiz] Kuis M12 [kelas PAGI] → Deadline: Tidak diketahui
[2026-08-01 09:49:58]      • [Quiz] Kuis M12 [kelas MALAM] → Deadline: Tidak diketahui
[2026-08-01 09:50:03]      • [Materi] M13 File → Deadline: -
[2026-08-01 09:50:08]      • [Materi] Video Literasi M13 : Graph Theory Implementation in Oil Mining Company URL → Deadline: -
[2026-08-01 09:50:12]      • [Quiz] Kuis M13 [PAGI]: Graph Theory Implementation in Oil Mining Company → Deadline: Tidak diketahui
[2026-08-01 09:50:16]      • [Quiz] Kuis M13 [MALAM]: Graph Theory Implementation in Oil Mining Company → Deadline: Tidak diketahui
[2026-08-01 09:50:20]      • [Materi] M14 : Aplikasi Graf Lengkap sebagai Graf Representasi untuk Model Optimasi Rute Kendaraan File → Deadline: -
[2026-08-01 09:50:24]      • [Materi] Video Literasi : Aplikasi Graf Lengkap sebagai Graf Representasi untuk Model Optimasi Rute Kendaraan URL → Deadline: -
[2026-08-01 09:50:29]      • [Quiz] Kuis M14 [PAGI]: Aplikasi Graf Lengkap sebagai Graf Representasi untuk Model Optimasi Rute Kendaraan → Deadline: Tidak diketahui
[2026-08-01 09:50:33]      • [Quiz] Kuis M14 [MALAM]: Aplikasi Graf Lengkap sebagai Graf Representasi untuk Model Optimasi Rute Kendaraan → Deadline: Tidak diketahui
[2026-08-01 09:50:38] 📚 Mengambil mata kuliah ID 104413 ...
[2026-08-01 09:50:38]   ➤ ATA 2025/2026 | 3-FIKTI | Praktikum Terapan Teori Graf
[2026-08-01 09:50:38]      • [Materi] Panduan Praktikum  Forum → Deadline: -
[2026-08-01 09:50:43]      • [Materi] Panduan Google Collaboratory URL → Deadline: -
[2026-08-01 09:50:47]      • [Materi] Panduan Instalasi Anaconda URL → Deadline: -
[2026-08-01 09:50:51]      • [Quiz] Pre-Test (M1) → Deadline: Tidak diketahui
[2026-08-01 09:50:55]      • [Materi] 1.1  Pengantar: Teori Graf URL → Deadline: -
[2026-08-01 09:51:00]      • [Materi] 1.2  Sesi Hands-on Praktikum URL → Deadline: -
[2026-08-01 09:51:04]      • [Materi] 1.3 Tutorial Menambahkan File pada Mesin DGX URL → Deadline: -
[2026-08-01 09:51:09]      • [Quiz] Post-Test (M1) → Deadline: Tidak diketahui
[2026-08-01 09:51:13]      • [Assignment] Pengumpulan Tugas (M1) → Deadline: Saturday, 7 March 2026, 11:59 PM
[2026-08-01 09:51:18]      • [Quiz] Pre-Test (M2) → Deadline: Tidak diketahui
[2026-08-01 09:51:22]      • [Materi] 2.1  Pengantar: Berbagai Pemecahan Masalah Menggunakan Teori Graf Page → Deadline: -
[2026-08-01 09:51:27]      • [Quiz] Post-Test (M2) → Deadline: Tidak diketahui
[2026-08-01 09:51:31]      • [Assignment] Pengumpulan Tugas (M2) → Deadline: Saturday, 14 March 2026, 11:59 PM
[2026-08-01 09:51:36]      • [Quiz] Pre-Test (M4) → Deadline: Tidak diketahui
[2026-08-01 09:51:39]      • [Materi] 4.1  Pengantar: Breadth First Search URL → Deadline: -
[2026-08-01 09:51:43]      • [Materi] Sesi Praktikum File → Deadline: -
[2026-08-01 09:51:48]      • [Materi] Video Tutorial: Mendownload File IPYNB di Virtual Class URL → Deadline: -
[2026-08-01 09:51:52]      • [Quiz] Post-Test (M4) → Deadline: Tidak diketahui
[2026-08-01 09:51:57]      • [Assignment] Laporan Akhir (M4) → Deadline: Saturday, 11 April 2026, 11:59 PM
[2026-08-01 09:52:02]      • [Quiz] Pre-Test (M5) → Deadline: Tidak diketahui
[2026-08-01 09:52:06]      • [Materi] Sesi Praktikum URL → Deadline: -
[2026-08-01 09:52:10]      • [Quiz] Post-Test (M5) → Deadline: Tidak diketahui
[2026-08-01 09:52:14]      • [Assignment] Laporan Akhir (M5) → Deadline: Saturday, 18 April 2026, 11:59 PM
[2026-08-01 09:52:17]      • [Quiz] Pre-Test (M6) → Deadline: Tidak diketahui
[2026-08-01 09:52:21]      • [Materi] 6.1  Pendahuluan: Algoritma Dasar Tree URL → Deadline: -
[2026-08-01 09:52:25]      • [Materi] Sesi Praktikum File → Deadline: -
[2026-08-01 09:52:29]      • [Quiz] Post-Test (M6) → Deadline: Tidak diketahui
[2026-08-01 09:52:35]      • [Assignment] Laporan Akhir (M6) → Deadline: Saturday, 25 April 2026, 11:59 PM
[2026-08-01 09:52:39]      • [Quiz] Pre-Test (M8) → Deadline: Tidak diketahui
[2026-08-01 09:52:43]      • [Materi] 8.1  Pendahuluan: Implementasi Graph URL → Deadline: -
[2026-08-01 09:52:48]      • [Materi] Link File Praktikum I - family.pl → Deadline: -
[2026-08-01 09:52:52]      • [Materi] Link File Praktikum II - 8-puzzles.ipynb → Deadline: -
[2026-08-01 09:52:57]      • [Materi] Video Tutorial: Mendownload File IPYNB di Virtual Class URL → Deadline: -
[2026-08-01 09:53:02]      • [Quiz] Post-Test (M8) → Deadline: Tidak diketahui
[2026-08-01 09:53:06]      • [Assignment] Laporan Akhir (M8) → Deadline: Saturday, 9 May 2026, 11:59 PM
[2026-08-01 09:53:10]      • [Quiz] Pre-Test (M9) → Deadline: Tidak diketahui
[2026-08-01 09:53:14]      • [Materi] Sesi Hands-on Praktikum URL → Deadline: -
[2026-08-01 09:53:18]      • [Quiz] Post-Test (M9) → Deadline: Tidak diketahui
[2026-08-01 09:53:22]      • [Assignment] Pengumpulan Tugas (M9) → Deadline: Saturday, 16 May 2026, 11:59 PM
[2026-08-01 09:53:27]      • [Quiz] Pre-Test (M3) → Deadline: Tidak diketahui
[2026-08-01 09:53:32]      • [Materi] Sesi Praktikum URL → Deadline: -
[2026-08-01 09:53:36]      • [Materi] Video Tutorial: Menambahkan File pada Mesin DGX URL → Deadline: -
[2026-08-01 09:53:41]      • [Quiz] Post-Test (M3) → Deadline: Tidak diketahui
[2026-08-01 09:53:45]      • [Assignment] Pengumpulan Tugas (M3) → Deadline: Saturday, 23 May 2026, 11:59 PM
[2026-08-01 09:53:48]      • [Quiz] Pre-Test (M7) → Deadline: Tidak diketahui
[2026-08-01 09:53:53]      • [Materi] Link File Praktikum I - 3-Tekrek-Find-Center.ipynb → Deadline: -
[2026-08-01 09:53:57]      • [Materi] Link File Praktikum II - 3-Tekrek-Sortest-Path.ipynb → Deadline: -
[2026-08-01 09:54:02]      • [Materi] Video Tutorial: Mendownload File IPYNB di Virtual Class URL → Deadline: -
[2026-08-01 09:54:07]      • [Quiz] Post-Test (M7) → Deadline: Tidak diketahui
[2026-08-01 09:54:11]      • [Assignment] Laporan Akhir (M7) → Deadline: Saturday, 23 May 2026, 11:59 PM
[2026-08-01 09:54:15] 📦 Total tugas ditemukan: 126
[2026-08-01 09:54:15] 💾 Disimpan ke python/node/tugas.json
[2026-08-01 18:00:16] 🔐 Login ke V-Class...
[2026-08-01 18:00:16] ✅ Login berhasil
[2026-08-01 18:00:16] 📚 Mengambil mata kuliah ID 108486 ...
[2026-08-01 18:00:16]   ➤ ATA 2025/2026 | 3KB01 | Jaringan Komputer Lanjut | VIVIEN NOVA FITHRIANA
[2026-08-01 18:00:16]      • [Materi] Announcements Forum → Deadline: -
[2026-08-01 18:00:21]      • [Materi] M1 File → Deadline: -
[2026-08-01 18:00:26]      • [Materi] M2 File → Deadline: -
[2026-08-01 18:00:30]      • [Materi] M3 File → Deadline: -
[2026-08-01 18:00:34]      • [Materi] M4 File → Deadline: -
[2026-08-01 18:00:38]      • [Materi] M5 File → Deadline: -
[2026-08-01 18:00:43]      • [Materi] M6 File → Deadline: -
[2026-08-01 18:00:47]      • [Materi] M7 File → Deadline: -
[2026-08-01 18:00:51]      • [Materi] VC-1 : Traffic dan Algoritma Kendali Kemacetan File → Deadline: -
[2026-08-01 18:00:56]      • [Materi] VC-1 : Traffic dan Algoritma Kendali Kemacetan File → Deadline: -
[2026-08-01 18:01:01]      • [Materi] Forum VC-1 : Traffic dan Algoritma Kendali Kemacetan → Deadline: -
[2026-08-01 18:01:06]      • [Quiz] Latihan Soal VC-1 : Traffic dan Algoritma Kendali Kemacetan → Deadline: Tidak diketahui
[2026-08-01 18:01:10]      • [Materi] VC-2 : Traffic dan Algoritma Kendali Kemacetan - Bagian 2 File → Deadline: -
[2026-08-01 18:01:14]      • [Materi] Forum VC-2 : Traffic dan Algoritma Kendali Kemacetan - Bagian 2 → Deadline: -
[2026-08-01 18:01:18]      • [Quiz] Latihan Soal VC-2 : Traffic dan Algoritma Kendali Kemacetan - Bagian 2 → Deadline: Tidak diketahui
[2026-08-01 18:01:22]      • [Materi] VC-3 : Lapisan Transport File → Deadline: -
[2026-08-01 18:01:26]      • [Materi] Forum VC-3 : Lapisan Transport → Deadline: -
[2026-08-01 18:01:31]      • [Quiz] Latihan Soal VC-3 : Lapisan Transport → Deadline: Tidak diketahui
[2026-08-01 18:01:35] 📚 Mengambil mata kuliah ID 108172 ...
[2026-08-01 18:01:35]   ➤ ATA 2025/2026 | 3KB01 | Internet of Things (IoT) | PURNAWARMAN MUSA
[2026-08-01 18:01:35]      • [Materi] Announcements Forum → Deadline: -
[2026-08-01 18:01:38]      • [Materi] M6 File → Deadline: -
[2026-08-01 18:01:43]      • [Quiz] Soal (Tugas Individu) → Deadline: Tidak diketahui
[2026-08-01 18:01:47]      • [Quiz] Soal (Tugas Individu) → Deadline: Tidak diketahui
[2026-08-01 18:01:51] 📚 Mengambil mata kuliah ID 109563 ...
[2026-08-01 18:01:51]   ➤ ATA 2025/2026 | 3KB01 | Sistem Tertanam (Embedded) * | RIDHA ISKANDAR
[2026-08-01 18:01:51]      • [Materi] Selamat Datang di V-Class Sistem Tertanam (Embedded) Forum → Deadline: -
[2026-08-01 18:01:56]      • [Assignment] File 1 → Deadline: Sunday, 26 April 2026, 12:00 AM
[2026-08-01 18:02:00] 📚 Mengambil mata kuliah ID 109970 ...
[2026-08-01 18:02:00]   ➤ ATA 2025/2026 | 2EB10 | Bahasa Indonesia | MELANIAWATI
[2026-08-01 18:02:00] 📚 Mengambil mata kuliah ID 107919 ...
[2026-08-01 18:02:00]   ➤ ATA 2025/2026 | 3KB01 | Sistem Cerdas Lanjut | NUR SULTAN SALAHUDDIN
[2026-08-01 18:02:00]      • [Materi] Announcements Forum → Deadline: -
[2026-08-01 18:02:04]      • [Assignment] Sistem Kesehatan Cerdas → Deadline: Thursday, 21 May 2026, 12:00 AM
[2026-08-01 18:02:08]      • [Quiz] Sistem Kesehatan Cerdas → Deadline: Tidak diketahui
[2026-08-01 18:02:13]      • [Assignment] Sistem Industri Cerdas → Deadline: Monday, 20 July 2026, 12:00 AM
[2026-08-01 18:02:17]      • [Quiz] Sistem Industri Cerdas → Deadline: Tidak diketahui
[2026-08-01 18:02:21] 📚 Mengambil mata kuliah ID 107291 ...
[2026-08-01 18:02:21]   ➤ ATA 2025/2026 | 3KB01 | Pengantarmukaan Perif.Komputer * | FARID THALIB
[2026-08-01 18:02:21]      • [Materi] Announcements Forum → Deadline: -
[2026-08-01 18:02:25] 📚 Mengambil mata kuliah ID 104438 ...
[2026-08-01 18:02:26]   ➤ ATA 2025/2026 | 3-FIKTI | Terapan Teori Graf | TEAM TEACHING
[2026-08-01 18:02:26]      • [Materi] PEMBERITAHUAN UTS SUSULAN File → Deadline: -
[2026-08-01 18:02:29]      • [Materi] PEMBERITAHUAN PELAKSANAAN TEAM TEACHING TERAPAN TEORI GRAF Forum → Deadline: -
[2026-08-01 18:02:33]      • [Materi] M1: Pendahuluan Teori Graf File → Deadline: -
[2026-08-01 18:02:37]      • [Materi] Video Literasi M1: Pendahuluan Teori Graf URL → Deadline: -
[2026-08-01 18:02:42]      • [Quiz] Kuis M1 [kelas PAGI] → Deadline: Tidak diketahui
[2026-08-01 18:02:46]      • [Quiz] Kuis M1 [kelas MALAM] → Deadline: Tidak diketahui
[2026-08-01 18:02:51]      • [Materi] M2: Graf Tidak Berarah dan Graf Berbobot File → Deadline: -
[2026-08-01 18:02:55]      • [Materi] Video Literasi M2 : Graf Tidak Berarah dan Graf Berbobot URL → Deadline: -
[2026-08-01 18:03:00]      • [Quiz] Kuis M2 [KELAS PAGI] : Graf Tidak Berarah dan Graf Berbobot → Deadline: Tidak diketahui
[2026-08-01 18:03:05]      • [Quiz] Kuis M2 [KELAS MALAM] : Graf Tidak Berarah dan Graf Berbobot → Deadline: Tidak diketahui
[2026-08-01 18:03:09]      • [Materi] M4 : Aplikasi Teori Graf di Teknik Elektro File → Deadline: -
[2026-08-01 18:03:14]      • [Materi] Video Literasi M4 : Aplikasi Teori Graf di Teknik Elektro URL → Deadline: -
[2026-08-01 18:03:18]      • [Quiz] Kuis M4 [KELAS PAGI]: Aplikasi Teori Graf di Teknik Elektro → Deadline: Tidak diketahui
[2026-08-01 18:03:22]      • [Quiz] Kuis M4 [KELAS MALAM]: Aplikasi Teori Graf di Teknik Elektro → Deadline: Tidak diketahui
[2026-08-01 18:03:26]      • [Materi] M5 : Knowledge Graph dan Database Graph File → Deadline: -
[2026-08-01 18:03:29]      • [Materi] Video Literasi  M5 : Knowledge Graph dan Database Graph URL → Deadline: -
[2026-08-01 18:03:33]      • [Quiz] Kuis M5 [KELAS PAGI] : nowledge Graph dan Database Graph → Deadline: Tidak diketahui
[2026-08-01 18:03:37]      • [Quiz] Kuis M5 [KELAS MALAM] : Knowledge Graph dan Database Graph → Deadline: Tidak diketahui
[2026-08-01 18:03:42]      • [Materi] M6 : Graf Berarah dan Implementasinya File → Deadline: -
[2026-08-01 18:03:46]      • [Materi] Video Literasi M6 : Graf Berarah dan Implementasinya URL → Deadline: -
[2026-08-01 18:03:50]      • [Quiz] Kuis M6 [KELAS PAGI] : Graf Berarah dan Implementasinya → Deadline: Tidak diketahui
[2026-08-01 18:03:55]      • [Quiz] Kuis M6 [KELAS MALAM] : Graf Berarah dan Implementasinya → Deadline: Tidak diketahui
[2026-08-01 18:03:59]      • [Materi] M8 : Penerapan Teori Graf di Bidang Teknik Sipil File → Deadline: -
[2026-08-01 18:04:03]      • [Materi] Video Literasi M8 : Penerapan Teori Graf di Bidang Teknik Sipil URL → Deadline: -
[2026-08-01 18:04:07]      • [Quiz] Kuis M8 [KELAS PAGI] : Penerapan Teori Graf di Bidang Teknik Sipil → Deadline: Tidak diketahui
[2026-08-01 18:04:12]      • [Quiz] Kuis M8 [KELAS MALAM] : Penerapan Teori Graf di Bidang Teknik Sipil → Deadline: Tidak diketahui
[2026-08-01 18:04:16]      • [Materi] M10 : Penerapan Teori Graf  di Bidang Teknik Industri File → Deadline: -
[2026-08-01 18:04:20]      • [Materi] Video Literasi M10 : Penerapan Teori Graf  di Bidang Teknik Industri URL → Deadline: -
[2026-08-01 18:04:25]      • [Quiz] Kuis M10 [kelas pagi] : Penerapan Teori Graf  di Bidang Teknik Industri → Deadline: Tidak diketahui
[2026-08-01 18:04:29]      • [Quiz] Kuis M10 [kelas malam]: Penerapan Teori Graf  di Bidang Teknik Industri → Deadline: Tidak diketahui
[2026-08-01 18:04:34]      • [Materi] M11 : Program Dinamis dan Permasalahan Tata Letak Fasilitas File → Deadline: -
[2026-08-01 18:04:37]      • [Materi] video literasi : Program Dinamis dan Permasalahan Tata Letak Fasilitas URL → Deadline: -
[2026-08-01 18:04:41]      • [Quiz] Kuis M11 [kelas PAGI]: Program Dinamis dan Permasalahan Tata Letak Fasilitas → Deadline: Tidak diketahui
[2026-08-01 18:04:46]      • [Quiz] Kuis M11 [kelas MALAM]: Program Dinamis dan Permasalahan Tata Letak Fasilitas → Deadline: Tidak diketahui
[2026-08-01 18:04:49]      • [Materi] M12: Algoritma Greedy pada Graf File → Deadline: -
[2026-08-01 18:04:53]      • [Materi] Video literasi M12: Algoritma Greedy pada Graf URL → Deadline: -
[2026-08-01 18:04:58]      • [Quiz] Kuis M12 [kelas PAGI] → Deadline: Tidak diketahui
[2026-08-01 18:05:03]      • [Quiz] Kuis M12 [kelas MALAM] → Deadline: Tidak diketahui
[2026-08-01 18:05:08]      • [Materi] M13 File → Deadline: -
[2026-08-01 18:05:12]      • [Materi] Video Literasi M13 : Graph Theory Implementation in Oil Mining Company URL → Deadline: -
[2026-08-01 18:05:17]      • [Quiz] Kuis M13 [PAGI]: Graph Theory Implementation in Oil Mining Company → Deadline: Tidak diketahui
[2026-08-01 18:05:21]      • [Quiz] Kuis M13 [MALAM]: Graph Theory Implementation in Oil Mining Company → Deadline: Tidak diketahui
[2026-08-01 18:05:26]      • [Materi] M14 : Aplikasi Graf Lengkap sebagai Graf Representasi untuk Model Optimasi Rute Kendaraan File → Deadline: -
[2026-08-01 18:05:30]      • [Materi] Video Literasi : Aplikasi Graf Lengkap sebagai Graf Representasi untuk Model Optimasi Rute Kendaraan URL → Deadline: -
[2026-08-01 18:05:34]      • [Quiz] Kuis M14 [PAGI]: Aplikasi Graf Lengkap sebagai Graf Representasi untuk Model Optimasi Rute Kendaraan → Deadline: Tidak diketahui
[2026-08-01 18:05:38]      • [Quiz] Kuis M14 [MALAM]: Aplikasi Graf Lengkap sebagai Graf Representasi untuk Model Optimasi Rute Kendaraan → Deadline: Tidak diketahui
[2026-08-01 18:05:42] 📚 Mengambil mata kuliah ID 104413 ...
[2026-08-01 18:05:42]   ➤ ATA 2025/2026 | 3-FIKTI | Praktikum Terapan Teori Graf
[2026-08-01 18:05:42]      • [Materi] Panduan Praktikum  Forum → Deadline: -
[2026-08-01 18:05:46]      • [Materi] Panduan Google Collaboratory URL → Deadline: -
[2026-08-01 18:05:50]      • [Materi] Panduan Instalasi Anaconda URL → Deadline: -
[2026-08-01 18:05:54]      • [Quiz] Pre-Test (M1) → Deadline: Tidak diketahui
[2026-08-01 18:05:58]      • [Materi] 1.1  Pengantar: Teori Graf URL → Deadline: -
[2026-08-01 18:06:02]      • [Materi] 1.2  Sesi Hands-on Praktikum URL → Deadline: -
[2026-08-01 18:06:06]      • [Materi] 1.3 Tutorial Menambahkan File pada Mesin DGX URL → Deadline: -
[2026-08-01 18:06:10]      • [Quiz] Post-Test (M1) → Deadline: Tidak diketahui
[2026-08-01 18:06:14]      • [Assignment] Pengumpulan Tugas (M1) → Deadline: Saturday, 7 March 2026, 11:59 PM
[2026-08-01 18:06:18]      • [Quiz] Pre-Test (M2) → Deadline: Tidak diketahui
[2026-08-01 18:06:23]      • [Materi] 2.1  Pengantar: Berbagai Pemecahan Masalah Menggunakan Teori Graf Page → Deadline: -
[2026-08-01 18:06:28]      • [Quiz] Post-Test (M2) → Deadline: Tidak diketahui
[2026-08-01 18:06:32]      • [Assignment] Pengumpulan Tugas (M2) → Deadline: Saturday, 14 March 2026, 11:59 PM
[2026-08-01 18:06:36]      • [Quiz] Pre-Test (M4) → Deadline: Tidak diketahui
[2026-08-01 18:06:41]      • [Materi] 4.1  Pengantar: Breadth First Search URL → Deadline: -
[2026-08-01 18:06:44]      • [Materi] Sesi Praktikum File → Deadline: -
[2026-08-01 18:06:49]      • [Materi] Video Tutorial: Mendownload File IPYNB di Virtual Class URL → Deadline: -
[2026-08-01 18:06:53]      • [Quiz] Post-Test (M4) → Deadline: Tidak diketahui
[2026-08-01 18:06:57]      • [Assignment] Laporan Akhir (M4) → Deadline: Saturday, 11 April 2026, 11:59 PM
[2026-08-01 18:07:02]      • [Quiz] Pre-Test (M5) → Deadline: Tidak diketahui
[2026-08-01 18:07:06]      • [Materi] Sesi Praktikum URL → Deadline: -
[2026-08-01 18:07:10]      • [Quiz] Post-Test (M5) → Deadline: Tidak diketahui
[2026-08-01 18:07:14]      • [Assignment] Laporan Akhir (M5) → Deadline: Saturday, 18 April 2026, 11:59 PM
[2026-08-01 18:07:19]      • [Quiz] Pre-Test (M6) → Deadline: Tidak diketahui
[2026-08-01 18:07:23]      • [Materi] 6.1  Pendahuluan: Algoritma Dasar Tree URL → Deadline: -
[2026-08-01 18:07:27]      • [Materi] Sesi Praktikum File → Deadline: -
[2026-08-01 18:07:31]      • [Quiz] Post-Test (M6) → Deadline: Tidak diketahui
[2026-08-01 18:07:35]      • [Assignment] Laporan Akhir (M6) → Deadline: Saturday, 25 April 2026, 11:59 PM
[2026-08-01 18:07:39]      • [Quiz] Pre-Test (M8) → Deadline: Tidak diketahui
[2026-08-01 18:07:44]      • [Materi] 8.1  Pendahuluan: Implementasi Graph URL → Deadline: -
[2026-08-01 18:07:48]      • [Materi] Link File Praktikum I - family.pl → Deadline: -
[2026-08-01 18:07:53]      • [Materi] Link File Praktikum II - 8-puzzles.ipynb → Deadline: -
[2026-08-01 18:07:57]      • [Materi] Video Tutorial: Mendownload File IPYNB di Virtual Class URL → Deadline: -
[2026-08-01 18:08:01]      • [Quiz] Post-Test (M8) → Deadline: Tidak diketahui
[2026-08-01 18:08:05]      • [Assignment] Laporan Akhir (M8) → Deadline: Saturday, 9 May 2026, 11:59 PM
[2026-08-01 18:08:10]      • [Quiz] Pre-Test (M9) → Deadline: Tidak diketahui
[2026-08-01 18:08:14]      • [Materi] Sesi Hands-on Praktikum URL → Deadline: -
[2026-08-01 18:08:19]      • [Quiz] Post-Test (M9) → Deadline: Tidak diketahui
[2026-08-01 18:08:24]      • [Assignment] Pengumpulan Tugas (M9) → Deadline: Saturday, 16 May 2026, 11:59 PM
[2026-08-01 18:08:28]      • [Quiz] Pre-Test (M3) → Deadline: Tidak diketahui
[2026-08-01 18:08:32]      • [Materi] Sesi Praktikum URL → Deadline: -
[2026-08-01 18:08:37]      • [Materi] Video Tutorial: Menambahkan File pada Mesin DGX URL → Deadline: -
[2026-08-01 18:08:42]      • [Quiz] Post-Test (M3) → Deadline: Tidak diketahui
[2026-08-01 18:08:45]      • [Assignment] Pengumpulan Tugas (M3) → Deadline: Saturday, 23 May 2026, 11:59 PM
[2026-08-01 18:08:49]      • [Quiz] Pre-Test (M7) → Deadline: Tidak diketahui
[2026-08-01 18:08:54]      • [Materi] Link File Praktikum I - 3-Tekrek-Find-Center.ipynb → Deadline: -
[2026-08-01 18:08:59]      • [Materi] Link File Praktikum II - 3-Tekrek-Sortest-Path.ipynb → Deadline: -
[2026-08-01 18:09:03]      • [Materi] Video Tutorial: Mendownload File IPYNB di Virtual Class URL → Deadline: -
[2026-08-01 18:09:07]      • [Quiz] Post-Test (M7) → Deadline: Tidak diketahui
[2026-08-01 18:09:11]      • [Assignment] Laporan Akhir (M7) → Deadline: Saturday, 23 May 2026, 11:59 PM
[2026-08-01 18:09:15] 📦 Total tugas ditemukan: 126
[2026-08-01 18:09:15] 💾 Disimpan ke python/node/tugas.json
