[2026-06-12 09:45:28] 🔐 Login ke V-Class...
[2026-06-12 09:45:29] ✅ Login berhasil
[2026-06-12 09:45:29] 📚 Mengambil mata kuliah ID 108486 ...
[2026-06-12 09:45:29]   ➤ ATA 2025/2026 | 3KB01 | Jaringan Komputer Lanjut | VIVIEN NOVA FITHRIANA
[2026-06-12 09:45:29]      • [Materi] Announcements Forum → Deadline: -
[2026-06-12 09:45:34]      • [Materi] M1 File → Deadline: -
[2026-06-12 09:45:38]      • [Materi] M2 File → Deadline: -
[2026-06-12 09:45:42]      • [Materi] M3 File → Deadline: -
[2026-06-12 09:45:47]      • [Materi] M4 File → Deadline: -
[2026-06-12 09:45:51]      • [Materi] M5 File → Deadline: -
[2026-06-12 09:45:56]      • [Materi] M6 File → Deadline: -
[2026-06-12 09:46:00]      • [Materi] M7 File → Deadline: -
[2026-06-12 09:46:04]      • [Materi] VC-1 : Traffic dan Algoritma Kendali Kemacetan File → Deadline: -
[2026-06-12 09:46:08]      • [Materi] VC-1 : Traffic dan Algoritma Kendali Kemacetan File → Deadline: -
[2026-06-12 09:46:12]      • [Materi] Forum VC-1 : Traffic dan Algoritma Kendali Kemacetan → Deadline: -
[2026-06-12 09:46:17]      • [Quiz] Latihan Soal VC-1 : Traffic dan Algoritma Kendali Kemacetan → Deadline: Tidak diketahui
[2026-06-12 09:46:21]      • [Materi] VC-2 : Traffic dan Algoritma Kendali Kemacetan - Bagian 2 File → Deadline: -
[2026-06-12 09:46:26]      • [Materi] Forum VC-2 : Traffic dan Algoritma Kendali Kemacetan - Bagian 2 → Deadline: -
[2026-06-12 09:46:31]      • [Quiz] Latihan Soal VC-2 : Traffic dan Algoritma Kendali Kemacetan - Bagian 2 → Deadline: Tidak diketahui
[2026-06-12 09:46:35]      • [Materi] VC-3 : Lapisan Transport File → Deadline: -
[2026-06-12 09:46:40]      • [Materi] Forum VC-3 : Lapisan Transport → Deadline: -
[2026-06-12 09:46:45]      • [Quiz] Latihan Soal VC-3 : Lapisan Transport → Deadline: Wednesday, 15 July 2026, 11:59 PM
[2026-06-12 09:46:48] 📚 Mengambil mata kuliah ID 108172 ...
[2026-06-12 09:46:49]   ➤ ATA 2025/2026 | 3KB01 | Internet of Things (IoT) | PURNAWARMAN MUSA
[2026-06-12 09:46:49]      • [Materi] Announcements Forum → Deadline: -
[2026-06-12 09:46:52]      • [Materi] M6 File → Deadline: -
[2026-06-12 09:46:57]      • [Quiz] Soal (Tugas Individu) → Deadline: Tidak diketahui
[2026-06-12 09:47:01]      • [Quiz] Soal (Tugas Individu) → Deadline: Tidak diketahui
[2026-06-12 09:47:05] 📚 Mengambil mata kuliah ID 109563 ...
[2026-06-12 09:47:05]   ➤ ATA 2025/2026 | 3KB01 | Sistem Tertanam (Embedded) * | RIDHA ISKANDAR
[2026-06-12 09:47:05]      • [Materi] Selamat Datang di V-Class Sistem Tertanam (Embedded) Forum → Deadline: -
[2026-06-12 09:47:09]      • [Assignment] File 1 → Deadline: Sunday, 26 April 2026, 12:00 AM
[2026-06-12 09:47:13] 📚 Mengambil mata kuliah ID 109970 ...
[2026-06-12 09:47:13]   ➤ ATA 2025/2026 | 2EB10 | Bahasa Indonesia | MELANIAWATI
[2026-06-12 09:47:13] 📚 Mengambil mata kuliah ID 107919 ...
[2026-06-12 09:47:13]   ➤ ATA 2025/2026 | 3KB01 | Sistem Cerdas Lanjut | NUR SULTAN SALAHUDDIN
[2026-06-12 09:47:13]      • [Materi] Announcements Forum → Deadline: -
[2026-06-12 09:47:17]      • [Assignment] Sistem Kesehatan Cerdas → Deadline: Thursday, 21 May 2026, 12:00 AM
[2026-06-12 09:47:21]      • [Quiz] Sistem Kesehatan Cerdas → Deadline: Tidak diketahui
[2026-06-12 09:47:26] 📚 Mengambil mata kuliah ID 107291 ...
[2026-06-12 09:47:26]   ➤ ATA 2025/2026 | 3KB01 | Pengantarmukaan Perif.Komputer * | FARID THALIB
[2026-06-12 09:47:26]      • [Materi] Announcements Forum → Deadline: -
[2026-06-12 09:47:30] 📚 Mengambil mata kuliah ID 104438 ...
[2026-06-12 09:47:31]   ➤ ATA 2025/2026 | 3-FIKTI | Terapan Teori Graf | TEAM TEACHING
[2026-06-12 09:47:31]      • [Materi] PEMBERITAHUAN PELAKSANAAN TEAM TEACHING TERAPAN TEORI GRAF Forum → Deadline: -
[2026-06-12 09:47:34]      • [Materi] M1: Pendahuluan Teori Graf File → Deadline: -
[2026-06-12 09:47:38]      • [Materi] Video Literasi M1: Pendahuluan Teori Graf URL → Deadline: -
[2026-06-12 09:47:42]      • [Quiz] Kuis M1 [kelas PAGI] → Deadline: Tidak diketahui
[2026-06-12 09:47:47]      • [Quiz] Kuis M1 [kelas MALAM] → Deadline: Tidak diketahui
[2026-06-12 09:47:51]      • [Materi] M2: Graf Tidak Berarah dan Graf Berbobot File → Deadline: -
[2026-06-12 09:47:56]      • [Materi] Video Literasi M2 : Graf Tidak Berarah dan Graf Berbobot URL → Deadline: -
[2026-06-12 09:48:00]      • [Quiz] Kuis M2 [KELAS PAGI] : Graf Tidak Berarah dan Graf Berbobot → Deadline: Tidak diketahui
[2026-06-12 09:48:05]      • [Quiz] Kuis M2 [KELAS MALAM] : Graf Tidak Berarah dan Graf Berbobot → Deadline: Tidak diketahui
[2026-06-12 09:48:09]      • [Materi] M4 : Aplikasi Teori Graf di Teknik Elektro File → Deadline: -
[2026-06-12 09:48:13]      • [Materi] Video Literasi M4 : Aplikasi Teori Graf di Teknik Elektro URL → Deadline: -
[2026-06-12 09:48:17]      • [Quiz] Kuis M4 [KELAS PAGI]: Aplikasi Teori Graf di Teknik Elektro → Deadline: Tidak diketahui
[2026-06-12 09:48:21]      • [Quiz] Kuis M4 [KELAS MALAM]: Aplikasi Teori Graf di Teknik Elektro → Deadline: Tidak diketahui
[2026-06-12 09:48:25]      • [Materi] M5 : Knowledge Graph dan Database Graph File → Deadline: -
[2026-06-12 09:48:29]      • [Materi] Video Literasi  M5 : Knowledge Graph dan Database Graph URL → Deadline: -
[2026-06-12 09:48:33]      • [Quiz] Kuis M5 [KELAS PAGI] : nowledge Graph dan Database Graph → Deadline: Tidak diketahui
[2026-06-12 09:48:37]      • [Quiz] Kuis M5 [KELAS MALAM] : Knowledge Graph dan Database Graph → Deadline: Tidak diketahui
[2026-06-12 09:48:42]      • [Materi] M6 : Graf Berarah dan Implementasinya File → Deadline: -
[2026-06-12 09:48:46]      • [Materi] Video Literasi M6 : Graf Berarah dan Implementasinya URL → Deadline: -
[2026-06-12 09:48:51]      • [Quiz] Kuis M6 [KELAS PAGI] : Graf Berarah dan Implementasinya → Deadline: Tidak diketahui
[2026-06-12 09:48:55]      • [Quiz] Kuis M6 [KELAS MALAM] : Graf Berarah dan Implementasinya → Deadline: Tidak diketahui
[2026-06-12 09:48:58]      • [Materi] M8 : Penerapan Teori Graf di Bidang Teknik Sipil File → Deadline: -
[2026-06-12 09:49:02]      • [Materi] Video Literasi M8 : Penerapan Teori Graf di Bidang Teknik Sipil URL → Deadline: -
[2026-06-12 09:49:06]      • [Quiz] Kuis M8 [KELAS PAGI] : Penerapan Teori Graf di Bidang Teknik Sipil → Deadline: Tidak diketahui
[2026-06-12 09:49:11]      • [Quiz] Kuis M8 [KELAS MALAM] : Penerapan Teori Graf di Bidang Teknik Sipil → Deadline: Tidak diketahui
[2026-06-12 09:49:15]      • [Materi] M10 : Penerapan Teori Graf  di Bidang Teknik Industri File → Deadline: -
[2026-06-12 09:49:19]      • [Materi] Video Literasi M10 : Penerapan Teori Graf  di Bidang Teknik Industri URL → Deadline: -
[2026-06-12 09:49:24]      • [Quiz] Kuis M10 [kelas pagi] : Penerapan Teori Graf  di Bidang Teknik Industri → Deadline: Tidak diketahui
[2026-06-12 09:49:29]      • [Quiz] Kuis M10 [kelas malam]: Penerapan Teori Graf  di Bidang Teknik Industri → Deadline: Tidak diketahui
[2026-06-12 09:49:33] 📚 Mengambil mata kuliah ID 104413 ...
[2026-06-12 09:49:33]   ➤ ATA 2025/2026 | 3-FIKTI | Praktikum Terapan Teori Graf
[2026-06-12 09:49:33]      • [Materi] Panduan Praktikum  Forum → Deadline: -
[2026-06-12 09:49:37]      • [Materi] Panduan Google Collaboratory URL → Deadline: -
[2026-06-12 09:49:42]      • [Materi] Panduan Instalasi Anaconda URL → Deadline: -
[2026-06-12 09:49:46]      • [Quiz] Pre-Test (M1) → Deadline: Tidak diketahui
[2026-06-12 09:49:50]      • [Materi] 1.1  Pengantar: Teori Graf URL → Deadline: -
[2026-06-12 09:49:53]      • [Materi] 1.2  Sesi Hands-on Praktikum URL → Deadline: -
[2026-06-12 09:49:58]      • [Materi] 1.3 Tutorial Menambahkan File pada Mesin DGX URL → Deadline: -
[2026-06-12 09:50:02]      • [Quiz] Post-Test (M1) → Deadline: Tidak diketahui
[2026-06-12 09:50:07]      • [Assignment] Pengumpulan Tugas (M1) → Deadline: Saturday, 7 March 2026, 11:59 PM
[2026-06-12 09:50:11]      • [Quiz] Pre-Test (M2) → Deadline: Tidak diketahui
[2026-06-12 09:50:16]      • [Materi] 2.1  Pengantar: Berbagai Pemecahan Masalah Menggunakan Teori Graf Page → Deadline: -
[2026-06-12 09:50:20]      • [Quiz] Post-Test (M2) → Deadline: Tidak diketahui
[2026-06-12 09:50:24]      • [Assignment] Pengumpulan Tugas (M2) → Deadline: Saturday, 14 March 2026, 11:59 PM
[2026-06-12 09:50:29]      • [Quiz] Pre-Test (M4) → Deadline: Tidak diketahui
[2026-06-12 09:50:33]      • [Materi] 4.1  Pengantar: Breadth First Search URL → Deadline: -
[2026-06-12 09:50:38]      • [Materi] Sesi Praktikum File → Deadline: -
[2026-06-12 09:50:42]      • [Materi] Video Tutorial: Mendownload File IPYNB di Virtual Class URL → Deadline: -
[2026-06-12 09:50:46]      • [Quiz] Post-Test (M4) → Deadline: Tidak diketahui
[2026-06-12 09:50:51]      • [Assignment] Laporan Akhir (M4) → Deadline: Saturday, 11 April 2026, 11:59 PM
[2026-06-12 09:50:55]      • [Quiz] Pre-Test (M5) → Deadline: Tidak diketahui
[2026-06-12 09:50:58]      • [Materi] Sesi Praktikum URL → Deadline: -
[2026-06-12 09:51:03]      • [Quiz] Post-Test (M5) → Deadline: Tidak diketahui
[2026-06-12 09:51:07]      • [Assignment] Laporan Akhir (M5) → Deadline: Saturday, 18 April 2026, 11:59 PM
[2026-06-12 09:51:12]      • [Quiz] Pre-Test (M6) → Deadline: Tidak diketahui
[2026-06-12 09:51:16]      • [Materi] 6.1  Pendahuluan: Algoritma Dasar Tree URL → Deadline: -
[2026-06-12 09:51:20]      • [Materi] Sesi Praktikum File → Deadline: -
[2026-06-12 09:51:25]      • [Quiz] Post-Test (M6) → Deadline: Tidak diketahui
[2026-06-12 09:51:29]      • [Assignment] Laporan Akhir (M6) → Deadline: Saturday, 25 April 2026, 11:59 PM
[2026-06-12 09:51:34]      • [Quiz] Pre-Test (M8) → Deadline: Tidak diketahui
[2026-06-12 09:51:38]      • [Materi] 8.1  Pendahuluan: Implementasi Graph URL → Deadline: -
[2026-06-12 09:51:42]      • [Materi] Link File Praktikum I - family.pl → Deadline: -
[2026-06-12 09:51:47]      • [Materi] Link File Praktikum II - 8-puzzles.ipynb → Deadline: -
[2026-06-12 09:51:52]      • [Materi] Video Tutorial: Mendownload File IPYNB di Virtual Class URL → Deadline: -
[2026-06-12 09:51:56]      • [Quiz] Post-Test (M8) → Deadline: Tidak diketahui
[2026-06-12 09:52:00]      • [Assignment] Laporan Akhir (M8) → Deadline: Saturday, 9 May 2026, 11:59 PM
[2026-06-12 09:52:06]      • [Quiz] Pre-Test (M9) → Deadline: Tidak diketahui
[2026-06-12 09:52:10]      • [Materi] Sesi Hands-on Praktikum URL → Deadline: -
[2026-06-12 09:52:15]      • [Quiz] Post-Test (M9) → Deadline: Tidak diketahui
[2026-06-12 09:52:20]      • [Assignment] Pengumpulan Tugas (M9) → Deadline: Saturday, 16 May 2026, 11:59 PM
[2026-06-12 09:52:23]      • [Quiz] Pre-Test (M3) → Deadline: Tidak diketahui
[2026-06-12 09:52:27]      • [Materi] Sesi Praktikum URL → Deadline: -
[2026-06-12 09:52:32]      • [Materi] Video Tutorial: Menambahkan File pada Mesin DGX URL → Deadline: -
[2026-06-12 09:52:36]      • [Quiz] Post-Test (M3) → Deadline: Tidak diketahui
[2026-06-12 09:52:40]      • [Assignment] Pengumpulan Tugas (M3) → Deadline: Saturday, 23 May 2026, 11:59 PM
[2026-06-12 09:52:45]      • [Quiz] Pre-Test (M7) → Deadline: Tidak diketahui
[2026-06-12 09:52:49]      • [Materi] Link File Praktikum I - 3-Tekrek-Find-Center.ipynb → Deadline: -
[2026-06-12 09:52:53]      • [Materi] Link File Praktikum II - 3-Tekrek-Sortest-Path.ipynb → Deadline: -
[2026-06-12 09:52:57]      • [Materi] Video Tutorial: Mendownload File IPYNB di Virtual Class URL → Deadline: -
[2026-06-12 09:53:01]      • [Quiz] Post-Test (M7) → Deadline: Tidak diketahui
[2026-06-12 09:53:05]      • [Assignment] Laporan Akhir (M7) → Deadline: Saturday, 23 May 2026, 11:59 PM
[2026-06-12 09:53:09] 📦 Total tugas ditemukan: 107
[2026-06-12 09:53:09] 💾 Disimpan ke python/node/tugas.json
[2026-06-12 18:00:09] 🔐 Login ke V-Class...
[2026-06-12 18:00:09] ✅ Login berhasil
[2026-06-12 18:00:09] 📚 Mengambil mata kuliah ID 108486 ...
[2026-06-12 18:00:10]   ➤ ATA 2025/2026 | 3KB01 | Jaringan Komputer Lanjut | VIVIEN NOVA FITHRIANA
[2026-06-12 18:00:10]      • [Materi] Announcements Forum → Deadline: -
[2026-06-12 18:00:14]      • [Materi] M1 File → Deadline: -
[2026-06-12 18:00:19]      • [Materi] M2 File → Deadline: -
[2026-06-12 18:00:23]      • [Materi] M3 File → Deadline: -
[2026-06-12 18:00:28]      • [Materi] M4 File → Deadline: -
[2026-06-12 18:00:32]      • [Materi] M5 File → Deadline: -
[2026-06-12 18:00:37]      • [Materi] M6 File → Deadline: -
[2026-06-12 18:00:40]      • [Materi] M7 File → Deadline: -
[2026-06-12 18:00:44]      • [Materi] VC-1 : Traffic dan Algoritma Kendali Kemacetan File → Deadline: -
[2026-06-12 18:00:49]      • [Materi] VC-1 : Traffic dan Algoritma Kendali Kemacetan File → Deadline: -
[2026-06-12 18:00:54]      • [Materi] Forum VC-1 : Traffic dan Algoritma Kendali Kemacetan → Deadline: -
[2026-06-12 18:00:59]      • [Quiz] Latihan Soal VC-1 : Traffic dan Algoritma Kendali Kemacetan → Deadline: Tidak diketahui
[2026-06-12 18:01:03]      • [Materi] VC-2 : Traffic dan Algoritma Kendali Kemacetan - Bagian 2 File → Deadline: -
[2026-06-12 18:01:07]      • [Materi] Forum VC-2 : Traffic dan Algoritma Kendali Kemacetan - Bagian 2 → Deadline: -
[2026-06-12 18:01:11]      • [Quiz] Latihan Soal VC-2 : Traffic dan Algoritma Kendali Kemacetan - Bagian 2 → Deadline: Tidak diketahui
[2026-06-12 18:01:15]      • [Materi] VC-3 : Lapisan Transport File → Deadline: -
[2026-06-12 18:01:20]      • [Materi] Forum VC-3 : Lapisan Transport → Deadline: -
[2026-06-12 18:01:24]      • [Quiz] Latihan Soal VC-3 : Lapisan Transport → Deadline: Wednesday, 15 July 2026, 11:59 PM
[2026-06-12 18:01:29] 📚 Mengambil mata kuliah ID 108172 ...
[2026-06-12 18:01:29]   ➤ ATA 2025/2026 | 3KB01 | Internet of Things (IoT) | PURNAWARMAN MUSA
[2026-06-12 18:01:29]      • [Materi] Announcements Forum → Deadline: -
[2026-06-12 18:01:33]      • [Materi] M6 File → Deadline: -
[2026-06-12 18:01:37]      • [Quiz] Soal (Tugas Individu) → Deadline: Tidak diketahui
[2026-06-12 18:01:41]      • [Quiz] Soal (Tugas Individu) → Deadline: Tidak diketahui
[2026-06-12 18:01:45] 📚 Mengambil mata kuliah ID 109563 ...
[2026-06-12 18:01:45]   ➤ ATA 2025/2026 | 3KB01 | Sistem Tertanam (Embedded) * | RIDHA ISKANDAR
[2026-06-12 18:01:45]      • [Materi] Selamat Datang di V-Class Sistem Tertanam (Embedded) Forum → Deadline: -
[2026-06-12 18:01:50]      • [Assignment] File 1 → Deadline: Sunday, 26 April 2026, 12:00 AM
[2026-06-12 18:01:55] 📚 Mengambil mata kuliah ID 109970 ...
[2026-06-12 18:01:55]   ➤ ATA 2025/2026 | 2EB10 | Bahasa Indonesia | MELANIAWATI
[2026-06-12 18:01:55] 📚 Mengambil mata kuliah ID 107919 ...
[2026-06-12 18:01:55]   ➤ ATA 2025/2026 | 3KB01 | Sistem Cerdas Lanjut | NUR SULTAN SALAHUDDIN
[2026-06-12 18:01:55]      • [Materi] Announcements Forum → Deadline: -
[2026-06-12 18:01:59]      • [Assignment] Sistem Kesehatan Cerdas → Deadline: Thursday, 21 May 2026, 12:00 AM
[2026-06-12 18:02:03]      • [Quiz] Sistem Kesehatan Cerdas → Deadline: Tidak diketahui
[2026-06-12 18:02:07] 📚 Mengambil mata kuliah ID 107291 ...
[2026-06-12 18:02:07]   ➤ ATA 2025/2026 | 3KB01 | Pengantarmukaan Perif.Komputer * | FARID THALIB
[2026-06-12 18:02:07]      • [Materi] Announcements Forum → Deadline: -
[2026-06-12 18:02:12] 📚 Mengambil mata kuliah ID 104438 ...
[2026-06-12 18:02:12]   ➤ ATA 2025/2026 | 3-FIKTI | Terapan Teori Graf | TEAM TEACHING
[2026-06-12 18:02:12]      • [Materi] PEMBERITAHUAN PELAKSANAAN TEAM TEACHING TERAPAN TEORI GRAF Forum → Deadline: -
[2026-06-12 18:02:16]      • [Materi] M1: Pendahuluan Teori Graf File → Deadline: -
[2026-06-12 18:02:20]      • [Materi] Video Literasi M1: Pendahuluan Teori Graf URL → Deadline: -
[2026-06-12 18:02:24]      • [Quiz] Kuis M1 [kelas PAGI] → Deadline: Tidak diketahui
[2026-06-12 18:02:28]      • [Quiz] Kuis M1 [kelas MALAM] → Deadline: Tidak diketahui
[2026-06-12 18:02:32]      • [Materi] M2: Graf Tidak Berarah dan Graf Berbobot File → Deadline: -
[2026-06-12 18:02:36]      • [Materi] Video Literasi M2 : Graf Tidak Berarah dan Graf Berbobot URL → Deadline: -
[2026-06-12 18:02:40]      • [Quiz] Kuis M2 [KELAS PAGI] : Graf Tidak Berarah dan Graf Berbobot → Deadline: Tidak diketahui
[2026-06-12 18:02:44]      • [Quiz] Kuis M2 [KELAS MALAM] : Graf Tidak Berarah dan Graf Berbobot → Deadline: Tidak diketahui
[2026-06-12 18:02:49]      • [Materi] M4 : Aplikasi Teori Graf di Teknik Elektro File → Deadline: -
[2026-06-12 18:02:53]      • [Materi] Video Literasi M4 : Aplikasi Teori Graf di Teknik Elektro URL → Deadline: -
[2026-06-12 18:02:57]      • [Quiz] Kuis M4 [KELAS PAGI]: Aplikasi Teori Graf di Teknik Elektro → Deadline: Tidak diketahui
[2026-06-12 18:03:02]      • [Quiz] Kuis M4 [KELAS MALAM]: Aplikasi Teori Graf di Teknik Elektro → Deadline: Tidak diketahui
[2026-06-12 18:03:06]      • [Materi] M5 : Knowledge Graph dan Database Graph File → Deadline: -
[2026-06-12 18:03:10]      • [Materi] Video Literasi  M5 : Knowledge Graph dan Database Graph URL → Deadline: -
[2026-06-12 18:03:15]      • [Quiz] Kuis M5 [KELAS PAGI] : nowledge Graph dan Database Graph → Deadline: Tidak diketahui
[2026-06-12 18:03:19]      • [Quiz] Kuis M5 [KELAS MALAM] : Knowledge Graph dan Database Graph → Deadline: Tidak diketahui
[2026-06-12 18:03:23]      • [Materi] M6 : Graf Berarah dan Implementasinya File → Deadline: -
[2026-06-12 18:03:27]      • [Materi] Video Literasi M6 : Graf Berarah dan Implementasinya URL → Deadline: -
[2026-06-12 18:03:32]      • [Quiz] Kuis M6 [KELAS PAGI] : Graf Berarah dan Implementasinya → Deadline: Tidak diketahui
[2026-06-12 18:03:36]      • [Quiz] Kuis M6 [KELAS MALAM] : Graf Berarah dan Implementasinya → Deadline: Tidak diketahui
[2026-06-12 18:03:40]      • [Materi] M8 : Penerapan Teori Graf di Bidang Teknik Sipil File → Deadline: -
[2026-06-12 18:03:44]      • [Materi] Video Literasi M8 : Penerapan Teori Graf di Bidang Teknik Sipil URL → Deadline: -
[2026-06-12 18:03:48]      • [Quiz] Kuis M8 [KELAS PAGI] : Penerapan Teori Graf di Bidang Teknik Sipil → Deadline: Tidak diketahui
[2026-06-12 18:03:53]      • [Quiz] Kuis M8 [KELAS MALAM] : Penerapan Teori Graf di Bidang Teknik Sipil → Deadline: Tidak diketahui
[2026-06-12 18:03:58]      • [Materi] M10 : Penerapan Teori Graf  di Bidang Teknik Industri File → Deadline: -
[2026-06-12 18:04:01]      • [Materi] Video Literasi M10 : Penerapan Teori Graf  di Bidang Teknik Industri URL → Deadline: -
[2026-06-12 18:04:05]      • [Quiz] Kuis M10 [kelas pagi] : Penerapan Teori Graf  di Bidang Teknik Industri → Deadline: Tidak diketahui
[2026-06-12 18:04:10]      • [Quiz] Kuis M10 [kelas malam]: Penerapan Teori Graf  di Bidang Teknik Industri → Deadline: Tidak diketahui
[2026-06-12 18:04:13] 📚 Mengambil mata kuliah ID 104413 ...
[2026-06-12 18:04:13]   ➤ ATA 2025/2026 | 3-FIKTI | Praktikum Terapan Teori Graf
[2026-06-12 18:04:13]      • [Materi] Panduan Praktikum  Forum → Deadline: -
[2026-06-12 18:04:17]      • [Materi] Panduan Google Collaboratory URL → Deadline: -
[2026-06-12 18:04:21]      • [Materi] Panduan Instalasi Anaconda URL → Deadline: -
[2026-06-12 18:04:25]      • [Quiz] Pre-Test (M1) → Deadline: Tidak diketahui
[2026-06-12 18:04:30]      • [Materi] 1.1  Pengantar: Teori Graf URL → Deadline: -
[2026-06-12 18:04:33]      • [Materi] 1.2  Sesi Hands-on Praktikum URL → Deadline: -
[2026-06-12 18:04:37]      • [Materi] 1.3 Tutorial Menambahkan File pada Mesin DGX URL → Deadline: -
[2026-06-12 18:04:42]      • [Quiz] Post-Test (M1) → Deadline: Tidak diketahui
[2026-06-12 18:04:47]      • [Assignment] Pengumpulan Tugas (M1) → Deadline: Saturday, 7 March 2026, 11:59 PM
[2026-06-12 18:04:51]      • [Quiz] Pre-Test (M2) → Deadline: Tidak diketahui
[2026-06-12 18:04:55]      • [Materi] 2.1  Pengantar: Berbagai Pemecahan Masalah Menggunakan Teori Graf Page → Deadline: -
[2026-06-12 18:05:00]      • [Quiz] Post-Test (M2) → Deadline: Tidak diketahui
[2026-06-12 18:05:04]      • [Assignment] Pengumpulan Tugas (M2) → Deadline: Saturday, 14 March 2026, 11:59 PM
[2026-06-12 18:05:08]      • [Quiz] Pre-Test (M4) → Deadline: Tidak diketahui
[2026-06-12 18:05:13]      • [Materi] 4.1  Pengantar: Breadth First Search URL → Deadline: -
[2026-06-12 18:05:18]      • [Materi] Sesi Praktikum File → Deadline: -
[2026-06-12 18:05:22]      • [Materi] Video Tutorial: Mendownload File IPYNB di Virtual Class URL → Deadline: -
[2026-06-12 18:05:27]      • [Quiz] Post-Test (M4) → Deadline: Tidak diketahui
[2026-06-12 18:05:32]      • [Assignment] Laporan Akhir (M4) → Deadline: Saturday, 11 April 2026, 11:59 PM
[2026-06-12 18:05:36]      • [Quiz] Pre-Test (M5) → Deadline: Tidak diketahui
[2026-06-12 18:05:40]      • [Materi] Sesi Praktikum URL → Deadline: -
[2026-06-12 18:05:44]      • [Quiz] Post-Test (M5) → Deadline: Tidak diketahui
[2026-06-12 18:05:48]      • [Assignment] Laporan Akhir (M5) → Deadline: Saturday, 18 April 2026, 11:59 PM
[2026-06-12 18:05:53]      • [Quiz] Pre-Test (M6) → Deadline: Tidak diketahui
[2026-06-12 18:05:57]      • [Materi] 6.1  Pendahuluan: Algoritma Dasar Tree URL → Deadline: -
[2026-06-12 18:06:02]      • [Materi] Sesi Praktikum File → Deadline: -
[2026-06-12 18:06:07]      • [Quiz] Post-Test (M6) → Deadline: Tidak diketahui
[2026-06-12 18:06:11]      • [Assignment] Laporan Akhir (M6) → Deadline: Saturday, 25 April 2026, 11:59 PM
[2026-06-12 18:06:16]      • [Quiz] Pre-Test (M8) → Deadline: Tidak diketahui
[2026-06-12 18:06:21]      • [Materi] 8.1  Pendahuluan: Implementasi Graph URL → Deadline: -
[2026-06-12 18:06:25]      • [Materi] Link File Praktikum I - family.pl → Deadline: -
[2026-06-12 18:06:30]      • [Materi] Link File Praktikum II - 8-puzzles.ipynb → Deadline: -
[2026-06-12 18:06:34]      • [Materi] Video Tutorial: Mendownload File IPYNB di Virtual Class URL → Deadline: -
[2026-06-12 18:06:38]      • [Quiz] Post-Test (M8) → Deadline: Tidak diketahui
[2026-06-12 18:06:42]      • [Assignment] Laporan Akhir (M8) → Deadline: Saturday, 9 May 2026, 11:59 PM
[2026-06-12 18:06:46]      • [Quiz] Pre-Test (M9) → Deadline: Tidak diketahui
[2026-06-12 18:06:50]      • [Materi] Sesi Hands-on Praktikum URL → Deadline: -
[2026-06-12 18:06:53]      • [Quiz] Post-Test (M9) → Deadline: Tidak diketahui
[2026-06-12 18:06:58]      • [Assignment] Pengumpulan Tugas (M9) → Deadline: Saturday, 16 May 2026, 11:59 PM
[2026-06-12 18:07:02]      • [Quiz] Pre-Test (M3) → Deadline: Tidak diketahui
[2026-06-12 18:07:06]      • [Materi] Sesi Praktikum URL → Deadline: -
[2026-06-12 18:07:11]      • [Materi] Video Tutorial: Menambahkan File pada Mesin DGX URL → Deadline: -
[2026-06-12 18:07:15]      • [Quiz] Post-Test (M3) → Deadline: Tidak diketahui
[2026-06-12 18:07:19]      • [Assignment] Pengumpulan Tugas (M3) → Deadline: Saturday, 23 May 2026, 11:59 PM
[2026-06-12 18:07:24]      • [Quiz] Pre-Test (M7) → Deadline: Tidak diketahui
[2026-06-12 18:07:28]      • [Materi] Link File Praktikum I - 3-Tekrek-Find-Center.ipynb → Deadline: -
[2026-06-12 18:07:33]      • [Materi] Link File Praktikum II - 3-Tekrek-Sortest-Path.ipynb → Deadline: -
[2026-06-12 18:07:37]      • [Materi] Video Tutorial: Mendownload File IPYNB di Virtual Class URL → Deadline: -
[2026-06-12 18:07:41]      • [Quiz] Post-Test (M7) → Deadline: Tidak diketahui
[2026-06-12 18:07:46]      • [Assignment] Laporan Akhir (M7) → Deadline: Saturday, 23 May 2026, 11:59 PM
[2026-06-12 18:07:50] 📦 Total tugas ditemukan: 107
[2026-06-12 18:07:50] 💾 Disimpan ke python/node/tugas.json
