[2026-06-26 09:45:42] 🔐 Login ke V-Class...
[2026-06-26 09:45:42] ✅ Login berhasil
[2026-06-26 09:45:42] 📚 Mengambil mata kuliah ID 108486 ...
[2026-06-26 09:45:42]   ➤ ATA 2025/2026 | 3KB01 | Jaringan Komputer Lanjut | VIVIEN NOVA FITHRIANA
[2026-06-26 09:45:42]      • [Materi] Announcements Forum → Deadline: -
[2026-06-26 09:45:47]      • [Materi] M1 File → Deadline: -
[2026-06-26 09:45:52]      • [Materi] M2 File → Deadline: -
[2026-06-26 09:45:56]      • [Materi] M3 File → Deadline: -
[2026-06-26 09:46:00]      • [Materi] M4 File → Deadline: -
[2026-06-26 09:46:04]      • [Materi] M5 File → Deadline: -
[2026-06-26 09:46:08]      • [Materi] M6 File → Deadline: -
[2026-06-26 09:46:12]      • [Materi] M7 File → Deadline: -
[2026-06-26 09:46:16]      • [Materi] VC-1 : Traffic dan Algoritma Kendali Kemacetan File → Deadline: -
[2026-06-26 09:46:20]      • [Materi] VC-1 : Traffic dan Algoritma Kendali Kemacetan File → Deadline: -
[2026-06-26 09:46:24]      • [Materi] Forum VC-1 : Traffic dan Algoritma Kendali Kemacetan → Deadline: -
[2026-06-26 09:46:28]      • [Quiz] Latihan Soal VC-1 : Traffic dan Algoritma Kendali Kemacetan → Deadline: Tidak diketahui
[2026-06-26 09:46:33]      • [Materi] VC-2 : Traffic dan Algoritma Kendali Kemacetan - Bagian 2 File → Deadline: -
[2026-06-26 09:46:38]      • [Materi] Forum VC-2 : Traffic dan Algoritma Kendali Kemacetan - Bagian 2 → Deadline: -
[2026-06-26 09:46:42]      • [Quiz] Latihan Soal VC-2 : Traffic dan Algoritma Kendali Kemacetan - Bagian 2 → Deadline: Tidak diketahui
[2026-06-26 09:46:46]      • [Materi] VC-3 : Lapisan Transport File → Deadline: -
[2026-06-26 09:46:50]      • [Materi] Forum VC-3 : Lapisan Transport → Deadline: -
[2026-06-26 09:46:54]      • [Quiz] Latihan Soal VC-3 : Lapisan Transport → Deadline: Wednesday, 15 July 2026, 11:59 PM
[2026-06-26 09:46:59] 📚 Mengambil mata kuliah ID 108172 ...
[2026-06-26 09:47:00]   ➤ ATA 2025/2026 | 3KB01 | Internet of Things (IoT) | PURNAWARMAN MUSA
[2026-06-26 09:47:00]      • [Materi] Announcements Forum → Deadline: -
[2026-06-26 09:47:04]      • [Materi] M6 File → Deadline: -
[2026-06-26 09:47:09]      • [Quiz] Soal (Tugas Individu) → Deadline: Tidak diketahui
[2026-06-26 09:47:14]      • [Quiz] Soal (Tugas Individu) → Deadline: Tidak diketahui
[2026-06-26 09:47:18] 📚 Mengambil mata kuliah ID 109563 ...
[2026-06-26 09:47:18]   ➤ ATA 2025/2026 | 3KB01 | Sistem Tertanam (Embedded) * | RIDHA ISKANDAR
[2026-06-26 09:47:18]      • [Materi] Selamat Datang di V-Class Sistem Tertanam (Embedded) Forum → Deadline: -
[2026-06-26 09:47:23]      • [Assignment] File 1 → Deadline: Sunday, 26 April 2026, 12:00 AM
[2026-06-26 09:47:27] 📚 Mengambil mata kuliah ID 109970 ...
[2026-06-26 09:47:27]   ➤ ATA 2025/2026 | 2EB10 | Bahasa Indonesia | MELANIAWATI
[2026-06-26 09:47:27] 📚 Mengambil mata kuliah ID 107919 ...
[2026-06-26 09:47:27]   ➤ ATA 2025/2026 | 3KB01 | Sistem Cerdas Lanjut | NUR SULTAN SALAHUDDIN
[2026-06-26 09:47:27]      • [Materi] Announcements Forum → Deadline: -
[2026-06-26 09:47:32]      • [Assignment] Sistem Kesehatan Cerdas → Deadline: Thursday, 21 May 2026, 12:00 AM
[2026-06-26 09:47:35]      • [Quiz] Sistem Kesehatan Cerdas → Deadline: Tidak diketahui
[2026-06-26 09:47:40] 📚 Mengambil mata kuliah ID 107291 ...
[2026-06-26 09:47:40]   ➤ ATA 2025/2026 | 3KB01 | Pengantarmukaan Perif.Komputer * | FARID THALIB
[2026-06-26 09:47:40]      • [Materi] Announcements Forum → Deadline: -
[2026-06-26 09:47:44] 📚 Mengambil mata kuliah ID 104438 ...
[2026-06-26 09:47:45]   ➤ ATA 2025/2026 | 3-FIKTI | Terapan Teori Graf | TEAM TEACHING
[2026-06-26 09:47:45]      • [Materi] PEMBERITAHUAN UTS SUSULAN File → Deadline: -
[2026-06-26 09:47:49]      • [Materi] PEMBERITAHUAN PELAKSANAAN TEAM TEACHING TERAPAN TEORI GRAF Forum → Deadline: -
[2026-06-26 09:47:52]      • [Materi] M1: Pendahuluan Teori Graf File → Deadline: -
[2026-06-26 09:47:57]      • [Materi] Video Literasi M1: Pendahuluan Teori Graf URL → Deadline: -
[2026-06-26 09:48:01]      • [Quiz] Kuis M1 [kelas PAGI] → Deadline: Tidak diketahui
[2026-06-26 09:48:05]      • [Quiz] Kuis M1 [kelas MALAM] → Deadline: Tidak diketahui
[2026-06-26 09:48:10]      • [Materi] M2: Graf Tidak Berarah dan Graf Berbobot File → Deadline: -
[2026-06-26 09:48:13]      • [Materi] Video Literasi M2 : Graf Tidak Berarah dan Graf Berbobot URL → Deadline: -
[2026-06-26 09:48:18]      • [Quiz] Kuis M2 [KELAS PAGI] : Graf Tidak Berarah dan Graf Berbobot → Deadline: Tidak diketahui
[2026-06-26 09:48:22]      • [Quiz] Kuis M2 [KELAS MALAM] : Graf Tidak Berarah dan Graf Berbobot → Deadline: Tidak diketahui
[2026-06-26 09:48:26]      • [Materi] M4 : Aplikasi Teori Graf di Teknik Elektro File → Deadline: -
[2026-06-26 09:48:31]      • [Materi] Video Literasi M4 : Aplikasi Teori Graf di Teknik Elektro URL → Deadline: -
[2026-06-26 09:48:35]      • [Quiz] Kuis M4 [KELAS PAGI]: Aplikasi Teori Graf di Teknik Elektro → Deadline: Tidak diketahui
[2026-06-26 09:48:39]      • [Quiz] Kuis M4 [KELAS MALAM]: Aplikasi Teori Graf di Teknik Elektro → Deadline: Tidak diketahui
[2026-06-26 09:48:44]      • [Materi] M5 : Knowledge Graph dan Database Graph File → Deadline: -
[2026-06-26 09:48:48]      • [Materi] Video Literasi  M5 : Knowledge Graph dan Database Graph URL → Deadline: -
[2026-06-26 09:48:53]      • [Quiz] Kuis M5 [KELAS PAGI] : nowledge Graph dan Database Graph → Deadline: Tidak diketahui
[2026-06-26 09:48:56]      • [Quiz] Kuis M5 [KELAS MALAM] : Knowledge Graph dan Database Graph → Deadline: Tidak diketahui
[2026-06-26 09:49:00]      • [Materi] M6 : Graf Berarah dan Implementasinya File → Deadline: -
[2026-06-26 09:49:05]      • [Materi] Video Literasi M6 : Graf Berarah dan Implementasinya URL → Deadline: -
[2026-06-26 09:49:09]      • [Quiz] Kuis M6 [KELAS PAGI] : Graf Berarah dan Implementasinya → Deadline: Tidak diketahui
[2026-06-26 09:49:14]      • [Quiz] Kuis M6 [KELAS MALAM] : Graf Berarah dan Implementasinya → Deadline: Tidak diketahui
[2026-06-26 09:49:18]      • [Materi] M8 : Penerapan Teori Graf di Bidang Teknik Sipil File → Deadline: -
[2026-06-26 09:49:22]      • [Materi] Video Literasi M8 : Penerapan Teori Graf di Bidang Teknik Sipil URL → Deadline: -
[2026-06-26 09:49:27]      • [Quiz] Kuis M8 [KELAS PAGI] : Penerapan Teori Graf di Bidang Teknik Sipil → Deadline: Tidak diketahui
[2026-06-26 09:49:31]      • [Quiz] Kuis M8 [KELAS MALAM] : Penerapan Teori Graf di Bidang Teknik Sipil → Deadline: Tidak diketahui
[2026-06-26 09:49:35]      • [Materi] M10 : Penerapan Teori Graf  di Bidang Teknik Industri File → Deadline: -
[2026-06-26 09:49:39]      • [Materi] Video Literasi M10 : Penerapan Teori Graf  di Bidang Teknik Industri URL → Deadline: -
[2026-06-26 09:49:43]      • [Quiz] Kuis M10 [kelas pagi] : Penerapan Teori Graf  di Bidang Teknik Industri → Deadline: Tidak diketahui
[2026-06-26 09:49:48]      • [Quiz] Kuis M10 [kelas malam]: Penerapan Teori Graf  di Bidang Teknik Industri → Deadline: Tidak diketahui
[2026-06-26 09:49:52]      • [Quiz] Kuis M11 [kelas PAGI]: Program Dinamis dan Permasalahan Tata Letak Fasilitas → Deadline: Friday, 26 June 2026, 3:00 PM
[2026-06-26 09:49:56]      • [Quiz] Kuis M11 [kelas MALAM]: Program Dinamis dan Permasalahan Tata Letak Fasilitas → Deadline: Friday, 26 June 2026, 9:00 PM
[2026-06-26 09:50:00] 📚 Mengambil mata kuliah ID 104413 ...
[2026-06-26 09:50:00]   ➤ ATA 2025/2026 | 3-FIKTI | Praktikum Terapan Teori Graf
[2026-06-26 09:50:00]      • [Materi] Panduan Praktikum  Forum → Deadline: -
[2026-06-26 09:50:04]      • [Materi] Panduan Google Collaboratory URL → Deadline: -
[2026-06-26 09:50:08]      • [Materi] Panduan Instalasi Anaconda URL → Deadline: -
[2026-06-26 09:50:12]      • [Quiz] Pre-Test (M1) → Deadline: Tidak diketahui
[2026-06-26 09:50:17]      • [Materi] 1.1  Pengantar: Teori Graf URL → Deadline: -
[2026-06-26 09:50:21]      • [Materi] 1.2  Sesi Hands-on Praktikum URL → Deadline: -
[2026-06-26 09:50:25]      • [Materi] 1.3 Tutorial Menambahkan File pada Mesin DGX URL → Deadline: -
[2026-06-26 09:50:30]      • [Quiz] Post-Test (M1) → Deadline: Tidak diketahui
[2026-06-26 09:50:34]      • [Assignment] Pengumpulan Tugas (M1) → Deadline: Saturday, 7 March 2026, 11:59 PM
[2026-06-26 09:50:39]      • [Quiz] Pre-Test (M2) → Deadline: Tidak diketahui
[2026-06-26 09:50:43]      • [Materi] 2.1  Pengantar: Berbagai Pemecahan Masalah Menggunakan Teori Graf Page → Deadline: -
[2026-06-26 09:50:48]      • [Quiz] Post-Test (M2) → Deadline: Tidak diketahui
[2026-06-26 09:50:52]      • [Assignment] Pengumpulan Tugas (M2) → Deadline: Saturday, 14 March 2026, 11:59 PM
[2026-06-26 09:50:57]      • [Quiz] Pre-Test (M4) → Deadline: Tidak diketahui
[2026-06-26 09:51:01]      • [Materi] 4.1  Pengantar: Breadth First Search URL → Deadline: -
[2026-06-26 09:51:05]      • [Materi] Sesi Praktikum File → Deadline: -
[2026-06-26 09:51:08]      • [Materi] Video Tutorial: Mendownload File IPYNB di Virtual Class URL → Deadline: -
[2026-06-26 09:51:13]      • [Quiz] Post-Test (M4) → Deadline: Tidak diketahui
[2026-06-26 09:51:17]      • [Assignment] Laporan Akhir (M4) → Deadline: Saturday, 11 April 2026, 11:59 PM
[2026-06-26 09:51:20]      • [Quiz] Pre-Test (M5) → Deadline: Tidak diketahui
[2026-06-26 09:51:24]      • [Materi] Sesi Praktikum URL → Deadline: -
[2026-06-26 09:51:28]      • [Quiz] Post-Test (M5) → Deadline: Tidak diketahui
[2026-06-26 09:51:32]      • [Assignment] Laporan Akhir (M5) → Deadline: Saturday, 18 April 2026, 11:59 PM
[2026-06-26 09:51:35]      • [Quiz] Pre-Test (M6) → Deadline: Tidak diketahui
[2026-06-26 09:51:40]      • [Materi] 6.1  Pendahuluan: Algoritma Dasar Tree URL → Deadline: -
[2026-06-26 09:51:44]      • [Materi] Sesi Praktikum File → Deadline: -
[2026-06-26 09:51:48]      • [Quiz] Post-Test (M6) → Deadline: Tidak diketahui
[2026-06-26 09:51:53]      • [Assignment] Laporan Akhir (M6) → Deadline: Saturday, 25 April 2026, 11:59 PM
[2026-06-26 09:51:57]      • [Quiz] Pre-Test (M8) → Deadline: Tidak diketahui
[2026-06-26 09:52:02]      • [Materi] 8.1  Pendahuluan: Implementasi Graph URL → Deadline: -
[2026-06-26 09:52:06]      • [Materi] Link File Praktikum I - family.pl → Deadline: -
[2026-06-26 09:52:10]      • [Materi] Link File Praktikum II - 8-puzzles.ipynb → Deadline: -
[2026-06-26 09:52:14]      • [Materi] Video Tutorial: Mendownload File IPYNB di Virtual Class URL → Deadline: -
[2026-06-26 09:52:19]      • [Quiz] Post-Test (M8) → Deadline: Tidak diketahui
[2026-06-26 09:52:22]      • [Assignment] Laporan Akhir (M8) → Deadline: Saturday, 9 May 2026, 11:59 PM
[2026-06-26 09:52:27]      • [Quiz] Pre-Test (M9) → Deadline: Tidak diketahui
[2026-06-26 09:52:32]      • [Materi] Sesi Hands-on Praktikum URL → Deadline: -
[2026-06-26 09:52:37]      • [Quiz] Post-Test (M9) → Deadline: Tidak diketahui
[2026-06-26 09:52:42]      • [Assignment] Pengumpulan Tugas (M9) → Deadline: Saturday, 16 May 2026, 11:59 PM
[2026-06-26 09:52:46]      • [Quiz] Pre-Test (M3) → Deadline: Tidak diketahui
[2026-06-26 09:52:50]      • [Materi] Sesi Praktikum URL → Deadline: -
[2026-06-26 09:52:54]      • [Materi] Video Tutorial: Menambahkan File pada Mesin DGX URL → Deadline: -
[2026-06-26 09:52:58]      • [Quiz] Post-Test (M3) → Deadline: Tidak diketahui
[2026-06-26 09:53:03]      • [Assignment] Pengumpulan Tugas (M3) → Deadline: Saturday, 23 May 2026, 11:59 PM
[2026-06-26 09:53:08]      • [Quiz] Pre-Test (M7) → Deadline: Tidak diketahui
[2026-06-26 09:53:12]      • [Materi] Link File Praktikum I - 3-Tekrek-Find-Center.ipynb → Deadline: -
[2026-06-26 09:53:17]      • [Materi] Link File Praktikum II - 3-Tekrek-Sortest-Path.ipynb → Deadline: -
[2026-06-26 09:53:21]      • [Materi] Video Tutorial: Mendownload File IPYNB di Virtual Class URL → Deadline: -
[2026-06-26 09:53:25]      • [Quiz] Post-Test (M7) → Deadline: Tidak diketahui
[2026-06-26 09:53:29]      • [Assignment] Laporan Akhir (M7) → Deadline: Saturday, 23 May 2026, 11:59 PM
[2026-06-26 09:53:33] 📦 Total tugas ditemukan: 110
[2026-06-26 09:53:33] 💾 Disimpan ke python/node/tugas.json
[2026-06-26 18:00:33] 🔐 Login ke V-Class...
[2026-06-26 18:00:34] ✅ Login berhasil
[2026-06-26 18:00:34] 📚 Mengambil mata kuliah ID 108486 ...
[2026-06-26 18:00:34]   ➤ ATA 2025/2026 | 3KB01 | Jaringan Komputer Lanjut | VIVIEN NOVA FITHRIANA
[2026-06-26 18:00:34]      • [Materi] Announcements Forum → Deadline: -
[2026-06-26 18:00:38]      • [Materi] M1 File → Deadline: -
[2026-06-26 18:00:43]      • [Materi] M2 File → Deadline: -
[2026-06-26 18:00:46]      • [Materi] M3 File → Deadline: -
[2026-06-26 18:00:50]      • [Materi] M4 File → Deadline: -
[2026-06-26 18:00:55]      • [Materi] M5 File → Deadline: -
[2026-06-26 18:00:59]      • [Materi] M6 File → Deadline: -
[2026-06-26 18:01:03]      • [Materi] M7 File → Deadline: -
[2026-06-26 18:01:08]      • [Materi] VC-1 : Traffic dan Algoritma Kendali Kemacetan File → Deadline: -
[2026-06-26 18:01:12]      • [Materi] VC-1 : Traffic dan Algoritma Kendali Kemacetan File → Deadline: -
[2026-06-26 18:01:16]      • [Materi] Forum VC-1 : Traffic dan Algoritma Kendali Kemacetan → Deadline: -
[2026-06-26 18:01:20]      • [Quiz] Latihan Soal VC-1 : Traffic dan Algoritma Kendali Kemacetan → Deadline: Tidak diketahui
[2026-06-26 18:01:25]      • [Materi] VC-2 : Traffic dan Algoritma Kendali Kemacetan - Bagian 2 File → Deadline: -
[2026-06-26 18:01:29]      • [Materi] Forum VC-2 : Traffic dan Algoritma Kendali Kemacetan - Bagian 2 → Deadline: -
[2026-06-26 18:01:33]      • [Quiz] Latihan Soal VC-2 : Traffic dan Algoritma Kendali Kemacetan - Bagian 2 → Deadline: Tidak diketahui
[2026-06-26 18:01:38]      • [Materi] VC-3 : Lapisan Transport File → Deadline: -
[2026-06-26 18:01:41]      • [Materi] Forum VC-3 : Lapisan Transport → Deadline: -
[2026-06-26 18:01:45]      • [Quiz] Latihan Soal VC-3 : Lapisan Transport → Deadline: Wednesday, 15 July 2026, 11:59 PM
[2026-06-26 18:01:50] 📚 Mengambil mata kuliah ID 108172 ...
[2026-06-26 18:01:50]   ➤ ATA 2025/2026 | 3KB01 | Internet of Things (IoT) | PURNAWARMAN MUSA
[2026-06-26 18:01:50]      • [Materi] Announcements Forum → Deadline: -
[2026-06-26 18:01:55]      • [Materi] M6 File → Deadline: -
[2026-06-26 18:02:00]      • [Quiz] Soal (Tugas Individu) → Deadline: Tidak diketahui
[2026-06-26 18:02:04]      • [Quiz] Soal (Tugas Individu) → Deadline: Tidak diketahui
[2026-06-26 18:02:08] 📚 Mengambil mata kuliah ID 109563 ...
[2026-06-26 18:02:08]   ➤ ATA 2025/2026 | 3KB01 | Sistem Tertanam (Embedded) * | RIDHA ISKANDAR
[2026-06-26 18:02:08]      • [Materi] Selamat Datang di V-Class Sistem Tertanam (Embedded) Forum → Deadline: -
[2026-06-26 18:02:13]      • [Assignment] File 1 → Deadline: Sunday, 26 April 2026, 12:00 AM
[2026-06-26 18:02:17] 📚 Mengambil mata kuliah ID 109970 ...
[2026-06-26 18:02:17]   ➤ ATA 2025/2026 | 2EB10 | Bahasa Indonesia | MELANIAWATI
[2026-06-26 18:02:17] 📚 Mengambil mata kuliah ID 107919 ...
[2026-06-26 18:02:17]   ➤ ATA 2025/2026 | 3KB01 | Sistem Cerdas Lanjut | NUR SULTAN SALAHUDDIN
[2026-06-26 18:02:17]      • [Materi] Announcements Forum → Deadline: -
[2026-06-26 18:02:21]      • [Assignment] Sistem Kesehatan Cerdas → Deadline: Thursday, 21 May 2026, 12:00 AM
[2026-06-26 18:02:26]      • [Quiz] Sistem Kesehatan Cerdas → Deadline: Tidak diketahui
[2026-06-26 18:02:31] 📚 Mengambil mata kuliah ID 107291 ...
[2026-06-26 18:02:31]   ➤ ATA 2025/2026 | 3KB01 | Pengantarmukaan Perif.Komputer * | FARID THALIB
[2026-06-26 18:02:31]      • [Materi] Announcements Forum → Deadline: -
[2026-06-26 18:02:35] 📚 Mengambil mata kuliah ID 104438 ...
[2026-06-26 18:02:35]   ➤ ATA 2025/2026 | 3-FIKTI | Terapan Teori Graf | TEAM TEACHING
[2026-06-26 18:02:35]      • [Materi] PEMBERITAHUAN UTS SUSULAN File → Deadline: -
[2026-06-26 18:02:40]      • [Materi] PEMBERITAHUAN PELAKSANAAN TEAM TEACHING TERAPAN TEORI GRAF Forum → Deadline: -
[2026-06-26 18:02:44]      • [Materi] M1: Pendahuluan Teori Graf File → Deadline: -
[2026-06-26 18:02:47]      • [Materi] Video Literasi M1: Pendahuluan Teori Graf URL → Deadline: -
[2026-06-26 18:02:51]      • [Quiz] Kuis M1 [kelas PAGI] → Deadline: Tidak diketahui
[2026-06-26 18:02:55]      • [Quiz] Kuis M1 [kelas MALAM] → Deadline: Tidak diketahui
[2026-06-26 18:03:00]      • [Materi] M2: Graf Tidak Berarah dan Graf Berbobot File → Deadline: -
[2026-06-26 18:03:04]      • [Materi] Video Literasi M2 : Graf Tidak Berarah dan Graf Berbobot URL → Deadline: -
[2026-06-26 18:03:08]      • [Quiz] Kuis M2 [KELAS PAGI] : Graf Tidak Berarah dan Graf Berbobot → Deadline: Tidak diketahui
[2026-06-26 18:03:12]      • [Quiz] Kuis M2 [KELAS MALAM] : Graf Tidak Berarah dan Graf Berbobot → Deadline: Tidak diketahui
[2026-06-26 18:03:16]      • [Materi] M4 : Aplikasi Teori Graf di Teknik Elektro File → Deadline: -
[2026-06-26 18:03:20]      • [Materi] Video Literasi M4 : Aplikasi Teori Graf di Teknik Elektro URL → Deadline: -
[2026-06-26 18:03:24]      • [Quiz] Kuis M4 [KELAS PAGI]: Aplikasi Teori Graf di Teknik Elektro → Deadline: Tidak diketahui
[2026-06-26 18:03:29]      • [Quiz] Kuis M4 [KELAS MALAM]: Aplikasi Teori Graf di Teknik Elektro → Deadline: Tidak diketahui
[2026-06-26 18:03:33]      • [Materi] M5 : Knowledge Graph dan Database Graph File → Deadline: -
[2026-06-26 18:03:37]      • [Materi] Video Literasi  M5 : Knowledge Graph dan Database Graph URL → Deadline: -
[2026-06-26 18:03:42]      • [Quiz] Kuis M5 [KELAS PAGI] : nowledge Graph dan Database Graph → Deadline: Tidak diketahui
[2026-06-26 18:03:46]      • [Quiz] Kuis M5 [KELAS MALAM] : Knowledge Graph dan Database Graph → Deadline: Tidak diketahui
[2026-06-26 18:03:50]      • [Materi] M6 : Graf Berarah dan Implementasinya File → Deadline: -
[2026-06-26 18:03:55]      • [Materi] Video Literasi M6 : Graf Berarah dan Implementasinya URL → Deadline: -
[2026-06-26 18:04:00]      • [Quiz] Kuis M6 [KELAS PAGI] : Graf Berarah dan Implementasinya → Deadline: Tidak diketahui
[2026-06-26 18:04:05]      • [Quiz] Kuis M6 [KELAS MALAM] : Graf Berarah dan Implementasinya → Deadline: Tidak diketahui
[2026-06-26 18:04:09]      • [Materi] M8 : Penerapan Teori Graf di Bidang Teknik Sipil File → Deadline: -
[2026-06-26 18:04:13]      • [Materi] Video Literasi M8 : Penerapan Teori Graf di Bidang Teknik Sipil URL → Deadline: -
[2026-06-26 18:04:18]      • [Quiz] Kuis M8 [KELAS PAGI] : Penerapan Teori Graf di Bidang Teknik Sipil → Deadline: Tidak diketahui
[2026-06-26 18:04:22]      • [Quiz] Kuis M8 [KELAS MALAM] : Penerapan Teori Graf di Bidang Teknik Sipil → Deadline: Tidak diketahui
[2026-06-26 18:04:26]      • [Materi] M10 : Penerapan Teori Graf  di Bidang Teknik Industri File → Deadline: -
[2026-06-26 18:04:31]      • [Materi] Video Literasi M10 : Penerapan Teori Graf  di Bidang Teknik Industri URL → Deadline: -
[2026-06-26 18:04:35]      • [Quiz] Kuis M10 [kelas pagi] : Penerapan Teori Graf  di Bidang Teknik Industri → Deadline: Tidak diketahui
[2026-06-26 18:04:40]      • [Quiz] Kuis M10 [kelas malam]: Penerapan Teori Graf  di Bidang Teknik Industri → Deadline: Tidak diketahui
[2026-06-26 18:04:44]      • [Materi] video literasi : Program Dinamis dan Permasalahan Tata Letak Fasilitas URL → Deadline: -
[2026-06-26 18:04:48]      • [Quiz] Kuis M11 [kelas PAGI]: Program Dinamis dan Permasalahan Tata Letak Fasilitas → Deadline: Tidak diketahui
[2026-06-26 18:04:52]      • [Quiz] Kuis M11 [kelas MALAM]: Program Dinamis dan Permasalahan Tata Letak Fasilitas → Deadline: Friday, 26 June 2026, 9:00 PM
[2026-06-26 18:04:56] 📚 Mengambil mata kuliah ID 104413 ...
[2026-06-26 18:04:56]   ➤ ATA 2025/2026 | 3-FIKTI | Praktikum Terapan Teori Graf
[2026-06-26 18:04:56]      • [Materi] Panduan Praktikum  Forum → Deadline: -
[2026-06-26 18:05:01]      • [Materi] Panduan Google Collaboratory URL → Deadline: -
[2026-06-26 18:05:05]      • [Materi] Panduan Instalasi Anaconda URL → Deadline: -
[2026-06-26 18:05:09]      • [Quiz] Pre-Test (M1) → Deadline: Tidak diketahui
[2026-06-26 18:05:14]      • [Materi] 1.1  Pengantar: Teori Graf URL → Deadline: -
[2026-06-26 18:05:19]      • [Materi] 1.2  Sesi Hands-on Praktikum URL → Deadline: -
[2026-06-26 18:05:23]      • [Materi] 1.3 Tutorial Menambahkan File pada Mesin DGX URL → Deadline: -
[2026-06-26 18:05:28]      • [Quiz] Post-Test (M1) → Deadline: Tidak diketahui
[2026-06-26 18:05:34]      • [Assignment] Pengumpulan Tugas (M1) → Deadline: Saturday, 7 March 2026, 11:59 PM
[2026-06-26 18:05:38]      • [Quiz] Pre-Test (M2) → Deadline: Tidak diketahui
[2026-06-26 18:05:43]      • [Materi] 2.1  Pengantar: Berbagai Pemecahan Masalah Menggunakan Teori Graf Page → Deadline: -
[2026-06-26 18:05:47]      • [Quiz] Post-Test (M2) → Deadline: Tidak diketahui
[2026-06-26 18:05:51]      • [Assignment] Pengumpulan Tugas (M2) → Deadline: Saturday, 14 March 2026, 11:59 PM
[2026-06-26 18:05:55]      • [Quiz] Pre-Test (M4) → Deadline: Tidak diketahui
[2026-06-26 18:05:59]      • [Materi] 4.1  Pengantar: Breadth First Search URL → Deadline: -
[2026-06-26 18:06:03]      • [Materi] Sesi Praktikum File → Deadline: -
[2026-06-26 18:06:07]      • [Materi] Video Tutorial: Mendownload File IPYNB di Virtual Class URL → Deadline: -
[2026-06-26 18:06:12]      • [Quiz] Post-Test (M4) → Deadline: Tidak diketahui
[2026-06-26 18:06:17]      • [Assignment] Laporan Akhir (M4) → Deadline: Saturday, 11 April 2026, 11:59 PM
[2026-06-26 18:06:20]      • [Quiz] Pre-Test (M5) → Deadline: Tidak diketahui
[2026-06-26 18:06:24]      • [Materi] Sesi Praktikum URL → Deadline: -
[2026-06-26 18:06:29]      • [Quiz] Post-Test (M5) → Deadline: Tidak diketahui
[2026-06-26 18:06:33]      • [Assignment] Laporan Akhir (M5) → Deadline: Saturday, 18 April 2026, 11:59 PM
[2026-06-26 18:06:37]      • [Quiz] Pre-Test (M6) → Deadline: Tidak diketahui
[2026-06-26 18:06:42]      • [Materi] 6.1  Pendahuluan: Algoritma Dasar Tree URL → Deadline: -
[2026-06-26 18:06:45]      • [Materi] Sesi Praktikum File → Deadline: -
[2026-06-26 18:06:50]      • [Quiz] Post-Test (M6) → Deadline: Tidak diketahui
[2026-06-26 18:06:53]      • [Assignment] Laporan Akhir (M6) → Deadline: Saturday, 25 April 2026, 11:59 PM
[2026-06-26 18:06:58]      • [Quiz] Pre-Test (M8) → Deadline: Tidak diketahui
[2026-06-26 18:07:02]      • [Materi] 8.1  Pendahuluan: Implementasi Graph URL → Deadline: -
[2026-06-26 18:07:06]      • [Materi] Link File Praktikum I - family.pl → Deadline: -
[2026-06-26 18:07:11]      • [Materi] Link File Praktikum II - 8-puzzles.ipynb → Deadline: -
[2026-06-26 18:07:14]      • [Materi] Video Tutorial: Mendownload File IPYNB di Virtual Class URL → Deadline: -
[2026-06-26 18:07:19]      • [Quiz] Post-Test (M8) → Deadline: Tidak diketahui
[2026-06-26 18:07:23]      • [Assignment] Laporan Akhir (M8) → Deadline: Saturday, 9 May 2026, 11:59 PM
[2026-06-26 18:07:28]      • [Quiz] Pre-Test (M9) → Deadline: Tidak diketahui
[2026-06-26 18:07:33]      • [Materi] Sesi Hands-on Praktikum URL → Deadline: -
[2026-06-26 18:07:36]      • [Quiz] Post-Test (M9) → Deadline: Tidak diketahui
[2026-06-26 18:07:40]      • [Assignment] Pengumpulan Tugas (M9) → Deadline: Saturday, 16 May 2026, 11:59 PM
[2026-06-26 18:07:45]      • [Quiz] Pre-Test (M3) → Deadline: Tidak diketahui
[2026-06-26 18:07:49]      • [Materi] Sesi Praktikum URL → Deadline: -
[2026-06-26 18:07:53]      • [Materi] Video Tutorial: Menambahkan File pada Mesin DGX URL → Deadline: -
[2026-06-26 18:07:58]      • [Quiz] Post-Test (M3) → Deadline: Tidak diketahui
[2026-06-26 18:08:03]      • [Assignment] Pengumpulan Tugas (M3) → Deadline: Saturday, 23 May 2026, 11:59 PM
[2026-06-26 18:08:07]      • [Quiz] Pre-Test (M7) → Deadline: Tidak diketahui
[2026-06-26 18:08:10]      • [Materi] Link File Praktikum I - 3-Tekrek-Find-Center.ipynb → Deadline: -
[2026-06-26 18:08:14]      • [Materi] Link File Praktikum II - 3-Tekrek-Sortest-Path.ipynb → Deadline: -
[2026-06-26 18:08:18]      • [Materi] Video Tutorial: Mendownload File IPYNB di Virtual Class URL → Deadline: -
[2026-06-26 18:08:22]      • [Quiz] Post-Test (M7) → Deadline: Tidak diketahui
[2026-06-26 18:08:28]      • [Assignment] Laporan Akhir (M7) → Deadline: Saturday, 23 May 2026, 11:59 PM
[2026-06-26 18:08:32] 📦 Total tugas ditemukan: 111
[2026-06-26 18:08:32] 💾 Disimpan ke python/node/tugas.json
