[2026-07-17 09:45:14] 🔐 Login ke V-Class...
[2026-07-17 09:45:14] ✅ Login berhasil
[2026-07-17 09:45:14] 📚 Mengambil mata kuliah ID 108486 ...
[2026-07-17 09:45:14]   ➤ ATA 2025/2026 | 3KB01 | Jaringan Komputer Lanjut | VIVIEN NOVA FITHRIANA
[2026-07-17 09:45:14]      • [Materi] Announcements Forum → Deadline: -
[2026-07-17 09:45:18]      • [Materi] M1 File → Deadline: -
[2026-07-17 09:45:22]      • [Materi] M2 File → Deadline: -
[2026-07-17 09:45:26]      • [Materi] M3 File → Deadline: -
[2026-07-17 09:45:31]      • [Materi] M4 File → Deadline: -
[2026-07-17 09:45:35]      • [Materi] M5 File → Deadline: -
[2026-07-17 09:45:39]      • [Materi] M6 File → Deadline: -
[2026-07-17 09:45:43]      • [Materi] M7 File → Deadline: -
[2026-07-17 09:45:46]      • [Materi] VC-1 : Traffic dan Algoritma Kendali Kemacetan File → Deadline: -
[2026-07-17 09:45:50]      • [Materi] VC-1 : Traffic dan Algoritma Kendali Kemacetan File → Deadline: -
[2026-07-17 09:45:55]      • [Materi] Forum VC-1 : Traffic dan Algoritma Kendali Kemacetan → Deadline: -
[2026-07-17 09:46:00]      • [Quiz] Latihan Soal VC-1 : Traffic dan Algoritma Kendali Kemacetan → Deadline: Tidak diketahui
[2026-07-17 09:46:04]      • [Materi] VC-2 : Traffic dan Algoritma Kendali Kemacetan - Bagian 2 File → Deadline: -
[2026-07-17 09:46:08]      • [Materi] Forum VC-2 : Traffic dan Algoritma Kendali Kemacetan - Bagian 2 → Deadline: -
[2026-07-17 09:46:13]      • [Quiz] Latihan Soal VC-2 : Traffic dan Algoritma Kendali Kemacetan - Bagian 2 → Deadline: Tidak diketahui
[2026-07-17 09:46:17]      • [Materi] VC-3 : Lapisan Transport File → Deadline: -
[2026-07-17 09:46:22]      • [Materi] Forum VC-3 : Lapisan Transport → Deadline: -
[2026-07-17 09:46:26]      • [Quiz] Latihan Soal VC-3 : Lapisan Transport → Deadline: Tidak diketahui
[2026-07-17 09:46:31] 📚 Mengambil mata kuliah ID 108172 ...
[2026-07-17 09:46:31]   ➤ ATA 2025/2026 | 3KB01 | Internet of Things (IoT) | PURNAWARMAN MUSA
[2026-07-17 09:46:31]      • [Materi] Announcements Forum → Deadline: -
[2026-07-17 09:46:36]      • [Materi] M6 File → Deadline: -
[2026-07-17 09:46:39]      • [Quiz] Soal (Tugas Individu) → Deadline: Tidak diketahui
[2026-07-17 09:46:44]      • [Quiz] Soal (Tugas Individu) → Deadline: Tidak diketahui
[2026-07-17 09:46:49] 📚 Mengambil mata kuliah ID 109563 ...
[2026-07-17 09:46:49]   ➤ ATA 2025/2026 | 3KB01 | Sistem Tertanam (Embedded) * | RIDHA ISKANDAR
[2026-07-17 09:46:49]      • [Materi] Selamat Datang di V-Class Sistem Tertanam (Embedded) Forum → Deadline: -
[2026-07-17 09:46:53]      • [Assignment] File 1 → Deadline: Sunday, 26 April 2026, 12:00 AM
[2026-07-17 09:46:56] 📚 Mengambil mata kuliah ID 109970 ...
[2026-07-17 09:46:56]   ➤ ATA 2025/2026 | 2EB10 | Bahasa Indonesia | MELANIAWATI
[2026-07-17 09:46:56] 📚 Mengambil mata kuliah ID 107919 ...
[2026-07-17 09:46:56]   ➤ ATA 2025/2026 | 3KB01 | Sistem Cerdas Lanjut | NUR SULTAN SALAHUDDIN
[2026-07-17 09:46:56]      • [Materi] Announcements Forum → Deadline: -
[2026-07-17 09:47:01]      • [Assignment] Sistem Kesehatan Cerdas → Deadline: Thursday, 21 May 2026, 12:00 AM
[2026-07-17 09:47:06]      • [Quiz] Sistem Kesehatan Cerdas → Deadline: Tidak diketahui
[2026-07-17 09:47:11]      • [Assignment] Sistem Industri Cerdas → Deadline: Monday, 20 July 2026, 12:00 AM
[2026-07-17 09:47:15]      • [Quiz] Sistem Industri Cerdas → Deadline: Monday, 20 July 2026, 10:54 AM
[2026-07-17 09:47:19] 📚 Mengambil mata kuliah ID 107291 ...
[2026-07-17 09:47:19]   ➤ ATA 2025/2026 | 3KB01 | Pengantarmukaan Perif.Komputer * | FARID THALIB
[2026-07-17 09:47:19]      • [Materi] Announcements Forum → Deadline: -
[2026-07-17 09:47:23] 📚 Mengambil mata kuliah ID 104438 ...
[2026-07-17 09:47:24]   ➤ ATA 2025/2026 | 3-FIKTI | Terapan Teori Graf | TEAM TEACHING
[2026-07-17 09:47:24]      • [Materi] PEMBERITAHUAN UTS SUSULAN File → Deadline: -
[2026-07-17 09:47:27]      • [Materi] PEMBERITAHUAN PELAKSANAAN TEAM TEACHING TERAPAN TEORI GRAF Forum → Deadline: -
[2026-07-17 09:47:32]      • [Materi] M1: Pendahuluan Teori Graf File → Deadline: -
[2026-07-17 09:47:36]      • [Materi] Video Literasi M1: Pendahuluan Teori Graf URL → Deadline: -
[2026-07-17 09:47:40]      • [Quiz] Kuis M1 [kelas PAGI] → Deadline: Tidak diketahui
[2026-07-17 09:47:45]      • [Quiz] Kuis M1 [kelas MALAM] → Deadline: Tidak diketahui
[2026-07-17 09:47:49]      • [Materi] M2: Graf Tidak Berarah dan Graf Berbobot File → Deadline: -
[2026-07-17 09:47:53]      • [Materi] Video Literasi M2 : Graf Tidak Berarah dan Graf Berbobot URL → Deadline: -
[2026-07-17 09:47:58]      • [Quiz] Kuis M2 [KELAS PAGI] : Graf Tidak Berarah dan Graf Berbobot → Deadline: Tidak diketahui
[2026-07-17 09:48:02]      • [Quiz] Kuis M2 [KELAS MALAM] : Graf Tidak Berarah dan Graf Berbobot → Deadline: Tidak diketahui
[2026-07-17 09:48:06]      • [Materi] M4 : Aplikasi Teori Graf di Teknik Elektro File → Deadline: -
[2026-07-17 09:48:11]      • [Materi] Video Literasi M4 : Aplikasi Teori Graf di Teknik Elektro URL → Deadline: -
[2026-07-17 09:48:14]      • [Quiz] Kuis M4 [KELAS PAGI]: Aplikasi Teori Graf di Teknik Elektro → Deadline: Tidak diketahui
[2026-07-17 09:48:19]      • [Quiz] Kuis M4 [KELAS MALAM]: Aplikasi Teori Graf di Teknik Elektro → Deadline: Tidak diketahui
[2026-07-17 09:48:23]      • [Materi] M5 : Knowledge Graph dan Database Graph File → Deadline: -
[2026-07-17 09:48:27]      • [Materi] Video Literasi  M5 : Knowledge Graph dan Database Graph URL → Deadline: -
[2026-07-17 09:48:32]      • [Quiz] Kuis M5 [KELAS PAGI] : nowledge Graph dan Database Graph → Deadline: Tidak diketahui
[2026-07-17 09:48:37]      • [Quiz] Kuis M5 [KELAS MALAM] : Knowledge Graph dan Database Graph → Deadline: Tidak diketahui
[2026-07-17 09:48:41]      • [Materi] M6 : Graf Berarah dan Implementasinya File → Deadline: -
[2026-07-17 09:48:45]      • [Materi] Video Literasi M6 : Graf Berarah dan Implementasinya URL → Deadline: -
[2026-07-17 09:48:50]      • [Quiz] Kuis M6 [KELAS PAGI] : Graf Berarah dan Implementasinya → Deadline: Tidak diketahui
[2026-07-17 09:48:55]      • [Quiz] Kuis M6 [KELAS MALAM] : Graf Berarah dan Implementasinya → Deadline: Tidak diketahui
[2026-07-17 09:48:58]      • [Materi] M8 : Penerapan Teori Graf di Bidang Teknik Sipil File → Deadline: -
[2026-07-17 09:49:03]      • [Materi] Video Literasi M8 : Penerapan Teori Graf di Bidang Teknik Sipil URL → Deadline: -
[2026-07-17 09:49:08]      • [Quiz] Kuis M8 [KELAS PAGI] : Penerapan Teori Graf di Bidang Teknik Sipil → Deadline: Tidak diketahui
[2026-07-17 09:49:12]      • [Quiz] Kuis M8 [KELAS MALAM] : Penerapan Teori Graf di Bidang Teknik Sipil → Deadline: Tidak diketahui
[2026-07-17 09:49:17]      • [Materi] M10 : Penerapan Teori Graf  di Bidang Teknik Industri File → Deadline: -
[2026-07-17 09:49:22]      • [Materi] Video Literasi M10 : Penerapan Teori Graf  di Bidang Teknik Industri URL → Deadline: -
[2026-07-17 09:49:26]      • [Quiz] Kuis M10 [kelas pagi] : Penerapan Teori Graf  di Bidang Teknik Industri → Deadline: Tidak diketahui
[2026-07-17 09:49:31]      • [Quiz] Kuis M10 [kelas malam]: Penerapan Teori Graf  di Bidang Teknik Industri → Deadline: Tidak diketahui
[2026-07-17 09:49:36]      • [Materi] M11 : Program Dinamis dan Permasalahan Tata Letak Fasilitas File → Deadline: -
[2026-07-17 09:49:40]      • [Materi] video literasi : Program Dinamis dan Permasalahan Tata Letak Fasilitas URL → Deadline: -
[2026-07-17 09:49:45]      • [Quiz] Kuis M11 [kelas PAGI]: Program Dinamis dan Permasalahan Tata Letak Fasilitas → Deadline: Tidak diketahui
[2026-07-17 09:49:49]      • [Quiz] Kuis M11 [kelas MALAM]: Program Dinamis dan Permasalahan Tata Letak Fasilitas → Deadline: Tidak diketahui
[2026-07-17 09:49:53]      • [Materi] M12: Algoritma Greedy pada Graf File → Deadline: -
[2026-07-17 09:49:56]      • [Materi] Video literasi M12: Algoritma Greedy pada Graf URL → Deadline: -
[2026-07-17 09:50:01]      • [Quiz] Kuis M12 [kelas PAGI] → Deadline: Tidak diketahui
[2026-07-17 09:50:05]      • [Quiz] Kuis M12 [kelas MALAM] → Deadline: Tidak diketahui
[2026-07-17 09:50:08]      • [Materi] M13 File → Deadline: -
[2026-07-17 09:50:13]      • [Materi] Video Literasi M13 : Graph Theory Implementation in Oil Mining Company URL → Deadline: -
[2026-07-17 09:50:18]      • [Quiz] Kuis M13 [PAGI]: Graph Theory Implementation in Oil Mining Company → Deadline: Tidak diketahui
[2026-07-17 09:50:23]      • [Quiz] Kuis M13 [MALAM]: Graph Theory Implementation in Oil Mining Company → Deadline: Tidak diketahui
[2026-07-17 09:50:27]      • [Materi] Video Literasi : Aplikasi Graf Lengkap sebagai Graf Representasi untuk Model Optimasi Rute Kendaraan URL → Deadline: -
[2026-07-17 09:50:32]      • [Quiz] Kuis M14 [PAGI]: Aplikasi Graf Lengkap sebagai Graf Representasi untuk Model Optimasi Rute Kendaraan → Deadline: Friday, 17 July 2026, 3:00 PM
[2026-07-17 09:50:37]      • [Quiz] Kuis M14 [MALAM]: Aplikasi Graf Lengkap sebagai Graf Representasi untuk Model Optimasi Rute Kendaraan → Deadline: Friday, 17 July 2026, 9:00 PM
[2026-07-17 09:50:41] 📚 Mengambil mata kuliah ID 104413 ...
[2026-07-17 09:50:41]   ➤ ATA 2025/2026 | 3-FIKTI | Praktikum Terapan Teori Graf
[2026-07-17 09:50:41]      • [Materi] Panduan Praktikum  Forum → Deadline: -
[2026-07-17 09:50:46]      • [Materi] Panduan Google Collaboratory URL → Deadline: -
[2026-07-17 09:50:51]      • [Materi] Panduan Instalasi Anaconda URL → Deadline: -
[2026-07-17 09:50:55]      • [Quiz] Pre-Test (M1) → Deadline: Tidak diketahui
[2026-07-17 09:51:00]      • [Materi] 1.1  Pengantar: Teori Graf URL → Deadline: -
[2026-07-17 09:51:05]      • [Materi] 1.2  Sesi Hands-on Praktikum URL → Deadline: -
[2026-07-17 09:51:08]      • [Materi] 1.3 Tutorial Menambahkan File pada Mesin DGX URL → Deadline: -
[2026-07-17 09:51:13]      • [Quiz] Post-Test (M1) → Deadline: Tidak diketahui
[2026-07-17 09:51:18]      • [Assignment] Pengumpulan Tugas (M1) → Deadline: Saturday, 7 March 2026, 11:59 PM
[2026-07-17 09:51:22]      • [Quiz] Pre-Test (M2) → Deadline: Tidak diketahui
[2026-07-17 09:51:26]      • [Materi] 2.1  Pengantar: Berbagai Pemecahan Masalah Menggunakan Teori Graf Page → Deadline: -
[2026-07-17 09:51:30]      • [Quiz] Post-Test (M2) → Deadline: Tidak diketahui
[2026-07-17 09:51:34]      • [Assignment] Pengumpulan Tugas (M2) → Deadline: Saturday, 14 March 2026, 11:59 PM
[2026-07-17 09:51:39]      • [Quiz] Pre-Test (M4) → Deadline: Tidak diketahui
[2026-07-17 09:51:44]      • [Materi] 4.1  Pengantar: Breadth First Search URL → Deadline: -
[2026-07-17 09:51:48]      • [Materi] Sesi Praktikum File → Deadline: -
[2026-07-17 09:51:52]      • [Materi] Video Tutorial: Mendownload File IPYNB di Virtual Class URL → Deadline: -
[2026-07-17 09:51:57]      • [Quiz] Post-Test (M4) → Deadline: Tidak diketahui
[2026-07-17 09:52:02]      • [Assignment] Laporan Akhir (M4) → Deadline: Saturday, 11 April 2026, 11:59 PM
[2026-07-17 09:52:05]      • [Quiz] Pre-Test (M5) → Deadline: Tidak diketahui
[2026-07-17 09:52:10]      • [Materi] Sesi Praktikum URL → Deadline: -
[2026-07-17 09:52:14]      • [Quiz] Post-Test (M5) → Deadline: Tidak diketahui
[2026-07-17 09:52:19]      • [Assignment] Laporan Akhir (M5) → Deadline: Saturday, 18 April 2026, 11:59 PM
[2026-07-17 09:52:23]      • [Quiz] Pre-Test (M6) → Deadline: Tidak diketahui
[2026-07-17 09:52:27]      • [Materi] 6.1  Pendahuluan: Algoritma Dasar Tree URL → Deadline: -
[2026-07-17 09:52:31]      • [Materi] Sesi Praktikum File → Deadline: -
[2026-07-17 09:52:35]      • [Quiz] Post-Test (M6) → Deadline: Tidak diketahui
[2026-07-17 09:52:40]      • [Assignment] Laporan Akhir (M6) → Deadline: Saturday, 25 April 2026, 11:59 PM
[2026-07-17 09:52:44]      • [Quiz] Pre-Test (M8) → Deadline: Tidak diketahui
[2026-07-17 09:52:48]      • [Materi] 8.1  Pendahuluan: Implementasi Graph URL → Deadline: -
[2026-07-17 09:52:52]      • [Materi] Link File Praktikum I - family.pl → Deadline: -
[2026-07-17 09:52:57]      • [Materi] Link File Praktikum II - 8-puzzles.ipynb → Deadline: -
[2026-07-17 09:53:02]      • [Materi] Video Tutorial: Mendownload File IPYNB di Virtual Class URL → Deadline: -
[2026-07-17 09:53:06]      • [Quiz] Post-Test (M8) → Deadline: Tidak diketahui
[2026-07-17 09:53:11]      • [Assignment] Laporan Akhir (M8) → Deadline: Saturday, 9 May 2026, 11:59 PM
[2026-07-17 09:53:16]      • [Quiz] Pre-Test (M9) → Deadline: Tidak diketahui
[2026-07-17 09:53:21]      • [Materi] Sesi Hands-on Praktikum URL → Deadline: -
[2026-07-17 09:53:26]      • [Quiz] Post-Test (M9) → Deadline: Tidak diketahui
[2026-07-17 09:53:31]      • [Assignment] Pengumpulan Tugas (M9) → Deadline: Saturday, 16 May 2026, 11:59 PM
[2026-07-17 09:53:36]      • [Quiz] Pre-Test (M3) → Deadline: Tidak diketahui
[2026-07-17 09:53:40]      • [Materi] Sesi Praktikum URL → Deadline: -
[2026-07-17 09:53:45]      • [Materi] Video Tutorial: Menambahkan File pada Mesin DGX URL → Deadline: -
[2026-07-17 09:53:49]      • [Quiz] Post-Test (M3) → Deadline: Tidak diketahui
[2026-07-17 09:53:54]      • [Assignment] Pengumpulan Tugas (M3) → Deadline: Saturday, 23 May 2026, 11:59 PM
[2026-07-17 09:53:59]      • [Quiz] Pre-Test (M7) → Deadline: Tidak diketahui
[2026-07-17 09:54:04]      • [Materi] Link File Praktikum I - 3-Tekrek-Find-Center.ipynb → Deadline: -
[2026-07-17 09:54:08]      • [Materi] Link File Praktikum II - 3-Tekrek-Sortest-Path.ipynb → Deadline: -
[2026-07-17 09:54:13]      • [Materi] Video Tutorial: Mendownload File IPYNB di Virtual Class URL → Deadline: -
[2026-07-17 09:54:17]      • [Quiz] Post-Test (M7) → Deadline: Tidak diketahui
[2026-07-17 09:54:21]      • [Assignment] Laporan Akhir (M7) → Deadline: Saturday, 23 May 2026, 11:59 PM
[2026-07-17 09:54:25] 📦 Total tugas ditemukan: 125
[2026-07-17 09:54:25] 💾 Disimpan ke python/node/tugas.json
[2026-07-17 18:00:25] 🔐 Login ke V-Class...
[2026-07-17 18:00:26] ✅ Login berhasil
[2026-07-17 18:00:26] 📚 Mengambil mata kuliah ID 108486 ...
[2026-07-17 18:00:26]   ➤ ATA 2025/2026 | 3KB01 | Jaringan Komputer Lanjut | VIVIEN NOVA FITHRIANA
[2026-07-17 18:00:26]      • [Materi] Announcements Forum → Deadline: -
[2026-07-17 18:00:30]      • [Materi] M1 File → Deadline: -
[2026-07-17 18:00:34]      • [Materi] M2 File → Deadline: -
[2026-07-17 18:00:38]      • [Materi] M3 File → Deadline: -
[2026-07-17 18:00:42]      • [Materi] M4 File → Deadline: -
[2026-07-17 18:00:47]      • [Materi] M5 File → Deadline: -
[2026-07-17 18:00:51]      • [Materi] M6 File → Deadline: -
[2026-07-17 18:00:56]      • [Materi] M7 File → Deadline: -
[2026-07-17 18:01:01]      • [Materi] VC-1 : Traffic dan Algoritma Kendali Kemacetan File → Deadline: -
[2026-07-17 18:01:05]      • [Materi] VC-1 : Traffic dan Algoritma Kendali Kemacetan File → Deadline: -
[2026-07-17 18:01:09]      • [Materi] Forum VC-1 : Traffic dan Algoritma Kendali Kemacetan → Deadline: -
[2026-07-17 18:01:13]      • [Quiz] Latihan Soal VC-1 : Traffic dan Algoritma Kendali Kemacetan → Deadline: Tidak diketahui
[2026-07-17 18:01:17]      • [Materi] VC-2 : Traffic dan Algoritma Kendali Kemacetan - Bagian 2 File → Deadline: -
[2026-07-17 18:01:20]      • [Materi] Forum VC-2 : Traffic dan Algoritma Kendali Kemacetan - Bagian 2 → Deadline: -
[2026-07-17 18:01:24]      • [Quiz] Latihan Soal VC-2 : Traffic dan Algoritma Kendali Kemacetan - Bagian 2 → Deadline: Tidak diketahui
[2026-07-17 18:01:28]      • [Materi] VC-3 : Lapisan Transport File → Deadline: -
[2026-07-17 18:01:33]      • [Materi] Forum VC-3 : Lapisan Transport → Deadline: -
[2026-07-17 18:01:38]      • [Quiz] Latihan Soal VC-3 : Lapisan Transport → Deadline: Tidak diketahui
[2026-07-17 18:01:42] 📚 Mengambil mata kuliah ID 108172 ...
[2026-07-17 18:01:42]   ➤ ATA 2025/2026 | 3KB01 | Internet of Things (IoT) | PURNAWARMAN MUSA
[2026-07-17 18:01:42]      • [Materi] Announcements Forum → Deadline: -
[2026-07-17 18:01:47]      • [Materi] M6 File → Deadline: -
[2026-07-17 18:01:51]      • [Quiz] Soal (Tugas Individu) → Deadline: Tidak diketahui
[2026-07-17 18:01:55]      • [Quiz] Soal (Tugas Individu) → Deadline: Tidak diketahui
[2026-07-17 18:01:59] 📚 Mengambil mata kuliah ID 109563 ...
[2026-07-17 18:02:00]   ➤ ATA 2025/2026 | 3KB01 | Sistem Tertanam (Embedded) * | RIDHA ISKANDAR
[2026-07-17 18:02:00]      • [Materi] Selamat Datang di V-Class Sistem Tertanam (Embedded) Forum → Deadline: -
[2026-07-17 18:02:04]      • [Assignment] File 1 → Deadline: Sunday, 26 April 2026, 12:00 AM
[2026-07-17 18:02:08] 📚 Mengambil mata kuliah ID 109970 ...
[2026-07-17 18:02:08]   ➤ ATA 2025/2026 | 2EB10 | Bahasa Indonesia | MELANIAWATI
[2026-07-17 18:02:08] 📚 Mengambil mata kuliah ID 107919 ...
[2026-07-17 18:02:08]   ➤ ATA 2025/2026 | 3KB01 | Sistem Cerdas Lanjut | NUR SULTAN SALAHUDDIN
[2026-07-17 18:02:08]      • [Materi] Announcements Forum → Deadline: -
[2026-07-17 18:02:13]      • [Assignment] Sistem Kesehatan Cerdas → Deadline: Thursday, 21 May 2026, 12:00 AM
[2026-07-17 18:02:17]      • [Quiz] Sistem Kesehatan Cerdas → Deadline: Tidak diketahui
[2026-07-17 18:02:21]      • [Assignment] Sistem Industri Cerdas → Deadline: Monday, 20 July 2026, 12:00 AM
[2026-07-17 18:02:25]      • [Quiz] Sistem Industri Cerdas → Deadline: Monday, 20 July 2026, 10:54 AM
[2026-07-17 18:02:30] 📚 Mengambil mata kuliah ID 107291 ...
[2026-07-17 18:02:30]   ➤ ATA 2025/2026 | 3KB01 | Pengantarmukaan Perif.Komputer * | FARID THALIB
[2026-07-17 18:02:30]      • [Materi] Announcements Forum → Deadline: -
[2026-07-17 18:02:35] 📚 Mengambil mata kuliah ID 104438 ...
[2026-07-17 18:02:35]   ➤ ATA 2025/2026 | 3-FIKTI | Terapan Teori Graf | TEAM TEACHING
[2026-07-17 18:02:35]      • [Materi] PEMBERITAHUAN UTS SUSULAN File → Deadline: -
[2026-07-17 18:02:40]      • [Materi] PEMBERITAHUAN PELAKSANAAN TEAM TEACHING TERAPAN TEORI GRAF Forum → Deadline: -
[2026-07-17 18:02:44]      • [Materi] M1: Pendahuluan Teori Graf File → Deadline: -
[2026-07-17 18:02:48]      • [Materi] Video Literasi M1: Pendahuluan Teori Graf URL → Deadline: -
[2026-07-17 18:02:53]      • [Quiz] Kuis M1 [kelas PAGI] → Deadline: Tidak diketahui
[2026-07-17 18:02:56]      • [Quiz] Kuis M1 [kelas MALAM] → Deadline: Tidak diketahui
[2026-07-17 18:03:00]      • [Materi] M2: Graf Tidak Berarah dan Graf Berbobot File → Deadline: -
[2026-07-17 18:03:05]      • [Materi] Video Literasi M2 : Graf Tidak Berarah dan Graf Berbobot URL → Deadline: -
[2026-07-17 18:03:10]      • [Quiz] Kuis M2 [KELAS PAGI] : Graf Tidak Berarah dan Graf Berbobot → Deadline: Tidak diketahui
[2026-07-17 18:03:14]      • [Quiz] Kuis M2 [KELAS MALAM] : Graf Tidak Berarah dan Graf Berbobot → Deadline: Tidak diketahui
[2026-07-17 18:03:18]      • [Materi] M4 : Aplikasi Teori Graf di Teknik Elektro File → Deadline: -
[2026-07-17 18:03:22]      • [Materi] Video Literasi M4 : Aplikasi Teori Graf di Teknik Elektro URL → Deadline: -
[2026-07-17 18:03:26]      • [Quiz] Kuis M4 [KELAS PAGI]: Aplikasi Teori Graf di Teknik Elektro → Deadline: Tidak diketahui
[2026-07-17 18:03:30]      • [Quiz] Kuis M4 [KELAS MALAM]: Aplikasi Teori Graf di Teknik Elektro → Deadline: Tidak diketahui
[2026-07-17 18:03:34]      • [Materi] M5 : Knowledge Graph dan Database Graph File → Deadline: -
[2026-07-17 18:03:38]      • [Materi] Video Literasi  M5 : Knowledge Graph dan Database Graph URL → Deadline: -
[2026-07-17 18:03:42]      • [Quiz] Kuis M5 [KELAS PAGI] : nowledge Graph dan Database Graph → Deadline: Tidak diketahui
[2026-07-17 18:03:46]      • [Quiz] Kuis M5 [KELAS MALAM] : Knowledge Graph dan Database Graph → Deadline: Tidak diketahui
[2026-07-17 18:03:50]      • [Materi] M6 : Graf Berarah dan Implementasinya File → Deadline: -
[2026-07-17 18:03:54]      • [Materi] Video Literasi M6 : Graf Berarah dan Implementasinya URL → Deadline: -
[2026-07-17 18:03:59]      • [Quiz] Kuis M6 [KELAS PAGI] : Graf Berarah dan Implementasinya → Deadline: Tidak diketahui
[2026-07-17 18:04:03]      • [Quiz] Kuis M6 [KELAS MALAM] : Graf Berarah dan Implementasinya → Deadline: Tidak diketahui
[2026-07-17 18:04:08]      • [Materi] M8 : Penerapan Teori Graf di Bidang Teknik Sipil File → Deadline: -
[2026-07-17 18:04:12]      • [Materi] Video Literasi M8 : Penerapan Teori Graf di Bidang Teknik Sipil URL → Deadline: -
[2026-07-17 18:04:16]      • [Quiz] Kuis M8 [KELAS PAGI] : Penerapan Teori Graf di Bidang Teknik Sipil → Deadline: Tidak diketahui
[2026-07-17 18:04:21]      • [Quiz] Kuis M8 [KELAS MALAM] : Penerapan Teori Graf di Bidang Teknik Sipil → Deadline: Tidak diketahui
[2026-07-17 18:04:25]      • [Materi] M10 : Penerapan Teori Graf  di Bidang Teknik Industri File → Deadline: -
[2026-07-17 18:04:29]      • [Materi] Video Literasi M10 : Penerapan Teori Graf  di Bidang Teknik Industri URL → Deadline: -
[2026-07-17 18:04:34]      • [Quiz] Kuis M10 [kelas pagi] : Penerapan Teori Graf  di Bidang Teknik Industri → Deadline: Tidak diketahui
[2026-07-17 18:04:38]      • [Quiz] Kuis M10 [kelas malam]: Penerapan Teori Graf  di Bidang Teknik Industri → Deadline: Tidak diketahui
[2026-07-17 18:04:42]      • [Materi] M11 : Program Dinamis dan Permasalahan Tata Letak Fasilitas File → Deadline: -
[2026-07-17 18:04:46]      • [Materi] video literasi : Program Dinamis dan Permasalahan Tata Letak Fasilitas URL → Deadline: -
[2026-07-17 18:04:50]      • [Quiz] Kuis M11 [kelas PAGI]: Program Dinamis dan Permasalahan Tata Letak Fasilitas → Deadline: Tidak diketahui
[2026-07-17 18:04:54]      • [Quiz] Kuis M11 [kelas MALAM]: Program Dinamis dan Permasalahan Tata Letak Fasilitas → Deadline: Tidak diketahui
[2026-07-17 18:04:58]      • [Materi] M12: Algoritma Greedy pada Graf File → Deadline: -
[2026-07-17 18:05:03]      • [Materi] Video literasi M12: Algoritma Greedy pada Graf URL → Deadline: -
[2026-07-17 18:05:08]      • [Quiz] Kuis M12 [kelas PAGI] → Deadline: Tidak diketahui
[2026-07-17 18:05:12]      • [Quiz] Kuis M12 [kelas MALAM] → Deadline: Tidak diketahui
[2026-07-17 18:05:17]      • [Materi] M13 File → Deadline: -
[2026-07-17 18:05:21]      • [Materi] Video Literasi M13 : Graph Theory Implementation in Oil Mining Company URL → Deadline: -
[2026-07-17 18:05:25]      • [Quiz] Kuis M13 [PAGI]: Graph Theory Implementation in Oil Mining Company → Deadline: Tidak diketahui
[2026-07-17 18:05:29]      • [Quiz] Kuis M13 [MALAM]: Graph Theory Implementation in Oil Mining Company → Deadline: Tidak diketahui
[2026-07-17 18:05:32]      • [Materi] Video Literasi : Aplikasi Graf Lengkap sebagai Graf Representasi untuk Model Optimasi Rute Kendaraan URL → Deadline: -
[2026-07-17 18:05:36]      • [Quiz] Kuis M14 [PAGI]: Aplikasi Graf Lengkap sebagai Graf Representasi untuk Model Optimasi Rute Kendaraan → Deadline: Tidak diketahui
[2026-07-17 18:05:41]      • [Quiz] Kuis M14 [MALAM]: Aplikasi Graf Lengkap sebagai Graf Representasi untuk Model Optimasi Rute Kendaraan → Deadline: Friday, 17 July 2026, 9:00 PM
[2026-07-17 18:05:44] 📚 Mengambil mata kuliah ID 104413 ...
[2026-07-17 18:05:44]   ➤ ATA 2025/2026 | 3-FIKTI | Praktikum Terapan Teori Graf
[2026-07-17 18:05:44]      • [Materi] Panduan Praktikum  Forum → Deadline: -
[2026-07-17 18:05:49]      • [Materi] Panduan Google Collaboratory URL → Deadline: -
[2026-07-17 18:05:53]      • [Materi] Panduan Instalasi Anaconda URL → Deadline: -
[2026-07-17 18:05:58]      • [Quiz] Pre-Test (M1) → Deadline: Tidak diketahui
[2026-07-17 18:06:02]      • [Materi] 1.1  Pengantar: Teori Graf URL → Deadline: -
[2026-07-17 18:06:07]      • [Materi] 1.2  Sesi Hands-on Praktikum URL → Deadline: -
[2026-07-17 18:06:12]      • [Materi] 1.3 Tutorial Menambahkan File pada Mesin DGX URL → Deadline: -
[2026-07-17 18:06:16]      • [Quiz] Post-Test (M1) → Deadline: Tidak diketahui
[2026-07-17 18:06:21]      • [Assignment] Pengumpulan Tugas (M1) → Deadline: Saturday, 7 March 2026, 11:59 PM
[2026-07-17 18:06:25]      • [Quiz] Pre-Test (M2) → Deadline: Tidak diketahui
[2026-07-17 18:06:29]      • [Materi] 2.1  Pengantar: Berbagai Pemecahan Masalah Menggunakan Teori Graf Page → Deadline: -
[2026-07-17 18:06:33]      • [Quiz] Post-Test (M2) → Deadline: Tidak diketahui
[2026-07-17 18:06:37]      • [Assignment] Pengumpulan Tugas (M2) → Deadline: Saturday, 14 March 2026, 11:59 PM
[2026-07-17 18:06:41]      • [Quiz] Pre-Test (M4) → Deadline: Tidak diketahui
[2026-07-17 18:06:46]      • [Materi] 4.1  Pengantar: Breadth First Search URL → Deadline: -
[2026-07-17 18:06:50]      • [Materi] Sesi Praktikum File → Deadline: -
[2026-07-17 18:06:55]      • [Materi] Video Tutorial: Mendownload File IPYNB di Virtual Class URL → Deadline: -
[2026-07-17 18:06:59]      • [Quiz] Post-Test (M4) → Deadline: Tidak diketahui
[2026-07-17 18:07:04]      • [Assignment] Laporan Akhir (M4) → Deadline: Saturday, 11 April 2026, 11:59 PM
[2026-07-17 18:07:09]      • [Quiz] Pre-Test (M5) → Deadline: Tidak diketahui
[2026-07-17 18:07:13]      • [Materi] Sesi Praktikum URL → Deadline: -
[2026-07-17 18:07:18]      • [Quiz] Post-Test (M5) → Deadline: Tidak diketahui
[2026-07-17 18:07:22]      • [Assignment] Laporan Akhir (M5) → Deadline: Saturday, 18 April 2026, 11:59 PM
[2026-07-17 18:07:27]      • [Quiz] Pre-Test (M6) → Deadline: Tidak diketahui
[2026-07-17 18:07:31]      • [Materi] 6.1  Pendahuluan: Algoritma Dasar Tree URL → Deadline: -
[2026-07-17 18:07:35]      • [Materi] Sesi Praktikum File → Deadline: -
[2026-07-17 18:07:40]      • [Quiz] Post-Test (M6) → Deadline: Tidak diketahui
[2026-07-17 18:07:45]      • [Assignment] Laporan Akhir (M6) → Deadline: Saturday, 25 April 2026, 11:59 PM
[2026-07-17 18:07:49]      • [Quiz] Pre-Test (M8) → Deadline: Tidak diketahui
[2026-07-17 18:07:53]      • [Materi] 8.1  Pendahuluan: Implementasi Graph URL → Deadline: -
[2026-07-17 18:07:58]      • [Materi] Link File Praktikum I - family.pl → Deadline: -
[2026-07-17 18:08:02]      • [Materi] Link File Praktikum II - 8-puzzles.ipynb → Deadline: -
[2026-07-17 18:08:07]      • [Materi] Video Tutorial: Mendownload File IPYNB di Virtual Class URL → Deadline: -
[2026-07-17 18:08:11]      • [Quiz] Post-Test (M8) → Deadline: Tidak diketahui
[2026-07-17 18:08:16]      • [Assignment] Laporan Akhir (M8) → Deadline: Saturday, 9 May 2026, 11:59 PM
[2026-07-17 18:08:21]      • [Quiz] Pre-Test (M9) → Deadline: Tidak diketahui
[2026-07-17 18:08:25]      • [Materi] Sesi Hands-on Praktikum URL → Deadline: -
[2026-07-17 18:08:30]      • [Quiz] Post-Test (M9) → Deadline: Tidak diketahui
[2026-07-17 18:08:34]      • [Assignment] Pengumpulan Tugas (M9) → Deadline: Saturday, 16 May 2026, 11:59 PM
[2026-07-17 18:08:38]      • [Quiz] Pre-Test (M3) → Deadline: Tidak diketahui
[2026-07-17 18:08:43]      • [Materi] Sesi Praktikum URL → Deadline: -
[2026-07-17 18:08:47]      • [Materi] Video Tutorial: Menambahkan File pada Mesin DGX URL → Deadline: -
[2026-07-17 18:08:51]      • [Quiz] Post-Test (M3) → Deadline: Tidak diketahui
[2026-07-17 18:08:55]      • [Assignment] Pengumpulan Tugas (M3) → Deadline: Saturday, 23 May 2026, 11:59 PM
[2026-07-17 18:09:00]      • [Quiz] Pre-Test (M7) → Deadline: Tidak diketahui
[2026-07-17 18:09:04]      • [Materi] Link File Praktikum I - 3-Tekrek-Find-Center.ipynb → Deadline: -
[2026-07-17 18:09:08]      • [Materi] Link File Praktikum II - 3-Tekrek-Sortest-Path.ipynb → Deadline: -
[2026-07-17 18:09:12]      • [Materi] Video Tutorial: Mendownload File IPYNB di Virtual Class URL → Deadline: -
[2026-07-17 18:09:17]      • [Quiz] Post-Test (M7) → Deadline: Tidak diketahui
[2026-07-17 18:09:21]      • [Assignment] Laporan Akhir (M7) → Deadline: Saturday, 23 May 2026, 11:59 PM
[2026-07-17 18:09:25] 📦 Total tugas ditemukan: 125
[2026-07-17 18:09:25] 💾 Disimpan ke python/node/tugas.json
