[2026-07-14 09:45:27] 🔐 Login ke V-Class...
[2026-07-14 09:45:27] ✅ Login berhasil
[2026-07-14 09:45:27] 📚 Mengambil mata kuliah ID 108486 ...
[2026-07-14 09:45:27]   ➤ ATA 2025/2026 | 3KB01 | Jaringan Komputer Lanjut | VIVIEN NOVA FITHRIANA
[2026-07-14 09:45:27]      • [Materi] Announcements Forum → Deadline: -
[2026-07-14 09:45:31]      • [Materi] M1 File → Deadline: -
[2026-07-14 09:45:35]      • [Materi] M2 File → Deadline: -
[2026-07-14 09:45:39]      • [Materi] M3 File → Deadline: -
[2026-07-14 09:45:43]      • [Materi] M4 File → Deadline: -
[2026-07-14 09:45:48]      • [Materi] M5 File → Deadline: -
[2026-07-14 09:45:52]      • [Materi] M6 File → Deadline: -
[2026-07-14 09:45:57]      • [Materi] M7 File → Deadline: -
[2026-07-14 09:46:01]      • [Materi] VC-1 : Traffic dan Algoritma Kendali Kemacetan File → Deadline: -
[2026-07-14 09:46:05]      • [Materi] VC-1 : Traffic dan Algoritma Kendali Kemacetan File → Deadline: -
[2026-07-14 09:46:10]      • [Materi] Forum VC-1 : Traffic dan Algoritma Kendali Kemacetan → Deadline: -
[2026-07-14 09:46:15]      • [Quiz] Latihan Soal VC-1 : Traffic dan Algoritma Kendali Kemacetan → Deadline: Tidak diketahui
[2026-07-14 09:46:19]      • [Materi] VC-2 : Traffic dan Algoritma Kendali Kemacetan - Bagian 2 File → Deadline: -
[2026-07-14 09:46:23]      • [Materi] Forum VC-2 : Traffic dan Algoritma Kendali Kemacetan - Bagian 2 → Deadline: -
[2026-07-14 09:46:27]      • [Quiz] Latihan Soal VC-2 : Traffic dan Algoritma Kendali Kemacetan - Bagian 2 → Deadline: Tidak diketahui
[2026-07-14 09:46:31]      • [Materi] VC-3 : Lapisan Transport File → Deadline: -
[2026-07-14 09:46:35]      • [Materi] Forum VC-3 : Lapisan Transport → Deadline: -
[2026-07-14 09:46:40]      • [Quiz] Latihan Soal VC-3 : Lapisan Transport → Deadline: Wednesday, 15 July 2026, 11:59 PM
[2026-07-14 09:46:44] 📚 Mengambil mata kuliah ID 108172 ...
[2026-07-14 09:46:44]   ➤ ATA 2025/2026 | 3KB01 | Internet of Things (IoT) | PURNAWARMAN MUSA
[2026-07-14 09:46:44]      • [Materi] Announcements Forum → Deadline: -
[2026-07-14 09:46:49]      • [Materi] M6 File → Deadline: -
[2026-07-14 09:46:53]      • [Quiz] Soal (Tugas Individu) → Deadline: Tidak diketahui
[2026-07-14 09:46:57]      • [Quiz] Soal (Tugas Individu) → Deadline: Tidak diketahui
[2026-07-14 09:47:01] 📚 Mengambil mata kuliah ID 109563 ...
[2026-07-14 09:47:01]   ➤ ATA 2025/2026 | 3KB01 | Sistem Tertanam (Embedded) * | RIDHA ISKANDAR
[2026-07-14 09:47:01]      • [Materi] Selamat Datang di V-Class Sistem Tertanam (Embedded) Forum → Deadline: -
[2026-07-14 09:47:06]      • [Assignment] File 1 → Deadline: Sunday, 26 April 2026, 12:00 AM
[2026-07-14 09:47:10] 📚 Mengambil mata kuliah ID 109970 ...
[2026-07-14 09:47:10]   ➤ ATA 2025/2026 | 2EB10 | Bahasa Indonesia | MELANIAWATI
[2026-07-14 09:47:10] 📚 Mengambil mata kuliah ID 107919 ...
[2026-07-14 09:47:10]   ➤ ATA 2025/2026 | 3KB01 | Sistem Cerdas Lanjut | NUR SULTAN SALAHUDDIN
[2026-07-14 09:47:10]      • [Materi] Announcements Forum → Deadline: -
[2026-07-14 09:47:14]      • [Assignment] Sistem Kesehatan Cerdas → Deadline: Thursday, 21 May 2026, 12:00 AM
[2026-07-14 09:47:18]      • [Quiz] Sistem Kesehatan Cerdas → Deadline: Tidak diketahui
[2026-07-14 09:47:22] 📚 Mengambil mata kuliah ID 107291 ...
[2026-07-14 09:47:22]   ➤ ATA 2025/2026 | 3KB01 | Pengantarmukaan Perif.Komputer * | FARID THALIB
[2026-07-14 09:47:22]      • [Materi] Announcements Forum → Deadline: -
[2026-07-14 09:47:26] 📚 Mengambil mata kuliah ID 104438 ...
[2026-07-14 09:47:26]   ➤ ATA 2025/2026 | 3-FIKTI | Terapan Teori Graf | TEAM TEACHING
[2026-07-14 09:47:26]      • [Materi] PEMBERITAHUAN UTS SUSULAN File → Deadline: -
[2026-07-14 09:47:30]      • [Materi] PEMBERITAHUAN PELAKSANAAN TEAM TEACHING TERAPAN TEORI GRAF Forum → Deadline: -
[2026-07-14 09:47:35]      • [Materi] M1: Pendahuluan Teori Graf File → Deadline: -
[2026-07-14 09:47:39]      • [Materi] Video Literasi M1: Pendahuluan Teori Graf URL → Deadline: -
[2026-07-14 09:47:43]      • [Quiz] Kuis M1 [kelas PAGI] → Deadline: Tidak diketahui
[2026-07-14 09:47:47]      • [Quiz] Kuis M1 [kelas MALAM] → Deadline: Tidak diketahui
[2026-07-14 09:47:52]      • [Materi] M2: Graf Tidak Berarah dan Graf Berbobot File → Deadline: -
[2026-07-14 09:47:56]      • [Materi] Video Literasi M2 : Graf Tidak Berarah dan Graf Berbobot URL → Deadline: -
[2026-07-14 09:48:00]      • [Quiz] Kuis M2 [KELAS PAGI] : Graf Tidak Berarah dan Graf Berbobot → Deadline: Tidak diketahui
[2026-07-14 09:48:05]      • [Quiz] Kuis M2 [KELAS MALAM] : Graf Tidak Berarah dan Graf Berbobot → Deadline: Tidak diketahui
[2026-07-14 09:48:09]      • [Materi] M4 : Aplikasi Teori Graf di Teknik Elektro File → Deadline: -
[2026-07-14 09:48:13]      • [Materi] Video Literasi M4 : Aplikasi Teori Graf di Teknik Elektro URL → Deadline: -
[2026-07-14 09:48:17]      • [Quiz] Kuis M4 [KELAS PAGI]: Aplikasi Teori Graf di Teknik Elektro → Deadline: Tidak diketahui
[2026-07-14 09:48:21]      • [Quiz] Kuis M4 [KELAS MALAM]: Aplikasi Teori Graf di Teknik Elektro → Deadline: Tidak diketahui
[2026-07-14 09:48:25]      • [Materi] M5 : Knowledge Graph dan Database Graph File → Deadline: -
[2026-07-14 09:48:30]      • [Materi] Video Literasi  M5 : Knowledge Graph dan Database Graph URL → Deadline: -
[2026-07-14 09:48:34]      • [Quiz] Kuis M5 [KELAS PAGI] : nowledge Graph dan Database Graph → Deadline: Tidak diketahui
[2026-07-14 09:48:37]      • [Quiz] Kuis M5 [KELAS MALAM] : Knowledge Graph dan Database Graph → Deadline: Tidak diketahui
[2026-07-14 09:48:42]      • [Materi] M6 : Graf Berarah dan Implementasinya File → Deadline: -
[2026-07-14 09:48:47]      • [Materi] Video Literasi M6 : Graf Berarah dan Implementasinya URL → Deadline: -
[2026-07-14 09:48:51]      • [Quiz] Kuis M6 [KELAS PAGI] : Graf Berarah dan Implementasinya → Deadline: Tidak diketahui
[2026-07-14 09:48:56]      • [Quiz] Kuis M6 [KELAS MALAM] : Graf Berarah dan Implementasinya → Deadline: Tidak diketahui
[2026-07-14 09:48:59]      • [Materi] M8 : Penerapan Teori Graf di Bidang Teknik Sipil File → Deadline: -
[2026-07-14 09:49:04]      • [Materi] Video Literasi M8 : Penerapan Teori Graf di Bidang Teknik Sipil URL → Deadline: -
[2026-07-14 09:49:08]      • [Quiz] Kuis M8 [KELAS PAGI] : Penerapan Teori Graf di Bidang Teknik Sipil → Deadline: Tidak diketahui
[2026-07-14 09:49:12]      • [Quiz] Kuis M8 [KELAS MALAM] : Penerapan Teori Graf di Bidang Teknik Sipil → Deadline: Tidak diketahui
[2026-07-14 09:49:17]      • [Materi] M10 : Penerapan Teori Graf  di Bidang Teknik Industri File → Deadline: -
[2026-07-14 09:49:21]      • [Materi] Video Literasi M10 : Penerapan Teori Graf  di Bidang Teknik Industri URL → Deadline: -
[2026-07-14 09:49:26]      • [Quiz] Kuis M10 [kelas pagi] : Penerapan Teori Graf  di Bidang Teknik Industri → Deadline: Tidak diketahui
[2026-07-14 09:49:30]      • [Quiz] Kuis M10 [kelas malam]: Penerapan Teori Graf  di Bidang Teknik Industri → Deadline: Tidak diketahui
[2026-07-14 09:49:34]      • [Materi] M11 : Program Dinamis dan Permasalahan Tata Letak Fasilitas File → Deadline: -
[2026-07-14 09:49:39]      • [Materi] video literasi : Program Dinamis dan Permasalahan Tata Letak Fasilitas URL → Deadline: -
[2026-07-14 09:49:43]      • [Quiz] Kuis M11 [kelas PAGI]: Program Dinamis dan Permasalahan Tata Letak Fasilitas → Deadline: Tidak diketahui
[2026-07-14 09:49:48]      • [Quiz] Kuis M11 [kelas MALAM]: Program Dinamis dan Permasalahan Tata Letak Fasilitas → Deadline: Tidak diketahui
[2026-07-14 09:49:52]      • [Materi] M12: Algoritma Greedy pada Graf File → Deadline: -
[2026-07-14 09:49:56]      • [Materi] Video literasi M12: Algoritma Greedy pada Graf URL → Deadline: -
[2026-07-14 09:50:00]      • [Quiz] Kuis M12 [kelas PAGI] → Deadline: Tidak diketahui
[2026-07-14 09:50:04]      • [Quiz] Kuis M12 [kelas MALAM] → Deadline: Tidak diketahui
[2026-07-14 09:50:08]      • [Materi] M13 File → Deadline: -
[2026-07-14 09:50:12]      • [Materi] Video Literasi M13 : Graph Theory Implementation in Oil Mining Company URL → Deadline: -
[2026-07-14 09:50:17]      • [Quiz] Kuis M13 [PAGI]: Graph Theory Implementation in Oil Mining Company → Deadline: Tidak diketahui
[2026-07-14 09:50:21]      • [Quiz] Kuis M13 [MALAM]: Graph Theory Implementation in Oil Mining Company → Deadline: Tidak diketahui
[2026-07-14 09:50:25] 📚 Mengambil mata kuliah ID 104413 ...
[2026-07-14 09:50:25]   ➤ ATA 2025/2026 | 3-FIKTI | Praktikum Terapan Teori Graf
[2026-07-14 09:50:25]      • [Materi] Panduan Praktikum  Forum → Deadline: -
[2026-07-14 09:50:30]      • [Materi] Panduan Google Collaboratory URL → Deadline: -
[2026-07-14 09:50:34]      • [Materi] Panduan Instalasi Anaconda URL → Deadline: -
[2026-07-14 09:50:40]      • [Quiz] Pre-Test (M1) → Deadline: Tidak diketahui
[2026-07-14 09:50:44]      • [Materi] 1.1  Pengantar: Teori Graf URL → Deadline: -
[2026-07-14 09:50:48]      • [Materi] 1.2  Sesi Hands-on Praktikum URL → Deadline: -
[2026-07-14 09:50:52]      • [Materi] 1.3 Tutorial Menambahkan File pada Mesin DGX URL → Deadline: -
[2026-07-14 09:50:57]      • [Quiz] Post-Test (M1) → Deadline: Tidak diketahui
[2026-07-14 09:51:02]      • [Assignment] Pengumpulan Tugas (M1) → Deadline: Saturday, 7 March 2026, 11:59 PM
[2026-07-14 09:51:06]      • [Quiz] Pre-Test (M2) → Deadline: Tidak diketahui
[2026-07-14 09:51:10]      • [Materi] 2.1  Pengantar: Berbagai Pemecahan Masalah Menggunakan Teori Graf Page → Deadline: -
[2026-07-14 09:51:14]      • [Quiz] Post-Test (M2) → Deadline: Tidak diketahui
[2026-07-14 09:51:19]      • [Assignment] Pengumpulan Tugas (M2) → Deadline: Saturday, 14 March 2026, 11:59 PM
[2026-07-14 09:51:23]      • [Quiz] Pre-Test (M4) → Deadline: Tidak diketahui
[2026-07-14 09:51:28]      • [Materi] 4.1  Pengantar: Breadth First Search URL → Deadline: -
[2026-07-14 09:51:33]      • [Materi] Sesi Praktikum File → Deadline: -
[2026-07-14 09:51:36]      • [Materi] Video Tutorial: Mendownload File IPYNB di Virtual Class URL → Deadline: -
[2026-07-14 09:51:41]      • [Quiz] Post-Test (M4) → Deadline: Tidak diketahui
[2026-07-14 09:51:46]      • [Assignment] Laporan Akhir (M4) → Deadline: Saturday, 11 April 2026, 11:59 PM
[2026-07-14 09:51:50]      • [Quiz] Pre-Test (M5) → Deadline: Tidak diketahui
[2026-07-14 09:51:54]      • [Materi] Sesi Praktikum URL → Deadline: -
[2026-07-14 09:51:57]      • [Quiz] Post-Test (M5) → Deadline: Tidak diketahui
[2026-07-14 09:52:02]      • [Assignment] Laporan Akhir (M5) → Deadline: Saturday, 18 April 2026, 11:59 PM
[2026-07-14 09:52:08]      • [Quiz] Pre-Test (M6) → Deadline: Tidak diketahui
[2026-07-14 09:52:12]      • [Materi] 6.1  Pendahuluan: Algoritma Dasar Tree URL → Deadline: -
[2026-07-14 09:52:17]      • [Materi] Sesi Praktikum File → Deadline: -
[2026-07-14 09:52:21]      • [Quiz] Post-Test (M6) → Deadline: Tidak diketahui
[2026-07-14 09:52:25]      • [Assignment] Laporan Akhir (M6) → Deadline: Saturday, 25 April 2026, 11:59 PM
[2026-07-14 09:52:29]      • [Quiz] Pre-Test (M8) → Deadline: Tidak diketahui
[2026-07-14 09:52:33]      • [Materi] 8.1  Pendahuluan: Implementasi Graph URL → Deadline: -
[2026-07-14 09:52:36]      • [Materi] Link File Praktikum I - family.pl → Deadline: -
[2026-07-14 09:52:41]      • [Materi] Link File Praktikum II - 8-puzzles.ipynb → Deadline: -
[2026-07-14 09:52:45]      • [Materi] Video Tutorial: Mendownload File IPYNB di Virtual Class URL → Deadline: -
[2026-07-14 09:52:50]      • [Quiz] Post-Test (M8) → Deadline: Tidak diketahui
[2026-07-14 09:52:55]      • [Assignment] Laporan Akhir (M8) → Deadline: Saturday, 9 May 2026, 11:59 PM
[2026-07-14 09:52:59]      • [Quiz] Pre-Test (M9) → Deadline: Tidak diketahui
[2026-07-14 09:53:03]      • [Materi] Sesi Hands-on Praktikum URL → Deadline: -
[2026-07-14 09:53:07]      • [Quiz] Post-Test (M9) → Deadline: Tidak diketahui
[2026-07-14 09:53:11]      • [Assignment] Pengumpulan Tugas (M9) → Deadline: Saturday, 16 May 2026, 11:59 PM
[2026-07-14 09:53:16]      • [Quiz] Pre-Test (M3) → Deadline: Tidak diketahui
[2026-07-14 09:53:20]      • [Materi] Sesi Praktikum URL → Deadline: -
[2026-07-14 09:53:25]      • [Materi] Video Tutorial: Menambahkan File pada Mesin DGX URL → Deadline: -
[2026-07-14 09:53:29]      • [Quiz] Post-Test (M3) → Deadline: Tidak diketahui
[2026-07-14 09:53:33]      • [Assignment] Pengumpulan Tugas (M3) → Deadline: Saturday, 23 May 2026, 11:59 PM
[2026-07-14 09:53:38]      • [Quiz] Pre-Test (M7) → Deadline: Tidak diketahui
[2026-07-14 09:53:42]      • [Materi] Link File Praktikum I - 3-Tekrek-Find-Center.ipynb → Deadline: -
[2026-07-14 09:53:46]      • [Materi] Link File Praktikum II - 3-Tekrek-Sortest-Path.ipynb → Deadline: -
[2026-07-14 09:53:51]      • [Materi] Video Tutorial: Mendownload File IPYNB di Virtual Class URL → Deadline: -
[2026-07-14 09:53:56]      • [Quiz] Post-Test (M7) → Deadline: Tidak diketahui
[2026-07-14 09:54:01]      • [Assignment] Laporan Akhir (M7) → Deadline: Saturday, 23 May 2026, 11:59 PM
[2026-07-14 09:54:04] 📦 Total tugas ditemukan: 120
[2026-07-14 09:54:04] 💾 Disimpan ke python/node/tugas.json
[2026-07-14 18:00:04] 🔐 Login ke V-Class...
[2026-07-14 18:00:05] ✅ Login berhasil
[2026-07-14 18:00:05] 📚 Mengambil mata kuliah ID 108486 ...
[2026-07-14 18:00:05]   ➤ ATA 2025/2026 | 3KB01 | Jaringan Komputer Lanjut | VIVIEN NOVA FITHRIANA
[2026-07-14 18:00:05]      • [Materi] Announcements Forum → Deadline: -
[2026-07-14 18:00:10]      • [Materi] M1 File → Deadline: -
[2026-07-14 18:00:13]      • [Materi] M2 File → Deadline: -
[2026-07-14 18:00:18]      • [Materi] M3 File → Deadline: -
[2026-07-14 18:00:22]      • [Materi] M4 File → Deadline: -
[2026-07-14 18:00:26]      • [Materi] M5 File → Deadline: -
[2026-07-14 18:00:30]      • [Materi] M6 File → Deadline: -
[2026-07-14 18:00:34]      • [Materi] M7 File → Deadline: -
[2026-07-14 18:00:38]      • [Materi] VC-1 : Traffic dan Algoritma Kendali Kemacetan File → Deadline: -
[2026-07-14 18:00:43]      • [Materi] VC-1 : Traffic dan Algoritma Kendali Kemacetan File → Deadline: -
[2026-07-14 18:00:46]      • [Materi] Forum VC-1 : Traffic dan Algoritma Kendali Kemacetan → Deadline: -
[2026-07-14 18:00:51]      • [Quiz] Latihan Soal VC-1 : Traffic dan Algoritma Kendali Kemacetan → Deadline: Tidak diketahui
[2026-07-14 18:00:55]      • [Materi] VC-2 : Traffic dan Algoritma Kendali Kemacetan - Bagian 2 File → Deadline: -
[2026-07-14 18:01:00]      • [Materi] Forum VC-2 : Traffic dan Algoritma Kendali Kemacetan - Bagian 2 → Deadline: -
[2026-07-14 18:01:05]      • [Quiz] Latihan Soal VC-2 : Traffic dan Algoritma Kendali Kemacetan - Bagian 2 → Deadline: Tidak diketahui
[2026-07-14 18:01:09]      • [Materi] VC-3 : Lapisan Transport File → Deadline: -
[2026-07-14 18:01:13]      • [Materi] Forum VC-3 : Lapisan Transport → Deadline: -
[2026-07-14 18:01:17]      • [Quiz] Latihan Soal VC-3 : Lapisan Transport → Deadline: Wednesday, 15 July 2026, 11:59 PM
[2026-07-14 18:01:22] 📚 Mengambil mata kuliah ID 108172 ...
[2026-07-14 18:01:22]   ➤ ATA 2025/2026 | 3KB01 | Internet of Things (IoT) | PURNAWARMAN MUSA
[2026-07-14 18:01:22]      • [Materi] Announcements Forum → Deadline: -
[2026-07-14 18:01:26]      • [Materi] M6 File → Deadline: -
[2026-07-14 18:01:31]      • [Quiz] Soal (Tugas Individu) → Deadline: Tidak diketahui
[2026-07-14 18:01:36]      • [Quiz] Soal (Tugas Individu) → Deadline: Tidak diketahui
[2026-07-14 18:01:41] 📚 Mengambil mata kuliah ID 109563 ...
[2026-07-14 18:01:41]   ➤ ATA 2025/2026 | 3KB01 | Sistem Tertanam (Embedded) * | RIDHA ISKANDAR
[2026-07-14 18:01:41]      • [Materi] Selamat Datang di V-Class Sistem Tertanam (Embedded) Forum → Deadline: -
[2026-07-14 18:01:45]      • [Assignment] File 1 → Deadline: Sunday, 26 April 2026, 12:00 AM
[2026-07-14 18:01:49] 📚 Mengambil mata kuliah ID 109970 ...
[2026-07-14 18:01:49]   ➤ ATA 2025/2026 | 2EB10 | Bahasa Indonesia | MELANIAWATI
[2026-07-14 18:01:49] 📚 Mengambil mata kuliah ID 107919 ...
[2026-07-14 18:01:49]   ➤ ATA 2025/2026 | 3KB01 | Sistem Cerdas Lanjut | NUR SULTAN SALAHUDDIN
[2026-07-14 18:01:49]      • [Materi] Announcements Forum → Deadline: -
[2026-07-14 18:01:53]      • [Assignment] Sistem Kesehatan Cerdas → Deadline: Thursday, 21 May 2026, 12:00 AM
[2026-07-14 18:01:58]      • [Quiz] Sistem Kesehatan Cerdas → Deadline: Tidak diketahui
[2026-07-14 18:02:03] 📚 Mengambil mata kuliah ID 107291 ...
[2026-07-14 18:02:03]   ➤ ATA 2025/2026 | 3KB01 | Pengantarmukaan Perif.Komputer * | FARID THALIB
[2026-07-14 18:02:03]      • [Materi] Announcements Forum → Deadline: -
[2026-07-14 18:02:07] 📚 Mengambil mata kuliah ID 104438 ...
[2026-07-14 18:02:07]   ➤ ATA 2025/2026 | 3-FIKTI | Terapan Teori Graf | TEAM TEACHING
[2026-07-14 18:02:07]      • [Materi] PEMBERITAHUAN UTS SUSULAN File → Deadline: -
[2026-07-14 18:02:11]      • [Materi] PEMBERITAHUAN PELAKSANAAN TEAM TEACHING TERAPAN TEORI GRAF Forum → Deadline: -
[2026-07-14 18:02:15]      • [Materi] M1: Pendahuluan Teori Graf File → Deadline: -
[2026-07-14 18:02:19]      • [Materi] Video Literasi M1: Pendahuluan Teori Graf URL → Deadline: -
[2026-07-14 18:02:24]      • [Quiz] Kuis M1 [kelas PAGI] → Deadline: Tidak diketahui
[2026-07-14 18:02:29]      • [Quiz] Kuis M1 [kelas MALAM] → Deadline: Tidak diketahui
[2026-07-14 18:02:34]      • [Materi] M2: Graf Tidak Berarah dan Graf Berbobot File → Deadline: -
[2026-07-14 18:02:38]      • [Materi] Video Literasi M2 : Graf Tidak Berarah dan Graf Berbobot URL → Deadline: -
[2026-07-14 18:02:43]      • [Quiz] Kuis M2 [KELAS PAGI] : Graf Tidak Berarah dan Graf Berbobot → Deadline: Tidak diketahui
[2026-07-14 18:02:48]      • [Quiz] Kuis M2 [KELAS MALAM] : Graf Tidak Berarah dan Graf Berbobot → Deadline: Tidak diketahui
[2026-07-14 18:02:53]      • [Materi] M4 : Aplikasi Teori Graf di Teknik Elektro File → Deadline: -
[2026-07-14 18:02:57]      • [Materi] Video Literasi M4 : Aplikasi Teori Graf di Teknik Elektro URL → Deadline: -
[2026-07-14 18:03:01]      • [Quiz] Kuis M4 [KELAS PAGI]: Aplikasi Teori Graf di Teknik Elektro → Deadline: Tidak diketahui
[2026-07-14 18:03:06]      • [Quiz] Kuis M4 [KELAS MALAM]: Aplikasi Teori Graf di Teknik Elektro → Deadline: Tidak diketahui
[2026-07-14 18:03:11]      • [Materi] M5 : Knowledge Graph dan Database Graph File → Deadline: -
[2026-07-14 18:03:15]      • [Materi] Video Literasi  M5 : Knowledge Graph dan Database Graph URL → Deadline: -
[2026-07-14 18:03:20]      • [Quiz] Kuis M5 [KELAS PAGI] : nowledge Graph dan Database Graph → Deadline: Tidak diketahui
[2026-07-14 18:03:23]      • [Quiz] Kuis M5 [KELAS MALAM] : Knowledge Graph dan Database Graph → Deadline: Tidak diketahui
[2026-07-14 18:03:28]      • [Materi] M6 : Graf Berarah dan Implementasinya File → Deadline: -
[2026-07-14 18:03:33]      • [Materi] Video Literasi M6 : Graf Berarah dan Implementasinya URL → Deadline: -
[2026-07-14 18:03:37]      • [Quiz] Kuis M6 [KELAS PAGI] : Graf Berarah dan Implementasinya → Deadline: Tidak diketahui
[2026-07-14 18:03:41]      • [Quiz] Kuis M6 [KELAS MALAM] : Graf Berarah dan Implementasinya → Deadline: Tidak diketahui
[2026-07-14 18:03:45]      • [Materi] M8 : Penerapan Teori Graf di Bidang Teknik Sipil File → Deadline: -
[2026-07-14 18:03:49]      • [Materi] Video Literasi M8 : Penerapan Teori Graf di Bidang Teknik Sipil URL → Deadline: -
[2026-07-14 18:03:54]      • [Quiz] Kuis M8 [KELAS PAGI] : Penerapan Teori Graf di Bidang Teknik Sipil → Deadline: Tidak diketahui
[2026-07-14 18:03:58]      • [Quiz] Kuis M8 [KELAS MALAM] : Penerapan Teori Graf di Bidang Teknik Sipil → Deadline: Tidak diketahui
[2026-07-14 18:04:03]      • [Materi] M10 : Penerapan Teori Graf  di Bidang Teknik Industri File → Deadline: -
[2026-07-14 18:04:07]      • [Materi] Video Literasi M10 : Penerapan Teori Graf  di Bidang Teknik Industri URL → Deadline: -
[2026-07-14 18:04:11]      • [Quiz] Kuis M10 [kelas pagi] : Penerapan Teori Graf  di Bidang Teknik Industri → Deadline: Tidak diketahui
[2026-07-14 18:04:16]      • [Quiz] Kuis M10 [kelas malam]: Penerapan Teori Graf  di Bidang Teknik Industri → Deadline: Tidak diketahui
[2026-07-14 18:04:20]      • [Materi] M11 : Program Dinamis dan Permasalahan Tata Letak Fasilitas File → Deadline: -
[2026-07-14 18:04:24]      • [Materi] video literasi : Program Dinamis dan Permasalahan Tata Letak Fasilitas URL → Deadline: -
[2026-07-14 18:04:29]      • [Quiz] Kuis M11 [kelas PAGI]: Program Dinamis dan Permasalahan Tata Letak Fasilitas → Deadline: Tidak diketahui
[2026-07-14 18:04:34]      • [Quiz] Kuis M11 [kelas MALAM]: Program Dinamis dan Permasalahan Tata Letak Fasilitas → Deadline: Tidak diketahui
[2026-07-14 18:04:39]      • [Materi] M12: Algoritma Greedy pada Graf File → Deadline: -
[2026-07-14 18:04:42]      • [Materi] Video literasi M12: Algoritma Greedy pada Graf URL → Deadline: -
[2026-07-14 18:04:47]      • [Quiz] Kuis M12 [kelas PAGI] → Deadline: Tidak diketahui
[2026-07-14 18:04:52]      • [Quiz] Kuis M12 [kelas MALAM] → Deadline: Tidak diketahui
[2026-07-14 18:04:55]      • [Materi] M13 File → Deadline: -
[2026-07-14 18:04:59]      • [Materi] Video Literasi M13 : Graph Theory Implementation in Oil Mining Company URL → Deadline: -
[2026-07-14 18:05:03]      • [Quiz] Kuis M13 [PAGI]: Graph Theory Implementation in Oil Mining Company → Deadline: Tidak diketahui
[2026-07-14 18:05:07]      • [Quiz] Kuis M13 [MALAM]: Graph Theory Implementation in Oil Mining Company → Deadline: Tidak diketahui
[2026-07-14 18:05:11] 📚 Mengambil mata kuliah ID 104413 ...
[2026-07-14 18:05:11]   ➤ ATA 2025/2026 | 3-FIKTI | Praktikum Terapan Teori Graf
[2026-07-14 18:05:11]      • [Materi] Panduan Praktikum  Forum → Deadline: -
[2026-07-14 18:05:16]      • [Materi] Panduan Google Collaboratory URL → Deadline: -
[2026-07-14 18:05:20]      • [Materi] Panduan Instalasi Anaconda URL → Deadline: -
[2026-07-14 18:05:25]      • [Quiz] Pre-Test (M1) → Deadline: Tidak diketahui
[2026-07-14 18:05:30]      • [Materi] 1.1  Pengantar: Teori Graf URL → Deadline: -
[2026-07-14 18:05:34]      • [Materi] 1.2  Sesi Hands-on Praktikum URL → Deadline: -
[2026-07-14 18:05:38]      • [Materi] 1.3 Tutorial Menambahkan File pada Mesin DGX URL → Deadline: -
[2026-07-14 18:05:42]      • [Quiz] Post-Test (M1) → Deadline: Tidak diketahui
[2026-07-14 18:05:46]      • [Assignment] Pengumpulan Tugas (M1) → Deadline: Saturday, 7 March 2026, 11:59 PM
[2026-07-14 18:05:50]      • [Quiz] Pre-Test (M2) → Deadline: Tidak diketahui
[2026-07-14 18:05:54]      • [Materi] 2.1  Pengantar: Berbagai Pemecahan Masalah Menggunakan Teori Graf Page → Deadline: -
[2026-07-14 18:05:59]      • [Quiz] Post-Test (M2) → Deadline: Tidak diketahui
[2026-07-14 18:06:04]      • [Assignment] Pengumpulan Tugas (M2) → Deadline: Saturday, 14 March 2026, 11:59 PM
[2026-07-14 18:06:09]      • [Quiz] Pre-Test (M4) → Deadline: Tidak diketahui
[2026-07-14 18:06:13]      • [Materi] 4.1  Pengantar: Breadth First Search URL → Deadline: -
[2026-07-14 18:06:18]      • [Materi] Sesi Praktikum File → Deadline: -
[2026-07-14 18:06:22]      • [Materi] Video Tutorial: Mendownload File IPYNB di Virtual Class URL → Deadline: -
[2026-07-14 18:06:26]      • [Quiz] Post-Test (M4) → Deadline: Tidak diketahui
[2026-07-14 18:06:30]      • [Assignment] Laporan Akhir (M4) → Deadline: Saturday, 11 April 2026, 11:59 PM
[2026-07-14 18:06:34]      • [Quiz] Pre-Test (M5) → Deadline: Tidak diketahui
[2026-07-14 18:06:38]      • [Materi] Sesi Praktikum URL → Deadline: -
[2026-07-14 18:06:42]      • [Quiz] Post-Test (M5) → Deadline: Tidak diketahui
[2026-07-14 18:06:46]      • [Assignment] Laporan Akhir (M5) → Deadline: Saturday, 18 April 2026, 11:59 PM
[2026-07-14 18:06:50]      • [Quiz] Pre-Test (M6) → Deadline: Tidak diketahui
[2026-07-14 18:06:54]      • [Materi] 6.1  Pendahuluan: Algoritma Dasar Tree URL → Deadline: -
[2026-07-14 18:06:59]      • [Materi] Sesi Praktikum File → Deadline: -
[2026-07-14 18:07:03]      • [Quiz] Post-Test (M6) → Deadline: Tidak diketahui
[2026-07-14 18:07:07]      • [Assignment] Laporan Akhir (M6) → Deadline: Saturday, 25 April 2026, 11:59 PM
[2026-07-14 18:07:11]      • [Quiz] Pre-Test (M8) → Deadline: Tidak diketahui
[2026-07-14 18:07:16]      • [Materi] 8.1  Pendahuluan: Implementasi Graph URL → Deadline: -
[2026-07-14 18:07:21]      • [Materi] Link File Praktikum I - family.pl → Deadline: -
[2026-07-14 18:07:26]      • [Materi] Link File Praktikum II - 8-puzzles.ipynb → Deadline: -
[2026-07-14 18:07:30]      • [Materi] Video Tutorial: Mendownload File IPYNB di Virtual Class URL → Deadline: -
[2026-07-14 18:07:35]      • [Quiz] Post-Test (M8) → Deadline: Tidak diketahui
[2026-07-14 18:07:39]      • [Assignment] Laporan Akhir (M8) → Deadline: Saturday, 9 May 2026, 11:59 PM
[2026-07-14 18:07:44]      • [Quiz] Pre-Test (M9) → Deadline: Tidak diketahui
[2026-07-14 18:07:48]      • [Materi] Sesi Hands-on Praktikum URL → Deadline: -
[2026-07-14 18:07:52]      • [Quiz] Post-Test (M9) → Deadline: Tidak diketahui
[2026-07-14 18:07:57]      • [Assignment] Pengumpulan Tugas (M9) → Deadline: Saturday, 16 May 2026, 11:59 PM
[2026-07-14 18:08:02]      • [Quiz] Pre-Test (M3) → Deadline: Tidak diketahui
[2026-07-14 18:08:06]      • [Materi] Sesi Praktikum URL → Deadline: -
[2026-07-14 18:08:11]      • [Materi] Video Tutorial: Menambahkan File pada Mesin DGX URL → Deadline: -
[2026-07-14 18:08:15]      • [Quiz] Post-Test (M3) → Deadline: Tidak diketahui
[2026-07-14 18:08:20]      • [Assignment] Pengumpulan Tugas (M3) → Deadline: Saturday, 23 May 2026, 11:59 PM
[2026-07-14 18:08:23]      • [Quiz] Pre-Test (M7) → Deadline: Tidak diketahui
[2026-07-14 18:08:28]      • [Materi] Link File Praktikum I - 3-Tekrek-Find-Center.ipynb → Deadline: -
[2026-07-14 18:08:31]      • [Materi] Link File Praktikum II - 3-Tekrek-Sortest-Path.ipynb → Deadline: -
[2026-07-14 18:08:35]      • [Materi] Video Tutorial: Mendownload File IPYNB di Virtual Class URL → Deadline: -
[2026-07-14 18:08:40]      • [Quiz] Post-Test (M7) → Deadline: Tidak diketahui
[2026-07-14 18:08:43]      • [Assignment] Laporan Akhir (M7) → Deadline: Saturday, 23 May 2026, 11:59 PM
[2026-07-14 18:08:48] 📦 Total tugas ditemukan: 120
[2026-07-14 18:08:48] 💾 Disimpan ke python/node/tugas.json
