[2026-05-28 09:45:15] 🔐 Login ke V-Class...
[2026-05-28 09:45:16] ✅ Login berhasil
[2026-05-28 09:45:16] 📚 Mengambil mata kuliah ID 108486 ...
[2026-05-28 09:45:16]   ➤ ATA 2025/2026 | 3KB01 | Jaringan Komputer Lanjut | VIVIEN NOVA FITHRIANA
[2026-05-28 09:45:16]      • [Materi] Announcements Forum → Deadline: -
[2026-05-28 09:45:20]      • [Materi] M1 File → Deadline: -
[2026-05-28 09:45:25]      • [Materi] M2 File → Deadline: -
[2026-05-28 09:45:30]      • [Materi] M3 File → Deadline: -
[2026-05-28 09:45:34]      • [Materi] M4 File → Deadline: -
[2026-05-28 09:45:38]      • [Materi] M5 File → Deadline: -
[2026-05-28 09:45:41]      • [Materi] M6 File → Deadline: -
[2026-05-28 09:45:46]      • [Materi] M7 File → Deadline: -
[2026-05-28 09:45:50]      • [Materi] VC-1 : Traffic dan Algoritma Kendali Kemacetan File → Deadline: -
[2026-05-28 09:45:54]      • [Materi] VC-1 : Traffic dan Algoritma Kendali Kemacetan File → Deadline: -
[2026-05-28 09:45:58]      • [Materi] Forum VC-1 : Traffic dan Algoritma Kendali Kemacetan → Deadline: -
[2026-05-28 09:46:02]      • [Quiz] Latihan Soal VC-1 : Traffic dan Algoritma Kendali Kemacetan → Deadline: Tidak diketahui
[2026-05-28 09:46:06]      • [Materi] VC-2 : Traffic dan Algoritma Kendali Kemacetan - Bagian 2 File → Deadline: -
[2026-05-28 09:46:10]      • [Materi] Forum VC-2 : Traffic dan Algoritma Kendali Kemacetan - Bagian 2 → Deadline: -
[2026-05-28 09:46:14]      • [Quiz] Latihan Soal VC-2 : Traffic dan Algoritma Kendali Kemacetan - Bagian 2 → Deadline: Tidak diketahui
[2026-05-28 09:46:18]      • [Materi] VC-3 : Lapisan Transport File → Deadline: -
[2026-05-28 09:46:22]      • [Materi] Forum VC-3 : Lapisan Transport → Deadline: -
[2026-05-28 09:46:27]      • [Quiz] Latihan Soal VC-3 : Lapisan Transport → Deadline: Wednesday, 15 July 2026, 11:59 PM
[2026-05-28 09:46:32] 📚 Mengambil mata kuliah ID 108172 ...
[2026-05-28 09:46:32]   ➤ ATA 2025/2026 | 3KB01 | Internet of Things (IoT) | PURNAWARMAN MUSA
[2026-05-28 09:46:32]      • [Materi] Announcements Forum → Deadline: -
[2026-05-28 09:46:36]      • [Materi] M6 File → Deadline: -
[2026-05-28 09:46:40]      • [Quiz] Soal (Tugas Individu) → Deadline: Tidak diketahui
[2026-05-28 09:46:44]      • [Quiz] Soal (Tugas Individu) → Deadline: Tidak diketahui
[2026-05-28 09:46:48] 📚 Mengambil mata kuliah ID 109563 ...
[2026-05-28 09:46:48]   ➤ ATA 2025/2026 | 3KB01 | Sistem Tertanam (Embedded) * | RIDHA ISKANDAR
[2026-05-28 09:46:48]      • [Materi] Selamat Datang di V-Class Sistem Tertanam (Embedded) Forum → Deadline: -
[2026-05-28 09:46:53]      • [Assignment] File 1 → Deadline: Sunday, 26 April 2026, 12:00 AM
[2026-05-28 09:46:58] 📚 Mengambil mata kuliah ID 109970 ...
[2026-05-28 09:46:58]   ➤ ATA 2025/2026 | 2EB10 | Bahasa Indonesia | MELANIAWATI
[2026-05-28 09:46:58] 📚 Mengambil mata kuliah ID 107919 ...
[2026-05-28 09:46:58]   ➤ ATA 2025/2026 | 3KB01 | Sistem Cerdas Lanjut | NUR SULTAN SALAHUDDIN
[2026-05-28 09:46:58]      • [Materi] Announcements Forum → Deadline: -
[2026-05-28 09:47:02]      • [Assignment] Sistem Kesehatan Cerdas → Deadline: Thursday, 21 May 2026, 12:00 AM
[2026-05-28 09:47:07]      • [Quiz] Sistem Kesehatan Cerdas → Deadline: Tidak diketahui
[2026-05-28 09:47:12] 📚 Mengambil mata kuliah ID 107291 ...
[2026-05-28 09:47:12]   ➤ ATA 2025/2026 | 3KB01 | Pengantarmukaan Perif.Komputer * | FARID THALIB
[2026-05-28 09:47:12]      • [Materi] Announcements Forum → Deadline: -
[2026-05-28 09:47:16] 📚 Mengambil mata kuliah ID 104438 ...
[2026-05-28 09:47:16]   ➤ ATA 2025/2026 | 3-FIKTI | Terapan Teori Graf | TEAM TEACHING
[2026-05-28 09:47:16]      • [Materi] PEMBERITAHUAN PELAKSANAAN TEAM TEACHING TERAPAN TEORI GRAF Forum → Deadline: -
[2026-05-28 09:47:20]      • [Materi] M1: Pendahuluan Teori Graf File → Deadline: -
[2026-05-28 09:47:23]      • [Materi] Video Literasi M1: Pendahuluan Teori Graf URL → Deadline: -
[2026-05-28 09:47:28]      • [Quiz] Kuis M1 [kelas PAGI] → Deadline: Tidak diketahui
[2026-05-28 09:47:33]      • [Quiz] Kuis M1 [kelas MALAM] → Deadline: Tidak diketahui
[2026-05-28 09:47:38]      • [Materi] M2: Graf Tidak Berarah dan Graf Berbobot File → Deadline: -
[2026-05-28 09:47:42]      • [Materi] Video Literasi M2 : Graf Tidak Berarah dan Graf Berbobot URL → Deadline: -
[2026-05-28 09:47:46]      • [Quiz] Kuis M2 [KELAS PAGI] : Graf Tidak Berarah dan Graf Berbobot → Deadline: Tidak diketahui
[2026-05-28 09:47:51]      • [Quiz] Kuis M2 [KELAS MALAM] : Graf Tidak Berarah dan Graf Berbobot → Deadline: Tidak diketahui
[2026-05-28 09:47:55]      • [Materi] M4 : Aplikasi Teori Graf di Teknik Elektro File → Deadline: -
[2026-05-28 09:48:00]      • [Materi] Video Literasi M4 : Aplikasi Teori Graf di Teknik Elektro URL → Deadline: -
[2026-05-28 09:48:04]      • [Quiz] Kuis M4 [KELAS PAGI]: Aplikasi Teori Graf di Teknik Elektro → Deadline: Tidak diketahui
[2026-05-28 09:48:08]      • [Quiz] Kuis M4 [KELAS MALAM]: Aplikasi Teori Graf di Teknik Elektro → Deadline: Tidak diketahui
[2026-05-28 09:48:13]      • [Materi] M5 : Knowledge Graph dan Database Graph File → Deadline: -
[2026-05-28 09:48:17]      • [Materi] Video Literasi  M5 : Knowledge Graph dan Database Graph URL → Deadline: -
[2026-05-28 09:48:21]      • [Quiz] Kuis M5 [KELAS PAGI] : nowledge Graph dan Database Graph → Deadline: Tidak diketahui
[2026-05-28 09:48:26]      • [Quiz] Kuis M5 [KELAS MALAM] : Knowledge Graph dan Database Graph → Deadline: Tidak diketahui
[2026-05-28 09:48:30]      • [Materi] M6 : Graf Berarah dan Implementasinya File → Deadline: -
[2026-05-28 09:48:33]      • [Materi] Video Literasi M6 : Graf Berarah dan Implementasinya URL → Deadline: -
[2026-05-28 09:48:38]      • [Quiz] Kuis M6 [KELAS PAGI] : Graf Berarah dan Implementasinya → Deadline: Tidak diketahui
[2026-05-28 09:48:42]      • [Quiz] Kuis M6 [KELAS MALAM] : Graf Berarah dan Implementasinya → Deadline: Tidak diketahui
[2026-05-28 09:48:47]      • [Materi] M8 : Penerapan Teori Graf di Bidang Teknik Sipil File → Deadline: -
[2026-05-28 09:48:51]      • [Materi] Video Literasi M8 : Penerapan Teori Graf di Bidang Teknik Sipil URL → Deadline: -
[2026-05-28 09:48:56]      • [Quiz] Kuis M8 [KELAS PAGI] : Penerapan Teori Graf di Bidang Teknik Sipil → Deadline: Tidak diketahui
[2026-05-28 09:49:00]      • [Quiz] Kuis M8 [KELAS MALAM] : Penerapan Teori Graf di Bidang Teknik Sipil → Deadline: Tidak diketahui
[2026-05-28 09:49:04]      • [Materi] M10 : Penerapan Teori Graf  di Bidang Teknik Industri File → Deadline: -
[2026-05-28 09:49:08]      • [Materi] Video Literasi M10 : Penerapan Teori Graf  di Bidang Teknik Industri URL → Deadline: -
[2026-05-28 09:49:12]      • [Quiz] Kuis M10 [kelas pagi] : Penerapan Teori Graf  di Bidang Teknik Industri → Deadline: Tidak diketahui
[2026-05-28 09:49:17]      • [Quiz] Kuis M10 [kelas malam]: Penerapan Teori Graf  di Bidang Teknik Industri → Deadline: Tidak diketahui
[2026-05-28 09:49:21] 📚 Mengambil mata kuliah ID 104413 ...
[2026-05-28 09:49:22]   ➤ ATA 2025/2026 | 3-FIKTI | Praktikum Terapan Teori Graf
[2026-05-28 09:49:22]      • [Materi] Panduan Praktikum  Forum → Deadline: -
[2026-05-28 09:49:26]      • [Materi] Panduan Google Collaboratory URL → Deadline: -
[2026-05-28 09:49:30]      • [Materi] Panduan Instalasi Anaconda URL → Deadline: -
[2026-05-28 09:49:35]      • [Quiz] Pre-Test (M1) → Deadline: Tidak diketahui
[2026-05-28 09:49:39]      • [Materi] 1.1  Pengantar: Teori Graf URL → Deadline: -
[2026-05-28 09:49:43]      • [Materi] 1.2  Sesi Hands-on Praktikum URL → Deadline: -
[2026-05-28 09:49:47]      • [Materi] 1.3 Tutorial Menambahkan File pada Mesin DGX URL → Deadline: -
[2026-05-28 09:49:52]      • [Quiz] Post-Test (M1) → Deadline: Tidak diketahui
[2026-05-28 09:49:57]      • [Assignment] Pengumpulan Tugas (M1) → Deadline: Saturday, 7 March 2026, 11:59 PM
[2026-05-28 09:50:01]      • [Quiz] Pre-Test (M2) → Deadline: Tidak diketahui
[2026-05-28 09:50:05]      • [Materi] 2.1  Pengantar: Berbagai Pemecahan Masalah Menggunakan Teori Graf Page → Deadline: -
[2026-05-28 09:50:10]      • [Quiz] Post-Test (M2) → Deadline: Tidak diketahui
[2026-05-28 09:50:15]      • [Assignment] Pengumpulan Tugas (M2) → Deadline: Saturday, 14 March 2026, 11:59 PM
[2026-05-28 09:50:20]      • [Quiz] Pre-Test (M4) → Deadline: Tidak diketahui
[2026-05-28 09:50:24]      • [Materi] 4.1  Pengantar: Breadth First Search URL → Deadline: -
[2026-05-28 09:50:28]      • [Materi] Sesi Praktikum File → Deadline: -
[2026-05-28 09:50:32]      • [Materi] Video Tutorial: Mendownload File IPYNB di Virtual Class URL → Deadline: -
[2026-05-28 09:50:36]      • [Quiz] Post-Test (M4) → Deadline: Tidak diketahui
[2026-05-28 09:50:41]      • [Assignment] Laporan Akhir (M4) → Deadline: Saturday, 11 April 2026, 11:59 PM
[2026-05-28 09:50:45]      • [Quiz] Pre-Test (M5) → Deadline: Tidak diketahui
[2026-05-28 09:50:49]      • [Materi] Sesi Praktikum URL → Deadline: -
[2026-05-28 09:50:53]      • [Quiz] Post-Test (M5) → Deadline: Tidak diketahui
[2026-05-28 09:50:57]      • [Assignment] Laporan Akhir (M5) → Deadline: Saturday, 18 April 2026, 11:59 PM
[2026-05-28 09:51:01]      • [Quiz] Pre-Test (M6) → Deadline: Tidak diketahui
[2026-05-28 09:51:05]      • [Materi] 6.1  Pendahuluan: Algoritma Dasar Tree URL → Deadline: -
[2026-05-28 09:51:09]      • [Materi] Sesi Praktikum File → Deadline: -
[2026-05-28 09:51:13]      • [Quiz] Post-Test (M6) → Deadline: Tidak diketahui
[2026-05-28 09:51:17]      • [Assignment] Laporan Akhir (M6) → Deadline: Saturday, 25 April 2026, 11:59 PM
[2026-05-28 09:51:21]      • [Quiz] Pre-Test (M8) → Deadline: Tidak diketahui
[2026-05-28 09:51:25]      • [Materi] 8.1  Pendahuluan: Implementasi Graph URL → Deadline: -
[2026-05-28 09:51:30]      • [Materi] Link File Praktikum I - family.pl → Deadline: -
[2026-05-28 09:51:35]      • [Materi] Link File Praktikum II - 8-puzzles.ipynb → Deadline: -
[2026-05-28 09:51:39]      • [Materi] Video Tutorial: Mendownload File IPYNB di Virtual Class URL → Deadline: -
[2026-05-28 09:51:44]      • [Quiz] Post-Test (M8) → Deadline: Tidak diketahui
[2026-05-28 09:51:48]      • [Assignment] Laporan Akhir (M8) → Deadline: Saturday, 9 May 2026, 11:59 PM
[2026-05-28 09:51:53]      • [Quiz] Pre-Test (M9) → Deadline: Tidak diketahui
[2026-05-28 09:51:58]      • [Materi] Sesi Hands-on Praktikum URL → Deadline: -
[2026-05-28 09:52:02]      • [Quiz] Post-Test (M9) → Deadline: Tidak diketahui
[2026-05-28 09:52:07]      • [Assignment] Pengumpulan Tugas (M9) → Deadline: Saturday, 16 May 2026, 11:59 PM
[2026-05-28 09:52:10]      • [Quiz] Pre-Test (M3) → Deadline: Tidak diketahui
[2026-05-28 09:52:14]      • [Materi] Sesi Praktikum URL → Deadline: -
[2026-05-28 09:52:19]      • [Materi] Video Tutorial: Menambahkan File pada Mesin DGX URL → Deadline: -
[2026-05-28 09:52:24]      • [Quiz] Post-Test (M3) → Deadline: Tidak diketahui
[2026-05-28 09:52:28]      • [Assignment] Pengumpulan Tugas (M3) → Deadline: Saturday, 23 May 2026, 11:59 PM
[2026-05-28 09:52:32]      • [Quiz] Pre-Test (M7) → Deadline: Tidak diketahui
[2026-05-28 09:52:37]      • [Materi] Link File Praktikum I - 3-Tekrek-Find-Center.ipynb → Deadline: -
[2026-05-28 09:52:41]      • [Materi] Link File Praktikum II - 3-Tekrek-Sortest-Path.ipynb → Deadline: -
[2026-05-28 09:52:44]      • [Materi] Video Tutorial: Mendownload File IPYNB di Virtual Class URL → Deadline: -
[2026-05-28 09:52:48]      • [Quiz] Post-Test (M7) → Deadline: Tidak diketahui
[2026-05-28 09:52:53]      • [Assignment] Laporan Akhir (M7) → Deadline: Saturday, 23 May 2026, 11:59 PM
[2026-05-28 09:52:57] 📦 Total tugas ditemukan: 107
[2026-05-28 09:52:57] 💾 Disimpan ke python/node/tugas.json
[2026-05-28 18:00:57] 🔐 Login ke V-Class...
[2026-05-28 18:00:58] ✅ Login berhasil
[2026-05-28 18:00:58] 📚 Mengambil mata kuliah ID 108486 ...
[2026-05-28 18:00:58]   ➤ ATA 2025/2026 | 3KB01 | Jaringan Komputer Lanjut | VIVIEN NOVA FITHRIANA
[2026-05-28 18:00:58]      • [Materi] Announcements Forum → Deadline: -
[2026-05-28 18:01:02]      • [Materi] M1 File → Deadline: -
[2026-05-28 18:01:06]      • [Materi] M2 File → Deadline: -
[2026-05-28 18:01:11]      • [Materi] M3 File → Deadline: -
[2026-05-28 18:01:16]      • [Materi] M4 File → Deadline: -
[2026-05-28 18:01:19]      • [Materi] M5 File → Deadline: -
[2026-05-28 18:01:23]      • [Materi] M6 File → Deadline: -
[2026-05-28 18:01:27]      • [Materi] M7 File → Deadline: -
[2026-05-28 18:01:31]      • [Materi] VC-1 : Traffic dan Algoritma Kendali Kemacetan File → Deadline: -
[2026-05-28 18:01:35]      • [Materi] VC-1 : Traffic dan Algoritma Kendali Kemacetan File → Deadline: -
[2026-05-28 18:01:40]      • [Materi] Forum VC-1 : Traffic dan Algoritma Kendali Kemacetan → Deadline: -
[2026-05-28 18:01:45]      • [Quiz] Latihan Soal VC-1 : Traffic dan Algoritma Kendali Kemacetan → Deadline: Tidak diketahui
[2026-05-28 18:01:49]      • [Materi] VC-2 : Traffic dan Algoritma Kendali Kemacetan - Bagian 2 File → Deadline: -
[2026-05-28 18:01:53]      • [Materi] Forum VC-2 : Traffic dan Algoritma Kendali Kemacetan - Bagian 2 → Deadline: -
[2026-05-28 18:01:57]      • [Quiz] Latihan Soal VC-2 : Traffic dan Algoritma Kendali Kemacetan - Bagian 2 → Deadline: Tidak diketahui
[2026-05-28 18:02:01]      • [Materi] VC-3 : Lapisan Transport File → Deadline: -
[2026-05-28 18:02:05]      • [Materi] Forum VC-3 : Lapisan Transport → Deadline: -
[2026-05-28 18:02:09]      • [Quiz] Latihan Soal VC-3 : Lapisan Transport → Deadline: Wednesday, 15 July 2026, 11:59 PM
[2026-05-28 18:02:13] 📚 Mengambil mata kuliah ID 108172 ...
[2026-05-28 18:02:13]   ➤ ATA 2025/2026 | 3KB01 | Internet of Things (IoT) | PURNAWARMAN MUSA
[2026-05-28 18:02:13]      • [Materi] Announcements Forum → Deadline: -
[2026-05-28 18:02:17]      • [Materi] M6 File → Deadline: -
[2026-05-28 18:02:20]      • [Quiz] Soal (Tugas Individu) → Deadline: Tidak diketahui
[2026-05-28 18:02:24]      • [Quiz] Soal (Tugas Individu) → Deadline: Tidak diketahui
[2026-05-28 18:02:28] 📚 Mengambil mata kuliah ID 109563 ...
[2026-05-28 18:02:28]   ➤ ATA 2025/2026 | 3KB01 | Sistem Tertanam (Embedded) * | RIDHA ISKANDAR
[2026-05-28 18:02:28]      • [Materi] Selamat Datang di V-Class Sistem Tertanam (Embedded) Forum → Deadline: -
[2026-05-28 18:02:33]      • [Assignment] File 1 → Deadline: Sunday, 26 April 2026, 12:00 AM
[2026-05-28 18:02:38] 📚 Mengambil mata kuliah ID 109970 ...
[2026-05-28 18:02:38]   ➤ ATA 2025/2026 | 2EB10 | Bahasa Indonesia | MELANIAWATI
[2026-05-28 18:02:38] 📚 Mengambil mata kuliah ID 107919 ...
[2026-05-28 18:02:38]   ➤ ATA 2025/2026 | 3KB01 | Sistem Cerdas Lanjut | NUR SULTAN SALAHUDDIN
[2026-05-28 18:02:38]      • [Materi] Announcements Forum → Deadline: -
[2026-05-28 18:02:43]      • [Assignment] Sistem Kesehatan Cerdas → Deadline: Thursday, 21 May 2026, 12:00 AM
[2026-05-28 18:02:47]      • [Quiz] Sistem Kesehatan Cerdas → Deadline: Tidak diketahui
[2026-05-28 18:02:51] 📚 Mengambil mata kuliah ID 107291 ...
[2026-05-28 18:02:51]   ➤ ATA 2025/2026 | 3KB01 | Pengantarmukaan Perif.Komputer * | FARID THALIB
[2026-05-28 18:02:51]      • [Materi] Announcements Forum → Deadline: -
[2026-05-28 18:02:55] 📚 Mengambil mata kuliah ID 104438 ...
[2026-05-28 18:02:56]   ➤ ATA 2025/2026 | 3-FIKTI | Terapan Teori Graf | TEAM TEACHING
[2026-05-28 18:02:56]      • [Materi] PEMBERITAHUAN PELAKSANAAN TEAM TEACHING TERAPAN TEORI GRAF Forum → Deadline: -
[2026-05-28 18:03:00]      • [Materi] M1: Pendahuluan Teori Graf File → Deadline: -
[2026-05-28 18:03:04]      • [Materi] Video Literasi M1: Pendahuluan Teori Graf URL → Deadline: -
[2026-05-28 18:03:09]      • [Quiz] Kuis M1 [kelas PAGI] → Deadline: Tidak diketahui
[2026-05-28 18:03:13]      • [Quiz] Kuis M1 [kelas MALAM] → Deadline: Tidak diketahui
[2026-05-28 18:03:17]      • [Materi] M2: Graf Tidak Berarah dan Graf Berbobot File → Deadline: -
[2026-05-28 18:03:22]      • [Materi] Video Literasi M2 : Graf Tidak Berarah dan Graf Berbobot URL → Deadline: -
[2026-05-28 18:03:26]      • [Quiz] Kuis M2 [KELAS PAGI] : Graf Tidak Berarah dan Graf Berbobot → Deadline: Tidak diketahui
[2026-05-28 18:03:30]      • [Quiz] Kuis M2 [KELAS MALAM] : Graf Tidak Berarah dan Graf Berbobot → Deadline: Tidak diketahui
[2026-05-28 18:03:35]      • [Materi] M4 : Aplikasi Teori Graf di Teknik Elektro File → Deadline: -
[2026-05-28 18:03:39]      • [Materi] Video Literasi M4 : Aplikasi Teori Graf di Teknik Elektro URL → Deadline: -
[2026-05-28 18:03:44]      • [Quiz] Kuis M4 [KELAS PAGI]: Aplikasi Teori Graf di Teknik Elektro → Deadline: Tidak diketahui
[2026-05-28 18:03:48]      • [Quiz] Kuis M4 [KELAS MALAM]: Aplikasi Teori Graf di Teknik Elektro → Deadline: Tidak diketahui
[2026-05-28 18:03:52]      • [Materi] M5 : Knowledge Graph dan Database Graph File → Deadline: -
[2026-05-28 18:03:57]      • [Materi] Video Literasi  M5 : Knowledge Graph dan Database Graph URL → Deadline: -
[2026-05-28 18:04:02]      • [Quiz] Kuis M5 [KELAS PAGI] : nowledge Graph dan Database Graph → Deadline: Tidak diketahui
[2026-05-28 18:04:06]      • [Quiz] Kuis M5 [KELAS MALAM] : Knowledge Graph dan Database Graph → Deadline: Tidak diketahui
[2026-05-28 18:04:10]      • [Materi] M6 : Graf Berarah dan Implementasinya File → Deadline: -
[2026-05-28 18:04:15]      • [Materi] Video Literasi M6 : Graf Berarah dan Implementasinya URL → Deadline: -
[2026-05-28 18:04:20]      • [Quiz] Kuis M6 [KELAS PAGI] : Graf Berarah dan Implementasinya → Deadline: Tidak diketahui
[2026-05-28 18:04:24]      • [Quiz] Kuis M6 [KELAS MALAM] : Graf Berarah dan Implementasinya → Deadline: Tidak diketahui
[2026-05-28 18:04:29]      • [Materi] M8 : Penerapan Teori Graf di Bidang Teknik Sipil File → Deadline: -
[2026-05-28 18:04:32]      • [Materi] Video Literasi M8 : Penerapan Teori Graf di Bidang Teknik Sipil URL → Deadline: -
[2026-05-28 18:04:36]      • [Quiz] Kuis M8 [KELAS PAGI] : Penerapan Teori Graf di Bidang Teknik Sipil → Deadline: Tidak diketahui
[2026-05-28 18:04:41]      • [Quiz] Kuis M8 [KELAS MALAM] : Penerapan Teori Graf di Bidang Teknik Sipil → Deadline: Tidak diketahui
[2026-05-28 18:04:45]      • [Materi] M10 : Penerapan Teori Graf  di Bidang Teknik Industri File → Deadline: -
[2026-05-28 18:04:49]      • [Materi] Video Literasi M10 : Penerapan Teori Graf  di Bidang Teknik Industri URL → Deadline: -
[2026-05-28 18:04:54]      • [Quiz] Kuis M10 [kelas pagi] : Penerapan Teori Graf  di Bidang Teknik Industri → Deadline: Tidak diketahui
[2026-05-28 18:04:57]      • [Quiz] Kuis M10 [kelas malam]: Penerapan Teori Graf  di Bidang Teknik Industri → Deadline: Tidak diketahui
[2026-05-28 18:05:02] 📚 Mengambil mata kuliah ID 104413 ...
[2026-05-28 18:05:02]   ➤ ATA 2025/2026 | 3-FIKTI | Praktikum Terapan Teori Graf
[2026-05-28 18:05:02]      • [Materi] Panduan Praktikum  Forum → Deadline: -
[2026-05-28 18:05:06]      • [Materi] Panduan Google Collaboratory URL → Deadline: -
[2026-05-28 18:05:10]      • [Materi] Panduan Instalasi Anaconda URL → Deadline: -
[2026-05-28 18:05:14]      • [Quiz] Pre-Test (M1) → Deadline: Tidak diketahui
[2026-05-28 18:05:19]      • [Materi] 1.1  Pengantar: Teori Graf URL → Deadline: -
[2026-05-28 18:05:23]      • [Materi] 1.2  Sesi Hands-on Praktikum URL → Deadline: -
[2026-05-28 18:05:27]      • [Materi] 1.3 Tutorial Menambahkan File pada Mesin DGX URL → Deadline: -
[2026-05-28 18:05:32]      • [Quiz] Post-Test (M1) → Deadline: Tidak diketahui
[2026-05-28 18:05:37]      • [Assignment] Pengumpulan Tugas (M1) → Deadline: Saturday, 7 March 2026, 11:59 PM
[2026-05-28 18:05:41]      • [Quiz] Pre-Test (M2) → Deadline: Tidak diketahui
[2026-05-28 18:05:45]      • [Materi] 2.1  Pengantar: Berbagai Pemecahan Masalah Menggunakan Teori Graf Page → Deadline: -
[2026-05-28 18:05:49]      • [Quiz] Post-Test (M2) → Deadline: Tidak diketahui
[2026-05-28 18:05:53]      • [Assignment] Pengumpulan Tugas (M2) → Deadline: Saturday, 14 March 2026, 11:59 PM
[2026-05-28 18:05:58]      • [Quiz] Pre-Test (M4) → Deadline: Tidak diketahui
[2026-05-28 18:06:02]      • [Materi] 4.1  Pengantar: Breadth First Search URL → Deadline: -
[2026-05-28 18:06:06]      • [Materi] Sesi Praktikum File → Deadline: -
[2026-05-28 18:06:10]      • [Materi] Video Tutorial: Mendownload File IPYNB di Virtual Class URL → Deadline: -
[2026-05-28 18:06:14]      • [Quiz] Post-Test (M4) → Deadline: Tidak diketahui
[2026-05-28 18:06:18]      • [Assignment] Laporan Akhir (M4) → Deadline: Saturday, 11 April 2026, 11:59 PM
[2026-05-28 18:06:23]      • [Quiz] Pre-Test (M5) → Deadline: Tidak diketahui
[2026-05-28 18:06:27]      • [Materi] Sesi Praktikum URL → Deadline: -
[2026-05-28 18:06:32]      • [Quiz] Post-Test (M5) → Deadline: Tidak diketahui
[2026-05-28 18:06:37]      • [Assignment] Laporan Akhir (M5) → Deadline: Saturday, 18 April 2026, 11:59 PM
[2026-05-28 18:06:41]      • [Quiz] Pre-Test (M6) → Deadline: Tidak diketahui
[2026-05-28 18:06:45]      • [Materi] 6.1  Pendahuluan: Algoritma Dasar Tree URL → Deadline: -
[2026-05-28 18:06:49]      • [Materi] Sesi Praktikum File → Deadline: -
[2026-05-28 18:06:53]      • [Quiz] Post-Test (M6) → Deadline: Tidak diketahui
[2026-05-28 18:06:58]      • [Assignment] Laporan Akhir (M6) → Deadline: Saturday, 25 April 2026, 11:59 PM
[2026-05-28 18:07:03]      • [Quiz] Pre-Test (M8) → Deadline: Tidak diketahui
[2026-05-28 18:07:07]      • [Materi] 8.1  Pendahuluan: Implementasi Graph URL → Deadline: -
[2026-05-28 18:07:11]      • [Materi] Link File Praktikum I - family.pl → Deadline: -
[2026-05-28 18:07:15]      • [Materi] Link File Praktikum II - 8-puzzles.ipynb → Deadline: -
[2026-05-28 18:07:19]      • [Materi] Video Tutorial: Mendownload File IPYNB di Virtual Class URL → Deadline: -
[2026-05-28 18:07:23]      • [Quiz] Post-Test (M8) → Deadline: Tidak diketahui
[2026-05-28 18:07:27]      • [Assignment] Laporan Akhir (M8) → Deadline: Saturday, 9 May 2026, 11:59 PM
[2026-05-28 18:07:31]      • [Quiz] Pre-Test (M9) → Deadline: Tidak diketahui
[2026-05-28 18:07:35]      • [Materi] Sesi Hands-on Praktikum URL → Deadline: -
[2026-05-28 18:07:40]      • [Quiz] Post-Test (M9) → Deadline: Tidak diketahui
[2026-05-28 18:07:45]      • [Assignment] Pengumpulan Tugas (M9) → Deadline: Saturday, 16 May 2026, 11:59 PM
[2026-05-28 18:07:50]      • [Quiz] Pre-Test (M3) → Deadline: Tidak diketahui
[2026-05-28 18:07:55]      • [Materi] Sesi Praktikum URL → Deadline: -
[2026-05-28 18:07:59]      • [Materi] Video Tutorial: Menambahkan File pada Mesin DGX URL → Deadline: -
[2026-05-28 18:08:04]      • [Quiz] Post-Test (M3) → Deadline: Tidak diketahui
[2026-05-28 18:08:08]      • [Assignment] Pengumpulan Tugas (M3) → Deadline: Saturday, 23 May 2026, 11:59 PM
[2026-05-28 18:08:13]      • [Quiz] Pre-Test (M7) → Deadline: Tidak diketahui
[2026-05-28 18:08:16]      • [Materi] Link File Praktikum I - 3-Tekrek-Find-Center.ipynb → Deadline: -
[2026-05-28 18:08:21]      • [Materi] Link File Praktikum II - 3-Tekrek-Sortest-Path.ipynb → Deadline: -
[2026-05-28 18:08:25]      • [Materi] Video Tutorial: Mendownload File IPYNB di Virtual Class URL → Deadline: -
[2026-05-28 18:08:30]      • [Quiz] Post-Test (M7) → Deadline: Tidak diketahui
[2026-05-28 18:08:34]      • [Assignment] Laporan Akhir (M7) → Deadline: Saturday, 23 May 2026, 11:59 PM
[2026-05-28 18:08:38] 📦 Total tugas ditemukan: 107
[2026-05-28 18:08:38] 💾 Disimpan ke python/node/tugas.json
