[2026-06-03 09:45:34] 🔐 Login ke V-Class...
[2026-06-03 09:45:35] ✅ Login berhasil
[2026-06-03 09:45:35] 📚 Mengambil mata kuliah ID 108486 ...
[2026-06-03 09:45:35]   ➤ ATA 2025/2026 | 3KB01 | Jaringan Komputer Lanjut | VIVIEN NOVA FITHRIANA
[2026-06-03 09:45:35]      • [Materi] Announcements Forum → Deadline: -
[2026-06-03 09:45:38]      • [Materi] M1 File → Deadline: -
[2026-06-03 09:45:43]      • [Materi] M2 File → Deadline: -
[2026-06-03 09:45:47]      • [Materi] M3 File → Deadline: -
[2026-06-03 09:45:52]      • [Materi] M4 File → Deadline: -
[2026-06-03 09:45:57]      • [Materi] M5 File → Deadline: -
[2026-06-03 09:46:01]      • [Materi] M6 File → Deadline: -
[2026-06-03 09:46:06]      • [Materi] M7 File → Deadline: -
[2026-06-03 09:46:09]      • [Materi] VC-1 : Traffic dan Algoritma Kendali Kemacetan File → Deadline: -
[2026-06-03 09:46:14]      • [Materi] VC-1 : Traffic dan Algoritma Kendali Kemacetan File → Deadline: -
[2026-06-03 09:46:19]      • [Materi] Forum VC-1 : Traffic dan Algoritma Kendali Kemacetan → Deadline: -
[2026-06-03 09:46:23]      • [Quiz] Latihan Soal VC-1 : Traffic dan Algoritma Kendali Kemacetan → Deadline: Tidak diketahui
[2026-06-03 09:46:28]      • [Materi] VC-2 : Traffic dan Algoritma Kendali Kemacetan - Bagian 2 File → Deadline: -
[2026-06-03 09:46:31]      • [Materi] Forum VC-2 : Traffic dan Algoritma Kendali Kemacetan - Bagian 2 → Deadline: -
[2026-06-03 09:46:35]      • [Quiz] Latihan Soal VC-2 : Traffic dan Algoritma Kendali Kemacetan - Bagian 2 → Deadline: Tidak diketahui
[2026-06-03 09:46:39]      • [Materi] VC-3 : Lapisan Transport File → Deadline: -
[2026-06-03 09:46:44]      • [Materi] Forum VC-3 : Lapisan Transport → Deadline: -
[2026-06-03 09:46:48]      • [Quiz] Latihan Soal VC-3 : Lapisan Transport → Deadline: Wednesday, 15 July 2026, 11:59 PM
[2026-06-03 09:46:51] 📚 Mengambil mata kuliah ID 108172 ...
[2026-06-03 09:46:52]   ➤ ATA 2025/2026 | 3KB01 | Internet of Things (IoT) | PURNAWARMAN MUSA
[2026-06-03 09:46:52]      • [Materi] Announcements Forum → Deadline: -
[2026-06-03 09:46:55]      • [Materi] M6 File → Deadline: -
[2026-06-03 09:47:00]      • [Quiz] Soal (Tugas Individu) → Deadline: Tidak diketahui
[2026-06-03 09:47:04]      • [Quiz] Soal (Tugas Individu) → Deadline: Tidak diketahui
[2026-06-03 09:47:09] 📚 Mengambil mata kuliah ID 109563 ...
[2026-06-03 09:47:09]   ➤ ATA 2025/2026 | 3KB01 | Sistem Tertanam (Embedded) * | RIDHA ISKANDAR
[2026-06-03 09:47:09]      • [Materi] Selamat Datang di V-Class Sistem Tertanam (Embedded) Forum → Deadline: -
[2026-06-03 09:47:14]      • [Assignment] File 1 → Deadline: Sunday, 26 April 2026, 12:00 AM
[2026-06-03 09:47:18] 📚 Mengambil mata kuliah ID 109970 ...
[2026-06-03 09:47:19]   ➤ ATA 2025/2026 | 2EB10 | Bahasa Indonesia | MELANIAWATI
[2026-06-03 09:47:19] 📚 Mengambil mata kuliah ID 107919 ...
[2026-06-03 09:47:19]   ➤ ATA 2025/2026 | 3KB01 | Sistem Cerdas Lanjut | NUR SULTAN SALAHUDDIN
[2026-06-03 09:47:19]      • [Materi] Announcements Forum → Deadline: -
[2026-06-03 09:47:23]      • [Assignment] Sistem Kesehatan Cerdas → Deadline: Thursday, 21 May 2026, 12:00 AM
[2026-06-03 09:47:29]      • [Quiz] Sistem Kesehatan Cerdas → Deadline: Tidak diketahui
[2026-06-03 09:47:33] 📚 Mengambil mata kuliah ID 107291 ...
[2026-06-03 09:47:33]   ➤ ATA 2025/2026 | 3KB01 | Pengantarmukaan Perif.Komputer * | FARID THALIB
[2026-06-03 09:47:33]      • [Materi] Announcements Forum → Deadline: -
[2026-06-03 09:47:37] 📚 Mengambil mata kuliah ID 104438 ...
[2026-06-03 09:47:37]   ➤ ATA 2025/2026 | 3-FIKTI | Terapan Teori Graf | TEAM TEACHING
[2026-06-03 09:47:37]      • [Materi] PEMBERITAHUAN PELAKSANAAN TEAM TEACHING TERAPAN TEORI GRAF Forum → Deadline: -
[2026-06-03 09:47:42]      • [Materi] M1: Pendahuluan Teori Graf File → Deadline: -
[2026-06-03 09:47:45]      • [Materi] Video Literasi M1: Pendahuluan Teori Graf URL → Deadline: -
[2026-06-03 09:47:50]      • [Quiz] Kuis M1 [kelas PAGI] → Deadline: Tidak diketahui
[2026-06-03 09:47:55]      • [Quiz] Kuis M1 [kelas MALAM] → Deadline: Tidak diketahui
[2026-06-03 09:47:59]      • [Materi] M2: Graf Tidak Berarah dan Graf Berbobot File → Deadline: -
[2026-06-03 09:48:03]      • [Materi] Video Literasi M2 : Graf Tidak Berarah dan Graf Berbobot URL → Deadline: -
[2026-06-03 09:48:09]      • [Quiz] Kuis M2 [KELAS PAGI] : Graf Tidak Berarah dan Graf Berbobot → Deadline: Tidak diketahui
[2026-06-03 09:48:14]      • [Quiz] Kuis M2 [KELAS MALAM] : Graf Tidak Berarah dan Graf Berbobot → Deadline: Tidak diketahui
[2026-06-03 09:48:18]      • [Materi] M4 : Aplikasi Teori Graf di Teknik Elektro File → Deadline: -
[2026-06-03 09:48:22]      • [Materi] Video Literasi M4 : Aplikasi Teori Graf di Teknik Elektro URL → Deadline: -
[2026-06-03 09:48:26]      • [Quiz] Kuis M4 [KELAS PAGI]: Aplikasi Teori Graf di Teknik Elektro → Deadline: Tidak diketahui
[2026-06-03 09:48:30]      • [Quiz] Kuis M4 [KELAS MALAM]: Aplikasi Teori Graf di Teknik Elektro → Deadline: Tidak diketahui
[2026-06-03 09:48:33]      • [Materi] M5 : Knowledge Graph dan Database Graph File → Deadline: -
[2026-06-03 09:48:37]      • [Materi] Video Literasi  M5 : Knowledge Graph dan Database Graph URL → Deadline: -
[2026-06-03 09:48:41]      • [Quiz] Kuis M5 [KELAS PAGI] : nowledge Graph dan Database Graph → Deadline: Tidak diketahui
[2026-06-03 09:48:45]      • [Quiz] Kuis M5 [KELAS MALAM] : Knowledge Graph dan Database Graph → Deadline: Tidak diketahui
[2026-06-03 09:48:49]      • [Materi] M6 : Graf Berarah dan Implementasinya File → Deadline: -
[2026-06-03 09:48:53]      • [Materi] Video Literasi M6 : Graf Berarah dan Implementasinya URL → Deadline: -
[2026-06-03 09:48:58]      • [Quiz] Kuis M6 [KELAS PAGI] : Graf Berarah dan Implementasinya → Deadline: Tidak diketahui
[2026-06-03 09:49:03]      • [Quiz] Kuis M6 [KELAS MALAM] : Graf Berarah dan Implementasinya → Deadline: Tidak diketahui
[2026-06-03 09:49:08]      • [Materi] M8 : Penerapan Teori Graf di Bidang Teknik Sipil File → Deadline: -
[2026-06-03 09:49:12]      • [Materi] Video Literasi M8 : Penerapan Teori Graf di Bidang Teknik Sipil URL → Deadline: -
[2026-06-03 09:49:22]      • [Quiz] Kuis M8 [KELAS PAGI] : Penerapan Teori Graf di Bidang Teknik Sipil → Deadline: Tidak diketahui
[2026-06-03 09:49:26]      • [Quiz] Kuis M8 [KELAS MALAM] : Penerapan Teori Graf di Bidang Teknik Sipil → Deadline: Tidak diketahui
[2026-06-03 09:49:30]      • [Materi] M10 : Penerapan Teori Graf  di Bidang Teknik Industri File → Deadline: -
[2026-06-03 09:49:34]      • [Materi] Video Literasi M10 : Penerapan Teori Graf  di Bidang Teknik Industri URL → Deadline: -
[2026-06-03 09:49:40]      • [Quiz] Kuis M10 [kelas pagi] : Penerapan Teori Graf  di Bidang Teknik Industri → Deadline: Tidak diketahui
[2026-06-03 09:49:45]      • [Quiz] Kuis M10 [kelas malam]: Penerapan Teori Graf  di Bidang Teknik Industri → Deadline: Tidak diketahui
[2026-06-03 09:49:49] 📚 Mengambil mata kuliah ID 104413 ...
[2026-06-03 09:49:49]   ➤ ATA 2025/2026 | 3-FIKTI | Praktikum Terapan Teori Graf
[2026-06-03 09:49:49]      • [Materi] Panduan Praktikum  Forum → Deadline: -
[2026-06-03 09:49:54]      • [Materi] Panduan Google Collaboratory URL → Deadline: -
[2026-06-03 09:49:58]      • [Materi] Panduan Instalasi Anaconda URL → Deadline: -
[2026-06-03 09:50:03]      • [Quiz] Pre-Test (M1) → Deadline: Tidak diketahui
[2026-06-03 09:50:08]      • [Materi] 1.1  Pengantar: Teori Graf URL → Deadline: -
[2026-06-03 09:50:12]      • [Materi] 1.2  Sesi Hands-on Praktikum URL → Deadline: -
[2026-06-03 09:50:17]      • [Materi] 1.3 Tutorial Menambahkan File pada Mesin DGX URL → Deadline: -
[2026-06-03 09:50:21]      • [Quiz] Post-Test (M1) → Deadline: Tidak diketahui
[2026-06-03 09:50:26]      • [Assignment] Pengumpulan Tugas (M1) → Deadline: Saturday, 7 March 2026, 11:59 PM
[2026-06-03 09:50:30]      • [Quiz] Pre-Test (M2) → Deadline: Tidak diketahui
[2026-06-03 09:50:35]      • [Materi] 2.1  Pengantar: Berbagai Pemecahan Masalah Menggunakan Teori Graf Page → Deadline: -
[2026-06-03 09:50:40]      • [Quiz] Post-Test (M2) → Deadline: Tidak diketahui
[2026-06-03 09:50:44]      • [Assignment] Pengumpulan Tugas (M2) → Deadline: Saturday, 14 March 2026, 11:59 PM
[2026-06-03 09:50:49]      • [Quiz] Pre-Test (M4) → Deadline: Tidak diketahui
[2026-06-03 09:50:53]      • [Materi] 4.1  Pengantar: Breadth First Search URL → Deadline: -
[2026-06-03 09:50:58]      • [Materi] Sesi Praktikum File → Deadline: -
[2026-06-03 09:51:02]      • [Materi] Video Tutorial: Mendownload File IPYNB di Virtual Class URL → Deadline: -
[2026-06-03 09:51:06]      • [Quiz] Post-Test (M4) → Deadline: Tidak diketahui
[2026-06-03 09:51:10]      • [Assignment] Laporan Akhir (M4) → Deadline: Saturday, 11 April 2026, 11:59 PM
[2026-06-03 09:51:14]      • [Quiz] Pre-Test (M5) → Deadline: Tidak diketahui
[2026-06-03 09:51:19]      • [Materi] Sesi Praktikum URL → Deadline: -
[2026-06-03 09:51:24]      • [Quiz] Post-Test (M5) → Deadline: Tidak diketahui
[2026-06-03 09:51:28]      • [Assignment] Laporan Akhir (M5) → Deadline: Saturday, 18 April 2026, 11:59 PM
[2026-06-03 09:51:32]      • [Quiz] Pre-Test (M6) → Deadline: Tidak diketahui
[2026-06-03 09:51:37]      • [Materi] 6.1  Pendahuluan: Algoritma Dasar Tree URL → Deadline: -
[2026-06-03 09:51:42]      • [Materi] Sesi Praktikum File → Deadline: -
[2026-06-03 09:51:46]      • [Quiz] Post-Test (M6) → Deadline: Tidak diketahui
[2026-06-03 09:51:51]      • [Assignment] Laporan Akhir (M6) → Deadline: Saturday, 25 April 2026, 11:59 PM
[2026-06-03 09:51:55]      • [Quiz] Pre-Test (M8) → Deadline: Tidak diketahui
[2026-06-03 09:52:00]      • [Materi] 8.1  Pendahuluan: Implementasi Graph URL → Deadline: -
[2026-06-03 09:52:04]      • [Materi] Link File Praktikum I - family.pl → Deadline: -
[2026-06-03 09:52:08]      • [Materi] Link File Praktikum II - 8-puzzles.ipynb → Deadline: -
[2026-06-03 09:52:12]      • [Materi] Video Tutorial: Mendownload File IPYNB di Virtual Class URL → Deadline: -
[2026-06-03 09:52:16]      • [Quiz] Post-Test (M8) → Deadline: Tidak diketahui
[2026-06-03 09:52:21]      • [Assignment] Laporan Akhir (M8) → Deadline: Saturday, 9 May 2026, 11:59 PM
[2026-06-03 09:52:25]      • [Quiz] Pre-Test (M9) → Deadline: Tidak diketahui
[2026-06-03 09:52:29]      • [Materi] Sesi Hands-on Praktikum URL → Deadline: -
[2026-06-03 09:52:33]      • [Quiz] Post-Test (M9) → Deadline: Tidak diketahui
[2026-06-03 09:52:37]      • [Assignment] Pengumpulan Tugas (M9) → Deadline: Saturday, 16 May 2026, 11:59 PM
[2026-06-03 09:52:41]      • [Quiz] Pre-Test (M3) → Deadline: Tidak diketahui
[2026-06-03 09:52:45]      • [Materi] Sesi Praktikum URL → Deadline: -
[2026-06-03 09:52:50]      • [Materi] Video Tutorial: Menambahkan File pada Mesin DGX URL → Deadline: -
[2026-06-03 09:52:54]      • [Quiz] Post-Test (M3) → Deadline: Tidak diketahui
[2026-06-03 09:52:58]      • [Assignment] Pengumpulan Tugas (M3) → Deadline: Saturday, 23 May 2026, 11:59 PM
[2026-06-03 09:53:03]      • [Quiz] Pre-Test (M7) → Deadline: Tidak diketahui
[2026-06-03 09:53:07]      • [Materi] Link File Praktikum I - 3-Tekrek-Find-Center.ipynb → Deadline: -
[2026-06-03 09:53:12]      • [Materi] Link File Praktikum II - 3-Tekrek-Sortest-Path.ipynb → Deadline: -
[2026-06-03 09:53:17]      • [Materi] Video Tutorial: Mendownload File IPYNB di Virtual Class URL → Deadline: -
[2026-06-03 09:53:22]      • [Quiz] Post-Test (M7) → Deadline: Tidak diketahui
[2026-06-03 09:53:27]      • [Assignment] Laporan Akhir (M7) → Deadline: Saturday, 23 May 2026, 11:59 PM
[2026-06-03 09:53:31] 📦 Total tugas ditemukan: 107
[2026-06-03 09:53:31] 💾 Disimpan ke python/node/tugas.json
[2026-06-03 18:00:31] 🔐 Login ke V-Class...
[2026-06-03 18:00:32] ✅ Login berhasil
[2026-06-03 18:00:32] 📚 Mengambil mata kuliah ID 108486 ...
[2026-06-03 18:00:32]   ➤ ATA 2025/2026 | 3KB01 | Jaringan Komputer Lanjut | VIVIEN NOVA FITHRIANA
[2026-06-03 18:00:32]      • [Materi] Announcements Forum → Deadline: -
[2026-06-03 18:00:35]      • [Materi] M1 File → Deadline: -
[2026-06-03 18:00:39]      • [Materi] M2 File → Deadline: -
[2026-06-03 18:00:43]      • [Materi] M3 File → Deadline: -
[2026-06-03 18:00:48]      • [Materi] M4 File → Deadline: -
[2026-06-03 18:00:52]      • [Materi] M5 File → Deadline: -
[2026-06-03 18:00:56]      • [Materi] M6 File → Deadline: -
[2026-06-03 18:01:01]      • [Materi] M7 File → Deadline: -
[2026-06-03 18:01:05]      • [Materi] VC-1 : Traffic dan Algoritma Kendali Kemacetan File → Deadline: -
[2026-06-03 18:01:09]      • [Materi] VC-1 : Traffic dan Algoritma Kendali Kemacetan File → Deadline: -
[2026-06-03 18:01:13]      • [Materi] Forum VC-1 : Traffic dan Algoritma Kendali Kemacetan → Deadline: -
[2026-06-03 18:01:17]      • [Quiz] Latihan Soal VC-1 : Traffic dan Algoritma Kendali Kemacetan → Deadline: Tidak diketahui
[2026-06-03 18:01:22]      • [Materi] VC-2 : Traffic dan Algoritma Kendali Kemacetan - Bagian 2 File → Deadline: -
[2026-06-03 18:01:27]      • [Materi] Forum VC-2 : Traffic dan Algoritma Kendali Kemacetan - Bagian 2 → Deadline: -
[2026-06-03 18:01:32]      • [Quiz] Latihan Soal VC-2 : Traffic dan Algoritma Kendali Kemacetan - Bagian 2 → Deadline: Tidak diketahui
[2026-06-03 18:01:36]      • [Materi] VC-3 : Lapisan Transport File → Deadline: -
[2026-06-03 18:01:40]      • [Materi] Forum VC-3 : Lapisan Transport → Deadline: -
[2026-06-03 18:01:45]      • [Quiz] Latihan Soal VC-3 : Lapisan Transport → Deadline: Wednesday, 15 July 2026, 11:59 PM
[2026-06-03 18:01:49] 📚 Mengambil mata kuliah ID 108172 ...
[2026-06-03 18:01:49]   ➤ ATA 2025/2026 | 3KB01 | Internet of Things (IoT) | PURNAWARMAN MUSA
[2026-06-03 18:01:49]      • [Materi] Announcements Forum → Deadline: -
[2026-06-03 18:01:54]      • [Materi] M6 File → Deadline: -
[2026-06-03 18:01:59]      • [Quiz] Soal (Tugas Individu) → Deadline: Tidak diketahui
[2026-06-03 18:02:04]      • [Quiz] Soal (Tugas Individu) → Deadline: Tidak diketahui
[2026-06-03 18:02:09] 📚 Mengambil mata kuliah ID 109563 ...
[2026-06-03 18:02:09]   ➤ ATA 2025/2026 | 3KB01 | Sistem Tertanam (Embedded) * | RIDHA ISKANDAR
[2026-06-03 18:02:09]      • [Materi] Selamat Datang di V-Class Sistem Tertanam (Embedded) Forum → Deadline: -
[2026-06-03 18:02:14]      • [Assignment] File 1 → Deadline: Sunday, 26 April 2026, 12:00 AM
[2026-06-03 18:02:19] 📚 Mengambil mata kuliah ID 109970 ...
[2026-06-03 18:02:19]   ➤ ATA 2025/2026 | 2EB10 | Bahasa Indonesia | MELANIAWATI
[2026-06-03 18:02:19] 📚 Mengambil mata kuliah ID 107919 ...
[2026-06-03 18:02:19]   ➤ ATA 2025/2026 | 3KB01 | Sistem Cerdas Lanjut | NUR SULTAN SALAHUDDIN
[2026-06-03 18:02:19]      • [Materi] Announcements Forum → Deadline: -
[2026-06-03 18:02:23]      • [Assignment] Sistem Kesehatan Cerdas → Deadline: Thursday, 21 May 2026, 12:00 AM
[2026-06-03 18:02:27]      • [Quiz] Sistem Kesehatan Cerdas → Deadline: Tidak diketahui
[2026-06-03 18:02:31] 📚 Mengambil mata kuliah ID 107291 ...
[2026-06-03 18:02:31]   ➤ ATA 2025/2026 | 3KB01 | Pengantarmukaan Perif.Komputer * | FARID THALIB
[2026-06-03 18:02:31]      • [Materi] Announcements Forum → Deadline: -
[2026-06-03 18:02:36] 📚 Mengambil mata kuliah ID 104438 ...
[2026-06-03 18:02:36]   ➤ ATA 2025/2026 | 3-FIKTI | Terapan Teori Graf | TEAM TEACHING
[2026-06-03 18:02:36]      • [Materi] PEMBERITAHUAN PELAKSANAAN TEAM TEACHING TERAPAN TEORI GRAF Forum → Deadline: -
[2026-06-03 18:02:40]      • [Materi] M1: Pendahuluan Teori Graf File → Deadline: -
[2026-06-03 18:02:45]      • [Materi] Video Literasi M1: Pendahuluan Teori Graf URL → Deadline: -
[2026-06-03 18:02:49]      • [Quiz] Kuis M1 [kelas PAGI] → Deadline: Tidak diketahui
[2026-06-03 18:02:54]      • [Quiz] Kuis M1 [kelas MALAM] → Deadline: Tidak diketahui
[2026-06-03 18:02:59]      • [Materi] M2: Graf Tidak Berarah dan Graf Berbobot File → Deadline: -
[2026-06-03 18:03:02]      • [Materi] Video Literasi M2 : Graf Tidak Berarah dan Graf Berbobot URL → Deadline: -
[2026-06-03 18:03:06]      • [Quiz] Kuis M2 [KELAS PAGI] : Graf Tidak Berarah dan Graf Berbobot → Deadline: Tidak diketahui
[2026-06-03 18:03:10]      • [Quiz] Kuis M2 [KELAS MALAM] : Graf Tidak Berarah dan Graf Berbobot → Deadline: Tidak diketahui
[2026-06-03 18:03:14]      • [Materi] M4 : Aplikasi Teori Graf di Teknik Elektro File → Deadline: -
[2026-06-03 18:03:19]      • [Materi] Video Literasi M4 : Aplikasi Teori Graf di Teknik Elektro URL → Deadline: -
[2026-06-03 18:03:24]      • [Quiz] Kuis M4 [KELAS PAGI]: Aplikasi Teori Graf di Teknik Elektro → Deadline: Tidak diketahui
[2026-06-03 18:03:29]      • [Quiz] Kuis M4 [KELAS MALAM]: Aplikasi Teori Graf di Teknik Elektro → Deadline: Tidak diketahui
[2026-06-03 18:03:34]      • [Materi] M5 : Knowledge Graph dan Database Graph File → Deadline: -
[2026-06-03 18:03:38]      • [Materi] Video Literasi  M5 : Knowledge Graph dan Database Graph URL → Deadline: -
[2026-06-03 18:03:43]      • [Quiz] Kuis M5 [KELAS PAGI] : nowledge Graph dan Database Graph → Deadline: Tidak diketahui
[2026-06-03 18:03:47]      • [Quiz] Kuis M5 [KELAS MALAM] : Knowledge Graph dan Database Graph → Deadline: Tidak diketahui
[2026-06-03 18:03:51]      • [Materi] M6 : Graf Berarah dan Implementasinya File → Deadline: -
[2026-06-03 18:03:55]      • [Materi] Video Literasi M6 : Graf Berarah dan Implementasinya URL → Deadline: -
[2026-06-03 18:04:00]      • [Quiz] Kuis M6 [KELAS PAGI] : Graf Berarah dan Implementasinya → Deadline: Tidak diketahui
[2026-06-03 18:04:04]      • [Quiz] Kuis M6 [KELAS MALAM] : Graf Berarah dan Implementasinya → Deadline: Tidak diketahui
[2026-06-03 18:04:08]      • [Materi] M8 : Penerapan Teori Graf di Bidang Teknik Sipil File → Deadline: -
[2026-06-03 18:04:12]      • [Materi] Video Literasi M8 : Penerapan Teori Graf di Bidang Teknik Sipil URL → Deadline: -
[2026-06-03 18:04:16]      • [Quiz] Kuis M8 [KELAS PAGI] : Penerapan Teori Graf di Bidang Teknik Sipil → Deadline: Tidak diketahui
[2026-06-03 18:04:20]      • [Quiz] Kuis M8 [KELAS MALAM] : Penerapan Teori Graf di Bidang Teknik Sipil → Deadline: Tidak diketahui
[2026-06-03 18:04:24]      • [Materi] M10 : Penerapan Teori Graf  di Bidang Teknik Industri File → Deadline: -
[2026-06-03 18:04:27]      • [Materi] Video Literasi M10 : Penerapan Teori Graf  di Bidang Teknik Industri URL → Deadline: -
[2026-06-03 18:04:31]      • [Quiz] Kuis M10 [kelas pagi] : Penerapan Teori Graf  di Bidang Teknik Industri → Deadline: Tidak diketahui
[2026-06-03 18:04:35]      • [Quiz] Kuis M10 [kelas malam]: Penerapan Teori Graf  di Bidang Teknik Industri → Deadline: Tidak diketahui
[2026-06-03 18:04:39] 📚 Mengambil mata kuliah ID 104413 ...
[2026-06-03 18:04:39]   ➤ ATA 2025/2026 | 3-FIKTI | Praktikum Terapan Teori Graf
[2026-06-03 18:04:39]      • [Materi] Panduan Praktikum  Forum → Deadline: -
[2026-06-03 18:04:43]      • [Materi] Panduan Google Collaboratory URL → Deadline: -
[2026-06-03 18:04:48]      • [Materi] Panduan Instalasi Anaconda URL → Deadline: -
[2026-06-03 18:04:52]      • [Quiz] Pre-Test (M1) → Deadline: Tidak diketahui
[2026-06-03 18:04:56]      • [Materi] 1.1  Pengantar: Teori Graf URL → Deadline: -
[2026-06-03 18:05:00]      • [Materi] 1.2  Sesi Hands-on Praktikum URL → Deadline: -
[2026-06-03 18:05:04]      • [Materi] 1.3 Tutorial Menambahkan File pada Mesin DGX URL → Deadline: -
[2026-06-03 18:05:08]      • [Quiz] Post-Test (M1) → Deadline: Tidak diketahui
[2026-06-03 18:05:13]      • [Assignment] Pengumpulan Tugas (M1) → Deadline: Saturday, 7 March 2026, 11:59 PM
[2026-06-03 18:05:17]      • [Quiz] Pre-Test (M2) → Deadline: Tidak diketahui
[2026-06-03 18:05:20]      • [Materi] 2.1  Pengantar: Berbagai Pemecahan Masalah Menggunakan Teori Graf Page → Deadline: -
[2026-06-03 18:05:24]      • [Quiz] Post-Test (M2) → Deadline: Tidak diketahui
[2026-06-03 18:05:29]      • [Assignment] Pengumpulan Tugas (M2) → Deadline: Saturday, 14 March 2026, 11:59 PM
[2026-06-03 18:05:33]      • [Quiz] Pre-Test (M4) → Deadline: Tidak diketahui
[2026-06-03 18:05:37]      • [Materi] 4.1  Pengantar: Breadth First Search URL → Deadline: -
[2026-06-03 18:05:41]      • [Materi] Sesi Praktikum File → Deadline: -
[2026-06-03 18:05:45]      • [Materi] Video Tutorial: Mendownload File IPYNB di Virtual Class URL → Deadline: -
[2026-06-03 18:05:49]      • [Quiz] Post-Test (M4) → Deadline: Tidak diketahui
[2026-06-03 18:05:53]      • [Assignment] Laporan Akhir (M4) → Deadline: Saturday, 11 April 2026, 11:59 PM
[2026-06-03 18:05:58]      • [Quiz] Pre-Test (M5) → Deadline: Tidak diketahui
[2026-06-03 18:06:03]      • [Materi] Sesi Praktikum URL → Deadline: -
[2026-06-03 18:06:07]      • [Quiz] Post-Test (M5) → Deadline: Tidak diketahui
[2026-06-03 18:06:11]      • [Assignment] Laporan Akhir (M5) → Deadline: Saturday, 18 April 2026, 11:59 PM
[2026-06-03 18:06:15]      • [Quiz] Pre-Test (M6) → Deadline: Tidak diketahui
[2026-06-03 18:06:19]      • [Materi] 6.1  Pendahuluan: Algoritma Dasar Tree URL → Deadline: -
[2026-06-03 18:06:24]      • [Materi] Sesi Praktikum File → Deadline: -
[2026-06-03 18:06:27]      • [Quiz] Post-Test (M6) → Deadline: Tidak diketahui
[2026-06-03 18:06:32]      • [Assignment] Laporan Akhir (M6) → Deadline: Saturday, 25 April 2026, 11:59 PM
[2026-06-03 18:06:36]      • [Quiz] Pre-Test (M8) → Deadline: Tidak diketahui
[2026-06-03 18:06:40]      • [Materi] 8.1  Pendahuluan: Implementasi Graph URL → Deadline: -
[2026-06-03 18:06:44]      • [Materi] Link File Praktikum I - family.pl → Deadline: -
[2026-06-03 18:06:48]      • [Materi] Link File Praktikum II - 8-puzzles.ipynb → Deadline: -
[2026-06-03 18:06:53]      • [Materi] Video Tutorial: Mendownload File IPYNB di Virtual Class URL → Deadline: -
[2026-06-03 18:06:57]      • [Quiz] Post-Test (M8) → Deadline: Tidak diketahui
[2026-06-03 18:07:02]      • [Assignment] Laporan Akhir (M8) → Deadline: Saturday, 9 May 2026, 11:59 PM
[2026-06-03 18:07:07]      • [Quiz] Pre-Test (M9) → Deadline: Tidak diketahui
[2026-06-03 18:07:11]      • [Materi] Sesi Hands-on Praktikum URL → Deadline: -
[2026-06-03 18:07:16]      • [Quiz] Post-Test (M9) → Deadline: Tidak diketahui
[2026-06-03 18:07:21]      • [Assignment] Pengumpulan Tugas (M9) → Deadline: Saturday, 16 May 2026, 11:59 PM
[2026-06-03 18:07:25]      • [Quiz] Pre-Test (M3) → Deadline: Tidak diketahui
[2026-06-03 18:07:30]      • [Materi] Sesi Praktikum URL → Deadline: -
[2026-06-03 18:07:35]      • [Materi] Video Tutorial: Menambahkan File pada Mesin DGX URL → Deadline: -
[2026-06-03 18:07:39]      • [Quiz] Post-Test (M3) → Deadline: Tidak diketahui
[2026-06-03 18:07:44]      • [Assignment] Pengumpulan Tugas (M3) → Deadline: Saturday, 23 May 2026, 11:59 PM
[2026-06-03 18:07:49]      • [Quiz] Pre-Test (M7) → Deadline: Tidak diketahui
[2026-06-03 18:07:53]      • [Materi] Link File Praktikum I - 3-Tekrek-Find-Center.ipynb → Deadline: -
[2026-06-03 18:07:57]      • [Materi] Link File Praktikum II - 3-Tekrek-Sortest-Path.ipynb → Deadline: -
[2026-06-03 18:08:02]      • [Materi] Video Tutorial: Mendownload File IPYNB di Virtual Class URL → Deadline: -
[2026-06-03 18:08:06]      • [Quiz] Post-Test (M7) → Deadline: Tidak diketahui
[2026-06-03 18:08:10]      • [Assignment] Laporan Akhir (M7) → Deadline: Saturday, 23 May 2026, 11:59 PM
[2026-06-03 18:08:14] 📦 Total tugas ditemukan: 107
[2026-06-03 18:08:14] 💾 Disimpan ke python/node/tugas.json
